[    0.000000] BIOS-e820: [mem 0x00000000bfc10000-0x00000000d47fffff] reserved
[    0.000000] BIOS-e820: [mem 0x00000000fe010000-0x00000000fe010fff] reserved
[    0.000000] BIOS-e820: [mem 0x00000000ff000000-0x00000000ffffffff] reserved
[    0.000000] BIOS-e820: [mem 0x0000000100000000-0x00000004277fffff] usable
[    0.000000] NX (Execute Disable) protection: active
[    0.000000] efi: EFI v2.60 by HP
[    0.000000] efi:  ACPI=0xbfc0e000  ACPI 2.0=0xbfc0e014  SMBIOS=0xbee75000  ESRT=0xbee76018  MEMATTR=0xaf735018 
[    0.000000] random: fast init done
[    0.000000] SMBIOS 3.1 present.
[    0.000000] DMI: HP HP ProDesk 680 G4 MT/8580, BIOS R04 Ver. 02.11.01 04/27/2020
[    0.000000] e820: update [mem 0x00000000-0x00000fff] usable ==> reserved
[    0.000000] e820: remove [mem 0x000a0000-0x000fffff] usable
[    0.000000] e820: last_pfn = 0x427800 max_arch_pfn = 0x400000000
[    0.000000] MTRR default type: write-back
[    0.000000] MTRR fixed ranges enabled:
[    0.000000]   00000-9FFFF write-back
[    0.000000]   A0000-BFFFF uncachable
[    0.000000]   C0000-FFFFF write-protect
[    0.000000] MTRR variable ranges enabled:
[    0.000000]   0 base 00E0000000 mask 7FE0000000 uncachable
[    0.000000]   1 base 00D0000000 mask 7FF0000000 uncachable
[    0.000000]   2 base 00C8000000 mask 7FF8000000 uncachable
[    0.000000]   3 base 00C4000000 mask 7FFC000000 uncachable
[    0.000000]   4 base 2000000000 mask 6000000000 uncachable
[    0.000000]   5 base 1000000000 mask 7000000000 uncachable
[    0.000000]   6 base 0800000000 mask 7800000000 uncachable
[    0.000000]   7 base 4000000000 mask 4000000000 uncachable
[    0.000000]   8 disabled
[    0.000000]   9 disabled
[    0.000000] x86/PAT: Configuration [0-7]: WB  WC  UC- UC  WB  WP  UC- WT  
[    0.000000] e820: last_pfn = 0xbfc10 max_arch_pfn = 0x400000000
[    0.000000] esrt: Reserving ESRT space from 0x00000000bee76018 to 0x00000000bee76050.
[    0.000000] Scanning 1 areas for low memory corruption
[    0.000000] Base memory trampoline at [        (ptrval)] 99000 size 24576
[    0.000000] Using GB pages for direct mapping
[    0.000000] BRK [0x252b3a000, 0x252b3afff] PGTABLE
[    0.000000] BRK [0x252b3b000, 0x252b3bfff] PGTABLE
[    0.000000] BRK [0x252b3c000, 0x252b3cfff] PGTABLE
[    0.000000] BRK [0x252b3d000, 0x252b3dfff] PGTABLE
[    0.000000] BRK [0x252b3e000, 0x252b3efff] PGTABLE
[    0.000000] BRK [0x252b3f000, 0x252b3ffff] PGTABLE
[    0.000000] BRK [0x252b40000, 0x252b40fff] PGTABLE
[    0.000000] BRK [0x252b41000, 0x252b41fff] PGTABLE
[    0.000000] Secure boot could not be determined
[    0.000000] RAMDISK: [mem 0x23329000-0x3e1b0fff]
[    0.000000] ACPI: Early table checksum verification disabled
[    0.000000] ACPI: RSDP 0x00000000BFC0E014 000024 (v02 HPQOEM)
[    0.000000] ACPI: XSDT 0x00000000BFBC7188 0000DC (v01 HPQOEM SLIC-BPC 00000000 INTL 20160422)
[    0.000000] ACPI: FACP 0x00000000BFC08000 000114 (v06 HPQOEM SLIC-BPC 00000000 HP   00000001)
[    0.000000] ACPI: DSDT 0x00000000BFBE5000 01E092 (v02 HPQOEM 8580     00000000 INTL 20160527)
[    0.000000] ACPI: FACS 0x00000000BFB3F000 000040
[    0.000000] ACPI: SSDT 0x00000000BFC0C000 00012A (v02 HP     ShmTable 00000001 INTL 20160527)
[    0.000000] ACPI: SSDT 0x00000000BFC0A000 001B5F (v02 CpuRef CpuSsdt  00003000 INTL 20160527)
[    0.000000] ACPI: SSDT 0x00000000BFC09000 0009CF (v02 CtdpB  CtdpB    00001000 INTL 20160527)
[    0.000000] ACPI: HPET 0x00000000BFC07000 000038 (v01 HPQOEM 8580     00000001 HP   00000001)
[    0.000000] ACPI: APIC 0x00000000BFC06000 00012C (v03 HPQOEM 8580     00000001 HP   00000001)
[    0.000000] ACPI: MCFG 0x00000000BFC05000 00003C (v01 HPQOEM 8580     00000001 HP   00000001)
[    0.000000] ACPI: WSMT 0x00000000BFC04000 000028 (v01 HPQOEM 8580     00000001 HP   00000001)
[    0.000000] ACPI: SSDT 0x00000000BFBE4000 000734 (v01 HPQOEM PtidDevc 00001000 INTL 20160527)
[    0.000000] ACPI: SSDT 0x00000000BFBE3000 000B27 (v02 HPQOEM HP_XHC_P 00000000 INTL 20160527)
[    0.000000] ACPI: SSDT 0x00000000BFBDF000 0030ED (v02 SaSsdt SaSsdt   00003000 INTL 20160527)
[    0.000000] ACPI: LPIT 0x00000000BFBDE000 000094 (v01 INTEL  CFL      20170001 INTL 20160422)
[    0.000000] ACPI: WSMT 0x00000000BFBDD000 000028 (v01 INTEL  CFL      20170001 INTL 20160422)
[    0.000000] ACPI: SSDT 0x00000000BFBDC000 00044C (v02 INTEL  Wwan     00000001 INTL 20160527)
[    0.000000] ACPI: UEFI 0x00000000BFB39000 000042 (v01 INTEL  CFL      20170001 INTL 20160422)
[    0.000000] ACPI: OEML 0x00000000BFBDB000 000028 (v03 INTEL  CFL      20170001 INTL 20160422)
[    0.000000] ACPI: DMAR 0x00000000BFBDA000 0000C8 (v01 INTEL  CFL      00000002      01000013)
[    0.000000] ACPI: SSDT 0x00000000BFBCB000 00E899 (v01 HP     HPINDTWL 00001000 INTL 20160527)
[    0.000000] ACPI: SSDT 0x00000000BFBCA000 000032 (v01 HP     HPCONDEV 00001000 INTL 20160527)
[    0.000000] ACPI: SSDT 0x00000000BFBC9000 000069 (v01 HP     HPCAHWID 00001000 INTL 20160527)
[    0.000000] ACPI: ASF! 0x00000000BFBC8000 0000A0 (v32 HPQOEM  UYA     20170001 INTL 20160422)
[    0.000000] ACPI: FPDT 0x00000000BFC0D000 000044 (v01 INTEL  CFL      20170001 INTL 20160422)
[    0.000000] ACPI: BGRT 0x00000000BFBC6000 000038 (v01 INTEL  CFL      20170001 INTL 20160422)
[    0.000000] ACPI: Local APIC address 0xfee00000
[    0.000000] No NUMA configuration found
[    0.000000] Faking a node at [mem 0x0000000000000000-0x00000004277fffff]
[    0.000000] NODE_DATA(0) allocated [mem 0x4277d5000-0x4277fffff]
[    0.000000] Zone ranges:
[    0.000000]   DMA      [mem 0x0000000000001000-0x0000000000ffffff]
[    0.000000]   DMA32    [mem 0x0000000001000000-0x00000000ffffffff]
[    0.000000]   Normal   [mem 0x0000000100000000-0x00000004277fffff]
[    0.000000]   Device   empty
[    0.000000] Movable zone start for each node
[    0.000000] Early memory node ranges
[    0.000000]   node   0: [mem 0x0000000000001000-0x000000000009efff]
[    0.000000]   node   0: [mem 0x0000000000100000-0x00000000be6aafff]
[    0.000000]   node   0: [mem 0x00000000bfc0f000-0x00000000bfc0ffff]
[    0.000000]   node   0: [mem 0x0000000100000000-0x00000004277fffff]
[    0.000000] Initmem setup node 0 [mem 0x0000000000001000-0x00000004277fffff]
[    0.000000] On node 0 totalpages: 4087370
[    0.000000]   DMA zone: 64 pages used for memmap
[    0.000000]   DMA zone: 21 pages reserved
[    0.000000]   DMA zone: 3998 pages, LIFO batch:0
[    0.000000]   DMA32 zone: 12123 pages used for memmap
[    0.000000]   DMA32 zone: 775852 pages, LIFO batch:31
[    0.000000]   Normal zone: 51680 pages used for memmap
[    0.000000]   Normal zone: 3307520 pages, LIFO batch:31
[    0.000000] Reserved but unavailable: 99 pages
[    0.000000] tboot: non-0 tboot_addr but it is not of type E820_TYPE_RESERVED
[    0.000000] ACPI: PM-Timer IO Port: 0x1808
[    0.000000] ACPI: Local APIC address 0xfee00000
[    0.000000] ACPI: LAPIC_NMI (acpi_id[0x01] high edge lint[0x1])
[    0.000000] ACPI: LAPIC_NMI (acpi_id[0x02] high edge lint[0x1])
[    0.000000] ACPI: LAPIC_NMI (acpi_id[0x03] high edge lint[0x1])
[    0.000000] ACPI: LAPIC_NMI (acpi_id[0x04] high edge lint[0x1])
[    0.000000] ACPI: LAPIC_NMI (acpi_id[0x05] high edge lint[0x1])
[    0.000000] ACPI: LAPIC_NMI (acpi_id[0x06] high edge lint[0x1])
[    0.000000] ACPI: LAPIC_NMI (acpi_id[0x07] high edge lint[0x1])
[    0.000000] ACPI: LAPIC_NMI (acpi_id[0x08] high edge lint[0x1])
[    0.000000] ACPI: LAPIC_NMI (acpi_id[0x09] high edge lint[0x1])
[    0.000000] ACPI: LAPIC_NMI (acpi_id[0x0a] high edge lint[0x1])
[    0.000000] ACPI: LAPIC_NMI (acpi_id[0x0b] high edge lint[0x1])
[    0.000000] ACPI: LAPIC_NMI (acpi_id[0x0c] high edge lint[0x1])
[    0.000000] ACPI: LAPIC_NMI (acpi_id[0x0d] high edge lint[0x1])
[    0.000000] ACPI: LAPIC_NMI (acpi_id[0x0e] high edge lint[0x1])
[    0.000000] ACPI: LAPIC_NMI (acpi_id[0x0f] high edge lint[0x1])
[    0.000000] ACPI: LAPIC_NMI (acpi_id[0x10] high edge lint[0x1])
[    0.000000] IOAPIC[0]: apic_id 2, version 32, address 0xfec00000, GSI 0-119
[    0.000000] ACPI: INT_SRC_OVR (bus 0 bus_irq 0 global_irq 2 dfl dfl)
[    0.000000] ACPI: INT_SRC_OVR (bus 0 bus_irq 9 global_irq 9 high level)
[    0.000000] ACPI: IRQ0 used by override.
[    0.000000] ACPI: IRQ9 used by override.
[    0.000000] Using ACPI (MADT) for SMP configuration information
[    0.000000] ACPI: HPET id: 0x8086a201 base: 0xfed00000
[    0.000000] smpboot: Allowing 8 CPUs, 0 hotplug CPUs
[    0.000000] PM: Registered nosave memory: [mem 0x00000000-0x00000fff]
[    0.000000] PM: Registered nosave memory: [mem 0x0009f000-0x000fffff]
[    0.000000] PM: Registered nosave memory: [mem 0xbe6ab000-0xbf98efff]
[    0.000000] PM: Registered nosave memory: [mem 0xbf98f000-0xbfb8efff]
[    0.000000] PM: Registered nosave memory: [mem 0xbfb8f000-0xbfc0efff]
[    0.000000] PM: Registered nosave memory: [mem 0xbfc10000-0xd47fffff]
[    0.000000] PM: Registered nosave memory: [mem 0xd4800000-0xfe00ffff]
[    0.000000] PM: Registered nosave memory: [mem 0xfe010000-0xfe010fff]
[    0.000000] PM: Registered nosave memory: [mem 0xfe011000-0xfeffffff]
[    0.000000] PM: Registered nosave memory: [mem 0xff000000-0xffffffff]
[    0.000000] e820: [mem 0xd4800000-0xfe00ffff] available for PCI devices
[    0.000000] Booting paravirtualized kernel on bare hardware
[    0.000000] clocksource: refined-jiffies: mask: 0xffffffff max_cycles: 0xffffffff, max_idle_ns: 7645519600211568 ns
[    0.000000] setup_percpu: NR_CPUS:8192 nr_cpumask_bits:8 nr_cpu_ids:8 nr_node_ids:1
[    0.000000] percpu: Embedded 46 pages/cpu @        (ptrval) s151552 r8192 d28672 u262144
[    0.000000] pcpu-alloc: s151552 r8192 d28672 u262144 alloc=1*2097152
[    0.000000] pcpu-alloc: [0] 0 1 2 3 4 5 6 7 
[    0.000000] Built 1 zonelists, mobility grouping on.  Total pages: 4023482
[    0.000000] Policy zone: Normal
[    0.000000] Kernel command line: BOOT_IMAGE=/boot/vmlinuz-4.15.9+ root=UUID=da0e40f1-3840-43a9-b61a-7b465a7673d3 ro quiet splash vt.handoff=7
[    0.000000] Calgary: detecting Calgary via BIOS EBDA area
[    0.000000] Calgary: Unable to locate Rio Grande table in EBDA - bailing!
[    0.000000] Memory: 15492040K/16349480K available (12300K kernel code, 2470K rwdata, 4192K rodata, 2388K init, 2416K bss, 857440K reserved, 0K cma-reserved)
[    0.000000] SLUB: HWalign=64, Order=0-3, MinObjects=0, CPUs=8, Nodes=1
[    0.000000] ftrace: allocating 38976 entries in 153 pages
[    0.000000] Hierarchical RCU implementation.
[    0.000000] 	RCU restricting CPUs from NR_CPUS=8192 to nr_cpu_ids=8.
[    0.000000] 	Tasks RCU enabled.
[    0.000000] RCU: Adjusting geometry for rcu_fanout_leaf=16, nr_cpu_ids=8
[    0.000000] NR_IRQS: 524544, nr_irqs: 2048, preallocated irqs: 16
[    0.000000] Console: colour dummy device 80x25
[    0.000000] console [tty0] enabled
[    0.000000] ACPI: Core revision 20170831
[    0.000000] ACPI Error: [\_SB_.PCI0.XHC_.RHUB.HS11] Namespace lookup failure, AE_NOT_FOUND (20170831/dswload-210)
[    0.000000] ACPI Exception: AE_NOT_FOUND, During name lookup/catalog (20170831/psobject-252)
[    0.000000] ACPI Exception: AE_NOT_FOUND, (SSDT:HP_XHC_P) while loading table (20170831/tbxfload-228)
[    0.000000] ACPI Error: 1 table load failures, 10 successful (20170831/tbxfload-246)
[    0.000000] clocksource: hpet: mask: 0xffffffff max_cycles: 0xffffffff, max_idle_ns: 79635855245 ns
[    0.000000] hpet clockevent registered
[    0.004000] APIC: Switch to symmetric I/O mode setup
[    0.004000] DMAR: Host address width 39
[    0.004000] DMAR: DRHD base: 0x000000fed90000 flags: 0x0
[    0.004000] DMAR: dmar0: reg_base_addr fed90000 ver 1:0 cap 1c0000c40660462 ecap 19e2ff0505e
[    0.004000] DMAR: DRHD base: 0x000000fed91000 flags: 0x1
[    0.004000] DMAR: dmar1: reg_base_addr fed91000 ver 1:0 cap d2008c40660462 ecap f050da
[    0.004000] DMAR: RMRR base: 0x000000bf81d000 end: 0x000000bf83cfff
[    0.004000] DMAR: RMRR base: 0x000000c4000000 end: 0x000000d47fffff
[    0.004000] DMAR: RMRR base: 0x000000bf86e000 end: 0x000000bf8edfff
[    0.004000] DMAR-IR: IOAPIC id 2 under DRHD base  0xfed91000 IOMMU 1
[    0.004000] DMAR-IR: HPET id 0 under DRHD base 0xfed91000
[    0.004000] DMAR-IR: Queued invalidation will be enabled to support x2apic and Intr-remapping.
[    0.004000] DMAR-IR: Enabled IRQ remapping in x2apic mode
[    0.004000] x2apic enabled
[    0.004000] Switched APIC routing to cluster x2apic.
[    0.016000] ..TIMER: vector=0x30 apic1=0 pin1=2 apic2=-1 pin2=-1
[    0.036000] tsc: Detected 3000.000 MHz processor
[    0.036000] Calibrating delay loop (skipped), value calculated using timer frequency.. 6000.00 BogoMIPS (lpj=12000000)
[    0.036000] pid_max: default: 32768 minimum: 301
[    0.036000] Security Framework initialized
[    0.036000] Yama: becoming mindful.
[    0.036000] AppArmor: AppArmor initialized
[    0.036000] Dentry cache hash table entries: 2097152 (order: 12, 16777216 bytes)
[    0.036000] Inode-cache hash table entries: 1048576 (order: 11, 8388608 bytes)
[    0.036000] Mount-cache hash table entries: 32768 (order: 6, 262144 bytes)
[    0.036000] Mountpoint-cache hash table entries: 32768 (order: 6, 262144 bytes)
[    0.036000] CPU: Physical Processor ID: 0
[    0.036000] CPU: Processor Core ID: 0
[    0.036000] ENERGY_PERF_BIAS: Set to 'normal', was 'performance'
[    0.036000] ENERGY_PERF_BIAS: View and update with x86_energy_perf_policy(8)
[    0.036000] mce: CPU supports 14 MCE banks
[    0.036000] CPU0: Thermal monitoring enabled (TM1)
[    0.036000] process: using mwait in idle threads
[    0.036000] Last level iTLB entries: 4KB 128, 2MB 8, 4MB 8
[    0.036000] Last level dTLB entries: 4KB 64, 2MB 0, 4MB 0, 1GB 4
[    0.036000] Spectre V2 : Mitigation: Full generic retpoline
[    0.036000] Spectre V2 : Spectre v2 mitigation: Filling RSB on context switch
[    0.036000] Spectre V2 : Spectre v2 mitigation: Enabling Indirect Branch Prediction Barrier
[    0.036000] Freeing SMP alternatives memory: 36K
[    0.041896] TSC deadline timer enabled
[    0.041907] smpboot: CPU0: Intel(R) Core(TM) i7-9700 CPU @ 3.00GHz (family: 0x6, model: 0x9e, stepping: 0xd)
[    0.041960] Performance Events: PEBS fmt3+, Skylake events, 32-deep LBR, full-width counters, Intel PMU driver.
[    0.041989] ... version:                4
[    0.041989] ... bit width:              48
[    0.041990] ... generic registers:      8
[    0.041990] ... value mask:             0000ffffffffffff
[    0.041991] ... max period:             00007fffffffffff
[    0.041991] ... fixed-purpose events:   3
[    0.041992] ... event mask:             00000007000000ff
[    0.042022] Hierarchical SRCU implementation.
[    0.042955] NMI watchdog: Enabled. Permanently consumes one hw-PMU counter.
[    0.042965] smp: Bringing up secondary CPUs ...
[    0.043027] x86: Booting SMP configuration:
[    0.043028] .... node  #0, CPUs:      #1 #2 #3 #4 #5 #6 #7
[    0.053396] smp: Brought up 1 node, 8 CPUs
[    0.053396] smpboot: Max logical packages: 1
[    0.053396] smpboot: Total of 8 processors activated (48000.00 BogoMIPS)
[    0.056289] devtmpfs: initialized
[    0.056289] x86/mm: Memory block size: 128MB
[    0.057017] evm: security.selinux
[    0.057017] evm: security.SMACK64
[    0.057018] evm: security.SMACK64EXEC
[    0.057018] evm: security.SMACK64TRANSMUTE
[    0.057018] evm: security.SMACK64MMAP
[    0.057019] evm: security.apparmor
[    0.057019] evm: security.ima
[    0.057020] evm: security.capability
[    0.057033] PM: Registering ACPI NVS region [mem 0xbf98f000-0xbfb8efff] (2097152 bytes)
[    0.057033] clocksource: jiffies: mask: 0xffffffff max_cycles: 0xffffffff, max_idle_ns: 7645041785100000 ns
[    0.057033] futex hash table entries: 2048 (order: 5, 131072 bytes)
[    0.057033] pinctrl core: initialized pinctrl subsystem
[    0.057033] driver_register -- functionpoint
[    0.057033] bus_add_driver -- functionpoint
[    0.057033] functionpoint -- bus: 'platform': add driver reg-dummy
[    0.057033] __driver_attach -- functionpoint
[    0.057033] really_probe -- functionpoint
[    0.057033] functionpoint -- bus: 'platform': really_probe: probing driver reg-dummy with device reg-dummy
[    0.057033] RTC time:  7:14:48, date: 09/24/20
[    0.057033] NET: Registered protocol family 16
[    0.057033] audit: initializing netlink subsys (disabled)
[    0.057033] audit: type=2000 audit(1600931688.056:1): state=initialized audit_enabled=0 res=1
[    0.057033] driver_register -- functionpoint
[    0.057033] bus_add_driver -- functionpoint
[    0.057033] functionpoint -- bus: 'platform': add driver sram
[    0.057033] __driver_attach -- functionpoint
[    0.057033] driver_register -- functionpoint
[    0.057033] bus_add_driver -- functionpoint
[    0.057033] functionpoint -- bus: 'platform': add driver syscon
[    0.057033] __driver_attach -- functionpoint
[    0.057033] driver_register -- functionpoint
[    0.057033] bus_add_driver -- functionpoint
[    0.057033] functionpoint -- bus: 'i2c': add driver dummy
[    0.057033] cpuidle: using governor ladder
[    0.057033] cpuidle: using governor menu
[    0.057033] ACPI FADT declares the system doesn't support PCIe ASPM, so disable it
[    0.057033] ACPI: bus type PCI registered
[    0.057033] acpiphp: ACPI Hot Plug PCI Controller Driver version: 0.5
[    0.057033] start pci_arch_init -- functionpoint
[    0.057033] PCI: MMCONFIG for domain 0000 [bus 00-3f] at [mem 0xf8000000-0xfbffffff] (base 0xf8000000)
[    0.057033] PCI: not using MMCONFIG
[    0.057033] PCI: Using configuration type 1 for base access
[    0.057033] end pci_arch_init -- functionpoint
[    0.057123] HugeTLB registered 1.00 GiB page size, pre-allocated 0 pages
[    0.057123] HugeTLB registered 2.00 MiB page size, pre-allocated 0 pages
[    0.057124] driver_register -- functionpoint
[    0.057124] bus_add_driver -- functionpoint
[    0.057124] functionpoint -- bus: 'i2c': add driver sx150x-pinctrl
[    0.057124] driver_register -- functionpoint
[    0.057124] bus_add_driver -- functionpoint
[    0.057124] functionpoint -- bus: 'platform': add driver byt_gpio
[    0.057124] __driver_attach -- functionpoint
[    0.057124] driver_register -- functionpoint
[    0.057124] bus_add_driver -- functionpoint
[    0.057124] functionpoint -- bus: 'platform': add driver cherryview-pinctrl
[    0.057124] __driver_attach -- functionpoint
[    0.057124] driver_register -- functionpoint
[    0.057124] bus_add_driver -- functionpoint
[    0.057124] functionpoint -- bus: 'platform': add driver lp_gpio
[    0.057124] __driver_attach -- functionpoint
[    0.057124] driver_register -- functionpoint
[    0.057124] bus_add_driver -- functionpoint
[    0.057124] functionpoint -- bus: 'platform': add driver rc5t583-gpio
[    0.057124] __driver_attach -- functionpoint
[    0.057124] driver_register -- functionpoint
[    0.057124] bus_add_driver -- functionpoint
[    0.057124] functionpoint -- bus: 'platform': add driver palmas-gpio
[    0.057124] __driver_attach -- functionpoint
[    0.057124] driver_register -- functionpoint
[    0.057124] bus_add_driver -- functionpoint
[    0.057124] functionpoint -- bus: 'platform': add driver tps6586x-gpio
[    0.057124] __driver_attach -- functionpoint
[    0.057124] driver_register -- functionpoint
[    0.057124] bus_add_driver -- functionpoint
[    0.057124] functionpoint -- bus: 'platform': add driver tps65910-gpio
[    0.057124] __driver_attach -- functionpoint
[    0.057124] ACPI: Added _OSI(Module Device)
[    0.057124] ACPI: Added _OSI(Processor Device)
[    0.057124] ACPI: Added _OSI(3.0 _SCP Extensions)
[    0.057124] ACPI: Added _OSI(Processor Aggregator Device)
[    0.061860] ACPI: Executed 30 blocks of module-level executable AML code
[    0.072039] ACPI: [Firmware Bug]: BIOS _OSI(Linux) query ignored
[    0.080241] ACPI: Dynamic OEM Table Load:
[    0.080250] ACPI: SSDT 0xFFFF9D8B14FB6400 0000F4 (v02 PmRef  Cpu0Psd  00003000 INTL 20160527)
[    0.080250] ACPI: Executed 1 blocks of module-level executable AML code
[    0.080367] ACPI: \_SB_.PR00: _OSC native thermal LVT Acked
[    0.081327] ACPI: Dynamic OEM Table Load:
[    0.081333] ACPI: SSDT 0xFFFF9D8B14F43C00 000400 (v02 PmRef  Cpu0Cst  00003001 INTL 20160527)
[    0.081557] ACPI: Executed 1 blocks of module-level executable AML code
[    0.081791] ACPI: Dynamic OEM Table Load:
[    0.081797] ACPI: SSDT 0xFFFF9D8B14C14800 000605 (v02 PmRef  Cpu0Ist  00003000 INTL 20160527)
[    0.082001] ACPI: Executed 1 blocks of module-level executable AML code
[    0.082191] ACPI: Dynamic OEM Table Load:
[    0.082195] ACPI: SSDT 0xFFFF9D8B14F7A600 000149 (v02 PmRef  Cpu0Hwp  00003000 INTL 20160527)
[    0.082390] ACPI: Executed 2 blocks of module-level executable AML code
[    0.082562] ACPI: Dynamic OEM Table Load:
[    0.082568] ACPI: SSDT 0xFFFF9D8B14C11000 000724 (v02 PmRef  HwpLvt   00003000 INTL 20160527)
[    0.082751] ACPI: Executed 1 blocks of module-level executable AML code
[    0.083243] ACPI: Dynamic OEM Table Load:
[    0.083248] ACPI: SSDT 0xFFFF9D8B14C13800 0005FC (v02 PmRef  ApIst    00003000 INTL 20160527)
[    0.083653] ACPI: Executed 1 blocks of module-level executable AML code
[    0.083660] ACPI: Dynamic OEM Table Load:
[    0.083660] ACPI: SSDT 0xFFFF9D8B14F44C00 000317 (v02 PmRef  ApHwp    00003000 INTL 20160527)
[    0.083660] ACPI: Executed 1 blocks of module-level executable AML code
[    0.083660] ACPI: Dynamic OEM Table Load:
[    0.083660] ACPI: SSDT 0xFFFF9D8B14E55000 000AB0 (v02 PmRef  ApPsd    00003000 INTL 20160527)
[    0.083660] ACPI: Executed 1 blocks of module-level executable AML code
[    0.083660] ACPI: Dynamic OEM Table Load:
[    0.083660] ACPI: SSDT 0xFFFF9D8B14F41400 00030A (v02 PmRef  ApCst    00003000 INTL 20160527)
[    0.083660] ACPI: Executed 1 blocks of module-level executable AML code
[    0.084000] ACPI: EC: EC started
[    0.084000] ACPI: EC: interrupt blocked
[    0.084000] ACPI: \_SB_.PCI0.LPCB.EC0_: Used as first EC
[    0.084000] ACPI: \_SB_.PCI0.LPCB.EC0_: GPE=0x6e, EC_CMD/EC_SC=0x66, EC_DATA=0x62
[    0.084000] ACPI: \_SB_.PCI0.LPCB.EC0_: Used as boot DSDT EC to handle transactions
[    0.084000] ACPI: Interpreter enabled
[    0.084000] ACPI: (supports S0 S3 S4 S5)
[    0.084000] ACPI: Using IOAPIC for interrupt routing
[    0.084000] PCI: MMCONFIG for domain 0000 [bus 00-3f] at [mem 0xf8000000-0xfbffffff] (base 0xf8000000)
[    0.084000] PCI: MMCONFIG at [mem 0xf8000000-0xfbffffff] reserved in ACPI motherboard resources
[    0.084000] PCI: Using host bridge windows from ACPI; if necessary, use "pci=nocrs" and report a bug
[    0.088171] driver_register -- functionpoint
[    0.088172] bus_add_driver -- functionpoint
[    0.088175] functionpoint -- bus: 'platform': add driver clk-lpt
[    0.088178] __driver_attach -- functionpoint
[    0.088230] ACPI: Enabled 4 GPEs in block 00 to 7F
[    0.095107] ACPI: Power Resource [USBC] (on)
[    0.095919] ACPI: Power Resource [WRST] (on)
[    0.096323] ACPI: Power Resource [WRST] (on)
[    0.096725] ACPI: Power Resource [WRST] (on)
[    0.097126] ACPI: Power Resource [WRST] (on)
[    0.097535] ACPI: Power Resource [WRST] (on)
[    0.097943] ACPI: Power Resource [WRST] (on)
[    0.098348] ACPI: Power Resource [WRST] (on)
[    0.098752] ACPI: Power Resource [WRST] (on)
[    0.099150] ACPI: Power Resource [WRST] (on)
[    0.099548] ACPI: Power Resource [WRST] (on)
[    0.099948] ACPI: Power Resource [WRST] (on)
[    0.104348] ACPI: Power Resource [WRST] (on)
[    0.104750] ACPI: Power Resource [WRST] (on)
[    0.105149] ACPI: Power Resource [WRST] (on)
[    0.105545] ACPI: Power Resource [WRST] (on)
[    0.105947] ACPI: Power Resource [WRST] (on)
[    0.106347] ACPI: Power Resource [WRST] (on)
[    0.106745] ACPI: Power Resource [WRST] (on)
[    0.107142] ACPI: Power Resource [WRST] (on)
[    0.107543] ACPI: Power Resource [WRST] (on)
[    0.109247] ACPI: Power Resource [V0PR] (on)
[    0.109467] ACPI: Power Resource [V1PR] (on)
[    0.109674] ACPI: Power Resource [V2PR] (on)
[    0.114213] ACPI: Power Resource [WRST] (on)
[    0.116789] ACPI: PCI Root Bridge [PCI0] (domain 0000 [bus 00-3e])
[    0.116794] acpi PNP0A08:00: _OSC: OS supports [ExtendedConfig ASPM ClockPM Segments MSI]
[    0.120176] acpi PNP0A08:00: _OSC: OS now controls [PCIeHotplug PME AER PCIeCapability]
[    0.120177] acpi PNP0A08:00: FADT indicates ASPM is unsupported, using BIOS configuration
[    0.120191] pci_acpi_scan_root -- functionpoint
[    0.122984] PCI host bridge to bus 0000:00
[    0.122988] pci_bus 0000:00: root bus resource [io  0x0000-0x0cf7 window]
[    0.122989] pci_bus 0000:00: root bus resource [io  0x0d00-0xffff window]
[    0.122990] pci_bus 0000:00: root bus resource [mem 0x000a0000-0x000bffff window]
[    0.122991] pci_bus 0000:00: root bus resource [mem 0xd4800000-0xf7ffffff window]
[    0.122992] pci_bus 0000:00: root bus resource [mem 0x4000000000-0x7fffffffff window]
[    0.122993] pci_bus 0000:00: root bus resource [mem 0xfc800000-0xfe7fffff window]
[    0.122995] pci_bus 0000:00: root bus resource [bus 00-3e]
[    0.123001] pci 0000:00:00.0: [8086:3e30] type 00 class 0x060000
[    0.124032] pci 0000:00:02.0: [8086:3e98] type 00 class 0x030000
[    0.124042] pci 0000:00:02.0: reg 0x10: [mem 0xf0000000-0xf0ffffff 64bit]
[    0.124047] pci 0000:00:02.0: reg 0x18: [mem 0xe0000000-0xefffffff 64bit pref]
[    0.124050] pci 0000:00:02.0: reg 0x20: [io  0x4000-0x403f]
[    0.124062] pci 0000:00:02.0: BAR 2: assigned to efifb
[    0.125192] pci 0000:00:12.0: [8086:a379] type 00 class 0x118000
[    0.125214] pci 0000:00:12.0: reg 0x10: [mem 0x4000107000-0x4000107fff 64bit]
[    0.126321] pci 0000:00:14.0: [8086:a36d] type 00 class 0x0c0330
[    0.126351] pci 0000:00:14.0: reg 0x10: [mem 0xf1220000-0xf122ffff 64bit]
[    0.126425] pci 0000:00:14.0: PME# supported from D3hot D3cold
[    0.127504] pci 0000:00:14.2: [8086:a36f] type 00 class 0x050000
[    0.127526] pci 0000:00:14.2: reg 0x10: [mem 0xf1232000-0xf1233fff 64bit]
[    0.127537] pci 0000:00:14.2: reg 0x18: [mem 0x4000106000-0x4000106fff 64bit]
[    0.128617] pci 0000:00:16.0: [8086:a360] type 00 class 0x078000
[    0.128649] pci 0000:00:16.0: reg 0x10: [mem 0x4000105000-0x4000105fff 64bit]
[    0.128746] pci 0000:00:16.0: PME# supported from D3hot
[    0.129829] pci 0000:00:16.3: [8086:a363] type 00 class 0x070002
[    0.129853] pci 0000:00:16.3: reg 0x10: [io  0x4088-0x408f]
[    0.129861] pci 0000:00:16.3: reg 0x14: [mem 0xf1237000-0xf1237fff]
[    0.130981] pci 0000:00:17.0: [8086:a352] type 00 class 0x010601
[    0.131009] pci 0000:00:17.0: reg 0x10: [mem 0xf1230000-0xf1231fff]
[    0.131020] pci 0000:00:17.0: reg 0x14: [mem 0xf1236000-0xf12360ff]
[    0.131032] pci 0000:00:17.0: reg 0x18: [io  0x4080-0x4087]
[    0.131043] pci 0000:00:17.0: reg 0x1c: [io  0x4090-0x4093]
[    0.131054] pci 0000:00:17.0: reg 0x20: [io  0x4060-0x407f]
[    0.131065] pci 0000:00:17.0: reg 0x24: [mem 0xf1235000-0xf12357ff]
[    0.131127] pci 0000:00:17.0: PME# supported from D3hot
[    0.132250] pci 0000:00:1b.0: [8086:a32c] type 01 class 0x060400
[    0.132395] pci 0000:00:1b.0: PME# supported from D0 D3hot D3cold
[    0.132430] pci 0000:00:1b.0: PTM enabled (root), 4dns granularity
[    0.133587] pci 0000:00:1c.0: [8086:a33e] type 01 class 0x060400
[    0.133729] pci 0000:00:1c.0: PME# supported from D0 D3hot D3cold
[    0.133763] pci 0000:00:1c.0: PTM enabled (root), 4dns granularity
[    0.134924] pci 0000:00:1f.0: [8086:a306] type 00 class 0x060100
[    0.136090] pci 0000:00:1f.3: [8086:a348] type 00 class 0x040300
[    0.136163] pci 0000:00:1f.3: reg 0x10: [mem 0x4000100000-0x4000103fff 64bit]
[    0.136227] pci 0000:00:1f.3: reg 0x20: [mem 0x4000000000-0x40000fffff 64bit]
[    0.136372] pci 0000:00:1f.3: PME# supported from D3hot D3cold
[    0.137527] pci 0000:00:1f.4: [8086:a323] type 00 class 0x0c0500
[    0.137582] pci 0000:00:1f.4: reg 0x10: [mem 0x4000104000-0x40001040ff 64bit]
[    0.137644] pci 0000:00:1f.4: reg 0x20: [io  0xefa0-0xefbf]
[    0.138744] pci 0000:00:1f.5: [8086:a324] type 00 class 0x0c8000
[    0.138765] pci 0000:00:1f.5: reg 0x10: [mem 0xfe010000-0xfe010fff]
[    0.139846] pci 0000:00:1f.6: [8086:15bb] type 00 class 0x020000
[    0.139904] pci 0000:00:1f.6: reg 0x10: [mem 0xf1200000-0xf121ffff]
[    0.140123] pci 0000:00:1f.6: PME# supported from D0 D3hot D3cold
[    0.141134] pci_read_bridge_bases -- functionpoint
[    0.141209] pci 0000:01:00.0: [1c5c:1339] type 00 class 0x010802
[    0.141267] pci 0000:01:00.0: reg 0x10: [mem 0xf1100000-0xf1103fff 64bit]
[    0.141452] pci 0000:01:00.0: supports D1
[    0.141453] pci 0000:01:00.0: PME# supported from D0 D1 D3hot
[    0.152077] pci_read_bridge_bases -- functionpoint
[    0.152078] pci 0000:00:1b.0: PCI bridge to [bus 01]
[    0.152087] pci 0000:00:1b.0:   bridge window [mem 0xf1100000-0xf11fffff]
[    0.152208] pci 0000:02:00.0: [1283:8893] type 01 class 0x060401
[    0.152606] pci 0000:02:00.0: supports D1 D2
[    0.152608] pci 0000:02:00.0: PME# supported from D0 D1 D2 D3hot D3cold
[    0.152727] pci_read_bridge_bases -- functionpoint
[    0.152729] pci 0000:00:1c.0: PCI bridge to [bus 02-03]
[    0.152734] pci 0000:00:1c.0:   bridge window [io  0x3000-0x3fff]
[    0.152738] pci 0000:00:1c.0:   bridge window [mem 0xf1000000-0xf10fffff]
[    0.152814] pci 0000:03:00.0: [1317:0985] type 00 class 0x020000
[    0.152853] pci 0000:03:00.0: reg 0x10: [io  0x3000-0x30ff]
[    0.152869] pci 0000:03:00.0: reg 0x14: [mem 0xf1000000-0xf10003ff]
[    0.152940] pci 0000:03:00.0: reg 0x30: [mem 0xfffe0000-0xffffffff pref]
[    0.153012] pci 0000:03:00.0: supports D1 D2
[    0.153013] pci 0000:03:00.0: PME# supported from D0 D1 D2 D3hot D3cold
[    0.153147] pci_read_bridge_bases -- functionpoint
[    0.153148] pci 0000:02:00.0: PCI bridge to [bus 03] (subtractive decode)
[    0.153162] pci 0000:02:00.0:   bridge window [io  0x3000-0x3fff]
[    0.153169] pci 0000:02:00.0:   bridge window [mem 0xf1000000-0xf10fffff]
[    0.153182] pci 0000:02:00.0:   bridge window [io  0x3000-0x3fff] (subtractive decode)
[    0.153183] pci 0000:02:00.0:   bridge window [mem 0xf1000000-0xf10fffff] (subtractive decode)
[    0.155485] driver_register -- functionpoint
[    0.155486] bus_add_driver -- functionpoint
[    0.155488] functionpoint -- bus: 'acpi': add driver ec
[    0.155492] __driver_attach -- functionpoint
[    0.155492] __driver_attach -- functionpoint
[    0.155494] __driver_attach -- functionpoint
[    0.155495] __driver_attach -- functionpoint
[    0.155497] __driver_attach -- functionpoint
[    0.155498] __driver_attach -- functionpoint
[    0.155500] __driver_attach -- functionpoint
[    0.155501] __driver_attach -- functionpoint
[    0.155502] __driver_attach -- functionpoint
[    0.155504] __driver_attach -- functionpoint
[    0.155505] __driver_attach -- functionpoint
[    0.155506] __driver_attach -- functionpoint
[    0.155508] __driver_attach -- functionpoint
[    0.155509] __driver_attach -- functionpoint
[    0.155511] __driver_attach -- functionpoint
[    0.155512] __driver_attach -- functionpoint
[    0.155513] __driver_attach -- functionpoint
[    0.155515] __driver_attach -- functionpoint
[    0.155516] __driver_attach -- functionpoint
[    0.155517] __driver_attach -- functionpoint
[    0.155519] __driver_attach -- functionpoint
[    0.155520] __driver_attach -- functionpoint
[    0.155521] __driver_attach -- functionpoint
[    0.155523] __driver_attach -- functionpoint
[    0.155524] __driver_attach -- functionpoint
[    0.155526] __driver_attach -- functionpoint
[    0.155527] __driver_attach -- functionpoint
[    0.155528] __driver_attach -- functionpoint
[    0.155530] __driver_attach -- functionpoint
[    0.155531] __driver_attach -- functionpoint
[    0.155532] __driver_attach -- functionpoint
[    0.155534] __driver_attach -- functionpoint
[    0.155535] __driver_attach -- functionpoint
[    0.155536] __driver_attach -- functionpoint
[    0.155538] __driver_attach -- functionpoint
[    0.155539] __driver_attach -- functionpoint
[    0.155541] __driver_attach -- functionpoint
[    0.155542] really_probe -- functionpoint
[    0.155544] functionpoint -- bus: 'acpi': really_probe: probing driver ec with device PNP0C09:01
[    0.155558] ACPI: EC: interrupt unblocked
[    0.155566] ACPI: EC: event unblocked
[    0.155584] ACPI: \_SB_.PCI0.LPCB.EC0_: GPE=0x6e, EC_CMD/EC_SC=0x66, EC_DATA=0x62
[    0.155585] ACPI: \_SB_.PCI0.LPCB.EC0_: Used as boot DSDT EC to handle transactions and events
[    0.155588] __driver_attach -- functionpoint
[    0.155589] __driver_attach -- functionpoint
[    0.155590] __driver_attach -- functionpoint
[    0.155592] __driver_attach -- functionpoint
[    0.155593] __driver_attach -- functionpoint
[    0.155595] __driver_attach -- functionpoint
[    0.155596] __driver_attach -- functionpoint
[    0.155598] __driver_attach -- functionpoint
[    0.155599] __driver_attach -- functionpoint
[    0.155601] __driver_attach -- functionpoint
[    0.155602] __driver_attach -- functionpoint
[    0.155603] __driver_attach -- functionpoint
[    0.155605] __driver_attach -- functionpoint
[    0.155606] __driver_attach -- functionpoint
[    0.155608] __driver_attach -- functionpoint
[    0.155609] __driver_attach -- functionpoint
[    0.155610] __driver_attach -- functionpoint
[    0.155612] __driver_attach -- functionpoint
[    0.155613] __driver_attach -- functionpoint
[    0.155614] __driver_attach -- functionpoint
[    0.155616] __driver_attach -- functionpoint
[    0.155617] __driver_attach -- functionpoint
[    0.155618] __driver_attach -- functionpoint
[    0.155620] __driver_attach -- functionpoint
[    0.155621] __driver_attach -- functionpoint
[    0.155623] __driver_attach -- functionpoint
[    0.155624] __driver_attach -- functionpoint
[    0.155625] __driver_attach -- functionpoint
[    0.155627] __driver_attach -- functionpoint
[    0.155628] __driver_attach -- functionpoint
[    0.155629] __driver_attach -- functionpoint
[    0.155631] __driver_attach -- functionpoint
[    0.155632] __driver_attach -- functionpoint
[    0.155633] __driver_attach -- functionpoint
[    0.155635] __driver_attach -- functionpoint
[    0.155636] __driver_attach -- functionpoint
[    0.155637] __driver_attach -- functionpoint
[    0.155639] __driver_attach -- functionpoint
[    0.155640] __driver_attach -- functionpoint
[    0.155642] __driver_attach -- functionpoint
[    0.155643] __driver_attach -- functionpoint
[    0.155644] __driver_attach -- functionpoint
[    0.155646] __driver_attach -- functionpoint
[    0.155647] __driver_attach -- functionpoint
[    0.155648] __driver_attach -- functionpoint
[    0.155650] __driver_attach -- functionpoint
[    0.155651] __driver_attach -- functionpoint
[    0.155653] __driver_attach -- functionpoint
[    0.155654] __driver_attach -- functionpoint
[    0.155655] __driver_attach -- functionpoint
[    0.155657] __driver_attach -- functionpoint
[    0.155658] __driver_attach -- functionpoint
[    0.155659] __driver_attach -- functionpoint
[    0.155661] __driver_attach -- functionpoint
[    0.155662] __driver_attach -- functionpoint
[    0.155663] __driver_attach -- functionpoint
[    0.155665] __driver_attach -- functionpoint
[    0.155666] __driver_attach -- functionpoint
[    0.155668] __driver_attach -- functionpoint
[    0.155669] __driver_attach -- functionpoint
[    0.155670] __driver_attach -- functionpoint
[    0.155672] __driver_attach -- functionpoint
[    0.155673] __driver_attach -- functionpoint
[    0.155674] __driver_attach -- functionpoint
[    0.155676] __driver_attach -- functionpoint
[    0.155677] __driver_attach -- functionpoint
[    0.155679] __driver_attach -- functionpoint
[    0.155680] __driver_attach -- functionpoint
[    0.155681] __driver_attach -- functionpoint
[    0.155683] __driver_attach -- functionpoint
[    0.155684] __driver_attach -- functionpoint
[    0.155685] __driver_attach -- functionpoint
[    0.155687] __driver_attach -- functionpoint
[    0.155688] __driver_attach -- functionpoint
[    0.155690] __driver_attach -- functionpoint
[    0.155691] __driver_attach -- functionpoint
[    0.155692] __driver_attach -- functionpoint
[    0.155694] __driver_attach -- functionpoint
[    0.155695] __driver_attach -- functionpoint
[    0.155696] __driver_attach -- functionpoint
[    0.155698] __driver_attach -- functionpoint
[    0.155699] __driver_attach -- functionpoint
[    0.155700] __driver_attach -- functionpoint
[    0.155702] __driver_attach -- functionpoint
[    0.155703] __driver_attach -- functionpoint
[    0.155705] __driver_attach -- functionpoint
[    0.155706] __driver_attach -- functionpoint
[    0.155707] __driver_attach -- functionpoint
[    0.155709] __driver_attach -- functionpoint
[    0.155710] __driver_attach -- functionpoint
[    0.155711] __driver_attach -- functionpoint
[    0.155713] __driver_attach -- functionpoint
[    0.155714] __driver_attach -- functionpoint
[    0.155716] __driver_attach -- functionpoint
[    0.155717] __driver_attach -- functionpoint
[    0.155718] __driver_attach -- functionpoint
[    0.155720] __driver_attach -- functionpoint
[    0.155721] __driver_attach -- functionpoint
[    0.155722] __driver_attach -- functionpoint
[    0.155724] __driver_attach -- functionpoint
[    0.155725] __driver_attach -- functionpoint
[    0.155727] __driver_attach -- functionpoint
[    0.155728] __driver_attach -- functionpoint
[    0.155729] __driver_attach -- functionpoint
[    0.155731] __driver_attach -- functionpoint
[    0.155732] __driver_attach -- functionpoint
[    0.155733] __driver_attach -- functionpoint
[    0.155735] __driver_attach -- functionpoint
[    0.155736] __driver_attach -- functionpoint
[    0.155737] __driver_attach -- functionpoint
[    0.155739] __driver_attach -- functionpoint
[    0.155740] __driver_attach -- functionpoint
[    0.155741] __driver_attach -- functionpoint
[    0.155743] __driver_attach -- functionpoint
[    0.155744] __driver_attach -- functionpoint
[    0.155746] __driver_attach -- functionpoint
[    0.155747] __driver_attach -- functionpoint
[    0.155748] __driver_attach -- functionpoint
[    0.155750] __driver_attach -- functionpoint
[    0.155751] __driver_attach -- functionpoint
[    0.155752] __driver_attach -- functionpoint
[    0.155754] __driver_attach -- functionpoint
[    0.155755] __driver_attach -- functionpoint
[    0.155756] __driver_attach -- functionpoint
[    0.155758] __driver_attach -- functionpoint
[    0.155759] __driver_attach -- functionpoint
[    0.155760] __driver_attach -- functionpoint
[    0.155762] __driver_attach -- functionpoint
[    0.155763] __driver_attach -- functionpoint
[    0.155765] __driver_attach -- functionpoint
[    0.155766] __driver_attach -- functionpoint
[    0.155767] __driver_attach -- functionpoint
[    0.155769] __driver_attach -- functionpoint
[    0.155770] __driver_attach -- functionpoint
[    0.155771] __driver_attach -- functionpoint
[    0.155773] __driver_attach -- functionpoint
[    0.155774] __driver_attach -- functionpoint
[    0.155776] __driver_attach -- functionpoint
[    0.155777] __driver_attach -- functionpoint
[    0.155778] __driver_attach -- functionpoint
[    0.155780] __driver_attach -- functionpoint
[    0.155781] __driver_attach -- functionpoint
[    0.155782] __driver_attach -- functionpoint
[    0.155784] __driver_attach -- functionpoint
[    0.155785] __driver_attach -- functionpoint
[    0.155786] __driver_attach -- functionpoint
[    0.155788] __driver_attach -- functionpoint
[    0.155789] __driver_attach -- functionpoint
[    0.155790] __driver_attach -- functionpoint
[    0.155792] __driver_attach -- functionpoint
[    0.155793] __driver_attach -- functionpoint
[    0.155795] __driver_attach -- functionpoint
[    0.155796] __driver_attach -- functionpoint
[    0.155797] __driver_attach -- functionpoint
[    0.155799] __driver_attach -- functionpoint
[    0.155800] __driver_attach -- functionpoint
[    0.155802] __driver_attach -- functionpoint
[    0.155803] __driver_attach -- functionpoint
[    0.155804] __driver_attach -- functionpoint
[    0.155806] __driver_attach -- functionpoint
[    0.155807] __driver_attach -- functionpoint
[    0.155808] __driver_attach -- functionpoint
[    0.155810] __driver_attach -- functionpoint
[    0.155811] __driver_attach -- functionpoint
[    0.155813] __driver_attach -- functionpoint
[    0.155814] __driver_attach -- functionpoint
[    0.155815] __driver_attach -- functionpoint
[    0.155817] __driver_attach -- functionpoint
[    0.155818] __driver_attach -- functionpoint
[    0.155820] __driver_attach -- functionpoint
[    0.155821] __driver_attach -- functionpoint
[    0.155822] __driver_attach -- functionpoint
[    0.155824] __driver_attach -- functionpoint
[    0.155825] __driver_attach -- functionpoint
[    0.155827] __driver_attach -- functionpoint
[    0.155828] __driver_attach -- functionpoint
[    0.155829] __driver_attach -- functionpoint
[    0.155831] __driver_attach -- functionpoint
[    0.155832] __driver_attach -- functionpoint
[    0.155834] __driver_attach -- functionpoint
[    0.155835] __driver_attach -- functionpoint
[    0.155836] __driver_attach -- functionpoint
[    0.155838] __driver_attach -- functionpoint
[    0.155839] __driver_attach -- functionpoint
[    0.155841] __driver_attach -- functionpoint
[    0.155874] pci 0000:00:02.0: vgaarb: setting as boot VGA device
[    0.155874] pci 0000:00:02.0: vgaarb: VGA device added: decodes=io+mem,owns=io+mem,locks=none
[    0.155874] pci 0000:00:02.0: vgaarb: bridge control possible
[    0.155874] vgaarb: loaded
[    0.155874] driver_register -- functionpoint
[    0.155874] bus_add_driver -- functionpoint
[    0.155874] functionpoint -- bus: 'i2c': add driver 88PM860x
[    0.155874] driver_register -- functionpoint
[    0.155874] bus_add_driver -- functionpoint
[    0.155874] functionpoint -- bus: 'i2c': add driver WM8400
[    0.155874] driver_register -- functionpoint
[    0.155874] bus_add_driver -- functionpoint
[    0.155874] functionpoint -- bus: 'i2c': add driver wm831x
[    0.155874] driver_register -- functionpoint
[    0.155874] bus_add_driver -- functionpoint
[    0.155874] functionpoint -- bus: 'spi': add driver wm831x
[    0.155874] driver_register -- functionpoint
[    0.155874] bus_add_driver -- functionpoint
[    0.155874] functionpoint -- bus: 'i2c': add driver wm8350
[    0.155874] driver_register -- functionpoint
[    0.155874] bus_add_driver -- functionpoint
[    0.155874] functionpoint -- bus: 'i2c': add driver tps65910
[    0.155874] driver_register -- functionpoint
[    0.155874] bus_add_driver -- functionpoint
[    0.155874] functionpoint -- bus: 'i2c': add driver tps80031
[    0.155874] driver_register -- functionpoint
[    0.155874] bus_add_driver -- functionpoint
[    0.155874] functionpoint -- bus: 'spi': add driver ezx-pcap
[    0.155874] driver_register -- functionpoint
[    0.155874] bus_add_driver -- functionpoint
[    0.155874] functionpoint -- bus: 'i2c': add driver da903x
[    0.155874] driver_register -- functionpoint
[    0.155874] bus_add_driver -- functionpoint
[    0.155874] functionpoint -- bus: 'spi': add driver da9052
[    0.155874] driver_register -- functionpoint
[    0.155874] bus_add_driver -- functionpoint
[    0.155874] functionpoint -- bus: 'i2c': add driver da9052
[    0.155874] driver_register -- functionpoint
[    0.155874] bus_add_driver -- functionpoint
[    0.155874] functionpoint -- bus: 'i2c': add driver lp8788
[    0.155874] driver_register -- functionpoint
[    0.155874] bus_add_driver -- functionpoint
[    0.155874] functionpoint -- bus: 'i2c': add driver da9055-pmic
[    0.155874] driver_register -- functionpoint
[    0.155874] bus_add_driver -- functionpoint
[    0.155874] functionpoint -- bus: 'i2c': add driver max77843
[    0.155874] driver_register -- functionpoint
[    0.155874] bus_add_driver -- functionpoint
[    0.155874] functionpoint -- bus: 'i2c': add driver max8925
[    0.156002] driver_register -- functionpoint
[    0.156003] bus_add_driver -- functionpoint
[    0.156004] functionpoint -- bus: 'i2c': add driver max8997
[    0.156008] driver_register -- functionpoint
[    0.156009] bus_add_driver -- functionpoint
[    0.156010] functionpoint -- bus: 'i2c': add driver max8998
[    0.156014] driver_register -- functionpoint
[    0.156014] bus_add_driver -- functionpoint
[    0.156016] functionpoint -- bus: 'i2c': add driver ab3100
[    0.156020] driver_register -- functionpoint
[    0.156020] bus_add_driver -- functionpoint
[    0.156022] functionpoint -- bus: 'i2c': add driver tps6586x
[    0.156028] driver_register -- functionpoint
[    0.156029] bus_add_driver -- functionpoint
[    0.156030] functionpoint -- bus: 'i2c': add driver tps65090
[    0.156035] driver_register -- functionpoint
[    0.156035] bus_add_driver -- functionpoint
[    0.156037] functionpoint -- bus: 'i2c': add driver aat2870
[    0.156041] driver_register -- functionpoint
[    0.156041] bus_add_driver -- functionpoint
[    0.156043] functionpoint -- bus: 'i2c': add driver palmas
[    0.156047] driver_register -- functionpoint
[    0.156047] bus_add_driver -- functionpoint
[    0.156049] functionpoint -- bus: 'i2c': add driver rc5t583
[    0.156053] driver_register -- functionpoint
[    0.156053] bus_add_driver -- functionpoint
[    0.156055] functionpoint -- bus: 'i2c': add driver sec_pmic
[    0.156059] driver_register -- functionpoint
[    0.156059] bus_add_driver -- functionpoint
[    0.156061] functionpoint -- bus: 'i2c': add driver as3711
[    0.156072] driver_register -- functionpoint
[    0.156072] bus_add_driver -- functionpoint
[    0.156074] functionpoint -- bus: 'nd': add driver nd_bus
[    0.156079] driver_register -- functionpoint
[    0.156079] bus_add_driver -- functionpoint
[    0.156081] functionpoint -- bus: 'nd': add driver nvdimm
[    0.156085] driver_register -- functionpoint
[    0.156086] bus_add_driver -- functionpoint
[    0.156087] functionpoint -- bus: 'nd': add driver nd_region
[    0.156144] SCSI subsystem initialized
[    0.156156] libata version 3.00 loaded.
[    0.156156] driver_register -- functionpoint
[    0.156156] bus_add_driver -- functionpoint
[    0.156156] functionpoint -- bus: 'mdio_bus': add driver Generic 10G PHY
[    0.156156] driver_register -- functionpoint
[    0.156156] bus_add_driver -- functionpoint
[    0.156156] functionpoint -- bus: 'mdio_bus': add driver Generic PHY
[    0.156156] ACPI: bus type USB registered
[    0.156156] driver_register -- functionpoint
[    0.156156] bus_add_driver -- functionpoint
[    0.156156] functionpoint -- bus: 'usb': add driver usbfs
[    0.156156] usbcore: registered new interface driver usbfs
[    0.156156] driver_register -- functionpoint
[    0.156156] bus_add_driver -- functionpoint
[    0.156156] functionpoint -- bus: 'usb': add driver hub
[    0.156156] usbcore: registered new interface driver hub
[    0.156156] driver_register -- functionpoint
[    0.156156] bus_add_driver -- functionpoint
[    0.156156] functionpoint -- bus: 'usb': add driver usb
[    0.156156] usbcore: registered new device driver usb
[    0.156156] driver_register -- functionpoint
[    0.156156] bus_add_driver -- functionpoint
[    0.156156] functionpoint -- bus: 'platform': add driver i2c_designware
[    0.156156] __driver_attach -- functionpoint
[    0.156156] __driver_attach -- functionpoint
[    0.156156] __driver_attach -- functionpoint
[    0.156156] __driver_attach -- functionpoint
[    0.156156] __driver_attach -- functionpoint
[    0.156156] __driver_attach -- functionpoint
[    0.156156] __driver_attach -- functionpoint
[    0.156156] __driver_attach -- functionpoint
[    0.156156] __driver_attach -- functionpoint
[    0.156156] __driver_attach -- functionpoint
[    0.156156] __driver_attach -- functionpoint
[    0.156156] EDAC MC: Ver: 3.0.0
[    0.156156] Registered efivars operations
[    0.189698] start pci_subsys_init -- functionpoint
[    0.189698] PCI: Using ACPI for IRQ routing
[    0.209643] pcibios_init -- functionpoint
[    0.209643] PCI: pci_cache_line_size set to 64 bytes
[    0.209737] e820: reserve RAM buffer [mem 0x0009f000-0x0009ffff]
[    0.209738] e820: reserve RAM buffer [mem 0xbe6ab000-0xbfffffff]
[    0.209739] e820: reserve RAM buffer [mem 0xbfc10000-0xbfffffff]
[    0.209740] e820: reserve RAM buffer [mem 0x427800000-0x427ffffff]
[    0.209740] end pci_subsys_init -- functionpoint
[    0.209813] NetLabel: Initializing
[    0.209815] NetLabel:  domain hash size = 128
[    0.209816] NetLabel:  protocols = UNLABELED CIPSOv4 CALIPSO
[    0.209826] NetLabel:  unlabeled traffic allowed by default
[    0.209836] hpet0: at MMIO 0xfed00000, IRQs 2, 8, 0, 0, 0, 0, 0, 0
[    0.209836] hpet0: 8 comparators, 64-bit 24.000000 MHz counter
[    0.212023] clocksource: Switched to clocksource hpet
[    0.220688] VFS: Disk quotas dquot_6.6.0
[    0.220701] VFS: Dquot-cache hash table entries: 512 (order 0, 4096 bytes)
[    0.220777] AppArmor: AppArmor Filesystem Enabled
[    0.220779] driver_register -- functionpoint
[    0.220780] bus_add_driver -- functionpoint
[    0.220782] functionpoint -- bus: 'platform': add driver simple-framebuffer
[    0.220787] __driver_attach -- functionpoint
[    0.220787] __driver_attach -- functionpoint
[    0.220789] __driver_attach -- functionpoint
[    0.220790] __driver_attach -- functionpoint
[    0.220792] __driver_attach -- functionpoint
[    0.220793] __driver_attach -- functionpoint
[    0.220795] __driver_attach -- functionpoint
[    0.220796] __driver_attach -- functionpoint
[    0.220798] __driver_attach -- functionpoint
[    0.220799] __driver_attach -- functionpoint
[    0.220801] __driver_attach -- functionpoint
[    0.220808] driver_register -- functionpoint
[    0.220809] bus_add_driver -- functionpoint
[    0.220811] functionpoint -- bus: 'pnp': add driver system
[    0.220818] pnp: PnP ACPI init
[    0.220904] really_probe -- functionpoint
[    0.220905] functionpoint -- bus: 'pnp': really_probe: probing driver system with device 00:00
[    0.220913] system 00:00: [mem 0x40000000-0x403fffff] could not be reserved
[    0.220917] system 00:00: Plug and Play ACPI device, IDs PNP0c02 (active)
[    0.221205] really_probe -- functionpoint
[    0.221206] functionpoint -- bus: 'pnp': really_probe: probing driver system with device 00:01
[    0.221213] system 00:01: [io  0x1800-0x18fe] has been reserved
[    0.221214] system 00:01: [mem 0xfd000000-0xfd69ffff] has been reserved
[    0.221216] system 00:01: [mem 0xfd6c0000-0xfd6cffff] has been reserved
[    0.221217] system 00:01: [mem 0xfd6f0000-0xfdffffff] has been reserved
[    0.221218] system 00:01: [mem 0xfe000000-0xfe01ffff] could not be reserved
[    0.221219] system 00:01: [mem 0xfe200000-0xfe7fffff] has been reserved
[    0.221221] system 00:01: [mem 0xff000000-0xffffffff] has been reserved
[    0.221224] system 00:01: Plug and Play ACPI device, IDs PNP0c02 (active)
[    0.221532] really_probe -- functionpoint
[    0.221533] functionpoint -- bus: 'pnp': really_probe: probing driver system with device 00:02
[    0.221539] system 00:02: [io  0x2000-0x20fe] has been reserved
[    0.221542] system 00:02: Plug and Play ACPI device, IDs PNP0c02 (active)
[    0.221660] really_probe -- functionpoint
[    0.221661] functionpoint -- bus: 'pnp': really_probe: probing driver system with device 00:03
[    0.221667] system 00:03: [io  0x0680-0x069f] has been reserved
[    0.221668] system 00:03: [io  0x164e-0x164f] has been reserved
[    0.221671] system 00:03: Plug and Play ACPI device, IDs PNP0c02 (active)
[    0.221716] pnp 00:04: Plug and Play ACPI device, IDs PNP0b00 (active)
[    0.221802] really_probe -- functionpoint
[    0.221803] functionpoint -- bus: 'pnp': really_probe: probing driver system with device 00:05
[    0.221809] system 00:05: [io  0x1854-0x1857] has been reserved
[    0.221812] system 00:05: Plug and Play ACPI device, IDs INT3f0d PNP0c02 (active)
[    0.221833] pnp 00:06: Plug and Play ACPI device, IDs HPQ8002 PNP0303 (active)
[    0.221851] pnp 00:07: Plug and Play ACPI device, IDs PNP0f13 SYN0100 SYN0002 (active)
[    0.222036] really_probe -- functionpoint
[    0.222037] functionpoint -- bus: 'pnp': really_probe: probing driver system with device 00:08
[    0.222043] system 00:08: [io  0x0200-0x023f] has been reserved
[    0.222045] system 00:08: [mem 0xfedb0000-0xfedbffff] has been reserved
[    0.222048] system 00:08: Plug and Play ACPI device, IDs PNP0c02 (active)
[    0.222371] really_probe -- functionpoint
[    0.222372] functionpoint -- bus: 'pnp': really_probe: probing driver system with device 00:09
[    0.222378] system 00:09: [mem 0xfd6e0000-0xfd6effff] has been reserved
[    0.222379] system 00:09: [mem 0xfd6d0000-0xfd6dffff] has been reserved
[    0.222381] system 00:09: [mem 0xfd6b0000-0xfd6bffff] has been reserved
[    0.222382] system 00:09: [mem 0xfd6a0000-0xfd6affff] has been reserved
[    0.222385] system 00:09: Plug and Play ACPI device, IDs PNP0c02 (active)
[    0.223455] really_probe -- functionpoint
[    0.223456] functionpoint -- bus: 'pnp': really_probe: probing driver system with device 00:0a
[    0.223463] system 00:0a: Plug and Play ACPI device, IDs PNP0c02 (active)
[    0.224070] really_probe -- functionpoint
[    0.224071] functionpoint -- bus: 'pnp': really_probe: probing driver system with device 00:0b
[    0.224077] system 00:0b: [mem 0xfed10000-0xfed17fff] has been reserved
[    0.224078] system 00:0b: [mem 0xfed18000-0xfed18fff] has been reserved
[    0.224080] system 00:0b: [mem 0xfed19000-0xfed19fff] has been reserved
[    0.224081] system 00:0b: [mem 0xf8000000-0xfbffffff] has been reserved
[    0.224082] system 00:0b: [mem 0xfed20000-0xfed3ffff] has been reserved
[    0.224083] system 00:0b: [mem 0xfed90000-0xfed93fff] could not be reserved
[    0.224084] system 00:0b: [mem 0xfed45000-0xfed8ffff] has been reserved
[    0.224086] system 00:0b: [mem 0xfee00000-0xfeefffff] has been reserved
[    0.224089] system 00:0b: Plug and Play ACPI device, IDs PNP0c02 (active)
[    0.224135] really_probe -- functionpoint
[    0.224136] functionpoint -- bus: 'pnp': really_probe: probing driver system with device 00:0c
[    0.224142] system 00:0c: [mem 0xfed40000-0xfed44fff] has been reserved
[    0.224144] system 00:0c: Plug and Play ACPI device, IDs PNP0c02 (active)
[    0.224270] pnp: PnP ACPI: found 13 devices
[    0.234753] clocksource: acpi_pm: mask: 0xffffff max_cycles: 0xffffff, max_idle_ns: 2085701024 ns
[    0.234756] pci 0000:03:00.0: can't claim BAR 6 [mem 0xfffe0000-0xffffffff pref]: no compatible bridge window
[    0.234801] __pci_setup_bridge -- functionpoint
[    0.234802] pci 0000:00:1b.0: PCI bridge to [bus 01]
[    0.234810] pci 0000:00:1b.0:   bridge window [mem 0xf1100000-0xf11fffff]
[    0.234821] pci 0000:03:00.0: BAR 6: assigned [mem 0xf1020000-0xf103ffff pref]
[    0.234822] __pci_setup_bridge -- functionpoint
[    0.234823] pci 0000:02:00.0: PCI bridge to [bus 03]
[    0.234828] pci 0000:02:00.0:   bridge window [io  0x3000-0x3fff]
[    0.234838] pci 0000:02:00.0:   bridge window [mem 0xf1000000-0xf10fffff]
[    0.234855] __pci_setup_bridge -- functionpoint
[    0.234856] pci 0000:00:1c.0: PCI bridge to [bus 02-03]
[    0.234860] pci 0000:00:1c.0:   bridge window [io  0x3000-0x3fff]
[    0.234865] pci 0000:00:1c.0:   bridge window [mem 0xf1000000-0xf10fffff]
[    0.234876] pci_bus 0000:00: resource 4 [io  0x0000-0x0cf7 window]
[    0.234877] pci_bus 0000:00: resource 5 [io  0x0d00-0xffff window]
[    0.234878] pci_bus 0000:00: resource 6 [mem 0x000a0000-0x000bffff window]
[    0.234879] pci_bus 0000:00: resource 7 [mem 0xd4800000-0xf7ffffff window]
[    0.234880] pci_bus 0000:00: resource 8 [mem 0x4000000000-0x7fffffffff window]
[    0.234881] pci_bus 0000:00: resource 9 [mem 0xfc800000-0xfe7fffff window]
[    0.234883] pci_bus 0000:01: resource 1 [mem 0xf1100000-0xf11fffff]
[    0.234884] pci_bus 0000:02: resource 0 [io  0x3000-0x3fff]
[    0.234885] pci_bus 0000:02: resource 1 [mem 0xf1000000-0xf10fffff]
[    0.234886] pci_bus 0000:03: resource 0 [io  0x3000-0x3fff]
[    0.234887] pci_bus 0000:03: resource 1 [mem 0xf1000000-0xf10fffff]
[    0.234888] pci_bus 0000:03: resource 4 [io  0x3000-0x3fff]
[    0.234889] pci_bus 0000:03: resource 5 [mem 0xf1000000-0xf10fffff]
[    0.235031] NET: Registered protocol family 2
[    0.235175] TCP established hash table entries: 131072 (order: 8, 1048576 bytes)
[    0.235314] TCP bind hash table entries: 65536 (order: 8, 1048576 bytes)
[    0.235390] TCP: Hash tables configured (established 131072 bind 65536)
[    0.235419] UDP hash table entries: 8192 (order: 6, 262144 bytes)
[    0.235449] UDP-Lite hash table entries: 8192 (order: 6, 262144 bytes)
[    0.235501] NET: Registered protocol family 1
[    0.235510] pci 0000:00:02.0: Video device with shadowed ROM at [mem 0x000c0000-0x000dffff]
[    0.235805] PCI: CLS 0 bytes, default 64
[    0.235828] Unpacking initramfs...
[    5.764319] Freeing initrd memory: 440864K
[    5.764398] PCI-DMA: Using software bounce buffering for IO (SWIOTLB)
[    5.764400] software IO TLB [mem 0xb9506000-0xbd506000] (64MB) mapped at [000000003f75c4e3-000000005be92f56]
[    5.764870] clocksource: tsc: mask: 0xffffffffffffffff max_cycles: 0x2b3e459bf4c, max_idle_ns: 440795289890 ns
[    5.765291] Scanning for low memory corruption every 60 seconds
[    5.765499] __pci_register_driver -- functionpoint
[    5.765500] driver_register -- functionpoint
[    5.765504] bus_add_driver -- functionpoint
[    5.765506] functionpoint -- bus: 'pci': add driver iosf_mbi_pci
[    5.765509] __driver_attach -- functionpoint
[    5.765510] __driver_attach -- functionpoint
[    5.765512] __driver_attach -- functionpoint
[    5.765513] __driver_attach -- functionpoint
[    5.765515] __driver_attach -- functionpoint
[    5.765516] __driver_attach -- functionpoint
[    5.765517] __driver_attach -- functionpoint
[    5.765519] __driver_attach -- functionpoint
[    5.765520] __driver_attach -- functionpoint
[    5.765522] __driver_attach -- functionpoint
[    5.765523] __driver_attach -- functionpoint
[    5.765525] __driver_attach -- functionpoint
[    5.765526] __driver_attach -- functionpoint
[    5.765527] __driver_attach -- functionpoint
[    5.765529] __driver_attach -- functionpoint
[    5.765530] __driver_attach -- functionpoint
[    5.765532] __driver_attach -- functionpoint
[    5.765533] __driver_attach -- functionpoint
[    5.765638] driver_register -- functionpoint
[    5.765640] bus_add_driver -- functionpoint
[    5.765641] functionpoint -- bus: 'platform': add driver alarmtimer
[    5.765647] __driver_attach -- functionpoint
[    5.765648] __driver_attach -- functionpoint
[    5.765649] __driver_attach -- functionpoint
[    5.765651] __driver_attach -- functionpoint
[    5.765652] __driver_attach -- functionpoint
[    5.765654] __driver_attach -- functionpoint
[    5.765656] __driver_attach -- functionpoint
[    5.765657] __driver_attach -- functionpoint
[    5.765659] __driver_attach -- functionpoint
[    5.765660] __driver_attach -- functionpoint
[    5.765662] __driver_attach -- functionpoint
[    5.765663] __driver_attach -- functionpoint
[    5.765665] __driver_attach -- functionpoint
[    5.765675] really_probe -- functionpoint
[    5.765678] functionpoint -- bus: 'platform': really_probe: probing driver alarmtimer with device alarmtimer
[    5.766084] Initialise system trusted keyrings
[    5.766096] Key type blacklist registered
[    5.766209] workingset: timestamp_bits=36 max_order=22 bucket_order=0
[    5.767093] zbud: loaded
[    5.767555] squashfs: version 4.0 (2009/01/31) Phillip Lougher
[    5.767809] fuse init (API version 7.26)
[    5.773164] Key type asymmetric registered
[    5.773165] Asymmetric key parser 'x509' registered
[    5.773191] Block layer SCSI generic (bsg) driver version 0.4 loaded (major 246)
[    5.773300] io scheduler noop registered
[    5.773301] io scheduler deadline registered
[    5.773350] io scheduler cfq registered (default)
[    5.773702] driver_register -- functionpoint
[    5.773703] bus_add_driver -- functionpoint
[    5.773706] functionpoint -- bus: 'platform': add driver amd_gpio
[    5.773709] __driver_attach -- functionpoint
[    5.773710] __driver_attach -- functionpoint
[    5.773712] __driver_attach -- functionpoint
[    5.773713] __driver_attach -- functionpoint
[    5.773715] __driver_attach -- functionpoint
[    5.773716] __driver_attach -- functionpoint
[    5.773718] __driver_attach -- functionpoint
[    5.773720] __driver_attach -- functionpoint
[    5.773721] __driver_attach -- functionpoint
[    5.773723] __driver_attach -- functionpoint
[    5.773724] __driver_attach -- functionpoint
[    5.773726] __driver_attach -- functionpoint
[    5.773727] __driver_attach -- functionpoint
[    5.773729] __driver_attach -- functionpoint
[    5.773732] driver_register -- functionpoint
[    5.773733] bus_add_driver -- functionpoint
[    5.773735] functionpoint -- bus: 'platform': add driver cannonlake-pinctrl
[    5.773738] __driver_attach -- functionpoint
[    5.773739] __driver_attach -- functionpoint
[    5.773740] __driver_attach -- functionpoint
[    5.773742] __driver_attach -- functionpoint
[    5.773743] __driver_attach -- functionpoint
[    5.773744] __driver_attach -- functionpoint
[    5.773746] __driver_attach -- functionpoint
[    5.773747] __driver_attach -- functionpoint
[    5.773749] __driver_attach -- functionpoint
[    5.773750] __driver_attach -- functionpoint
[    5.773752] __driver_attach -- functionpoint
[    5.773753] __driver_attach -- functionpoint
[    5.773754] __driver_attach -- functionpoint
[    5.773756] __driver_attach -- functionpoint
[    5.773759] driver_register -- functionpoint
[    5.773760] bus_add_driver -- functionpoint
[    5.773762] functionpoint -- bus: 'platform': add driver tps68470-gpio
[    5.773765] __driver_attach -- functionpoint
[    5.773765] __driver_attach -- functionpoint
[    5.773767] __driver_attach -- functionpoint
[    5.773768] __driver_attach -- functionpoint
[    5.773769] __driver_attach -- functionpoint
[    5.773771] __driver_attach -- functionpoint
[    5.773772] __driver_attach -- functionpoint
[    5.773774] __driver_attach -- functionpoint
[    5.773775] __driver_attach -- functionpoint
[    5.773776] __driver_attach -- functionpoint
[    5.773778] __driver_attach -- functionpoint
[    5.773779] __driver_attach -- functionpoint
[    5.773780] __driver_attach -- functionpoint
[    5.773782] __driver_attach -- functionpoint
[    5.773787] driver_register -- functionpoint
[    5.773788] bus_add_driver -- functionpoint
[    5.773790] functionpoint -- bus: 'platform': add driver crystal_cove_pwm
[    5.773793] __driver_attach -- functionpoint
[    5.773793] __driver_attach -- functionpoint
[    5.773794] __driver_attach -- functionpoint
[    5.773796] __driver_attach -- functionpoint
[    5.773797] __driver_attach -- functionpoint
[    5.773798] __driver_attach -- functionpoint
[    5.773800] __driver_attach -- functionpoint
[    5.773801] __driver_attach -- functionpoint
[    5.773803] __driver_attach -- functionpoint
[    5.773804] __driver_attach -- functionpoint
[    5.773805] __driver_attach -- functionpoint
[    5.773807] __driver_attach -- functionpoint
[    5.773808] __driver_attach -- functionpoint
[    5.773809] __driver_attach -- functionpoint
[    5.773830] __pci_register_driver -- functionpoint
[    5.773831] driver_register -- functionpoint
[    5.773833] bus_add_driver -- functionpoint
[    5.773834] functionpoint -- bus: 'pci': add driver pcieport
[    5.773837] __driver_attach -- functionpoint
[    5.773838] __driver_attach -- functionpoint
[    5.773839] __driver_attach -- functionpoint
[    5.773841] __driver_attach -- functionpoint
[    5.773842] __driver_attach -- functionpoint
[    5.773843] __driver_attach -- functionpoint
[    5.773845] __driver_attach -- functionpoint
[    5.773846] __driver_attach -- functionpoint
[    5.773847] __driver_attach -- functionpoint
[    5.773849] really_probe -- functionpoint
[    5.773851] functionpoint -- bus: 'pci': really_probe: probing driver pcieport with device 0000:00:1b.0
[    5.773857] pci_device_probe -- functionpoint
[    5.773857] pci_call_probe -- functionpoint
[    5.774208] __driver_attach -- functionpoint
[    5.774210] really_probe -- functionpoint
[    5.774212] functionpoint -- bus: 'pci': really_probe: probing driver pcieport with device 0000:00:1c.0
[    5.774217] pci_device_probe -- functionpoint
[    5.774217] pci_call_probe -- functionpoint
[    5.774492] __driver_attach -- functionpoint
[    5.774494] __driver_attach -- functionpoint
[    5.774496] __driver_attach -- functionpoint
[    5.774497] __driver_attach -- functionpoint
[    5.774498] __driver_attach -- functionpoint
[    5.774500] __driver_attach -- functionpoint
[    5.774501] __driver_attach -- functionpoint
[    5.774502] __driver_attach -- functionpoint
[    5.774508] driver_register -- functionpoint
[    5.774509] bus_add_driver -- functionpoint
[    5.774511] functionpoint -- bus: 'pci_express': add driver aer
[    5.774516] __driver_attach -- functionpoint
[    5.774516] __driver_attach -- functionpoint
[    5.774518] really_probe -- functionpoint
[    5.774520] functionpoint -- bus: 'pci_express': really_probe: probing driver aer with device 0000:00:1b.0:pcie002
[    5.774555] pcieport 0000:00:1b.0: AER enabled with IRQ 122
[    5.774557] __driver_attach -- functionpoint
[    5.774557] __driver_attach -- functionpoint
[    5.774558] __driver_attach -- functionpoint
[    5.774560] really_probe -- functionpoint
[    5.774562] functionpoint -- bus: 'pci_express': really_probe: probing driver aer with device 0000:00:1c.0:pcie002
[    5.774592] pcieport 0000:00:1c.0: AER enabled with IRQ 123
[    5.774593] __driver_attach -- functionpoint
[    5.774598] driver_register -- functionpoint
[    5.774599] bus_add_driver -- functionpoint
[    5.774601] functionpoint -- bus: 'pci_express': add driver pcie_pme
[    5.774604] __driver_attach -- functionpoint
[    5.774604] really_probe -- functionpoint
[    5.774606] functionpoint -- bus: 'pci_express': really_probe: probing driver pcie_pme with device 0000:00:1b.0:pcie001
[    5.774622] pcieport 0000:00:1b.0: Signaling PME with IRQ 122
[    5.774629] __driver_attach -- functionpoint
[    5.774629] __driver_attach -- functionpoint
[    5.774631] __driver_attach -- functionpoint
[    5.774632] really_probe -- functionpoint
[    5.774634] functionpoint -- bus: 'pci_express': really_probe: probing driver pcie_pme with device 0000:00:1c.0:pcie001
[    5.774651] pcieport 0000:00:1c.0: Signaling PME with IRQ 123
[    5.774655] __driver_attach -- functionpoint
[    5.774656] __driver_attach -- functionpoint
[    5.774659] driver_register -- functionpoint
[    5.774660] bus_add_driver -- functionpoint
[    5.774662] functionpoint -- bus: 'pci_express': add driver dpc
[    5.774664] __driver_attach -- functionpoint
[    5.774665] __driver_attach -- functionpoint
[    5.774666] __driver_attach -- functionpoint
[    5.774668] really_probe -- functionpoint
[    5.774669] functionpoint -- bus: 'pci_express': really_probe: probing driver dpc with device 0000:00:1b.0:pcie010
[    5.774690] dpc 0000:00:1b.0:pcie010: DPC error containment capabilities: Int Msg #0, RPExt+ PoisonedTLP+ SwTrigger+ RP PIO Log 4, DL_ActiveErr+
[    5.774692] __driver_attach -- functionpoint
[    5.774692] __driver_attach -- functionpoint
[    5.774694] __driver_attach -- functionpoint
[    5.774695] really_probe -- functionpoint
[    5.774697] functionpoint -- bus: 'pci_express': really_probe: probing driver dpc with device 0000:00:1c.0:pcie010
[    5.774715] dpc 0000:00:1c.0:pcie010: DPC error containment capabilities: Int Msg #0, RPExt+ PoisonedTLP+ SwTrigger+ RP PIO Log 4, DL_ActiveErr+
[    5.774718] driver_register -- functionpoint
[    5.774718] bus_add_driver -- functionpoint
[    5.774720] functionpoint -- bus: 'pci_express': add driver pciehp
[    5.774723] __driver_attach -- functionpoint
[    5.774723] __driver_attach -- functionpoint
[    5.774725] __driver_attach -- functionpoint
[    5.774726] __driver_attach -- functionpoint
[    5.774727] __driver_attach -- functionpoint
[    5.774729] __driver_attach -- functionpoint
[    5.774746] driver_register -- functionpoint
[    5.774748] bus_add_driver -- functionpoint
[    5.774749] functionpoint -- bus: 'platform': add driver dw-pcie
[    5.774752] __driver_attach -- functionpoint
[    5.774753] __driver_attach -- functionpoint
[    5.774754] __driver_attach -- functionpoint
[    5.774756] __driver_attach -- functionpoint
[    5.774757] __driver_attach -- functionpoint
[    5.774758] __driver_attach -- functionpoint
[    5.774760] __driver_attach -- functionpoint
[    5.774761] __driver_attach -- functionpoint
[    5.774763] __driver_attach -- functionpoint
[    5.774764] __driver_attach -- functionpoint
[    5.774765] __driver_attach -- functionpoint
[    5.774767] __driver_attach -- functionpoint
[    5.774768] __driver_attach -- functionpoint
[    5.774769] __driver_attach -- functionpoint
[    5.774772] __pci_register_driver -- functionpoint
[    5.774774] driver_register -- functionpoint
[    5.774775] bus_add_driver -- functionpoint
[    5.774777] functionpoint -- bus: 'pci': add driver imsttfb
[    5.774782] __driver_attach -- functionpoint
[    5.774782] __driver_attach -- functionpoint
[    5.774784] __driver_attach -- functionpoint
[    5.774785] __driver_attach -- functionpoint
[    5.774786] __driver_attach -- functionpoint
[    5.774788] __driver_attach -- functionpoint
[    5.774789] __driver_attach -- functionpoint
[    5.774790] __driver_attach -- functionpoint
[    5.774792] __driver_attach -- functionpoint
[    5.774793] __driver_attach -- functionpoint
[    5.774794] __driver_attach -- functionpoint
[    5.774796] __driver_attach -- functionpoint
[    5.774797] __driver_attach -- functionpoint
[    5.774799] __driver_attach -- functionpoint
[    5.774800] __driver_attach -- functionpoint
[    5.774801] __driver_attach -- functionpoint
[    5.774803] __driver_attach -- functionpoint
[    5.774804] __driver_attach -- functionpoint
[    5.774809] __pci_register_driver -- functionpoint
[    5.774810] driver_register -- functionpoint
[    5.774812] bus_add_driver -- functionpoint
[    5.774813] functionpoint -- bus: 'pci': add driver asiliantfb
[    5.774816] __driver_attach -- functionpoint
[    5.774816] __driver_attach -- functionpoint
[    5.774818] __driver_attach -- functionpoint
[    5.774819] __driver_attach -- functionpoint
[    5.774820] __driver_attach -- functionpoint
[    5.774822] __driver_attach -- functionpoint
[    5.774823] __driver_attach -- functionpoint
[    5.774824] __driver_attach -- functionpoint
[    5.774826] __driver_attach -- functionpoint
[    5.774827] __driver_attach -- functionpoint
[    5.774829] __driver_attach -- functionpoint
[    5.774830] __driver_attach -- functionpoint
[    5.774831] __driver_attach -- functionpoint
[    5.774833] __driver_attach -- functionpoint
[    5.774834] __driver_attach -- functionpoint
[    5.774835] __driver_attach -- functionpoint
[    5.774837] __driver_attach -- functionpoint
[    5.774838] __driver_attach -- functionpoint
[    5.774842] driver_register -- functionpoint
[    5.774843] bus_add_driver -- functionpoint
[    5.774845] functionpoint -- bus: 'platform': add driver vesa-framebuffer
[    5.774848] __driver_attach -- functionpoint
[    5.774848] __driver_attach -- functionpoint
[    5.774850] __driver_attach -- functionpoint
[    5.774851] __driver_attach -- functionpoint
[    5.774853] __driver_attach -- functionpoint
[    5.774854] __driver_attach -- functionpoint
[    5.774855] __driver_attach -- functionpoint
[    5.774857] __driver_attach -- functionpoint
[    5.774858] __driver_attach -- functionpoint
[    5.774859] __driver_attach -- functionpoint
[    5.774861] __driver_attach -- functionpoint
[    5.774862] __driver_attach -- functionpoint
[    5.774863] __driver_attach -- functionpoint
[    5.774865] __driver_attach -- functionpoint
[    5.774868] driver_register -- functionpoint
[    5.774869] bus_add_driver -- functionpoint
[    5.774871] functionpoint -- bus: 'platform': add driver efi-framebuffer
[    5.774874] __driver_attach -- functionpoint
[    5.774874] __driver_attach -- functionpoint
[    5.774876] __driver_attach -- functionpoint
[    5.774877] __driver_attach -- functionpoint
[    5.774878] __driver_attach -- functionpoint
[    5.774880] __driver_attach -- functionpoint
[    5.774881] __driver_attach -- functionpoint
[    5.774882] __driver_attach -- functionpoint
[    5.774884] __driver_attach -- functionpoint
[    5.774885] __driver_attach -- functionpoint
[    5.774886] __driver_attach -- functionpoint
[    5.774888] __driver_attach -- functionpoint
[    5.774889] __driver_attach -- functionpoint
[    5.774891] really_probe -- functionpoint
[    5.774893] functionpoint -- bus: 'platform': really_probe: probing driver efi-framebuffer with device efi-framebuffer.0
[    5.774898] efifb: probing for efifb
[    5.774906] efifb: framebuffer at 0xe0000000, using 8100k, total 8100k
[    5.774907] efifb: mode is 1920x1080x32, linelength=7680, pages=1
[    5.774907] efifb: scrolling: redraw
[    5.774908] efifb: Truecolor: size=8:8:8:8, shift=24:16:8:0
[    5.778737] Console: switching to colour frame buffer device 240x67
[    5.782436] fb0: EFI VGA frame buffer device
[    5.782439] __driver_attach -- functionpoint
[    5.782442] intel_idle: MWAIT substates: 0x11142120
[    5.782457] intel_idle: v0.4.1 model 0x9E
[    5.783124] intel_idle: lapic_timer_reliable_states 0xffffffff
[    5.783161] driver_register -- functionpoint
[    5.783161] bus_add_driver -- functionpoint
[    5.783177] functionpoint -- bus: 'acpi': add driver ac
[    5.783210] __driver_attach -- functionpoint
[    5.783210] __driver_attach -- functionpoint
[    5.783224] __driver_attach -- functionpoint
[    5.783238] __driver_attach -- functionpoint
[    5.783252] __driver_attach -- functionpoint
[    5.783266] __driver_attach -- functionpoint
[    5.783279] __driver_attach -- functionpoint
[    5.783293] __driver_attach -- functionpoint
[    5.783307] __driver_attach -- functionpoint
[    5.783321] __driver_attach -- functionpoint
[    5.783335] __driver_attach -- functionpoint
[    5.783348] __driver_attach -- functionpoint
[    5.783362] __driver_attach -- functionpoint
[    5.783376] __driver_attach -- functionpoint
[    5.783390] __driver_attach -- functionpoint
[    5.783404] __driver_attach -- functionpoint
[    5.783417] __driver_attach -- functionpoint
[    5.783431] __driver_attach -- functionpoint
[    5.783445] __driver_attach -- functionpoint
[    5.783459] __driver_attach -- functionpoint
[    5.783472] __driver_attach -- functionpoint
[    5.783486] __driver_attach -- functionpoint
[    5.783500] __driver_attach -- functionpoint
[    5.783514] __driver_attach -- functionpoint
[    5.783528] __driver_attach -- functionpoint
[    5.783542] __driver_attach -- functionpoint
[    5.783556] __driver_attach -- functionpoint
[    5.783569] __driver_attach -- functionpoint
[    5.783583] __driver_attach -- functionpoint
[    5.783597] __driver_attach -- functionpoint
[    5.783610] __driver_attach -- functionpoint
[    5.783625] __driver_attach -- functionpoint
[    5.783638] __driver_attach -- functionpoint
[    5.783652] __driver_attach -- functionpoint
[    5.783666] __driver_attach -- functionpoint
[    5.783680] __driver_attach -- functionpoint
[    5.783694] __driver_attach -- functionpoint
[    5.783708] __driver_attach -- functionpoint
[    5.783722] __driver_attach -- functionpoint
[    5.783736] __driver_attach -- functionpoint
[    5.783967] __driver_attach -- functionpoint
[    5.784243] __driver_attach -- functionpoint
[    5.784473] __driver_attach -- functionpoint
[    5.784703] __driver_attach -- functionpoint
[    5.784933] __driver_attach -- functionpoint
[    5.785161] __driver_attach -- functionpoint
[    5.785381] __driver_attach -- functionpoint
[    5.785587] __driver_attach -- functionpoint
[    5.785781] __driver_attach -- functionpoint
[    5.785975] __driver_attach -- functionpoint
[    5.786169] __driver_attach -- functionpoint
[    5.786364] __driver_attach -- functionpoint
[    5.786560] __driver_attach -- functionpoint
[    5.786755] __driver_attach -- functionpoint
[    5.786952] __driver_attach -- functionpoint
[    5.787148] __driver_attach -- functionpoint
[    5.787345] __driver_attach -- functionpoint
[    5.787542] __driver_attach -- functionpoint
[    5.787740] __driver_attach -- functionpoint
[    5.787938] __driver_attach -- functionpoint
[    5.788186] __driver_attach -- functionpoint
[    5.788378] __driver_attach -- functionpoint
[    5.788555] __driver_attach -- functionpoint
[    5.788715] __driver_attach -- functionpoint
[    5.788866] __driver_attach -- functionpoint
[    5.789012] __driver_attach -- functionpoint
[    5.789151] __driver_attach -- functionpoint
[    5.789281] __driver_attach -- functionpoint
[    5.789402] __driver_attach -- functionpoint
[    5.789523] __driver_attach -- functionpoint
[    5.789650] __driver_attach -- functionpoint
[    5.789772] __driver_attach -- functionpoint
[    5.789893] __driver_attach -- functionpoint
[    5.790015] __driver_attach -- functionpoint
[    5.790136] __driver_attach -- functionpoint
[    5.790258] __driver_attach -- functionpoint
[    5.790381] __driver_attach -- functionpoint
[    5.790503] __driver_attach -- functionpoint
[    5.790626] __driver_attach -- functionpoint
[    5.790748] __driver_attach -- functionpoint
[    5.790871] __driver_attach -- functionpoint
[    5.790993] __driver_attach -- functionpoint
[    5.791116] __driver_attach -- functionpoint
[    5.791239] __driver_attach -- functionpoint
[    5.791363] __driver_attach -- functionpoint
[    5.791487] __driver_attach -- functionpoint
[    5.791610] __driver_attach -- functionpoint
[    5.791734] __driver_attach -- functionpoint
[    5.791858] __driver_attach -- functionpoint
[    5.791982] __driver_attach -- functionpoint
[    5.792150] __driver_attach -- functionpoint
[    5.792275] __driver_attach -- functionpoint
[    5.792399] __driver_attach -- functionpoint
[    5.792524] __driver_attach -- functionpoint
[    5.792649] __driver_attach -- functionpoint
[    5.792774] __driver_attach -- functionpoint
[    5.792899] __driver_attach -- functionpoint
[    5.793024] __driver_attach -- functionpoint
[    5.793149] __driver_attach -- functionpoint
[    5.793274] __driver_attach -- functionpoint
[    5.793400] __driver_attach -- functionpoint
[    5.793526] __driver_attach -- functionpoint
[    5.793654] __driver_attach -- functionpoint
[    5.793779] __driver_attach -- functionpoint
[    5.793905] __driver_attach -- functionpoint
[    5.794031] __driver_attach -- functionpoint
[    5.794164] __driver_attach -- functionpoint
[    5.794290] __driver_attach -- functionpoint
[    5.794417] __driver_attach -- functionpoint
[    5.794543] __driver_attach -- functionpoint
[    5.794670] __driver_attach -- functionpoint
[    5.794796] __driver_attach -- functionpoint
[    5.794923] __driver_attach -- functionpoint
[    5.795050] __driver_attach -- functionpoint
[    5.795177] __driver_attach -- functionpoint
[    5.795304] __driver_attach -- functionpoint
[    5.795431] __driver_attach -- functionpoint
[    5.795559] __driver_attach -- functionpoint
[    5.795686] __driver_attach -- functionpoint
[    5.795813] __driver_attach -- functionpoint
[    5.795940] __driver_attach -- functionpoint
[    5.796106] __driver_attach -- functionpoint
[    5.796233] __driver_attach -- functionpoint
[    5.796360] __driver_attach -- functionpoint
[    5.796487] __driver_attach -- functionpoint
[    5.796614] __driver_attach -- functionpoint
[    5.796741] __driver_attach -- functionpoint
[    5.796868] __driver_attach -- functionpoint
[    5.796995] __driver_attach -- functionpoint
[    5.797122] __driver_attach -- functionpoint
[    5.797250] __driver_attach -- functionpoint
[    5.797377] __driver_attach -- functionpoint
[    5.797505] __driver_attach -- functionpoint
[    5.797632] __driver_attach -- functionpoint
[    5.797759] __driver_attach -- functionpoint
[    5.797886] __driver_attach -- functionpoint
[    5.798014] __driver_attach -- functionpoint
[    5.798141] __driver_attach -- functionpoint
[    5.798268] __driver_attach -- functionpoint
[    5.798395] __driver_attach -- functionpoint
[    5.798523] __driver_attach -- functionpoint
[    5.798650] __driver_attach -- functionpoint
[    5.798777] __driver_attach -- functionpoint
[    5.798904] __driver_attach -- functionpoint
[    5.799031] __driver_attach -- functionpoint
[    5.799158] __driver_attach -- functionpoint
[    5.799285] __driver_attach -- functionpoint
[    5.799412] __driver_attach -- functionpoint
[    5.799539] __driver_attach -- functionpoint
[    5.799666] __driver_attach -- functionpoint
[    5.799793] __driver_attach -- functionpoint
[    5.799920] __driver_attach -- functionpoint
[    5.800092] __driver_attach -- functionpoint
[    5.800219] __driver_attach -- functionpoint
[    5.800347] __driver_attach -- functionpoint
[    5.800474] __driver_attach -- functionpoint
[    5.800602] __driver_attach -- functionpoint
[    5.800730] __driver_attach -- functionpoint
[    5.800857] __driver_attach -- functionpoint
[    5.800985] __driver_attach -- functionpoint
[    5.801112] __driver_attach -- functionpoint
[    5.801239] __driver_attach -- functionpoint
[    5.801368] __driver_attach -- functionpoint
[    5.801495] __driver_attach -- functionpoint
[    5.801623] __driver_attach -- functionpoint
[    5.801751] __driver_attach -- functionpoint
[    5.801879] __driver_attach -- functionpoint
[    5.802006] __driver_attach -- functionpoint
[    5.802134] __driver_attach -- functionpoint
[    5.802261] __driver_attach -- functionpoint
[    5.802389] __driver_attach -- functionpoint
[    5.802517] __driver_attach -- functionpoint
[    5.802645] __driver_attach -- functionpoint
[    5.802772] __driver_attach -- functionpoint
[    5.802900] __driver_attach -- functionpoint
[    5.803028] __driver_attach -- functionpoint
[    5.803156] __driver_attach -- functionpoint
[    5.803283] __driver_attach -- functionpoint
[    5.803411] __driver_attach -- functionpoint
[    5.803539] __driver_attach -- functionpoint
[    5.803666] __driver_attach -- functionpoint
[    5.803794] __driver_attach -- functionpoint
[    5.803921] __driver_attach -- functionpoint
[    5.804091] __driver_attach -- functionpoint
[    5.804219] __driver_attach -- functionpoint
[    5.804347] __driver_attach -- functionpoint
[    5.804475] __driver_attach -- functionpoint
[    5.804602] __driver_attach -- functionpoint
[    5.804730] __driver_attach -- functionpoint
[    5.804857] __driver_attach -- functionpoint
[    5.804984] __driver_attach -- functionpoint
[    5.805112] __driver_attach -- functionpoint
[    5.805239] __driver_attach -- functionpoint
[    5.805367] __driver_attach -- functionpoint
[    5.805494] __driver_attach -- functionpoint
[    5.805622] __driver_attach -- functionpoint
[    5.805749] __driver_attach -- functionpoint
[    5.805877] __driver_attach -- functionpoint
[    5.806004] __driver_attach -- functionpoint
[    5.806131] __driver_attach -- functionpoint
[    5.806259] __driver_attach -- functionpoint
[    5.806387] __driver_attach -- functionpoint
[    5.806514] __driver_attach -- functionpoint
[    5.806642] __driver_attach -- functionpoint
[    5.806769] __driver_attach -- functionpoint
[    5.806897] __driver_attach -- functionpoint
[    5.807024] __driver_attach -- functionpoint
[    5.807151] __driver_attach -- functionpoint
[    5.807279] __driver_attach -- functionpoint
[    5.807406] __driver_attach -- functionpoint
[    5.807534] __driver_attach -- functionpoint
[    5.807662] __driver_attach -- functionpoint
[    5.807789] __driver_attach -- functionpoint
[    5.807916] __driver_attach -- functionpoint
[    5.808089] __driver_attach -- functionpoint
[    5.808216] __driver_attach -- functionpoint
[    5.808343] __driver_attach -- functionpoint
[    5.808471] __driver_attach -- functionpoint
[    5.808598] __driver_attach -- functionpoint
[    5.808726] __driver_attach -- functionpoint
[    5.808853] __driver_attach -- functionpoint
[    5.808981] __driver_attach -- functionpoint
[    5.809111] driver_register -- functionpoint
[    5.809239] bus_add_driver -- functionpoint
[    5.809369] functionpoint -- bus: 'acpi': add driver button
[    5.809659] __driver_attach -- functionpoint
[    5.809660] __driver_attach -- functionpoint
[    5.809819] __driver_attach -- functionpoint
[    5.809978] __driver_attach -- functionpoint
[    5.810136] __driver_attach -- functionpoint
[    5.810294] __driver_attach -- functionpoint
[    5.810453] __driver_attach -- functionpoint
[    5.810612] __driver_attach -- functionpoint
[    5.810770] __driver_attach -- functionpoint
[    5.810929] __driver_attach -- functionpoint
[    5.811088] __driver_attach -- functionpoint
[    5.811246] __driver_attach -- functionpoint
[    5.811405] __driver_attach -- functionpoint
[    5.811564] __driver_attach -- functionpoint
[    5.811722] __driver_attach -- functionpoint
[    5.811881] __driver_attach -- functionpoint
[    5.812086] __driver_attach -- functionpoint
[    5.812245] __driver_attach -- functionpoint
[    5.812403] __driver_attach -- functionpoint
[    5.812562] __driver_attach -- functionpoint
[    5.812721] __driver_attach -- functionpoint
[    5.812880] __driver_attach -- functionpoint
[    5.813039] __driver_attach -- functionpoint
[    5.813199] __driver_attach -- functionpoint
[    5.813358] __driver_attach -- functionpoint
[    5.813517] __driver_attach -- functionpoint
[    5.813675] __driver_attach -- functionpoint
[    5.813834] __driver_attach -- functionpoint
[    5.813993] __driver_attach -- functionpoint
[    5.814152] __driver_attach -- functionpoint
[    5.814310] __driver_attach -- functionpoint
[    5.814469] __driver_attach -- functionpoint
[    5.814629] __driver_attach -- functionpoint
[    5.814788] __driver_attach -- functionpoint
[    5.814946] __driver_attach -- functionpoint
[    5.815105] __driver_attach -- functionpoint
[    5.815264] __driver_attach -- functionpoint
[    5.815423] __driver_attach -- functionpoint
[    5.815582] __driver_attach -- functionpoint
[    5.815741] __driver_attach -- functionpoint
[    5.815900] __driver_attach -- functionpoint
[    5.816098] __driver_attach -- functionpoint
[    5.816257] __driver_attach -- functionpoint
[    5.816416] __driver_attach -- functionpoint
[    5.816575] __driver_attach -- functionpoint
[    5.816734] __driver_attach -- functionpoint
[    5.816893] __driver_attach -- functionpoint
[    5.817052] __driver_attach -- functionpoint
[    5.817211] __driver_attach -- functionpoint
[    5.817370] __driver_attach -- functionpoint
[    5.817528] __driver_attach -- functionpoint
[    5.817687] __driver_attach -- functionpoint
[    5.817846] __driver_attach -- functionpoint
[    5.818005] __driver_attach -- functionpoint
[    5.818164] __driver_attach -- functionpoint
[    5.818323] __driver_attach -- functionpoint
[    5.818482] __driver_attach -- functionpoint
[    5.818641] __driver_attach -- functionpoint
[    5.818800] __driver_attach -- functionpoint
[    5.818958] __driver_attach -- functionpoint
[    5.819117] __driver_attach -- functionpoint
[    5.819276] __driver_attach -- functionpoint
[    5.819435] __driver_attach -- functionpoint
[    5.819594] __driver_attach -- functionpoint
[    5.819753] __driver_attach -- functionpoint
[    5.819909] __driver_attach -- functionpoint
[    5.820102] __driver_attach -- functionpoint
[    5.820240] __driver_attach -- functionpoint
[    5.820368] __driver_attach -- functionpoint
[    5.820496] __driver_attach -- functionpoint
[    5.820624] __driver_attach -- functionpoint
[    5.820753] __driver_attach -- functionpoint
[    5.820881] __driver_attach -- functionpoint
[    5.821008] __driver_attach -- functionpoint
[    5.821135] __driver_attach -- functionpoint
[    5.821262] __driver_attach -- functionpoint
[    5.821390] __driver_attach -- functionpoint
[    5.821517] __driver_attach -- functionpoint
[    5.821644] __driver_attach -- functionpoint
[    5.821771] __driver_attach -- functionpoint
[    5.821898] __driver_attach -- functionpoint
[    5.822026] __driver_attach -- functionpoint
[    5.822153] __driver_attach -- functionpoint
[    5.822281] __driver_attach -- functionpoint
[    5.822408] __driver_attach -- functionpoint
[    5.822535] __driver_attach -- functionpoint
[    5.822662] __driver_attach -- functionpoint
[    5.822790] __driver_attach -- functionpoint
[    5.822917] __driver_attach -- functionpoint
[    5.823044] __driver_attach -- functionpoint
[    5.823171] __driver_attach -- functionpoint
[    5.823298] __driver_attach -- functionpoint
[    5.823426] __driver_attach -- functionpoint
[    5.823553] __driver_attach -- functionpoint
[    5.823681] __driver_attach -- functionpoint
[    5.823808] __driver_attach -- functionpoint
[    5.823935] __driver_attach -- functionpoint
[    5.824098] __driver_attach -- functionpoint
[    5.824225] __driver_attach -- functionpoint
[    5.824353] __driver_attach -- functionpoint
[    5.824481] __driver_attach -- functionpoint
[    5.824609] __driver_attach -- functionpoint
[    5.824744] __driver_attach -- functionpoint
[    5.824871] __driver_attach -- functionpoint
[    5.824998] __driver_attach -- functionpoint
[    5.825126] __driver_attach -- functionpoint
[    5.825253] __driver_attach -- functionpoint
[    5.825380] __driver_attach -- functionpoint
[    5.825508] __driver_attach -- functionpoint
[    5.825638] __driver_attach -- functionpoint
[    5.825765] __driver_attach -- functionpoint
[    5.825893] __driver_attach -- functionpoint
[    5.826020] __driver_attach -- functionpoint
[    5.826147] __driver_attach -- functionpoint
[    5.826275] __driver_attach -- functionpoint
[    5.826402] __driver_attach -- functionpoint
[    5.826529] __driver_attach -- functionpoint
[    5.826656] __driver_attach -- functionpoint
[    5.826783] __driver_attach -- functionpoint
[    5.826910] __driver_attach -- functionpoint
[    5.827038] __driver_attach -- functionpoint
[    5.827164] __driver_attach -- functionpoint
[    5.827292] __driver_attach -- functionpoint
[    5.827419] __driver_attach -- functionpoint
[    5.827546] __driver_attach -- functionpoint
[    5.827673] __driver_attach -- functionpoint
[    5.827801] __driver_attach -- functionpoint
[    5.827928] __driver_attach -- functionpoint
[    5.828093] __driver_attach -- functionpoint
[    5.828220] __driver_attach -- functionpoint
[    5.828347] __driver_attach -- functionpoint
[    5.828475] __driver_attach -- functionpoint
[    5.828602] __driver_attach -- functionpoint
[    5.828729] __driver_attach -- functionpoint
[    5.828856] __driver_attach -- functionpoint
[    5.828983] __driver_attach -- functionpoint
[    5.829110] __driver_attach -- functionpoint
[    5.829237] __driver_attach -- functionpoint
[    5.829364] __driver_attach -- functionpoint
[    5.829491] __driver_attach -- functionpoint
[    5.829618] __driver_attach -- functionpoint
[    5.829745] __driver_attach -- functionpoint
[    5.829872] __driver_attach -- functionpoint
[    5.829999] __driver_attach -- functionpoint
[    5.830126] __driver_attach -- functionpoint
[    5.830252] __driver_attach -- functionpoint
[    5.830380] __driver_attach -- functionpoint
[    5.830507] __driver_attach -- functionpoint
[    5.830634] __driver_attach -- functionpoint
[    5.830761] __driver_attach -- functionpoint
[    5.830888] __driver_attach -- functionpoint
[    5.831015] __driver_attach -- functionpoint
[    5.831142] __driver_attach -- functionpoint
[    5.831270] __driver_attach -- functionpoint
[    5.831397] __driver_attach -- functionpoint
[    5.831525] __driver_attach -- functionpoint
[    5.831652] __driver_attach -- functionpoint
[    5.831779] __driver_attach -- functionpoint
[    5.831906] __driver_attach -- functionpoint
[    5.832078] __driver_attach -- functionpoint
[    5.832205] __driver_attach -- functionpoint
[    5.832333] __driver_attach -- functionpoint
[    5.832461] __driver_attach -- functionpoint
[    5.832588] __driver_attach -- functionpoint
[    5.832715] __driver_attach -- functionpoint
[    5.832842] __driver_attach -- functionpoint
[    5.832970] __driver_attach -- functionpoint
[    5.833097] __driver_attach -- functionpoint
[    5.833224] __driver_attach -- functionpoint
[    5.833351] __driver_attach -- functionpoint
[    5.833479] __driver_attach -- functionpoint
[    5.833607] __driver_attach -- functionpoint
[    5.833734] __driver_attach -- functionpoint
[    5.833861] __driver_attach -- functionpoint
[    5.833988] __driver_attach -- functionpoint
[    5.834115] __driver_attach -- functionpoint
[    5.834242] __driver_attach -- functionpoint
[    5.834370] __driver_attach -- functionpoint
[    5.834498] __driver_attach -- functionpoint
[    5.834625] __driver_attach -- functionpoint
[    5.834752] __driver_attach -- functionpoint
[    5.834880] __driver_attach -- functionpoint
[    5.835007] __driver_attach -- functionpoint
[    5.835134] __driver_attach -- functionpoint
[    5.835262] __driver_attach -- functionpoint
[    5.835389] __driver_attach -- functionpoint
[    5.835517] __driver_attach -- functionpoint
[    5.835644] __driver_attach -- functionpoint
[    5.835772] __driver_attach -- functionpoint
[    5.835899] __driver_attach -- functionpoint
[    5.836072] __driver_attach -- functionpoint
[    5.836199] __driver_attach -- functionpoint
[    5.836327] __driver_attach -- functionpoint
[    5.836456] really_probe -- functionpoint
[    5.836584] functionpoint -- bus: 'acpi': really_probe: probing driver button with device PNP0C0E:00
[    5.836914] input: Sleep Button as /devices/LNXSYSTM:00/LNXSYBUS:00/PNP0C0E:00/input/input0
[    5.836930] ACPI: Sleep Button [SLPB]
[    5.836935] __driver_attach -- functionpoint
[    5.836935] __driver_attach -- functionpoint
[    5.837110] __driver_attach -- functionpoint
[    5.837284] really_probe -- functionpoint
[    5.837458] functionpoint -- bus: 'acpi': really_probe: probing driver button with device PNP0C0C:00
[    5.837875] input: Power Button as /devices/LNXSYSTM:00/LNXSYBUS:00/PNP0C0C:00/input/input1
[    5.837890] ACPI: Power Button [PWRB]
[    5.837892] __driver_attach -- functionpoint
[    5.837893] __driver_attach -- functionpoint
[    5.838114] __driver_attach -- functionpoint
[    5.838334] __driver_attach -- functionpoint
[    5.838554] __driver_attach -- functionpoint
[    5.838775] __driver_attach -- functionpoint
[    5.838995] __driver_attach -- functionpoint
[    5.839215] __driver_attach -- functionpoint
[    5.839435] __driver_attach -- functionpoint
[    5.839655] __driver_attach -- functionpoint
[    5.839874] __driver_attach -- functionpoint
[    5.840130] __driver_attach -- functionpoint
[    5.840349] __driver_attach -- functionpoint
[    5.840568] __driver_attach -- functionpoint
[    5.840787] __driver_attach -- functionpoint
[    5.841007] __driver_attach -- functionpoint
[    5.841225] __driver_attach -- functionpoint
[    5.841445] __driver_attach -- functionpoint
[    5.841664] __driver_attach -- functionpoint
[    5.841883] __driver_attach -- functionpoint
[    5.842101] __driver_attach -- functionpoint
[    5.842320] __driver_attach -- functionpoint
[    5.842539] __driver_attach -- functionpoint
[    5.842759] __driver_attach -- functionpoint
[    5.842978] __driver_attach -- functionpoint
[    5.843196] __driver_attach -- functionpoint
[    5.843415] really_probe -- functionpoint
[    5.843635] functionpoint -- bus: 'acpi': really_probe: probing driver button with device LNXPWRBN:00
[    5.844181] input: Power Button as /devices/LNXSYSTM:00/LNXPWRBN:00/input/input2
[    5.844385] ACPI: Power Button [PWRF]
[    5.844400] driver_register -- functionpoint
[    5.844401] bus_add_driver -- functionpoint
[    5.844670] functionpoint -- bus: 'platform': add driver acpi-fan
[    5.845234] __driver_attach -- functionpoint
[    5.845235] __driver_attach -- functionpoint
[    5.845533] __driver_attach -- functionpoint
[    5.845831] __driver_attach -- functionpoint
[    5.846128] __driver_attach -- functionpoint
[    5.846425] __driver_attach -- functionpoint
[    5.846722] __driver_attach -- functionpoint
[    5.847019] __driver_attach -- functionpoint
[    5.847316] __driver_attach -- functionpoint
[    5.847613] __driver_attach -- functionpoint
[    5.847911] __driver_attach -- functionpoint
[    5.848254] __driver_attach -- functionpoint
[    5.848551] __driver_attach -- functionpoint
[    5.848849] __driver_attach -- functionpoint
[    5.849148] driver_register -- functionpoint
[    5.849446] bus_add_driver -- functionpoint
[    5.849747] functionpoint -- bus: 'cpu': add driver processor
[    5.850381] __driver_attach -- functionpoint
[    5.850382] really_probe -- functionpoint
[    5.850714] functionpoint -- bus: 'cpu': really_probe: probing driver processor with device cpu0
[    5.851767] __driver_attach -- functionpoint
[    5.851768] really_probe -- functionpoint
[    5.852195] functionpoint -- bus: 'cpu': really_probe: probing driver processor with device cpu1
[    5.853292] __driver_attach -- functionpoint
[    5.853293] really_probe -- functionpoint
[    5.853719] functionpoint -- bus: 'cpu': really_probe: probing driver processor with device cpu2
[    5.854783] __driver_attach -- functionpoint
[    5.854784] really_probe -- functionpoint
[    5.855253] functionpoint -- bus: 'cpu': really_probe: probing driver processor with device cpu3
[    5.856553] __driver_attach -- functionpoint
[    5.856554] really_probe -- functionpoint
[    5.857041] functionpoint -- bus: 'cpu': really_probe: probing driver processor with device cpu4
[    5.858295] __driver_attach -- functionpoint
[    5.858296] really_probe -- functionpoint
[    5.858809] functionpoint -- bus: 'cpu': really_probe: probing driver processor with device cpu5
[    5.860177] __driver_attach -- functionpoint
[    5.860178] really_probe -- functionpoint
[    5.860689] functionpoint -- bus: 'cpu': really_probe: probing driver processor with device cpu6
[    5.862031] __driver_attach -- functionpoint
[    5.862032] really_probe -- functionpoint
[    5.862588] functionpoint -- bus: 'cpu': really_probe: probing driver processor with device cpu7
[    5.864221] driver_register -- functionpoint
[    5.864222] bus_add_driver -- functionpoint
[    5.864824] functionpoint -- bus: 'acpi': add driver thermal
[    5.866053] __driver_attach -- functionpoint
[    5.866054] __driver_attach -- functionpoint
[    5.866684] __driver_attach -- functionpoint
[    5.867313] __driver_attach -- functionpoint
[    5.867942] __driver_attach -- functionpoint
[    5.868616] __driver_attach -- functionpoint
[    5.869245] __driver_attach -- functionpoint
[    5.869875] __driver_attach -- functionpoint
[    5.870503] __driver_attach -- functionpoint
[    5.871132] __driver_attach -- functionpoint
[    5.871763] __driver_attach -- functionpoint
[    5.872440] __driver_attach -- functionpoint
[    5.873070] __driver_attach -- functionpoint
[    5.873699] __driver_attach -- functionpoint
[    5.874329] __driver_attach -- functionpoint
[    5.874958] __driver_attach -- functionpoint
[    5.875588] __driver_attach -- functionpoint
[    5.876264] __driver_attach -- functionpoint
[    5.876893] __driver_attach -- functionpoint
[    5.877516] __driver_attach -- functionpoint
[    5.878118] __driver_attach -- functionpoint
[    5.878701] __driver_attach -- functionpoint
[    5.879278] __driver_attach -- functionpoint
