[    0.000000] ACPI: LAPIC_NMI (acpi_id[0x0d] high edge lint[0x1])
[    0.000000] ACPI: LAPIC_NMI (acpi_id[0x0e] high edge lint[0x1])
[    0.000000] ACPI: LAPIC_NMI (acpi_id[0x0f] high edge lint[0x1])
[    0.000000] ACPI: LAPIC_NMI (acpi_id[0x10] high edge lint[0x1])
[    0.000000] IOAPIC[0]: apic_id 2, version 32, address 0xfec00000, GSI 0-119
[    0.000000] ACPI: INT_SRC_OVR (bus 0 bus_irq 0 global_irq 2 dfl dfl)
[    0.000000] ACPI: INT_SRC_OVR (bus 0 bus_irq 9 global_irq 9 high level)
[    0.000000] ACPI: IRQ0 used by override.
[    0.000000] ACPI: IRQ9 used by override.
[    0.000000] Using ACPI (MADT) for SMP configuration information
[    0.000000] ACPI: HPET id: 0x8086a201 base: 0xfed00000
[    0.000000] smpboot: Allowing 8 CPUs, 0 hotplug CPUs
[    0.000000] PM: Registered nosave memory: [mem 0x00000000-0x00000fff]
[    0.000000] PM: Registered nosave memory: [mem 0x0009f000-0x000fffff]
[    0.000000] PM: Registered nosave memory: [mem 0xbe6ab000-0xbf98efff]
[    0.000000] PM: Registered nosave memory: [mem 0xbf98f000-0xbfb8efff]
[    0.000000] PM: Registered nosave memory: [mem 0xbfb8f000-0xbfc0efff]
[    0.000000] PM: Registered nosave memory: [mem 0xbfc10000-0xd47fffff]
[    0.000000] PM: Registered nosave memory: [mem 0xd4800000-0xfe00ffff]
[    0.000000] PM: Registered nosave memory: [mem 0xfe010000-0xfe010fff]
[    0.000000] PM: Registered nosave memory: [mem 0xfe011000-0xfeffffff]
[    0.000000] PM: Registered nosave memory: [mem 0xff000000-0xffffffff]
[    0.000000] e820: [mem 0xd4800000-0xfe00ffff] available for PCI devices
[    0.000000] Booting paravirtualized kernel on bare hardware
[    0.000000] clocksource: refined-jiffies: mask: 0xffffffff max_cycles: 0xffffffff, max_idle_ns: 7645519600211568 ns
[    0.000000] setup_percpu: NR_CPUS:8192 nr_cpumask_bits:8 nr_cpu_ids:8 nr_node_ids:1
[    0.000000] percpu: Embedded 46 pages/cpu @        (ptrval) s151552 r8192 d28672 u262144
[    0.000000] pcpu-alloc: s151552 r8192 d28672 u262144 alloc=1*2097152
[    0.000000] pcpu-alloc: [0] 0 1 2 3 4 5 6 7 
[    0.000000] Built 1 zonelists, mobility grouping on.  Total pages: 4023482
[    0.000000] Policy zone: Normal
[    0.000000] Kernel command line: BOOT_IMAGE=/boot/vmlinuz-4.15.9+ root=UUID=da0e40f1-3840-43a9-b61a-7b465a7673d3 ro quiet splash vt.handoff=7
[    0.000000] Calgary: detecting Calgary via BIOS EBDA area
[    0.000000] Calgary: Unable to locate Rio Grande table in EBDA - bailing!
[    0.000000] Memory: 15453828K/16349480K available (12300K kernel code, 2470K rwdata, 4192K rodata, 2388K init, 2416K bss, 895652K reserved, 0K cma-reserved)
[    0.000000] SLUB: HWalign=64, Order=0-3, MinObjects=0, CPUs=8, Nodes=1
[    0.000000] ftrace: allocating 38976 entries in 153 pages
[    0.000000] Hierarchical RCU implementation.
[    0.000000] 	RCU restricting CPUs from NR_CPUS=8192 to nr_cpu_ids=8.
[    0.000000] 	Tasks RCU enabled.
[    0.000000] RCU: Adjusting geometry for rcu_fanout_leaf=16, nr_cpu_ids=8
[    0.000000] NR_IRQS: 524544, nr_irqs: 2048, preallocated irqs: 16
[    0.000000] Console: colour dummy device 80x25
[    0.000000] console [tty0] enabled
[    0.000000] ACPI: Core revision 20170831
[    0.000000] ACPI Error: [\_SB_.PCI0.XHC_.RHUB.HS11] Namespace lookup failure, AE_NOT_FOUND (20170831/dswload-210)
[    0.000000] ACPI Exception: AE_NOT_FOUND, During name lookup/catalog (20170831/psobject-252)
[    0.000000] ACPI Exception: AE_NOT_FOUND, (SSDT:HP_XHC_P) while loading table (20170831/tbxfload-228)
[    0.000000] ACPI Error: 1 table load failures, 10 successful (20170831/tbxfload-246)
[    0.000000] clocksource: hpet: mask: 0xffffffff max_cycles: 0xffffffff, max_idle_ns: 79635855245 ns
[    0.000000] hpet clockevent registered
[    0.004000] APIC: Switch to symmetric I/O mode setup
[    0.004000] DMAR: Host address width 39
[    0.004000] DMAR: DRHD base: 0x000000fed90000 flags: 0x0
[    0.004000] DMAR: dmar0: reg_base_addr fed90000 ver 1:0 cap 1c0000c40660462 ecap 19e2ff0505e
[    0.004000] DMAR: DRHD base: 0x000000fed91000 flags: 0x1
[    0.004000] DMAR: dmar1: reg_base_addr fed91000 ver 1:0 cap d2008c40660462 ecap f050da
[    0.004000] DMAR: RMRR base: 0x000000bf81d000 end: 0x000000bf83cfff
[    0.004000] DMAR: RMRR base: 0x000000c4000000 end: 0x000000d47fffff
[    0.004000] DMAR: RMRR base: 0x000000bf86e000 end: 0x000000bf8edfff
[    0.004000] DMAR-IR: IOAPIC id 2 under DRHD base  0xfed91000 IOMMU 1
[    0.004000] DMAR-IR: HPET id 0 under DRHD base 0xfed91000
[    0.004000] DMAR-IR: Queued invalidation will be enabled to support x2apic and Intr-remapping.
[    0.004000] DMAR-IR: Enabled IRQ remapping in x2apic mode
[    0.004000] x2apic enabled
[    0.004000] Switched APIC routing to cluster x2apic.
[    0.016000] ..TIMER: vector=0x30 apic1=0 pin1=2 apic2=-1 pin2=-1
[    0.036000] tsc: Detected 3000.000 MHz processor
[    0.036000] Calibrating delay loop (skipped), value calculated using timer frequency.. 6000.00 BogoMIPS (lpj=12000000)
[    0.036000] pid_max: default: 32768 minimum: 301
[    0.036000] Security Framework initialized
[    0.036000] Yama: becoming mindful.
[    0.036000] AppArmor: AppArmor initialized
[    0.036000] Dentry cache hash table entries: 2097152 (order: 12, 16777216 bytes)
[    0.036000] Inode-cache hash table entries: 1048576 (order: 11, 8388608 bytes)
[    0.036000] Mount-cache hash table entries: 32768 (order: 6, 262144 bytes)
[    0.036000] Mountpoint-cache hash table entries: 32768 (order: 6, 262144 bytes)
[    0.036000] CPU: Physical Processor ID: 0
[    0.036000] CPU: Processor Core ID: 0
[    0.036000] ENERGY_PERF_BIAS: Set to 'normal', was 'performance'
[    0.036000] ENERGY_PERF_BIAS: View and update with x86_energy_perf_policy(8)
[    0.036000] mce: CPU supports 14 MCE banks
[    0.036000] CPU0: Thermal monitoring enabled (TM1)
[    0.036000] process: using mwait in idle threads
[    0.036000] Last level iTLB entries: 4KB 128, 2MB 8, 4MB 8
[    0.036000] Last level dTLB entries: 4KB 64, 2MB 0, 4MB 0, 1GB 4
[    0.036000] Spectre V2 : Mitigation: Full generic retpoline
[    0.036000] Spectre V2 : Spectre v2 mitigation: Filling RSB on context switch
[    0.036000] Spectre V2 : Spectre v2 mitigation: Enabling Indirect Branch Prediction Barrier
[    0.036000] Freeing SMP alternatives memory: 36K
[    0.042813] TSC deadline timer enabled
[    0.042823] smpboot: CPU0: Intel(R) Core(TM) i7-9700 CPU @ 3.00GHz (family: 0x6, model: 0x9e, stepping: 0xd)
[    0.042877] Performance Events: PEBS fmt3+, Skylake events, 32-deep LBR, full-width counters, Intel PMU driver.
[    0.042906] ... version:                4
[    0.042906] ... bit width:              48
[    0.042907] ... generic registers:      8
[    0.042907] ... value mask:             0000ffffffffffff
[    0.042908] ... max period:             00007fffffffffff
[    0.042908] ... fixed-purpose events:   3
[    0.042909] ... event mask:             00000007000000ff
[    0.042939] Hierarchical SRCU implementation.
[    0.043880] NMI watchdog: Enabled. Permanently consumes one hw-PMU counter.
[    0.043890] smp: Bringing up secondary CPUs ...
[    0.043950] x86: Booting SMP configuration:
[    0.043950] .... node  #0, CPUs:      #1 #2 #3 #4 #5 #6 #7
[    0.053478] smp: Brought up 1 node, 8 CPUs
[    0.053478] smpboot: Max logical packages: 1
[    0.053478] smpboot: Total of 8 processors activated (48000.00 BogoMIPS)
[    0.056288] devtmpfs: initialized
[    0.056288] x86/mm: Memory block size: 128MB
[    0.057017] evm: security.selinux
[    0.057018] evm: security.SMACK64
[    0.057018] evm: security.SMACK64EXEC
[    0.057018] evm: security.SMACK64TRANSMUTE
[    0.057019] evm: security.SMACK64MMAP
[    0.057019] evm: security.apparmor
[    0.057020] evm: security.ima
[    0.057020] evm: security.capability
[    0.057033] PM: Registering ACPI NVS region [mem 0xbf98f000-0xbfb8efff] (2097152 bytes)
[    0.057033] clocksource: jiffies: mask: 0xffffffff max_cycles: 0xffffffff, max_idle_ns: 7645041785100000 ns
[    0.057033] futex hash table entries: 2048 (order: 5, 131072 bytes)
[    0.057033] pinctrl core: initialized pinctrl subsystem
[    0.057033] driver_register -- functionpoint
[    0.057033] bus_add_driver -- functionpoint
[    0.057033] functionpoint -- bus: 'platform': add driver reg-dummy
[    0.057033] __driver_attach -- functionpoint
[    0.057033] really_probe -- functionpoint
[    0.057033] functionpoint -- bus: 'platform': really_probe: probing driver reg-dummy with device reg-dummy
[    0.057033] RTC time:  8:06:07, date: 09/25/20
[    0.057033] NET: Registered protocol family 16
[    0.057033] audit: initializing netlink subsys (disabled)
[    0.057033] audit: type=2000 audit(1601021166.056:1): state=initialized audit_enabled=0 res=1
[    0.057033] driver_register -- functionpoint
[    0.057033] bus_add_driver -- functionpoint
[    0.057033] functionpoint -- bus: 'platform': add driver sram
[    0.057033] __driver_attach -- functionpoint
[    0.057033] driver_register -- functionpoint
[    0.057033] bus_add_driver -- functionpoint
[    0.057033] functionpoint -- bus: 'platform': add driver syscon
[    0.057033] __driver_attach -- functionpoint
[    0.057033] driver_register -- functionpoint
[    0.057033] bus_add_driver -- functionpoint
[    0.057033] functionpoint -- bus: 'i2c': add driver dummy
[    0.057033] cpuidle: using governor ladder
[    0.057033] cpuidle: using governor menu
[    0.057033] ACPI FADT declares the system doesn't support PCIe ASPM, so disable it
[    0.057033] ACPI: bus type PCI registered
[    0.057033] acpiphp: ACPI Hot Plug PCI Controller Driver version: 0.5
[    0.057033] start pci_arch_init -- functionpoint
[    0.057033] PCI: MMCONFIG for domain 0000 [bus 00-3f] at [mem 0xf8000000-0xfbffffff] (base 0xf8000000)
[    0.057033] PCI: not using MMCONFIG
[    0.057033] PCI: Using configuration type 1 for base access
[    0.057033] end pci_arch_init -- functionpoint
[    0.057118] HugeTLB registered 1.00 GiB page size, pre-allocated 0 pages
[    0.057118] HugeTLB registered 2.00 MiB page size, pre-allocated 0 pages
[    0.057119] driver_register -- functionpoint
[    0.057119] bus_add_driver -- functionpoint
[    0.057119] functionpoint -- bus: 'i2c': add driver sx150x-pinctrl
[    0.057119] driver_register -- functionpoint
[    0.057119] bus_add_driver -- functionpoint
[    0.057119] functionpoint -- bus: 'platform': add driver byt_gpio
[    0.057119] __driver_attach -- functionpoint
[    0.057119] driver_register -- functionpoint
[    0.057119] bus_add_driver -- functionpoint
[    0.057119] functionpoint -- bus: 'platform': add driver cherryview-pinctrl
[    0.057119] __driver_attach -- functionpoint
[    0.057119] driver_register -- functionpoint
[    0.057119] bus_add_driver -- functionpoint
[    0.057119] functionpoint -- bus: 'platform': add driver lp_gpio
[    0.057119] __driver_attach -- functionpoint
[    0.057119] driver_register -- functionpoint
[    0.057119] bus_add_driver -- functionpoint
[    0.057119] functionpoint -- bus: 'platform': add driver rc5t583-gpio
[    0.057119] __driver_attach -- functionpoint
[    0.057119] driver_register -- functionpoint
[    0.057119] bus_add_driver -- functionpoint
[    0.057119] functionpoint -- bus: 'platform': add driver palmas-gpio
[    0.057119] __driver_attach -- functionpoint
[    0.057119] driver_register -- functionpoint
[    0.057119] bus_add_driver -- functionpoint
[    0.057119] functionpoint -- bus: 'platform': add driver tps6586x-gpio
[    0.057119] __driver_attach -- functionpoint
[    0.057119] driver_register -- functionpoint
[    0.057119] bus_add_driver -- functionpoint
[    0.057119] functionpoint -- bus: 'platform': add driver tps65910-gpio
[    0.057119] __driver_attach -- functionpoint
[    0.057119] ACPI: Added _OSI(Module Device)
[    0.057119] ACPI: Added _OSI(Processor Device)
[    0.057119] ACPI: Added _OSI(3.0 _SCP Extensions)
[    0.057119] ACPI: Added _OSI(Processor Aggregator Device)
[    0.061843] ACPI: Executed 30 blocks of module-level executable AML code
[    0.072037] ACPI: [Firmware Bug]: BIOS _OSI(Linux) query ignored
[    0.080120] ACPI: Dynamic OEM Table Load:
[    0.080131] ACPI: SSDT 0xFFFF9FC094FB2C00 0000F4 (v02 PmRef  Cpu0Psd  00003000 INTL 20160527)
[    0.080357] ACPI: Executed 1 blocks of module-level executable AML code
[    0.080477] ACPI: \_SB_.PR00: _OSC native thermal LVT Acked
[    0.081428] ACPI: Dynamic OEM Table Load:
[    0.081434] ACPI: SSDT 0xFFFF9FC094FBB400 000400 (v02 PmRef  Cpu0Cst  00003001 INTL 20160527)
[    0.081652] ACPI: Executed 1 blocks of module-level executable AML code
[    0.081885] ACPI: Dynamic OEM Table Load:
[    0.081890] ACPI: SSDT 0xFFFF9FC094EF4000 000605 (v02 PmRef  Cpu0Ist  00003000 INTL 20160527)
[    0.082091] ACPI: Executed 1 blocks of module-level executable AML code
[    0.082284] ACPI: Dynamic OEM Table Load:
[    0.082288] ACPI: SSDT 0xFFFF9FC094F37C00 000149 (v02 PmRef  Cpu0Hwp  00003000 INTL 20160527)
[    0.082481] ACPI: Executed 2 blocks of module-level executable AML code
[    0.082652] ACPI: Dynamic OEM Table Load:
[    0.082657] ACPI: SSDT 0xFFFF9FC094EF7000 000724 (v02 PmRef  HwpLvt   00003000 INTL 20160527)
[    0.082829] ACPI: Executed 1 blocks of module-level executable AML code
[    0.083321] ACPI: Dynamic OEM Table Load:
[    0.083326] ACPI: SSDT 0xFFFF9FC094EF1000 0005FC (v02 PmRef  ApIst    00003000 INTL 20160527)
[    0.083720] ACPI: Executed 1 blocks of module-level executable AML code
[    0.083914] ACPI: Dynamic OEM Table Load:
[    0.083918] ACPI: SSDT 0xFFFF9FC094FBF000 000317 (v02 PmRef  ApHwp    00003000 INTL 20160527)
[    0.084191] ACPI: Executed 1 blocks of module-level executable AML code
[    0.084508] ACPI: Dynamic OEM Table Load:
[    0.084513] ACPI: SSDT 0xFFFF9FC097140000 000AB0 (v02 PmRef  ApPsd    00003000 INTL 20160527)
[    0.085355] ACPI: Executed 1 blocks of module-level executable AML code
[    0.085552] ACPI: Dynamic OEM Table Load:
[    0.085557] ACPI: SSDT 0xFFFF9FC094FBA400 00030A (v02 PmRef  ApCst    00003000 INTL 20160527)
[    0.085832] ACPI: Executed 1 blocks of module-level executable AML code
[    0.088754] ACPI: EC: EC started
[    0.088754] ACPI: EC: interrupt blocked
[    0.088770] ACPI: \_SB_.PCI0.LPCB.EC0_: Used as first EC
[    0.088772] ACPI: \_SB_.PCI0.LPCB.EC0_: GPE=0x6e, EC_CMD/EC_SC=0x66, EC_DATA=0x62
[    0.088773] ACPI: \_SB_.PCI0.LPCB.EC0_: Used as boot DSDT EC to handle transactions
[    0.088773] ACPI: Interpreter enabled
[    0.088823] ACPI: (supports S0 S3 S4 S5)
[    0.088824] ACPI: Using IOAPIC for interrupt routing
[    0.088863] PCI: MMCONFIG for domain 0000 [bus 00-3f] at [mem 0xf8000000-0xfbffffff] (base 0xf8000000)
[    0.091491] PCI: MMCONFIG at [mem 0xf8000000-0xfbffffff] reserved in ACPI motherboard resources
[    0.091496] acpi_pci_root_init --functionpoint
[    0.091497] acpi_hest_init -- functionpoint
[    0.091501] PCI: Using host bridge windows from ACPI; if necessary, use "pci=nocrs" and report a bug
[    0.091889] driver_register -- functionpoint
[    0.091889] bus_add_driver -- functionpoint
[    0.091891] functionpoint -- bus: 'platform': add driver clk-lpt
[    0.091895] __driver_attach -- functionpoint
[    0.091949] ACPI: Enabled 4 GPEs in block 00 to 7F
[    0.091952] acpi_bus_scan -- functionpoint
[    0.098777] ACPI: Power Resource [USBC] (on)
[    0.099593] ACPI: Power Resource [WRST] (on)
[    0.099999] ACPI: Power Resource [WRST] (on)
[    0.100402] ACPI: Power Resource [WRST] (on)
[    0.100804] ACPI: Power Resource [WRST] (on)
[    0.101211] ACPI: Power Resource [WRST] (on)
[    0.101606] ACPI: Power Resource [WRST] (on)
[    0.102004] ACPI: Power Resource [WRST] (on)
[    0.102405] ACPI: Power Resource [WRST] (on)
[    0.102804] ACPI: Power Resource [WRST] (on)
[    0.103198] ACPI: Power Resource [WRST] (on)
[    0.103596] ACPI: Power Resource [WRST] (on)
[    0.103994] ACPI: Power Resource [WRST] (on)
[    0.104393] ACPI: Power Resource [WRST] (on)
[    0.104791] ACPI: Power Resource [WRST] (on)
[    0.105196] ACPI: Power Resource [WRST] (on)
[    0.105591] ACPI: Power Resource [WRST] (on)
[    0.105989] ACPI: Power Resource [WRST] (on)
[    0.106392] ACPI: Power Resource [WRST] (on)
[    0.106795] ACPI: Power Resource [WRST] (on)
[    0.107203] ACPI: Power Resource [WRST] (on)
[    0.108894] ACPI: Power Resource [V0PR] (on)
[    0.109105] ACPI: Power Resource [V1PR] (on)
[    0.109310] ACPI: Power Resource [V2PR] (on)
[    0.113858] ACPI: Power Resource [WRST] (on)
[    0.116046] acpi_pci_root_add -- functionpoint
[    0.116430] ACPI: PCI Root Bridge [PCI0] (domain 0000 [bus 00-3e])
[    0.116433] ACPI: functionpoint -- PCI Root Bridge [PCI0] (domain 0000 [bus 00-3e])
[    0.116439] acpi PNP0A08:00: _OSC: OS supports [ExtendedConfig ASPM ClockPM Segments MSI]
[    0.119822] acpi PNP0A08:00: _OSC: OS now controls [PCIeHotplug PME AER PCIeCapability]
[    0.119823] acpi PNP0A08:00: FADT indicates ASPM is unsupported, using BIOS configuration
[    0.119837] pci_acpi_scan_root -- functionpoint
[    0.119838] pci_find_bus -- functionpoint
[    0.119840] pci_find_next_bus -- functionpoint
[    0.119853] acpi_pci_root_create -- functionpoint
[    0.120234] pci_create_root_bus -- functionpoint
[    0.120236] pci_alloc_host_bridge -- functionpoint
[    0.120238] pci_register_host_bridge -- functionpoint
[    0.120239] pci_find_bus -- functionpoint
[    0.120240] pci_find_next_bus -- functionpoint
[    0.122683] PCI host bridge to bus 0000:00
[    0.122686] pci_bus 0000:00: root bus resource [io  0x0000-0x0cf7 window]
[    0.122687] pci_bus 0000:00: root bus resource [io  0x0d00-0xffff window]
[    0.122689] pci_bus 0000:00: root bus resource [mem 0x000a0000-0x000bffff window]
[    0.122690] pci_bus 0000:00: root bus resource [mem 0xd4800000-0xf7ffffff window]
[    0.122691] pci_bus 0000:00: root bus resource [mem 0x4000000000-0x7fffffffff window]
[    0.122692] pci_bus 0000:00: root bus resource [mem 0xfc800000-0xfe7fffff window]
[    0.122693] pci_bus 0000:00: root bus resource [bus 00-3e]
[    0.122694] pci_scan_child_bus_extend -- functionpoint
[    0.122695] pci_bus 0000:00: functionpoint -- scanning bus
[    0.122703] pci 0000:00:00.0: [8086:3e30] type 00 class 0x060000
[    0.123750] pci 0000:00:02.0: [8086:3e98] type 00 class 0x030000
[    0.123759] pci 0000:00:02.0: reg 0x10: [mem 0xf0000000-0xf0ffffff 64bit]
[    0.123764] pci 0000:00:02.0: reg 0x18: [mem 0xe0000000-0xefffffff 64bit pref]
[    0.123767] pci 0000:00:02.0: reg 0x20: [io  0x4000-0x403f]
[    0.123779] pci 0000:00:02.0: BAR 2: assigned to efifb
[    0.124984] pci 0000:00:12.0: [8086:a379] type 00 class 0x118000
[    0.125015] pci 0000:00:12.0: reg 0x10: [mem 0x4000107000-0x4000107fff 64bit]
[    0.126178] pci 0000:00:14.0: [8086:a36d] type 00 class 0x0c0330
[    0.126211] pci 0000:00:14.0: reg 0x10: [mem 0xf1220000-0xf122ffff 64bit]
[    0.126314] pci 0000:00:14.0: PME# supported from D3hot D3cold
[    0.127406] pci 0000:00:14.2: [8086:a36f] type 00 class 0x050000
[    0.127432] pci 0000:00:14.2: reg 0x10: [mem 0xf1232000-0xf1233fff 64bit]
[    0.127447] pci 0000:00:14.2: reg 0x18: [mem 0x4000106000-0x4000106fff 64bit]
[    0.128552] pci 0000:00:16.0: [8086:a360] type 00 class 0x078000
[    0.128583] pci 0000:00:16.0: reg 0x10: [mem 0x4000105000-0x4000105fff 64bit]
[    0.128672] pci 0000:00:16.0: PME# supported from D3hot
[    0.129767] pci 0000:00:16.3: [8086:a363] type 00 class 0x070002
[    0.129791] pci 0000:00:16.3: reg 0x10: [io  0x4088-0x408f]
[    0.129799] pci 0000:00:16.3: reg 0x14: [mem 0xf1237000-0xf1237fff]
[    0.130931] pci 0000:00:17.0: [8086:a352] type 00 class 0x010601
[    0.130959] pci 0000:00:17.0: reg 0x10: [mem 0xf1230000-0xf1231fff]
[    0.130970] pci 0000:00:17.0: reg 0x14: [mem 0xf1236000-0xf12360ff]
[    0.130981] pci 0000:00:17.0: reg 0x18: [io  0x4080-0x4087]
[    0.130992] pci 0000:00:17.0: reg 0x1c: [io  0x4090-0x4093]
[    0.131004] pci 0000:00:17.0: reg 0x20: [io  0x4060-0x407f]
[    0.131015] pci 0000:00:17.0: reg 0x24: [mem 0xf1235000-0xf12357ff]
[    0.131077] pci 0000:00:17.0: PME# supported from D3hot
[    0.132207] pci 0000:00:1b.0: [8086:a32c] type 01 class 0x060400
[    0.132353] pci 0000:00:1b.0: PME# supported from D0 D3hot D3cold
[    0.132384] pci 0000:00:1b.0: PTM enabled (root), 4dns granularity
[    0.133554] pci 0000:00:1c.0: [8086:a33e] type 01 class 0x060400
[    0.133698] pci 0000:00:1c.0: PME# supported from D0 D3hot D3cold
[    0.133734] pci 0000:00:1c.0: PTM enabled (root), 4dns granularity
[    0.134909] pci 0000:00:1f.0: [8086:a306] type 00 class 0x060100
[    0.136075] pci 0000:00:1f.3: [8086:a348] type 00 class 0x040300
[    0.136122] pci 0000:00:1f.3: reg 0x10: [mem 0x4000100000-0x4000103fff 64bit]
[    0.136172] pci 0000:00:1f.3: reg 0x20: [mem 0x4000000000-0x40000fffff 64bit]
[    0.136264] pci 0000:00:1f.3: PME# supported from D3hot D3cold
[    0.137425] pci 0000:00:1f.4: [8086:a323] type 00 class 0x0c0500
[    0.137481] pci 0000:00:1f.4: reg 0x10: [mem 0x4000104000-0x40001040ff 64bit]
[    0.137527] pci 0000:00:1f.4: reg 0x20: [io  0xefa0-0xefbf]
[    0.138628] pci 0000:00:1f.5: [8086:a324] type 00 class 0x0c8000
[    0.138651] pci 0000:00:1f.5: reg 0x10: [mem 0xfe010000-0xfe010fff]
[    0.139757] pci 0000:00:1f.6: [8086:15bb] type 00 class 0x020000
[    0.139815] pci 0000:00:1f.6: reg 0x10: [mem 0xf1200000-0xf121ffff]
[    0.140051] pci 0000:00:1f.6: PME# supported from D0 D3hot D3cold
[    0.141078] pci_read_bridge_bases -- functionpoint
[    0.141085] pci_find_bus -- functionpoint
[    0.141087] pci_find_next_bus -- functionpoint
[    0.141089] pci_find_next_bus -- functionpoint
[    0.141162] pci_scan_child_bus_extend -- functionpoint
[    0.141165] pci_bus 0000:01: functionpoint -- scanning bus
[    0.141185] pci 0000:01:00.0: [1c5c:1339] type 00 class 0x010802
[    0.141230] pci 0000:01:00.0: reg 0x10: [mem 0xf1100000-0xf1103fff 64bit]
[    0.141380] pci 0000:01:00.0: supports D1
[    0.141381] pci 0000:01:00.0: PME# supported from D0 D1 D3hot
[    0.152072] pci_read_bridge_bases -- functionpoint
[    0.152073] pci 0000:00:1b.0: PCI bridge to [bus 01]
[    0.152081] pci 0000:00:1b.0:   bridge window [mem 0xf1100000-0xf11fffff]
[    0.152088] pci_bus 0000:01: functionpoint -- bus scan returning with max=01
[    0.152098] pci_find_bus -- functionpoint
[    0.152098] pci_find_next_bus -- functionpoint
[    0.152099] pci_find_next_bus -- functionpoint
[    0.152158] pci_scan_child_bus_extend -- functionpoint
[    0.152160] pci_bus 0000:02: functionpoint -- scanning bus
[    0.152211] pci 0000:02:00.0: [1283:8893] type 01 class 0x060401
[    0.152621] pci 0000:02:00.0: supports D1 D2
[    0.152623] pci 0000:02:00.0: PME# supported from D0 D1 D2 D3hot D3cold
[    0.152740] pci_read_bridge_bases -- functionpoint
[    0.152741] pci 0000:00:1c.0: PCI bridge to [bus 02-03]
[    0.152745] pci 0000:00:1c.0:   bridge window [io  0x3000-0x3fff]
[    0.152748] pci 0000:00:1c.0:   bridge window [mem 0xf1000000-0xf10fffff]
[    0.152758] pci_find_bus -- functionpoint
[    0.152759] pci_find_next_bus -- functionpoint
[    0.152760] pci_find_next_bus -- functionpoint
[    0.152797] pci_scan_child_bus_extend -- functionpoint
[    0.152799] pci_bus 0000:03: functionpoint -- scanning bus
[    0.152818] pci 0000:03:00.0: [1317:0985] type 00 class 0x020000
[    0.152852] pci 0000:03:00.0: reg 0x10: [io  0x3000-0x30ff]
[    0.152866] pci 0000:03:00.0: reg 0x14: [mem 0xf1000000-0xf10003ff]
[    0.152924] pci 0000:03:00.0: reg 0x30: [mem 0xfffe0000-0xffffffff pref]
[    0.152981] pci 0000:03:00.0: supports D1 D2
[    0.152982] pci 0000:03:00.0: PME# supported from D0 D1 D2 D3hot D3cold
[    0.153083] pci_read_bridge_bases -- functionpoint
[    0.153084] pci 0000:02:00.0: PCI bridge to [bus 03] (subtractive decode)
[    0.153094] pci 0000:02:00.0:   bridge window [io  0x3000-0x3fff]
[    0.153100] pci 0000:02:00.0:   bridge window [mem 0xf1000000-0xf10fffff]
[    0.153111] pci 0000:02:00.0:   bridge window [io  0x3000-0x3fff] (subtractive decode)
[    0.153112] pci 0000:02:00.0:   bridge window [mem 0xf1000000-0xf10fffff] (subtractive decode)
[    0.153113] pci_bus 0000:03: functionpoint -- bus scan returning with max=03
[    0.153127] pci_bus 0000:02: functionpoint -- bus scan returning with max=03
[    0.153142] pci_bus 0000:00: functionpoint -- bus scan returning with max=03
[    0.155404] driver_register -- functionpoint
[    0.155405] bus_add_driver -- functionpoint
[    0.155408] functionpoint -- bus: 'acpi': add driver ec
[    0.155411] __driver_attach -- functionpoint
[    0.155412] __driver_attach -- functionpoint
[    0.155413] __driver_attach -- functionpoint
[    0.155415] __driver_attach -- functionpoint
[    0.155416] __driver_attach -- functionpoint
[    0.155417] __driver_attach -- functionpoint
[    0.155419] __driver_attach -- functionpoint
[    0.155420] __driver_attach -- functionpoint
[    0.155422] __driver_attach -- functionpoint
[    0.155423] __driver_attach -- functionpoint
[    0.155424] __driver_attach -- functionpoint
[    0.155425] __driver_attach -- functionpoint
[    0.155427] __driver_attach -- functionpoint
[    0.155428] __driver_attach -- functionpoint
[    0.155429] __driver_attach -- functionpoint
[    0.155431] __driver_attach -- functionpoint
[    0.155432] __driver_attach -- functionpoint
[    0.155434] __driver_attach -- functionpoint
[    0.155435] __driver_attach -- functionpoint
[    0.155436] __driver_attach -- functionpoint
[    0.155437] __driver_attach -- functionpoint
[    0.155439] __driver_attach -- functionpoint
[    0.155440] __driver_attach -- functionpoint
[    0.155441] __driver_attach -- functionpoint
[    0.155443] __driver_attach -- functionpoint
[    0.155444] __driver_attach -- functionpoint
[    0.155445] __driver_attach -- functionpoint
[    0.155447] __driver_attach -- functionpoint
[    0.155448] __driver_attach -- functionpoint
[    0.155449] __driver_attach -- functionpoint
[    0.155451] __driver_attach -- functionpoint
[    0.155452] __driver_attach -- functionpoint
[    0.155453] __driver_attach -- functionpoint
[    0.155455] __driver_attach -- functionpoint
[    0.155456] __driver_attach -- functionpoint
[    0.155457] __driver_attach -- functionpoint
[    0.155459] __driver_attach -- functionpoint
[    0.155460] really_probe -- functionpoint
[    0.155462] functionpoint -- bus: 'acpi': really_probe: probing driver ec with device PNP0C09:01
[    0.155476] ACPI: EC: interrupt unblocked
[    0.155484] ACPI: EC: event unblocked
[    0.155501] ACPI: \_SB_.PCI0.LPCB.EC0_: GPE=0x6e, EC_CMD/EC_SC=0x66, EC_DATA=0x62
[    0.155502] ACPI: \_SB_.PCI0.LPCB.EC0_: Used as boot DSDT EC to handle transactions and events
[    0.155506] __driver_attach -- functionpoint
[    0.155506] __driver_attach -- functionpoint
[    0.155508] __driver_attach -- functionpoint
[    0.155509] __driver_attach -- functionpoint
[    0.155511] __driver_attach -- functionpoint
[    0.155512] __driver_attach -- functionpoint
[    0.155513] __driver_attach -- functionpoint
[    0.155515] __driver_attach -- functionpoint
[    0.155516] __driver_attach -- functionpoint
[    0.155518] __driver_attach -- functionpoint
[    0.155519] __driver_attach -- functionpoint
[    0.155521] __driver_attach -- functionpoint
[    0.155522] __driver_attach -- functionpoint
[    0.155523] __driver_attach -- functionpoint
[    0.155525] __driver_attach -- functionpoint
[    0.155526] __driver_attach -- functionpoint
[    0.155527] __driver_attach -- functionpoint
[    0.155529] __driver_attach -- functionpoint
[    0.155530] __driver_attach -- functionpoint
[    0.155531] __driver_attach -- functionpoint
[    0.155533] __driver_attach -- functionpoint
[    0.155534] __driver_attach -- functionpoint
[    0.155535] __driver_attach -- functionpoint
[    0.155537] __driver_attach -- functionpoint
[    0.155538] __driver_attach -- functionpoint
[    0.155539] __driver_attach -- functionpoint
[    0.155541] __driver_attach -- functionpoint
[    0.155542] __driver_attach -- functionpoint
[    0.155543] __driver_attach -- functionpoint
[    0.155545] __driver_attach -- functionpoint
[    0.155546] __driver_attach -- functionpoint
[    0.155547] __driver_attach -- functionpoint
[    0.155549] __driver_attach -- functionpoint
[    0.155550] __driver_attach -- functionpoint
[    0.155551] __driver_attach -- functionpoint
[    0.155553] __driver_attach -- functionpoint
[    0.155554] __driver_attach -- functionpoint
[    0.155555] __driver_attach -- functionpoint
[    0.155557] __driver_attach -- functionpoint
[    0.155558] __driver_attach -- functionpoint
[    0.155559] __driver_attach -- functionpoint
[    0.155560] __driver_attach -- functionpoint
[    0.155562] __driver_attach -- functionpoint
[    0.155563] __driver_attach -- functionpoint
[    0.155565] __driver_attach -- functionpoint
[    0.155566] __driver_attach -- functionpoint
[    0.155567] __driver_attach -- functionpoint
[    0.155569] __driver_attach -- functionpoint
[    0.155570] __driver_attach -- functionpoint
[    0.155571] __driver_attach -- functionpoint
[    0.155573] __driver_attach -- functionpoint
[    0.155574] __driver_attach -- functionpoint
[    0.155575] __driver_attach -- functionpoint
[    0.155577] __driver_attach -- functionpoint
[    0.155578] __driver_attach -- functionpoint
[    0.155579] __driver_attach -- functionpoint
[    0.155581] __driver_attach -- functionpoint
[    0.155582] __driver_attach -- functionpoint
[    0.155583] __driver_attach -- functionpoint
[    0.155585] __driver_attach -- functionpoint
[    0.155586] __driver_attach -- functionpoint
[    0.155587] __driver_attach -- functionpoint
[    0.155589] __driver_attach -- functionpoint
[    0.155590] __driver_attach -- functionpoint
[    0.155591] __driver_attach -- functionpoint
[    0.155593] __driver_attach -- functionpoint
[    0.155594] __driver_attach -- functionpoint
[    0.155595] __driver_attach -- functionpoint
[    0.155597] __driver_attach -- functionpoint
[    0.155598] __driver_attach -- functionpoint
[    0.155599] __driver_attach -- functionpoint
[    0.155601] __driver_attach -- functionpoint
[    0.155602] __driver_attach -- functionpoint
[    0.155604] __driver_attach -- functionpoint
[    0.155605] __driver_attach -- functionpoint
[    0.155606] __driver_attach -- functionpoint
[    0.155608] __driver_attach -- functionpoint
[    0.155609] __driver_attach -- functionpoint
[    0.155610] __driver_attach -- functionpoint
[    0.155612] __driver_attach -- functionpoint
[    0.155613] __driver_attach -- functionpoint
[    0.155614] __driver_attach -- functionpoint
[    0.155616] __driver_attach -- functionpoint
[    0.155617] __driver_attach -- functionpoint
[    0.155618] __driver_attach -- functionpoint
[    0.155619] __driver_attach -- functionpoint
[    0.155621] __driver_attach -- functionpoint
[    0.155622] __driver_attach -- functionpoint
[    0.155623] __driver_attach -- functionpoint
[    0.155625] __driver_attach -- functionpoint
[    0.155626] __driver_attach -- functionpoint
[    0.155628] __driver_attach -- functionpoint
[    0.155629] __driver_attach -- functionpoint
[    0.155630] __driver_attach -- functionpoint
[    0.155632] __driver_attach -- functionpoint
[    0.155633] __driver_attach -- functionpoint
[    0.155634] __driver_attach -- functionpoint
[    0.155636] __driver_attach -- functionpoint
[    0.155637] __driver_attach -- functionpoint
[    0.155638] __driver_attach -- functionpoint
[    0.155640] __driver_attach -- functionpoint
[    0.155641] __driver_attach -- functionpoint
[    0.155642] __driver_attach -- functionpoint
[    0.155644] __driver_attach -- functionpoint
[    0.155645] __driver_attach -- functionpoint
[    0.155646] __driver_attach -- functionpoint
[    0.155648] __driver_attach -- functionpoint
[    0.155649] __driver_attach -- functionpoint
[    0.155650] __driver_attach -- functionpoint
[    0.155652] __driver_attach -- functionpoint
[    0.155653] __driver_attach -- functionpoint
[    0.155654] __driver_attach -- functionpoint
[    0.155655] __driver_attach -- functionpoint
[    0.155657] __driver_attach -- functionpoint
[    0.155658] __driver_attach -- functionpoint
[    0.155659] __driver_attach -- functionpoint
[    0.155661] __driver_attach -- functionpoint
[    0.155662] __driver_attach -- functionpoint
[    0.155663] __driver_attach -- functionpoint
[    0.155665] __driver_attach -- functionpoint
[    0.155666] __driver_attach -- functionpoint
[    0.155667] __driver_attach -- functionpoint
[    0.155669] __driver_attach -- functionpoint
[    0.155670] __driver_attach -- functionpoint
[    0.155671] __driver_attach -- functionpoint
[    0.155673] __driver_attach -- functionpoint
[    0.155674] __driver_attach -- functionpoint
[    0.155675] __driver_attach -- functionpoint
[    0.155677] __driver_attach -- functionpoint
[    0.155678] __driver_attach -- functionpoint
[    0.155679] __driver_attach -- functionpoint
[    0.155681] __driver_attach -- functionpoint
[    0.155682] __driver_attach -- functionpoint
[    0.155683] __driver_attach -- functionpoint
[    0.155685] __driver_attach -- functionpoint
[    0.155686] __driver_attach -- functionpoint
[    0.155687] __driver_attach -- functionpoint
[    0.155689] __driver_attach -- functionpoint
[    0.155690] __driver_attach -- functionpoint
[    0.155691] __driver_attach -- functionpoint
[    0.155693] __driver_attach -- functionpoint
[    0.155694] __driver_attach -- functionpoint
[    0.155695] __driver_attach -- functionpoint
[    0.155697] __driver_attach -- functionpoint
[    0.155698] __driver_attach -- functionpoint
[    0.155699] __driver_attach -- functionpoint
[    0.155701] __driver_attach -- functionpoint
[    0.155702] __driver_attach -- functionpoint
[    0.155703] __driver_attach -- functionpoint
[    0.155705] __driver_attach -- functionpoint
[    0.155706] __driver_attach -- functionpoint
[    0.155707] __driver_attach -- functionpoint
[    0.155709] __driver_attach -- functionpoint
[    0.155710] __driver_attach -- functionpoint
[    0.155711] __driver_attach -- functionpoint
[    0.155713] __driver_attach -- functionpoint
[    0.155714] __driver_attach -- functionpoint
[    0.155715] __driver_attach -- functionpoint
[    0.155717] __driver_attach -- functionpoint
[    0.155718] __driver_attach -- functionpoint
[    0.155720] __driver_attach -- functionpoint
[    0.155721] __driver_attach -- functionpoint
[    0.155722] __driver_attach -- functionpoint
[    0.155724] __driver_attach -- functionpoint
[    0.155725] __driver_attach -- functionpoint
[    0.155726] __driver_attach -- functionpoint
[    0.155728] __driver_attach -- functionpoint
[    0.155729] __driver_attach -- functionpoint
[    0.155730] __driver_attach -- functionpoint
[    0.155732] __driver_attach -- functionpoint
[    0.155733] __driver_attach -- functionpoint
[    0.155734] __driver_attach -- functionpoint
[    0.155736] __driver_attach -- functionpoint
[    0.155737] __driver_attach -- functionpoint
[    0.155739] __driver_attach -- functionpoint
[    0.155740] __driver_attach -- functionpoint
[    0.155741] __driver_attach -- functionpoint
[    0.155743] __driver_attach -- functionpoint
[    0.155744] __driver_attach -- functionpoint
[    0.155745] __driver_attach -- functionpoint
[    0.155747] __driver_attach -- functionpoint
[    0.155748] __driver_attach -- functionpoint
[    0.155749] __driver_attach -- functionpoint
[    0.155751] __driver_attach -- functionpoint
[    0.155752] __driver_attach -- functionpoint
[    0.155790] pci 0000:00:02.0: vgaarb: setting as boot VGA device
[    0.155790] pci 0000:00:02.0: vgaarb: VGA device added: decodes=io+mem,owns=io+mem,locks=none
[    0.155790] pci 0000:00:02.0: vgaarb: bridge control possible
[    0.155790] vgaarb: loaded
[    0.155790] driver_register -- functionpoint
[    0.155790] bus_add_driver -- functionpoint
[    0.155790] functionpoint -- bus: 'i2c': add driver 88PM860x
[    0.155790] driver_register -- functionpoint
[    0.155790] bus_add_driver -- functionpoint
[    0.155790] functionpoint -- bus: 'i2c': add driver WM8400
[    0.155790] driver_register -- functionpoint
[    0.155790] bus_add_driver -- functionpoint
[    0.155790] functionpoint -- bus: 'i2c': add driver wm831x
[    0.155790] driver_register -- functionpoint
[    0.155790] bus_add_driver -- functionpoint
[    0.155790] functionpoint -- bus: 'spi': add driver wm831x
[    0.155790] driver_register -- functionpoint
[    0.155790] bus_add_driver -- functionpoint
[    0.155790] functionpoint -- bus: 'i2c': add driver wm8350
[    0.155790] driver_register -- functionpoint
[    0.155790] bus_add_driver -- functionpoint
[    0.155790] functionpoint -- bus: 'i2c': add driver tps65910
[    0.155790] driver_register -- functionpoint
[    0.155790] bus_add_driver -- functionpoint
[    0.155790] functionpoint -- bus: 'i2c': add driver tps80031
[    0.155790] driver_register -- functionpoint
[    0.155790] bus_add_driver -- functionpoint
[    0.155790] functionpoint -- bus: 'spi': add driver ezx-pcap
[    0.155790] driver_register -- functionpoint
[    0.155790] bus_add_driver -- functionpoint
[    0.155790] functionpoint -- bus: 'i2c': add driver da903x
[    0.155790] driver_register -- functionpoint
[    0.155790] bus_add_driver -- functionpoint
[    0.155790] functionpoint -- bus: 'spi': add driver da9052
[    0.155790] driver_register -- functionpoint
[    0.155790] bus_add_driver -- functionpoint
[    0.155790] functionpoint -- bus: 'i2c': add driver da9052
[    0.155790] driver_register -- functionpoint
[    0.155790] bus_add_driver -- functionpoint
[    0.155790] functionpoint -- bus: 'i2c': add driver lp8788
[    0.155790] driver_register -- functionpoint
[    0.155790] bus_add_driver -- functionpoint
[    0.155790] functionpoint -- bus: 'i2c': add driver da9055-pmic
[    0.155790] driver_register -- functionpoint
[    0.155790] bus_add_driver -- functionpoint
[    0.155790] functionpoint -- bus: 'i2c': add driver max77843
[    0.155790] driver_register -- functionpoint
[    0.155790] bus_add_driver -- functionpoint
[    0.155790] functionpoint -- bus: 'i2c': add driver max8925
[    0.155790] driver_register -- functionpoint
[    0.155790] bus_add_driver -- functionpoint
[    0.155790] functionpoint -- bus: 'i2c': add driver max8997
[    0.155790] driver_register -- functionpoint
[    0.155790] bus_add_driver -- functionpoint
[    0.155790] functionpoint -- bus: 'i2c': add driver max8998
[    0.155790] driver_register -- functionpoint
[    0.155790] bus_add_driver -- functionpoint
[    0.155790] functionpoint -- bus: 'i2c': add driver ab3100
[    0.155790] driver_register -- functionpoint
[    0.155790] bus_add_driver -- functionpoint
[    0.155790] functionpoint -- bus: 'i2c': add driver tps6586x
[    0.155790] driver_register -- functionpoint
[    0.155790] bus_add_driver -- functionpoint
[    0.155790] functionpoint -- bus: 'i2c': add driver tps65090
[    0.155790] driver_register -- functionpoint
[    0.155790] bus_add_driver -- functionpoint
[    0.155790] functionpoint -- bus: 'i2c': add driver aat2870
[    0.155790] driver_register -- functionpoint
[    0.155790] bus_add_driver -- functionpoint
[    0.155790] functionpoint -- bus: 'i2c': add driver palmas
[    0.155790] driver_register -- functionpoint
[    0.155790] bus_add_driver -- functionpoint
[    0.155790] functionpoint -- bus: 'i2c': add driver rc5t583
[    0.155790] driver_register -- functionpoint
[    0.155790] bus_add_driver -- functionpoint
[    0.155790] functionpoint -- bus: 'i2c': add driver sec_pmic
[    0.155790] driver_register -- functionpoint
[    0.155790] bus_add_driver -- functionpoint
[    0.155790] functionpoint -- bus: 'i2c': add driver as3711
[    0.155790] driver_register -- functionpoint
[    0.155790] bus_add_driver -- functionpoint
[    0.155790] functionpoint -- bus: 'nd': add driver nd_bus
[    0.155790] driver_register -- functionpoint
[    0.155790] bus_add_driver -- functionpoint
[    0.155790] functionpoint -- bus: 'nd': add driver nvdimm
[    0.155790] driver_register -- functionpoint
[    0.155790] bus_add_driver -- functionpoint
[    0.155790] functionpoint -- bus: 'nd': add driver nd_region
[    0.156056] SCSI subsystem initialized
[    0.156066] libata version 3.00 loaded.
[    0.156066] driver_register -- functionpoint
[    0.156066] bus_add_driver -- functionpoint
[    0.156066] functionpoint -- bus: 'mdio_bus': add driver Generic 10G PHY
[    0.156066] driver_register -- functionpoint
[    0.156066] bus_add_driver -- functionpoint
[    0.156066] functionpoint -- bus: 'mdio_bus': add driver Generic PHY
[    0.156066] ACPI: bus type USB registered
[    0.156066] driver_register -- functionpoint
[    0.156066] bus_add_driver -- functionpoint
[    0.156066] functionpoint -- bus: 'usb': add driver usbfs
[    0.156066] usbcore: registered new interface driver usbfs
[    0.156066] driver_register -- functionpoint
[    0.156066] bus_add_driver -- functionpoint
[    0.156066] functionpoint -- bus: 'usb': add driver hub
[    0.156066] usbcore: registered new interface driver hub
[    0.156066] driver_register -- functionpoint
[    0.156066] bus_add_driver -- functionpoint
[    0.156066] functionpoint -- bus: 'usb': add driver usb
[    0.156069] usbcore: registered new device driver usb
[    0.156078] driver_register -- functionpoint
[    0.156079] bus_add_driver -- functionpoint
[    0.156080] functionpoint -- bus: 'platform': add driver i2c_designware
[    0.156084] __driver_attach -- functionpoint
[    0.156084] __driver_attach -- functionpoint
[    0.156086] __driver_attach -- functionpoint
[    0.156087] __driver_attach -- functionpoint
[    0.156089] __driver_attach -- functionpoint
[    0.156090] __driver_attach -- functionpoint
[    0.156092] __driver_attach -- functionpoint
[    0.156093] __driver_attach -- functionpoint
[    0.156094] __driver_attach -- functionpoint
[    0.156096] __driver_attach -- functionpoint
[    0.156097] __driver_attach -- functionpoint
[    0.156114] EDAC MC: Ver: 3.0.0
[    0.156114] Registered efivars operations
[    0.188023] start pci_subsys_init -- functionpoint
[    0.188023] PCI: Using ACPI for IRQ routing
[    0.188026] pci_find_bus -- functionpoint
[    0.188026] pci_find_next_bus -- functionpoint
[    0.188028] pci_find_bus -- functionpoint
[    0.188029] pci_find_next_bus -- functionpoint
[    0.188031] pci_find_bus -- functionpoint
[    0.188032] pci_find_next_bus -- functionpoint
[    0.188033] pci_find_bus -- functionpoint
[    0.188035] pci_find_next_bus -- functionpoint
[    0.188036] pci_find_bus -- functionpoint
[    0.188037] pci_find_next_bus -- functionpoint
[    0.188039] pci_find_next_bus -- functionpoint
[    0.188369] pci_find_bus -- functionpoint
[    0.188371] pci_find_next_bus -- functionpoint
[    0.188372] pci_find_next_bus -- functionpoint
[    0.188702] pci_find_bus -- functionpoint
[    0.188703] pci_find_next_bus -- functionpoint
[    0.188705] pci_find_next_bus -- functionpoint
[    0.189028] pci_find_bus -- functionpoint
[    0.189029] pci_find_next_bus -- functionpoint
[    0.189030] pci_find_next_bus -- functionpoint
[    0.189360] pci_find_bus -- functionpoint
[    0.189361] pci_find_next_bus -- functionpoint
[    0.189362] pci_find_next_bus -- functionpoint
[    0.189690] pci_find_bus -- functionpoint
[    0.189692] pci_find_next_bus -- functionpoint
[    0.189693] pci_find_next_bus -- functionpoint
[    0.190023] pci_find_bus -- functionpoint
[    0.190025] pci_find_next_bus -- functionpoint
[    0.190026] pci_find_next_bus -- functionpoint
[    0.190356] pci_find_bus -- functionpoint
[    0.190357] pci_find_next_bus -- functionpoint
[    0.190359] pci_find_next_bus -- functionpoint
[    0.190689] pci_find_bus -- functionpoint
[    0.190690] pci_find_next_bus -- functionpoint
[    0.190691] pci_find_next_bus -- functionpoint
[    0.191020] pci_find_bus -- functionpoint
[    0.191021] pci_find_next_bus -- functionpoint
[    0.191022] pci_find_next_bus -- functionpoint
[    0.191022] pci_find_bus -- functionpoint
[    0.191022] pci_find_next_bus -- functionpoint
[    0.191022] pci_find_next_bus -- functionpoint
[    0.191022] pci_find_bus -- functionpoint
[    0.191022] pci_find_next_bus -- functionpoint
[    0.191022] pci_find_next_bus -- functionpoint
[    0.191022] pci_find_bus -- functionpoint
[    0.191022] pci_find_next_bus -- functionpoint
[    0.191022] pci_find_next_bus -- functionpoint
[    0.191022] pci_find_bus -- functionpoint
[    0.191022] pci_find_next_bus -- functionpoint
[    0.191022] pci_find_next_bus -- functionpoint
[    0.191022] pci_find_bus -- functionpoint
[    0.191022] pci_find_next_bus -- functionpoint
[    0.191022] pci_find_next_bus -- functionpoint
[    0.191022] pci_find_bus -- functionpoint
[    0.191022] pci_find_next_bus -- functionpoint
[    0.191022] pci_find_next_bus -- functionpoint
[    0.191022] pci_find_bus -- functionpoint
[    0.191022] pci_find_next_bus -- functionpoint
[    0.191022] pci_find_next_bus -- functionpoint
[    0.191022] pci_find_bus -- functionpoint
[    0.191022] pci_find_next_bus -- functionpoint
[    0.191022] pci_find_next_bus -- functionpoint
[    0.191022] pci_find_bus -- functionpoint
[    0.191022] pci_find_next_bus -- functionpoint
[    0.191022] pci_find_next_bus -- functionpoint
[    0.191034] pci_find_bus -- functionpoint
[    0.191035] pci_find_next_bus -- functionpoint
[    0.191036] pci_find_next_bus -- functionpoint
[    0.191365] pci_find_bus -- functionpoint
[    0.191366] pci_find_next_bus -- functionpoint
[    0.191367] pci_find_next_bus -- functionpoint
[    0.191695] pci_find_bus -- functionpoint
[    0.191697] pci_find_next_bus -- functionpoint
[    0.191698] pci_find_next_bus -- functionpoint
[    0.192021] pci_find_bus -- functionpoint
[    0.192022] pci_find_next_bus -- functionpoint
[    0.192023] pci_find_next_bus -- functionpoint
[    0.192353] pci_find_bus -- functionpoint
[    0.192354] pci_find_next_bus -- functionpoint
[    0.192356] pci_find_next_bus -- functionpoint
[    0.192684] pci_find_bus -- functionpoint
[    0.192685] pci_find_next_bus -- functionpoint
[    0.192686] pci_find_next_bus -- functionpoint
[    0.193009] pci_find_bus -- functionpoint
[    0.193011] pci_find_next_bus -- functionpoint
[    0.193012] pci_find_next_bus -- functionpoint
[    0.193342] pci_find_bus -- functionpoint
[    0.193343] pci_find_next_bus -- functionpoint
[    0.193345] pci_find_next_bus -- functionpoint
[    0.193666] pci_find_bus -- functionpoint
[    0.193667] pci_find_next_bus -- functionpoint
[    0.193668] pci_find_next_bus -- functionpoint
[    0.193996] pci_find_bus -- functionpoint
[    0.193997] pci_find_next_bus -- functionpoint
[    0.193999] pci_find_next_bus -- functionpoint
[    0.194327] pci_find_bus -- functionpoint
[    0.194328] pci_find_next_bus -- functionpoint
[    0.194330] pci_find_next_bus -- functionpoint
[    0.194658] pci_find_bus -- functionpoint
[    0.194659] pci_find_next_bus -- functionpoint
[    0.194660] pci_find_next_bus -- functionpoint
[    0.194989] pci_find_bus -- functionpoint
[    0.194990] pci_find_next_bus -- functionpoint
[    0.194991] pci_find_next_bus -- functionpoint
[    0.195319] pci_find_bus -- functionpoint
[    0.195321] pci_find_next_bus -- functionpoint
[    0.195322] pci_find_next_bus -- functionpoint
[    0.195644] pci_find_bus -- functionpoint
[    0.195646] pci_find_next_bus -- functionpoint
[    0.195647] pci_find_next_bus -- functionpoint
[    0.195975] pci_find_bus -- functionpoint
[    0.195976] pci_find_next_bus -- functionpoint
[    0.195978] pci_find_next_bus -- functionpoint
[    0.196298] pci_find_bus -- functionpoint
[    0.196299] pci_find_next_bus -- functionpoint
[    0.196301] pci_find_next_bus -- functionpoint
[    0.196631] pci_find_bus -- functionpoint
[    0.196632] pci_find_next_bus -- functionpoint
[    0.196633] pci_find_next_bus -- functionpoint
[    0.196963] pci_find_bus -- functionpoint
[    0.196965] pci_find_next_bus -- functionpoint
[    0.196966] pci_find_next_bus -- functionpoint
[    0.197294] pci_find_bus -- functionpoint
[    0.197295] pci_find_next_bus -- functionpoint
[    0.197297] pci_find_next_bus -- functionpoint
[    0.197625] pci_find_bus -- functionpoint
[    0.197626] pci_find_next_bus -- functionpoint
[    0.197628] pci_find_next_bus -- functionpoint
[    0.197956] pci_find_bus -- functionpoint
[    0.197957] pci_find_next_bus -- functionpoint
[    0.197958] pci_find_next_bus -- functionpoint
[    0.198286] pci_find_bus -- functionpoint
[    0.198288] pci_find_next_bus -- functionpoint
[    0.198289] pci_find_next_bus -- functionpoint
[    0.198628] pci_find_bus -- functionpoint
[    0.198629] pci_find_next_bus -- functionpoint
[    0.198631] pci_find_next_bus -- functionpoint
[    0.198970] pci_find_bus -- functionpoint
[    0.198971] pci_find_next_bus -- functionpoint
[    0.198972] pci_find_next_bus -- functionpoint
[    0.199300] pci_find_bus -- functionpoint
[    0.199301] pci_find_next_bus -- functionpoint
[    0.199303] pci_find_next_bus -- functionpoint
[    0.199624] pci_find_bus -- functionpoint
[    0.199625] pci_find_next_bus -- functionpoint
[    0.199627] pci_find_next_bus -- functionpoint
[    0.199955] pci_find_bus -- functionpoint
[    0.199956] pci_find_next_bus -- functionpoint
[    0.199958] pci_find_next_bus -- functionpoint
[    0.200277] pci_find_bus -- functionpoint
[    0.200278] pci_find_next_bus -- functionpoint
[    0.200280] pci_find_next_bus -- functionpoint
[    0.200610] pci_find_bus -- functionpoint
[    0.200611] pci_find_next_bus -- functionpoint
[    0.200612] pci_find_next_bus -- functionpoint
[    0.200940] pci_find_bus -- functionpoint
[    0.200942] pci_find_next_bus -- functionpoint
[    0.200943] pci_find_next_bus -- functionpoint
[    0.201273] pci_find_bus -- functionpoint
[    0.201274] pci_find_next_bus -- functionpoint
[    0.201276] pci_find_next_bus -- functionpoint
[    0.201604] pci_find_bus -- functionpoint
[    0.201605] pci_find_next_bus -- functionpoint
[    0.201606] pci_find_next_bus -- functionpoint
[    0.201934] pci_find_bus -- functionpoint
[    0.201936] pci_find_next_bus -- functionpoint
[    0.201937] pci_find_next_bus -- functionpoint
[    0.202260] pci_find_bus -- functionpoint
[    0.202261] pci_find_next_bus -- functionpoint
[    0.202263] pci_find_next_bus -- functionpoint
[    0.202584] pci_find_bus -- functionpoint
[    0.202585] pci_find_next_bus -- functionpoint
[    0.202587] pci_find_next_bus -- functionpoint
[    0.202915] pci_find_bus -- functionpoint
[    0.202916] pci_find_next_bus -- functionpoint
[    0.202918] pci_find_next_bus -- functionpoint
[    0.203246] pci_find_bus -- functionpoint
[    0.203247] pci_find_next_bus -- functionpoint
[    0.203249] pci_find_next_bus -- functionpoint
[    0.203577] pci_find_bus -- functionpoint
[    0.203579] pci_find_next_bus -- functionpoint
[    0.203580] pci_find_next_bus -- functionpoint
[    0.203891] pci_find_bus -- functionpoint
[    0.203892] pci_find_next_bus -- functionpoint
[    0.203894] pci_find_next_bus -- functionpoint
[    0.204213] pci_find_bus -- functionpoint
[    0.204214] pci_find_next_bus -- functionpoint
[    0.204216] pci_find_next_bus -- functionpoint
[    0.204546] pcibios_init -- functionpoint
[    0.204547] PCI: pci_cache_line_size set to 64 bytes
[    0.204640] e820: reserve RAM buffer [mem 0x0009f000-0x0009ffff]
[    0.204641] e820: reserve RAM buffer [mem 0xbe6ab000-0xbfffffff]
[    0.204642] e820: reserve RAM buffer [mem 0xbfc10000-0xbfffffff]
[    0.204643] e820: reserve RAM buffer [mem 0x427800000-0x427ffffff]
[    0.204644] end pci_subsys_init -- functionpoint
[    0.204709] NetLabel: Initializing
[    0.204712] NetLabel:  domain hash size = 128
[    0.204712] NetLabel:  protocols = UNLABELED CIPSOv4 CALIPSO
[    0.204722] NetLabel:  unlabeled traffic allowed by default
[    0.208734] hpet0: at MMIO 0xfed00000, IRQs 2, 8, 0, 0, 0, 0, 0, 0
[    0.208738] hpet0: 8 comparators, 64-bit 24.000000 MHz counter
[    0.212023] clocksource: Switched to clocksource hpet
[    0.220643] VFS: Disk quotas dquot_6.6.0
[    0.220656] VFS: Dquot-cache hash table entries: 512 (order 0, 4096 bytes)
[    0.220729] AppArmor: AppArmor Filesystem Enabled
[    0.220731] driver_register -- functionpoint
[    0.220732] bus_add_driver -- functionpoint
[    0.220735] functionpoint -- bus: 'platform': add driver simple-framebuffer
[    0.220739] __driver_attach -- functionpoint
[    0.220740] __driver_attach -- functionpoint
[    0.220741] __driver_attach -- functionpoint
[    0.220743] __driver_attach -- functionpoint
[    0.220744] __driver_attach -- functionpoint
[    0.220746] __driver_attach -- functionpoint
[    0.220747] __driver_attach -- functionpoint
[    0.220748] __driver_attach -- functionpoint
[    0.220750] __driver_attach -- functionpoint
[    0.220751] __driver_attach -- functionpoint
[    0.220753] __driver_attach -- functionpoint
[    0.220759] driver_register -- functionpoint
[    0.220761] bus_add_driver -- functionpoint
[    0.220763] functionpoint -- bus: 'pnp': add driver system
[    0.220767] pnp: PnP ACPI init
[    0.220857] really_probe -- functionpoint
[    0.220858] functionpoint -- bus: 'pnp': really_probe: probing driver system with device 00:00
[    0.220865] system 00:00: [mem 0x40000000-0x403fffff] could not be reserved
[    0.220869] system 00:00: Plug and Play ACPI device, IDs PNP0c02 (active)
[    0.221161] really_probe -- functionpoint
[    0.221162] functionpoint -- bus: 'pnp': really_probe: probing driver system with device 00:01
[    0.221169] system 00:01: [io  0x1800-0x18fe] has been reserved
[    0.221170] system 00:01: [mem 0xfd000000-0xfd69ffff] has been reserved
[    0.221172] system 00:01: [mem 0xfd6c0000-0xfd6cffff] has been reserved
[    0.221173] system 00:01: [mem 0xfd6f0000-0xfdffffff] has been reserved
[    0.221174] system 00:01: [mem 0xfe000000-0xfe01ffff] could not be reserved
[    0.221176] system 00:01: [mem 0xfe200000-0xfe7fffff] has been reserved
[    0.221177] system 00:01: [mem 0xff000000-0xffffffff] has been reserved
[    0.221180] system 00:01: Plug and Play ACPI device, IDs PNP0c02 (active)
[    0.221490] really_probe -- functionpoint
[    0.221491] functionpoint -- bus: 'pnp': really_probe: probing driver system with device 00:02
[    0.221499] system 00:02: [io  0x2000-0x20fe] has been reserved
[    0.221502] system 00:02: Plug and Play ACPI device, IDs PNP0c02 (active)
[    0.221617] really_probe -- functionpoint
[    0.221617] functionpoint -- bus: 'pnp': really_probe: probing driver system with device 00:03
[    0.221626] system 00:03: [io  0x0680-0x069f] has been reserved
[    0.221627] system 00:03: [io  0x164e-0x164f] has been reserved
[    0.221630] system 00:03: Plug and Play ACPI device, IDs PNP0c02 (active)
[    0.221675] pnp 00:04: Plug and Play ACPI device, IDs PNP0b00 (active)
[    0.221762] really_probe -- functionpoint
[    0.221763] functionpoint -- bus: 'pnp': really_probe: probing driver system with device 00:05
[    0.221769] system 00:05: [io  0x1854-0x1857] has been reserved
[    0.221772] system 00:05: Plug and Play ACPI device, IDs INT3f0d PNP0c02 (active)
[    0.221792] pnp 00:06: Plug and Play ACPI device, IDs HPQ8002 PNP0303 (active)
[    0.221812] pnp 00:07: Plug and Play ACPI device, IDs PNP0f13 SYN0100 SYN0002 (active)
[    0.221992] really_probe -- functionpoint
[    0.221993] functionpoint -- bus: 'pnp': really_probe: probing driver system with device 00:08
[    0.221999] system 00:08: [io  0x0200-0x023f] has been reserved
[    0.222001] system 00:08: [mem 0xfedb0000-0xfedbffff] has been reserved
[    0.222004] system 00:08: Plug and Play ACPI device, IDs PNP0c02 (active)
[    0.222327] really_probe -- functionpoint
[    0.222328] functionpoint -- bus: 'pnp': really_probe: probing driver system with device 00:09
[    0.222335] system 00:09: [mem 0xfd6e0000-0xfd6effff] has been reserved
[    0.222336] system 00:09: [mem 0xfd6d0000-0xfd6dffff] has been reserved
[    0.222337] system 00:09: [mem 0xfd6b0000-0xfd6bffff] has been reserved
[    0.222338] system 00:09: [mem 0xfd6a0000-0xfd6affff] has been reserved
[    0.222341] system 00:09: Plug and Play ACPI device, IDs PNP0c02 (active)
[    0.223417] really_probe -- functionpoint
[    0.223418] functionpoint -- bus: 'pnp': really_probe: probing driver system with device 00:0a
[    0.223425] system 00:0a: Plug and Play ACPI device, IDs PNP0c02 (active)
[    0.223975] really_probe -- functionpoint
[    0.223976] functionpoint -- bus: 'pnp': really_probe: probing driver system with device 00:0b
[    0.223984] system 00:0b: [mem 0xfed10000-0xfed17fff] has been reserved
[    0.223985] system 00:0b: [mem 0xfed18000-0xfed18fff] has been reserved
[    0.223986] system 00:0b: [mem 0xfed19000-0xfed19fff] has been reserved
[    0.223988] system 00:0b: [mem 0xf8000000-0xfbffffff] has been reserved
[    0.223989] system 00:0b: [mem 0xfed20000-0xfed3ffff] has been reserved
[    0.223990] system 00:0b: [mem 0xfed90000-0xfed93fff] could not be reserved
[    0.223991] system 00:0b: [mem 0xfed45000-0xfed8ffff] has been reserved
[    0.223993] system 00:0b: [mem 0xfee00000-0xfeefffff] has been reserved
[    0.223996] system 00:0b: Plug and Play ACPI device, IDs PNP0c02 (active)
[    0.224100] really_probe -- functionpoint
[    0.224100] functionpoint -- bus: 'pnp': really_probe: probing driver system with device 00:0c
[    0.224106] system 00:0c: [mem 0xfed40000-0xfed44fff] has been reserved
[    0.224109] system 00:0c: Plug and Play ACPI device, IDs PNP0c02 (active)
[    0.224236] pnp: PnP ACPI: found 13 devices
[    0.234961] clocksource: acpi_pm: mask: 0xffffff max_cycles: 0xffffff, max_idle_ns: 2085701024 ns
[    0.234964] pci 0000:03:00.0: can't claim BAR 6 [mem 0xfffe0000-0xffffffff pref]: no compatible bridge window
[    0.235008] __pci_setup_bridge -- functionpoint
[    0.235009] pci 0000:00:1b.0: PCI bridge to [bus 01]
[    0.235017] pci 0000:00:1b.0:   bridge window [mem 0xf1100000-0xf11fffff]
[    0.235029] pci 0000:03:00.0: BAR 6: assigned [mem 0xf1020000-0xf103ffff pref]
[    0.235029] __pci_setup_bridge -- functionpoint
[    0.235031] pci 0000:02:00.0: PCI bridge to [bus 03]
[    0.235036] pci 0000:02:00.0:   bridge window [io  0x3000-0x3fff]
[    0.235045] pci 0000:02:00.0:   bridge window [mem 0xf1000000-0xf10fffff]
[    0.235063] __pci_setup_bridge -- functionpoint
[    0.235064] pci 0000:00:1c.0: PCI bridge to [bus 02-03]
[    0.235067] pci 0000:00:1c.0:   bridge window [io  0x3000-0x3fff]
[    0.235072] pci 0000:00:1c.0:   bridge window [mem 0xf1000000-0xf10fffff]
[    0.235083] pci_bus 0000:00: resource 4 [io  0x0000-0x0cf7 window]
[    0.235084] pci_bus 0000:00: resource 5 [io  0x0d00-0xffff window]
[    0.235085] pci_bus 0000:00: resource 6 [mem 0x000a0000-0x000bffff window]
[    0.235086] pci_bus 0000:00: resource 7 [mem 0xd4800000-0xf7ffffff window]
[    0.235087] pci_bus 0000:00: resource 8 [mem 0x4000000000-0x7fffffffff window]
[    0.235089] pci_bus 0000:00: resource 9 [mem 0xfc800000-0xfe7fffff window]
[    0.235090] pci_bus 0000:01: resource 1 [mem 0xf1100000-0xf11fffff]
[    0.235091] pci_bus 0000:02: resource 0 [io  0x3000-0x3fff]
[    0.235092] pci_bus 0000:02: resource 1 [mem 0xf1000000-0xf10fffff]
[    0.235093] pci_bus 0000:03: resource 0 [io  0x3000-0x3fff]
[    0.235094] pci_bus 0000:03: resource 1 [mem 0xf1000000-0xf10fffff]
[    0.235095] pci_bus 0000:03: resource 4 [io  0x3000-0x3fff]
[    0.235096] pci_bus 0000:03: resource 5 [mem 0xf1000000-0xf10fffff]
[    0.235239] NET: Registered protocol family 2
[    0.235377] TCP established hash table entries: 131072 (order: 8, 1048576 bytes)
[    0.235509] TCP bind hash table entries: 65536 (order: 8, 1048576 bytes)
[    0.235593] TCP: Hash tables configured (established 131072 bind 65536)
[    0.235619] UDP hash table entries: 8192 (order: 6, 262144 bytes)
[    0.235649] UDP-Lite hash table entries: 8192 (order: 6, 262144 bytes)
[    0.235703] NET: Registered protocol family 1
[    0.235712] pci 0000:00:02.0: Video device with shadowed ROM at [mem 0x000c0000-0x000dffff]
[    0.235996] PCI: CLS 0 bytes, default 64
[    0.236075] Unpacking initramfs...
[    5.764844] Freeing initrd memory: 440864K
[    5.764925] PCI-DMA: Using software bounce buffering for IO (SWIOTLB)
[    5.764928] software IO TLB [mem 0xb9506000-0xbd506000] (64MB) mapped at [000000006dacb65a-000000003d1fb303]
[    5.765398] clocksource: tsc: mask: 0xffffffffffffffff max_cycles: 0x2b3e459bf4c, max_idle_ns: 440795289890 ns
[    5.765821] Scanning for low memory corruption every 60 seconds
[    5.766024] __pci_register_driver -- functionpoint
[    5.766025] driver_register -- functionpoint
[    5.766029] bus_add_driver -- functionpoint
[    5.766030] functionpoint -- bus: 'pci': add driver iosf_mbi_pci
[    5.766034] __driver_attach -- functionpoint
[    5.766035] __driver_attach -- functionpoint
[    5.766036] __driver_attach -- functionpoint
[    5.766038] __driver_attach -- functionpoint
[    5.766039] __driver_attach -- functionpoint
[    5.766040] __driver_attach -- functionpoint
[    5.766042] __driver_attach -- functionpoint
[    5.766043] __driver_attach -- functionpoint
[    5.766045] __driver_attach -- functionpoint
[    5.766046] __driver_attach -- functionpoint
[    5.766047] __driver_attach -- functionpoint
[    5.766049] __driver_attach -- functionpoint
[    5.766050] __driver_attach -- functionpoint
[    5.766051] __driver_attach -- functionpoint
[    5.766053] __driver_attach -- functionpoint
[    5.766054] __driver_attach -- functionpoint
[    5.766056] __driver_attach -- functionpoint
[    5.766057] __driver_attach -- functionpoint
[    5.766187] driver_register -- functionpoint
[    5.766189] bus_add_driver -- functionpoint
[    5.766191] functionpoint -- bus: 'platform': add driver alarmtimer
[    5.766198] __driver_attach -- functionpoint
[    5.766199] __driver_attach -- functionpoint
[    5.766201] __driver_attach -- functionpoint
[    5.766203] __driver_attach -- functionpoint
[    5.766204] __driver_attach -- functionpoint
[    5.766206] __driver_attach -- functionpoint
[    5.766207] __driver_attach -- functionpoint
[    5.766209] __driver_attach -- functionpoint
[    5.766210] __driver_attach -- functionpoint
[    5.766212] __driver_attach -- functionpoint
[    5.766213] __driver_attach -- functionpoint
[    5.766215] __driver_attach -- functionpoint
[    5.766216] __driver_attach -- functionpoint
[    5.766227] really_probe -- functionpoint
[    5.766229] functionpoint -- bus: 'platform': really_probe: probing driver alarmtimer with device alarmtimer
[    5.766627] Initialise system trusted keyrings
[    5.766648] Key type blacklist registered
[    5.766773] workingset: timestamp_bits=36 max_order=22 bucket_order=0
[    5.767652] zbud: loaded
[    5.768195] squashfs: version 4.0 (2009/01/31) Phillip Lougher
[    5.768440] fuse init (API version 7.26)
[    5.773756] Key type asymmetric registered
[    5.773757] Asymmetric key parser 'x509' registered
[    5.773782] Block layer SCSI generic (bsg) driver version 0.4 loaded (major 246)
[    5.773902] io scheduler noop registered
[    5.773902] io scheduler deadline registered
[    5.773952] io scheduler cfq registered (default)
[    5.774305] driver_register -- functionpoint
[    5.774306] bus_add_driver -- functionpoint
[    5.774309] functionpoint -- bus: 'platform': add driver amd_gpio
[    5.774312] __driver_attach -- functionpoint
[    5.774313] __driver_attach -- functionpoint
[    5.774315] __driver_attach -- functionpoint
[    5.774316] __driver_attach -- functionpoint
[    5.774318] __driver_attach -- functionpoint
[    5.774319] __driver_attach -- functionpoint
[    5.774321] __driver_attach -- functionpoint
[    5.774323] __driver_attach -- functionpoint
[    5.774324] __driver_attach -- functionpoint
[    5.774326] __driver_attach -- functionpoint
[    5.774327] __driver_attach -- functionpoint
[    5.774329] __driver_attach -- functionpoint
[    5.774330] __driver_attach -- functionpoint
[    5.774332] __driver_attach -- functionpoint
[    5.774335] driver_register -- functionpoint
[    5.774336] bus_add_driver -- functionpoint
[    5.774338] functionpoint -- bus: 'platform': add driver cannonlake-pinctrl
[    5.774341] __driver_attach -- functionpoint
[    5.774342] __driver_attach -- functionpoint
[    5.774343] __driver_attach -- functionpoint
[    5.774344] __driver_attach -- functionpoint
[    5.774346] __driver_attach -- functionpoint
[    5.774347] __driver_attach -- functionpoint
[    5.774349] __driver_attach -- functionpoint
[    5.774350] __driver_attach -- functionpoint
[    5.774351] __driver_attach -- functionpoint
[    5.774353] __driver_attach -- functionpoint
[    5.774354] __driver_attach -- functionpoint
[    5.774355] __driver_attach -- functionpoint
[    5.774357] __driver_attach -- functionpoint
[    5.774358] __driver_attach -- functionpoint
[    5.774361] driver_register -- functionpoint
[    5.774363] bus_add_driver -- functionpoint
[    5.774364] functionpoint -- bus: 'platform': add driver tps68470-gpio
[    5.774367] __driver_attach -- functionpoint
[    5.774368] __driver_attach -- functionpoint
[    5.774369] __driver_attach -- functionpoint
[    5.774370] __driver_attach -- functionpoint
[    5.774372] __driver_attach -- functionpoint
[    5.774373] __driver_attach -- functionpoint
[    5.774374] __driver_attach -- functionpoint
[    5.774376] __driver_attach -- functionpoint
[    5.774377] __driver_attach -- functionpoint
[    5.774378] __driver_attach -- functionpoint
[    5.774380] __driver_attach -- functionpoint
[    5.774381] __driver_attach -- functionpoint
[    5.774382] __driver_attach -- functionpoint
[    5.774384] __driver_attach -- functionpoint
[    5.774388] driver_register -- functionpoint
[    5.774390] bus_add_driver -- functionpoint
[    5.774391] functionpoint -- bus: 'platform': add driver crystal_cove_pwm
[    5.774394] __driver_attach -- functionpoint
[    5.774395] __driver_attach -- functionpoint
[    5.774396] __driver_attach -- functionpoint
[    5.774397] __driver_attach -- functionpoint
[    5.774399] __driver_attach -- functionpoint
[    5.774400] __driver_attach -- functionpoint
[    5.774401] __driver_attach -- functionpoint
[    5.774403] __driver_attach -- functionpoint
[    5.774404] __driver_attach -- functionpoint
[    5.774405] __driver_attach -- functionpoint
[    5.774406] __driver_attach -- functionpoint
[    5.774408] __driver_attach -- functionpoint
[    5.774409] __driver_attach -- functionpoint
[    5.774410] __driver_attach -- functionpoint
[    5.774433] __pci_register_driver -- functionpoint
[    5.774434] driver_register -- functionpoint
[    5.774436] bus_add_driver -- functionpoint
[    5.774437] functionpoint -- bus: 'pci': add driver pcieport
[    5.774440] __driver_attach -- functionpoint
[    5.774441] __driver_attach -- functionpoint
[    5.774442] __driver_attach -- functionpoint
[    5.774443] __driver_attach -- functionpoint
[    5.774445] __driver_attach -- functionpoint
[    5.774446] __driver_attach -- functionpoint
[    5.774447] __driver_attach -- functionpoint
[    5.774449] __driver_attach -- functionpoint
[    5.774450] __driver_attach -- functionpoint
[    5.774452] really_probe -- functionpoint
[    5.774454] functionpoint -- bus: 'pci': really_probe: probing driver pcieport with device 0000:00:1b.0
[    5.774459] pci_device_probe -- functionpoint
[    5.774460] pci_call_probe -- functionpoint
[    5.774808] __driver_attach -- functionpoint
[    5.774810] really_probe -- functionpoint
[    5.774812] functionpoint -- bus: 'pci': really_probe: probing driver pcieport with device 0000:00:1c.0
[    5.774817] pci_device_probe -- functionpoint
[    5.774817] pci_call_probe -- functionpoint
[    5.775089] __driver_attach -- functionpoint
[    5.775091] __driver_attach -- functionpoint
[    5.775093] __driver_attach -- functionpoint
[    5.775094] __driver_attach -- functionpoint
[    5.775095] __driver_attach -- functionpoint
[    5.775097] __driver_attach -- functionpoint
[    5.775098] __driver_attach -- functionpoint
[    5.775099] __driver_attach -- functionpoint
[    5.775105] driver_register -- functionpoint
[    5.775106] bus_add_driver -- functionpoint
[    5.775108] functionpoint -- bus: 'pci_express': add driver aer
[    5.775111] __driver_attach -- functionpoint
[    5.775111] __driver_attach -- functionpoint
[    5.775113] really_probe -- functionpoint
[    5.775114] functionpoint -- bus: 'pci_express': really_probe: probing driver aer with device 0000:00:1b.0:pcie002
[    5.775151] pcieport 0000:00:1b.0: AER enabled with IRQ 122
[    5.775153] __driver_attach -- functionpoint
[    5.775153] __driver_attach -- functionpoint
[    5.775155] __driver_attach -- functionpoint
[    5.775156] really_probe -- functionpoint
[    5.775158] functionpoint -- bus: 'pci_express': really_probe: probing driver aer with device 0000:00:1c.0:pcie002
[    5.775189] pcieport 0000:00:1c.0: AER enabled with IRQ 123
[    5.775190] __driver_attach -- functionpoint
[    5.775194] driver_register -- functionpoint
[    5.775196] bus_add_driver -- functionpoint
[    5.775197] functionpoint -- bus: 'pci_express': add driver pcie_pme
[    5.775200] __driver_attach -- functionpoint
[    5.775201] really_probe -- functionpoint
[    5.775203] functionpoint -- bus: 'pci_express': really_probe: probing driver pcie_pme with device 0000:00:1b.0:pcie001
[    5.775219] pcieport 0000:00:1b.0: Signaling PME with IRQ 122
[    5.775223] __driver_attach -- functionpoint
[    5.775224] __driver_attach -- functionpoint
[    5.775225] __driver_attach -- functionpoint
[    5.775227] really_probe -- functionpoint
[    5.775228] functionpoint -- bus: 'pci_express': really_probe: probing driver pcie_pme with device 0000:00:1c.0:pcie001
[    5.775245] pcieport 0000:00:1c.0: Signaling PME with IRQ 123
[    5.775249] __driver_attach -- functionpoint
[    5.775250] __driver_attach -- functionpoint
[    5.775253] driver_register -- functionpoint
[    5.775254] bus_add_driver -- functionpoint
[    5.775256] functionpoint -- bus: 'pci_express': add driver dpc
[    5.775258] __driver_attach -- functionpoint
[    5.775259] __driver_attach -- functionpoint
[    5.775260] __driver_attach -- functionpoint
[    5.775262] really_probe -- functionpoint
[    5.775263] functionpoint -- bus: 'pci_express': really_probe: probing driver dpc with device 0000:00:1b.0:pcie010
[    5.775286] dpc 0000:00:1b.0:pcie010: DPC error containment capabilities: Int Msg #0, RPExt+ PoisonedTLP+ SwTrigger+ RP PIO Log 4, DL_ActiveErr+
[    5.775288] __driver_attach -- functionpoint
[    5.775288] __driver_attach -- functionpoint
[    5.775290] __driver_attach -- functionpoint
[    5.775291] really_probe -- functionpoint
[    5.775293] functionpoint -- bus: 'pci_express': really_probe: probing driver dpc with device 0000:00:1c.0:pcie010
[    5.775313] dpc 0000:00:1c.0:pcie010: DPC error containment capabilities: Int Msg #0, RPExt+ PoisonedTLP+ SwTrigger+ RP PIO Log 4, DL_ActiveErr+
[    5.775316] driver_register -- functionpoint
[    5.775317] bus_add_driver -- functionpoint
[    5.775318] functionpoint -- bus: 'pci_express': add driver pciehp
[    5.775321] __driver_attach -- functionpoint
[    5.775322] __driver_attach -- functionpoint
[    5.775323] __driver_attach -- functionpoint
[    5.775324] __driver_attach -- functionpoint
[    5.775325] __driver_attach -- functionpoint
[    5.775327] __driver_attach -- functionpoint
[    5.775346] driver_register -- functionpoint
[    5.775348] bus_add_driver -- functionpoint
[    5.775349] functionpoint -- bus: 'platform': add driver dw-pcie
[    5.775352] __driver_attach -- functionpoint
[    5.775353] __driver_attach -- functionpoint
[    5.775354] __driver_attach -- functionpoint
[    5.775355] __driver_attach -- functionpoint
[    5.775357] __driver_attach -- functionpoint
[    5.775358] __driver_attach -- functionpoint
[    5.775360] __driver_attach -- functionpoint
[    5.775361] __driver_attach -- functionpoint
[    5.775362] __driver_attach -- functionpoint
[    5.775364] __driver_attach -- functionpoint
[    5.775365] __driver_attach -- functionpoint
[    5.775366] __driver_attach -- functionpoint
[    5.775368] __driver_attach -- functionpoint
[    5.775369] __driver_attach -- functionpoint
[    5.775374] __pci_register_driver -- functionpoint
[    5.775375] driver_register -- functionpoint
[    5.775377] bus_add_driver -- functionpoint
[    5.775378] functionpoint -- bus: 'pci': add driver imsttfb
[    5.775381] __driver_attach -- functionpoint
[    5.775381] __driver_attach -- functionpoint
[    5.775383] __driver_attach -- functionpoint
[    5.775384] __driver_attach -- functionpoint
[    5.775385] __driver_attach -- functionpoint
[    5.775387] __driver_attach -- functionpoint
[    5.775388] __driver_attach -- functionpoint
[    5.775389] __driver_attach -- functionpoint
[    5.775391] __driver_attach -- functionpoint
[    5.775392] __driver_attach -- functionpoint
[    5.775393] __driver_attach -- functionpoint
[    5.775395] __driver_attach -- functionpoint
[    5.775396] __driver_attach -- functionpoint
[    5.775398] __driver_attach -- functionpoint
[    5.775399] __driver_attach -- functionpoint
[    5.775400] __driver_attach -- functionpoint
[    5.775401] __driver_attach -- functionpoint
[    5.775403] __driver_attach -- functionpoint
[    5.775407] __pci_register_driver -- functionpoint
[    5.775409] driver_register -- functionpoint
[    5.775410] bus_add_driver -- functionpoint
[    5.775412] functionpoint -- bus: 'pci': add driver asiliantfb
[    5.775414] __driver_attach -- functionpoint
[    5.775415] __driver_attach -- functionpoint
[    5.775416] __driver_attach -- functionpoint
[    5.775418] __driver_attach -- functionpoint
[    5.775419] __driver_attach -- functionpoint
[    5.775420] __driver_attach -- functionpoint
[    5.775422] __driver_attach -- functionpoint
[    5.775423] __driver_attach -- functionpoint
[    5.775424] __driver_attach -- functionpoint
[    5.775425] __driver_attach -- functionpoint
[    5.775427] __driver_attach -- functionpoint
[    5.775428] __driver_attach -- functionpoint
[    5.775429] __driver_attach -- functionpoint
[    5.775431] __driver_attach -- functionpoint
[    5.775432] __driver_attach -- functionpoint
[    5.775433] __driver_attach -- functionpoint
[    5.775435] __driver_attach -- functionpoint
[    5.775436] __driver_attach -- functionpoint
[    5.775440] driver_register -- functionpoint
[    5.775441] bus_add_driver -- functionpoint
[    5.775443] functionpoint -- bus: 'platform': add driver vesa-framebuffer
[    5.775446] __driver_attach -- functionpoint
[    5.775446] __driver_attach -- functionpoint
[    5.775448] __driver_attach -- functionpoint
[    5.775449] __driver_attach -- functionpoint
[    5.775450] __driver_attach -- functionpoint
[    5.775452] __driver_attach -- functionpoint
[    5.775453] __driver_attach -- functionpoint
[    5.775454] __driver_attach -- functionpoint
[    5.775456] __driver_attach -- functionpoint
[    5.775457] __driver_attach -- functionpoint
[    5.775458] __driver_attach -- functionpoint
[    5.775460] __driver_attach -- functionpoint
[    5.775461] __driver_attach -- functionpoint
[    5.775462] __driver_attach -- functionpoint
[    5.775465] driver_register -- functionpoint
[    5.775467] bus_add_driver -- functionpoint
[    5.775468] functionpoint -- bus: 'platform': add driver efi-framebuffer
[    5.775471] __driver_attach -- functionpoint
[    5.775471] __driver_attach -- functionpoint
[    5.775473] __driver_attach -- functionpoint
[    5.775474] __driver_attach -- functionpoint
[    5.775475] __driver_attach -- functionpoint
[    5.775477] __driver_attach -- functionpoint
[    5.775478] __driver_attach -- functionpoint
[    5.775479] __driver_attach -- functionpoint
[    5.775481] __driver_attach -- functionpoint
[    5.775482] __driver_attach -- functionpoint
[    5.775483] __driver_attach -- functionpoint
[    5.775485] __driver_attach -- functionpoint
[    5.775486] __driver_attach -- functionpoint
[    5.775488] really_probe -- functionpoint
[    5.775489] functionpoint -- bus: 'platform': really_probe: probing driver efi-framebuffer with device efi-framebuffer.0
[    5.775494] efifb: probing for efifb
[    5.775502] efifb: framebuffer at 0xe0000000, using 8100k, total 8100k
[    5.775503] efifb: mode is 1920x1080x32, linelength=7680, pages=1
[    5.775504] efifb: scrolling: redraw
[    5.775505] efifb: Truecolor: size=8:8:8:8, shift=24:16:8:0
[    5.780139] Console: switching to colour frame buffer device 240x67
[    5.784616] fb0: EFI VGA frame buffer device
[    5.784619] __driver_attach -- functionpoint
[    5.784623] intel_idle: MWAIT substates: 0x11142120
[    5.784640] intel_idle: v0.4.1 model 0x9E
[    5.785313] intel_idle: lapic_timer_reliable_states 0xffffffff
[    5.785350] driver_register -- functionpoint
[    5.785351] bus_add_driver -- functionpoint
[    5.785369] functionpoint -- bus: 'acpi': add driver ac
[    5.785406] __driver_attach -- functionpoint
[    5.785407] __driver_attach -- functionpoint
[    5.785423] __driver_attach -- functionpoint
[    5.785439] __driver_attach -- functionpoint
[    5.785455] __driver_attach -- functionpoint
[    5.785471] __driver_attach -- functionpoint
[    5.785487] __driver_attach -- functionpoint
[    5.785503] __driver_attach -- functionpoint
[    5.785520] __driver_attach -- functionpoint
[    5.785536] __driver_attach -- functionpoint
[    5.785552] __driver_attach -- functionpoint
[    5.785568] __driver_attach -- functionpoint
[    5.785584] __driver_attach -- functionpoint
[    5.785600] __driver_attach -- functionpoint
[    5.785616] __driver_attach -- functionpoint
[    5.785632] __driver_attach -- functionpoint
[    5.785648] __driver_attach -- functionpoint
[    5.785664] __driver_attach -- functionpoint
[    5.785680] __driver_attach -- functionpoint
[    5.785696] __driver_attach -- functionpoint
[    5.785712] __driver_attach -- functionpoint
[    5.785728] __driver_attach -- functionpoint
[    5.785746] __driver_attach -- functionpoint
[    5.785762] __driver_attach -- functionpoint
[    5.785778] __driver_attach -- functionpoint
[    5.785794] __driver_attach -- functionpoint
[    5.785810] __driver_attach -- functionpoint
[    5.785826] __driver_attach -- functionpoint
[    5.785842] __driver_attach -- functionpoint
[    5.785858] __driver_attach -- functionpoint
[    5.785874] __driver_attach -- functionpoint
[    5.785890] __driver_attach -- functionpoint
[    5.785906] __driver_attach -- functionpoint
[    5.785923] __driver_attach -- functionpoint
[    5.785939] __driver_attach -- functionpoint
[    5.785955] __driver_attach -- functionpoint
[    5.785971] __driver_attach -- functionpoint
[    5.785987] __driver_attach -- functionpoint
[    5.786003] __driver_attach -- functionpoint
[    5.786019] __driver_attach -- functionpoint
[    5.786270] __driver_attach -- functionpoint
[    5.786520] __driver_attach -- functionpoint
[    5.786771] __driver_attach -- functionpoint
[    5.787021] __driver_attach -- functionpoint
[    5.787272] __driver_attach -- functionpoint
[    5.787526] __driver_attach -- functionpoint
[    5.787766] __driver_attach -- functionpoint
[    5.787989] __driver_attach -- functionpoint
[    5.788245] __driver_attach -- functionpoint
[    5.788453] __driver_attach -- functionpoint
[    5.788662] __driver_attach -- functionpoint
[    5.788872] __driver_attach -- functionpoint
[    5.789082] __driver_attach -- functionpoint
[    5.789292] __driver_attach -- functionpoint
[    5.789502] __driver_attach -- functionpoint
[    5.789714] __driver_attach -- functionpoint
[    5.789925] __driver_attach -- functionpoint
[    5.790136] __driver_attach -- functionpoint
[    5.790348] __driver_attach -- functionpoint
[    5.790562] __driver_attach -- functionpoint
[    5.790775] __driver_attach -- functionpoint
[    5.790981] __driver_attach -- functionpoint
[    5.791169] __driver_attach -- functionpoint
[    5.791337] __driver_attach -- functionpoint
[    5.791493] __driver_attach -- functionpoint
[    5.791645] __driver_attach -- functionpoint
[    5.791788] __driver_attach -- functionpoint
[    5.791919] __driver_attach -- functionpoint
[    5.792095] __driver_attach -- functionpoint
[    5.792215] __driver_attach -- functionpoint
[    5.792336] __driver_attach -- functionpoint
[    5.792458] __driver_attach -- functionpoint
[    5.792579] __driver_attach -- functionpoint
[    5.792700] __driver_attach -- functionpoint
[    5.792822] __driver_attach -- functionpoint
[    5.792943] __driver_attach -- functionpoint
[    5.793065] __driver_attach -- functionpoint
[    5.793188] __driver_attach -- functionpoint
[    5.793310] __driver_attach -- functionpoint
[    5.793433] __driver_attach -- functionpoint
[    5.793556] __driver_attach -- functionpoint
[    5.793679] __driver_attach -- functionpoint
[    5.793802] __driver_attach -- functionpoint
[    5.793926] __driver_attach -- functionpoint
[    5.794049] __driver_attach -- functionpoint
[    5.794173] __driver_attach -- functionpoint
[    5.794298] __driver_attach -- functionpoint
[    5.794423] __driver_attach -- functionpoint
[    5.794547] __driver_attach -- functionpoint
[    5.794672] __driver_attach -- functionpoint
[    5.794797] __driver_attach -- functionpoint
[    5.794923] __driver_attach -- functionpoint
[    5.795049] __driver_attach -- functionpoint
[    5.795176] __driver_attach -- functionpoint
[    5.795302] __driver_attach -- functionpoint
[    5.795429] __driver_attach -- functionpoint
[    5.795556] __driver_attach -- functionpoint
[    5.795683] __driver_attach -- functionpoint
[    5.795810] __driver_attach -- functionpoint
[    5.795937] __driver_attach -- functionpoint
[    5.796113] __driver_attach -- functionpoint
[    5.796241] __driver_attach -- functionpoint
[    5.796369] __driver_attach -- functionpoint
[    5.796498] __driver_attach -- functionpoint
[    5.796626] __driver_attach -- functionpoint
[    5.796756] __driver_attach -- functionpoint
[    5.796884] __driver_attach -- functionpoint
[    5.797013] __driver_attach -- functionpoint
[    5.797142] __driver_attach -- functionpoint
[    5.797271] __driver_attach -- functionpoint
[    5.797400] __driver_attach -- functionpoint
[    5.797529] __driver_attach -- functionpoint
[    5.797659] __driver_attach -- functionpoint
[    5.797788] __driver_attach -- functionpoint
[    5.797917] __driver_attach -- functionpoint
[    5.798046] __driver_attach -- functionpoint
[    5.798175] __driver_attach -- functionpoint
[    5.798304] __driver_attach -- functionpoint
[    5.798433] __driver_attach -- functionpoint
[    5.798562] __driver_attach -- functionpoint
[    5.798692] __driver_attach -- functionpoint
[    5.798821] __driver_attach -- functionpoint
[    5.798951] __driver_attach -- functionpoint
[    5.799083] __driver_attach -- functionpoint
[    5.799212] __driver_attach -- functionpoint
[    5.799341] __driver_attach -- functionpoint
[    5.799470] __driver_attach -- functionpoint
[    5.799599] __driver_attach -- functionpoint
[    5.799728] __driver_attach -- functionpoint
[    5.799856] __driver_attach -- functionpoint
[    5.799985] __driver_attach -- functionpoint
[    5.800155] __driver_attach -- functionpoint
[    5.800284] __driver_attach -- functionpoint
[    5.800415] __driver_attach -- functionpoint
[    5.800544] __driver_attach -- functionpoint
[    5.800673] __driver_attach -- functionpoint
[    5.800802] __driver_attach -- functionpoint
[    5.800932] __driver_attach -- functionpoint
[    5.801061] __driver_attach -- functionpoint
[    5.801190] __driver_attach -- functionpoint
[    5.801320] __driver_attach -- functionpoint
[    5.801449] __driver_attach -- functionpoint
[    5.801579] __driver_attach -- functionpoint
[    5.801708] __driver_attach -- functionpoint
[    5.801837] __driver_attach -- functionpoint
[    5.801968] __driver_attach -- functionpoint
[    5.802097] __driver_attach -- functionpoint
[    5.802225] __driver_attach -- functionpoint
[    5.802354] __driver_attach -- functionpoint
[    5.802484] __driver_attach -- functionpoint
[    5.802613] __driver_attach -- functionpoint
[    5.802741] __driver_attach -- functionpoint
[    5.802869] __driver_attach -- functionpoint
[    5.802998] __driver_attach -- functionpoint
[    5.803126] __driver_attach -- functionpoint
[    5.803254] __driver_attach -- functionpoint
[    5.803383] __driver_attach -- functionpoint
[    5.803512] __driver_attach -- functionpoint
[    5.803640] __driver_attach -- functionpoint
[    5.803769] __driver_attach -- functionpoint
[    5.803897] __driver_attach -- functionpoint
[    5.804082] __driver_attach -- functionpoint
[    5.804210] __driver_attach -- functionpoint
[    5.804339] __driver_attach -- functionpoint
[    5.804468] __driver_attach -- functionpoint
[    5.804596] __driver_attach -- functionpoint
[    5.804725] __driver_attach -- functionpoint
[    5.804853] __driver_attach -- functionpoint
[    5.804981] __driver_attach -- functionpoint
[    5.805110] __driver_attach -- functionpoint
[    5.805238] __driver_attach -- functionpoint
[    5.805367] __driver_attach -- functionpoint
[    5.805495] __driver_attach -- functionpoint
[    5.805624] __driver_attach -- functionpoint
[    5.805753] __driver_attach -- functionpoint
[    5.805882] __driver_attach -- functionpoint
[    5.806010] __driver_attach -- functionpoint
[    5.806139] __driver_attach -- functionpoint
[    5.806268] __driver_attach -- functionpoint
[    5.806404] __driver_attach -- functionpoint
[    5.806532] __driver_attach -- functionpoint
[    5.806661] __driver_attach -- functionpoint
[    5.806791] __driver_attach -- functionpoint
[    5.806919] __driver_attach -- functionpoint
[    5.807048] __driver_attach -- functionpoint
[    5.807177] __driver_attach -- functionpoint
[    5.807306] __driver_attach -- functionpoint
[    5.807435] __driver_attach -- functionpoint
[    5.807564] __driver_attach -- functionpoint
[    5.807694] __driver_attach -- functionpoint
[    5.807823] __driver_attach -- functionpoint
[    5.807952] __driver_attach -- functionpoint
[    5.808133] __driver_attach -- functionpoint
[    5.808262] __driver_attach -- functionpoint
[    5.808391] __driver_attach -- functionpoint
[    5.808520] __driver_attach -- functionpoint
[    5.808649] __driver_attach -- functionpoint
[    5.808778] __driver_attach -- functionpoint
[    5.808907] __driver_attach -- functionpoint
[    5.809036] __driver_attach -- functionpoint
[    5.809164] __driver_attach -- functionpoint
[    5.809293] __driver_attach -- functionpoint
[    5.809421] __driver_attach -- functionpoint
[    5.809550] __driver_attach -- functionpoint
[    5.809679] __driver_attach -- functionpoint
[    5.809808] __driver_attach -- functionpoint
[    5.809937] __driver_attach -- functionpoint
[    5.810066] __driver_attach -- functionpoint
[    5.810195] __driver_attach -- functionpoint
[    5.810324] __driver_attach -- functionpoint
[    5.810454] __driver_attach -- functionpoint
[    5.810584] __driver_attach -- functionpoint
[    5.810714] __driver_attach -- functionpoint
[    5.810849] __driver_attach -- functionpoint
[    5.810978] __driver_attach -- functionpoint
[    5.811107] __driver_attach -- functionpoint
[    5.811236] __driver_attach -- functionpoint
[    5.811365] __driver_attach -- functionpoint
[    5.811494] __driver_attach -- functionpoint
[    5.811624] __driver_attach -- functionpoint
[    5.811753] __driver_attach -- functionpoint
[    5.811882] __driver_attach -- functionpoint
[    5.812071] driver_register -- functionpoint
[    5.812200] bus_add_driver -- functionpoint
[    5.812334] functionpoint -- bus: 'acpi': add driver button
[    5.812636] __driver_attach -- functionpoint
[    5.812636] __driver_attach -- functionpoint
[    5.812804] __driver_attach -- functionpoint
[    5.812971] __driver_attach -- functionpoint
[    5.813138] __driver_attach -- functionpoint
[    5.813305] __driver_attach -- functionpoint
[    5.813472] __driver_attach -- functionpoint
[    5.813639] __driver_attach -- functionpoint
[    5.813805] __driver_attach -- functionpoint
[    5.813973] __driver_attach -- functionpoint
[    5.814139] __driver_attach -- functionpoint
[    5.814306] __driver_attach -- functionpoint
[    5.814473] __driver_attach -- functionpoint
[    5.814640] __driver_attach -- functionpoint
[    5.814807] __driver_attach -- functionpoint
[    5.814974] __driver_attach -- functionpoint
[    5.815141] __driver_attach -- functionpoint
[    5.815308] __driver_attach -- functionpoint
[    5.815475] __driver_attach -- functionpoint
[    5.815642] __driver_attach -- functionpoint
[    5.815809] __driver_attach -- functionpoint
[    5.815976] __driver_attach -- functionpoint
[    5.816205] __driver_attach -- functionpoint
[    5.816373] __driver_attach -- functionpoint
[    5.816540] __driver_attach -- functionpoint
[    5.816707] __driver_attach -- functionpoint
[    5.816875] __driver_attach -- functionpoint
[    5.817042] __driver_attach -- functionpoint
[    5.817209] __driver_attach -- functionpoint
[    5.817377] __driver_attach -- functionpoint
[    5.817545] __driver_attach -- functionpoint
[    5.817712] __driver_attach -- functionpoint
[    5.817880] __driver_attach -- functionpoint
[    5.818048] __driver_attach -- functionpoint
[    5.818215] __driver_attach -- functionpoint
[    5.818383] __driver_attach -- functionpoint
[    5.818551] __driver_attach -- functionpoint
[    5.818719] __driver_attach -- functionpoint
[    5.818887] __driver_attach -- functionpoint
[    5.819062] __driver_attach -- functionpoint
[    5.819229] __driver_attach -- functionpoint
[    5.819397] __driver_attach -- functionpoint
[    5.819565] __driver_attach -- functionpoint
[    5.819733] __driver_attach -- functionpoint
[    5.819901] __driver_attach -- functionpoint
[    5.820122] __driver_attach -- functionpoint
[    5.820290] __driver_attach -- functionpoint
[    5.820459] __driver_attach -- functionpoint
[    5.820627] __driver_attach -- functionpoint
[    5.820796] __driver_attach -- functionpoint
[    5.820964] __driver_attach -- functionpoint
[    5.821132] __driver_attach -- functionpoint
[    5.821299] __driver_attach -- functionpoint
[    5.821467] __driver_attach -- functionpoint
[    5.821636] __driver_attach -- functionpoint
[    5.821804] __driver_attach -- functionpoint
[    5.821973] __driver_attach -- functionpoint
[    5.822142] __driver_attach -- functionpoint
[    5.822312] __driver_attach -- functionpoint
[    5.822480] __driver_attach -- functionpoint
[    5.822649] __driver_attach -- functionpoint
[    5.822818] __driver_attach -- functionpoint
[    5.822987] __driver_attach -- functionpoint
[    5.823156] __driver_attach -- functionpoint
[    5.823325] __driver_attach -- functionpoint
[    5.823489] __driver_attach -- functionpoint
[    5.823645] __driver_attach -- functionpoint
[    5.823787] __driver_attach -- functionpoint
[    5.823917] __driver_attach -- functionpoint
[    5.824098] __driver_attach -- functionpoint
[    5.824229] __driver_attach -- functionpoint
[    5.824360] __driver_attach -- functionpoint
[    5.824491] __driver_attach -- functionpoint
[    5.824622] __driver_attach -- functionpoint
[    5.824753] __driver_attach -- functionpoint
[    5.824883] __driver_attach -- functionpoint
[    5.825014] __driver_attach -- functionpoint
[    5.825144] __driver_attach -- functionpoint
[    5.825278] __driver_attach -- functionpoint
[    5.825408] __driver_attach -- functionpoint
[    5.825538] __driver_attach -- functionpoint
[    5.825668] __driver_attach -- functionpoint
[    5.825798] __driver_attach -- functionpoint
[    5.825927] __driver_attach -- functionpoint
[    5.826057] __driver_attach -- functionpoint
[    5.826186] __driver_attach -- functionpoint
[    5.826315] __driver_attach -- functionpoint
[    5.826444] __driver_attach -- functionpoint
[    5.826573] __driver_attach -- functionpoint
[    5.826701] __driver_attach -- functionpoint
[    5.826830] __driver_attach -- functionpoint
[    5.826959] __driver_attach -- functionpoint
[    5.827087] __driver_attach -- functionpoint
[    5.827216] __driver_attach -- functionpoint
[    5.827345] __driver_attach -- functionpoint
[    5.827473] __driver_attach -- functionpoint
[    5.827602] __driver_attach -- functionpoint
[    5.827731] __driver_attach -- functionpoint
[    5.827860] __driver_attach -- functionpoint
[    5.827989] __driver_attach -- functionpoint
[    5.828168] __driver_attach -- functionpoint
[    5.828297] __driver_attach -- functionpoint
[    5.828425] __driver_attach -- functionpoint
[    5.828554] __driver_attach -- functionpoint
[    5.828683] __driver_attach -- functionpoint
[    5.828811] __driver_attach -- functionpoint
[    5.828940] __driver_attach -- functionpoint
[    5.829068] __driver_attach -- functionpoint
[    5.829196] __driver_attach -- functionpoint
[    5.829324] __driver_attach -- functionpoint
[    5.829453] __driver_attach -- functionpoint
[    5.829581] __driver_attach -- functionpoint
[    5.829710] __driver_attach -- functionpoint
[    5.829839] __driver_attach -- functionpoint
[    5.829966] __driver_attach -- functionpoint
[    5.830094] __driver_attach -- functionpoint
[    5.830222] __driver_attach -- functionpoint
[    5.830351] __driver_attach -- functionpoint
[    5.830479] __driver_attach -- functionpoint
[    5.830615] __driver_attach -- functionpoint
[    5.830743] __driver_attach -- functionpoint
[    5.830871] __driver_attach -- functionpoint
[    5.830999] __driver_attach -- functionpoint
[    5.831128] __driver_attach -- functionpoint
[    5.831256] __driver_attach -- functionpoint
[    5.831384] __driver_attach -- functionpoint
[    5.831513] __driver_attach -- functionpoint
[    5.831642] __driver_attach -- functionpoint
[    5.831770] __driver_attach -- functionpoint
[    5.831899] __driver_attach -- functionpoint
[    5.832084] __driver_attach -- functionpoint
[    5.832213] __driver_attach -- functionpoint
[    5.832341] __driver_attach -- functionpoint
[    5.832471] __driver_attach -- functionpoint
[    5.832600] __driver_attach -- functionpoint
[    5.832728] __driver_attach -- functionpoint
[    5.832857] __driver_attach -- functionpoint
[    5.832985] __driver_attach -- functionpoint
[    5.833113] __driver_attach -- functionpoint
[    5.833242] __driver_attach -- functionpoint
[    5.833370] __driver_attach -- functionpoint
[    5.833499] __driver_attach -- functionpoint
[    5.833628] __driver_attach -- functionpoint
[    5.833756] __driver_attach -- functionpoint
[    5.833885] __driver_attach -- functionpoint
[    5.834014] __driver_attach -- functionpoint
[    5.834143] __driver_attach -- functionpoint
[    5.834272] __driver_attach -- functionpoint
[    5.834402] __driver_attach -- functionpoint
[    5.834531] __driver_attach -- functionpoint
[    5.834661] __driver_attach -- functionpoint
[    5.834791] __driver_attach -- functionpoint
[    5.834921] __driver_attach -- functionpoint
[    5.835050] __driver_attach -- functionpoint
[    5.835179] __driver_attach -- functionpoint
[    5.835309] __driver_attach -- functionpoint
[    5.835438] __driver_attach -- functionpoint
[    5.835568] __driver_attach -- functionpoint
[    5.835697] __driver_attach -- functionpoint
[    5.835826] __driver_attach -- functionpoint
[    5.835954] __driver_attach -- functionpoint
[    5.836134] __driver_attach -- functionpoint
[    5.836263] __driver_attach -- functionpoint
[    5.836392] __driver_attach -- functionpoint
[    5.836520] __driver_attach -- functionpoint
[    5.836649] __driver_attach -- functionpoint
[    5.836777] __driver_attach -- functionpoint
[    5.836906] __driver_attach -- functionpoint
[    5.837034] __driver_attach -- functionpoint
[    5.837163] __driver_attach -- functionpoint
[    5.837291] __driver_attach -- functionpoint
[    5.837420] __driver_attach -- functionpoint
[    5.837548] __driver_attach -- functionpoint
[    5.837677] __driver_attach -- functionpoint
[    5.837806] __driver_attach -- functionpoint
[    5.837938] __driver_attach -- functionpoint
[    5.838067] __driver_attach -- functionpoint
[    5.838195] __driver_attach -- functionpoint
[    5.838323] __driver_attach -- functionpoint
[    5.838452] __driver_attach -- functionpoint
[    5.838580] __driver_attach -- functionpoint
[    5.838709] __driver_attach -- functionpoint
[    5.838840] __driver_attach -- functionpoint
[    5.838968] __driver_attach -- functionpoint
[    5.839095] __driver_attach -- functionpoint
[    5.839224] __driver_attach -- functionpoint
[    5.839352] __driver_attach -- functionpoint
[    5.839480] __driver_attach -- functionpoint
[    5.839609] __driver_attach -- functionpoint
[    5.839737] __driver_attach -- functionpoint
[    5.839865] __driver_attach -- functionpoint
[    5.839993] __driver_attach -- functionpoint
[    5.840168] __driver_attach -- functionpoint
[    5.840296] really_probe -- functionpoint
[    5.840426] functionpoint -- bus: 'acpi': really_probe: probing driver button with device PNP0C0E:00
[    5.840769] input: Sleep Button as /devices/LNXSYSTM:00/LNXSYBUS:00/PNP0C0E:00/input/input0
[    5.840785] ACPI: Sleep Button [SLPB]
[    5.840790] __driver_attach -- functionpoint
[    5.840790] __driver_attach -- functionpoint
[    5.840976] __driver_attach -- functionpoint
[    5.841160] really_probe -- functionpoint
[    5.841344] functionpoint -- bus: 'acpi': really_probe: probing driver button with device PNP0C0C:00
[    5.841791] input: Power Button as /devices/LNXSYSTM:00/LNXSYBUS:00/PNP0C0C:00/input/input1
[    5.841806] ACPI: Power Button [PWRB]
[    5.841809] __driver_attach -- functionpoint
[    5.841809] __driver_attach -- functionpoint
[    5.842050] __driver_attach -- functionpoint
[    5.842290] __driver_attach -- functionpoint
[    5.842529] __driver_attach -- functionpoint
[    5.842768] __driver_attach -- functionpoint
[    5.843008] __driver_attach -- functionpoint
[    5.843247] __driver_attach -- functionpoint
[    5.843487] __driver_attach -- functionpoint
[    5.843728] __driver_attach -- functionpoint
[    5.843966] __driver_attach -- functionpoint
[    5.844262] __driver_attach -- functionpoint
[    5.844501] __driver_attach -- functionpoint
[    5.844740] __driver_attach -- functionpoint
[    5.844979] __driver_attach -- functionpoint
[    5.845218] __driver_attach -- functionpoint
[    5.845458] __driver_attach -- functionpoint
[    5.845697] __driver_attach -- functionpoint
[    5.845943] __driver_attach -- functionpoint
[    5.846183] __driver_attach -- functionpoint
[    5.846423] __driver_attach -- functionpoint
[    5.846663] __driver_attach -- functionpoint
[    5.846902] __driver_attach -- functionpoint
[    5.847141] __driver_attach -- functionpoint
[    5.847381] __driver_attach -- functionpoint
[    5.847621] __driver_attach -- functionpoint
[    5.847861] really_probe -- functionpoint
[    5.848148] functionpoint -- bus: 'acpi': really_probe: probing driver button with device LNXPWRBN:00
[    5.848704] input: Power Button as /devices/LNXSYSTM:00/LNXPWRBN:00/input/input2
[    5.848883] ACPI: Power Button [PWRF]
[    5.848924] driver_register -- functionpoint
[    5.848925] bus_add_driver -- functionpoint
[    5.849225] functionpoint -- bus: 'platform': add driver acpi-fan
[    5.849857] __driver_attach -- functionpoint
[    5.849858] __driver_attach -- functionpoint
[    5.850192] __driver_attach -- functionpoint
[    5.850525] __driver_attach -- functionpoint
[    5.850858] __driver_attach -- functionpoint
[    5.851191] __driver_attach -- functionpoint
