[    0.000000]   DMA32 zone: 12123 pages used for memmap
[    0.000000]   DMA32 zone: 775852 pages, LIFO batch:31
[    0.000000]   Normal zone: 51680 pages used for memmap
[    0.000000]   Normal zone: 3307520 pages, LIFO batch:31
[    0.000000] Reserved but unavailable: 99 pages
[    0.000000] tboot: non-0 tboot_addr but it is not of type E820_TYPE_RESERVED
[    0.000000] ACPI: PM-Timer IO Port: 0x1808
[    0.000000] ACPI: Local APIC address 0xfee00000
[    0.000000] ACPI: LAPIC_NMI (acpi_id[0x01] high edge lint[0x1])
[    0.000000] ACPI: LAPIC_NMI (acpi_id[0x02] high edge lint[0x1])
[    0.000000] ACPI: LAPIC_NMI (acpi_id[0x03] high edge lint[0x1])
[    0.000000] ACPI: LAPIC_NMI (acpi_id[0x04] high edge lint[0x1])
[    0.000000] ACPI: LAPIC_NMI (acpi_id[0x05] high edge lint[0x1])
[    0.000000] ACPI: LAPIC_NMI (acpi_id[0x06] high edge lint[0x1])
[    0.000000] ACPI: LAPIC_NMI (acpi_id[0x07] high edge lint[0x1])
[    0.000000] ACPI: LAPIC_NMI (acpi_id[0x08] high edge lint[0x1])
[    0.000000] ACPI: LAPIC_NMI (acpi_id[0x09] high edge lint[0x1])
[    0.000000] ACPI: LAPIC_NMI (acpi_id[0x0a] high edge lint[0x1])
[    0.000000] ACPI: LAPIC_NMI (acpi_id[0x0b] high edge lint[0x1])
[    0.000000] ACPI: LAPIC_NMI (acpi_id[0x0c] high edge lint[0x1])
[    0.000000] ACPI: LAPIC_NMI (acpi_id[0x0d] high edge lint[0x1])
[    0.000000] ACPI: LAPIC_NMI (acpi_id[0x0e] high edge lint[0x1])
[    0.000000] ACPI: LAPIC_NMI (acpi_id[0x0f] high edge lint[0x1])
[    0.000000] ACPI: LAPIC_NMI (acpi_id[0x10] high edge lint[0x1])
[    0.000000] IOAPIC[0]: apic_id 2, version 32, address 0xfec00000, GSI 0-119
[    0.000000] ACPI: INT_SRC_OVR (bus 0 bus_irq 0 global_irq 2 dfl dfl)
[    0.000000] ACPI: INT_SRC_OVR (bus 0 bus_irq 9 global_irq 9 high level)
[    0.000000] ACPI: IRQ0 used by override.
[    0.000000] ACPI: IRQ9 used by override.
[    0.000000] Using ACPI (MADT) for SMP configuration information
[    0.000000] ACPI: HPET id: 0x8086a201 base: 0xfed00000
[    0.000000] smpboot: Allowing 8 CPUs, 0 hotplug CPUs
[    0.000000] PM: Registered nosave memory: [mem 0x00000000-0x00000fff]
[    0.000000] PM: Registered nosave memory: [mem 0x0009f000-0x000fffff]
[    0.000000] PM: Registered nosave memory: [mem 0xbe6ab000-0xbf98efff]
[    0.000000] PM: Registered nosave memory: [mem 0xbf98f000-0xbfb8efff]
[    0.000000] PM: Registered nosave memory: [mem 0xbfb8f000-0xbfc0efff]
[    0.000000] PM: Registered nosave memory: [mem 0xbfc10000-0xd47fffff]
[    0.000000] PM: Registered nosave memory: [mem 0xd4800000-0xfe00ffff]
[    0.000000] PM: Registered nosave memory: [mem 0xfe010000-0xfe010fff]
[    0.000000] PM: Registered nosave memory: [mem 0xfe011000-0xfeffffff]
[    0.000000] PM: Registered nosave memory: [mem 0xff000000-0xffffffff]
[    0.000000] e820: [mem 0xd4800000-0xfe00ffff] available for PCI devices
[    0.000000] Booting paravirtualized kernel on bare hardware
[    0.000000] clocksource: refined-jiffies: mask: 0xffffffff max_cycles: 0xffffffff, max_idle_ns: 7645519600211568 ns
[    0.000000] setup_percpu: NR_CPUS:8192 nr_cpumask_bits:8 nr_cpu_ids:8 nr_node_ids:1
[    0.000000] percpu: Embedded 46 pages/cpu @        (ptrval) s151552 r8192 d28672 u262144
[    0.000000] pcpu-alloc: s151552 r8192 d28672 u262144 alloc=1*2097152
[    0.000000] pcpu-alloc: [0] 0 1 2 3 4 5 6 7 
[    0.000000] Built 1 zonelists, mobility grouping on.  Total pages: 4023482
[    0.000000] Policy zone: Normal
[    0.000000] Kernel command line: BOOT_IMAGE=/boot/vmlinuz-4.15.9+ root=UUID=da0e40f1-3840-43a9-b61a-7b465a7673d3 ro quiet splash vt.handoff=7
[    0.000000] Calgary: detecting Calgary via BIOS EBDA area
[    0.000000] Calgary: Unable to locate Rio Grande table in EBDA - bailing!
[    0.000000] Memory: 15485624K/16349480K available (12300K kernel code, 2470K rwdata, 4192K rodata, 2388K init, 2416K bss, 863856K reserved, 0K cma-reserved)
[    0.000000] SLUB: HWalign=64, Order=0-3, MinObjects=0, CPUs=8, Nodes=1
[    0.000000] ftrace: allocating 38976 entries in 153 pages
[    0.000000] Hierarchical RCU implementation.
[    0.000000] 	RCU restricting CPUs from NR_CPUS=8192 to nr_cpu_ids=8.
[    0.000000] 	Tasks RCU enabled.
[    0.000000] RCU: Adjusting geometry for rcu_fanout_leaf=16, nr_cpu_ids=8
[    0.000000] NR_IRQS: 524544, nr_irqs: 2048, preallocated irqs: 16
[    0.000000] Console: colour dummy device 80x25
[    0.000000] console [tty0] enabled
[    0.000000] ACPI: Core revision 20170831
[    0.000000] ACPI Error: [\_SB_.PCI0.XHC_.RHUB.HS11] Namespace lookup failure, AE_NOT_FOUND (20170831/dswload-210)
[    0.000000] ACPI Exception: AE_NOT_FOUND, During name lookup/catalog (20170831/psobject-252)
[    0.000000] ACPI Exception: AE_NOT_FOUND, (SSDT:HP_XHC_P) while loading table (20170831/tbxfload-228)
[    0.000000] ACPI Error: 1 table load failures, 10 successful (20170831/tbxfload-246)
[    0.000000] clocksource: hpet: mask: 0xffffffff max_cycles: 0xffffffff, max_idle_ns: 79635855245 ns
[    0.000000] hpet clockevent registered
[    0.004000] APIC: Switch to symmetric I/O mode setup
[    0.004000] DMAR: Host address width 39
[    0.004000] DMAR: DRHD base: 0x000000fed90000 flags: 0x0
[    0.004000] DMAR: dmar0: reg_base_addr fed90000 ver 1:0 cap 1c0000c40660462 ecap 19e2ff0505e
[    0.004000] DMAR: DRHD base: 0x000000fed91000 flags: 0x1
[    0.004000] DMAR: dmar1: reg_base_addr fed91000 ver 1:0 cap d2008c40660462 ecap f050da
[    0.004000] DMAR: RMRR base: 0x000000bf81d000 end: 0x000000bf83cfff
[    0.004000] DMAR: RMRR base: 0x000000c4000000 end: 0x000000d47fffff
[    0.004000] DMAR: RMRR base: 0x000000bf86e000 end: 0x000000bf8edfff
[    0.004000] DMAR-IR: IOAPIC id 2 under DRHD base  0xfed91000 IOMMU 1
[    0.004000] DMAR-IR: HPET id 0 under DRHD base 0xfed91000
[    0.004000] DMAR-IR: Queued invalidation will be enabled to support x2apic and Intr-remapping.
[    0.004000] DMAR-IR: Enabled IRQ remapping in x2apic mode
[    0.004000] x2apic enabled
[    0.004000] Switched APIC routing to cluster x2apic.
[    0.016000] ..TIMER: vector=0x30 apic1=0 pin1=2 apic2=-1 pin2=-1
[    0.036000] tsc: Detected 3000.000 MHz processor
[    0.036000] Calibrating delay loop (skipped), value calculated using timer frequency.. 6000.00 BogoMIPS (lpj=12000000)
[    0.036000] pid_max: default: 32768 minimum: 301
[    0.036000] Security Framework initialized
[    0.036000] Yama: becoming mindful.
[    0.036000] AppArmor: AppArmor initialized
[    0.036000] Dentry cache hash table entries: 2097152 (order: 12, 16777216 bytes)
[    0.036000] Inode-cache hash table entries: 1048576 (order: 11, 8388608 bytes)
[    0.036000] Mount-cache hash table entries: 32768 (order: 6, 262144 bytes)
[    0.036000] Mountpoint-cache hash table entries: 32768 (order: 6, 262144 bytes)
[    0.036000] CPU: Physical Processor ID: 0
[    0.036000] CPU: Processor Core ID: 0
[    0.036000] ENERGY_PERF_BIAS: Set to 'normal', was 'performance'
[    0.036000] ENERGY_PERF_BIAS: View and update with x86_energy_perf_policy(8)
[    0.036000] mce: CPU supports 14 MCE banks
[    0.036000] CPU0: Thermal monitoring enabled (TM1)
[    0.036000] process: using mwait in idle threads
[    0.036000] Last level iTLB entries: 4KB 128, 2MB 8, 4MB 8
[    0.036000] Last level dTLB entries: 4KB 64, 2MB 0, 4MB 0, 1GB 4
[    0.036000] Spectre V2 : Mitigation: Full generic retpoline
[    0.036000] Spectre V2 : Spectre v2 mitigation: Filling RSB on context switch
[    0.036000] Spectre V2 : Spectre v2 mitigation: Enabling Indirect Branch Prediction Barrier
[    0.036000] Freeing SMP alternatives memory: 36K
[    0.041449] TSC deadline timer enabled
[    0.041460] smpboot: CPU0: Intel(R) Core(TM) i7-9700 CPU @ 3.00GHz (family: 0x6, model: 0x9e, stepping: 0xd)
[    0.041513] Performance Events: PEBS fmt3+, Skylake events, 32-deep LBR, full-width counters, Intel PMU driver.
[    0.041542] ... version:                4
[    0.041542] ... bit width:              48
[    0.041542] ... generic registers:      8
[    0.041543] ... value mask:             0000ffffffffffff
[    0.041543] ... max period:             00007fffffffffff
[    0.041544] ... fixed-purpose events:   3
[    0.041544] ... event mask:             00000007000000ff
[    0.041574] Hierarchical SRCU implementation.
[    0.042510] NMI watchdog: Enabled. Permanently consumes one hw-PMU counter.
[    0.042521] smp: Bringing up secondary CPUs ...
[    0.042585] x86: Booting SMP configuration:
[    0.042586] .... node  #0, CPUs:      #1 #2 #3 #4 #5 #6 #7
[    0.053442] smp: Brought up 1 node, 8 CPUs
[    0.053442] smpboot: Max logical packages: 1
[    0.053442] smpboot: Total of 8 processors activated (48000.00 BogoMIPS)
[    0.056290] devtmpfs: initialized
[    0.056290] x86/mm: Memory block size: 128MB
[    0.057016] evm: security.selinux
[    0.057017] evm: security.SMACK64
[    0.057017] evm: security.SMACK64EXEC
[    0.057018] evm: security.SMACK64TRANSMUTE
[    0.057018] evm: security.SMACK64MMAP
[    0.057019] evm: security.apparmor
[    0.057019] evm: security.ima
[    0.057019] evm: security.capability
[    0.057032] PM: Registering ACPI NVS region [mem 0xbf98f000-0xbfb8efff] (2097152 bytes)
[    0.057032] clocksource: jiffies: mask: 0xffffffff max_cycles: 0xffffffff, max_idle_ns: 7645041785100000 ns
[    0.057032] futex hash table entries: 2048 (order: 5, 131072 bytes)
[    0.057032] pinctrl core: initialized pinctrl subsystem
[    0.057032] driver_register -- functionpoint
[    0.057032] bus_add_driver -- functionpoint
[    0.057032] functionpoint -- bus: 'platform': add driver reg-dummy
[    0.057032] __driver_attach -- functionpoint
[    0.057032] really_probe -- functionpoint
[    0.057032] functionpoint -- bus: 'platform': really_probe: probing driver reg-dummy with device reg-dummy
[    0.057032] RTC time:  2:55:30, date: 09/25/20
[    0.057032] NET: Registered protocol family 16
[    0.057032] audit: initializing netlink subsys (disabled)
[    0.057032] audit: type=2000 audit(1601002530.056:1): state=initialized audit_enabled=0 res=1
[    0.057032] driver_register -- functionpoint
[    0.057032] bus_add_driver -- functionpoint
[    0.057032] functionpoint -- bus: 'platform': add driver sram
[    0.057032] __driver_attach -- functionpoint
[    0.057032] driver_register -- functionpoint
[    0.057032] bus_add_driver -- functionpoint
[    0.057032] functionpoint -- bus: 'platform': add driver syscon
[    0.057032] __driver_attach -- functionpoint
[    0.057032] driver_register -- functionpoint
[    0.057032] bus_add_driver -- functionpoint
[    0.057032] functionpoint -- bus: 'i2c': add driver dummy
[    0.057032] cpuidle: using governor ladder
[    0.057032] cpuidle: using governor menu
[    0.057032] ACPI FADT declares the system doesn't support PCIe ASPM, so disable it
[    0.057032] ACPI: bus type PCI registered
[    0.057032] acpiphp: ACPI Hot Plug PCI Controller Driver version: 0.5
[    0.057032] start pci_arch_init -- functionpoint
[    0.057032] PCI: MMCONFIG for domain 0000 [bus 00-3f] at [mem 0xf8000000-0xfbffffff] (base 0xf8000000)
[    0.057032] PCI: not using MMCONFIG
[    0.057032] PCI: Using configuration type 1 for base access
[    0.057032] end pci_arch_init -- functionpoint
[    0.057123] HugeTLB registered 1.00 GiB page size, pre-allocated 0 pages
[    0.057123] HugeTLB registered 2.00 MiB page size, pre-allocated 0 pages
[    0.057125] driver_register -- functionpoint
[    0.057125] bus_add_driver -- functionpoint
[    0.057125] functionpoint -- bus: 'i2c': add driver sx150x-pinctrl
[    0.057125] driver_register -- functionpoint
[    0.057125] bus_add_driver -- functionpoint
[    0.057125] functionpoint -- bus: 'platform': add driver byt_gpio
[    0.057125] __driver_attach -- functionpoint
[    0.057125] driver_register -- functionpoint
[    0.057125] bus_add_driver -- functionpoint
[    0.057125] functionpoint -- bus: 'platform': add driver cherryview-pinctrl
[    0.057125] __driver_attach -- functionpoint
[    0.057125] driver_register -- functionpoint
[    0.057125] bus_add_driver -- functionpoint
[    0.057125] functionpoint -- bus: 'platform': add driver lp_gpio
[    0.057125] __driver_attach -- functionpoint
[    0.057125] driver_register -- functionpoint
[    0.057125] bus_add_driver -- functionpoint
[    0.057125] functionpoint -- bus: 'platform': add driver rc5t583-gpio
[    0.057125] __driver_attach -- functionpoint
[    0.057125] driver_register -- functionpoint
[    0.057125] bus_add_driver -- functionpoint
[    0.057125] functionpoint -- bus: 'platform': add driver palmas-gpio
[    0.057125] __driver_attach -- functionpoint
[    0.057125] driver_register -- functionpoint
[    0.057125] bus_add_driver -- functionpoint
[    0.057125] functionpoint -- bus: 'platform': add driver tps6586x-gpio
[    0.057125] __driver_attach -- functionpoint
[    0.057125] driver_register -- functionpoint
[    0.057125] bus_add_driver -- functionpoint
[    0.057125] functionpoint -- bus: 'platform': add driver tps65910-gpio
[    0.057125] __driver_attach -- functionpoint
[    0.057125] ACPI: Added _OSI(Module Device)
[    0.057125] ACPI: Added _OSI(Processor Device)
[    0.057125] ACPI: Added _OSI(3.0 _SCP Extensions)
[    0.057125] ACPI: Added _OSI(Processor Aggregator Device)
[    0.061843] ACPI: Executed 30 blocks of module-level executable AML code
[    0.072037] ACPI: [Firmware Bug]: BIOS _OSI(Linux) query ignored
[    0.079954] ACPI: Dynamic OEM Table Load:
[    0.079965] ACPI: SSDT 0xFFFF96AA94FB2F00 0000F4 (v02 PmRef  Cpu0Psd  00003000 INTL 20160527)
[    0.080198] ACPI: Executed 1 blocks of module-level executable AML code
[    0.080319] ACPI: \_SB_.PR00: _OSC native thermal LVT Acked
[    0.081275] ACPI: Dynamic OEM Table Load:
[    0.081281] ACPI: SSDT 0xFFFF96AA94FB9000 000400 (v02 PmRef  Cpu0Cst  00003001 INTL 20160527)
[    0.081495] ACPI: Executed 1 blocks of module-level executable AML code
[    0.081727] ACPI: Dynamic OEM Table Load:
[    0.081733] ACPI: SSDT 0xFFFF96AA94EF1000 000605 (v02 PmRef  Cpu0Ist  00003000 INTL 20160527)
[    0.081926] ACPI: Executed 1 blocks of module-level executable AML code
[    0.082116] ACPI: Dynamic OEM Table Load:
[    0.082120] ACPI: SSDT 0xFFFF96AA94F36400 000149 (v02 PmRef  Cpu0Hwp  00003000 INTL 20160527)
[    0.082305] ACPI: Executed 2 blocks of module-level executable AML code
[    0.082480] ACPI: Dynamic OEM Table Load:
[    0.082486] ACPI: SSDT 0xFFFF96AA94EF2000 000724 (v02 PmRef  HwpLvt   00003000 INTL 20160527)
[    0.082659] ACPI: Executed 1 blocks of module-level executable AML code
[    0.083152] ACPI: Dynamic OEM Table Load:
[    0.083158] ACPI: SSDT 0xFFFF96AA94EF7800 0005FC (v02 PmRef  ApIst    00003000 INTL 20160527)
[    0.083554] ACPI: Executed 1 blocks of module-level executable AML code
[    0.083748] ACPI: Dynamic OEM Table Load:
[    0.083753] ACPI: SSDT 0xFFFF96AA94FBC400 000317 (v02 PmRef  ApHwp    00003000 INTL 20160527)
[    0.084022] ACPI: Executed 1 blocks of module-level executable AML code
[    0.084341] ACPI: Dynamic OEM Table Load:
[    0.084347] ACPI: SSDT 0xFFFF96AA97146000 000AB0 (v02 PmRef  ApPsd    00003000 INTL 20160527)
[    0.085189] ACPI: Executed 1 blocks of module-level executable AML code
[    0.085385] ACPI: Dynamic OEM Table Load:
[    0.085390] ACPI: SSDT 0xFFFF96AA94FBFC00 00030A (v02 PmRef  ApCst    00003000 INTL 20160527)
[    0.085660] ACPI: Executed 1 blocks of module-level executable AML code
[    0.088562] ACPI: EC: EC started
[    0.088563] ACPI: EC: interrupt blocked
[    0.088579] ACPI: \_SB_.PCI0.LPCB.EC0_: Used as first EC
[    0.088581] ACPI: \_SB_.PCI0.LPCB.EC0_: GPE=0x6e, EC_CMD/EC_SC=0x66, EC_DATA=0x62
[    0.088582] ACPI: \_SB_.PCI0.LPCB.EC0_: Used as boot DSDT EC to handle transactions
[    0.088582] ACPI: Interpreter enabled
[    0.088631] ACPI: (supports S0 S3 S4 S5)
[    0.088632] ACPI: Using IOAPIC for interrupt routing
[    0.088671] PCI: MMCONFIG for domain 0000 [bus 00-3f] at [mem 0xf8000000-0xfbffffff] (base 0xf8000000)
[    0.091284] PCI: MMCONFIG at [mem 0xf8000000-0xfbffffff] reserved in ACPI motherboard resources
[    0.091290] acpi_pci_root_init --functionpoint
[    0.091290] acpi_hest_init -- functionpoint
[    0.091295] PCI: Using host bridge windows from ACPI; if necessary, use "pci=nocrs" and report a bug
[    0.091684] driver_register -- functionpoint
[    0.091685] bus_add_driver -- functionpoint
[    0.091687] functionpoint -- bus: 'platform': add driver clk-lpt
[    0.091691] __driver_attach -- functionpoint
[    0.091745] ACPI: Enabled 4 GPEs in block 00 to 7F
[    0.091748] acpi_bus_scan -- functionpoint
[    0.098604] ACPI: Power Resource [USBC] (on)
[    0.099420] ACPI: Power Resource [WRST] (on)
[    0.099824] ACPI: Power Resource [WRST] (on)
[    0.100222] ACPI: Power Resource [WRST] (on)
[    0.100621] ACPI: Power Resource [WRST] (on)
[    0.101026] ACPI: Power Resource [WRST] (on)
[    0.101422] ACPI: Power Resource [WRST] (on)
[    0.101818] ACPI: Power Resource [WRST] (on)
[    0.102216] ACPI: Power Resource [WRST] (on)
[    0.102614] ACPI: Power Resource [WRST] (on)
[    0.103008] ACPI: Power Resource [WRST] (on)
[    0.103404] ACPI: Power Resource [WRST] (on)
[    0.103801] ACPI: Power Resource [WRST] (on)
[    0.104197] ACPI: Power Resource [WRST] (on)
[    0.104595] ACPI: Power Resource [WRST] (on)
[    0.105000] ACPI: Power Resource [WRST] (on)
[    0.105394] ACPI: Power Resource [WRST] (on)
[    0.105791] ACPI: Power Resource [WRST] (on)
[    0.106192] ACPI: Power Resource [WRST] (on)
[    0.106595] ACPI: Power Resource [WRST] (on)
[    0.107000] ACPI: Power Resource [WRST] (on)
[    0.108694] ACPI: Power Resource [V0PR] (on)
[    0.108908] ACPI: Power Resource [V1PR] (on)
[    0.109116] ACPI: Power Resource [V2PR] (on)
[    0.113654] ACPI: Power Resource [WRST] (on)
[    0.115859] acpi_pci_root_add -- functionpoint
[    0.116251] ACPI: PCI Root Bridge [PCI0] (domain 0000 [bus 00-3e])
[    0.116254] ACPI: functionpoint -- PCI Root Bridge [PCI0] (domain 0000 [bus 00-3e])
[    0.116261] acpi PNP0A08:00: _OSC: OS supports [ExtendedConfig ASPM ClockPM Segments MSI]
[    0.119638] acpi PNP0A08:00: _OSC: OS now controls [PCIeHotplug PME AER PCIeCapability]
[    0.119639] acpi PNP0A08:00: FADT indicates ASPM is unsupported, using BIOS configuration
[    0.119652] pci_acpi_scan_root -- functionpoint
[    0.119653] pci_find_bus -- functionpoint
[    0.119655] pci_find_next_bus -- functionpoint
[    0.120051] pci_find_bus -- functionpoint
[    0.120053] pci_find_next_bus -- functionpoint
[    0.122437] PCI host bridge to bus 0000:00
[    0.122440] pci_bus 0000:00: root bus resource [io  0x0000-0x0cf7 window]
[    0.122442] pci_bus 0000:00: root bus resource [io  0x0d00-0xffff window]
[    0.122443] pci_bus 0000:00: root bus resource [mem 0x000a0000-0x000bffff window]
[    0.122444] pci_bus 0000:00: root bus resource [mem 0xd4800000-0xf7ffffff window]
[    0.122445] pci_bus 0000:00: root bus resource [mem 0x4000000000-0x7fffffffff window]
[    0.122446] pci_bus 0000:00: root bus resource [mem 0xfc800000-0xfe7fffff window]
[    0.122447] pci_bus 0000:00: root bus resource [bus 00-3e]
[    0.122454] pci 0000:00:00.0: [8086:3e30] type 00 class 0x060000
[    0.123474] pci 0000:00:02.0: [8086:3e98] type 00 class 0x030000
[    0.123483] pci 0000:00:02.0: reg 0x10: [mem 0xf0000000-0xf0ffffff 64bit]
[    0.123488] pci 0000:00:02.0: reg 0x18: [mem 0xe0000000-0xefffffff 64bit pref]
[    0.123492] pci 0000:00:02.0: reg 0x20: [io  0x4000-0x403f]
[    0.123504] pci 0000:00:02.0: BAR 2: assigned to efifb
[    0.124671] pci 0000:00:12.0: [8086:a379] type 00 class 0x118000
[    0.124702] pci 0000:00:12.0: reg 0x10: [mem 0x4000107000-0x4000107fff 64bit]
[    0.125836] pci 0000:00:14.0: [8086:a36d] type 00 class 0x0c0330
[    0.125869] pci 0000:00:14.0: reg 0x10: [mem 0xf1220000-0xf122ffff 64bit]
[    0.125972] pci 0000:00:14.0: PME# supported from D3hot D3cold
[    0.127041] pci 0000:00:14.2: [8086:a36f] type 00 class 0x050000
[    0.127067] pci 0000:00:14.2: reg 0x10: [mem 0xf1232000-0xf1233fff 64bit]
[    0.127081] pci 0000:00:14.2: reg 0x18: [mem 0x4000106000-0x4000106fff 64bit]
[    0.128172] pci 0000:00:16.0: [8086:a360] type 00 class 0x078000
[    0.128203] pci 0000:00:16.0: reg 0x10: [mem 0x4000105000-0x4000105fff 64bit]
[    0.128291] pci 0000:00:16.0: PME# supported from D3hot
[    0.129361] pci 0000:00:16.3: [8086:a363] type 00 class 0x070002
[    0.129385] pci 0000:00:16.3: reg 0x10: [io  0x4088-0x408f]
[    0.129393] pci 0000:00:16.3: reg 0x14: [mem 0xf1237000-0xf1237fff]
[    0.130504] pci 0000:00:17.0: [8086:a352] type 00 class 0x010601
[    0.130532] pci 0000:00:17.0: reg 0x10: [mem 0xf1230000-0xf1231fff]
[    0.130543] pci 0000:00:17.0: reg 0x14: [mem 0xf1236000-0xf12360ff]
[    0.130555] pci 0000:00:17.0: reg 0x18: [io  0x4080-0x4087]
[    0.130566] pci 0000:00:17.0: reg 0x1c: [io  0x4090-0x4093]
[    0.130577] pci 0000:00:17.0: reg 0x20: [io  0x4060-0x407f]
[    0.130588] pci 0000:00:17.0: reg 0x24: [mem 0xf1235000-0xf12357ff]
[    0.130650] pci 0000:00:17.0: PME# supported from D3hot
[    0.131759] pci 0000:00:1b.0: [8086:a32c] type 01 class 0x060400
[    0.131901] pci 0000:00:1b.0: PME# supported from D0 D3hot D3cold
[    0.131936] pci 0000:00:1b.0: PTM enabled (root), 4dns granularity
[    0.133072] pci 0000:00:1c.0: [8086:a33e] type 01 class 0x060400
[    0.133218] pci 0000:00:1c.0: PME# supported from D0 D3hot D3cold
[    0.133252] pci 0000:00:1c.0: PTM enabled (root), 4dns granularity
[    0.134398] pci 0000:00:1f.0: [8086:a306] type 00 class 0x060100
[    0.135555] pci 0000:00:1f.3: [8086:a348] type 00 class 0x040300
[    0.135625] pci 0000:00:1f.3: reg 0x10: [mem 0x4000100000-0x4000103fff 64bit]
[    0.135693] pci 0000:00:1f.3: reg 0x20: [mem 0x4000000000-0x40000fffff 64bit]
[    0.135823] pci 0000:00:1f.3: PME# supported from D3hot D3cold
[    0.136968] pci 0000:00:1f.4: [8086:a323] type 00 class 0x0c0500
[    0.137030] pci 0000:00:1f.4: reg 0x10: [mem 0x4000104000-0x40001040ff 64bit]
[    0.137091] pci 0000:00:1f.4: reg 0x20: [io  0xefa0-0xefbf]
[    0.138186] pci 0000:00:1f.5: [8086:a324] type 00 class 0x0c8000
[    0.138207] pci 0000:00:1f.5: reg 0x10: [mem 0xfe010000-0xfe010fff]
[    0.139279] pci 0000:00:1f.6: [8086:15bb] type 00 class 0x020000
[    0.139337] pci 0000:00:1f.6: reg 0x10: [mem 0xf1200000-0xf121ffff]
[    0.139574] pci 0000:00:1f.6: PME# supported from D0 D3hot D3cold
[    0.140576] pci_read_bridge_bases -- functionpoint
[    0.140583] pci_find_bus -- functionpoint
[    0.140585] pci_find_next_bus -- functionpoint
[    0.140587] pci_find_next_bus -- functionpoint
[    0.140679] pci 0000:01:00.0: [1c5c:1339] type 00 class 0x010802
[    0.140723] pci 0000:01:00.0: reg 0x10: [mem 0xf1100000-0xf1103fff 64bit]
[    0.140854] pci 0000:01:00.0: supports D1
[    0.140855] pci 0000:01:00.0: PME# supported from D0 D1 D3hot
[    0.152073] pci_read_bridge_bases -- functionpoint
[    0.152074] pci 0000:00:1b.0: PCI bridge to [bus 01]
[    0.152083] pci 0000:00:1b.0:   bridge window [mem 0xf1100000-0xf11fffff]
[    0.152097] pci_find_bus -- functionpoint
[    0.152097] pci_find_next_bus -- functionpoint
[    0.152098] pci_find_next_bus -- functionpoint
[    0.152206] pci 0000:02:00.0: [1283:8893] type 01 class 0x060401
[    0.152623] pci 0000:02:00.0: supports D1 D2
[    0.152625] pci 0000:02:00.0: PME# supported from D0 D1 D2 D3hot D3cold
[    0.152747] pci_read_bridge_bases -- functionpoint
[    0.152749] pci 0000:00:1c.0: PCI bridge to [bus 02-03]
[    0.152754] pci 0000:00:1c.0:   bridge window [io  0x3000-0x3fff]
[    0.152758] pci 0000:00:1c.0:   bridge window [mem 0xf1000000-0xf10fffff]
[    0.152777] pci_find_bus -- functionpoint
[    0.152777] pci_find_next_bus -- functionpoint
[    0.152779] pci_find_next_bus -- functionpoint
[    0.152851] pci 0000:03:00.0: [1317:0985] type 00 class 0x020000
[    0.152896] pci 0000:03:00.0: reg 0x10: [io  0x3000-0x30ff]
[    0.152912] pci 0000:03:00.0: reg 0x14: [mem 0xf1000000-0xf10003ff]
[    0.152989] pci 0000:03:00.0: reg 0x30: [mem 0xfffe0000-0xffffffff pref]
[    0.153061] pci 0000:03:00.0: supports D1 D2
[    0.153062] pci 0000:03:00.0: PME# supported from D0 D1 D2 D3hot D3cold
[    0.153195] pci_read_bridge_bases -- functionpoint
[    0.153196] pci 0000:02:00.0: PCI bridge to [bus 03] (subtractive decode)
[    0.153210] pci 0000:02:00.0:   bridge window [io  0x3000-0x3fff]
[    0.153217] pci 0000:02:00.0:   bridge window [mem 0xf1000000-0xf10fffff]
[    0.153230] pci 0000:02:00.0:   bridge window [io  0x3000-0x3fff] (subtractive decode)
[    0.153231] pci 0000:02:00.0:   bridge window [mem 0xf1000000-0xf10fffff] (subtractive decode)
[    0.155509] driver_register -- functionpoint
[    0.155509] bus_add_driver -- functionpoint
[    0.155512] functionpoint -- bus: 'acpi': add driver ec
[    0.155515] __driver_attach -- functionpoint
[    0.155516] __driver_attach -- functionpoint
[    0.155518] __driver_attach -- functionpoint
[    0.155519] __driver_attach -- functionpoint
[    0.155520] __driver_attach -- functionpoint
[    0.155522] __driver_attach -- functionpoint
[    0.155523] __driver_attach -- functionpoint
[    0.155525] __driver_attach -- functionpoint
[    0.155526] __driver_attach -- functionpoint
[    0.155527] __driver_attach -- functionpoint
[    0.155529] __driver_attach -- functionpoint
[    0.155530] __driver_attach -- functionpoint
[    0.155531] __driver_attach -- functionpoint
[    0.155533] __driver_attach -- functionpoint
[    0.155534] __driver_attach -- functionpoint
[    0.155535] __driver_attach -- functionpoint
[    0.155537] __driver_attach -- functionpoint
[    0.155538] __driver_attach -- functionpoint
[    0.155539] __driver_attach -- functionpoint
[    0.155541] __driver_attach -- functionpoint
[    0.155542] __driver_attach -- functionpoint
[    0.155543] __driver_attach -- functionpoint
[    0.155545] __driver_attach -- functionpoint
[    0.155546] __driver_attach -- functionpoint
[    0.155547] __driver_attach -- functionpoint
[    0.155548] __driver_attach -- functionpoint
[    0.155550] __driver_attach -- functionpoint
[    0.155551] __driver_attach -- functionpoint
[    0.155552] __driver_attach -- functionpoint
[    0.155554] __driver_attach -- functionpoint
[    0.155555] __driver_attach -- functionpoint
[    0.155556] __driver_attach -- functionpoint
[    0.155558] __driver_attach -- functionpoint
[    0.155559] __driver_attach -- functionpoint
[    0.155561] __driver_attach -- functionpoint
[    0.155562] __driver_attach -- functionpoint
[    0.155563] __driver_attach -- functionpoint
[    0.155565] really_probe -- functionpoint
[    0.155567] functionpoint -- bus: 'acpi': really_probe: probing driver ec with device PNP0C09:01
[    0.155581] ACPI: EC: interrupt unblocked
[    0.155591] ACPI: EC: event unblocked
[    0.155610] ACPI: \_SB_.PCI0.LPCB.EC0_: GPE=0x6e, EC_CMD/EC_SC=0x66, EC_DATA=0x62
[    0.155611] ACPI: \_SB_.PCI0.LPCB.EC0_: Used as boot DSDT EC to handle transactions and events
[    0.155614] __driver_attach -- functionpoint
[    0.155615] __driver_attach -- functionpoint
[    0.155617] __driver_attach -- functionpoint
[    0.155618] __driver_attach -- functionpoint
[    0.155619] __driver_attach -- functionpoint
[    0.155621] __driver_attach -- functionpoint
[    0.155622] __driver_attach -- functionpoint
[    0.155624] __driver_attach -- functionpoint
[    0.155625] __driver_attach -- functionpoint
[    0.155627] __driver_attach -- functionpoint
[    0.155628] __driver_attach -- functionpoint
[    0.155629] __driver_attach -- functionpoint
[    0.155631] __driver_attach -- functionpoint
[    0.155632] __driver_attach -- functionpoint
[    0.155633] __driver_attach -- functionpoint
[    0.155635] __driver_attach -- functionpoint
[    0.155636] __driver_attach -- functionpoint
[    0.155637] __driver_attach -- functionpoint
[    0.155639] __driver_attach -- functionpoint
[    0.155640] __driver_attach -- functionpoint
[    0.155641] __driver_attach -- functionpoint
[    0.155643] __driver_attach -- functionpoint
[    0.155644] __driver_attach -- functionpoint
[    0.155646] __driver_attach -- functionpoint
[    0.155647] __driver_attach -- functionpoint
[    0.155648] __driver_attach -- functionpoint
[    0.155650] __driver_attach -- functionpoint
[    0.155651] __driver_attach -- functionpoint
[    0.155652] __driver_attach -- functionpoint
[    0.155654] __driver_attach -- functionpoint
[    0.155655] __driver_attach -- functionpoint
[    0.155656] __driver_attach -- functionpoint
[    0.155657] __driver_attach -- functionpoint
[    0.155659] __driver_attach -- functionpoint
[    0.155660] __driver_attach -- functionpoint
[    0.155661] __driver_attach -- functionpoint
[    0.155663] __driver_attach -- functionpoint
[    0.155664] __driver_attach -- functionpoint
[    0.155665] __driver_attach -- functionpoint
[    0.155667] __driver_attach -- functionpoint
[    0.155668] __driver_attach -- functionpoint
[    0.155669] __driver_attach -- functionpoint
[    0.155671] __driver_attach -- functionpoint
[    0.155672] __driver_attach -- functionpoint
[    0.155674] __driver_attach -- functionpoint
[    0.155675] __driver_attach -- functionpoint
[    0.155676] __driver_attach -- functionpoint
[    0.155678] __driver_attach -- functionpoint
[    0.155679] __driver_attach -- functionpoint
[    0.155680] __driver_attach -- functionpoint
[    0.155682] __driver_attach -- functionpoint
[    0.155683] __driver_attach -- functionpoint
[    0.155684] __driver_attach -- functionpoint
[    0.155686] __driver_attach -- functionpoint
[    0.155687] __driver_attach -- functionpoint
[    0.155688] __driver_attach -- functionpoint
[    0.155690] __driver_attach -- functionpoint
[    0.155691] __driver_attach -- functionpoint
[    0.155692] __driver_attach -- functionpoint
[    0.155694] __driver_attach -- functionpoint
[    0.155695] __driver_attach -- functionpoint
[    0.155696] __driver_attach -- functionpoint
[    0.155698] __driver_attach -- functionpoint
[    0.155699] __driver_attach -- functionpoint
[    0.155700] __driver_attach -- functionpoint
[    0.155702] __driver_attach -- functionpoint
[    0.155703] __driver_attach -- functionpoint
[    0.155704] __driver_attach -- functionpoint
[    0.155706] __driver_attach -- functionpoint
[    0.155707] __driver_attach -- functionpoint
[    0.155708] __driver_attach -- functionpoint
[    0.155710] __driver_attach -- functionpoint
[    0.155711] __driver_attach -- functionpoint
[    0.155713] __driver_attach -- functionpoint
[    0.155714] __driver_attach -- functionpoint
[    0.155715] __driver_attach -- functionpoint
[    0.155717] __driver_attach -- functionpoint
[    0.155718] __driver_attach -- functionpoint
[    0.155719] __driver_attach -- functionpoint
[    0.155721] __driver_attach -- functionpoint
[    0.155722] __driver_attach -- functionpoint
[    0.155723] __driver_attach -- functionpoint
[    0.155725] __driver_attach -- functionpoint
[    0.155726] __driver_attach -- functionpoint
[    0.155727] __driver_attach -- functionpoint
[    0.155729] __driver_attach -- functionpoint
[    0.155730] __driver_attach -- functionpoint
[    0.155731] __driver_attach -- functionpoint
[    0.155733] __driver_attach -- functionpoint
[    0.155734] __driver_attach -- functionpoint
[    0.155735] __driver_attach -- functionpoint
[    0.155737] __driver_attach -- functionpoint
[    0.155738] __driver_attach -- functionpoint
[    0.155739] __driver_attach -- functionpoint
[    0.155741] __driver_attach -- functionpoint
[    0.155742] __driver_attach -- functionpoint
[    0.155743] __driver_attach -- functionpoint
[    0.155745] __driver_attach -- functionpoint
[    0.155746] __driver_attach -- functionpoint
[    0.155747] __driver_attach -- functionpoint
[    0.155749] __driver_attach -- functionpoint
[    0.155750] __driver_attach -- functionpoint
[    0.155751] __driver_attach -- functionpoint
[    0.155753] __driver_attach -- functionpoint
[    0.155754] __driver_attach -- functionpoint
[    0.155755] __driver_attach -- functionpoint
[    0.155757] __driver_attach -- functionpoint
[    0.155758] __driver_attach -- functionpoint
[    0.155759] __driver_attach -- functionpoint
[    0.155761] __driver_attach -- functionpoint
[    0.155762] __driver_attach -- functionpoint
[    0.155763] __driver_attach -- functionpoint
[    0.155765] __driver_attach -- functionpoint
[    0.155766] __driver_attach -- functionpoint
[    0.155767] __driver_attach -- functionpoint
[    0.155769] __driver_attach -- functionpoint
[    0.155770] __driver_attach -- functionpoint
[    0.155771] __driver_attach -- functionpoint
[    0.155773] __driver_attach -- functionpoint
[    0.155774] __driver_attach -- functionpoint
[    0.155775] __driver_attach -- functionpoint
[    0.155777] __driver_attach -- functionpoint
[    0.155778] __driver_attach -- functionpoint
[    0.155779] __driver_attach -- functionpoint
[    0.155781] __driver_attach -- functionpoint
[    0.155782] __driver_attach -- functionpoint
[    0.155783] __driver_attach -- functionpoint
[    0.155785] __driver_attach -- functionpoint
[    0.155786] __driver_attach -- functionpoint
[    0.155787] __driver_attach -- functionpoint
[    0.155789] __driver_attach -- functionpoint
[    0.155790] __driver_attach -- functionpoint
[    0.155791] __driver_attach -- functionpoint
[    0.155793] __driver_attach -- functionpoint
[    0.155794] __driver_attach -- functionpoint
[    0.155795] __driver_attach -- functionpoint
[    0.155797] __driver_attach -- functionpoint
[    0.155798] __driver_attach -- functionpoint
[    0.155799] __driver_attach -- functionpoint
[    0.155801] __driver_attach -- functionpoint
[    0.155802] __driver_attach -- functionpoint
[    0.155803] __driver_attach -- functionpoint
[    0.155805] __driver_attach -- functionpoint
[    0.155806] __driver_attach -- functionpoint
[    0.155807] __driver_attach -- functionpoint
[    0.155809] __driver_attach -- functionpoint
[    0.155810] __driver_attach -- functionpoint
[    0.155811] __driver_attach -- functionpoint
[    0.155813] __driver_attach -- functionpoint
[    0.155814] __driver_attach -- functionpoint
[    0.155815] __driver_attach -- functionpoint
[    0.155817] __driver_attach -- functionpoint
[    0.155818] __driver_attach -- functionpoint
[    0.155819] __driver_attach -- functionpoint
[    0.155821] __driver_attach -- functionpoint
[    0.155822] __driver_attach -- functionpoint
[    0.155823] __driver_attach -- functionpoint
[    0.155825] __driver_attach -- functionpoint
[    0.155826] __driver_attach -- functionpoint
[    0.155828] __driver_attach -- functionpoint
[    0.155829] __driver_attach -- functionpoint
[    0.155830] __driver_attach -- functionpoint
[    0.155832] __driver_attach -- functionpoint
[    0.155833] __driver_attach -- functionpoint
[    0.155834] __driver_attach -- functionpoint
[    0.155836] __driver_attach -- functionpoint
[    0.155837] __driver_attach -- functionpoint
[    0.155838] __driver_attach -- functionpoint
[    0.155840] __driver_attach -- functionpoint
[    0.155841] __driver_attach -- functionpoint
[    0.155842] __driver_attach -- functionpoint
[    0.155844] __driver_attach -- functionpoint
[    0.155845] __driver_attach -- functionpoint
[    0.155847] __driver_attach -- functionpoint
[    0.155848] __driver_attach -- functionpoint
[    0.155849] __driver_attach -- functionpoint
[    0.155851] __driver_attach -- functionpoint
[    0.155852] __driver_attach -- functionpoint
[    0.155853] __driver_attach -- functionpoint
[    0.155855] __driver_attach -- functionpoint
[    0.155856] __driver_attach -- functionpoint
[    0.155857] __driver_attach -- functionpoint
[    0.155859] __driver_attach -- functionpoint
[    0.155860] __driver_attach -- functionpoint
[    0.155862] __driver_attach -- functionpoint
[    0.155900] pci 0000:00:02.0: vgaarb: setting as boot VGA device
[    0.155900] pci 0000:00:02.0: vgaarb: VGA device added: decodes=io+mem,owns=io+mem,locks=none
[    0.155900] pci 0000:00:02.0: vgaarb: bridge control possible
[    0.155900] vgaarb: loaded
[    0.155900] driver_register -- functionpoint
[    0.155900] bus_add_driver -- functionpoint
[    0.155900] functionpoint -- bus: 'i2c': add driver 88PM860x
[    0.155900] driver_register -- functionpoint
[    0.155900] bus_add_driver -- functionpoint
[    0.155900] functionpoint -- bus: 'i2c': add driver WM8400
[    0.155900] driver_register -- functionpoint
[    0.155900] bus_add_driver -- functionpoint
[    0.155900] functionpoint -- bus: 'i2c': add driver wm831x
[    0.155900] driver_register -- functionpoint
[    0.155900] bus_add_driver -- functionpoint
[    0.155900] functionpoint -- bus: 'spi': add driver wm831x
[    0.155900] driver_register -- functionpoint
[    0.155900] bus_add_driver -- functionpoint
[    0.155900] functionpoint -- bus: 'i2c': add driver wm8350
[    0.155900] driver_register -- functionpoint
[    0.155900] bus_add_driver -- functionpoint
[    0.155900] functionpoint -- bus: 'i2c': add driver tps65910
[    0.155900] driver_register -- functionpoint
[    0.155900] bus_add_driver -- functionpoint
[    0.155900] functionpoint -- bus: 'i2c': add driver tps80031
[    0.155900] driver_register -- functionpoint
[    0.155900] bus_add_driver -- functionpoint
[    0.155900] functionpoint -- bus: 'spi': add driver ezx-pcap
[    0.155900] driver_register -- functionpoint
[    0.155900] bus_add_driver -- functionpoint
[    0.155900] functionpoint -- bus: 'i2c': add driver da903x
[    0.155900] driver_register -- functionpoint
[    0.155900] bus_add_driver -- functionpoint
[    0.155900] functionpoint -- bus: 'spi': add driver da9052
[    0.155900] driver_register -- functionpoint
[    0.155900] bus_add_driver -- functionpoint
[    0.155900] functionpoint -- bus: 'i2c': add driver da9052
[    0.155900] driver_register -- functionpoint
[    0.155900] bus_add_driver -- functionpoint
[    0.155900] functionpoint -- bus: 'i2c': add driver lp8788
[    0.155900] driver_register -- functionpoint
[    0.155900] bus_add_driver -- functionpoint
[    0.155900] functionpoint -- bus: 'i2c': add driver da9055-pmic
[    0.156003] driver_register -- functionpoint
[    0.156003] bus_add_driver -- functionpoint
[    0.156005] functionpoint -- bus: 'i2c': add driver max77843
[    0.156008] driver_register -- functionpoint
[    0.156009] bus_add_driver -- functionpoint
[    0.156010] functionpoint -- bus: 'i2c': add driver max8925
[    0.156017] driver_register -- functionpoint
[    0.156017] bus_add_driver -- functionpoint
[    0.156019] functionpoint -- bus: 'i2c': add driver max8997
[    0.156022] driver_register -- functionpoint
[    0.156023] bus_add_driver -- functionpoint
[    0.156024] functionpoint -- bus: 'i2c': add driver max8998
[    0.156028] driver_register -- functionpoint
[    0.156028] bus_add_driver -- functionpoint
[    0.156030] functionpoint -- bus: 'i2c': add driver ab3100
[    0.156039] driver_register -- functionpoint
[    0.156039] bus_add_driver -- functionpoint
[    0.156041] functionpoint -- bus: 'i2c': add driver tps6586x
[    0.156045] driver_register -- functionpoint
[    0.156046] bus_add_driver -- functionpoint
[    0.156047] functionpoint -- bus: 'i2c': add driver tps65090
[    0.156051] driver_register -- functionpoint
[    0.156051] bus_add_driver -- functionpoint
[    0.156053] functionpoint -- bus: 'i2c': add driver aat2870
[    0.156057] driver_register -- functionpoint
[    0.156057] bus_add_driver -- functionpoint
[    0.156059] functionpoint -- bus: 'i2c': add driver palmas
[    0.156063] driver_register -- functionpoint
[    0.156063] bus_add_driver -- functionpoint
[    0.156065] functionpoint -- bus: 'i2c': add driver rc5t583
[    0.156069] driver_register -- functionpoint
[    0.156070] bus_add_driver -- functionpoint
[    0.156071] functionpoint -- bus: 'i2c': add driver sec_pmic
[    0.156077] driver_register -- functionpoint
[    0.156078] bus_add_driver -- functionpoint
[    0.156079] functionpoint -- bus: 'i2c': add driver as3711
[    0.156091] driver_register -- functionpoint
[    0.156091] bus_add_driver -- functionpoint
[    0.156093] functionpoint -- bus: 'nd': add driver nd_bus
[    0.156098] driver_register -- functionpoint
[    0.156098] bus_add_driver -- functionpoint
[    0.156100] functionpoint -- bus: 'nd': add driver nvdimm
[    0.156104] driver_register -- functionpoint
[    0.156105] bus_add_driver -- functionpoint
[    0.156106] functionpoint -- bus: 'nd': add driver nd_region
[    0.156166] SCSI subsystem initialized
[    0.156177] libata version 3.00 loaded.
[    0.156177] driver_register -- functionpoint
[    0.156177] bus_add_driver -- functionpoint
[    0.156177] functionpoint -- bus: 'mdio_bus': add driver Generic 10G PHY
[    0.156177] driver_register -- functionpoint
[    0.156177] bus_add_driver -- functionpoint
[    0.156177] functionpoint -- bus: 'mdio_bus': add driver Generic PHY
[    0.156177] ACPI: bus type USB registered
[    0.156177] driver_register -- functionpoint
[    0.156177] bus_add_driver -- functionpoint
[    0.156177] functionpoint -- bus: 'usb': add driver usbfs
[    0.156177] usbcore: registered new interface driver usbfs
[    0.156177] driver_register -- functionpoint
[    0.156177] bus_add_driver -- functionpoint
[    0.156177] functionpoint -- bus: 'usb': add driver hub
[    0.156177] usbcore: registered new interface driver hub
[    0.156177] driver_register -- functionpoint
[    0.156177] bus_add_driver -- functionpoint
[    0.156177] functionpoint -- bus: 'usb': add driver usb
[    0.156177] usbcore: registered new device driver usb
[    0.156177] driver_register -- functionpoint
[    0.156177] bus_add_driver -- functionpoint
[    0.156177] functionpoint -- bus: 'platform': add driver i2c_designware
[    0.156177] __driver_attach -- functionpoint
[    0.156177] __driver_attach -- functionpoint
[    0.156177] __driver_attach -- functionpoint
[    0.156177] __driver_attach -- functionpoint
[    0.156177] __driver_attach -- functionpoint
[    0.156177] __driver_attach -- functionpoint
[    0.156177] __driver_attach -- functionpoint
[    0.156177] __driver_attach -- functionpoint
[    0.156177] __driver_attach -- functionpoint
[    0.156177] __driver_attach -- functionpoint
[    0.156177] __driver_attach -- functionpoint
[    0.156177] EDAC MC: Ver: 3.0.0
[    0.156177] Registered efivars operations
[    0.188023] start pci_subsys_init -- functionpoint
[    0.188023] PCI: Using ACPI for IRQ routing
[    0.188026] pci_find_bus -- functionpoint
[    0.188026] pci_find_next_bus -- functionpoint
[    0.188028] pci_find_bus -- functionpoint
[    0.188029] pci_find_next_bus -- functionpoint
[    0.188030] pci_find_bus -- functionpoint
[    0.188032] pci_find_next_bus -- functionpoint
[    0.188033] pci_find_bus -- functionpoint
[    0.188034] pci_find_next_bus -- functionpoint
[    0.188035] pci_find_bus -- functionpoint
[    0.188037] pci_find_next_bus -- functionpoint
[    0.188038] pci_find_next_bus -- functionpoint
[    0.188369] pci_find_bus -- functionpoint
[    0.188371] pci_find_next_bus -- functionpoint
[    0.188372] pci_find_next_bus -- functionpoint
[    0.188701] pci_find_bus -- functionpoint
[    0.188703] pci_find_next_bus -- functionpoint
[    0.188704] pci_find_next_bus -- functionpoint
[    0.189032] pci_find_bus -- functionpoint
[    0.189034] pci_find_next_bus -- functionpoint
[    0.189035] pci_find_next_bus -- functionpoint
[    0.189358] pci_find_bus -- functionpoint
[    0.189359] pci_find_next_bus -- functionpoint
[    0.189361] pci_find_next_bus -- functionpoint
[    0.189690] pci_find_bus -- functionpoint
[    0.189692] pci_find_next_bus -- functionpoint
[    0.189693] pci_find_next_bus -- functionpoint
[    0.190032] pci_find_bus -- functionpoint
[    0.190033] pci_find_next_bus -- functionpoint
[    0.190035] pci_find_next_bus -- functionpoint
[    0.190364] pci_find_bus -- functionpoint
[    0.190366] pci_find_next_bus -- functionpoint
[    0.190367] pci_find_next_bus -- functionpoint
[    0.190697] pci_find_bus -- functionpoint
[    0.190698] pci_find_next_bus -- functionpoint
[    0.190700] pci_find_next_bus -- functionpoint
[    0.191030] pci_find_bus -- functionpoint
[    0.191031] pci_find_next_bus -- functionpoint
[    0.191032] pci_find_next_bus -- functionpoint
[    0.191361] pci_find_bus -- functionpoint
[    0.191362] pci_find_next_bus -- functionpoint
[    0.191363] pci_find_next_bus -- functionpoint
[    0.191693] pci_find_bus -- functionpoint
[    0.191694] pci_find_next_bus -- functionpoint
[    0.191696] pci_find_next_bus -- functionpoint
[    0.191696] pci_find_bus -- functionpoint
[    0.191696] pci_find_next_bus -- functionpoint
[    0.191696] pci_find_next_bus -- functionpoint
[    0.191696] pci_find_bus -- functionpoint
[    0.191696] pci_find_next_bus -- functionpoint
[    0.191696] pci_find_next_bus -- functionpoint
[    0.191696] pci_find_bus -- functionpoint
[    0.191696] pci_find_next_bus -- functionpoint
[    0.191696] pci_find_next_bus -- functionpoint
[    0.191696] pci_find_bus -- functionpoint
[    0.191696] pci_find_next_bus -- functionpoint
[    0.191696] pci_find_next_bus -- functionpoint
[    0.191696] pci_find_bus -- functionpoint
[    0.191696] pci_find_next_bus -- functionpoint
[    0.191696] pci_find_next_bus -- functionpoint
[    0.191696] pci_find_bus -- functionpoint
[    0.191696] pci_find_next_bus -- functionpoint
[    0.191696] pci_find_next_bus -- functionpoint
[    0.191696] pci_find_bus -- functionpoint
[    0.191696] pci_find_next_bus -- functionpoint
[    0.191696] pci_find_next_bus -- functionpoint
[    0.191696] pci_find_bus -- functionpoint
[    0.191696] pci_find_next_bus -- functionpoint
[    0.191696] pci_find_next_bus -- functionpoint
[    0.191696] pci_find_bus -- functionpoint
[    0.191696] pci_find_next_bus -- functionpoint
[    0.191696] pci_find_next_bus -- functionpoint
[    0.191696] pci_find_bus -- functionpoint
[    0.191696] pci_find_next_bus -- functionpoint
[    0.191696] pci_find_next_bus -- functionpoint
[    0.191696] pci_find_bus -- functionpoint
[    0.191696] pci_find_next_bus -- functionpoint
[    0.191696] pci_find_next_bus -- functionpoint
[    0.191889] pci_find_bus -- functionpoint
[    0.191890] pci_find_next_bus -- functionpoint
[    0.191891] pci_find_next_bus -- functionpoint
[    0.196206] pci_find_bus -- functionpoint
[    0.196207] pci_find_next_bus -- functionpoint
[    0.196208] pci_find_next_bus -- functionpoint
[    0.196549] pci_find_bus -- functionpoint
[    0.196550] pci_find_next_bus -- functionpoint
[    0.196551] pci_find_next_bus -- functionpoint
[    0.196889] pci_find_bus -- functionpoint
[    0.196890] pci_find_next_bus -- functionpoint
[    0.196892] pci_find_next_bus -- functionpoint
[    0.197221] pci_find_bus -- functionpoint
[    0.197223] pci_find_next_bus -- functionpoint
[    0.197224] pci_find_next_bus -- functionpoint
[    0.197553] pci_find_bus -- functionpoint
[    0.197555] pci_find_next_bus -- functionpoint
[    0.197556] pci_find_next_bus -- functionpoint
[    0.197884] pci_find_bus -- functionpoint
[    0.197886] pci_find_next_bus -- functionpoint
[    0.197887] pci_find_next_bus -- functionpoint
[    0.198217] pci_find_bus -- functionpoint
[    0.198218] pci_find_next_bus -- functionpoint
[    0.198219] pci_find_next_bus -- functionpoint
[    0.198548] pci_find_bus -- functionpoint
[    0.198549] pci_find_next_bus -- functionpoint
[    0.198550] pci_find_next_bus -- functionpoint
[    0.198889] pci_find_bus -- functionpoint
[    0.198891] pci_find_next_bus -- functionpoint
[    0.198892] pci_find_next_bus -- functionpoint
[    0.199222] pci_find_bus -- functionpoint
[    0.199223] pci_find_next_bus -- functionpoint
[    0.199225] pci_find_next_bus -- functionpoint
[    0.199555] pci_find_bus -- functionpoint
[    0.199556] pci_find_next_bus -- functionpoint
[    0.199557] pci_find_next_bus -- functionpoint
[    0.199885] pci_find_bus -- functionpoint
[    0.199887] pci_find_next_bus -- functionpoint
[    0.199888] pci_find_next_bus -- functionpoint
[    0.200213] pci_find_bus -- functionpoint
[    0.200214] pci_find_next_bus -- functionpoint
[    0.200215] pci_find_next_bus -- functionpoint
[    0.200538] pci_find_bus -- functionpoint
[    0.200539] pci_find_next_bus -- functionpoint
[    0.200541] pci_find_next_bus -- functionpoint
[    0.200862] pci_find_bus -- functionpoint
[    0.200863] pci_find_next_bus -- functionpoint
[    0.200865] pci_find_next_bus -- functionpoint
[    0.201194] pci_find_bus -- functionpoint
[    0.201196] pci_find_next_bus -- functionpoint
[    0.201197] pci_find_next_bus -- functionpoint
[    0.201525] pci_find_bus -- functionpoint
[    0.201527] pci_find_next_bus -- functionpoint
[    0.201528] pci_find_next_bus -- functionpoint
[    0.201867] pci_find_bus -- functionpoint
[    0.201868] pci_find_next_bus -- functionpoint
[    0.201869] pci_find_next_bus -- functionpoint
[    0.202199] pci_find_bus -- functionpoint
[    0.202201] pci_find_next_bus -- functionpoint
[    0.202202] pci_find_next_bus -- functionpoint
[    0.202532] pci_find_bus -- functionpoint
[    0.202533] pci_find_next_bus -- functionpoint
[    0.202534] pci_find_next_bus -- functionpoint
[    0.202862] pci_find_bus -- functionpoint
[    0.202864] pci_find_next_bus -- functionpoint
[    0.202865] pci_find_next_bus -- functionpoint
[    0.203194] pci_find_bus -- functionpoint
[    0.203195] pci_find_next_bus -- functionpoint
[    0.203196] pci_find_next_bus -- functionpoint
[    0.203524] pci_find_bus -- functionpoint
[    0.203526] pci_find_next_bus -- functionpoint
[    0.203527] pci_find_next_bus -- functionpoint
[    0.203857] pci_find_bus -- functionpoint
[    0.203858] pci_find_next_bus -- functionpoint
[    0.203859] pci_find_next_bus -- functionpoint
[    0.204180] pci_find_bus -- functionpoint
[    0.204182] pci_find_next_bus -- functionpoint
[    0.204183] pci_find_next_bus -- functionpoint
[    0.204513] pci_find_bus -- functionpoint
[    0.204514] pci_find_next_bus -- functionpoint
[    0.204516] pci_find_next_bus -- functionpoint
[    0.204844] pci_find_bus -- functionpoint
[    0.204845] pci_find_next_bus -- functionpoint
[    0.204847] pci_find_next_bus -- functionpoint
[    0.205177] pci_find_bus -- functionpoint
[    0.205178] pci_find_next_bus -- functionpoint
[    0.205179] pci_find_next_bus -- functionpoint
[    0.205507] pci_find_bus -- functionpoint
[    0.205509] pci_find_next_bus -- functionpoint
[    0.205510] pci_find_next_bus -- functionpoint
[    0.205838] pci_find_bus -- functionpoint
[    0.205840] pci_find_next_bus -- functionpoint
[    0.205841] pci_find_next_bus -- functionpoint
[    0.206172] pci_find_bus -- functionpoint
[    0.206173] pci_find_next_bus -- functionpoint
[    0.206174] pci_find_next_bus -- functionpoint
[    0.206504] pci_find_bus -- functionpoint
[    0.206505] pci_find_next_bus -- functionpoint
[    0.206507] pci_find_next_bus -- functionpoint
[    0.206845] pci_find_bus -- functionpoint
[    0.206847] pci_find_next_bus -- functionpoint
[    0.206848] pci_find_next_bus -- functionpoint
[    0.207178] pci_find_bus -- functionpoint
[    0.207179] pci_find_next_bus -- functionpoint
[    0.207181] pci_find_next_bus -- functionpoint
[    0.207509] pci_find_bus -- functionpoint
[    0.207510] pci_find_next_bus -- functionpoint
[    0.207511] pci_find_next_bus -- functionpoint
[    0.207850] pci_find_bus -- functionpoint
[    0.207852] pci_find_next_bus -- functionpoint
[    0.207853] pci_find_next_bus -- functionpoint
[    0.208181] pcibios_init -- functionpoint
[    0.208182] PCI: pci_cache_line_size set to 64 bytes
[    0.208275] e820: reserve RAM buffer [mem 0x0009f000-0x0009ffff]
[    0.208276] e820: reserve RAM buffer [mem 0xbe6ab000-0xbfffffff]
[    0.208277] e820: reserve RAM buffer [mem 0xbfc10000-0xbfffffff]
[    0.208278] e820: reserve RAM buffer [mem 0x427800000-0x427ffffff]
[    0.208278] end pci_subsys_init -- functionpoint
[    0.208343] NetLabel: Initializing
[    0.208345] NetLabel:  domain hash size = 128
[    0.208346] NetLabel:  protocols = UNLABELED CIPSOv4 CALIPSO
[    0.208356] NetLabel:  unlabeled traffic allowed by default
[    0.208734] hpet0: at MMIO 0xfed00000, IRQs 2, 8, 0, 0, 0, 0, 0, 0
[    0.208739] hpet0: 8 comparators, 64-bit 24.000000 MHz counter
[    0.212023] clocksource: Switched to clocksource hpet
[    0.220592] VFS: Disk quotas dquot_6.6.0
[    0.220605] VFS: Dquot-cache hash table entries: 512 (order 0, 4096 bytes)
[    0.220677] AppArmor: AppArmor Filesystem Enabled
[    0.220679] driver_register -- functionpoint
[    0.220681] bus_add_driver -- functionpoint
[    0.220683] functionpoint -- bus: 'platform': add driver simple-framebuffer
[    0.220687] __driver_attach -- functionpoint
[    0.220688] __driver_attach -- functionpoint
[    0.220690] __driver_attach -- functionpoint
[    0.220691] __driver_attach -- functionpoint
[    0.220692] __driver_attach -- functionpoint
[    0.220694] __driver_attach -- functionpoint
[    0.220695] __driver_attach -- functionpoint
[    0.220697] __driver_attach -- functionpoint
[    0.220698] __driver_attach -- functionpoint
[    0.220700] __driver_attach -- functionpoint
[    0.220701] __driver_attach -- functionpoint
[    0.220708] driver_register -- functionpoint
[    0.220709] bus_add_driver -- functionpoint
[    0.220711] functionpoint -- bus: 'pnp': add driver system
[    0.220716] pnp: PnP ACPI init
[    0.220807] really_probe -- functionpoint
[    0.220808] functionpoint -- bus: 'pnp': really_probe: probing driver system with device 00:00
[    0.220815] system 00:00: [mem 0x40000000-0x403fffff] could not be reserved
[    0.220819] system 00:00: Plug and Play ACPI device, IDs PNP0c02 (active)
[    0.221108] really_probe -- functionpoint
[    0.221109] functionpoint -- bus: 'pnp': really_probe: probing driver system with device 00:01
[    0.221116] system 00:01: [io  0x1800-0x18fe] has been reserved
[    0.221117] system 00:01: [mem 0xfd000000-0xfd69ffff] has been reserved
[    0.221118] system 00:01: [mem 0xfd6c0000-0xfd6cffff] has been reserved
[    0.221120] system 00:01: [mem 0xfd6f0000-0xfdffffff] has been reserved
[    0.221121] system 00:01: [mem 0xfe000000-0xfe01ffff] could not be reserved
[    0.221122] system 00:01: [mem 0xfe200000-0xfe7fffff] has been reserved
[    0.221123] system 00:01: [mem 0xff000000-0xffffffff] has been reserved
[    0.221127] system 00:01: Plug and Play ACPI device, IDs PNP0c02 (active)
[    0.221433] really_probe -- functionpoint
[    0.221434] functionpoint -- bus: 'pnp': really_probe: probing driver system with device 00:02
[    0.221442] system 00:02: [io  0x2000-0x20fe] has been reserved
[    0.221445] system 00:02: Plug and Play ACPI device, IDs PNP0c02 (active)
[    0.221560] really_probe -- functionpoint
[    0.221561] functionpoint -- bus: 'pnp': really_probe: probing driver system with device 00:03
[    0.221569] system 00:03: [io  0x0680-0x069f] has been reserved
[    0.221571] system 00:03: [io  0x164e-0x164f] has been reserved
[    0.221574] system 00:03: Plug and Play ACPI device, IDs PNP0c02 (active)
[    0.221618] pnp 00:04: Plug and Play ACPI device, IDs PNP0b00 (active)
[    0.221706] really_probe -- functionpoint
[    0.221707] functionpoint -- bus: 'pnp': really_probe: probing driver system with device 00:05
[    0.221713] system 00:05: [io  0x1854-0x1857] has been reserved
[    0.221716] system 00:05: Plug and Play ACPI device, IDs INT3f0d PNP0c02 (active)
[    0.221737] pnp 00:06: Plug and Play ACPI device, IDs HPQ8002 PNP0303 (active)
[    0.221758] pnp 00:07: Plug and Play ACPI device, IDs PNP0f13 SYN0100 SYN0002 (active)
[    0.221943] really_probe -- functionpoint
[    0.221944] functionpoint -- bus: 'pnp': really_probe: probing driver system with device 00:08
[    0.221950] system 00:08: [io  0x0200-0x023f] has been reserved
[    0.221952] system 00:08: [mem 0xfedb0000-0xfedbffff] has been reserved
[    0.221955] system 00:08: Plug and Play ACPI device, IDs PNP0c02 (active)
[    0.222279] really_probe -- functionpoint
[    0.222280] functionpoint -- bus: 'pnp': really_probe: probing driver system with device 00:09
[    0.222286] system 00:09: [mem 0xfd6e0000-0xfd6effff] has been reserved
[    0.222288] system 00:09: [mem 0xfd6d0000-0xfd6dffff] has been reserved
[    0.222289] system 00:09: [mem 0xfd6b0000-0xfd6bffff] has been reserved
[    0.222290] system 00:09: [mem 0xfd6a0000-0xfd6affff] has been reserved
[    0.222293] system 00:09: Plug and Play ACPI device, IDs PNP0c02 (active)
[    0.223361] really_probe -- functionpoint
[    0.223362] functionpoint -- bus: 'pnp': really_probe: probing driver system with device 00:0a
[    0.223369] system 00:0a: Plug and Play ACPI device, IDs PNP0c02 (active)
[    0.223918] really_probe -- functionpoint
[    0.223919] functionpoint -- bus: 'pnp': really_probe: probing driver system with device 00:0b
[    0.223927] system 00:0b: [mem 0xfed10000-0xfed17fff] has been reserved
[    0.223929] system 00:0b: [mem 0xfed18000-0xfed18fff] has been reserved
[    0.223930] system 00:0b: [mem 0xfed19000-0xfed19fff] has been reserved
[    0.223931] system 00:0b: [mem 0xf8000000-0xfbffffff] has been reserved
[    0.223932] system 00:0b: [mem 0xfed20000-0xfed3ffff] has been reserved
[    0.223934] system 00:0b: [mem 0xfed90000-0xfed93fff] could not be reserved
[    0.223935] system 00:0b: [mem 0xfed45000-0xfed8ffff] has been reserved
[    0.223936] system 00:0b: [mem 0xfee00000-0xfeefffff] has been reserved
[    0.223939] system 00:0b: Plug and Play ACPI device, IDs PNP0c02 (active)
[    0.223986] really_probe -- functionpoint
[    0.223987] functionpoint -- bus: 'pnp': really_probe: probing driver system with device 00:0c
[    0.223993] system 00:0c: [mem 0xfed40000-0xfed44fff] has been reserved
[    0.223995] system 00:0c: Plug and Play ACPI device, IDs PNP0c02 (active)
[    0.224178] pnp: PnP ACPI: found 13 devices
[    0.234933] clocksource: acpi_pm: mask: 0xffffff max_cycles: 0xffffff, max_idle_ns: 2085701024 ns
[    0.234936] pci 0000:03:00.0: can't claim BAR 6 [mem 0xfffe0000-0xffffffff pref]: no compatible bridge window
[    0.234978] __pci_setup_bridge -- functionpoint
[    0.234980] pci 0000:00:1b.0: PCI bridge to [bus 01]
[    0.234987] pci 0000:00:1b.0:   bridge window [mem 0xf1100000-0xf11fffff]
[    0.234998] pci 0000:03:00.0: BAR 6: assigned [mem 0xf1020000-0xf103ffff pref]
[    0.234999] __pci_setup_bridge -- functionpoint
[    0.235000] pci 0000:02:00.0: PCI bridge to [bus 03]
[    0.235005] pci 0000:02:00.0:   bridge window [io  0x3000-0x3fff]
[    0.235014] pci 0000:02:00.0:   bridge window [mem 0xf1000000-0xf10fffff]
[    0.235031] __pci_setup_bridge -- functionpoint
[    0.235032] pci 0000:00:1c.0: PCI bridge to [bus 02-03]
[    0.235036] pci 0000:00:1c.0:   bridge window [io  0x3000-0x3fff]
[    0.235041] pci 0000:00:1c.0:   bridge window [mem 0xf1000000-0xf10fffff]
[    0.235051] pci_bus 0000:00: resource 4 [io  0x0000-0x0cf7 window]
[    0.235053] pci_bus 0000:00: resource 5 [io  0x0d00-0xffff window]
[    0.235054] pci_bus 0000:00: resource 6 [mem 0x000a0000-0x000bffff window]
[    0.235055] pci_bus 0000:00: resource 7 [mem 0xd4800000-0xf7ffffff window]
[    0.235056] pci_bus 0000:00: resource 8 [mem 0x4000000000-0x7fffffffff window]
[    0.235057] pci_bus 0000:00: resource 9 [mem 0xfc800000-0xfe7fffff window]
[    0.235058] pci_bus 0000:01: resource 1 [mem 0xf1100000-0xf11fffff]
[    0.235059] pci_bus 0000:02: resource 0 [io  0x3000-0x3fff]
[    0.235060] pci_bus 0000:02: resource 1 [mem 0xf1000000-0xf10fffff]
[    0.235061] pci_bus 0000:03: resource 0 [io  0x3000-0x3fff]
[    0.235062] pci_bus 0000:03: resource 1 [mem 0xf1000000-0xf10fffff]
[    0.235063] pci_bus 0000:03: resource 4 [io  0x3000-0x3fff]
[    0.235065] pci_bus 0000:03: resource 5 [mem 0xf1000000-0xf10fffff]
[    0.235210] NET: Registered protocol family 2
[    0.235351] TCP established hash table entries: 131072 (order: 8, 1048576 bytes)
[    0.235483] TCP bind hash table entries: 65536 (order: 8, 1048576 bytes)
[    0.235559] TCP: Hash tables configured (established 131072 bind 65536)
[    0.235586] UDP hash table entries: 8192 (order: 6, 262144 bytes)
[    0.235615] UDP-Lite hash table entries: 8192 (order: 6, 262144 bytes)
[    0.235674] NET: Registered protocol family 1
[    0.235683] pci 0000:00:02.0: Video device with shadowed ROM at [mem 0x000c0000-0x000dffff]
[    0.235979] PCI: CLS 0 bytes, default 64
[    0.236060] Unpacking initramfs...
[    5.763861] Freeing initrd memory: 440864K
[    5.763944] PCI-DMA: Using software bounce buffering for IO (SWIOTLB)
[    5.763946] software IO TLB [mem 0xb9506000-0xbd506000] (64MB) mapped at [000000005e2bec53-00000000e90a69bf]
[    5.764460] clocksource: tsc: mask: 0xffffffffffffffff max_cycles: 0x2b3e459bf4c, max_idle_ns: 440795289890 ns
[    5.764894] Scanning for low memory corruption every 60 seconds
[    5.765123] __pci_register_driver -- functionpoint
[    5.765124] driver_register -- functionpoint
[    5.765128] bus_add_driver -- functionpoint
[    5.765130] functionpoint -- bus: 'pci': add driver iosf_mbi_pci
[    5.765134] __driver_attach -- functionpoint
[    5.765134] __driver_attach -- functionpoint
[    5.765136] __driver_attach -- functionpoint
[    5.765137] __driver_attach -- functionpoint
[    5.765139] __driver_attach -- functionpoint
[    5.765140] __driver_attach -- functionpoint
[    5.765141] __driver_attach -- functionpoint
[    5.765143] __driver_attach -- functionpoint
[    5.765144] __driver_attach -- functionpoint
[    5.765145] __driver_attach -- functionpoint
[    5.765147] __driver_attach -- functionpoint
[    5.765148] __driver_attach -- functionpoint
[    5.765150] __driver_attach -- functionpoint
[    5.765151] __driver_attach -- functionpoint
[    5.765152] __driver_attach -- functionpoint
[    5.765154] __driver_attach -- functionpoint
[    5.765155] __driver_attach -- functionpoint
[    5.765157] __driver_attach -- functionpoint
[    5.765285] driver_register -- functionpoint
[    5.765288] bus_add_driver -- functionpoint
[    5.765289] functionpoint -- bus: 'platform': add driver alarmtimer
[    5.765293] __driver_attach -- functionpoint
[    5.765293] __driver_attach -- functionpoint
[    5.765295] __driver_attach -- functionpoint
[    5.765297] __driver_attach -- functionpoint
[    5.765298] __driver_attach -- functionpoint
[    5.765300] __driver_attach -- functionpoint
[    5.765301] __driver_attach -- functionpoint
[    5.765303] __driver_attach -- functionpoint
[    5.765304] __driver_attach -- functionpoint
[    5.765306] __driver_attach -- functionpoint
[    5.765307] __driver_attach -- functionpoint
[    5.765309] __driver_attach -- functionpoint
[    5.765310] __driver_attach -- functionpoint
[    5.765321] really_probe -- functionpoint
[    5.765324] functionpoint -- bus: 'platform': really_probe: probing driver alarmtimer with device alarmtimer
[    5.765725] Initialise system trusted keyrings
[    5.765734] Key type blacklist registered
[    5.765860] workingset: timestamp_bits=36 max_order=22 bucket_order=0
[    5.766740] zbud: loaded
[    5.767205] squashfs: version 4.0 (2009/01/31) Phillip Lougher
[    5.767462] fuse init (API version 7.26)
[    5.772800] Key type asymmetric registered
[    5.772800] Asymmetric key parser 'x509' registered
[    5.772826] Block layer SCSI generic (bsg) driver version 0.4 loaded (major 246)
[    5.772935] io scheduler noop registered
[    5.772935] io scheduler deadline registered
[    5.772985] io scheduler cfq registered (default)
[    5.773350] driver_register -- functionpoint
[    5.773351] bus_add_driver -- functionpoint
[    5.773353] functionpoint -- bus: 'platform': add driver amd_gpio
[    5.773357] __driver_attach -- functionpoint
[    5.773357] __driver_attach -- functionpoint
[    5.773359] __driver_attach -- functionpoint
[    5.773360] __driver_attach -- functionpoint
[    5.773362] __driver_attach -- functionpoint
[    5.773364] __driver_attach -- functionpoint
[    5.773365] __driver_attach -- functionpoint
[    5.773367] __driver_attach -- functionpoint
[    5.773368] __driver_attach -- functionpoint
[    5.773370] __driver_attach -- functionpoint
[    5.773371] __driver_attach -- functionpoint
[    5.773373] __driver_attach -- functionpoint
[    5.773374] __driver_attach -- functionpoint
[    5.773376] __driver_attach -- functionpoint
[    5.773379] driver_register -- functionpoint
[    5.773381] bus_add_driver -- functionpoint
[    5.773382] functionpoint -- bus: 'platform': add driver cannonlake-pinctrl
[    5.773385] __driver_attach -- functionpoint
[    5.773386] __driver_attach -- functionpoint
[    5.773387] __driver_attach -- functionpoint
[    5.773389] __driver_attach -- functionpoint
[    5.773390] __driver_attach -- functionpoint
[    5.773392] __driver_attach -- functionpoint
[    5.773393] __driver_attach -- functionpoint
[    5.773394] __driver_attach -- functionpoint
[    5.773396] __driver_attach -- functionpoint
[    5.773397] __driver_attach -- functionpoint
[    5.773398] __driver_attach -- functionpoint
[    5.773400] __driver_attach -- functionpoint
[    5.773401] __driver_attach -- functionpoint
[    5.773402] __driver_attach -- functionpoint
[    5.773405] driver_register -- functionpoint
[    5.773407] bus_add_driver -- functionpoint
[    5.773408] functionpoint -- bus: 'platform': add driver tps68470-gpio
[    5.773411] __driver_attach -- functionpoint
[    5.773412] __driver_attach -- functionpoint
[    5.773413] __driver_attach -- functionpoint
[    5.773415] __driver_attach -- functionpoint
[    5.773416] __driver_attach -- functionpoint
[    5.773417] __driver_attach -- functionpoint
[    5.773419] __driver_attach -- functionpoint
[    5.773420] __driver_attach -- functionpoint
[    5.773421] __driver_attach -- functionpoint
[    5.773423] __driver_attach -- functionpoint
[    5.773424] __driver_attach -- functionpoint
[    5.773425] __driver_attach -- functionpoint
[    5.773427] __driver_attach -- functionpoint
[    5.773428] __driver_attach -- functionpoint
[    5.773433] driver_register -- functionpoint
[    5.773434] bus_add_driver -- functionpoint
[    5.773436] functionpoint -- bus: 'platform': add driver crystal_cove_pwm
[    5.773439] __driver_attach -- functionpoint
[    5.773439] __driver_attach -- functionpoint
[    5.773441] __driver_attach -- functionpoint
[    5.773442] __driver_attach -- functionpoint
[    5.773443] __driver_attach -- functionpoint
[    5.773445] __driver_attach -- functionpoint
[    5.773446] __driver_attach -- functionpoint
[    5.773447] __driver_attach -- functionpoint
[    5.773449] __driver_attach -- functionpoint
[    5.773450] __driver_attach -- functionpoint
[    5.773451] __driver_attach -- functionpoint
[    5.773453] __driver_attach -- functionpoint
[    5.773454] __driver_attach -- functionpoint
[    5.773455] __driver_attach -- functionpoint
[    5.773476] __pci_register_driver -- functionpoint
[    5.773477] driver_register -- functionpoint
[    5.773479] bus_add_driver -- functionpoint
[    5.773480] functionpoint -- bus: 'pci': add driver pcieport
[    5.773483] __driver_attach -- functionpoint
[    5.773484] __driver_attach -- functionpoint
[    5.773485] __driver_attach -- functionpoint
[    5.773486] __driver_attach -- functionpoint
[    5.773488] __driver_attach -- functionpoint
[    5.773489] __driver_attach -- functionpoint
[    5.773490] __driver_attach -- functionpoint
[    5.773492] __driver_attach -- functionpoint
[    5.773493] __driver_attach -- functionpoint
[    5.773495] really_probe -- functionpoint
[    5.773497] functionpoint -- bus: 'pci': really_probe: probing driver pcieport with device 0000:00:1b.0
[    5.773502] pci_device_probe -- functionpoint
[    5.773503] pci_call_probe -- functionpoint
[    5.773857] __driver_attach -- functionpoint
[    5.773859] really_probe -- functionpoint
[    5.773861] functionpoint -- bus: 'pci': really_probe: probing driver pcieport with device 0000:00:1c.0
[    5.773866] pci_device_probe -- functionpoint
[    5.773867] pci_call_probe -- functionpoint
[    5.774149] __driver_attach -- functionpoint
[    5.774151] __driver_attach -- functionpoint
[    5.774152] __driver_attach -- functionpoint
[    5.774154] __driver_attach -- functionpoint
[    5.774155] __driver_attach -- functionpoint
[    5.774156] __driver_attach -- functionpoint
[    5.774158] __driver_attach -- functionpoint
[    5.774159] __driver_attach -- functionpoint
[    5.774164] driver_register -- functionpoint
[    5.774166] bus_add_driver -- functionpoint
[    5.774167] functionpoint -- bus: 'pci_express': add driver aer
[    5.774170] __driver_attach -- functionpoint
[    5.774171] __driver_attach -- functionpoint
[    5.774172] really_probe -- functionpoint
[    5.774174] functionpoint -- bus: 'pci_express': really_probe: probing driver aer with device 0000:00:1b.0:pcie002
[    5.774212] pcieport 0000:00:1b.0: AER enabled with IRQ 122
[    5.774214] __driver_attach -- functionpoint
[    5.774215] __driver_attach -- functionpoint
[    5.774216] __driver_attach -- functionpoint
[    5.774218] really_probe -- functionpoint
[    5.774219] functionpoint -- bus: 'pci_express': really_probe: probing driver aer with device 0000:00:1c.0:pcie002
[    5.774250] pcieport 0000:00:1c.0: AER enabled with IRQ 123
[    5.774252] __driver_attach -- functionpoint
[    5.774256] driver_register -- functionpoint
[    5.774258] bus_add_driver -- functionpoint
[    5.774259] functionpoint -- bus: 'pci_express': add driver pcie_pme
[    5.774262] __driver_attach -- functionpoint
[    5.774262] really_probe -- functionpoint
[    5.774264] functionpoint -- bus: 'pci_express': really_probe: probing driver pcie_pme with device 0000:00:1b.0:pcie001
[    5.774280] pcieport 0000:00:1b.0: Signaling PME with IRQ 122
[    5.774285] __driver_attach -- functionpoint
[    5.774285] __driver_attach -- functionpoint
[    5.774287] __driver_attach -- functionpoint
[    5.774288] really_probe -- functionpoint
[    5.774290] functionpoint -- bus: 'pci_express': really_probe: probing driver pcie_pme with device 0000:00:1c.0:pcie001
[    5.774306] pcieport 0000:00:1c.0: Signaling PME with IRQ 123
[    5.774310] __driver_attach -- functionpoint
[    5.774311] __driver_attach -- functionpoint
[    5.774314] driver_register -- functionpoint
[    5.774316] bus_add_driver -- functionpoint
[    5.774317] functionpoint -- bus: 'pci_express': add driver dpc
[    5.774320] __driver_attach -- functionpoint
[    5.774320] __driver_attach -- functionpoint
[    5.774322] __driver_attach -- functionpoint
[    5.774323] really_probe -- functionpoint
[    5.774325] functionpoint -- bus: 'pci_express': really_probe: probing driver dpc with device 0000:00:1b.0:pcie010
[    5.774345] dpc 0000:00:1b.0:pcie010: DPC error containment capabilities: Int Msg #0, RPExt+ PoisonedTLP+ SwTrigger+ RP PIO Log 4, DL_ActiveErr+
[    5.774346] __driver_attach -- functionpoint
[    5.774347] __driver_attach -- functionpoint
[    5.774348] __driver_attach -- functionpoint
[    5.774350] really_probe -- functionpoint
[    5.774351] functionpoint -- bus: 'pci_express': really_probe: probing driver dpc with device 0000:00:1c.0:pcie010
[    5.774377] dpc 0000:00:1c.0:pcie010: DPC error containment capabilities: Int Msg #0, RPExt+ PoisonedTLP+ SwTrigger+ RP PIO Log 4, DL_ActiveErr+
[    5.774380] driver_register -- functionpoint
[    5.774380] bus_add_driver -- functionpoint
[    5.774382] functionpoint -- bus: 'pci_express': add driver pciehp
[    5.774385] __driver_attach -- functionpoint
[    5.774385] __driver_attach -- functionpoint
[    5.774387] __driver_attach -- functionpoint
[    5.774388] __driver_attach -- functionpoint
[    5.774389] __driver_attach -- functionpoint
[    5.774391] __driver_attach -- functionpoint
[    5.774408] driver_register -- functionpoint
[    5.774409] bus_add_driver -- functionpoint
[    5.774411] functionpoint -- bus: 'platform': add driver dw-pcie
[    5.774414] __driver_attach -- functionpoint
[    5.774414] __driver_attach -- functionpoint
[    5.774416] __driver_attach -- functionpoint
[    5.774417] __driver_attach -- functionpoint
[    5.774419] __driver_attach -- functionpoint
[    5.774420] __driver_attach -- functionpoint
[    5.774421] __driver_attach -- functionpoint
[    5.774423] __driver_attach -- functionpoint
[    5.774424] __driver_attach -- functionpoint
[    5.774425] __driver_attach -- functionpoint
[    5.774427] __driver_attach -- functionpoint
[    5.774428] __driver_attach -- functionpoint
[    5.774430] __driver_attach -- functionpoint
[    5.774431] __driver_attach -- functionpoint
[    5.774436] __pci_register_driver -- functionpoint
[    5.774437] driver_register -- functionpoint
[    5.774439] bus_add_driver -- functionpoint
[    5.774440] functionpoint -- bus: 'pci': add driver imsttfb
[    5.774443] __driver_attach -- functionpoint
[    5.774443] __driver_attach -- functionpoint
[    5.774445] __driver_attach -- functionpoint
[    5.774446] __driver_attach -- functionpoint
[    5.774447] __driver_attach -- functionpoint
[    5.774449] __driver_attach -- functionpoint
[    5.774450] __driver_attach -- functionpoint
[    5.774451] __driver_attach -- functionpoint
[    5.774453] __driver_attach -- functionpoint
[    5.774454] __driver_attach -- functionpoint
[    5.774455] __driver_attach -- functionpoint
[    5.774457] __driver_attach -- functionpoint
[    5.774458] __driver_attach -- functionpoint
[    5.774459] __driver_attach -- functionpoint
[    5.774461] __driver_attach -- functionpoint
[    5.774462] __driver_attach -- functionpoint
[    5.774463] __driver_attach -- functionpoint
[    5.774465] __driver_attach -- functionpoint
[    5.774469] __pci_register_driver -- functionpoint
[    5.774471] driver_register -- functionpoint
[    5.774472] bus_add_driver -- functionpoint
[    5.774474] functionpoint -- bus: 'pci': add driver asiliantfb
[    5.774476] __driver_attach -- functionpoint
[    5.774477] __driver_attach -- functionpoint
[    5.774478] __driver_attach -- functionpoint
[    5.774480] __driver_attach -- functionpoint
[    5.774481] __driver_attach -- functionpoint
[    5.774482] __driver_attach -- functionpoint
[    5.774484] __driver_attach -- functionpoint
[    5.774485] __driver_attach -- functionpoint
[    5.774486] __driver_attach -- functionpoint
[    5.774487] __driver_attach -- functionpoint
[    5.774489] __driver_attach -- functionpoint
[    5.774490] __driver_attach -- functionpoint
[    5.774491] __driver_attach -- functionpoint
[    5.774493] __driver_attach -- functionpoint
[    5.774494] __driver_attach -- functionpoint
[    5.774495] __driver_attach -- functionpoint
[    5.774497] __driver_attach -- functionpoint
[    5.774498] __driver_attach -- functionpoint
[    5.774502] driver_register -- functionpoint
[    5.774503] bus_add_driver -- functionpoint
[    5.774505] functionpoint -- bus: 'platform': add driver vesa-framebuffer
[    5.774508] __driver_attach -- functionpoint
[    5.774508] __driver_attach -- functionpoint
[    5.774510] __driver_attach -- functionpoint
[    5.774511] __driver_attach -- functionpoint
[    5.774512] __driver_attach -- functionpoint
[    5.774514] __driver_attach -- functionpoint
[    5.774515] __driver_attach -- functionpoint
[    5.774516] __driver_attach -- functionpoint
[    5.774518] __driver_attach -- functionpoint
[    5.774519] __driver_attach -- functionpoint
[    5.774520] __driver_attach -- functionpoint
[    5.774522] __driver_attach -- functionpoint
[    5.774523] __driver_attach -- functionpoint
[    5.774524] __driver_attach -- functionpoint
[    5.774527] driver_register -- functionpoint
[    5.774529] bus_add_driver -- functionpoint
[    5.774530] functionpoint -- bus: 'platform': add driver efi-framebuffer
[    5.774533] __driver_attach -- functionpoint
[    5.774534] __driver_attach -- functionpoint
[    5.774535] __driver_attach -- functionpoint
[    5.774536] __driver_attach -- functionpoint
[    5.774538] __driver_attach -- functionpoint
[    5.774539] __driver_attach -- functionpoint
[    5.774540] __driver_attach -- functionpoint
[    5.774542] __driver_attach -- functionpoint
[    5.774543] __driver_attach -- functionpoint
[    5.774544] __driver_attach -- functionpoint
[    5.774546] __driver_attach -- functionpoint
[    5.774547] __driver_attach -- functionpoint
[    5.774548] __driver_attach -- functionpoint
[    5.774550] really_probe -- functionpoint
[    5.774552] functionpoint -- bus: 'platform': really_probe: probing driver efi-framebuffer with device efi-framebuffer.0
[    5.774557] efifb: probing for efifb
[    5.774566] efifb: framebuffer at 0xe0000000, using 8100k, total 8100k
[    5.774567] efifb: mode is 1920x1080x32, linelength=7680, pages=1
[    5.774567] efifb: scrolling: redraw
[    5.774569] efifb: Truecolor: size=8:8:8:8, shift=24:16:8:0
[    5.778517] Console: switching to colour frame buffer device 240x67
[    5.782356] fb0: EFI VGA frame buffer device
[    5.782359] __driver_attach -- functionpoint
[    5.782363] intel_idle: MWAIT substates: 0x11142120
[    5.782377] intel_idle: v0.4.1 model 0x9E
[    5.783092] intel_idle: lapic_timer_reliable_states 0xffffffff
[    5.783130] driver_register -- functionpoint
[    5.783130] bus_add_driver -- functionpoint
[    5.783147] functionpoint -- bus: 'acpi': add driver ac
[    5.783180] __driver_attach -- functionpoint
[    5.783180] __driver_attach -- functionpoint
[    5.783195] __driver_attach -- functionpoint
[    5.783209] __driver_attach -- functionpoint
[    5.783223] __driver_attach -- functionpoint
[    5.783237] __driver_attach -- functionpoint
[    5.783251] __driver_attach -- functionpoint
[    5.783265] __driver_attach -- functionpoint
[    5.783279] __driver_attach -- functionpoint
[    5.783294] __driver_attach -- functionpoint
[    5.783308] __driver_attach -- functionpoint
[    5.783322] __driver_attach -- functionpoint
[    5.783336] __driver_attach -- functionpoint
[    5.783350] __driver_attach -- functionpoint
[    5.783364] __driver_attach -- functionpoint
[    5.783378] __driver_attach -- functionpoint
[    5.783397] __driver_attach -- functionpoint
[    5.783411] __driver_attach -- functionpoint
[    5.783425] __driver_attach -- functionpoint
[    5.783439] __driver_attach -- functionpoint
[    5.783453] __driver_attach -- functionpoint
[    5.783467] __driver_attach -- functionpoint
[    5.783481] __driver_attach -- functionpoint
[    5.783496] __driver_attach -- functionpoint
[    5.783510] __driver_attach -- functionpoint
[    5.783524] __driver_attach -- functionpoint
[    5.783538] __driver_attach -- functionpoint
[    5.783552] __driver_attach -- functionpoint
[    5.783566] __driver_attach -- functionpoint
[    5.783580] __driver_attach -- functionpoint
[    5.783594] __driver_attach -- functionpoint
[    5.783608] __driver_attach -- functionpoint
[    5.783622] __driver_attach -- functionpoint
[    5.783637] __driver_attach -- functionpoint
[    5.783651] __driver_attach -- functionpoint
[    5.783665] __driver_attach -- functionpoint
[    5.783679] __driver_attach -- functionpoint
[    5.783694] __driver_attach -- functionpoint
[    5.783708] __driver_attach -- functionpoint
[    5.783722] __driver_attach -- functionpoint
[    5.783953] __driver_attach -- functionpoint
[    5.784231] __driver_attach -- functionpoint
[    5.784461] __driver_attach -- functionpoint
[    5.784691] __driver_attach -- functionpoint
[    5.784922] __driver_attach -- functionpoint
[    5.785149] __driver_attach -- functionpoint
[    5.785369] __driver_attach -- functionpoint
[    5.785576] __driver_attach -- functionpoint
[    5.785768] __driver_attach -- functionpoint
[    5.785962] __driver_attach -- functionpoint
[    5.786155] __driver_attach -- functionpoint
[    5.786350] __driver_attach -- functionpoint
[    5.786544] __driver_attach -- functionpoint
[    5.786739] __driver_attach -- functionpoint
[    5.786935] __driver_attach -- functionpoint
[    5.787131] __driver_attach -- functionpoint
[    5.787327] __driver_attach -- functionpoint
[    5.787524] __driver_attach -- functionpoint
[    5.787721] __driver_attach -- functionpoint
[    5.787918] __driver_attach -- functionpoint
[    5.788151] __driver_attach -- functionpoint
[    5.788342] __driver_attach -- functionpoint
[    5.788518] __driver_attach -- functionpoint
[    5.788677] __driver_attach -- functionpoint
[    5.788825] __driver_attach -- functionpoint
[    5.788969] __driver_attach -- functionpoint
[    5.789106] __driver_attach -- functionpoint
[    5.789233] __driver_attach -- functionpoint
[    5.789351] __driver_attach -- functionpoint
[    5.789470] __driver_attach -- functionpoint
[    5.789589] __driver_attach -- functionpoint
[    5.789708] __driver_attach -- functionpoint
[    5.789827] __driver_attach -- functionpoint
[    5.789945] __driver_attach -- functionpoint
[    5.790064] __driver_attach -- functionpoint
[    5.790184] __driver_attach -- functionpoint
[    5.790304] __driver_attach -- functionpoint
[    5.790424] __driver_attach -- functionpoint
[    5.790543] __driver_attach -- functionpoint
[    5.790663] __driver_attach -- functionpoint
[    5.790783] __driver_attach -- functionpoint
[    5.790902] __driver_attach -- functionpoint
[    5.791022] __driver_attach -- functionpoint
[    5.791141] __driver_attach -- functionpoint
[    5.791261] __driver_attach -- functionpoint
[    5.791381] __driver_attach -- functionpoint
[    5.791501] __driver_attach -- functionpoint
[    5.791623] __driver_attach -- functionpoint
[    5.791743] __driver_attach -- functionpoint
[    5.791863] __driver_attach -- functionpoint
[    5.791982] __driver_attach -- functionpoint
[    5.792147] __driver_attach -- functionpoint
[    5.792267] __driver_attach -- functionpoint
[    5.792387] __driver_attach -- functionpoint
[    5.792510] __driver_attach -- functionpoint
[    5.792629] __driver_attach -- functionpoint
[    5.792749] __driver_attach -- functionpoint
[    5.792869] __driver_attach -- functionpoint
[    5.792989] __driver_attach -- functionpoint
[    5.793109] __driver_attach -- functionpoint
[    5.793229] __driver_attach -- functionpoint
[    5.793348] __driver_attach -- functionpoint
[    5.793470] __driver_attach -- functionpoint
[    5.793590] __driver_attach -- functionpoint
[    5.793710] __driver_attach -- functionpoint
[    5.793837] __driver_attach -- functionpoint
[    5.793956] __driver_attach -- functionpoint
[    5.794076] __driver_attach -- functionpoint
[    5.794196] __driver_attach -- functionpoint
[    5.794315] __driver_attach -- functionpoint
[    5.794435] __driver_attach -- functionpoint
[    5.794554] __driver_attach -- functionpoint
[    5.794674] __driver_attach -- functionpoint
[    5.794793] __driver_attach -- functionpoint
[    5.794913] __driver_attach -- functionpoint
[    5.795032] __driver_attach -- functionpoint
[    5.795151] __driver_attach -- functionpoint
[    5.795270] __driver_attach -- functionpoint
[    5.795390] __driver_attach -- functionpoint
[    5.795509] __driver_attach -- functionpoint
[    5.795628] __driver_attach -- functionpoint
[    5.795747] __driver_attach -- functionpoint
[    5.795866] __driver_attach -- functionpoint
[    5.795984] __driver_attach -- functionpoint
[    5.796152] __driver_attach -- functionpoint
[    5.796271] __driver_attach -- functionpoint
[    5.796390] __driver_attach -- functionpoint
[    5.796510] __driver_attach -- functionpoint
[    5.796629] __driver_attach -- functionpoint
[    5.796748] __driver_attach -- functionpoint
[    5.796866] __driver_attach -- functionpoint
[    5.796985] __driver_attach -- functionpoint
[    5.797104] __driver_attach -- functionpoint
[    5.797222] __driver_attach -- functionpoint
[    5.797341] __driver_attach -- functionpoint
[    5.797460] __driver_attach -- functionpoint
[    5.797578] __driver_attach -- functionpoint
[    5.797697] __driver_attach -- functionpoint
[    5.797815] __driver_attach -- functionpoint
[    5.797934] __driver_attach -- functionpoint
[    5.798052] __driver_attach -- functionpoint
[    5.798171] __driver_attach -- functionpoint
[    5.798289] __driver_attach -- functionpoint
[    5.798408] __driver_attach -- functionpoint
[    5.798527] __driver_attach -- functionpoint
[    5.798646] __driver_attach -- functionpoint
[    5.798765] __driver_attach -- functionpoint
[    5.798884] __driver_attach -- functionpoint
[    5.799003] __driver_attach -- functionpoint
[    5.799123] __driver_attach -- functionpoint
[    5.799242] __driver_attach -- functionpoint
[    5.799362] __driver_attach -- functionpoint
[    5.799481] __driver_attach -- functionpoint
[    5.799601] __driver_attach -- functionpoint
[    5.799721] __driver_attach -- functionpoint
[    5.799840] __driver_attach -- functionpoint
[    5.799960] __driver_attach -- functionpoint
[    5.800125] __driver_attach -- functionpoint
[    5.800245] __driver_attach -- functionpoint
[    5.800365] __driver_attach -- functionpoint
[    5.800485] __driver_attach -- functionpoint
[    5.800605] __driver_attach -- functionpoint
[    5.800725] __driver_attach -- functionpoint
[    5.800845] __driver_attach -- functionpoint
[    5.800965] __driver_attach -- functionpoint
[    5.801085] __driver_attach -- functionpoint
[    5.801205] __driver_attach -- functionpoint
[    5.801325] __driver_attach -- functionpoint
[    5.801444] __driver_attach -- functionpoint
[    5.801564] __driver_attach -- functionpoint
[    5.801683] __driver_attach -- functionpoint
[    5.801803] __driver_attach -- functionpoint
[    5.801923] __driver_attach -- functionpoint
[    5.802042] __driver_attach -- functionpoint
[    5.802161] __driver_attach -- functionpoint
[    5.802284] __driver_attach -- functionpoint
[    5.802404] __driver_attach -- functionpoint
[    5.802524] __driver_attach -- functionpoint
[    5.802644] __driver_attach -- functionpoint
[    5.802763] __driver_attach -- functionpoint
[    5.802883] __driver_attach -- functionpoint
[    5.803002] __driver_attach -- functionpoint
[    5.803122] __driver_attach -- functionpoint
[    5.803242] __driver_attach -- functionpoint
[    5.803361] __driver_attach -- functionpoint
[    5.803480] __driver_attach -- functionpoint
[    5.803599] __driver_attach -- functionpoint
[    5.803718] __driver_attach -- functionpoint
[    5.803838] __driver_attach -- functionpoint
[    5.803957] __driver_attach -- functionpoint
[    5.804117] __driver_attach -- functionpoint
[    5.804237] __driver_attach -- functionpoint
[    5.804355] __driver_attach -- functionpoint
[    5.804474] __driver_attach -- functionpoint
[    5.804593] __driver_attach -- functionpoint
[    5.804718] __driver_attach -- functionpoint
[    5.804837] __driver_attach -- functionpoint
[    5.804956] __driver_attach -- functionpoint
[    5.805075] __driver_attach -- functionpoint
[    5.805193] __driver_attach -- functionpoint
[    5.805312] __driver_attach -- functionpoint
[    5.805431] __driver_attach -- functionpoint
[    5.805550] __driver_attach -- functionpoint
[    5.805669] __driver_attach -- functionpoint
[    5.805788] __driver_attach -- functionpoint
[    5.805907] __driver_attach -- functionpoint
[    5.806025] __driver_attach -- functionpoint
[    5.806144] __driver_attach -- functionpoint
[    5.806263] __driver_attach -- functionpoint
[    5.806382] __driver_attach -- functionpoint
[    5.806503] __driver_attach -- functionpoint
[    5.806622] __driver_attach -- functionpoint
[    5.806740] __driver_attach -- functionpoint
[    5.806859] __driver_attach -- functionpoint
[    5.806978] __driver_attach -- functionpoint
[    5.807097] __driver_attach -- functionpoint
[    5.807216] __driver_attach -- functionpoint
[    5.807335] __driver_attach -- functionpoint
[    5.807454] __driver_attach -- functionpoint
[    5.807573] __driver_attach -- functionpoint
[    5.807692] __driver_attach -- functionpoint
[    5.807812] __driver_attach -- functionpoint
[    5.807935] driver_register -- functionpoint
[    5.808099] bus_add_driver -- functionpoint
[    5.808222] functionpoint -- bus: 'acpi': add driver button
[    5.808498] __driver_attach -- functionpoint
[    5.808499] __driver_attach -- functionpoint
[    5.808652] __driver_attach -- functionpoint
[    5.808805] __driver_attach -- functionpoint
[    5.808958] __driver_attach -- functionpoint
[    5.809111] __driver_attach -- functionpoint
[    5.809265] __driver_attach -- functionpoint
[    5.809418] __driver_attach -- functionpoint
[    5.809572] __driver_attach -- functionpoint
[    5.809726] __driver_attach -- functionpoint
[    5.809881] __driver_attach -- functionpoint
[    5.810035] __driver_attach -- functionpoint
[    5.810190] __driver_attach -- functionpoint
[    5.810345] __driver_attach -- functionpoint
[    5.810501] __driver_attach -- functionpoint
[    5.810657] __driver_attach -- functionpoint
[    5.810812] __driver_attach -- functionpoint
[    5.810968] __driver_attach -- functionpoint
[    5.811123] __driver_attach -- functionpoint
[    5.811279] __driver_attach -- functionpoint
[    5.811435] __driver_attach -- functionpoint
[    5.811591] __driver_attach -- functionpoint
[    5.811747] __driver_attach -- functionpoint
[    5.811904] __driver_attach -- functionpoint
[    5.812106] __driver_attach -- functionpoint
[    5.812269] __driver_attach -- functionpoint
[    5.812426] __driver_attach -- functionpoint
[    5.812583] __driver_attach -- functionpoint
[    5.812739] __driver_attach -- functionpoint
[    5.812897] __driver_attach -- functionpoint
[    5.813054] __driver_attach -- functionpoint
[    5.813211] __driver_attach -- functionpoint
[    5.813368] __driver_attach -- functionpoint
[    5.813526] __driver_attach -- functionpoint
[    5.813684] __driver_attach -- functionpoint
[    5.813841] __driver_attach -- functionpoint
[    5.813999] __driver_attach -- functionpoint
[    5.814157] __driver_attach -- functionpoint
[    5.814315] __driver_attach -- functionpoint
[    5.814473] __driver_attach -- functionpoint
[    5.814631] __driver_attach -- functionpoint
[    5.814789] __driver_attach -- functionpoint
[    5.814947] __driver_attach -- functionpoint
[    5.815105] __driver_attach -- functionpoint
[    5.815262] __driver_attach -- functionpoint
[    5.815421] __driver_attach -- functionpoint
[    5.815579] __driver_attach -- functionpoint
[    5.815737] __driver_attach -- functionpoint
[    5.815895] __driver_attach -- functionpoint
[    5.816088] __driver_attach -- functionpoint
[    5.816245] __driver_attach -- functionpoint
[    5.816403] __driver_attach -- functionpoint
[    5.816561] __driver_attach -- functionpoint
[    5.816722] __driver_attach -- functionpoint
[    5.816880] __driver_attach -- functionpoint
[    5.817038] __driver_attach -- functionpoint
[    5.817196] __driver_attach -- functionpoint
[    5.817354] __driver_attach -- functionpoint
[    5.817512] __driver_attach -- functionpoint
[    5.817669] __driver_attach -- functionpoint
[    5.817827] __driver_attach -- functionpoint
[    5.817985] __driver_attach -- functionpoint
[    5.818143] __driver_attach -- functionpoint
[    5.818301] __driver_attach -- functionpoint
[    5.818459] __driver_attach -- functionpoint
[    5.818615] __driver_attach -- functionpoint
[    5.818762] __driver_attach -- functionpoint
[    5.818898] __driver_attach -- functionpoint
[    5.819023] __driver_attach -- functionpoint
[    5.819148] __driver_attach -- functionpoint
[    5.819273] __driver_attach -- functionpoint
[    5.819399] __driver_attach -- functionpoint
[    5.819524] __driver_attach -- functionpoint
[    5.819649] __driver_attach -- functionpoint
[    5.819775] __driver_attach -- functionpoint
[    5.819900] __driver_attach -- functionpoint
[    5.820070] __driver_attach -- functionpoint
[    5.820196] __driver_attach -- functionpoint
[    5.820321] __driver_attach -- functionpoint
[    5.820446] __driver_attach -- functionpoint
[    5.820571] __driver_attach -- functionpoint
[    5.820696] __driver_attach -- functionpoint
[    5.820821] __driver_attach -- functionpoint
[    5.820946] __driver_attach -- functionpoint
[    5.821071] __driver_attach -- functionpoint
[    5.821196] __driver_attach -- functionpoint
[    5.821321] __driver_attach -- functionpoint
[    5.821446] __driver_attach -- functionpoint
[    5.821571] __driver_attach -- functionpoint
[    5.821696] __driver_attach -- functionpoint
[    5.821827] __driver_attach -- functionpoint
[    5.821952] __driver_attach -- functionpoint
[    5.822077] __driver_attach -- functionpoint
[    5.822201] __driver_attach -- functionpoint
[    5.822326] __driver_attach -- functionpoint
[    5.822451] __driver_attach -- functionpoint
[    5.822576] __driver_attach -- functionpoint
[    5.822701] __driver_attach -- functionpoint
[    5.822826] __driver_attach -- functionpoint
[    5.822950] __driver_attach -- functionpoint
[    5.823075] __driver_attach -- functionpoint
[    5.823200] __driver_attach -- functionpoint
[    5.823325] __driver_attach -- functionpoint
[    5.823449] __driver_attach -- functionpoint
[    5.823574] __driver_attach -- functionpoint
[    5.823699] __driver_attach -- functionpoint
[    5.823824] __driver_attach -- functionpoint
[    5.823948] __driver_attach -- functionpoint
[    5.824123] __driver_attach -- functionpoint
[    5.824248] __driver_attach -- functionpoint
[    5.824373] __driver_attach -- functionpoint
[    5.824498] __driver_attach -- functionpoint
[    5.824622] __driver_attach -- functionpoint
[    5.824747] __driver_attach -- functionpoint
[    5.824872] __driver_attach -- functionpoint
[    5.824996] __driver_attach -- functionpoint
[    5.825121] __driver_attach -- functionpoint
[    5.825245] __driver_attach -- functionpoint
[    5.825377] __driver_attach -- functionpoint
[    5.825501] __driver_attach -- functionpoint
[    5.825626] __driver_attach -- functionpoint
[    5.825751] __driver_attach -- functionpoint
[    5.825876] __driver_attach -- functionpoint
[    5.826000] __driver_attach -- functionpoint
[    5.826125] __driver_attach -- functionpoint
[    5.826249] __driver_attach -- functionpoint
[    5.826374] __driver_attach -- functionpoint
[    5.826498] __driver_attach -- functionpoint
[    5.826623] __driver_attach -- functionpoint
[    5.826748] __driver_attach -- functionpoint
[    5.826873] __driver_attach -- functionpoint
[    5.826997] __driver_attach -- functionpoint
[    5.827121] __driver_attach -- functionpoint
[    5.827246] __driver_attach -- functionpoint
[    5.827371] __driver_attach -- functionpoint
[    5.827495] __driver_attach -- functionpoint
[    5.827620] __driver_attach -- functionpoint
[    5.827744] __driver_attach -- functionpoint
[    5.827869] __driver_attach -- functionpoint
[    5.827993] __driver_attach -- functionpoint
[    5.828158] __driver_attach -- functionpoint
[    5.828282] __driver_attach -- functionpoint
[    5.828407] __driver_attach -- functionpoint
[    5.828531] __driver_attach -- functionpoint
[    5.828656] __driver_attach -- functionpoint
[    5.828780] __driver_attach -- functionpoint
[    5.828904] __driver_attach -- functionpoint
[    5.829029] __driver_attach -- functionpoint
[    5.829153] __driver_attach -- functionpoint
[    5.829278] __driver_attach -- functionpoint
[    5.829403] __driver_attach -- functionpoint
[    5.829527] __driver_attach -- functionpoint
[    5.829652] __driver_attach -- functionpoint
[    5.829776] __driver_attach -- functionpoint
[    5.829901] __driver_attach -- functionpoint
[    5.830025] __driver_attach -- functionpoint
[    5.830149] __driver_attach -- functionpoint
[    5.830274] __driver_attach -- functionpoint
[    5.830399] __driver_attach -- functionpoint
[    5.830524] __driver_attach -- functionpoint
[    5.830649] __driver_attach -- functionpoint
[    5.830773] __driver_attach -- functionpoint
[    5.830898] __driver_attach -- functionpoint
[    5.831023] __driver_attach -- functionpoint
[    5.831154] __driver_attach -- functionpoint
[    5.831279] __driver_attach -- functionpoint
[    5.831404] __driver_attach -- functionpoint
[    5.831529] __driver_attach -- functionpoint
[    5.831654] __driver_attach -- functionpoint
[    5.831779] __driver_attach -- functionpoint
[    5.831904] __driver_attach -- functionpoint
[    5.832075] __driver_attach -- functionpoint
[    5.832199] __driver_attach -- functionpoint
[    5.832324] __driver_attach -- functionpoint
[    5.832449] __driver_attach -- functionpoint
[    5.832575] __driver_attach -- functionpoint
[    5.832699] __driver_attach -- functionpoint
[    5.832824] __driver_attach -- functionpoint
[    5.832949] __driver_attach -- functionpoint
[    5.833074] __driver_attach -- functionpoint
[    5.833198] __driver_attach -- functionpoint
[    5.833323] __driver_attach -- functionpoint
[    5.833448] __driver_attach -- functionpoint
[    5.833573] __driver_attach -- functionpoint
[    5.833698] __driver_attach -- functionpoint
[    5.833825] __driver_attach -- functionpoint
[    5.833950] __driver_attach -- functionpoint
[    5.834075] __driver_attach -- functionpoint
[    5.834199] __driver_attach -- functionpoint
[    5.834324] __driver_attach -- functionpoint
[    5.834449] __driver_attach -- functionpoint
[    5.834574] __driver_attach -- functionpoint
[    5.834706] __driver_attach -- functionpoint
[    5.834831] really_probe -- functionpoint
[    5.834957] functionpoint -- bus: 'acpi': really_probe: probing driver button with device PNP0C0E:00
[    5.835285] input: Sleep Button as /devices/LNXSYSTM:00/LNXSYBUS:00/PNP0C0E:00/input/input0
[    5.835300] ACPI: Sleep Button [SLPB]
[    5.835305] __driver_attach -- functionpoint
[    5.835305] __driver_attach -- functionpoint
[    5.835479] __driver_attach -- functionpoint
[    5.835652] really_probe -- functionpoint
[    5.835825] functionpoint -- bus: 'acpi': really_probe: probing driver button with device PNP0C0C:00
[    5.836287] input: Power Button as /devices/LNXSYSTM:00/LNXSYBUS:00/PNP0C0C:00/input/input1
[    5.836302] ACPI: Power Button [PWRB]
[    5.836305] __driver_attach -- functionpoint
[    5.836305] __driver_attach -- functionpoint
[    5.836526] __driver_attach -- functionpoint
[    5.836746] __driver_attach -- functionpoint
[    5.836966] __driver_attach -- functionpoint
[    5.837186] __driver_attach -- functionpoint
[    5.837405] __driver_attach -- functionpoint
[    5.837624] __driver_attach -- functionpoint
[    5.837844] __driver_attach -- functionpoint
[    5.838063] __driver_attach -- functionpoint
[    5.838281] __driver_attach -- functionpoint
[    5.838500] __driver_attach -- functionpoint
[    5.838720] __driver_attach -- functionpoint
[    5.838939] __driver_attach -- functionpoint
[    5.839158] __driver_attach -- functionpoint
[    5.839379] __driver_attach -- functionpoint
[    5.839598] __driver_attach -- functionpoint
[    5.839820] __driver_attach -- functionpoint
[    5.840084] __driver_attach -- functionpoint
[    5.840304] __driver_attach -- functionpoint
[    5.840523] __driver_attach -- functionpoint
[    5.840743] __driver_attach -- functionpoint
[    5.840962] __driver_attach -- functionpoint
[    5.841180] __driver_attach -- functionpoint
[    5.841399] __driver_attach -- functionpoint
[    5.841618] __driver_attach -- functionpoint
[    5.841837] really_probe -- functionpoint
[    5.842056] functionpoint -- bus: 'acpi': really_probe: probing driver button with device LNXPWRBN:00
[    5.842562] input: Power Button as /devices/LNXSYSTM:00/LNXPWRBN:00/input/input2
[    5.842758] ACPI: Power Button [PWRF]
[    5.842774] driver_register -- functionpoint
[    5.842775] bus_add_driver -- functionpoint
[    5.843046] functionpoint -- bus: 'platform': add driver acpi-fan
[    5.843613] __driver_attach -- functionpoint
