[    0.000000]   DMA zone: 64 pages used for memmap
[    0.000000]   DMA zone: 21 pages reserved
[    0.000000]   DMA zone: 3998 pages, LIFO batch:0
[    0.000000]   DMA32 zone: 12123 pages used for memmap
[    0.000000]   DMA32 zone: 775852 pages, LIFO batch:31
[    0.000000]   Normal zone: 51680 pages used for memmap
[    0.000000]   Normal zone: 3307520 pages, LIFO batch:31
[    0.000000] Reserved but unavailable: 99 pages
[    0.000000] tboot: non-0 tboot_addr but it is not of type E820_TYPE_RESERVED
[    0.000000] ACPI: PM-Timer IO Port: 0x1808
[    0.000000] ACPI: Local APIC address 0xfee00000
[    0.000000] ACPI: LAPIC_NMI (acpi_id[0x01] high edge lint[0x1])
[    0.000000] ACPI: LAPIC_NMI (acpi_id[0x02] high edge lint[0x1])
[    0.000000] ACPI: LAPIC_NMI (acpi_id[0x03] high edge lint[0x1])
[    0.000000] ACPI: LAPIC_NMI (acpi_id[0x04] high edge lint[0x1])
[    0.000000] ACPI: LAPIC_NMI (acpi_id[0x05] high edge lint[0x1])
[    0.000000] ACPI: LAPIC_NMI (acpi_id[0x06] high edge lint[0x1])
[    0.000000] ACPI: LAPIC_NMI (acpi_id[0x07] high edge lint[0x1])
[    0.000000] ACPI: LAPIC_NMI (acpi_id[0x08] high edge lint[0x1])
[    0.000000] ACPI: LAPIC_NMI (acpi_id[0x09] high edge lint[0x1])
[    0.000000] ACPI: LAPIC_NMI (acpi_id[0x0a] high edge lint[0x1])
[    0.000000] ACPI: LAPIC_NMI (acpi_id[0x0b] high edge lint[0x1])
[    0.000000] ACPI: LAPIC_NMI (acpi_id[0x0c] high edge lint[0x1])
[    0.000000] ACPI: LAPIC_NMI (acpi_id[0x0d] high edge lint[0x1])
[    0.000000] ACPI: LAPIC_NMI (acpi_id[0x0e] high edge lint[0x1])
[    0.000000] ACPI: LAPIC_NMI (acpi_id[0x0f] high edge lint[0x1])
[    0.000000] ACPI: LAPIC_NMI (acpi_id[0x10] high edge lint[0x1])
[    0.000000] IOAPIC[0]: apic_id 2, version 32, address 0xfec00000, GSI 0-119
[    0.000000] ACPI: INT_SRC_OVR (bus 0 bus_irq 0 global_irq 2 dfl dfl)
[    0.000000] ACPI: INT_SRC_OVR (bus 0 bus_irq 9 global_irq 9 high level)
[    0.000000] ACPI: IRQ0 used by override.
[    0.000000] ACPI: IRQ9 used by override.
[    0.000000] Using ACPI (MADT) for SMP configuration information
[    0.000000] ACPI: HPET id: 0x8086a201 base: 0xfed00000
[    0.000000] smpboot: Allowing 8 CPUs, 0 hotplug CPUs
[    0.000000] PM: Registered nosave memory: [mem 0x00000000-0x00000fff]
[    0.000000] PM: Registered nosave memory: [mem 0x0009f000-0x000fffff]
[    0.000000] PM: Registered nosave memory: [mem 0xbe6ab000-0xbf98efff]
[    0.000000] PM: Registered nosave memory: [mem 0xbf98f000-0xbfb8efff]
[    0.000000] PM: Registered nosave memory: [mem 0xbfb8f000-0xbfc0efff]
[    0.000000] PM: Registered nosave memory: [mem 0xbfc10000-0xd47fffff]
[    0.000000] PM: Registered nosave memory: [mem 0xd4800000-0xfe00ffff]
[    0.000000] PM: Registered nosave memory: [mem 0xfe010000-0xfe010fff]
[    0.000000] PM: Registered nosave memory: [mem 0xfe011000-0xfeffffff]
[    0.000000] PM: Registered nosave memory: [mem 0xff000000-0xffffffff]
[    0.000000] e820: [mem 0xd4800000-0xfe00ffff] available for PCI devices
[    0.000000] Booting paravirtualized kernel on bare hardware
[    0.000000] clocksource: refined-jiffies: mask: 0xffffffff max_cycles: 0xffffffff, max_idle_ns: 7645519600211568 ns
[    0.000000] setup_percpu: NR_CPUS:8192 nr_cpumask_bits:8 nr_cpu_ids:8 nr_node_ids:1
[    0.000000] percpu: Embedded 46 pages/cpu @        (ptrval) s151552 r8192 d28672 u262144
[    0.000000] pcpu-alloc: s151552 r8192 d28672 u262144 alloc=1*2097152
[    0.000000] pcpu-alloc: [0] 0 1 2 3 4 5 6 7 
[    0.000000] Built 1 zonelists, mobility grouping on.  Total pages: 4023482
[    0.000000] Policy zone: Normal
[    0.000000] Kernel command line: BOOT_IMAGE=/boot/vmlinuz-4.15.9+ root=UUID=da0e40f1-3840-43a9-b61a-7b465a7673d3 ro quiet splash vt.handoff=7
[    0.000000] Calgary: detecting Calgary via BIOS EBDA area
[    0.000000] Calgary: Unable to locate Rio Grande table in EBDA - bailing!
[    0.000000] Memory: 15485636K/16349480K available (12300K kernel code, 2470K rwdata, 4192K rodata, 2388K init, 2416K bss, 863844K reserved, 0K cma-reserved)
[    0.000000] SLUB: HWalign=64, Order=0-3, MinObjects=0, CPUs=8, Nodes=1
[    0.000000] ftrace: allocating 38976 entries in 153 pages
[    0.000000] Hierarchical RCU implementation.
[    0.000000] 	RCU restricting CPUs from NR_CPUS=8192 to nr_cpu_ids=8.
[    0.000000] 	Tasks RCU enabled.
[    0.000000] RCU: Adjusting geometry for rcu_fanout_leaf=16, nr_cpu_ids=8
[    0.000000] NR_IRQS: 524544, nr_irqs: 2048, preallocated irqs: 16
[    0.000000] Console: colour dummy device 80x25
[    0.000000] console [tty0] enabled
[    0.000000] ACPI: Core revision 20170831
[    0.000000] ACPI Error: [\_SB_.PCI0.XHC_.RHUB.HS11] Namespace lookup failure, AE_NOT_FOUND (20170831/dswload-210)
[    0.000000] ACPI Exception: AE_NOT_FOUND, During name lookup/catalog (20170831/psobject-252)
[    0.000000] ACPI Exception: AE_NOT_FOUND, (SSDT:HP_XHC_P) while loading table (20170831/tbxfload-228)
[    0.000000] ACPI Error: 1 table load failures, 10 successful (20170831/tbxfload-246)
[    0.000000] clocksource: hpet: mask: 0xffffffff max_cycles: 0xffffffff, max_idle_ns: 79635855245 ns
[    0.000000] hpet clockevent registered
[    0.004000] APIC: Switch to symmetric I/O mode setup
[    0.004000] DMAR: Host address width 39
[    0.004000] DMAR: DRHD base: 0x000000fed90000 flags: 0x0
[    0.004000] DMAR: dmar0: reg_base_addr fed90000 ver 1:0 cap 1c0000c40660462 ecap 19e2ff0505e
[    0.004000] DMAR: DRHD base: 0x000000fed91000 flags: 0x1
[    0.004000] DMAR: dmar1: reg_base_addr fed91000 ver 1:0 cap d2008c40660462 ecap f050da
[    0.004000] DMAR: RMRR base: 0x000000bf81d000 end: 0x000000bf83cfff
[    0.004000] DMAR: RMRR base: 0x000000c4000000 end: 0x000000d47fffff
[    0.004000] DMAR: RMRR base: 0x000000bf86e000 end: 0x000000bf8edfff
[    0.004000] DMAR-IR: IOAPIC id 2 under DRHD base  0xfed91000 IOMMU 1
[    0.004000] DMAR-IR: HPET id 0 under DRHD base 0xfed91000
[    0.004000] DMAR-IR: Queued invalidation will be enabled to support x2apic and Intr-remapping.
[    0.004000] DMAR-IR: Enabled IRQ remapping in x2apic mode
[    0.004000] x2apic enabled
[    0.004000] Switched APIC routing to cluster x2apic.
[    0.016000] ..TIMER: vector=0x30 apic1=0 pin1=2 apic2=-1 pin2=-1
[    0.036000] tsc: Detected 3000.000 MHz processor
[    0.036000] Calibrating delay loop (skipped), value calculated using timer frequency.. 6000.00 BogoMIPS (lpj=12000000)
[    0.036000] pid_max: default: 32768 minimum: 301
[    0.036000] Security Framework initialized
[    0.036000] Yama: becoming mindful.
[    0.036000] AppArmor: AppArmor initialized
[    0.036000] Dentry cache hash table entries: 2097152 (order: 12, 16777216 bytes)
[    0.036000] Inode-cache hash table entries: 1048576 (order: 11, 8388608 bytes)
[    0.036000] Mount-cache hash table entries: 32768 (order: 6, 262144 bytes)
[    0.036000] Mountpoint-cache hash table entries: 32768 (order: 6, 262144 bytes)
[    0.036000] CPU: Physical Processor ID: 0
[    0.036000] CPU: Processor Core ID: 0
[    0.036000] ENERGY_PERF_BIAS: Set to 'normal', was 'performance'
[    0.036000] ENERGY_PERF_BIAS: View and update with x86_energy_perf_policy(8)
[    0.036000] mce: CPU supports 14 MCE banks
[    0.036000] CPU0: Thermal monitoring enabled (TM1)
[    0.036000] process: using mwait in idle threads
[    0.036000] Last level iTLB entries: 4KB 128, 2MB 8, 4MB 8
[    0.036000] Last level dTLB entries: 4KB 64, 2MB 0, 4MB 0, 1GB 4
[    0.036000] Spectre V2 : Mitigation: Full generic retpoline
[    0.036000] Spectre V2 : Spectre v2 mitigation: Filling RSB on context switch
[    0.036000] Spectre V2 : Spectre v2 mitigation: Enabling Indirect Branch Prediction Barrier
[    0.036000] Freeing SMP alternatives memory: 36K
[    0.042155] TSC deadline timer enabled
[    0.042166] smpboot: CPU0: Intel(R) Core(TM) i7-9700 CPU @ 3.00GHz (family: 0x6, model: 0x9e, stepping: 0xd)
[    0.042218] Performance Events: PEBS fmt3+, Skylake events, 32-deep LBR, full-width counters, Intel PMU driver.
[    0.042247] ... version:                4
[    0.042247] ... bit width:              48
[    0.042248] ... generic registers:      8
[    0.042248] ... value mask:             0000ffffffffffff
[    0.042249] ... max period:             00007fffffffffff
[    0.042249] ... fixed-purpose events:   3
[    0.042250] ... event mask:             00000007000000ff
[    0.042280] Hierarchical SRCU implementation.
[    0.043220] NMI watchdog: Enabled. Permanently consumes one hw-PMU counter.
[    0.043230] smp: Bringing up secondary CPUs ...
[    0.043290] x86: Booting SMP configuration:
[    0.043291] .... node  #0, CPUs:      #1 #2 #3 #4 #5 #6 #7
[    0.053469] smp: Brought up 1 node, 8 CPUs
[    0.053469] smpboot: Max logical packages: 1
[    0.053469] smpboot: Total of 8 processors activated (48000.00 BogoMIPS)
[    0.056282] devtmpfs: initialized
[    0.056282] x86/mm: Memory block size: 128MB
[    0.057016] evm: security.selinux
[    0.057016] evm: security.SMACK64
[    0.057017] evm: security.SMACK64EXEC
[    0.057017] evm: security.SMACK64TRANSMUTE
[    0.057017] evm: security.SMACK64MMAP
[    0.057018] evm: security.apparmor
[    0.057018] evm: security.ima
[    0.057019] evm: security.capability
[    0.057032] PM: Registering ACPI NVS region [mem 0xbf98f000-0xbfb8efff] (2097152 bytes)
[    0.057032] clocksource: jiffies: mask: 0xffffffff max_cycles: 0xffffffff, max_idle_ns: 7645041785100000 ns
[    0.057032] futex hash table entries: 2048 (order: 5, 131072 bytes)
[    0.057032] pinctrl core: initialized pinctrl subsystem
[    0.057032] driver_register -- functionpoint
[    0.057032] bus_add_driver -- functionpoint
[    0.057032] functionpoint -- bus: 'platform': add driver reg-dummy
[    0.057032] __driver_attach -- functionpoint
[    0.057032] really_probe -- functionpoint
[    0.057032] functionpoint -- bus: 'platform': really_probe: probing driver reg-dummy with device reg-dummy
[    0.057032] RTC time:  2:08:01, date: 09/25/20
[    0.057032] NET: Registered protocol family 16
[    0.057032] audit: initializing netlink subsys (disabled)
[    0.057032] audit: type=2000 audit(1600999681.056:1): state=initialized audit_enabled=0 res=1
[    0.057032] driver_register -- functionpoint
[    0.057032] bus_add_driver -- functionpoint
[    0.057032] functionpoint -- bus: 'platform': add driver sram
[    0.057032] __driver_attach -- functionpoint
[    0.057032] driver_register -- functionpoint
[    0.057032] bus_add_driver -- functionpoint
[    0.057032] functionpoint -- bus: 'platform': add driver syscon
[    0.057032] __driver_attach -- functionpoint
[    0.057032] driver_register -- functionpoint
[    0.057032] bus_add_driver -- functionpoint
[    0.057032] functionpoint -- bus: 'i2c': add driver dummy
[    0.057032] cpuidle: using governor ladder
[    0.057032] cpuidle: using governor menu
[    0.057032] ACPI FADT declares the system doesn't support PCIe ASPM, so disable it
[    0.057032] ACPI: bus type PCI registered
[    0.057032] acpiphp: ACPI Hot Plug PCI Controller Driver version: 0.5
[    0.057032] start pci_arch_init -- functionpoint
[    0.057032] PCI: MMCONFIG for domain 0000 [bus 00-3f] at [mem 0xf8000000-0xfbffffff] (base 0xf8000000)
[    0.057032] PCI: not using MMCONFIG
[    0.057032] PCI: Using configuration type 1 for base access
[    0.057032] end pci_arch_init -- functionpoint
[    0.057126] HugeTLB registered 1.00 GiB page size, pre-allocated 0 pages
[    0.057126] HugeTLB registered 2.00 MiB page size, pre-allocated 0 pages
[    0.057127] driver_register -- functionpoint
[    0.057127] bus_add_driver -- functionpoint
[    0.057127] functionpoint -- bus: 'i2c': add driver sx150x-pinctrl
[    0.057127] driver_register -- functionpoint
[    0.057127] bus_add_driver -- functionpoint
[    0.057127] functionpoint -- bus: 'platform': add driver byt_gpio
[    0.057127] __driver_attach -- functionpoint
[    0.057127] driver_register -- functionpoint
[    0.057127] bus_add_driver -- functionpoint
[    0.057127] functionpoint -- bus: 'platform': add driver cherryview-pinctrl
[    0.057127] __driver_attach -- functionpoint
[    0.057127] driver_register -- functionpoint
[    0.057127] bus_add_driver -- functionpoint
[    0.057127] functionpoint -- bus: 'platform': add driver lp_gpio
[    0.057127] __driver_attach -- functionpoint
[    0.057127] driver_register -- functionpoint
[    0.057127] bus_add_driver -- functionpoint
[    0.057127] functionpoint -- bus: 'platform': add driver rc5t583-gpio
[    0.057127] __driver_attach -- functionpoint
[    0.057127] driver_register -- functionpoint
[    0.057127] bus_add_driver -- functionpoint
[    0.057127] functionpoint -- bus: 'platform': add driver palmas-gpio
[    0.057127] __driver_attach -- functionpoint
[    0.057127] driver_register -- functionpoint
[    0.057127] bus_add_driver -- functionpoint
[    0.057127] functionpoint -- bus: 'platform': add driver tps6586x-gpio
[    0.057127] __driver_attach -- functionpoint
[    0.057127] driver_register -- functionpoint
[    0.057127] bus_add_driver -- functionpoint
[    0.057127] functionpoint -- bus: 'platform': add driver tps65910-gpio
[    0.057127] __driver_attach -- functionpoint
[    0.057127] ACPI: Added _OSI(Module Device)
[    0.057127] ACPI: Added _OSI(Processor Device)
[    0.057127] ACPI: Added _OSI(3.0 _SCP Extensions)
[    0.057127] ACPI: Added _OSI(Processor Aggregator Device)
[    0.061864] ACPI: Executed 30 blocks of module-level executable AML code
[    0.072041] ACPI: [Firmware Bug]: BIOS _OSI(Linux) query ignored
[    0.080120] ACPI: Dynamic OEM Table Load:
[    0.080131] ACPI: SSDT 0xFFFFA08D94FB3100 0000F4 (v02 PmRef  Cpu0Psd  00003000 INTL 20160527)
[    0.080354] ACPI: Executed 1 blocks of module-level executable AML code
[    0.080476] ACPI: \_SB_.PR00: _OSC native thermal LVT Acked
[    0.081438] ACPI: Dynamic OEM Table Load:
[    0.081444] ACPI: SSDT 0xFFFFA08D94FB9C00 000400 (v02 PmRef  Cpu0Cst  00003001 INTL 20160527)
[    0.081660] ACPI: Executed 1 blocks of module-level executable AML code
[    0.081898] ACPI: Dynamic OEM Table Load:
[    0.081904] ACPI: SSDT 0xFFFFA08D94EF4800 000605 (v02 PmRef  Cpu0Ist  00003000 INTL 20160527)
[    0.082100] ACPI: Executed 1 blocks of module-level executable AML code
[    0.082294] ACPI: Dynamic OEM Table Load:
[    0.082299] ACPI: SSDT 0xFFFFA08D94F36000 000149 (v02 PmRef  Cpu0Hwp  00003000 INTL 20160527)
[    0.082481] ACPI: Executed 2 blocks of module-level executable AML code
[    0.082657] ACPI: Dynamic OEM Table Load:
[    0.082663] ACPI: SSDT 0xFFFFA08D94EF2800 000724 (v02 PmRef  HwpLvt   00003000 INTL 20160527)
[    0.082832] ACPI: Executed 1 blocks of module-level executable AML code
[    0.083331] ACPI: Dynamic OEM Table Load:
[    0.083337] ACPI: SSDT 0xFFFFA08D94EF3000 0005FC (v02 PmRef  ApIst    00003000 INTL 20160527)
[    0.083732] ACPI: Executed 1 blocks of module-level executable AML code
[    0.083929] ACPI: Dynamic OEM Table Load:
[    0.083934] ACPI: SSDT 0xFFFFA08D94FB9400 000317 (v02 PmRef  ApHwp    00003000 INTL 20160527)
[    0.084205] ACPI: Executed 1 blocks of module-level executable AML code
[    0.084532] ACPI: Dynamic OEM Table Load:
[    0.084537] ACPI: SSDT 0xFFFFA08D97147000 000AB0 (v02 PmRef  ApPsd    00003000 INTL 20160527)
[    0.085385] ACPI: Executed 1 blocks of module-level executable AML code
[    0.085585] ACPI: Dynamic OEM Table Load:
[    0.085590] ACPI: SSDT 0xFFFFA08D94FB9800 00030A (v02 PmRef  ApCst    00003000 INTL 20160527)
[    0.085860] ACPI: Executed 1 blocks of module-level executable AML code
[    0.088826] ACPI: EC: EC started
[    0.088826] ACPI: EC: interrupt blocked
[    0.088843] ACPI: \_SB_.PCI0.LPCB.EC0_: Used as first EC
[    0.088844] ACPI: \_SB_.PCI0.LPCB.EC0_: GPE=0x6e, EC_CMD/EC_SC=0x66, EC_DATA=0x62
[    0.088845] ACPI: \_SB_.PCI0.LPCB.EC0_: Used as boot DSDT EC to handle transactions
[    0.088846] ACPI: Interpreter enabled
[    0.088894] ACPI: (supports S0 S3 S4 S5)
[    0.088895] ACPI: Using IOAPIC for interrupt routing
[    0.088935] PCI: MMCONFIG for domain 0000 [bus 00-3f] at [mem 0xf8000000-0xfbffffff] (base 0xf8000000)
[    0.091592] PCI: MMCONFIG at [mem 0xf8000000-0xfbffffff] reserved in ACPI motherboard resources
[    0.091599] PCI: Using host bridge windows from ACPI; if necessary, use "pci=nocrs" and report a bug
[    0.091988] driver_register -- functionpoint
[    0.091989] bus_add_driver -- functionpoint
[    0.091992] functionpoint -- bus: 'platform': add driver clk-lpt
[    0.091995] __driver_attach -- functionpoint
[    0.092050] ACPI: Enabled 4 GPEs in block 00 to 7F
[    0.092053] acpi_bus_scan -- functionpoint
[    0.098985] ACPI: Power Resource [USBC] (on)
[    0.099810] ACPI: Power Resource [WRST] (on)
[    0.100227] ACPI: Power Resource [WRST] (on)
[    0.100630] ACPI: Power Resource [WRST] (on)
[    0.101036] ACPI: Power Resource [WRST] (on)
[    0.101448] ACPI: Power Resource [WRST] (on)
[    0.101849] ACPI: Power Resource [WRST] (on)
[    0.102253] ACPI: Power Resource [WRST] (on)
[    0.102658] ACPI: Power Resource [WRST] (on)
[    0.103064] ACPI: Power Resource [WRST] (on)
[    0.103463] ACPI: Power Resource [WRST] (on)
[    0.103866] ACPI: Power Resource [WRST] (on)
[    0.104273] ACPI: Power Resource [WRST] (on)
[    0.104674] ACPI: Power Resource [WRST] (on)
[    0.105077] ACPI: Power Resource [WRST] (on)
[    0.105488] ACPI: Power Resource [WRST] (on)
[    0.105888] ACPI: Power Resource [WRST] (on)
[    0.106292] ACPI: Power Resource [WRST] (on)
[    0.106699] ACPI: Power Resource [WRST] (on)
[    0.107109] ACPI: Power Resource [WRST] (on)
[    0.107521] ACPI: Power Resource [WRST] (on)
[    0.109234] ACPI: Power Resource [V0PR] (on)
[    0.109448] ACPI: Power Resource [V1PR] (on)
[    0.109658] ACPI: Power Resource [V2PR] (on)
[    0.114269] ACPI: Power Resource [WRST] (on)
[    0.116474] acpi_pci_root_add -- functionpoint
[    0.116867] ACPI: PCI Root Bridge [PCI0] (domain 0000 [bus 00-3e])
[    0.116870] ACPI: functionpoint -- PCI Root Bridge [PCI0] (domain 0000 [bus 00-3e])
[    0.116876] acpi PNP0A08:00: _OSC: OS supports [ExtendedConfig ASPM ClockPM Segments MSI]
[    0.120266] acpi PNP0A08:00: _OSC: OS now controls [PCIeHotplug PME AER PCIeCapability]
[    0.120267] acpi PNP0A08:00: FADT indicates ASPM is unsupported, using BIOS configuration
[    0.120281] pci_acpi_scan_root -- functionpoint
[    0.120282] pci_do_find_bus -- functionpoint
[    0.120284] pci_find_next_bus -- functionpoint
[    0.120680] pci_do_find_bus -- functionpoint
[    0.120682] pci_find_next_bus -- functionpoint
[    0.123117] PCI host bridge to bus 0000:00
[    0.123120] pci_bus 0000:00: root bus resource [io  0x0000-0x0cf7 window]
[    0.123122] pci_bus 0000:00: root bus resource [io  0x0d00-0xffff window]
[    0.123123] pci_bus 0000:00: root bus resource [mem 0x000a0000-0x000bffff window]
[    0.123124] pci_bus 0000:00: root bus resource [mem 0xd4800000-0xf7ffffff window]
[    0.123125] pci_bus 0000:00: root bus resource [mem 0x4000000000-0x7fffffffff window]
[    0.123126] pci_bus 0000:00: root bus resource [mem 0xfc800000-0xfe7fffff window]
[    0.123127] pci_bus 0000:00: root bus resource [bus 00-3e]
[    0.123134] pci 0000:00:00.0: [8086:3e30] type 00 class 0x060000
[    0.124183] pci 0000:00:02.0: [8086:3e98] type 00 class 0x030000
[    0.124192] pci 0000:00:02.0: reg 0x10: [mem 0xf0000000-0xf0ffffff 64bit]
[    0.124197] pci 0000:00:02.0: reg 0x18: [mem 0xe0000000-0xefffffff 64bit pref]
[    0.124201] pci 0000:00:02.0: reg 0x20: [io  0x4000-0x403f]
[    0.124213] pci 0000:00:02.0: BAR 2: assigned to efifb
[    0.125413] pci 0000:00:12.0: [8086:a379] type 00 class 0x118000
[    0.125442] pci 0000:00:12.0: reg 0x10: [mem 0x4000107000-0x4000107fff 64bit]
[    0.126602] pci 0000:00:14.0: [8086:a36d] type 00 class 0x0c0330
[    0.126636] pci 0000:00:14.0: reg 0x10: [mem 0xf1220000-0xf122ffff 64bit]
[    0.126739] pci 0000:00:14.0: PME# supported from D3hot D3cold
[    0.127835] pci 0000:00:14.2: [8086:a36f] type 00 class 0x050000
[    0.127861] pci 0000:00:14.2: reg 0x10: [mem 0xf1232000-0xf1233fff 64bit]
[    0.127876] pci 0000:00:14.2: reg 0x18: [mem 0x4000106000-0x4000106fff 64bit]
[    0.128991] pci 0000:00:16.0: [8086:a360] type 00 class 0x078000
[    0.129022] pci 0000:00:16.0: reg 0x10: [mem 0x4000105000-0x4000105fff 64bit]
[    0.129111] pci 0000:00:16.0: PME# supported from D3hot
[    0.130208] pci 0000:00:16.3: [8086:a363] type 00 class 0x070002
[    0.130231] pci 0000:00:16.3: reg 0x10: [io  0x4088-0x408f]
[    0.130239] pci 0000:00:16.3: reg 0x14: [mem 0xf1237000-0xf1237fff]
[    0.131374] pci 0000:00:17.0: [8086:a352] type 00 class 0x010601
[    0.131402] pci 0000:00:17.0: reg 0x10: [mem 0xf1230000-0xf1231fff]
[    0.131413] pci 0000:00:17.0: reg 0x14: [mem 0xf1236000-0xf12360ff]
[    0.131424] pci 0000:00:17.0: reg 0x18: [io  0x4080-0x4087]
[    0.131435] pci 0000:00:17.0: reg 0x1c: [io  0x4090-0x4093]
[    0.131447] pci 0000:00:17.0: reg 0x20: [io  0x4060-0x407f]
[    0.131458] pci 0000:00:17.0: reg 0x24: [mem 0xf1235000-0xf12357ff]
[    0.131520] pci 0000:00:17.0: PME# supported from D3hot
[    0.132655] pci 0000:00:1b.0: [8086:a32c] type 01 class 0x060400
[    0.132798] pci 0000:00:1b.0: PME# supported from D0 D3hot D3cold
[    0.132836] pci 0000:00:1b.0: PTM enabled (root), 4dns granularity
[    0.134004] pci 0000:00:1c.0: [8086:a33e] type 01 class 0x060400
[    0.134149] pci 0000:00:1c.0: PME# supported from D0 D3hot D3cold
[    0.134184] pci 0000:00:1c.0: PTM enabled (root), 4dns granularity
[    0.135363] pci 0000:00:1f.0: [8086:a306] type 00 class 0x060100
[    0.136540] pci 0000:00:1f.3: [8086:a348] type 00 class 0x040300
[    0.136612] pci 0000:00:1f.3: reg 0x10: [mem 0x4000100000-0x4000103fff 64bit]
[    0.136676] pci 0000:00:1f.3: reg 0x20: [mem 0x4000000000-0x40000fffff 64bit]
[    0.136817] pci 0000:00:1f.3: PME# supported from D3hot D3cold
[    0.137983] pci 0000:00:1f.4: [8086:a323] type 00 class 0x0c0500
[    0.138048] pci 0000:00:1f.4: reg 0x10: [mem 0x4000104000-0x40001040ff 64bit]
[    0.138109] pci 0000:00:1f.4: reg 0x20: [io  0xefa0-0xefbf]
[    0.139233] pci 0000:00:1f.5: [8086:a324] type 00 class 0x0c8000
[    0.139254] pci 0000:00:1f.5: reg 0x10: [mem 0xfe010000-0xfe010fff]
[    0.140354] pci 0000:00:1f.6: [8086:15bb] type 00 class 0x020000
[    0.140412] pci 0000:00:1f.6: reg 0x10: [mem 0xf1200000-0xf121ffff]
[    0.140612] pci 0000:00:1f.6: PME# supported from D0 D3hot D3cold
[    0.141627] pci_read_bridge_bases -- functionpoint
[    0.141631] pci_do_find_bus -- functionpoint
[    0.141633] pci_find_next_bus -- functionpoint
[    0.141635] pci_find_next_bus -- functionpoint
[    0.141713] pci 0000:01:00.0: [1c5c:1339] type 00 class 0x010802
[    0.141753] pci 0000:01:00.0: reg 0x10: [mem 0xf1100000-0xf1103fff 64bit]
[    0.141879] pci 0000:01:00.0: supports D1
[    0.141880] pci 0000:01:00.0: PME# supported from D0 D1 D3hot
[    0.152070] pci_read_bridge_bases -- functionpoint
[    0.152072] pci 0000:00:1b.0: PCI bridge to [bus 01]
[    0.152080] pci 0000:00:1b.0:   bridge window [mem 0xf1100000-0xf11fffff]
[    0.152094] pci_do_find_bus -- functionpoint
[    0.152094] pci_find_next_bus -- functionpoint
[    0.152096] pci_find_next_bus -- functionpoint
[    0.152201] pci 0000:02:00.0: [1283:8893] type 01 class 0x060401
[    0.152617] pci 0000:02:00.0: supports D1 D2
[    0.152618] pci 0000:02:00.0: PME# supported from D0 D1 D2 D3hot D3cold
[    0.152742] pci_read_bridge_bases -- functionpoint
[    0.152743] pci 0000:00:1c.0: PCI bridge to [bus 02-03]
[    0.152749] pci 0000:00:1c.0:   bridge window [io  0x3000-0x3fff]
[    0.152753] pci 0000:00:1c.0:   bridge window [mem 0xf1000000-0xf10fffff]
[    0.152768] pci_do_find_bus -- functionpoint
[    0.152768] pci_find_next_bus -- functionpoint
[    0.152770] pci_find_next_bus -- functionpoint
[    0.152842] pci 0000:03:00.0: [1317:0985] type 00 class 0x020000
[    0.152888] pci 0000:03:00.0: reg 0x10: [io  0x3000-0x30ff]
[    0.152904] pci 0000:03:00.0: reg 0x14: [mem 0xf1000000-0xf10003ff]
[    0.152981] pci 0000:03:00.0: reg 0x30: [mem 0xfffe0000-0xffffffff pref]
[    0.153053] pci 0000:03:00.0: supports D1 D2
[    0.153054] pci 0000:03:00.0: PME# supported from D0 D1 D2 D3hot D3cold
[    0.153188] pci_read_bridge_bases -- functionpoint
[    0.153189] pci 0000:02:00.0: PCI bridge to [bus 03] (subtractive decode)
[    0.153203] pci 0000:02:00.0:   bridge window [io  0x3000-0x3fff]
[    0.153210] pci 0000:02:00.0:   bridge window [mem 0xf1000000-0xf10fffff]
[    0.153222] pci 0000:02:00.0:   bridge window [io  0x3000-0x3fff] (subtractive decode)
[    0.153223] pci 0000:02:00.0:   bridge window [mem 0xf1000000-0xf10fffff] (subtractive decode)
[    0.155547] driver_register -- functionpoint
[    0.155547] bus_add_driver -- functionpoint
[    0.155550] functionpoint -- bus: 'acpi': add driver ec
[    0.155554] __driver_attach -- functionpoint
[    0.155554] __driver_attach -- functionpoint
[    0.155556] __driver_attach -- functionpoint
[    0.155557] __driver_attach -- functionpoint
[    0.155558] __driver_attach -- functionpoint
[    0.155560] __driver_attach -- functionpoint
[    0.155561] __driver_attach -- functionpoint
[    0.155563] __driver_attach -- functionpoint
[    0.155564] __driver_attach -- functionpoint
[    0.155565] __driver_attach -- functionpoint
[    0.155567] __driver_attach -- functionpoint
[    0.155568] __driver_attach -- functionpoint
[    0.155569] __driver_attach -- functionpoint
[    0.155571] __driver_attach -- functionpoint
[    0.155572] __driver_attach -- functionpoint
[    0.155573] __driver_attach -- functionpoint
[    0.155575] __driver_attach -- functionpoint
[    0.155576] __driver_attach -- functionpoint
[    0.155577] __driver_attach -- functionpoint
[    0.155579] __driver_attach -- functionpoint
[    0.155580] __driver_attach -- functionpoint
[    0.155581] __driver_attach -- functionpoint
[    0.155583] __driver_attach -- functionpoint
[    0.155584] __driver_attach -- functionpoint
[    0.155585] __driver_attach -- functionpoint
[    0.155587] __driver_attach -- functionpoint
[    0.155588] __driver_attach -- functionpoint
[    0.155589] __driver_attach -- functionpoint
[    0.155591] __driver_attach -- functionpoint
[    0.155592] __driver_attach -- functionpoint
[    0.155593] __driver_attach -- functionpoint
[    0.155595] __driver_attach -- functionpoint
[    0.155596] __driver_attach -- functionpoint
[    0.155598] __driver_attach -- functionpoint
[    0.155599] __driver_attach -- functionpoint
[    0.155600] __driver_attach -- functionpoint
[    0.155602] __driver_attach -- functionpoint
[    0.155603] really_probe -- functionpoint
[    0.155605] functionpoint -- bus: 'acpi': really_probe: probing driver ec with device PNP0C09:01
[    0.155619] ACPI: EC: interrupt unblocked
[    0.155630] ACPI: EC: event unblocked
[    0.155648] ACPI: \_SB_.PCI0.LPCB.EC0_: GPE=0x6e, EC_CMD/EC_SC=0x66, EC_DATA=0x62
[    0.155649] ACPI: \_SB_.PCI0.LPCB.EC0_: Used as boot DSDT EC to handle transactions and events
[    0.155653] __driver_attach -- functionpoint
[    0.155653] __driver_attach -- functionpoint
[    0.155655] __driver_attach -- functionpoint
[    0.155656] __driver_attach -- functionpoint
[    0.155658] __driver_attach -- functionpoint
[    0.155659] __driver_attach -- functionpoint
[    0.155660] __driver_attach -- functionpoint
[    0.155662] __driver_attach -- functionpoint
[    0.155663] __driver_attach -- functionpoint
[    0.155665] __driver_attach -- functionpoint
[    0.155666] __driver_attach -- functionpoint
[    0.155668] __driver_attach -- functionpoint
[    0.155669] __driver_attach -- functionpoint
[    0.155670] __driver_attach -- functionpoint
[    0.155672] __driver_attach -- functionpoint
[    0.155673] __driver_attach -- functionpoint
[    0.155674] __driver_attach -- functionpoint
[    0.155676] __driver_attach -- functionpoint
[    0.155677] __driver_attach -- functionpoint
[    0.155678] __driver_attach -- functionpoint
[    0.155680] __driver_attach -- functionpoint
[    0.155681] __driver_attach -- functionpoint
[    0.155682] __driver_attach -- functionpoint
[    0.155684] __driver_attach -- functionpoint
[    0.155685] __driver_attach -- functionpoint
[    0.155686] __driver_attach -- functionpoint
[    0.155687] __driver_attach -- functionpoint
[    0.155689] __driver_attach -- functionpoint
[    0.155690] __driver_attach -- functionpoint
[    0.155691] __driver_attach -- functionpoint
[    0.155693] __driver_attach -- functionpoint
[    0.155694] __driver_attach -- functionpoint
[    0.155695] __driver_attach -- functionpoint
[    0.155697] __driver_attach -- functionpoint
[    0.155698] __driver_attach -- functionpoint
[    0.155699] __driver_attach -- functionpoint
[    0.155701] __driver_attach -- functionpoint
[    0.155702] __driver_attach -- functionpoint
[    0.155703] __driver_attach -- functionpoint
[    0.155705] __driver_attach -- functionpoint
[    0.155706] __driver_attach -- functionpoint
[    0.155707] __driver_attach -- functionpoint
[    0.155709] __driver_attach -- functionpoint
[    0.155710] __driver_attach -- functionpoint
[    0.155711] __driver_attach -- functionpoint
[    0.155713] __driver_attach -- functionpoint
[    0.155714] __driver_attach -- functionpoint
[    0.155715] __driver_attach -- functionpoint
[    0.155717] __driver_attach -- functionpoint
[    0.155718] __driver_attach -- functionpoint
[    0.155719] __driver_attach -- functionpoint
[    0.155721] __driver_attach -- functionpoint
[    0.155722] __driver_attach -- functionpoint
[    0.155723] __driver_attach -- functionpoint
[    0.155725] __driver_attach -- functionpoint
[    0.155726] __driver_attach -- functionpoint
[    0.155728] __driver_attach -- functionpoint
[    0.155729] __driver_attach -- functionpoint
[    0.155730] __driver_attach -- functionpoint
[    0.155732] __driver_attach -- functionpoint
[    0.155733] __driver_attach -- functionpoint
[    0.155734] __driver_attach -- functionpoint
[    0.155736] __driver_attach -- functionpoint
[    0.155737] __driver_attach -- functionpoint
[    0.155738] __driver_attach -- functionpoint
[    0.155740] __driver_attach -- functionpoint
[    0.155741] __driver_attach -- functionpoint
[    0.155742] __driver_attach -- functionpoint
[    0.155744] __driver_attach -- functionpoint
[    0.155745] __driver_attach -- functionpoint
[    0.155746] __driver_attach -- functionpoint
[    0.155748] __driver_attach -- functionpoint
[    0.155749] __driver_attach -- functionpoint
[    0.155750] __driver_attach -- functionpoint
[    0.155752] __driver_attach -- functionpoint
[    0.155753] __driver_attach -- functionpoint
[    0.155754] __driver_attach -- functionpoint
[    0.155756] __driver_attach -- functionpoint
[    0.155757] __driver_attach -- functionpoint
[    0.155758] __driver_attach -- functionpoint
[    0.155760] __driver_attach -- functionpoint
[    0.155761] __driver_attach -- functionpoint
[    0.155762] __driver_attach -- functionpoint
[    0.155764] __driver_attach -- functionpoint
[    0.155765] __driver_attach -- functionpoint
[    0.155766] __driver_attach -- functionpoint
[    0.155768] __driver_attach -- functionpoint
[    0.155769] __driver_attach -- functionpoint
[    0.155771] __driver_attach -- functionpoint
[    0.155772] __driver_attach -- functionpoint
[    0.155773] __driver_attach -- functionpoint
[    0.155775] __driver_attach -- functionpoint
[    0.155776] __driver_attach -- functionpoint
[    0.155777] __driver_attach -- functionpoint
[    0.155779] __driver_attach -- functionpoint
[    0.155780] __driver_attach -- functionpoint
[    0.155781] __driver_attach -- functionpoint
[    0.155783] __driver_attach -- functionpoint
[    0.155784] __driver_attach -- functionpoint
[    0.155785] __driver_attach -- functionpoint
[    0.155787] __driver_attach -- functionpoint
[    0.155788] __driver_attach -- functionpoint
[    0.155789] __driver_attach -- functionpoint
[    0.155791] __driver_attach -- functionpoint
[    0.155792] __driver_attach -- functionpoint
[    0.155793] __driver_attach -- functionpoint
[    0.155795] __driver_attach -- functionpoint
[    0.155796] __driver_attach -- functionpoint
[    0.155797] __driver_attach -- functionpoint
[    0.155799] __driver_attach -- functionpoint
[    0.155800] __driver_attach -- functionpoint
[    0.155801] __driver_attach -- functionpoint
[    0.155803] __driver_attach -- functionpoint
[    0.155804] __driver_attach -- functionpoint
[    0.155805] __driver_attach -- functionpoint
[    0.155807] __driver_attach -- functionpoint
[    0.155808] __driver_attach -- functionpoint
[    0.155809] __driver_attach -- functionpoint
[    0.155811] __driver_attach -- functionpoint
[    0.155812] __driver_attach -- functionpoint
[    0.155813] __driver_attach -- functionpoint
[    0.155815] __driver_attach -- functionpoint
[    0.155816] __driver_attach -- functionpoint
[    0.155817] __driver_attach -- functionpoint
[    0.155819] __driver_attach -- functionpoint
[    0.155820] __driver_attach -- functionpoint
[    0.155821] __driver_attach -- functionpoint
[    0.155823] __driver_attach -- functionpoint
[    0.155824] __driver_attach -- functionpoint
[    0.155825] __driver_attach -- functionpoint
[    0.155827] __driver_attach -- functionpoint
[    0.155828] __driver_attach -- functionpoint
[    0.155829] __driver_attach -- functionpoint
[    0.155831] __driver_attach -- functionpoint
[    0.155832] __driver_attach -- functionpoint
[    0.155833] __driver_attach -- functionpoint
[    0.155835] __driver_attach -- functionpoint
[    0.155836] __driver_attach -- functionpoint
[    0.155837] __driver_attach -- functionpoint
[    0.155839] __driver_attach -- functionpoint
[    0.155840] __driver_attach -- functionpoint
[    0.155841] __driver_attach -- functionpoint
[    0.155843] __driver_attach -- functionpoint
[    0.155844] __driver_attach -- functionpoint
[    0.155845] __driver_attach -- functionpoint
[    0.155847] __driver_attach -- functionpoint
[    0.155848] __driver_attach -- functionpoint
[    0.155849] __driver_attach -- functionpoint
[    0.155851] __driver_attach -- functionpoint
[    0.155852] __driver_attach -- functionpoint
[    0.155853] __driver_attach -- functionpoint
[    0.155855] __driver_attach -- functionpoint
[    0.155856] __driver_attach -- functionpoint
[    0.155857] __driver_attach -- functionpoint
[    0.155859] __driver_attach -- functionpoint
[    0.155860] __driver_attach -- functionpoint
[    0.155861] __driver_attach -- functionpoint
[    0.155863] __driver_attach -- functionpoint
[    0.155864] __driver_attach -- functionpoint
[    0.155866] __driver_attach -- functionpoint
[    0.155867] __driver_attach -- functionpoint
[    0.155868] __driver_attach -- functionpoint
[    0.155870] __driver_attach -- functionpoint
[    0.155871] __driver_attach -- functionpoint
[    0.155872] __driver_attach -- functionpoint
[    0.155874] __driver_attach -- functionpoint
[    0.155875] __driver_attach -- functionpoint
[    0.155876] __driver_attach -- functionpoint
[    0.155878] __driver_attach -- functionpoint
[    0.155879] __driver_attach -- functionpoint
[    0.155881] __driver_attach -- functionpoint
[    0.155882] __driver_attach -- functionpoint
[    0.155883] __driver_attach -- functionpoint
[    0.155885] __driver_attach -- functionpoint
[    0.155886] __driver_attach -- functionpoint
[    0.155887] __driver_attach -- functionpoint
[    0.155889] __driver_attach -- functionpoint
[    0.155890] __driver_attach -- functionpoint
[    0.155891] __driver_attach -- functionpoint
[    0.155893] __driver_attach -- functionpoint
[    0.155894] __driver_attach -- functionpoint
[    0.155896] __driver_attach -- functionpoint
[    0.155897] __driver_attach -- functionpoint
[    0.155898] __driver_attach -- functionpoint
[    0.155900] __driver_attach -- functionpoint
[    0.155938] pci 0000:00:02.0: vgaarb: setting as boot VGA device
[    0.155938] pci 0000:00:02.0: vgaarb: VGA device added: decodes=io+mem,owns=io+mem,locks=none
[    0.155938] pci 0000:00:02.0: vgaarb: bridge control possible
[    0.155938] vgaarb: loaded
[    0.155938] driver_register -- functionpoint
[    0.155938] bus_add_driver -- functionpoint
[    0.155938] functionpoint -- bus: 'i2c': add driver 88PM860x
[    0.155938] driver_register -- functionpoint
[    0.155938] bus_add_driver -- functionpoint
[    0.155938] functionpoint -- bus: 'i2c': add driver WM8400
[    0.155938] driver_register -- functionpoint
[    0.155938] bus_add_driver -- functionpoint
[    0.155938] functionpoint -- bus: 'i2c': add driver wm831x
[    0.155938] driver_register -- functionpoint
[    0.155938] bus_add_driver -- functionpoint
[    0.155938] functionpoint -- bus: 'spi': add driver wm831x
[    0.155938] driver_register -- functionpoint
[    0.155938] bus_add_driver -- functionpoint
[    0.155938] functionpoint -- bus: 'i2c': add driver wm8350
[    0.155938] driver_register -- functionpoint
[    0.155938] bus_add_driver -- functionpoint
[    0.155938] functionpoint -- bus: 'i2c': add driver tps65910
[    0.155938] driver_register -- functionpoint
[    0.155938] bus_add_driver -- functionpoint
[    0.155938] functionpoint -- bus: 'i2c': add driver tps80031
[    0.156003] driver_register -- functionpoint
[    0.156004] bus_add_driver -- functionpoint
[    0.156005] functionpoint -- bus: 'spi': add driver ezx-pcap
[    0.156009] driver_register -- functionpoint
[    0.156010] bus_add_driver -- functionpoint
[    0.156011] functionpoint -- bus: 'i2c': add driver da903x
[    0.156015] driver_register -- functionpoint
[    0.156016] bus_add_driver -- functionpoint
[    0.156017] functionpoint -- bus: 'spi': add driver da9052
[    0.156021] driver_register -- functionpoint
[    0.156022] bus_add_driver -- functionpoint
[    0.156023] functionpoint -- bus: 'i2c': add driver da9052
[    0.156027] driver_register -- functionpoint
[    0.156027] bus_add_driver -- functionpoint
[    0.156029] functionpoint -- bus: 'i2c': add driver lp8788
[    0.156033] driver_register -- functionpoint
[    0.156033] bus_add_driver -- functionpoint
[    0.156035] functionpoint -- bus: 'i2c': add driver da9055-pmic
[    0.156039] driver_register -- functionpoint
[    0.156040] bus_add_driver -- functionpoint
[    0.156041] functionpoint -- bus: 'i2c': add driver max77843
[    0.156045] driver_register -- functionpoint
[    0.156045] bus_add_driver -- functionpoint
[    0.156047] functionpoint -- bus: 'i2c': add driver max8925
[    0.156053] driver_register -- functionpoint
[    0.156053] bus_add_driver -- functionpoint
[    0.156055] functionpoint -- bus: 'i2c': add driver max8997
[    0.156059] driver_register -- functionpoint
[    0.156059] bus_add_driver -- functionpoint
[    0.156060] functionpoint -- bus: 'i2c': add driver max8998
[    0.156064] driver_register -- functionpoint
[    0.156065] bus_add_driver -- functionpoint
[    0.156066] functionpoint -- bus: 'i2c': add driver ab3100
[    0.156075] driver_register -- functionpoint
[    0.156076] bus_add_driver -- functionpoint
[    0.156077] functionpoint -- bus: 'i2c': add driver tps6586x
[    0.156082] driver_register -- functionpoint
[    0.156082] bus_add_driver -- functionpoint
[    0.156084] functionpoint -- bus: 'i2c': add driver tps65090
[    0.156088] driver_register -- functionpoint
[    0.156088] bus_add_driver -- functionpoint
[    0.156090] functionpoint -- bus: 'i2c': add driver aat2870
[    0.156094] driver_register -- functionpoint
[    0.156094] bus_add_driver -- functionpoint
[    0.156096] functionpoint -- bus: 'i2c': add driver palmas
[    0.156100] driver_register -- functionpoint
[    0.156100] bus_add_driver -- functionpoint
[    0.156102] functionpoint -- bus: 'i2c': add driver rc5t583
[    0.156106] driver_register -- functionpoint
[    0.156106] bus_add_driver -- functionpoint
[    0.156108] functionpoint -- bus: 'i2c': add driver sec_pmic
[    0.156114] driver_register -- functionpoint
[    0.156114] bus_add_driver -- functionpoint
[    0.156116] functionpoint -- bus: 'i2c': add driver as3711
[    0.156126] driver_register -- functionpoint
[    0.156127] bus_add_driver -- functionpoint
[    0.156128] functionpoint -- bus: 'nd': add driver nd_bus
[    0.156134] driver_register -- functionpoint
[    0.156134] bus_add_driver -- functionpoint
[    0.156135] functionpoint -- bus: 'nd': add driver nvdimm
[    0.156140] driver_register -- functionpoint
[    0.156140] bus_add_driver -- functionpoint
[    0.156142] functionpoint -- bus: 'nd': add driver nd_region
[    0.156204] SCSI subsystem initialized
[    0.156216] libata version 3.00 loaded.
[    0.156216] driver_register -- functionpoint
[    0.156216] bus_add_driver -- functionpoint
[    0.156216] functionpoint -- bus: 'mdio_bus': add driver Generic 10G PHY
[    0.156216] driver_register -- functionpoint
[    0.156216] bus_add_driver -- functionpoint
[    0.156216] functionpoint -- bus: 'mdio_bus': add driver Generic PHY
[    0.156216] ACPI: bus type USB registered
[    0.156216] driver_register -- functionpoint
[    0.156216] bus_add_driver -- functionpoint
[    0.156216] functionpoint -- bus: 'usb': add driver usbfs
[    0.156216] usbcore: registered new interface driver usbfs
[    0.156216] driver_register -- functionpoint
[    0.156216] bus_add_driver -- functionpoint
[    0.156216] functionpoint -- bus: 'usb': add driver hub
[    0.156216] usbcore: registered new interface driver hub
[    0.156216] driver_register -- functionpoint
[    0.156216] bus_add_driver -- functionpoint
[    0.156216] functionpoint -- bus: 'usb': add driver usb
[    0.156216] usbcore: registered new device driver usb
[    0.156216] driver_register -- functionpoint
[    0.156216] bus_add_driver -- functionpoint
[    0.156216] functionpoint -- bus: 'platform': add driver i2c_designware
[    0.156216] __driver_attach -- functionpoint
[    0.156216] __driver_attach -- functionpoint
[    0.156216] __driver_attach -- functionpoint
[    0.156216] __driver_attach -- functionpoint
[    0.156216] __driver_attach -- functionpoint
[    0.156216] __driver_attach -- functionpoint
[    0.156216] __driver_attach -- functionpoint
[    0.156216] __driver_attach -- functionpoint
[    0.156216] __driver_attach -- functionpoint
[    0.156216] __driver_attach -- functionpoint
[    0.156216] __driver_attach -- functionpoint
[    0.156216] EDAC MC: Ver: 3.0.0
[    0.156216] Registered efivars operations
[    0.188023] start pci_subsys_init -- functionpoint
[    0.188023] PCI: Using ACPI for IRQ routing
[    0.188026] pci_do_find_bus -- functionpoint
[    0.188026] pci_find_next_bus -- functionpoint
[    0.188028] pci_do_find_bus -- functionpoint
[    0.188029] pci_find_next_bus -- functionpoint
[    0.188031] pci_do_find_bus -- functionpoint
[    0.188032] pci_find_next_bus -- functionpoint
[    0.188033] pci_do_find_bus -- functionpoint
[    0.188034] pci_find_next_bus -- functionpoint
[    0.188036] pci_do_find_bus -- functionpoint
[    0.188037] pci_find_next_bus -- functionpoint
[    0.188038] pci_find_next_bus -- functionpoint
[    0.188369] pci_do_find_bus -- functionpoint
[    0.188371] pci_find_next_bus -- functionpoint
[    0.188372] pci_find_next_bus -- functionpoint
[    0.188702] pci_do_find_bus -- functionpoint
[    0.188703] pci_find_next_bus -- functionpoint
[    0.188705] pci_find_next_bus -- functionpoint
[    0.189033] pci_do_find_bus -- functionpoint
[    0.189034] pci_find_next_bus -- functionpoint
[    0.189035] pci_find_next_bus -- functionpoint
[    0.189364] pci_do_find_bus -- functionpoint
[    0.189365] pci_find_next_bus -- functionpoint
[    0.189366] pci_find_next_bus -- functionpoint
[    0.189696] pci_do_find_bus -- functionpoint
[    0.189698] pci_find_next_bus -- functionpoint
[    0.189699] pci_find_next_bus -- functionpoint
[    0.190029] pci_do_find_bus -- functionpoint
[    0.190030] pci_find_next_bus -- functionpoint
[    0.190031] pci_find_next_bus -- functionpoint
[    0.190354] pci_do_find_bus -- functionpoint
[    0.190356] pci_find_next_bus -- functionpoint
[    0.190357] pci_find_next_bus -- functionpoint
[    0.190687] pci_do_find_bus -- functionpoint
[    0.190688] pci_find_next_bus -- functionpoint
[    0.190690] pci_find_next_bus -- functionpoint
[    0.191019] pci_do_find_bus -- functionpoint
[    0.191020] pci_find_next_bus -- functionpoint
[    0.191022] pci_find_next_bus -- functionpoint
[    0.191362] pci_do_find_bus -- functionpoint
[    0.191363] pci_find_next_bus -- functionpoint
[    0.191365] pci_find_next_bus -- functionpoint
[    0.191365] pci_do_find_bus -- functionpoint
[    0.191365] pci_find_next_bus -- functionpoint
[    0.191365] pci_find_next_bus -- functionpoint
[    0.191365] pci_do_find_bus -- functionpoint
[    0.191365] pci_find_next_bus -- functionpoint
[    0.191365] pci_find_next_bus -- functionpoint
[    0.191365] pci_do_find_bus -- functionpoint
[    0.191365] pci_find_next_bus -- functionpoint
[    0.191365] pci_find_next_bus -- functionpoint
[    0.191365] pci_do_find_bus -- functionpoint
[    0.191365] pci_find_next_bus -- functionpoint
[    0.191365] pci_find_next_bus -- functionpoint
[    0.191365] pci_do_find_bus -- functionpoint
[    0.191365] pci_find_next_bus -- functionpoint
[    0.191365] pci_find_next_bus -- functionpoint
[    0.191365] pci_do_find_bus -- functionpoint
[    0.191365] pci_find_next_bus -- functionpoint
[    0.191365] pci_find_next_bus -- functionpoint
[    0.191365] pci_do_find_bus -- functionpoint
[    0.191365] pci_find_next_bus -- functionpoint
[    0.191365] pci_find_next_bus -- functionpoint
[    0.191365] pci_do_find_bus -- functionpoint
[    0.191365] pci_find_next_bus -- functionpoint
[    0.191365] pci_find_next_bus -- functionpoint
[    0.191365] pci_do_find_bus -- functionpoint
[    0.191365] pci_find_next_bus -- functionpoint
[    0.191365] pci_find_next_bus -- functionpoint
[    0.191365] pci_do_find_bus -- functionpoint
[    0.191365] pci_find_next_bus -- functionpoint
[    0.191365] pci_find_next_bus -- functionpoint
[    0.191365] pci_do_find_bus -- functionpoint
[    0.191365] pci_find_next_bus -- functionpoint
[    0.191365] pci_find_next_bus -- functionpoint
[    0.191693] pci_do_find_bus -- functionpoint
[    0.191695] pci_find_next_bus -- functionpoint
[    0.191696] pci_find_next_bus -- functionpoint
[    0.192020] pci_do_find_bus -- functionpoint
[    0.192022] pci_find_next_bus -- functionpoint
[    0.192023] pci_find_next_bus -- functionpoint
[    0.192351] pci_do_find_bus -- functionpoint
[    0.192352] pci_find_next_bus -- functionpoint
[    0.192354] pci_find_next_bus -- functionpoint
[    0.192682] pci_do_find_bus -- functionpoint
[    0.192683] pci_find_next_bus -- functionpoint
[    0.192685] pci_find_next_bus -- functionpoint
[    0.193013] pci_do_find_bus -- functionpoint
[    0.193014] pci_find_next_bus -- functionpoint
[    0.193015] pci_find_next_bus -- functionpoint
[    0.193338] pci_do_find_bus -- functionpoint
[    0.193339] pci_find_next_bus -- functionpoint
[    0.193340] pci_find_next_bus -- functionpoint
[    0.193670] pci_do_find_bus -- functionpoint
[    0.193672] pci_find_next_bus -- functionpoint
[    0.193673] pci_find_next_bus -- functionpoint
[    0.194005] pci_do_find_bus -- functionpoint
[    0.194006] pci_find_next_bus -- functionpoint
[    0.194008] pci_find_next_bus -- functionpoint
[    0.194337] pci_do_find_bus -- functionpoint
[    0.194339] pci_find_next_bus -- functionpoint
[    0.194340] pci_find_next_bus -- functionpoint
[    0.194679] pci_do_find_bus -- functionpoint
[    0.194681] pci_find_next_bus -- functionpoint
[    0.194682] pci_find_next_bus -- functionpoint
[    0.195012] pci_do_find_bus -- functionpoint
[    0.195013] pci_find_next_bus -- functionpoint
[    0.195014] pci_find_next_bus -- functionpoint
[    0.195343] pci_do_find_bus -- functionpoint
[    0.195344] pci_find_next_bus -- functionpoint
[    0.195345] pci_find_next_bus -- functionpoint
[    0.195673] pci_do_find_bus -- functionpoint
[    0.195675] pci_find_next_bus -- functionpoint
[    0.195676] pci_find_next_bus -- functionpoint
[    0.196000] pci_do_find_bus -- functionpoint
[    0.196002] pci_find_next_bus -- functionpoint
[    0.196003] pci_find_next_bus -- functionpoint
[    0.196332] pci_do_find_bus -- functionpoint
[    0.196333] pci_find_next_bus -- functionpoint
[    0.196335] pci_find_next_bus -- functionpoint
[    0.196663] pci_do_find_bus -- functionpoint
[    0.196664] pci_find_next_bus -- functionpoint
[    0.196665] pci_find_next_bus -- functionpoint
[    0.196971] pci_do_find_bus -- functionpoint
[    0.196972] pci_find_next_bus -- functionpoint
[    0.196974] pci_find_next_bus -- functionpoint
[    0.197314] pci_do_find_bus -- functionpoint
[    0.197315] pci_find_next_bus -- functionpoint
[    0.197316] pci_find_next_bus -- functionpoint
[    0.197645] pci_do_find_bus -- functionpoint
[    0.197646] pci_find_next_bus -- functionpoint
[    0.197647] pci_find_next_bus -- functionpoint
[    0.197977] pci_do_find_bus -- functionpoint
[    0.197979] pci_find_next_bus -- functionpoint
[    0.197980] pci_find_next_bus -- functionpoint
[    0.198308] pci_do_find_bus -- functionpoint
[    0.198309] pci_find_next_bus -- functionpoint
[    0.198311] pci_find_next_bus -- functionpoint
[    0.198641] pci_do_find_bus -- functionpoint
[    0.198642] pci_find_next_bus -- functionpoint
[    0.198643] pci_find_next_bus -- functionpoint
[    0.198972] pci_do_find_bus -- functionpoint
[    0.198973] pci_find_next_bus -- functionpoint
[    0.198974] pci_find_next_bus -- functionpoint
[    0.199302] pci_do_find_bus -- functionpoint
[    0.199304] pci_find_next_bus -- functionpoint
[    0.199305] pci_find_next_bus -- functionpoint
[    0.199633] pci_do_find_bus -- functionpoint
[    0.199634] pci_find_next_bus -- functionpoint
[    0.199636] pci_find_next_bus -- functionpoint
[    0.199966] pci_do_find_bus -- functionpoint
[    0.199967] pci_find_next_bus -- functionpoint
[    0.199968] pci_find_next_bus -- functionpoint
[    0.200287] pci_do_find_bus -- functionpoint
[    0.200289] pci_find_next_bus -- functionpoint
[    0.200290] pci_find_next_bus -- functionpoint
[    0.200620] pci_do_find_bus -- functionpoint
[    0.200621] pci_find_next_bus -- functionpoint
[    0.200623] pci_find_next_bus -- functionpoint
[    0.200951] pci_do_find_bus -- functionpoint
[    0.200952] pci_find_next_bus -- functionpoint
[    0.200953] pci_find_next_bus -- functionpoint
[    0.201283] pci_do_find_bus -- functionpoint
[    0.201285] pci_find_next_bus -- functionpoint
[    0.201286] pci_find_next_bus -- functionpoint
[    0.201616] pci_do_find_bus -- functionpoint
[    0.201617] pci_find_next_bus -- functionpoint
[    0.201619] pci_find_next_bus -- functionpoint
[    0.201947] pci_do_find_bus -- functionpoint
[    0.201948] pci_find_next_bus -- functionpoint
[    0.201950] pci_find_next_bus -- functionpoint
[    0.202280] pci_do_find_bus -- functionpoint
[    0.202281] pci_find_next_bus -- functionpoint
[    0.202282] pci_find_next_bus -- functionpoint
[    0.202611] pci_do_find_bus -- functionpoint
[    0.202612] pci_find_next_bus -- functionpoint
[    0.202613] pci_find_next_bus -- functionpoint
[    0.202943] pci_do_find_bus -- functionpoint
[    0.202945] pci_find_next_bus -- functionpoint
[    0.202946] pci_find_next_bus -- functionpoint
[    0.203276] pci_do_find_bus -- functionpoint
[    0.203277] pci_find_next_bus -- functionpoint
[    0.203279] pci_find_next_bus -- functionpoint
[    0.203609] pci_do_find_bus -- functionpoint
[    0.203610] pci_find_next_bus -- functionpoint
[    0.203611] pci_find_next_bus -- functionpoint
[    0.203941] pci_do_find_bus -- functionpoint
[    0.203942] pci_find_next_bus -- functionpoint
[    0.203944] pci_find_next_bus -- functionpoint
[    0.204277] pcibios_init -- functionpoint
[    0.204278] PCI: pci_cache_line_size set to 64 bytes
[    0.204370] e820: reserve RAM buffer [mem 0x0009f000-0x0009ffff]
[    0.204371] e820: reserve RAM buffer [mem 0xbe6ab000-0xbfffffff]
[    0.204372] e820: reserve RAM buffer [mem 0xbfc10000-0xbfffffff]
[    0.204373] e820: reserve RAM buffer [mem 0x427800000-0x427ffffff]
[    0.204373] end pci_subsys_init -- functionpoint
[    0.204442] NetLabel: Initializing
[    0.204444] NetLabel:  domain hash size = 128
[    0.204445] NetLabel:  protocols = UNLABELED CIPSOv4 CALIPSO
[    0.204455] NetLabel:  unlabeled traffic allowed by default
[    0.208732] hpet0: at MMIO 0xfed00000, IRQs 2, 8, 0, 0, 0, 0, 0, 0
[    0.208737] hpet0: 8 comparators, 64-bit 24.000000 MHz counter
[    0.210835] clocksource: Switched to clocksource hpet
[    0.216501] VFS: Disk quotas dquot_6.6.0
[    0.216514] VFS: Dquot-cache hash table entries: 512 (order 0, 4096 bytes)
[    0.216587] AppArmor: AppArmor Filesystem Enabled
[    0.216589] driver_register -- functionpoint
[    0.216591] bus_add_driver -- functionpoint
[    0.216593] functionpoint -- bus: 'platform': add driver simple-framebuffer
[    0.216598] __driver_attach -- functionpoint
[    0.216598] __driver_attach -- functionpoint
[    0.216600] __driver_attach -- functionpoint
[    0.216601] __driver_attach -- functionpoint
[    0.216603] __driver_attach -- functionpoint
[    0.216604] __driver_attach -- functionpoint
[    0.216606] __driver_attach -- functionpoint
[    0.216607] __driver_attach -- functionpoint
[    0.216608] __driver_attach -- functionpoint
[    0.216610] __driver_attach -- functionpoint
[    0.216611] __driver_attach -- functionpoint
[    0.216618] driver_register -- functionpoint
[    0.216620] bus_add_driver -- functionpoint
[    0.216621] functionpoint -- bus: 'pnp': add driver system
[    0.216626] pnp: PnP ACPI init
[    0.216716] really_probe -- functionpoint
[    0.216717] functionpoint -- bus: 'pnp': really_probe: probing driver system with device 00:00
[    0.216725] system 00:00: [mem 0x40000000-0x403fffff] could not be reserved
[    0.216728] system 00:00: Plug and Play ACPI device, IDs PNP0c02 (active)
[    0.217022] really_probe -- functionpoint
[    0.217023] functionpoint -- bus: 'pnp': really_probe: probing driver system with device 00:01
[    0.217030] system 00:01: [io  0x1800-0x18fe] has been reserved
[    0.217032] system 00:01: [mem 0xfd000000-0xfd69ffff] has been reserved
[    0.217033] system 00:01: [mem 0xfd6c0000-0xfd6cffff] has been reserved
[    0.217034] system 00:01: [mem 0xfd6f0000-0xfdffffff] has been reserved
[    0.217036] system 00:01: [mem 0xfe000000-0xfe01ffff] could not be reserved
[    0.217037] system 00:01: [mem 0xfe200000-0xfe7fffff] has been reserved
[    0.217038] system 00:01: [mem 0xff000000-0xffffffff] has been reserved
[    0.217041] system 00:01: Plug and Play ACPI device, IDs PNP0c02 (active)
[    0.217354] really_probe -- functionpoint
[    0.217355] functionpoint -- bus: 'pnp': really_probe: probing driver system with device 00:02
[    0.217363] system 00:02: [io  0x2000-0x20fe] has been reserved
[    0.217366] system 00:02: Plug and Play ACPI device, IDs PNP0c02 (active)
[    0.217482] really_probe -- functionpoint
[    0.217482] functionpoint -- bus: 'pnp': really_probe: probing driver system with device 00:03
[    0.217491] system 00:03: [io  0x0680-0x069f] has been reserved
[    0.217492] system 00:03: [io  0x164e-0x164f] has been reserved
[    0.217495] system 00:03: Plug and Play ACPI device, IDs PNP0c02 (active)
[    0.217541] pnp 00:04: Plug and Play ACPI device, IDs PNP0b00 (active)
[    0.217630] really_probe -- functionpoint
[    0.217631] functionpoint -- bus: 'pnp': really_probe: probing driver system with device 00:05
[    0.217637] system 00:05: [io  0x1854-0x1857] has been reserved
[    0.217640] system 00:05: Plug and Play ACPI device, IDs INT3f0d PNP0c02 (active)
[    0.217661] pnp 00:06: Plug and Play ACPI device, IDs HPQ8002 PNP0303 (active)
[    0.217682] pnp 00:07: Plug and Play ACPI device, IDs PNP0f13 SYN0100 SYN0002 (active)
[    0.217868] really_probe -- functionpoint
[    0.217869] functionpoint -- bus: 'pnp': really_probe: probing driver system with device 00:08
[    0.217875] system 00:08: [io  0x0200-0x023f] has been reserved
[    0.217876] system 00:08: [mem 0xfedb0000-0xfedbffff] has been reserved
[    0.217879] system 00:08: Plug and Play ACPI device, IDs PNP0c02 (active)
[    0.218209] really_probe -- functionpoint
[    0.218209] functionpoint -- bus: 'pnp': really_probe: probing driver system with device 00:09
[    0.218216] system 00:09: [mem 0xfd6e0000-0xfd6effff] has been reserved
[    0.218217] system 00:09: [mem 0xfd6d0000-0xfd6dffff] has been reserved
[    0.218218] system 00:09: [mem 0xfd6b0000-0xfd6bffff] has been reserved
[    0.218219] system 00:09: [mem 0xfd6a0000-0xfd6affff] has been reserved
[    0.218223] system 00:09: Plug and Play ACPI device, IDs PNP0c02 (active)
[    0.219310] really_probe -- functionpoint
[    0.219311] functionpoint -- bus: 'pnp': really_probe: probing driver system with device 00:0a
[    0.219318] system 00:0a: Plug and Play ACPI device, IDs PNP0c02 (active)
[    0.219875] really_probe -- functionpoint
[    0.219876] functionpoint -- bus: 'pnp': really_probe: probing driver system with device 00:0b
[    0.219884] system 00:0b: [mem 0xfed10000-0xfed17fff] has been reserved
[    0.219886] system 00:0b: [mem 0xfed18000-0xfed18fff] has been reserved
[    0.219887] system 00:0b: [mem 0xfed19000-0xfed19fff] has been reserved
[    0.219888] system 00:0b: [mem 0xf8000000-0xfbffffff] has been reserved
[    0.219889] system 00:0b: [mem 0xfed20000-0xfed3ffff] has been reserved
[    0.219891] system 00:0b: [mem 0xfed90000-0xfed93fff] could not be reserved
[    0.219892] system 00:0b: [mem 0xfed45000-0xfed8ffff] has been reserved
[    0.219893] system 00:0b: [mem 0xfee00000-0xfeefffff] has been reserved
[    0.219896] system 00:0b: Plug and Play ACPI device, IDs PNP0c02 (active)
[    0.219943] really_probe -- functionpoint
[    0.219944] functionpoint -- bus: 'pnp': really_probe: probing driver system with device 00:0c
[    0.219950] system 00:0c: [mem 0xfed40000-0xfed44fff] has been reserved
[    0.219953] system 00:0c: Plug and Play ACPI device, IDs PNP0c02 (active)
[    0.220139] pnp: PnP ACPI: found 13 devices
[    0.230937] clocksource: acpi_pm: mask: 0xffffff max_cycles: 0xffffff, max_idle_ns: 2085701024 ns
[    0.230940] pci 0000:03:00.0: can't claim BAR 6 [mem 0xfffe0000-0xffffffff pref]: no compatible bridge window
[    0.230984] __pci_setup_bridge -- functionpoint
[    0.230986] pci 0000:00:1b.0: PCI bridge to [bus 01]
[    0.230993] pci 0000:00:1b.0:   bridge window [mem 0xf1100000-0xf11fffff]
[    0.231004] pci 0000:03:00.0: BAR 6: assigned [mem 0xf1020000-0xf103ffff pref]
[    0.231005] __pci_setup_bridge -- functionpoint
[    0.231006] pci 0000:02:00.0: PCI bridge to [bus 03]
[    0.231011] pci 0000:02:00.0:   bridge window [io  0x3000-0x3fff]
[    0.231021] pci 0000:02:00.0:   bridge window [mem 0xf1000000-0xf10fffff]
[    0.231039] __pci_setup_bridge -- functionpoint
[    0.231040] pci 0000:00:1c.0: PCI bridge to [bus 02-03]
[    0.231043] pci 0000:00:1c.0:   bridge window [io  0x3000-0x3fff]
[    0.231048] pci 0000:00:1c.0:   bridge window [mem 0xf1000000-0xf10fffff]
[    0.231059] pci_bus 0000:00: resource 4 [io  0x0000-0x0cf7 window]
[    0.231060] pci_bus 0000:00: resource 5 [io  0x0d00-0xffff window]
[    0.231061] pci_bus 0000:00: resource 6 [mem 0x000a0000-0x000bffff window]
[    0.231062] pci_bus 0000:00: resource 7 [mem 0xd4800000-0xf7ffffff window]
[    0.231063] pci_bus 0000:00: resource 8 [mem 0x4000000000-0x7fffffffff window]
[    0.231064] pci_bus 0000:00: resource 9 [mem 0xfc800000-0xfe7fffff window]
[    0.231065] pci_bus 0000:01: resource 1 [mem 0xf1100000-0xf11fffff]
[    0.231066] pci_bus 0000:02: resource 0 [io  0x3000-0x3fff]
[    0.231067] pci_bus 0000:02: resource 1 [mem 0xf1000000-0xf10fffff]
[    0.231068] pci_bus 0000:03: resource 0 [io  0x3000-0x3fff]
[    0.231070] pci_bus 0000:03: resource 1 [mem 0xf1000000-0xf10fffff]
[    0.231071] pci_bus 0000:03: resource 4 [io  0x3000-0x3fff]
[    0.231072] pci_bus 0000:03: resource 5 [mem 0xf1000000-0xf10fffff]
[    0.231216] NET: Registered protocol family 2
[    0.231377] TCP established hash table entries: 131072 (order: 8, 1048576 bytes)
[    0.231509] TCP bind hash table entries: 65536 (order: 8, 1048576 bytes)
[    0.231584] TCP: Hash tables configured (established 131072 bind 65536)
[    0.231611] UDP hash table entries: 8192 (order: 6, 262144 bytes)
[    0.231640] UDP-Lite hash table entries: 8192 (order: 6, 262144 bytes)
[    0.231694] NET: Registered protocol family 1
[    0.231703] pci 0000:00:02.0: Video device with shadowed ROM at [mem 0x000c0000-0x000dffff]
[    0.232068] PCI: CLS 0 bytes, default 64
[    0.232090] Unpacking initramfs...
[    5.760539] Freeing initrd memory: 440860K
[    5.760625] PCI-DMA: Using software bounce buffering for IO (SWIOTLB)
[    5.760628] software IO TLB [mem 0xb9506000-0xbd506000] (64MB) mapped at [000000007afd759b-0000000073a3af02]
[    5.761097] clocksource: tsc: mask: 0xffffffffffffffff max_cycles: 0x2b3e459bf4c, max_idle_ns: 440795289890 ns
[    5.761535] Scanning for low memory corruption every 60 seconds
[    5.761737] __pci_register_driver -- functionpoint
[    5.761738] driver_register -- functionpoint
[    5.761742] bus_add_driver -- functionpoint
[    5.761743] functionpoint -- bus: 'pci': add driver iosf_mbi_pci
[    5.761747] __driver_attach -- functionpoint
[    5.761748] __driver_attach -- functionpoint
[    5.761749] __driver_attach -- functionpoint
[    5.761751] __driver_attach -- functionpoint
[    5.761752] __driver_attach -- functionpoint
[    5.761754] __driver_attach -- functionpoint
[    5.761755] __driver_attach -- functionpoint
[    5.761756] __driver_attach -- functionpoint
[    5.761758] __driver_attach -- functionpoint
[    5.761760] __driver_attach -- functionpoint
[    5.761761] __driver_attach -- functionpoint
[    5.761762] __driver_attach -- functionpoint
[    5.761764] __driver_attach -- functionpoint
[    5.761765] __driver_attach -- functionpoint
[    5.761767] __driver_attach -- functionpoint
[    5.761768] __driver_attach -- functionpoint
[    5.761769] __driver_attach -- functionpoint
[    5.761771] __driver_attach -- functionpoint
[    5.761901] driver_register -- functionpoint
[    5.761903] bus_add_driver -- functionpoint
[    5.761905] functionpoint -- bus: 'platform': add driver alarmtimer
[    5.761908] __driver_attach -- functionpoint
[    5.761909] __driver_attach -- functionpoint
[    5.761910] __driver_attach -- functionpoint
[    5.761912] __driver_attach -- functionpoint
[    5.761914] __driver_attach -- functionpoint
[    5.761915] __driver_attach -- functionpoint
[    5.761917] __driver_attach -- functionpoint
[    5.761918] __driver_attach -- functionpoint
[    5.761920] __driver_attach -- functionpoint
[    5.761921] __driver_attach -- functionpoint
[    5.761923] __driver_attach -- functionpoint
[    5.761924] __driver_attach -- functionpoint
[    5.761926] __driver_attach -- functionpoint
[    5.761936] really_probe -- functionpoint
[    5.761938] functionpoint -- bus: 'platform': really_probe: probing driver alarmtimer with device alarmtimer
[    5.762343] Initialise system trusted keyrings
[    5.762371] Key type blacklist registered
[    5.762496] workingset: timestamp_bits=36 max_order=22 bucket_order=0
[    5.763381] zbud: loaded
[    5.763853] squashfs: version 4.0 (2009/01/31) Phillip Lougher
[    5.764134] fuse init (API version 7.26)
[    5.769385] Key type asymmetric registered
[    5.769386] Asymmetric key parser 'x509' registered
[    5.769411] Block layer SCSI generic (bsg) driver version 0.4 loaded (major 246)
[    5.769531] io scheduler noop registered
[    5.769531] io scheduler deadline registered
[    5.769580] io scheduler cfq registered (default)
[    5.769933] driver_register -- functionpoint
[    5.769934] bus_add_driver -- functionpoint
[    5.769937] functionpoint -- bus: 'platform': add driver amd_gpio
[    5.769940] __driver_attach -- functionpoint
[    5.769941] __driver_attach -- functionpoint
[    5.769944] __driver_attach -- functionpoint
[    5.769946] __driver_attach -- functionpoint
[    5.769949] __driver_attach -- functionpoint
[    5.769950] __driver_attach -- functionpoint
[    5.769952] __driver_attach -- functionpoint
[    5.769953] __driver_attach -- functionpoint
[    5.769955] __driver_attach -- functionpoint
[    5.769956] __driver_attach -- functionpoint
[    5.769958] __driver_attach -- functionpoint
[    5.769960] __driver_attach -- functionpoint
[    5.769961] __driver_attach -- functionpoint
[    5.769962] __driver_attach -- functionpoint
[    5.769966] driver_register -- functionpoint
[    5.769967] bus_add_driver -- functionpoint
[    5.769969] functionpoint -- bus: 'platform': add driver cannonlake-pinctrl
[    5.769972] __driver_attach -- functionpoint
[    5.769972] __driver_attach -- functionpoint
[    5.769974] __driver_attach -- functionpoint
[    5.769975] __driver_attach -- functionpoint
[    5.769977] __driver_attach -- functionpoint
[    5.769978] __driver_attach -- functionpoint
[    5.769979] __driver_attach -- functionpoint
[    5.769981] __driver_attach -- functionpoint
[    5.769982] __driver_attach -- functionpoint
[    5.769984] __driver_attach -- functionpoint
[    5.769985] __driver_attach -- functionpoint
[    5.769986] __driver_attach -- functionpoint
[    5.769988] __driver_attach -- functionpoint
[    5.769989] __driver_attach -- functionpoint
[    5.769992] driver_register -- functionpoint
[    5.769994] bus_add_driver -- functionpoint
[    5.769995] functionpoint -- bus: 'platform': add driver tps68470-gpio
[    5.769998] __driver_attach -- functionpoint
[    5.769998] __driver_attach -- functionpoint
[    5.770000] __driver_attach -- functionpoint
[    5.770001] __driver_attach -- functionpoint
[    5.770002] __driver_attach -- functionpoint
[    5.770004] __driver_attach -- functionpoint
[    5.770005] __driver_attach -- functionpoint
[    5.770006] __driver_attach -- functionpoint
[    5.770008] __driver_attach -- functionpoint
[    5.770009] __driver_attach -- functionpoint
[    5.770010] __driver_attach -- functionpoint
[    5.770012] __driver_attach -- functionpoint
[    5.770013] __driver_attach -- functionpoint
[    5.770015] __driver_attach -- functionpoint
[    5.770019] driver_register -- functionpoint
[    5.770021] bus_add_driver -- functionpoint
[    5.770022] functionpoint -- bus: 'platform': add driver crystal_cove_pwm
[    5.770025] __driver_attach -- functionpoint
[    5.770026] __driver_attach -- functionpoint
[    5.770027] __driver_attach -- functionpoint
[    5.770028] __driver_attach -- functionpoint
[    5.770030] __driver_attach -- functionpoint
[    5.770031] __driver_attach -- functionpoint
[    5.770032] __driver_attach -- functionpoint
[    5.770034] __driver_attach -- functionpoint
[    5.770035] __driver_attach -- functionpoint
[    5.770036] __driver_attach -- functionpoint
[    5.770038] __driver_attach -- functionpoint
[    5.770039] __driver_attach -- functionpoint
[    5.770040] __driver_attach -- functionpoint
[    5.770042] __driver_attach -- functionpoint
[    5.770062] __pci_register_driver -- functionpoint
[    5.770064] driver_register -- functionpoint
[    5.770065] bus_add_driver -- functionpoint
[    5.770067] functionpoint -- bus: 'pci': add driver pcieport
[    5.770070] __driver_attach -- functionpoint
[    5.770070] __driver_attach -- functionpoint
[    5.770072] __driver_attach -- functionpoint
[    5.770073] __driver_attach -- functionpoint
[    5.770074] __driver_attach -- functionpoint
[    5.770076] __driver_attach -- functionpoint
[    5.770077] __driver_attach -- functionpoint
[    5.770078] __driver_attach -- functionpoint
[    5.770080] __driver_attach -- functionpoint
[    5.770081] really_probe -- functionpoint
[    5.770083] functionpoint -- bus: 'pci': really_probe: probing driver pcieport with device 0000:00:1b.0
[    5.770089] pci_device_probe -- functionpoint
[    5.770089] pci_call_probe -- functionpoint
[    5.770438] __driver_attach -- functionpoint
[    5.770440] really_probe -- functionpoint
[    5.770442] functionpoint -- bus: 'pci': really_probe: probing driver pcieport with device 0000:00:1c.0
[    5.770447] pci_device_probe -- functionpoint
[    5.770447] pci_call_probe -- functionpoint
[    5.770719] __driver_attach -- functionpoint
[    5.770720] __driver_attach -- functionpoint
[    5.770722] __driver_attach -- functionpoint
[    5.770723] __driver_attach -- functionpoint
[    5.770725] __driver_attach -- functionpoint
[    5.770726] __driver_attach -- functionpoint
[    5.770727] __driver_attach -- functionpoint
[    5.770729] __driver_attach -- functionpoint
[    5.770734] driver_register -- functionpoint
[    5.770735] bus_add_driver -- functionpoint
[    5.770737] functionpoint -- bus: 'pci_express': add driver aer
[    5.770740] __driver_attach -- functionpoint
[    5.770740] __driver_attach -- functionpoint
[    5.770742] really_probe -- functionpoint
[    5.770744] functionpoint -- bus: 'pci_express': really_probe: probing driver aer with device 0000:00:1b.0:pcie002
[    5.770781] pcieport 0000:00:1b.0: AER enabled with IRQ 122
[    5.770783] __driver_attach -- functionpoint
[    5.770784] __driver_attach -- functionpoint
[    5.770785] __driver_attach -- functionpoint
[    5.770787] really_probe -- functionpoint
[    5.770789] functionpoint -- bus: 'pci_express': really_probe: probing driver aer with device 0000:00:1c.0:pcie002
[    5.770821] pcieport 0000:00:1c.0: AER enabled with IRQ 123
[    5.770822] __driver_attach -- functionpoint
[    5.770827] driver_register -- functionpoint
[    5.770828] bus_add_driver -- functionpoint
[    5.770830] functionpoint -- bus: 'pci_express': add driver pcie_pme
[    5.770833] __driver_attach -- functionpoint
[    5.770833] really_probe -- functionpoint
[    5.770835] functionpoint -- bus: 'pci_express': really_probe: probing driver pcie_pme with device 0000:00:1b.0:pcie001
[    5.770852] pcieport 0000:00:1b.0: Signaling PME with IRQ 122
[    5.770857] __driver_attach -- functionpoint
[    5.770857] __driver_attach -- functionpoint
[    5.770858] __driver_attach -- functionpoint
[    5.770860] really_probe -- functionpoint
[    5.770862] functionpoint -- bus: 'pci_express': really_probe: probing driver pcie_pme with device 0000:00:1c.0:pcie001
[    5.770878] pcieport 0000:00:1c.0: Signaling PME with IRQ 123
[    5.770882] __driver_attach -- functionpoint
[    5.770882] __driver_attach -- functionpoint
[    5.770886] driver_register -- functionpoint
[    5.770887] bus_add_driver -- functionpoint
[    5.770888] functionpoint -- bus: 'pci_express': add driver dpc
[    5.770891] __driver_attach -- functionpoint
[    5.770892] __driver_attach -- functionpoint
[    5.770893] __driver_attach -- functionpoint
[    5.770894] really_probe -- functionpoint
[    5.770896] functionpoint -- bus: 'pci_express': really_probe: probing driver dpc with device 0000:00:1b.0:pcie010
[    5.770917] dpc 0000:00:1b.0:pcie010: DPC error containment capabilities: Int Msg #0, RPExt+ PoisonedTLP+ SwTrigger+ RP PIO Log 4, DL_ActiveErr+
[    5.770918] __driver_attach -- functionpoint
[    5.770918] __driver_attach -- functionpoint
[    5.770920] __driver_attach -- functionpoint
[    5.770921] really_probe -- functionpoint
[    5.770923] functionpoint -- bus: 'pci_express': really_probe: probing driver dpc with device 0000:00:1c.0:pcie010
[    5.770942] dpc 0000:00:1c.0:pcie010: DPC error containment capabilities: Int Msg #0, RPExt+ PoisonedTLP+ SwTrigger+ RP PIO Log 4, DL_ActiveErr+
[    5.770945] driver_register -- functionpoint
[    5.770945] bus_add_driver -- functionpoint
[    5.770947] functionpoint -- bus: 'pci_express': add driver pciehp
[    5.770950] __driver_attach -- functionpoint
[    5.770950] __driver_attach -- functionpoint
[    5.770951] __driver_attach -- functionpoint
[    5.770953] __driver_attach -- functionpoint
[    5.770954] __driver_attach -- functionpoint
[    5.770955] __driver_attach -- functionpoint
[    5.770975] driver_register -- functionpoint
[    5.770977] bus_add_driver -- functionpoint
[    5.770978] functionpoint -- bus: 'platform': add driver dw-pcie
[    5.770981] __driver_attach -- functionpoint
[    5.770982] __driver_attach -- functionpoint
[    5.770983] __driver_attach -- functionpoint
[    5.770984] __driver_attach -- functionpoint
[    5.770986] __driver_attach -- functionpoint
[    5.770987] __driver_attach -- functionpoint
[    5.770989] __driver_attach -- functionpoint
[    5.770990] __driver_attach -- functionpoint
[    5.770991] __driver_attach -- functionpoint
[    5.770993] __driver_attach -- functionpoint
[    5.770994] __driver_attach -- functionpoint
[    5.770995] __driver_attach -- functionpoint
[    5.770997] __driver_attach -- functionpoint
[    5.770998] __driver_attach -- functionpoint
[    5.771003] __pci_register_driver -- functionpoint
[    5.771004] driver_register -- functionpoint
[    5.771006] bus_add_driver -- functionpoint
[    5.771007] functionpoint -- bus: 'pci': add driver imsttfb
[    5.771010] __driver_attach -- functionpoint
[    5.771010] __driver_attach -- functionpoint
[    5.771012] __driver_attach -- functionpoint
[    5.771013] __driver_attach -- functionpoint
[    5.771014] __driver_attach -- functionpoint
[    5.771016] __driver_attach -- functionpoint
[    5.771017] __driver_attach -- functionpoint
[    5.771018] __driver_attach -- functionpoint
[    5.771020] __driver_attach -- functionpoint
[    5.771021] __driver_attach -- functionpoint
[    5.771022] __driver_attach -- functionpoint
[    5.771024] __driver_attach -- functionpoint
[    5.771025] __driver_attach -- functionpoint
[    5.771027] __driver_attach -- functionpoint
[    5.771028] __driver_attach -- functionpoint
[    5.771029] __driver_attach -- functionpoint
[    5.771031] __driver_attach -- functionpoint
[    5.771032] __driver_attach -- functionpoint
[    5.771036] __pci_register_driver -- functionpoint
[    5.771038] driver_register -- functionpoint
[    5.771039] bus_add_driver -- functionpoint
[    5.771041] functionpoint -- bus: 'pci': add driver asiliantfb
[    5.771043] __driver_attach -- functionpoint
[    5.771044] __driver_attach -- functionpoint
[    5.771045] __driver_attach -- functionpoint
[    5.771047] __driver_attach -- functionpoint
[    5.771048] __driver_attach -- functionpoint
[    5.771049] __driver_attach -- functionpoint
[    5.771051] __driver_attach -- functionpoint
[    5.771052] __driver_attach -- functionpoint
[    5.771053] __driver_attach -- functionpoint
[    5.771055] __driver_attach -- functionpoint
[    5.771056] __driver_attach -- functionpoint
[    5.771057] __driver_attach -- functionpoint
[    5.771059] __driver_attach -- functionpoint
[    5.771060] __driver_attach -- functionpoint
[    5.771061] __driver_attach -- functionpoint
[    5.771063] __driver_attach -- functionpoint
[    5.771064] __driver_attach -- functionpoint
[    5.771065] __driver_attach -- functionpoint
[    5.771069] driver_register -- functionpoint
[    5.771071] bus_add_driver -- functionpoint
[    5.771072] functionpoint -- bus: 'platform': add driver vesa-framebuffer
[    5.771075] __driver_attach -- functionpoint
[    5.771075] __driver_attach -- functionpoint
[    5.771077] __driver_attach -- functionpoint
[    5.771078] __driver_attach -- functionpoint
[    5.771080] __driver_attach -- functionpoint
[    5.771081] __driver_attach -- functionpoint
[    5.771082] __driver_attach -- functionpoint
[    5.771084] __driver_attach -- functionpoint
[    5.771085] __driver_attach -- functionpoint
[    5.771086] __driver_attach -- functionpoint
[    5.771088] __driver_attach -- functionpoint
[    5.771089] __driver_attach -- functionpoint
[    5.771090] __driver_attach -- functionpoint
[    5.771092] __driver_attach -- functionpoint
[    5.771094] driver_register -- functionpoint
[    5.771096] bus_add_driver -- functionpoint
[    5.771097] functionpoint -- bus: 'platform': add driver efi-framebuffer
[    5.771100] __driver_attach -- functionpoint
[    5.771101] __driver_attach -- functionpoint
[    5.771102] __driver_attach -- functionpoint
[    5.771103] __driver_attach -- functionpoint
[    5.771105] __driver_attach -- functionpoint
[    5.771106] __driver_attach -- functionpoint
[    5.771107] __driver_attach -- functionpoint
[    5.771109] __driver_attach -- functionpoint
[    5.771110] __driver_attach -- functionpoint
[    5.771111] __driver_attach -- functionpoint
[    5.771113] __driver_attach -- functionpoint
[    5.771114] __driver_attach -- functionpoint
[    5.771115] __driver_attach -- functionpoint
[    5.771117] really_probe -- functionpoint
[    5.771119] functionpoint -- bus: 'platform': really_probe: probing driver efi-framebuffer with device efi-framebuffer.0
[    5.771124] efifb: probing for efifb
[    5.771133] efifb: framebuffer at 0xe0000000, using 8100k, total 8100k
[    5.771134] efifb: mode is 1920x1080x32, linelength=7680, pages=1
[    5.771134] efifb: scrolling: redraw
[    5.771136] efifb: Truecolor: size=8:8:8:8, shift=24:16:8:0
[    5.775083] Console: switching to colour frame buffer device 240x67
[    5.778921] fb0: EFI VGA frame buffer device
[    5.778924] __driver_attach -- functionpoint
[    5.778928] intel_idle: MWAIT substates: 0x11142120
[    5.778943] intel_idle: v0.4.1 model 0x9E
[    5.779622] intel_idle: lapic_timer_reliable_states 0xffffffff
[    5.779659] driver_register -- functionpoint
[    5.779660] bus_add_driver -- functionpoint
[    5.779676] functionpoint -- bus: 'acpi': add driver ac
[    5.779709] __driver_attach -- functionpoint
[    5.779709] __driver_attach -- functionpoint
[    5.779724] __driver_attach -- functionpoint
[    5.779738] __driver_attach -- functionpoint
[    5.779752] __driver_attach -- functionpoint
[    5.779766] __driver_attach -- functionpoint
[    5.779780] __driver_attach -- functionpoint
[    5.779795] __driver_attach -- functionpoint
[    5.779809] __driver_attach -- functionpoint
[    5.779823] __driver_attach -- functionpoint
[    5.779837] __driver_attach -- functionpoint
[    5.779851] __driver_attach -- functionpoint
[    5.779866] __driver_attach -- functionpoint
[    5.779880] __driver_attach -- functionpoint
[    5.779894] __driver_attach -- functionpoint
[    5.779908] __driver_attach -- functionpoint
[    5.779922] __driver_attach -- functionpoint
[    5.779936] __driver_attach -- functionpoint
[    5.779950] __driver_attach -- functionpoint
[    5.779964] __driver_attach -- functionpoint
[    5.779978] __driver_attach -- functionpoint
[    5.779992] __driver_attach -- functionpoint
[    5.780049] __driver_attach -- functionpoint
[    5.780063] __driver_attach -- functionpoint
[    5.780078] __driver_attach -- functionpoint
[    5.780092] __driver_attach -- functionpoint
[    5.780106] __driver_attach -- functionpoint
[    5.780121] __driver_attach -- functionpoint
[    5.780135] __driver_attach -- functionpoint
[    5.780149] __driver_attach -- functionpoint
[    5.780163] __driver_attach -- functionpoint
[    5.780177] __driver_attach -- functionpoint
[    5.780191] __driver_attach -- functionpoint
[    5.780205] __driver_attach -- functionpoint
[    5.780220] __driver_attach -- functionpoint
[    5.780234] __driver_attach -- functionpoint
[    5.780248] __driver_attach -- functionpoint
[    5.780262] __driver_attach -- functionpoint
[    5.780276] __driver_attach -- functionpoint
[    5.780290] __driver_attach -- functionpoint
[    5.780522] __driver_attach -- functionpoint
[    5.780753] __driver_attach -- functionpoint
[    5.780984] __driver_attach -- functionpoint
[    5.781216] __driver_attach -- functionpoint
[    5.781447] __driver_attach -- functionpoint
[    5.781676] __driver_attach -- functionpoint
[    5.781898] __driver_attach -- functionpoint
[    5.782106] __driver_attach -- functionpoint
[    5.782300] __driver_attach -- functionpoint
[    5.782494] __driver_attach -- functionpoint
[    5.782691] __driver_attach -- functionpoint
[    5.782886] __driver_attach -- functionpoint
[    5.783083] __driver_attach -- functionpoint
[    5.783279] __driver_attach -- functionpoint
[    5.783477] __driver_attach -- functionpoint
[    5.783674] __driver_attach -- functionpoint
[    5.783872] __driver_attach -- functionpoint
[    5.784113] __driver_attach -- functionpoint
[    5.784312] __driver_attach -- functionpoint
[    5.784511] __driver_attach -- functionpoint
[    5.784711] __driver_attach -- functionpoint
[    5.784903] __driver_attach -- functionpoint
[    5.785080] __driver_attach -- functionpoint
[    5.785240] __driver_attach -- functionpoint
[    5.785390] __driver_attach -- functionpoint
[    5.785535] __driver_attach -- functionpoint
[    5.785672] __driver_attach -- functionpoint
[    5.785801] __driver_attach -- functionpoint
[    5.785918] __driver_attach -- functionpoint
[    5.786036] __driver_attach -- functionpoint
[    5.786155] __driver_attach -- functionpoint
[    5.786274] __driver_attach -- functionpoint
[    5.786393] __driver_attach -- functionpoint
[    5.786512] __driver_attach -- functionpoint
[    5.786631] __driver_attach -- functionpoint
[    5.786751] __driver_attach -- functionpoint
[    5.786870] __driver_attach -- functionpoint
[    5.786989] __driver_attach -- functionpoint
[    5.787109] __driver_attach -- functionpoint
[    5.787228] __driver_attach -- functionpoint
[    5.787348] __driver_attach -- functionpoint
[    5.787468] __driver_attach -- functionpoint
[    5.787588] __driver_attach -- functionpoint
[    5.787707] __driver_attach -- functionpoint
[    5.787827] __driver_attach -- functionpoint
[    5.787950] __driver_attach -- functionpoint
[    5.788113] __driver_attach -- functionpoint
[    5.788233] __driver_attach -- functionpoint
[    5.788353] __driver_attach -- functionpoint
[    5.788473] __driver_attach -- functionpoint
[    5.788592] __driver_attach -- functionpoint
[    5.788712] __driver_attach -- functionpoint
[    5.788835] __driver_attach -- functionpoint
[    5.788954] __driver_attach -- functionpoint
[    5.789073] __driver_attach -- functionpoint
[    5.789192] __driver_attach -- functionpoint
[    5.789312] __driver_attach -- functionpoint
[    5.789432] __driver_attach -- functionpoint
[    5.789552] __driver_attach -- functionpoint
[    5.789671] __driver_attach -- functionpoint
[    5.789791] __driver_attach -- functionpoint
[    5.789911] __driver_attach -- functionpoint
[    5.790030] __driver_attach -- functionpoint
[    5.790150] __driver_attach -- functionpoint
[    5.790270] __driver_attach -- functionpoint
[    5.790391] __driver_attach -- functionpoint
[    5.790511] __driver_attach -- functionpoint
[    5.790631] __driver_attach -- functionpoint
[    5.790751] __driver_attach -- functionpoint
[    5.790870] __driver_attach -- functionpoint
[    5.790990] __driver_attach -- functionpoint
[    5.791109] __driver_attach -- functionpoint
[    5.791228] __driver_attach -- functionpoint
[    5.791347] __driver_attach -- functionpoint
[    5.791466] __driver_attach -- functionpoint
[    5.791585] __driver_attach -- functionpoint
[    5.791704] __driver_attach -- functionpoint
[    5.791823] __driver_attach -- functionpoint
[    5.791942] __driver_attach -- functionpoint
[    5.792101] __driver_attach -- functionpoint
[    5.792220] __driver_attach -- functionpoint
[    5.792339] __driver_attach -- functionpoint
[    5.792458] __driver_attach -- functionpoint
[    5.792577] __driver_attach -- functionpoint
[    5.792697] __driver_attach -- functionpoint
[    5.792815] __driver_attach -- functionpoint
[    5.792934] __driver_attach -- functionpoint
[    5.793055] __driver_attach -- functionpoint
[    5.793174] __driver_attach -- functionpoint
[    5.793294] __driver_attach -- functionpoint
[    5.793413] __driver_attach -- functionpoint
[    5.793532] __driver_attach -- functionpoint
[    5.793652] __driver_attach -- functionpoint
[    5.793771] __driver_attach -- functionpoint
[    5.793890] __driver_attach -- functionpoint
[    5.794010] __driver_attach -- functionpoint
[    5.794129] __driver_attach -- functionpoint
[    5.794248] __driver_attach -- functionpoint
[    5.794367] __driver_attach -- functionpoint
[    5.794487] __driver_attach -- functionpoint
[    5.794606] __driver_attach -- functionpoint
[    5.794725] __driver_attach -- functionpoint
[    5.794843] __driver_attach -- functionpoint
[    5.794963] __driver_attach -- functionpoint
[    5.795082] __driver_attach -- functionpoint
[    5.795201] __driver_attach -- functionpoint
[    5.795320] __driver_attach -- functionpoint
[    5.795439] __driver_attach -- functionpoint
[    5.795559] __driver_attach -- functionpoint
[    5.795678] __driver_attach -- functionpoint
[    5.795798] __driver_attach -- functionpoint
[    5.795917] __driver_attach -- functionpoint
[    5.796082] __driver_attach -- functionpoint
[    5.796201] __driver_attach -- functionpoint
[    5.796321] __driver_attach -- functionpoint
[    5.796440] __driver_attach -- functionpoint
[    5.796560] __driver_attach -- functionpoint
[    5.796680] __driver_attach -- functionpoint
[    5.796800] __driver_attach -- functionpoint
[    5.796919] __driver_attach -- functionpoint
[    5.797045] __driver_attach -- functionpoint
[    5.797165] __driver_attach -- functionpoint
[    5.797284] __driver_attach -- functionpoint
[    5.797403] __driver_attach -- functionpoint
[    5.797523] __driver_attach -- functionpoint
[    5.797642] __driver_attach -- functionpoint
[    5.797762] __driver_attach -- functionpoint
[    5.797882] __driver_attach -- functionpoint
[    5.798002] __driver_attach -- functionpoint
[    5.798122] __driver_attach -- functionpoint
[    5.798241] __driver_attach -- functionpoint
[    5.798360] __driver_attach -- functionpoint
[    5.798480] __driver_attach -- functionpoint
[    5.798599] __driver_attach -- functionpoint
[    5.798718] __driver_attach -- functionpoint
[    5.798838] __driver_attach -- functionpoint
[    5.798958] __driver_attach -- functionpoint
[    5.799078] __driver_attach -- functionpoint
[    5.799198] __driver_attach -- functionpoint
[    5.799317] __driver_attach -- functionpoint
[    5.799436] __driver_attach -- functionpoint
[    5.799555] __driver_attach -- functionpoint
[    5.799674] __driver_attach -- functionpoint
[    5.799794] __driver_attach -- functionpoint
[    5.799913] __driver_attach -- functionpoint
[    5.800077] __driver_attach -- functionpoint
[    5.800196] __driver_attach -- functionpoint
[    5.800315] __driver_attach -- functionpoint
[    5.800435] __driver_attach -- functionpoint
[    5.800554] __driver_attach -- functionpoint
[    5.800674] __driver_attach -- functionpoint
[    5.800793] __driver_attach -- functionpoint
[    5.800912] __driver_attach -- functionpoint
[    5.801032] __driver_attach -- functionpoint
[    5.801151] __driver_attach -- functionpoint
[    5.801270] __driver_attach -- functionpoint
[    5.801389] __driver_attach -- functionpoint
[    5.801508] __driver_attach -- functionpoint
[    5.801627] __driver_attach -- functionpoint
[    5.801747] __driver_attach -- functionpoint
[    5.801866] __driver_attach -- functionpoint
[    5.801985] __driver_attach -- functionpoint
[    5.802105] __driver_attach -- functionpoint
[    5.802224] __driver_attach -- functionpoint
[    5.802343] __driver_attach -- functionpoint
[    5.802462] __driver_attach -- functionpoint
[    5.802582] __driver_attach -- functionpoint
[    5.802701] __driver_attach -- functionpoint
[    5.802825] __driver_attach -- functionpoint
[    5.802945] __driver_attach -- functionpoint
[    5.803064] __driver_attach -- functionpoint
[    5.803183] __driver_attach -- functionpoint
[    5.803303] __driver_attach -- functionpoint
[    5.803422] __driver_attach -- functionpoint
[    5.803541] __driver_attach -- functionpoint
[    5.803660] __driver_attach -- functionpoint
[    5.803780] __driver_attach -- functionpoint
[    5.803899] __driver_attach -- functionpoint
[    5.804064] __driver_attach -- functionpoint
[    5.804183] __driver_attach -- functionpoint
[    5.804302] __driver_attach -- functionpoint
[    5.804422] __driver_attach -- functionpoint
[    5.804545] driver_register -- functionpoint
[    5.804664] bus_add_driver -- functionpoint
[    5.804788] functionpoint -- bus: 'acpi': add driver button
[    5.805066] __driver_attach -- functionpoint
[    5.805067] __driver_attach -- functionpoint
[    5.805220] __driver_attach -- functionpoint
[    5.805373] __driver_attach -- functionpoint
[    5.805526] __driver_attach -- functionpoint
[    5.805680] __driver_attach -- functionpoint
[    5.805833] __driver_attach -- functionpoint
[    5.805986] __driver_attach -- functionpoint
[    5.806139] __driver_attach -- functionpoint
[    5.806293] __driver_attach -- functionpoint
[    5.806447] __driver_attach -- functionpoint
[    5.806600] __driver_attach -- functionpoint
[    5.806755] __driver_attach -- functionpoint
[    5.806909] __driver_attach -- functionpoint
[    5.807063] __driver_attach -- functionpoint
[    5.807217] __driver_attach -- functionpoint
[    5.807372] __driver_attach -- functionpoint
[    5.807526] __driver_attach -- functionpoint
[    5.807681] __driver_attach -- functionpoint
[    5.807836] __driver_attach -- functionpoint
[    5.807993] __driver_attach -- functionpoint
[    5.808194] __driver_attach -- functionpoint
[    5.808350] __driver_attach -- functionpoint
[    5.808505] __driver_attach -- functionpoint
[    5.808661] __driver_attach -- functionpoint
[    5.808823] __driver_attach -- functionpoint
[    5.808979] __driver_attach -- functionpoint
[    5.809135] __driver_attach -- functionpoint
[    5.809290] __driver_attach -- functionpoint
[    5.809445] __driver_attach -- functionpoint
[    5.809600] __driver_attach -- functionpoint
[    5.809756] __driver_attach -- functionpoint
[    5.809912] __driver_attach -- functionpoint
[    5.810069] __driver_attach -- functionpoint
[    5.810225] __driver_attach -- functionpoint
[    5.810381] __driver_attach -- functionpoint
[    5.810538] __driver_attach -- functionpoint
[    5.810694] __driver_attach -- functionpoint
[    5.810851] __driver_attach -- functionpoint
[    5.811007] __driver_attach -- functionpoint
[    5.811163] __driver_attach -- functionpoint
[    5.811320] __driver_attach -- functionpoint
[    5.811477] __driver_attach -- functionpoint
[    5.811634] __driver_attach -- functionpoint
[    5.811791] __driver_attach -- functionpoint
[    5.811947] __driver_attach -- functionpoint
[    5.812144] __driver_attach -- functionpoint
[    5.812301] __driver_attach -- functionpoint
[    5.812459] __driver_attach -- functionpoint
[    5.812616] __driver_attach -- functionpoint
[    5.812774] __driver_attach -- functionpoint
[    5.812931] __driver_attach -- functionpoint
[    5.813089] __driver_attach -- functionpoint
[    5.813246] __driver_attach -- functionpoint
[    5.813403] __driver_attach -- functionpoint
[    5.813561] __driver_attach -- functionpoint
[    5.813719] __driver_attach -- functionpoint
[    5.813877] __driver_attach -- functionpoint
[    5.814034] __driver_attach -- functionpoint
[    5.814192] __driver_attach -- functionpoint
[    5.814350] __driver_attach -- functionpoint
[    5.814508] __driver_attach -- functionpoint
[    5.814666] __driver_attach -- functionpoint
[    5.814824] __driver_attach -- functionpoint
[    5.814982] __driver_attach -- functionpoint
[    5.815137] __driver_attach -- functionpoint
[    5.815283] __driver_attach -- functionpoint
[    5.815420] __driver_attach -- functionpoint
[    5.815545] __driver_attach -- functionpoint
[    5.815670] __driver_attach -- functionpoint
[    5.815795] __driver_attach -- functionpoint
[    5.815926] __driver_attach -- functionpoint
[    5.816088] __driver_attach -- functionpoint
[    5.816214] __driver_attach -- functionpoint
[    5.816339] __driver_attach -- functionpoint
[    5.816465] __driver_attach -- functionpoint
[    5.816590] __driver_attach -- functionpoint
[    5.816715] __driver_attach -- functionpoint
[    5.816841] __driver_attach -- functionpoint
[    5.816966] __driver_attach -- functionpoint
[    5.817091] __driver_attach -- functionpoint
[    5.817216] __driver_attach -- functionpoint
[    5.817342] __driver_attach -- functionpoint
[    5.817467] __driver_attach -- functionpoint
[    5.817592] __driver_attach -- functionpoint
[    5.817718] __driver_attach -- functionpoint
[    5.817843] __driver_attach -- functionpoint
[    5.817968] __driver_attach -- functionpoint
[    5.818094] __driver_attach -- functionpoint
[    5.818219] __driver_attach -- functionpoint
[    5.818344] __driver_attach -- functionpoint
[    5.818469] __driver_attach -- functionpoint
[    5.818599] __driver_attach -- functionpoint
[    5.818724] __driver_attach -- functionpoint
[    5.818849] __driver_attach -- functionpoint
[    5.818974] __driver_attach -- functionpoint
[    5.819099] __driver_attach -- functionpoint
[    5.819224] __driver_attach -- functionpoint
[    5.819349] __driver_attach -- functionpoint
[    5.819477] __driver_attach -- functionpoint
[    5.819602] __driver_attach -- functionpoint
[    5.819727] __driver_attach -- functionpoint
[    5.819851] __driver_attach -- functionpoint
[    5.819976] __driver_attach -- functionpoint
[    5.820146] __driver_attach -- functionpoint
[    5.820271] __driver_attach -- functionpoint
[    5.820396] __driver_attach -- functionpoint
[    5.820520] __driver_attach -- functionpoint
[    5.820645] __driver_attach -- functionpoint
[    5.820769] __driver_attach -- functionpoint
[    5.820893] __driver_attach -- functionpoint
[    5.821018] __driver_attach -- functionpoint
[    5.821142] __driver_attach -- functionpoint
[    5.821267] __driver_attach -- functionpoint
[    5.821392] __driver_attach -- functionpoint
[    5.821516] __driver_attach -- functionpoint
[    5.821641] __driver_attach -- functionpoint
[    5.821765] __driver_attach -- functionpoint
[    5.821889] __driver_attach -- functionpoint
[    5.822014] __driver_attach -- functionpoint
[    5.822138] __driver_attach -- functionpoint
[    5.822263] __driver_attach -- functionpoint
[    5.822387] __driver_attach -- functionpoint
[    5.822511] __driver_attach -- functionpoint
[    5.822636] __driver_attach -- functionpoint
[    5.822760] __driver_attach -- functionpoint
[    5.822885] __driver_attach -- functionpoint
[    5.823009] __driver_attach -- functionpoint
[    5.823133] __driver_attach -- functionpoint
[    5.823257] __driver_attach -- functionpoint
[    5.823382] __driver_attach -- functionpoint
[    5.823506] __driver_attach -- functionpoint
[    5.823631] __driver_attach -- functionpoint
[    5.823755] __driver_attach -- functionpoint
[    5.823879] __driver_attach -- functionpoint
[    5.824049] __driver_attach -- functionpoint
[    5.824173] __driver_attach -- functionpoint
[    5.824297] __driver_attach -- functionpoint
[    5.824421] __driver_attach -- functionpoint
[    5.824546] __driver_attach -- functionpoint
[    5.824669] __driver_attach -- functionpoint
[    5.824794] __driver_attach -- functionpoint
[    5.824918] __driver_attach -- functionpoint
[    5.825042] __driver_attach -- functionpoint
[    5.825166] __driver_attach -- functionpoint
[    5.825290] __driver_attach -- functionpoint
[    5.825414] __driver_attach -- functionpoint
[    5.825538] __driver_attach -- functionpoint
[    5.825662] __driver_attach -- functionpoint
[    5.825786] __driver_attach -- functionpoint
[    5.825910] __driver_attach -- functionpoint
[    5.826033] __driver_attach -- functionpoint
[    5.826157] __driver_attach -- functionpoint
[    5.826282] __driver_attach -- functionpoint
[    5.826406] __driver_attach -- functionpoint
[    5.826530] __driver_attach -- functionpoint
[    5.826654] __driver_attach -- functionpoint
[    5.826778] __driver_attach -- functionpoint
[    5.826902] __driver_attach -- functionpoint
[    5.827026] __driver_attach -- functionpoint
[    5.827150] __driver_attach -- functionpoint
[    5.827274] __driver_attach -- functionpoint
[    5.827399] __driver_attach -- functionpoint
[    5.827523] __driver_attach -- functionpoint
[    5.827648] __driver_attach -- functionpoint
[    5.827772] __driver_attach -- functionpoint
[    5.827896] __driver_attach -- functionpoint
[    5.828066] __driver_attach -- functionpoint
[    5.828190] __driver_attach -- functionpoint
[    5.828314] __driver_attach -- functionpoint
[    5.828439] __driver_attach -- functionpoint
[    5.828563] __driver_attach -- functionpoint
[    5.828687] __driver_attach -- functionpoint
[    5.828811] __driver_attach -- functionpoint
[    5.828934] __driver_attach -- functionpoint
[    5.829058] __driver_attach -- functionpoint
[    5.829182] __driver_attach -- functionpoint
[    5.829307] __driver_attach -- functionpoint
[    5.829431] __driver_attach -- functionpoint
[    5.829555] __driver_attach -- functionpoint
[    5.829679] __driver_attach -- functionpoint
[    5.829802] __driver_attach -- functionpoint
[    5.829928] __driver_attach -- functionpoint
[    5.830052] __driver_attach -- functionpoint
[    5.830176] __driver_attach -- functionpoint
[    5.830300] __driver_attach -- functionpoint
[    5.830425] __driver_attach -- functionpoint
[    5.830549] __driver_attach -- functionpoint
[    5.830673] __driver_attach -- functionpoint
[    5.830797] __driver_attach -- functionpoint
[    5.830922] __driver_attach -- functionpoint
[    5.831046] __driver_attach -- functionpoint
[    5.831170] __driver_attach -- functionpoint
[    5.831299] really_probe -- functionpoint
[    5.831425] functionpoint -- bus: 'acpi': really_probe: probing driver button with device PNP0C0E:00
[    5.831752] input: Sleep Button as /devices/LNXSYSTM:00/LNXSYBUS:00/PNP0C0E:00/input/input0
[    5.831768] ACPI: Sleep Button [SLPB]
[    5.831773] __driver_attach -- functionpoint
[    5.831773] __driver_attach -- functionpoint
[    5.831947] __driver_attach -- functionpoint
[    5.832158] really_probe -- functionpoint
[    5.832331] functionpoint -- bus: 'acpi': really_probe: probing driver button with device PNP0C0C:00
[    5.832747] input: Power Button as /devices/LNXSYSTM:00/LNXSYBUS:00/PNP0C0C:00/input/input1
[    5.832761] ACPI: Power Button [PWRB]
[    5.832764] __driver_attach -- functionpoint
[    5.832764] __driver_attach -- functionpoint
[    5.832985] __driver_attach -- functionpoint
[    5.833204] __driver_attach -- functionpoint
[    5.833424] __driver_attach -- functionpoint
[    5.833644] __driver_attach -- functionpoint
[    5.833863] __driver_attach -- functionpoint
[    5.834082] __driver_attach -- functionpoint
[    5.834302] __driver_attach -- functionpoint
[    5.834522] __driver_attach -- functionpoint
[    5.834741] __driver_attach -- functionpoint
[    5.834960] __driver_attach -- functionpoint
[    5.835179] __driver_attach -- functionpoint
[    5.835398] __driver_attach -- functionpoint
[    5.835617] __driver_attach -- functionpoint
[    5.835836] __driver_attach -- functionpoint
[    5.836100] __driver_attach -- functionpoint
[    5.836319] __driver_attach -- functionpoint
[    5.836539] __driver_attach -- functionpoint
[    5.836758] __driver_attach -- functionpoint
[    5.836977] __driver_attach -- functionpoint
[    5.837196] __driver_attach -- functionpoint
[    5.837415] __driver_attach -- functionpoint
[    5.837634] __driver_attach -- functionpoint
[    5.837854] __driver_attach -- functionpoint
[    5.838073] __driver_attach -- functionpoint
[    5.838293] really_probe -- functionpoint
[    5.838512] functionpoint -- bus: 'acpi': really_probe: probing driver button with device LNXPWRBN:00
[    5.839019] input: Power Button as /devices/LNXSYSTM:00/LNXPWRBN:00/input/input2
