[    0.000000] microcode: microcode updated early to revision 0xd6, date = 2020-04-23
[    0.000000] Linux version 4.15.9+ (root@Yee-680G4) (gcc version 5.5.0 20171010 (Ubuntu 5.5.0-12ubuntu1~16.04)) #22 SMP Mon Sep 28 16:26:50 CST 2020
[    0.000000] Command line: BOOT_IMAGE=/boot/vmlinuz-4.15.9+ root=UUID=da0e40f1-3840-43a9-b61a-7b465a7673d3 ro quiet splash vt.handoff=7
[    0.000000] KERNEL supported cpus:
[    0.000000]   Intel GenuineIntel
[    0.000000]   AMD AuthenticAMD
[    0.000000]   Centaur CentaurHauls
[    0.000000] x86/fpu: Supporting XSAVE feature 0x001: 'x87 floating point registers'
[    0.000000] x86/fpu: Supporting XSAVE feature 0x002: 'SSE registers'
[    0.000000] x86/fpu: Supporting XSAVE feature 0x004: 'AVX registers'
[    0.000000] x86/fpu: Supporting XSAVE feature 0x008: 'MPX bounds registers'
[    0.000000] x86/fpu: Supporting XSAVE feature 0x010: 'MPX CSR'
[    0.000000] x86/fpu: xstate_offset[2]:  576, xstate_sizes[2]:  256
[    0.000000] x86/fpu: xstate_offset[3]:  832, xstate_sizes[3]:   64
[    0.000000] x86/fpu: xstate_offset[4]:  896, xstate_sizes[4]:   64
[    0.000000] x86/fpu: Enabled xstate features 0x1f, context size is 960 bytes, using 'compacted' format.
[    0.000000] e820: BIOS-provided physical RAM map:
[    0.000000] BIOS-e820: [mem 0x0000000000000000-0x000000000009efff] usable
[    0.000000] BIOS-e820: [mem 0x000000000009f000-0x00000000000fffff] reserved
[    0.000000] BIOS-e820: [mem 0x0000000000100000-0x00000000be6aafff] usable
[    0.000000] BIOS-e820: [mem 0x00000000be6ab000-0x00000000bf98efff] reserved
[    0.000000] BIOS-e820: [mem 0x00000000bf98f000-0x00000000bfb8efff] ACPI NVS
[    0.000000] BIOS-e820: [mem 0x00000000bfb8f000-0x00000000bfc0efff] ACPI data
[    0.000000] BIOS-e820: [mem 0x00000000bfc0f000-0x00000000bfc0ffff] usable
[    0.000000] BIOS-e820: [mem 0x00000000bfc10000-0x00000000d47fffff] reserved
[    0.000000] BIOS-e820: [mem 0x00000000fe010000-0x00000000fe010fff] reserved
[    0.000000] BIOS-e820: [mem 0x00000000ff000000-0x00000000ffffffff] reserved
[    0.000000] BIOS-e820: [mem 0x0000000100000000-0x00000004277fffff] usable
[    0.000000] NX (Execute Disable) protection: active
[    0.000000] efi: EFI v2.60 by HP
[    0.000000] efi:  ACPI=0xbfc0e000  ACPI 2.0=0xbfc0e014  SMBIOS=0xbee75000  ESRT=0xbee76018  MEMATTR=0xaf753018 
[    0.000000] random: fast init done
[    0.000000] SMBIOS 3.1 present.
[    0.000000] DMI: HP HP ProDesk 680 G4 MT/8580, BIOS R04 Ver. 02.11.01 04/27/2020
[    0.000000] e820: update [mem 0x00000000-0x00000fff] usable ==> reserved
[    0.000000] e820: remove [mem 0x000a0000-0x000fffff] usable
[    0.000000] e820: last_pfn = 0x427800 max_arch_pfn = 0x400000000
[    0.000000] MTRR default type: write-back
[    0.000000] MTRR fixed ranges enabled:
[    0.000000]   00000-9FFFF write-back
[    0.000000]   A0000-BFFFF uncachable
[    0.000000]   C0000-FFFFF write-protect
[    0.000000] MTRR variable ranges enabled:
[    0.000000]   0 base 00E0000000 mask 7FE0000000 uncachable
[    0.000000]   1 base 00D0000000 mask 7FF0000000 uncachable
[    0.000000]   2 base 00C8000000 mask 7FF8000000 uncachable
[    0.000000]   3 base 00C4000000 mask 7FFC000000 uncachable
[    0.000000]   4 base 2000000000 mask 6000000000 uncachable
[    0.000000]   5 base 1000000000 mask 7000000000 uncachable
[    0.000000]   6 base 0800000000 mask 7800000000 uncachable
[    0.000000]   7 base 4000000000 mask 4000000000 uncachable
[    0.000000]   8 disabled
[    0.000000]   9 disabled
[    0.000000] x86/PAT: Configuration [0-7]: WB  WC  UC- UC  WB  WP  UC- WT  
[    0.000000] e820: last_pfn = 0xbfc10 max_arch_pfn = 0x400000000
[    0.000000] esrt: Reserving ESRT space from 0x00000000bee76018 to 0x00000000bee76050.
[    0.000000] Scanning 1 areas for low memory corruption
[    0.000000] Base memory trampoline at [        (ptrval)] 99000 size 24576
[    0.000000] Using GB pages for direct mapping
[    0.000000] BRK [0x24d13a000, 0x24d13afff] PGTABLE
[    0.000000] BRK [0x24d13b000, 0x24d13bfff] PGTABLE
[    0.000000] BRK [0x24d13c000, 0x24d13cfff] PGTABLE
[    0.000000] BRK [0x24d13d000, 0x24d13dfff] PGTABLE
[    0.000000] BRK [0x24d13e000, 0x24d13efff] PGTABLE
[    0.000000] BRK [0x24d13f000, 0x24d13ffff] PGTABLE
[    0.000000] BRK [0x24d140000, 0x24d140fff] PGTABLE
[    0.000000] BRK [0x24d141000, 0x24d141fff] PGTABLE
[    0.000000] Secure boot could not be determined
[    0.000000] RAMDISK: [mem 0x23328000-0x3e1b0fff]
[    0.000000] ACPI: Early table checksum verification disabled
[    0.000000] ACPI: RSDP 0x00000000BFC0E014 000024 (v02 HPQOEM)
[    0.000000] ACPI: XSDT 0x00000000BFBC7188 0000DC (v01 HPQOEM SLIC-BPC 00000000 INTL 20160422)
[    0.000000] ACPI: FACP 0x00000000BFC08000 000114 (v06 HPQOEM SLIC-BPC 00000000 HP   00000001)
[    0.000000] ACPI: DSDT 0x00000000BFBE5000 01E092 (v02 HPQOEM 8580     00000000 INTL 20160527)
[    0.000000] ACPI: FACS 0x00000000BFB3F000 000040
[    0.000000] ACPI: SSDT 0x00000000BFC0C000 00012A (v02 HP     ShmTable 00000001 INTL 20160527)
[    0.000000] ACPI: SSDT 0x00000000BFC0A000 001B5F (v02 CpuRef CpuSsdt  00003000 INTL 20160527)
[    0.000000] ACPI: SSDT 0x00000000BFC09000 0009CF (v02 CtdpB  CtdpB    00001000 INTL 20160527)
[    0.000000] ACPI: HPET 0x00000000BFC07000 000038 (v01 HPQOEM 8580     00000001 HP   00000001)
[    0.000000] ACPI: APIC 0x00000000BFC06000 00012C (v03 HPQOEM 8580     00000001 HP   00000001)
[    0.000000] ACPI: MCFG 0x00000000BFC05000 00003C (v01 HPQOEM 8580     00000001 HP   00000001)
[    0.000000] ACPI: WSMT 0x00000000BFC04000 000028 (v01 HPQOEM 8580     00000001 HP   00000001)
[    0.000000] ACPI: SSDT 0x00000000BFBE4000 000734 (v01 HPQOEM PtidDevc 00001000 INTL 20160527)
[    0.000000] ACPI: SSDT 0x00000000BFBE3000 000B27 (v02 HPQOEM HP_XHC_P 00000000 INTL 20160527)
[    0.000000] ACPI: SSDT 0x00000000BFBDF000 0030ED (v02 SaSsdt SaSsdt   00003000 INTL 20160527)
[    0.000000] ACPI: LPIT 0x00000000BFBDE000 000094 (v01 INTEL  CFL      20170001 INTL 20160422)
[    0.000000] ACPI: WSMT 0x00000000BFBDD000 000028 (v01 INTEL  CFL      20170001 INTL 20160422)
[    0.000000] ACPI: SSDT 0x00000000BFBDC000 00044C (v02 INTEL  Wwan     00000001 INTL 20160527)
[    0.000000] ACPI: UEFI 0x00000000BFB39000 000042 (v01 INTEL  CFL      20170001 INTL 20160422)
[    0.000000] ACPI: OEML 0x00000000BFBDB000 000028 (v03 INTEL  CFL      20170001 INTL 20160422)
[    0.000000] ACPI: DMAR 0x00000000BFBDA000 0000C8 (v01 INTEL  CFL      00000002      01000013)
[    0.000000] ACPI: SSDT 0x00000000BFBCB000 00E899 (v01 HP     HPINDTWL 00001000 INTL 20160527)
[    0.000000] ACPI: SSDT 0x00000000BFBCA000 000032 (v01 HP     HPCONDEV 00001000 INTL 20160527)
[    0.000000] ACPI: SSDT 0x00000000BFBC9000 000069 (v01 HP     HPCAHWID 00001000 INTL 20160527)
[    0.000000] ACPI: ASF! 0x00000000BFBC8000 0000A0 (v32 HPQOEM  UYA     20170001 INTL 20160422)
[    0.000000] ACPI: FPDT 0x00000000BFC0D000 000044 (v01 INTEL  CFL      20170001 INTL 20160422)
[    0.000000] ACPI: BGRT 0x00000000BFBC6000 000038 (v01 INTEL  CFL      20170001 INTL 20160422)
[    0.000000] ACPI: Local APIC address 0xfee00000
[    0.000000] No NUMA configuration found
[    0.000000] Faking a node at [mem 0x0000000000000000-0x00000004277fffff]
[    0.000000] NODE_DATA(0) allocated [mem 0x4277d5000-0x4277fffff]
[    0.000000] Zone ranges:
[    0.000000]   DMA      [mem 0x0000000000001000-0x0000000000ffffff]
[    0.000000]   DMA32    [mem 0x0000000001000000-0x00000000ffffffff]
[    0.000000]   Normal   [mem 0x0000000100000000-0x00000004277fffff]
[    0.000000]   Device   empty
[    0.000000] Movable zone start for each node
[    0.000000] Early memory node ranges
[    0.000000]   node   0: [mem 0x0000000000001000-0x000000000009efff]
[    0.000000]   node   0: [mem 0x0000000000100000-0x00000000be6aafff]
[    0.000000]   node   0: [mem 0x00000000bfc0f000-0x00000000bfc0ffff]
[    0.000000]   node   0: [mem 0x0000000100000000-0x00000004277fffff]
[    0.000000] Initmem setup node 0 [mem 0x0000000000001000-0x00000004277fffff]
[    0.000000] On node 0 totalpages: 4087370
[    0.000000]   DMA zone: 64 pages used for memmap
[    0.000000]   DMA zone: 21 pages reserved
[    0.000000]   DMA zone: 3998 pages, LIFO batch:0
[    0.000000]   DMA32 zone: 12123 pages used for memmap
[    0.000000]   DMA32 zone: 775852 pages, LIFO batch:31
[    0.000000]   Normal zone: 51680 pages used for memmap
[    0.000000]   Normal zone: 3307520 pages, LIFO batch:31
[    0.000000] Reserved but unavailable: 99 pages
[    0.000000] tboot: non-0 tboot_addr but it is not of type E820_TYPE_RESERVED
[    0.000000] ACPI: PM-Timer IO Port: 0x1808
[    0.000000] ACPI: Local APIC address 0xfee00000
[    0.000000] ACPI: LAPIC_NMI (acpi_id[0x01] high edge lint[0x1])
[    0.000000] ACPI: LAPIC_NMI (acpi_id[0x02] high edge lint[0x1])
[    0.000000] ACPI: LAPIC_NMI (acpi_id[0x03] high edge lint[0x1])
[    0.000000] ACPI: LAPIC_NMI (acpi_id[0x04] high edge lint[0x1])
[    0.000000] ACPI: LAPIC_NMI (acpi_id[0x05] high edge lint[0x1])
[    0.000000] ACPI: LAPIC_NMI (acpi_id[0x06] high edge lint[0x1])
[    0.000000] ACPI: LAPIC_NMI (acpi_id[0x07] high edge lint[0x1])
[    0.000000] ACPI: LAPIC_NMI (acpi_id[0x08] high edge lint[0x1])
[    0.000000] ACPI: LAPIC_NMI (acpi_id[0x09] high edge lint[0x1])
[    0.000000] ACPI: LAPIC_NMI (acpi_id[0x0a] high edge lint[0x1])
[    0.000000] ACPI: LAPIC_NMI (acpi_id[0x0b] high edge lint[0x1])
[    0.000000] ACPI: LAPIC_NMI (acpi_id[0x0c] high edge lint[0x1])
[    0.000000] ACPI: LAPIC_NMI (acpi_id[0x0d] high edge lint[0x1])
[    0.000000] ACPI: LAPIC_NMI (acpi_id[0x0e] high edge lint[0x1])
[    0.000000] ACPI: LAPIC_NMI (acpi_id[0x0f] high edge lint[0x1])
[    0.000000] ACPI: LAPIC_NMI (acpi_id[0x10] high edge lint[0x1])
[    0.000000] IOAPIC[0]: apic_id 2, version 32, address 0xfec00000, GSI 0-119
[    0.000000] ACPI: INT_SRC_OVR (bus 0 bus_irq 0 global_irq 2 dfl dfl)
[    0.000000] ACPI: INT_SRC_OVR (bus 0 bus_irq 9 global_irq 9 high level)
[    0.000000] ACPI: IRQ0 used by override.
[    0.000000] ACPI: IRQ9 used by override.
[    0.000000] Using ACPI (MADT) for SMP configuration information
[    0.000000] ACPI: HPET id: 0x8086a201 base: 0xfed00000
[    0.000000] smpboot: Allowing 8 CPUs, 0 hotplug CPUs
[    0.000000] PM: Registered nosave memory: [mem 0x00000000-0x00000fff]
[    0.000000] PM: Registered nosave memory: [mem 0x0009f000-0x000fffff]
[    0.000000] PM: Registered nosave memory: [mem 0xbe6ab000-0xbf98efff]
[    0.000000] PM: Registered nosave memory: [mem 0xbf98f000-0xbfb8efff]
[    0.000000] PM: Registered nosave memory: [mem 0xbfb8f000-0xbfc0efff]
[    0.000000] PM: Registered nosave memory: [mem 0xbfc10000-0xd47fffff]
[    0.000000] PM: Registered nosave memory: [mem 0xd4800000-0xfe00ffff]
[    0.000000] PM: Registered nosave memory: [mem 0xfe010000-0xfe010fff]
[    0.000000] PM: Registered nosave memory: [mem 0xfe011000-0xfeffffff]
[    0.000000] PM: Registered nosave memory: [mem 0xff000000-0xffffffff]
[    0.000000] e820: [mem 0xd4800000-0xfe00ffff] available for PCI devices
[    0.000000] Booting paravirtualized kernel on bare hardware
[    0.000000] clocksource: refined-jiffies: mask: 0xffffffff max_cycles: 0xffffffff, max_idle_ns: 7645519600211568 ns
[    0.000000] setup_percpu: NR_CPUS:8192 nr_cpumask_bits:8 nr_cpu_ids:8 nr_node_ids:1
[    0.000000] percpu: Embedded 46 pages/cpu @        (ptrval) s151552 r8192 d28672 u262144
[    0.000000] pcpu-alloc: s151552 r8192 d28672 u262144 alloc=1*2097152
[    0.000000] pcpu-alloc: [0] 0 1 2 3 4 5 6 7 
[    0.000000] Built 1 zonelists, mobility grouping on.  Total pages: 4023482
[    0.000000] Policy zone: Normal
[    0.000000] Kernel command line: BOOT_IMAGE=/boot/vmlinuz-4.15.9+ root=UUID=da0e40f1-3840-43a9-b61a-7b465a7673d3 ro quiet splash vt.handoff=7
[    0.000000] Calgary: detecting Calgary via BIOS EBDA area
[    0.000000] Calgary: Unable to locate Rio Grande table in EBDA - bailing!
[    0.000000] Memory: 15485628K/16349480K available (12300K kernel code, 2470K rwdata, 4192K rodata, 2388K init, 2416K bss, 863852K reserved, 0K cma-reserved)
[    0.000000] SLUB: HWalign=64, Order=0-3, MinObjects=0, CPUs=8, Nodes=1
[    0.000000] ftrace: allocating 38976 entries in 153 pages
[    0.000000] Hierarchical RCU implementation.
[    0.000000] 	RCU restricting CPUs from NR_CPUS=8192 to nr_cpu_ids=8.
[    0.000000] 	Tasks RCU enabled.
[    0.000000] RCU: Adjusting geometry for rcu_fanout_leaf=16, nr_cpu_ids=8
[    0.000000] NR_IRQS: 524544, nr_irqs: 2048, preallocated irqs: 16
[    0.000000] Console: colour dummy device 80x25
[    0.000000] console [tty0] enabled
[    0.000000] ACPI: Core revision 20170831
[    0.000000] ACPI Error: [\_SB_.PCI0.XHC_.RHUB.HS11] Namespace lookup failure, AE_NOT_FOUND (20170831/dswload-210)
[    0.000000] ACPI Exception: AE_NOT_FOUND, During name lookup/catalog (20170831/psobject-252)
[    0.000000] ACPI Exception: AE_NOT_FOUND, (SSDT:HP_XHC_P) while loading table (20170831/tbxfload-228)
[    0.000000] ACPI Error: 1 table load failures, 10 successful (20170831/tbxfload-246)
[    0.000000] clocksource: hpet: mask: 0xffffffff max_cycles: 0xffffffff, max_idle_ns: 79635855245 ns
[    0.000000] hpet clockevent registered
[    0.004000] APIC: Switch to symmetric I/O mode setup
[    0.004000] DMAR: Host address width 39
[    0.004000] DMAR: DRHD base: 0x000000fed90000 flags: 0x0
[    0.004000] DMAR: dmar0: reg_base_addr fed90000 ver 1:0 cap 1c0000c40660462 ecap 19e2ff0505e
[    0.004000] DMAR: DRHD base: 0x000000fed91000 flags: 0x1
[    0.004000] DMAR: dmar1: reg_base_addr fed91000 ver 1:0 cap d2008c40660462 ecap f050da
[    0.004000] DMAR: RMRR base: 0x000000bf81d000 end: 0x000000bf83cfff
[    0.004000] DMAR: RMRR base: 0x000000c4000000 end: 0x000000d47fffff
[    0.004000] DMAR: RMRR base: 0x000000bf86e000 end: 0x000000bf8edfff
[    0.004000] DMAR-IR: IOAPIC id 2 under DRHD base  0xfed91000 IOMMU 1
[    0.004000] DMAR-IR: HPET id 0 under DRHD base 0xfed91000
[    0.004000] DMAR-IR: Queued invalidation will be enabled to support x2apic and Intr-remapping.
[    0.004000] DMAR-IR: Enabled IRQ remapping in x2apic mode
[    0.004000] x2apic enabled
[    0.004000] Switched APIC routing to cluster x2apic.
[    0.016000] ..TIMER: vector=0x30 apic1=0 pin1=2 apic2=-1 pin2=-1
[    0.036000] tsc: Detected 3000.000 MHz processor
[    0.036000] Calibrating delay loop (skipped), value calculated using timer frequency.. 6000.00 BogoMIPS (lpj=12000000)
[    0.036000] pid_max: default: 32768 minimum: 301
[    0.036000] Security Framework initialized
[    0.036000] Yama: becoming mindful.
[    0.036000] AppArmor: AppArmor initialized
[    0.036000] Dentry cache hash table entries: 2097152 (order: 12, 16777216 bytes)
[    0.036000] Inode-cache hash table entries: 1048576 (order: 11, 8388608 bytes)
[    0.036000] Mount-cache hash table entries: 32768 (order: 6, 262144 bytes)
[    0.036000] Mountpoint-cache hash table entries: 32768 (order: 6, 262144 bytes)
[    0.036000] CPU: Physical Processor ID: 0
[    0.036000] CPU: Processor Core ID: 0
[    0.036000] ENERGY_PERF_BIAS: Set to 'normal', was 'performance'
[    0.036000] ENERGY_PERF_BIAS: View and update with x86_energy_perf_policy(8)
[    0.036000] mce: CPU supports 14 MCE banks
[    0.036000] CPU0: Thermal monitoring enabled (TM1)
[    0.036000] process: using mwait in idle threads
[    0.036000] Last level iTLB entries: 4KB 128, 2MB 8, 4MB 8
[    0.036000] Last level dTLB entries: 4KB 64, 2MB 0, 4MB 0, 1GB 4
[    0.036000] Spectre V2 : Mitigation: Full generic retpoline
[    0.036000] Spectre V2 : Spectre v2 mitigation: Filling RSB on context switch
[    0.036000] Spectre V2 : Spectre v2 mitigation: Enabling Indirect Branch Prediction Barrier
[    0.036000] Freeing SMP alternatives memory: 36K
[    0.041998] TSC deadline timer enabled
[    0.042009] smpboot: CPU0: Intel(R) Core(TM) i7-9700 CPU @ 3.00GHz (family: 0x6, model: 0x9e, stepping: 0xd)
[    0.042061] Performance Events: PEBS fmt3+, Skylake events, 32-deep LBR, full-width counters, Intel PMU driver.
[    0.042090] ... version:                4
[    0.042090] ... bit width:              48
[    0.042090] ... generic registers:      8
[    0.042091] ... value mask:             0000ffffffffffff
[    0.042092] ... max period:             00007fffffffffff
[    0.042092] ... fixed-purpose events:   3
[    0.042092] ... event mask:             00000007000000ff
[    0.042122] Hierarchical SRCU implementation.
[    0.043060] NMI watchdog: Enabled. Permanently consumes one hw-PMU counter.
[    0.043071] smp: Bringing up secondary CPUs ...
[    0.043131] x86: Booting SMP configuration:
[    0.043131] .... node  #0, CPUs:      #1 #2 #3 #4 #5 #6 #7
[    0.053429] smp: Brought up 1 node, 8 CPUs
[    0.053429] smpboot: Max logical packages: 1
[    0.053429] smpboot: Total of 8 processors activated (48000.00 BogoMIPS)
[    0.056280] devtmpfs: initialized
[    0.056280] x86/mm: Memory block size: 128MB
[    0.057022] evm: security.selinux
[    0.057022] evm: security.SMACK64
[    0.057023] evm: security.SMACK64EXEC
[    0.057023] evm: security.SMACK64TRANSMUTE
[    0.057024] evm: security.SMACK64MMAP
[    0.057024] evm: security.apparmor
[    0.057024] evm: security.ima
[    0.057025] evm: security.capability
[    0.057038] PM: Registering ACPI NVS region [mem 0xbf98f000-0xbfb8efff] (2097152 bytes)
[    0.057038] clocksource: jiffies: mask: 0xffffffff max_cycles: 0xffffffff, max_idle_ns: 7645041785100000 ns
[    0.057038] futex hash table entries: 2048 (order: 5, 131072 bytes)
[    0.057038] pinctrl core: initialized pinctrl subsystem
[    0.057038] driver_register -- functionpoint
[    0.057038] bus_add_driver -- functionpoint
[    0.057038] functionpoint -- bus: 'platform': add driver reg-dummy
[    0.057038] really_probe -- functionpoint
[    0.057038] functionpoint -- bus: 'platform': really_probe: probing driver reg-dummy with device reg-dummy
[    0.057038] RTC time:  8:48:06, date: 09/28/20
[    0.057038] NET: Registered protocol family 16
[    0.057038] audit: initializing netlink subsys (disabled)
[    0.057038] audit: type=2000 audit(1601282886.056:1): state=initialized audit_enabled=0 res=1
[    0.057038] driver_register -- functionpoint
[    0.057038] bus_add_driver -- functionpoint
[    0.057038] functionpoint -- bus: 'platform': add driver sram
[    0.057038] driver_register -- functionpoint
[    0.057038] bus_add_driver -- functionpoint
[    0.057038] functionpoint -- bus: 'platform': add driver syscon
[    0.057038] driver_register -- functionpoint
[    0.057038] bus_add_driver -- functionpoint
[    0.057038] functionpoint -- bus: 'i2c': add driver dummy
[    0.057038] cpuidle: using governor ladder
[    0.057038] cpuidle: using governor menu
[    0.057038] ACPI FADT declares the system doesn't support PCIe ASPM, so disable it
[    0.057038] ACPI: bus type PCI registered
[    0.057038] acpiphp: ACPI Hot Plug PCI Controller Driver version: 0.5
[    0.057038] start pci_arch_init -- functionpoint
[    0.057038] PCI: MMCONFIG for domain 0000 [bus 00-3f] at [mem 0xf8000000-0xfbffffff] (base 0xf8000000)
[    0.057038] PCI: not using MMCONFIG
[    0.057038] PCI: Using configuration type 1 for base access
[    0.057038] end pci_arch_init -- functionpoint
[    0.057123] HugeTLB registered 1.00 GiB page size, pre-allocated 0 pages
[    0.057123] HugeTLB registered 2.00 MiB page size, pre-allocated 0 pages
[    0.057125] driver_register -- functionpoint
[    0.057125] bus_add_driver -- functionpoint
[    0.057125] functionpoint -- bus: 'i2c': add driver sx150x-pinctrl
[    0.057125] driver_register -- functionpoint
[    0.057125] bus_add_driver -- functionpoint
[    0.057125] functionpoint -- bus: 'platform': add driver byt_gpio
[    0.057125] driver_register -- functionpoint
[    0.057125] bus_add_driver -- functionpoint
[    0.057125] functionpoint -- bus: 'platform': add driver cherryview-pinctrl
[    0.057125] driver_register -- functionpoint
[    0.057125] bus_add_driver -- functionpoint
[    0.057125] functionpoint -- bus: 'platform': add driver lp_gpio
[    0.057125] driver_register -- functionpoint
[    0.057125] bus_add_driver -- functionpoint
[    0.057125] functionpoint -- bus: 'platform': add driver rc5t583-gpio
[    0.057125] driver_register -- functionpoint
[    0.057125] bus_add_driver -- functionpoint
[    0.057125] functionpoint -- bus: 'platform': add driver palmas-gpio
[    0.057125] driver_register -- functionpoint
[    0.057125] bus_add_driver -- functionpoint
[    0.057125] functionpoint -- bus: 'platform': add driver tps6586x-gpio
[    0.057125] driver_register -- functionpoint
[    0.057125] bus_add_driver -- functionpoint
[    0.057125] functionpoint -- bus: 'platform': add driver tps65910-gpio
[    0.057125] ACPI: Added _OSI(Module Device)
[    0.057125] ACPI: Added _OSI(Processor Device)
[    0.057125] ACPI: Added _OSI(3.0 _SCP Extensions)
[    0.057125] ACPI: Added _OSI(Processor Aggregator Device)
[    0.061842] ACPI: Executed 30 blocks of module-level executable AML code
[    0.072036] ACPI: [Firmware Bug]: BIOS _OSI(Linux) query ignored
[    0.079613] ACPI: Dynamic OEM Table Load:
[    0.079613] ACPI: SSDT 0xFFFF896D14FB7100 0000F4 (v02 PmRef  Cpu0Psd  00003000 INTL 20160527)
[    0.079613] ACPI: Executed 1 blocks of module-level executable AML code
[    0.079613] ACPI: \_SB_.PR00: _OSC native thermal LVT Acked
[    0.079613] ACPI: Dynamic OEM Table Load:
[    0.079613] ACPI: SSDT 0xFFFF896D14F41000 000400 (v02 PmRef  Cpu0Cst  00003001 INTL 20160527)
[    0.079613] ACPI: Executed 1 blocks of module-level executable AML code
[    0.079613] ACPI: Dynamic OEM Table Load:
[    0.079613] ACPI: SSDT 0xFFFF896D14C17000 000605 (v02 PmRef  Cpu0Ist  00003000 INTL 20160527)
[    0.079613] ACPI: Executed 1 blocks of module-level executable AML code
[    0.079613] ACPI: Dynamic OEM Table Load:
[    0.079613] ACPI: SSDT 0xFFFF896D14F7A200 000149 (v02 PmRef  Cpu0Hwp  00003000 INTL 20160527)
[    0.079613] ACPI: Executed 2 blocks of module-level executable AML code
[    0.079613] ACPI: Dynamic OEM Table Load:
[    0.079613] ACPI: SSDT 0xFFFF896D14C10000 000724 (v02 PmRef  HwpLvt   00003000 INTL 20160527)
[    0.079613] ACPI: Executed 1 blocks of module-level executable AML code
[    0.079613] ACPI: Dynamic OEM Table Load:
[    0.079613] ACPI: SSDT 0xFFFF896D14C11000 0005FC (v02 PmRef  ApIst    00003000 INTL 20160527)
[    0.079613] ACPI: Executed 1 blocks of module-level executable AML code
[    0.079778] ACPI: Dynamic OEM Table Load:
[    0.079782] ACPI: SSDT 0xFFFF896D14F42C00 000317 (v02 PmRef  ApHwp    00003000 INTL 20160527)
[    0.080000] ACPI: Executed 1 blocks of module-level executable AML code
[    0.080243] ACPI: Dynamic OEM Table Load:
[    0.080249] ACPI: SSDT 0xFFFF896D14E54000 000AB0 (v02 PmRef  ApPsd    00003000 INTL 20160527)
[    0.081085] ACPI: Executed 1 blocks of module-level executable AML code
[    0.081282] ACPI: Dynamic OEM Table Load:
[    0.081287] ACPI: SSDT 0xFFFF896D14F41400 00030A (v02 PmRef  ApCst    00003000 INTL 20160527)
[    0.081562] ACPI: Executed 1 blocks of module-level executable AML code
[    0.084483] ACPI: EC: EC started
[    0.084483] ACPI: EC: interrupt blocked
[    0.084499] ACPI: \_SB_.PCI0.LPCB.EC0_: Used as first EC
[    0.084501] ACPI: \_SB_.PCI0.LPCB.EC0_: GPE=0x6e, EC_CMD/EC_SC=0x66, EC_DATA=0x62
[    0.084502] ACPI: \_SB_.PCI0.LPCB.EC0_: Used as boot DSDT EC to handle transactions
[    0.084502] ACPI: Interpreter enabled
[    0.084550] ACPI: (supports S0 S3 S4 S5)
[    0.084551] ACPI: Using IOAPIC for interrupt routing
[    0.084592] PCI: MMCONFIG for domain 0000 [bus 00-3f] at [mem 0xf8000000-0xfbffffff] (base 0xf8000000)
[    0.087197] PCI: MMCONFIG at [mem 0xf8000000-0xfbffffff] reserved in ACPI motherboard resources
[    0.087203] acpi_pci_root_init --functionpoint
[    0.087203] acpi_hest_init -- functionpoint
[    0.087208] PCI: Using host bridge windows from ACPI; if necessary, use "pci=nocrs" and report a bug
[    0.087593] driver_register -- functionpoint
[    0.087594] bus_add_driver -- functionpoint
[    0.087596] functionpoint -- bus: 'platform': add driver clk-lpt
[    0.087650] ACPI: Enabled 4 GPEs in block 00 to 7F
[    0.087653] acpi_bus_scan -- functionpoint
[    0.094488] ACPI: Power Resource [USBC] (on)
[    0.095293] ACPI: Power Resource [WRST] (on)
[    0.095691] ACPI: Power Resource [WRST] (on)
[    0.096095] ACPI: Power Resource [WRST] (on)
[    0.096494] ACPI: Power Resource [WRST] (on)
[    0.096900] ACPI: Power Resource [WRST] (on)
[    0.097304] ACPI: Power Resource [WRST] (on)
[    0.097705] ACPI: Power Resource [WRST] (on)
[    0.098105] ACPI: Power Resource [WRST] (on)
[    0.098501] ACPI: Power Resource [WRST] (on)
[    0.098897] ACPI: Power Resource [WRST] (on)
[    0.099294] ACPI: Power Resource [WRST] (on)
[    0.099689] ACPI: Power Resource [WRST] (on)
[    0.100089] ACPI: Power Resource [WRST] (on)
[    0.100486] ACPI: Power Resource [WRST] (on)
[    0.100880] ACPI: Power Resource [WRST] (on)
[    0.101277] ACPI: Power Resource [WRST] (on)
[    0.101673] ACPI: Power Resource [WRST] (on)
[    0.102069] ACPI: Power Resource [WRST] (on)
[    0.102462] ACPI: Power Resource [WRST] (on)
[    0.102860] ACPI: Power Resource [WRST] (on)
[    0.104548] ACPI: Power Resource [V0PR] (on)
[    0.104768] ACPI: Power Resource [V1PR] (on)
[    0.104973] ACPI: Power Resource [V2PR] (on)
[    0.109494] ACPI: Power Resource [WRST] (on)
[    0.111678] acpi_pci_root_add -- functionpoint
[    0.112057] ACPI: PCI Root Bridge [PCI0] (domain 0000 [bus 00-3e])
[    0.112060] ACPI: functionpoint -- PCI Root Bridge [PCI0] (domain 0000 [bus 00-3e])
[    0.112067] acpi PNP0A08:00: _OSC: OS supports [ExtendedConfig ASPM ClockPM Segments MSI]
[    0.115442] acpi PNP0A08:00: _OSC: OS now controls [PCIeHotplug PME AER PCIeCapability]
[    0.115443] acpi PNP0A08:00: FADT indicates ASPM is unsupported, using BIOS configuration
[    0.115456] pci_acpi_scan_root -- functionpoint
[    0.115457] pci_find_bus -- functionpoint
[    0.115459] pci_find_next_bus -- functionpoint
[    0.115471] acpi_pci_root_create -- functionpoint
[    0.115850] pci_create_root_bus -- functionpoint
[    0.115852] pci_alloc_host_bridge -- functionpoint
[    0.115853] pci_register_host_bridge -- functionpoint
[    0.115855] pci_find_bus -- functionpoint
[    0.115856] pci_find_next_bus -- functionpoint
[    0.116907] pci_bus_read_dev_vendor_id -- functionpoint
[    0.116921] pci_bus_read_dev_vendor_id -- functionpoint
[    0.116933] pci_bus_read_dev_vendor_id -- functionpoint
[    0.116946] pci_bus_read_dev_vendor_id -- functionpoint
[    0.116957] pci_bus_read_dev_vendor_id -- functionpoint
[    0.116970] pci_bus_read_dev_vendor_id -- functionpoint
[    0.116978] pci_bus_read_dev_vendor_id -- functionpoint
[    0.116991] pci_bus_read_dev_vendor_id -- functionpoint
[    0.117004] pci_bus_read_dev_vendor_id -- functionpoint
[    0.117009] pci_bus_read_dev_vendor_id -- functionpoint
[    0.117020] pci_bus_read_dev_vendor_id -- functionpoint
[    0.117067] pci_bus_read_dev_vendor_id -- functionpoint
[    0.117119] pci_bus_read_dev_vendor_id -- functionpoint
[    0.117170] pci_bus_read_dev_vendor_id -- functionpoint
[    0.117221] pci_bus_read_dev_vendor_id -- functionpoint
[    0.117272] pci_bus_read_dev_vendor_id -- functionpoint
[    0.117324] pci_bus_read_dev_vendor_id -- functionpoint
[    0.117375] pci_bus_read_dev_vendor_id -- functionpoint
[    0.117423] pci_bus_read_dev_vendor_id -- functionpoint
[    0.117476] pci_bus_read_dev_vendor_id -- functionpoint
[    0.117527] pci_bus_read_dev_vendor_id -- functionpoint
[    0.117578] pci_bus_read_dev_vendor_id -- functionpoint
[    0.117630] pci_bus_read_dev_vendor_id -- functionpoint
[    0.117681] pci_bus_read_dev_vendor_id -- functionpoint
[    0.117733] pci_bus_read_dev_vendor_id -- functionpoint
[    0.117784] pci_bus_read_dev_vendor_id -- functionpoint
[    0.117835] pci_bus_read_dev_vendor_id -- functionpoint
[    0.117889] pci_bus_read_dev_vendor_id -- functionpoint
[    0.117941] pci_bus_read_dev_vendor_id -- functionpoint
[    0.117992] pci_bus_read_dev_vendor_id -- functionpoint
[    0.118044] pci_bus_read_dev_vendor_id -- functionpoint
[    0.118095] pci_bus_read_dev_vendor_id -- functionpoint
[    0.118144] pci_bus_read_dev_vendor_id -- functionpoint
[    0.118195] pci_bus_read_dev_vendor_id -- functionpoint
[    0.118247] pci_bus_read_dev_vendor_id -- functionpoint
[    0.118262] pci_bus_read_dev_vendor_id -- functionpoint
[    0.118280] pci_bus_read_dev_vendor_id -- functionpoint
[    0.118293] pci_bus_read_dev_vendor_id -- functionpoint
[    0.118305] pci_bus_read_dev_vendor_id -- functionpoint
[    0.118319] pci_bus_read_dev_vendor_id -- functionpoint
[    0.118324] pci_bus_read_dev_vendor_id -- functionpoint
[    0.118331] pci_bus_read_dev_vendor_id -- functionpoint
[    0.118338] PCI host bridge to bus 0000:00
[    0.118342] pci_bus 0000:00: root bus resource [io  0x0000-0x0cf7 window]
[    0.118343] pci_bus 0000:00: root bus resource [io  0x0d00-0xffff window]
[    0.118344] pci_bus 0000:00: root bus resource [mem 0x000a0000-0x000bffff window]
[    0.118345] pci_bus 0000:00: root bus resource [mem 0xd4800000-0xf7ffffff window]
[    0.118346] pci_bus 0000:00: root bus resource [mem 0x4000000000-0x7fffffffff window]
[    0.118347] pci_bus 0000:00: root bus resource [mem 0xfc800000-0xfe7fffff window]
[    0.118348] pci_bus 0000:00: root bus resource [bus 00-3e]
[    0.118349] pci_scan_child_bus_extend -- functionpoint
[    0.118350] pci_bus 0000:00: functionpoint -- scanning bus
[    0.118353] pci_scan_slot -- functionpoint
[    0.118353] pci_scan_single_device -- functionpoint
[    0.118355] pci_get_slot -- functionpoint
[    0.118356] pci_scan_device -- functionpoint
[    0.118357] pci_bus_read_dev_vendor_id -- functionpoint
[    0.118360] functionpoint -- dev_vendor: 8086, dev_device: 3e30
[    0.118362] pci_setup_device -- functionpoint
[    0.118368] pci 0000:00:00.0: [8086:3e30] type 00 class 0x060000
[    0.118370] pci 0000:00:00.0: functionpoint -- [8086:3e30] type 00 class 0x060000
[    0.118385] switch case PCI_HEADER_TYPE_NORMAL -- functionpoint
[    0.118397] pci_device_add -- functionpoint
[    0.119390] functionpoint -- fn = 0
[    0.119393] next_fn -- functionpoint
[    0.119394] pci_scan_slot -- functionpoint
[    0.119395] pci_scan_single_device -- functionpoint
[    0.119396] pci_get_slot -- functionpoint
[    0.119398] pci_scan_device -- functionpoint
[    0.119399] pci_bus_read_dev_vendor_id -- functionpoint
[    0.119410] functionpoint -- fn = 0
[    0.119412] pci_scan_slot -- functionpoint
[    0.119412] pci_scan_single_device -- functionpoint
[    0.119414] pci_get_slot -- functionpoint
[    0.119415] pci_scan_device -- functionpoint
[    0.119417] pci_bus_read_dev_vendor_id -- functionpoint
[    0.119419] functionpoint -- dev_vendor: 8086, dev_device: 3e98
[    0.119421] pci_setup_device -- functionpoint
[    0.119426] pci 0000:00:02.0: [8086:3e98] type 00 class 0x030000
[    0.119429] pci 0000:00:02.0: functionpoint -- [8086:3e98] type 00 class 0x030000
[    0.119433] switch case PCI_HEADER_TYPE_NORMAL -- functionpoint
[    0.119439] pci 0000:00:02.0: reg 0x10: [mem 0xf0000000-0xf0ffffff 64bit]
[    0.119445] pci 0000:00:02.0: reg 0x18: [mem 0xe0000000-0xefffffff 64bit pref]
[    0.119449] pci 0000:00:02.0: reg 0x20: [io  0x4000-0x403f]
[    0.119455] pci_device_add -- functionpoint
[    0.119461] pci 0000:00:02.0: BAR 2: assigned to efifb
[    0.124482] functionpoint -- fn = 0
[    0.124483] next_fn -- functionpoint
[    0.124484] pci_scan_slot -- functionpoint
[    0.124485] pci_scan_single_device -- functionpoint
[    0.124486] pci_get_slot -- functionpoint
[    0.124488] pci_scan_device -- functionpoint
[    0.124489] pci_bus_read_dev_vendor_id -- functionpoint
[    0.124500] functionpoint -- fn = 0
[    0.124502] pci_scan_slot -- functionpoint
[    0.124503] pci_scan_single_device -- functionpoint
[    0.124504] pci_get_slot -- functionpoint
[    0.124505] pci_scan_device -- functionpoint
[    0.124507] pci_bus_read_dev_vendor_id -- functionpoint
[    0.124525] functionpoint -- fn = 0
[    0.124527] pci_scan_slot -- functionpoint
[    0.124528] pci_scan_single_device -- functionpoint
[    0.124529] pci_get_slot -- functionpoint
[    0.124530] pci_scan_device -- functionpoint
[    0.124532] pci_bus_read_dev_vendor_id -- functionpoint
[    0.124550] functionpoint -- fn = 0
[    0.124552] pci_scan_slot -- functionpoint
[    0.124553] pci_scan_single_device -- functionpoint
[    0.124554] pci_get_slot -- functionpoint
[    0.124555] pci_scan_device -- functionpoint
[    0.124557] pci_bus_read_dev_vendor_id -- functionpoint
[    0.124575] functionpoint -- fn = 0
[    0.124577] pci_scan_slot -- functionpoint
[    0.124578] pci_scan_single_device -- functionpoint
[    0.124579] pci_get_slot -- functionpoint
[    0.124580] pci_scan_device -- functionpoint
[    0.124582] pci_bus_read_dev_vendor_id -- functionpoint
[    0.124600] functionpoint -- fn = 0
[    0.124602] pci_scan_slot -- functionpoint
[    0.124603] pci_scan_single_device -- functionpoint
[    0.124604] pci_get_slot -- functionpoint
[    0.124605] pci_scan_device -- functionpoint
[    0.124607] pci_bus_read_dev_vendor_id -- functionpoint
[    0.124625] functionpoint -- fn = 0
[    0.124627] pci_scan_slot -- functionpoint
[    0.124628] pci_scan_single_device -- functionpoint
[    0.124629] pci_get_slot -- functionpoint
[    0.124630] pci_scan_device -- functionpoint
[    0.124632] pci_bus_read_dev_vendor_id -- functionpoint
[    0.124650] functionpoint -- fn = 0
[    0.124653] pci_scan_slot -- functionpoint
[    0.124653] pci_scan_single_device -- functionpoint
[    0.124654] pci_get_slot -- functionpoint
[    0.124655] pci_scan_device -- functionpoint
[    0.124657] pci_bus_read_dev_vendor_id -- functionpoint
[    0.124675] functionpoint -- fn = 0
[    0.124677] pci_scan_slot -- functionpoint
[    0.124678] pci_scan_single_device -- functionpoint
[    0.124679] pci_get_slot -- functionpoint
[    0.124680] pci_scan_device -- functionpoint
[    0.124682] pci_bus_read_dev_vendor_id -- functionpoint
[    0.124700] functionpoint -- fn = 0
[    0.124702] pci_scan_slot -- functionpoint
[    0.124703] pci_scan_single_device -- functionpoint
[    0.124704] pci_get_slot -- functionpoint
[    0.124705] pci_scan_device -- functionpoint
[    0.124707] pci_bus_read_dev_vendor_id -- functionpoint
[    0.124725] functionpoint -- fn = 0
[    0.124727] pci_scan_slot -- functionpoint
[    0.124728] pci_scan_single_device -- functionpoint
[    0.124729] pci_get_slot -- functionpoint
[    0.124730] pci_scan_device -- functionpoint
[    0.124732] pci_bus_read_dev_vendor_id -- functionpoint
[    0.124750] functionpoint -- fn = 0
[    0.124753] pci_scan_slot -- functionpoint
[    0.124753] pci_scan_single_device -- functionpoint
[    0.124754] pci_get_slot -- functionpoint
[    0.124755] pci_scan_device -- functionpoint
[    0.124757] pci_bus_read_dev_vendor_id -- functionpoint
[    0.124775] functionpoint -- fn = 0
[    0.124777] pci_scan_slot -- functionpoint
[    0.124778] pci_scan_single_device -- functionpoint
[    0.124779] pci_get_slot -- functionpoint
[    0.124780] pci_scan_device -- functionpoint
[    0.124782] pci_bus_read_dev_vendor_id -- functionpoint
[    0.124800] functionpoint -- fn = 0
[    0.124802] pci_scan_slot -- functionpoint
[    0.124803] pci_scan_single_device -- functionpoint
[    0.124804] pci_get_slot -- functionpoint
[    0.124805] pci_scan_device -- functionpoint
[    0.124807] pci_bus_read_dev_vendor_id -- functionpoint
[    0.124825] functionpoint -- fn = 0
[    0.124827] pci_scan_slot -- functionpoint
[    0.124828] pci_scan_single_device -- functionpoint
[    0.124829] pci_get_slot -- functionpoint
[    0.124830] pci_scan_device -- functionpoint
[    0.124832] pci_bus_read_dev_vendor_id -- functionpoint
[    0.124850] functionpoint -- fn = 0
[    0.124852] pci_scan_slot -- functionpoint
[    0.124853] pci_scan_single_device -- functionpoint
[    0.124854] pci_get_slot -- functionpoint
[    0.124855] pci_scan_device -- functionpoint
[    0.124857] pci_bus_read_dev_vendor_id -- functionpoint
[    0.124864] functionpoint -- dev_vendor: 8086, dev_device: a379
[    0.124867] pci_setup_device -- functionpoint
[    0.124879] pci 0000:00:12.0: [8086:a379] type 00 class 0x118000
[    0.124881] pci 0000:00:12.0: functionpoint -- [8086:a379] type 00 class 0x118000
[    0.124895] switch case PCI_HEADER_TYPE_NORMAL -- functionpoint
[    0.124912] pci 0000:00:12.0: reg 0x10: [mem 0x4000107000-0x4000107fff 64bit]
[    0.124953] pci_device_add -- functionpoint
[    0.125984] functionpoint -- fn = 0
[    0.125987] next_fn -- functionpoint
[    0.125987] pci_scan_single_device -- functionpoint
[    0.125989] pci_get_slot -- functionpoint
[    0.125990] pci_scan_device -- functionpoint
[    0.125991] pci_bus_read_dev_vendor_id -- functionpoint
[    0.126003] functionpoint -- fn = 1
[    0.126005] next_fn -- functionpoint
[    0.126005] pci_scan_single_device -- functionpoint
[    0.126006] pci_get_slot -- functionpoint
[    0.126008] pci_scan_device -- functionpoint
[    0.126009] pci_bus_read_dev_vendor_id -- functionpoint
[    0.126026] functionpoint -- fn = 2
[    0.126028] next_fn -- functionpoint
[    0.126029] pci_scan_single_device -- functionpoint
[    0.126030] pci_get_slot -- functionpoint
[    0.126031] pci_scan_device -- functionpoint
[    0.126033] pci_bus_read_dev_vendor_id -- functionpoint
[    0.126051] functionpoint -- fn = 3
[    0.126053] next_fn -- functionpoint
[    0.126053] pci_scan_single_device -- functionpoint
[    0.126055] pci_get_slot -- functionpoint
[    0.126056] pci_scan_device -- functionpoint
[    0.126057] pci_bus_read_dev_vendor_id -- functionpoint
[    0.126076] functionpoint -- fn = 4
[    0.126078] next_fn -- functionpoint
[    0.126078] pci_scan_single_device -- functionpoint
[    0.126080] pci_get_slot -- functionpoint
[    0.126081] pci_scan_device -- functionpoint
[    0.126082] pci_bus_read_dev_vendor_id -- functionpoint
[    0.126101] functionpoint -- fn = 5
[    0.126103] next_fn -- functionpoint
[    0.126103] pci_scan_single_device -- functionpoint
[    0.126105] pci_get_slot -- functionpoint
[    0.126106] pci_scan_device -- functionpoint
[    0.126107] pci_bus_read_dev_vendor_id -- functionpoint
[    0.126120] functionpoint -- fn = 6
[    0.126123] next_fn -- functionpoint
[    0.126123] pci_scan_single_device -- functionpoint
[    0.126124] pci_get_slot -- functionpoint
[    0.126126] pci_scan_device -- functionpoint
[    0.126127] pci_bus_read_dev_vendor_id -- functionpoint
[    0.126135] functionpoint -- fn = 7
[    0.126138] next_fn -- functionpoint
[    0.126138] pci_scan_slot -- functionpoint
[    0.126139] pci_scan_single_device -- functionpoint
[    0.126141] pci_get_slot -- functionpoint
[    0.126142] pci_scan_device -- functionpoint
[    0.126143] pci_bus_read_dev_vendor_id -- functionpoint
[    0.126155] functionpoint -- fn = 0
[    0.126157] pci_scan_slot -- functionpoint
[    0.126157] pci_scan_single_device -- functionpoint
[    0.126159] pci_get_slot -- functionpoint
[    0.126160] pci_scan_device -- functionpoint
[    0.126161] pci_bus_read_dev_vendor_id -- functionpoint
[    0.126164] functionpoint -- dev_vendor: 8086, dev_device: a36d
[    0.126167] pci_setup_device -- functionpoint
[    0.126180] pci 0000:00:14.0: [8086:a36d] type 00 class 0x0c0330
[    0.126182] pci 0000:00:14.0: functionpoint -- [8086:a36d] type 00 class 0x0c0330
[    0.126197] switch case PCI_HEADER_TYPE_NORMAL -- functionpoint
[    0.126217] pci 0000:00:14.0: reg 0x10: [mem 0xf1220000-0xf122ffff 64bit]
[    0.126273] pci_device_add -- functionpoint
[    0.126322] pci 0000:00:14.0: PME# supported from D3hot D3cold
[    0.127381] functionpoint -- fn = 0
[    0.127383] next_fn -- functionpoint
[    0.127383] pci_scan_single_device -- functionpoint
[    0.127385] pci_get_slot -- functionpoint
[    0.127386] pci_scan_device -- functionpoint
[    0.127387] pci_bus_read_dev_vendor_id -- functionpoint
[    0.127399] functionpoint -- fn = 1
[    0.127401] next_fn -- functionpoint
[    0.127401] pci_scan_single_device -- functionpoint
[    0.127402] pci_get_slot -- functionpoint
[    0.127404] pci_scan_device -- functionpoint
[    0.127405] pci_bus_read_dev_vendor_id -- functionpoint
[    0.127419] functionpoint -- dev_vendor: 8086, dev_device: a36f
[    0.127421] pci_setup_device -- functionpoint
[    0.127432] pci 0000:00:14.2: [8086:a36f] type 00 class 0x050000
[    0.127434] pci 0000:00:14.2: functionpoint -- [8086:a36f] type 00 class 0x050000
[    0.127446] switch case PCI_HEADER_TYPE_NORMAL -- functionpoint
[    0.127462] pci 0000:00:14.2: reg 0x10: [mem 0xf1232000-0xf1233fff 64bit]
[    0.127478] pci 0000:00:14.2: reg 0x18: [mem 0x4000106000-0x4000106fff 64bit]
[    0.127503] pci_device_add -- functionpoint
[    0.128521] functionpoint -- fn = 2
[    0.128524] next_fn -- functionpoint
[    0.128524] pci_scan_single_device -- functionpoint
[    0.128525] pci_get_slot -- functionpoint
[    0.128527] pci_scan_device -- functionpoint
[    0.128528] pci_bus_read_dev_vendor_id -- functionpoint
[    0.128534] functionpoint -- fn = 3
[    0.128536] next_fn -- functionpoint
[    0.128536] pci_scan_single_device -- functionpoint
[    0.128538] pci_get_slot -- functionpoint
[    0.128539] pci_scan_device -- functionpoint
[    0.128540] pci_bus_read_dev_vendor_id -- functionpoint
[    0.128549] functionpoint -- fn = 4
[    0.128551] next_fn -- functionpoint
[    0.128551] pci_scan_single_device -- functionpoint
[    0.128552] pci_get_slot -- functionpoint
[    0.128554] pci_scan_device -- functionpoint
[    0.128555] pci_bus_read_dev_vendor_id -- functionpoint
[    0.128564] functionpoint -- fn = 5
[    0.128566] next_fn -- functionpoint
[    0.128566] pci_scan_single_device -- functionpoint
[    0.128567] pci_get_slot -- functionpoint
[    0.128569] pci_scan_device -- functionpoint
[    0.128570] pci_bus_read_dev_vendor_id -- functionpoint
[    0.128589] functionpoint -- fn = 6
[    0.128591] next_fn -- functionpoint
[    0.128592] pci_scan_single_device -- functionpoint
[    0.128593] pci_get_slot -- functionpoint
[    0.128594] pci_scan_device -- functionpoint
[    0.128595] pci_bus_read_dev_vendor_id -- functionpoint
[    0.128614] functionpoint -- fn = 7
[    0.128616] next_fn -- functionpoint
[    0.128617] pci_scan_slot -- functionpoint
[    0.128618] pci_scan_single_device -- functionpoint
[    0.128619] pci_get_slot -- functionpoint
[    0.128620] pci_scan_device -- functionpoint
[    0.128622] pci_bus_read_dev_vendor_id -- functionpoint
[    0.128633] functionpoint -- fn = 0
[    0.128636] pci_scan_slot -- functionpoint
[    0.128636] pci_scan_single_device -- functionpoint
[    0.128637] pci_get_slot -- functionpoint
[    0.128639] pci_scan_device -- functionpoint
[    0.128640] pci_bus_read_dev_vendor_id -- functionpoint
[    0.128643] functionpoint -- dev_vendor: 8086, dev_device: a360
[    0.128645] pci_setup_device -- functionpoint
[    0.128658] pci 0000:00:16.0: [8086:a360] type 00 class 0x078000
[    0.128660] pci 0000:00:16.0: functionpoint -- [8086:a360] type 00 class 0x078000
[    0.128675] switch case PCI_HEADER_TYPE_NORMAL -- functionpoint
[    0.128693] pci 0000:00:16.0: reg 0x10: [mem 0x4000105000-0x4000105fff 64bit]
[    0.128734] pci_device_add -- functionpoint
[    0.128783] pci 0000:00:16.0: PME# supported from D3hot
[    0.129829] functionpoint -- fn = 0
[    0.129830] next_fn -- functionpoint
[    0.129831] pci_scan_single_device -- functionpoint
[    0.129832] pci_get_slot -- functionpoint
[    0.129834] pci_scan_device -- functionpoint
[    0.129835] pci_bus_read_dev_vendor_id -- functionpoint
[    0.129846] functionpoint -- fn = 1
[    0.129848] next_fn -- functionpoint
[    0.129849] pci_scan_single_device -- functionpoint
[    0.129850] pci_get_slot -- functionpoint
[    0.129851] pci_scan_device -- functionpoint
[    0.129853] pci_bus_read_dev_vendor_id -- functionpoint
[    0.129861] functionpoint -- fn = 2
[    0.129863] next_fn -- functionpoint
[    0.129864] pci_scan_single_device -- functionpoint
[    0.129865] pci_get_slot -- functionpoint
[    0.129866] pci_scan_device -- functionpoint
[    0.129868] pci_bus_read_dev_vendor_id -- functionpoint
[    0.129871] functionpoint -- dev_vendor: 8086, dev_device: a363
[    0.129873] pci_setup_device -- functionpoint
[    0.129884] pci 0000:00:16.3: [8086:a363] type 00 class 0x070002
[    0.129887] pci 0000:00:16.3: functionpoint -- [8086:a363] type 00 class 0x070002
[    0.129900] switch case PCI_HEADER_TYPE_NORMAL -- functionpoint
[    0.129912] pci 0000:00:16.3: reg 0x10: [io  0x4088-0x408f]
[    0.129922] pci 0000:00:16.3: reg 0x14: [mem 0xf1237000-0xf1237fff]
[    0.129961] pci_device_add -- functionpoint
[    0.130986] functionpoint -- fn = 3
[    0.130988] next_fn -- functionpoint
[    0.130989] pci_scan_single_device -- functionpoint
[    0.130990] pci_get_slot -- functionpoint
[    0.130991] pci_scan_device -- functionpoint
[    0.130993] pci_bus_read_dev_vendor_id -- functionpoint
[    0.131004] functionpoint -- fn = 4
[    0.131006] next_fn -- functionpoint
[    0.131006] pci_scan_single_device -- functionpoint
[    0.131008] pci_get_slot -- functionpoint
[    0.131009] pci_scan_device -- functionpoint
[    0.131010] pci_bus_read_dev_vendor_id -- functionpoint
[    0.131019] functionpoint -- fn = 5
[    0.131021] next_fn -- functionpoint
[    0.131021] pci_scan_single_device -- functionpoint
[    0.131023] pci_get_slot -- functionpoint
[    0.131024] pci_scan_device -- functionpoint
[    0.131025] pci_bus_read_dev_vendor_id -- functionpoint
[    0.131034] functionpoint -- fn = 6
[    0.131036] next_fn -- functionpoint
[    0.131036] pci_scan_single_device -- functionpoint
[    0.131038] pci_get_slot -- functionpoint
[    0.131039] pci_scan_device -- functionpoint
[    0.131040] pci_bus_read_dev_vendor_id -- functionpoint
[    0.131049] functionpoint -- fn = 7
[    0.131051] next_fn -- functionpoint
[    0.131051] pci_scan_slot -- functionpoint
[    0.131053] pci_scan_single_device -- functionpoint
[    0.131054] pci_get_slot -- functionpoint
[    0.131055] pci_scan_device -- functionpoint
[    0.131057] pci_bus_read_dev_vendor_id -- functionpoint
[    0.131070] functionpoint -- dev_vendor: 8086, dev_device: a352
[    0.131073] pci_setup_device -- functionpoint
[    0.131086] pci 0000:00:17.0: [8086:a352] type 00 class 0x010601
[    0.131088] pci 0000:00:17.0: functionpoint -- [8086:a352] type 00 class 0x010601
[    0.131103] switch case PCI_HEADER_TYPE_NORMAL -- functionpoint
[    0.131117] pci 0000:00:17.0: reg 0x10: [mem 0xf1230000-0xf1231fff]
[    0.131130] pci 0000:00:17.0: reg 0x14: [mem 0xf1236000-0xf12360ff]
[    0.131141] pci 0000:00:17.0: reg 0x18: [io  0x4080-0x4087]
[    0.131152] pci 0000:00:17.0: reg 0x1c: [io  0x4090-0x4093]
[    0.131163] pci 0000:00:17.0: reg 0x20: [io  0x4060-0x407f]
[    0.131174] pci 0000:00:17.0: reg 0x24: [mem 0xf1235000-0xf12357ff]
[    0.131188] pci_device_add -- functionpoint
[    0.131237] pci 0000:00:17.0: PME# supported from D3hot
[    0.132315] functionpoint -- fn = 0
[    0.132317] next_fn -- functionpoint
[    0.132317] pci_scan_slot -- functionpoint
[    0.132319] pci_scan_single_device -- functionpoint
[    0.132320] pci_get_slot -- functionpoint
[    0.132322] pci_scan_device -- functionpoint
[    0.132323] pci_bus_read_dev_vendor_id -- functionpoint
[    0.132334] functionpoint -- fn = 0
[    0.132336] pci_scan_slot -- functionpoint
[    0.132337] pci_scan_single_device -- functionpoint
[    0.132338] pci_get_slot -- functionpoint
[    0.132339] pci_scan_device -- functionpoint
[    0.132341] pci_bus_read_dev_vendor_id -- functionpoint
[    0.132359] functionpoint -- fn = 0
[    0.132362] pci_scan_slot -- functionpoint
[    0.132362] pci_scan_single_device -- functionpoint
[    0.132363] pci_get_slot -- functionpoint
[    0.132365] pci_scan_device -- functionpoint
[    0.132366] pci_bus_read_dev_vendor_id -- functionpoint
[    0.132384] functionpoint -- fn = 0
[    0.132387] pci_scan_slot -- functionpoint
[    0.132387] pci_scan_single_device -- functionpoint
[    0.132388] pci_get_slot -- functionpoint
[    0.132390] pci_scan_device -- functionpoint
[    0.132391] pci_bus_read_dev_vendor_id -- functionpoint
[    0.132401] functionpoint -- dev_vendor: 8086, dev_device: a32c
[    0.132404] pci_setup_device -- functionpoint
[    0.132416] pci 0000:00:1b.0: [8086:a32c] type 01 class 0x060400
[    0.132419] pci 0000:00:1b.0: functionpoint -- [8086:a32c] type 01 class 0x060400
[    0.132438] switch case PCI_HEADER_TYPE_BRIDGE -- functionpoint
[    0.132483] pci_device_add -- functionpoint
[    0.132563] pci 0000:00:1b.0: PME# supported from D0 D3hot D3cold
[    0.132601] pci 0000:00:1b.0: PTM enabled (root), 4dns granularity
[    0.133668] functionpoint -- fn = 0
[    0.133669] next_fn -- functionpoint
[    0.133670] pci_scan_single_device -- functionpoint
[    0.133671] pci_get_slot -- functionpoint
[    0.133673] pci_scan_device -- functionpoint
[    0.133674] pci_bus_read_dev_vendor_id -- functionpoint
[    0.133685] functionpoint -- fn = 1
[    0.133687] next_fn -- functionpoint
[    0.133688] pci_scan_single_device -- functionpoint
[    0.133689] pci_get_slot -- functionpoint
[    0.133690] pci_scan_device -- functionpoint
[    0.133692] pci_bus_read_dev_vendor_id -- functionpoint
[    0.133710] functionpoint -- fn = 2
[    0.133712] next_fn -- functionpoint
[    0.133713] pci_scan_single_device -- functionpoint
[    0.133714] pci_get_slot -- functionpoint
[    0.133715] pci_scan_device -- functionpoint
[    0.133716] pci_bus_read_dev_vendor_id -- functionpoint
[    0.133735] functionpoint -- fn = 3
[    0.133737] next_fn -- functionpoint
[    0.133738] pci_scan_single_device -- functionpoint
[    0.133739] pci_get_slot -- functionpoint
[    0.133740] pci_scan_device -- functionpoint
[    0.133742] pci_bus_read_dev_vendor_id -- functionpoint
[    0.133760] functionpoint -- fn = 4
[    0.133762] next_fn -- functionpoint
[    0.133763] pci_scan_single_device -- functionpoint
[    0.133764] pci_get_slot -- functionpoint
[    0.133765] pci_scan_device -- functionpoint
[    0.133767] pci_bus_read_dev_vendor_id -- functionpoint
[    0.133785] functionpoint -- fn = 5
[    0.133787] next_fn -- functionpoint
[    0.133788] pci_scan_single_device -- functionpoint
[    0.133789] pci_get_slot -- functionpoint
[    0.133790] pci_scan_device -- functionpoint
[    0.133792] pci_bus_read_dev_vendor_id -- functionpoint
[    0.133810] functionpoint -- fn = 6
[    0.133812] next_fn -- functionpoint
[    0.133813] pci_scan_single_device -- functionpoint
[    0.133814] pci_get_slot -- functionpoint
[    0.133815] pci_scan_device -- functionpoint
[    0.133817] pci_bus_read_dev_vendor_id -- functionpoint
[    0.133835] functionpoint -- fn = 7
[    0.133837] next_fn -- functionpoint
[    0.133838] pci_scan_slot -- functionpoint
[    0.133839] pci_scan_single_device -- functionpoint
[    0.133840] pci_get_slot -- functionpoint
[    0.133842] pci_scan_device -- functionpoint
[    0.133843] pci_bus_read_dev_vendor_id -- functionpoint
[    0.133852] functionpoint -- dev_vendor: 8086, dev_device: a33e
[    0.133854] pci_setup_device -- functionpoint
[    0.133867] pci 0000:00:1c.0: [8086:a33e] type 01 class 0x060400
[    0.133870] pci 0000:00:1c.0: functionpoint -- [8086:a33e] type 01 class 0x060400
[    0.133888] switch case PCI_HEADER_TYPE_BRIDGE -- functionpoint
[    0.133933] pci_device_add -- functionpoint
[    0.134015] pci 0000:00:1c.0: PME# supported from D0 D3hot D3cold
[    0.134049] pci 0000:00:1c.0: PTM enabled (root), 4dns granularity
[    0.135111] functionpoint -- fn = 0
[    0.135113] next_fn -- functionpoint
[    0.135113] pci_scan_single_device -- functionpoint
[    0.135114] pci_get_slot -- functionpoint
[    0.135116] pci_scan_device -- functionpoint
[    0.135117] pci_bus_read_dev_vendor_id -- functionpoint
[    0.135128] functionpoint -- fn = 1
[    0.135130] next_fn -- functionpoint
[    0.135131] pci_scan_single_device -- functionpoint
[    0.135132] pci_get_slot -- functionpoint
[    0.135133] pci_scan_device -- functionpoint
[    0.135135] pci_bus_read_dev_vendor_id -- functionpoint
[    0.135152] functionpoint -- fn = 2
[    0.135154] next_fn -- functionpoint
[    0.135154] pci_scan_single_device -- functionpoint
[    0.135155] pci_get_slot -- functionpoint
[    0.135157] pci_scan_device -- functionpoint
[    0.135158] pci_bus_read_dev_vendor_id -- functionpoint
[    0.135176] functionpoint -- fn = 3
[    0.135179] next_fn -- functionpoint
[    0.135179] pci_scan_single_device -- functionpoint
[    0.135180] pci_get_slot -- functionpoint
[    0.135182] pci_scan_device -- functionpoint
[    0.135183] pci_bus_read_dev_vendor_id -- functionpoint
[    0.135201] functionpoint -- fn = 4
[    0.135203] next_fn -- functionpoint
[    0.135204] pci_scan_single_device -- functionpoint
[    0.135205] pci_get_slot -- functionpoint
[    0.135206] pci_scan_device -- functionpoint
[    0.135208] pci_bus_read_dev_vendor_id -- functionpoint
[    0.135226] functionpoint -- fn = 5
[    0.135228] next_fn -- functionpoint
[    0.135229] pci_scan_single_device -- functionpoint
[    0.135230] pci_get_slot -- functionpoint
[    0.135231] pci_scan_device -- functionpoint
[    0.135233] pci_bus_read_dev_vendor_id -- functionpoint
[    0.135251] functionpoint -- fn = 6
[    0.135253] next_fn -- functionpoint
[    0.135254] pci_scan_single_device -- functionpoint
[    0.135255] pci_get_slot -- functionpoint
[    0.135256] pci_scan_device -- functionpoint
[    0.135258] pci_bus_read_dev_vendor_id -- functionpoint
[    0.135276] functionpoint -- fn = 7
[    0.135278] next_fn -- functionpoint
[    0.135279] pci_scan_slot -- functionpoint
[    0.135280] pci_scan_single_device -- functionpoint
[    0.135281] pci_get_slot -- functionpoint
[    0.135283] pci_scan_device -- functionpoint
[    0.135284] pci_bus_read_dev_vendor_id -- functionpoint
[    0.135301] functionpoint -- fn = 0
[    0.135303] pci_scan_slot -- functionpoint
[    0.135304] pci_scan_single_device -- functionpoint
[    0.135305] pci_get_slot -- functionpoint
[    0.135306] pci_scan_device -- functionpoint
[    0.135308] pci_bus_read_dev_vendor_id -- functionpoint
[    0.135321] functionpoint -- fn = 0
[    0.135323] pci_scan_slot -- functionpoint
[    0.135323] pci_scan_single_device -- functionpoint
[    0.135325] pci_get_slot -- functionpoint
[    0.135326] pci_scan_device -- functionpoint
[    0.135327] pci_bus_read_dev_vendor_id -- functionpoint
[    0.135334] functionpoint -- dev_vendor: 8086, dev_device: a306
[    0.135337] pci_setup_device -- functionpoint
[    0.135344] pci 0000:00:1f.0: [8086:a306] type 00 class 0x060100
[    0.135346] pci 0000:00:1f.0: functionpoint -- [8086:a306] type 00 class 0x060100
[    0.135355] switch case PCI_HEADER_TYPE_NORMAL -- functionpoint
[    0.135432] pci_device_add -- functionpoint
[    0.136465] functionpoint -- fn = 0
[    0.136468] next_fn -- functionpoint
[    0.136468] pci_scan_single_device -- functionpoint
[    0.136469] pci_get_slot -- functionpoint
[    0.136471] pci_scan_device -- functionpoint
[    0.136472] pci_bus_read_dev_vendor_id -- functionpoint
[    0.136483] functionpoint -- fn = 1
[    0.136486] next_fn -- functionpoint
[    0.136486] pci_scan_single_device -- functionpoint
[    0.136487] pci_get_slot -- functionpoint
[    0.136489] pci_scan_device -- functionpoint
[    0.136490] pci_bus_read_dev_vendor_id -- functionpoint
[    0.136507] functionpoint -- fn = 2
[    0.136509] next_fn -- functionpoint
[    0.136510] pci_scan_single_device -- functionpoint
[    0.136511] pci_get_slot -- functionpoint
[    0.136512] pci_scan_device -- functionpoint
[    0.136514] pci_bus_read_dev_vendor_id -- functionpoint
[    0.136518] functionpoint -- dev_vendor: 8086, dev_device: a348
[    0.136521] pci_setup_device -- functionpoint
[    0.136547] pci 0000:00:1f.3: [8086:a348] type 00 class 0x040300
[    0.136549] pci 0000:00:1f.3: functionpoint -- [8086:a348] type 00 class 0x040300
[    0.136582] switch case PCI_HEADER_TYPE_NORMAL -- functionpoint
[    0.136624] pci 0000:00:1f.3: reg 0x10: [mem 0x4000100000-0x4000103fff 64bit]
[    0.136696] pci 0000:00:1f.3: reg 0x20: [mem 0x4000000000-0x40000fffff 64bit]
[    0.136719] pci_device_add -- functionpoint
[    0.136828] pci 0000:00:1f.3: PME# supported from D3hot D3cold
[    0.137955] functionpoint -- fn = 3
[    0.137957] next_fn -- functionpoint
[    0.137957] pci_scan_single_device -- functionpoint
[    0.137959] pci_get_slot -- functionpoint
[    0.137960] pci_scan_device -- functionpoint
[    0.137961] pci_bus_read_dev_vendor_id -- functionpoint
[    0.137974] functionpoint -- dev_vendor: 8086, dev_device: a323
[    0.137976] pci_setup_device -- functionpoint
[    0.137997] pci 0000:00:1f.4: [8086:a323] type 00 class 0x0c0500
[    0.137999] pci 0000:00:1f.4: functionpoint -- [8086:a323] type 00 class 0x0c0500
[    0.138024] switch case PCI_HEADER_TYPE_NORMAL -- functionpoint
[    0.138069] pci 0000:00:1f.4: reg 0x10: [mem 0x4000104000-0x40001040ff 64bit]
[    0.138131] pci 0000:00:1f.4: reg 0x20: [io  0xefa0-0xefbf]
[    0.138179] pci_device_add -- functionpoint
[    0.139225] functionpoint -- fn = 4
[    0.139227] next_fn -- functionpoint
[    0.139228] pci_scan_single_device -- functionpoint
[    0.139229] pci_get_slot -- functionpoint
[    0.139230] pci_scan_device -- functionpoint
[    0.139232] pci_bus_read_dev_vendor_id -- functionpoint
[    0.139241] functionpoint -- dev_vendor: 8086, dev_device: a324
[    0.139244] pci_setup_device -- functionpoint
[    0.139251] pci 0000:00:1f.5: [8086:a324] type 00 class 0x0c8000
[    0.139253] pci 0000:00:1f.5: functionpoint -- [8086:a324] type 00 class 0x0c8000
[    0.139262] switch case PCI_HEADER_TYPE_NORMAL -- functionpoint
[    0.139276] pci 0000:00:1f.5: reg 0x10: [mem 0xfe010000-0xfe010fff]
[    0.139328] pci_device_add -- functionpoint
[    0.140323] functionpoint -- fn = 5
[    0.140325] next_fn -- functionpoint
[    0.140326] pci_scan_single_device -- functionpoint
[    0.140327] pci_get_slot -- functionpoint
[    0.140329] pci_scan_device -- functionpoint
[    0.140330] pci_bus_read_dev_vendor_id -- functionpoint
[    0.140335] functionpoint -- dev_vendor: 8086, dev_device: 15bb
[    0.140337] pci_setup_device -- functionpoint
[    0.140353] pci 0000:00:1f.6: [8086:15bb] type 00 class 0x020000
[    0.140355] pci 0000:00:1f.6: functionpoint -- [8086:15bb] type 00 class 0x020000
[    0.140370] pci_get_slot -- functionpoint
[    0.140383] switch case PCI_HEADER_TYPE_NORMAL -- functionpoint
[    0.140405] pci 0000:00:1f.6: reg 0x10: [mem 0xf1200000-0xf121ffff]
[    0.140527] pci_device_add -- functionpoint
[    0.140598] pci 0000:00:1f.6: PME# supported from D0 D3hot D3cold
[    0.141597] functionpoint -- fn = 6
[    0.141598] next_fn -- functionpoint
[    0.141599] pci_scan_single_device -- functionpoint
[    0.141600] pci_get_slot -- functionpoint
[    0.141602] pci_scan_device -- functionpoint
[    0.141603] pci_bus_read_dev_vendor_id -- functionpoint
[    0.141611] functionpoint -- fn = 7
[    0.141614] next_fn -- functionpoint
[    0.141614] pci_read_bridge_bases -- functionpoint
[    0.141619] pci_find_bus -- functionpoint
[    0.141621] pci_find_next_bus -- functionpoint
[    0.141622] pci_find_next_bus -- functionpoint
[    0.141664] pci_bus_read_dev_vendor_id -- functionpoint
[    0.141675] pci_scan_child_bus_extend -- functionpoint
[    0.141677] pci_bus 0000:01: functionpoint -- scanning bus
[    0.141680] pci_scan_slot -- functionpoint
[    0.141680] pci_scan_single_device -- functionpoint
[    0.141682] pci_get_slot -- functionpoint
[    0.141683] pci_scan_device -- functionpoint
[    0.141684] pci_bus_read_dev_vendor_id -- functionpoint
[    0.141692] functionpoint -- dev_vendor: 1c5c, dev_device: 1339
[    0.141694] pci_setup_device -- functionpoint
[    0.141711] pci 0000:01:00.0: [1c5c:1339] type 00 class 0x010802
[    0.141714] pci 0000:01:00.0: functionpoint -- [1c5c:1339] type 00 class 0x010802
[    0.141733] switch case PCI_HEADER_TYPE_NORMAL -- functionpoint
[    0.141749] pci 0000:01:00.0: reg 0x10: [mem 0xf1100000-0xf1103fff 64bit]
[    0.141797] pci_device_add -- functionpoint
[    0.141874] pci 0000:01:00.0: supports D1
[    0.141876] pci 0000:01:00.0: PME# supported from D0 D1 D3hot
[    0.141947] functionpoint -- fn = 0
[    0.141948] next_fn -- functionpoint
[    0.152077] pci_scan_slot -- functionpoint
[    0.152078] pci_scan_slot -- functionpoint
[    0.152080] pci_scan_slot -- functionpoint
[    0.152081] pci_scan_slot -- functionpoint
[    0.152082] pci_scan_slot -- functionpoint
[    0.152084] pci_scan_slot -- functionpoint
[    0.152085] pci_scan_slot -- functionpoint
[    0.152086] pci_scan_slot -- functionpoint
[    0.152087] pci_scan_slot -- functionpoint
[    0.152089] pci_scan_slot -- functionpoint
[    0.152090] pci_scan_slot -- functionpoint
[    0.152091] pci_scan_slot -- functionpoint
[    0.152093] pci_scan_slot -- functionpoint
[    0.152094] pci_scan_slot -- functionpoint
[    0.152095] pci_scan_slot -- functionpoint
[    0.152096] pci_scan_slot -- functionpoint
[    0.152098] pci_scan_slot -- functionpoint
[    0.152099] pci_scan_slot -- functionpoint
[    0.152100] pci_scan_slot -- functionpoint
[    0.152102] pci_scan_slot -- functionpoint
[    0.152103] pci_scan_slot -- functionpoint
[    0.152104] pci_scan_slot -- functionpoint
[    0.152105] pci_scan_slot -- functionpoint
[    0.152107] pci_scan_slot -- functionpoint
[    0.152108] pci_scan_slot -- functionpoint
[    0.152109] pci_scan_slot -- functionpoint
[    0.152111] pci_scan_slot -- functionpoint
[    0.152112] pci_scan_slot -- functionpoint
[    0.152113] pci_scan_slot -- functionpoint
[    0.152114] pci_scan_slot -- functionpoint
[    0.152116] pci_scan_slot -- functionpoint
[    0.152117] pci_read_bridge_bases -- functionpoint
[    0.152119] pci 0000:00:1b.0: PCI bridge to [bus 01]
[    0.152132] pci 0000:00:1b.0:   bridge window [mem 0xf1100000-0xf11fffff]
[    0.152139] pci_bus 0000:01: functionpoint -- bus scan returning with max=01
[    0.152148] pci_find_bus -- functionpoint
[    0.152149] pci_find_next_bus -- functionpoint
[    0.152150] pci_find_next_bus -- functionpoint
[    0.152199] pci_bus_read_dev_vendor_id -- functionpoint
[    0.152209] pci_scan_child_bus_extend -- functionpoint
[    0.152211] pci_bus 0000:02: functionpoint -- scanning bus
[    0.152214] pci_scan_slot -- functionpoint
[    0.152214] pci_scan_single_device -- functionpoint
[    0.152216] pci_get_slot -- functionpoint
[    0.152217] pci_scan_device -- functionpoint
[    0.152218] pci_bus_read_dev_vendor_id -- functionpoint
[    0.152231] functionpoint -- dev_vendor: 1283, dev_device: 8893
[    0.152234] pci_setup_device -- functionpoint
[    0.152275] pci 0000:02:00.0: [1283:8893] type 01 class 0x060401
[    0.152278] pci 0000:02:00.0: functionpoint -- [1283:8893] type 01 class 0x060401
[    0.152330] switch case PCI_HEADER_TYPE_BRIDGE -- functionpoint
[    0.152525] pci_device_add -- functionpoint
[    0.152695] pci 0000:02:00.0: supports D1 D2
[    0.152697] pci 0000:02:00.0: PME# supported from D0 D1 D2 D3hot D3cold
[    0.152808] functionpoint -- fn = 0
[    0.152810] next_fn -- functionpoint
[    0.152817] pci_scan_slot -- functionpoint
[    0.152818] pci_scan_slot -- functionpoint
[    0.152820] pci_scan_slot -- functionpoint
[    0.152821] pci_scan_slot -- functionpoint
[    0.152822] pci_scan_slot -- functionpoint
[    0.152823] pci_scan_slot -- functionpoint
[    0.152825] pci_scan_slot -- functionpoint
[    0.152826] pci_scan_slot -- functionpoint
[    0.152827] pci_scan_slot -- functionpoint
[    0.152829] pci_scan_slot -- functionpoint
[    0.152830] pci_scan_slot -- functionpoint
[    0.152831] pci_scan_slot -- functionpoint
[    0.152832] pci_scan_slot -- functionpoint
[    0.152834] pci_scan_slot -- functionpoint
[    0.152835] pci_scan_slot -- functionpoint
[    0.152836] pci_scan_slot -- functionpoint
[    0.152838] pci_scan_slot -- functionpoint
[    0.152839] pci_scan_slot -- functionpoint
[    0.152840] pci_scan_slot -- functionpoint
[    0.152841] pci_scan_slot -- functionpoint
[    0.152843] pci_scan_slot -- functionpoint
[    0.152844] pci_scan_slot -- functionpoint
[    0.152845] pci_scan_slot -- functionpoint
[    0.152847] pci_scan_slot -- functionpoint
[    0.152848] pci_scan_slot -- functionpoint
[    0.152849] pci_scan_slot -- functionpoint
[    0.152850] pci_scan_slot -- functionpoint
[    0.152852] pci_scan_slot -- functionpoint
[    0.152853] pci_scan_slot -- functionpoint
[    0.152854] pci_scan_slot -- functionpoint
[    0.152855] pci_scan_slot -- functionpoint
[    0.152857] pci_read_bridge_bases -- functionpoint
[    0.152859] pci 0000:00:1c.0: PCI bridge to [bus 02-03]
[    0.152869] pci 0000:00:1c.0:   bridge window [io  0x3000-0x3fff]
[    0.152872] pci 0000:00:1c.0:   bridge window [mem 0xf1000000-0xf10fffff]
[    0.152887] pci_find_bus -- functionpoint
[    0.152888] pci_find_next_bus -- functionpoint
[    0.152889] pci_find_next_bus -- functionpoint
[    0.152936] pci_scan_child_bus_extend -- functionpoint
[    0.152939] pci_bus 0000:03: functionpoint -- scanning bus
[    0.152941] pci_scan_slot -- functionpoint
[    0.152941] pci_scan_single_device -- functionpoint
[    0.152943] pci_get_slot -- functionpoint
[    0.152944] pci_scan_device -- functionpoint
[    0.152945] pci_bus_read_dev_vendor_id -- functionpoint
[    0.152954] functionpoint -- dev_vendor: 1317, dev_device: 985
[    0.152957] pci_setup_device -- functionpoint
[    0.152975] pci 0000:03:00.0: [1317:0985] type 00 class 0x020000
[    0.152977] pci 0000:03:00.0: functionpoint -- [1317:0985] type 00 class 0x020000
[    0.153000] switch case PCI_HEADER_TYPE_NORMAL -- functionpoint
[    0.153023] pci 0000:03:00.0: reg 0x10: [io  0x3000-0x30ff]
[    0.153041] pci 0000:03:00.0: reg 0x14: [mem 0xf1000000-0xf10003ff]
[    0.153118] pci 0000:03:00.0: reg 0x30: [mem 0xfffe0000-0xffffffff pref]
[    0.153124] pci_device_add -- functionpoint
[    0.153190] pci 0000:03:00.0: supports D1 D2
[    0.153192] pci 0000:03:00.0: PME# supported from D0 D1 D2 D3hot D3cold
[    0.153227] functionpoint -- fn = 0
[    0.153228] next_fn -- functionpoint
[    0.153229] pci_scan_slot -- functionpoint
[    0.153230] pci_scan_single_device -- functionpoint
[    0.153231] pci_get_slot -- functionpoint
[    0.153233] pci_scan_device -- functionpoint
[    0.153234] pci_bus_read_dev_vendor_id -- functionpoint
[    0.153239] functionpoint -- fn = 0
[    0.153241] pci_scan_slot -- functionpoint
[    0.153241] pci_scan_single_device -- functionpoint
[    0.153242] pci_get_slot -- functionpoint
[    0.153244] pci_scan_device -- functionpoint
[    0.153245] pci_bus_read_dev_vendor_id -- functionpoint
[    0.153249] functionpoint -- fn = 0
[    0.153252] pci_scan_slot -- functionpoint
[    0.153252] pci_scan_single_device -- functionpoint
[    0.153253] pci_get_slot -- functionpoint
[    0.153255] pci_scan_device -- functionpoint
[    0.153256] pci_bus_read_dev_vendor_id -- functionpoint
[    0.153266] functionpoint -- fn = 0
[    0.153269] pci_scan_slot -- functionpoint
[    0.153269] pci_scan_single_device -- functionpoint
[    0.153270] pci_get_slot -- functionpoint
[    0.153272] pci_scan_device -- functionpoint
[    0.153273] pci_bus_read_dev_vendor_id -- functionpoint
[    0.153277] functionpoint -- fn = 0
[    0.153280] pci_scan_slot -- functionpoint
[    0.153280] pci_scan_single_device -- functionpoint
[    0.153281] pci_get_slot -- functionpoint
[    0.153283] pci_scan_device -- functionpoint
[    0.153284] pci_bus_read_dev_vendor_id -- functionpoint
[    0.153295] functionpoint -- fn = 0
[    0.153298] pci_scan_slot -- functionpoint
[    0.153298] pci_scan_single_device -- functionpoint
[    0.153299] pci_get_slot -- functionpoint
[    0.153301] pci_scan_device -- functionpoint
[    0.153302] pci_bus_read_dev_vendor_id -- functionpoint
[    0.153306] functionpoint -- fn = 0
[    0.153308] pci_scan_slot -- functionpoint
[    0.153309] pci_scan_single_device -- functionpoint
[    0.153310] pci_get_slot -- functionpoint
[    0.153311] pci_scan_device -- functionpoint
[    0.153313] pci_bus_read_dev_vendor_id -- functionpoint
[    0.153317] functionpoint -- fn = 0
[    0.153319] pci_scan_slot -- functionpoint
[    0.153320] pci_scan_single_device -- functionpoint
[    0.153321] pci_get_slot -- functionpoint
[    0.153322] pci_scan_device -- functionpoint
[    0.153324] pci_bus_read_dev_vendor_id -- functionpoint
[    0.153328] functionpoint -- fn = 0
[    0.153330] pci_scan_slot -- functionpoint
[    0.153331] pci_scan_single_device -- functionpoint
[    0.153332] pci_get_slot -- functionpoint
[    0.153333] pci_scan_device -- functionpoint
[    0.153335] pci_bus_read_dev_vendor_id -- functionpoint
[    0.153346] functionpoint -- fn = 0
[    0.153349] pci_scan_slot -- functionpoint
[    0.153349] pci_scan_single_device -- functionpoint
[    0.153350] pci_get_slot -- functionpoint
[    0.153351] pci_scan_device -- functionpoint
[    0.153353] pci_bus_read_dev_vendor_id -- functionpoint
[    0.153357] functionpoint -- fn = 0
[    0.153359] pci_scan_slot -- functionpoint
[    0.153360] pci_scan_single_device -- functionpoint
[    0.153361] pci_get_slot -- functionpoint
[    0.153362] pci_scan_device -- functionpoint
[    0.153364] pci_bus_read_dev_vendor_id -- functionpoint
[    0.153374] functionpoint -- fn = 0
[    0.153376] pci_scan_slot -- functionpoint
[    0.153376] pci_scan_single_device -- functionpoint
[    0.153377] pci_get_slot -- functionpoint
[    0.153379] pci_scan_device -- functionpoint
[    0.153380] pci_bus_read_dev_vendor_id -- functionpoint
[    0.153384] functionpoint -- fn = 0
[    0.153387] pci_scan_slot -- functionpoint
[    0.153387] pci_scan_single_device -- functionpoint
[    0.153388] pci_get_slot -- functionpoint
[    0.153390] pci_scan_device -- functionpoint
[    0.153391] pci_bus_read_dev_vendor_id -- functionpoint
[    0.153402] functionpoint -- fn = 0
[    0.153405] pci_scan_slot -- functionpoint
[    0.153405] pci_scan_single_device -- functionpoint
[    0.153406] pci_get_slot -- functionpoint
[    0.153408] pci_scan_device -- functionpoint
[    0.153409] pci_bus_read_dev_vendor_id -- functionpoint
[    0.153413] functionpoint -- fn = 0
[    0.153416] pci_scan_slot -- functionpoint
[    0.153416] pci_scan_single_device -- functionpoint
[    0.153417] pci_get_slot -- functionpoint
[    0.153419] pci_scan_device -- functionpoint
[    0.153420] pci_bus_read_dev_vendor_id -- functionpoint
[    0.153430] functionpoint -- fn = 0
[    0.153432] pci_scan_slot -- functionpoint
[    0.153432] pci_scan_single_device -- functionpoint
[    0.153434] pci_get_slot -- functionpoint
[    0.153435] pci_scan_device -- functionpoint
[    0.153436] pci_bus_read_dev_vendor_id -- functionpoint
[    0.153441] functionpoint -- fn = 0
[    0.153443] pci_scan_slot -- functionpoint
[    0.153443] pci_scan_single_device -- functionpoint
[    0.153445] pci_get_slot -- functionpoint
[    0.153446] pci_scan_device -- functionpoint
[    0.153447] pci_bus_read_dev_vendor_id -- functionpoint
[    0.153459] functionpoint -- fn = 0
[    0.153461] pci_scan_slot -- functionpoint
[    0.153461] pci_scan_single_device -- functionpoint
[    0.153463] pci_get_slot -- functionpoint
[    0.153464] pci_scan_device -- functionpoint
[    0.153465] pci_bus_read_dev_vendor_id -- functionpoint
[    0.153470] functionpoint -- fn = 0
[    0.153472] pci_scan_slot -- functionpoint
[    0.153472] pci_scan_single_device -- functionpoint
[    0.153473] pci_get_slot -- functionpoint
[    0.153475] pci_scan_device -- functionpoint
[    0.153476] pci_bus_read_dev_vendor_id -- functionpoint
[    0.153480] functionpoint -- fn = 0
[    0.153483] pci_scan_slot -- functionpoint
[    0.153483] pci_scan_single_device -- functionpoint
[    0.153484] pci_get_slot -- functionpoint
[    0.153486] pci_scan_device -- functionpoint
[    0.153487] pci_bus_read_dev_vendor_id -- functionpoint
[    0.153491] functionpoint -- fn = 0
[    0.153493] pci_scan_slot -- functionpoint
[    0.153494] pci_scan_single_device -- functionpoint
[    0.153495] pci_get_slot -- functionpoint
[    0.153496] pci_scan_device -- functionpoint
[    0.153498] pci_bus_read_dev_vendor_id -- functionpoint
[    0.153502] functionpoint -- fn = 0
[    0.153504] pci_scan_slot -- functionpoint
[    0.153505] pci_scan_single_device -- functionpoint
[    0.153506] pci_get_slot -- functionpoint
[    0.153507] pci_scan_device -- functionpoint
[    0.153509] pci_bus_read_dev_vendor_id -- functionpoint
[    0.153522] functionpoint -- fn = 0
[    0.153524] pci_scan_slot -- functionpoint
[    0.153524] pci_scan_single_device -- functionpoint
[    0.153525] pci_get_slot -- functionpoint
[    0.153527] pci_scan_device -- functionpoint
[    0.153528] pci_bus_read_dev_vendor_id -- functionpoint
[    0.153532] functionpoint -- fn = 0
[    0.153535] pci_scan_slot -- functionpoint
[    0.153535] pci_scan_single_device -- functionpoint
[    0.153536] pci_get_slot -- functionpoint
[    0.153538] pci_scan_device -- functionpoint
[    0.153539] pci_bus_read_dev_vendor_id -- functionpoint
[    0.153550] functionpoint -- fn = 0
[    0.153553] pci_scan_slot -- functionpoint
[    0.153553] pci_scan_single_device -- functionpoint
[    0.153554] pci_get_slot -- functionpoint
[    0.153556] pci_scan_device -- functionpoint
[    0.153557] pci_bus_read_dev_vendor_id -- functionpoint
[    0.153561] functionpoint -- fn = 0
[    0.153563] pci_scan_slot -- functionpoint
[    0.153564] pci_scan_single_device -- functionpoint
[    0.153565] pci_get_slot -- functionpoint
[    0.153566] pci_scan_device -- functionpoint
[    0.153568] pci_bus_read_dev_vendor_id -- functionpoint
[    0.153572] functionpoint -- fn = 0
[    0.153574] pci_scan_slot -- functionpoint
[    0.153575] pci_scan_single_device -- functionpoint
[    0.153576] pci_get_slot -- functionpoint
[    0.153577] pci_scan_device -- functionpoint
[    0.153578] pci_bus_read_dev_vendor_id -- functionpoint
[    0.153583] functionpoint -- fn = 0
[    0.153585] pci_scan_slot -- functionpoint
[    0.153585] pci_scan_single_device -- functionpoint
[    0.153587] pci_get_slot -- functionpoint
[    0.153588] pci_scan_device -- functionpoint
[    0.153589] pci_bus_read_dev_vendor_id -- functionpoint
[    0.153594] functionpoint -- fn = 0
[    0.153596] pci_scan_slot -- functionpoint
[    0.153596] pci_scan_single_device -- functionpoint
[    0.153598] pci_get_slot -- functionpoint
[    0.153599] pci_scan_device -- functionpoint
[    0.153600] pci_bus_read_dev_vendor_id -- functionpoint
[    0.153613] functionpoint -- fn = 0
[    0.153616] pci_scan_slot -- functionpoint
[    0.153616] pci_scan_single_device -- functionpoint
[    0.153617] pci_get_slot -- functionpoint
[    0.153619] pci_scan_device -- functionpoint
[    0.153620] pci_bus_read_dev_vendor_id -- functionpoint
[    0.153624] functionpoint -- fn = 0
[    0.153626] pci_scan_slot -- functionpoint
[    0.153627] pci_scan_single_device -- functionpoint
[    0.153628] pci_get_slot -- functionpoint
[    0.153629] pci_scan_device -- functionpoint
[    0.153631] pci_bus_read_dev_vendor_id -- functionpoint
[    0.153642] functionpoint -- fn = 0
[    0.153644] pci_read_bridge_bases -- functionpoint
[    0.153645] pci 0000:02:00.0: PCI bridge to [bus 03] (subtractive decode)
[    0.153659] pci 0000:02:00.0:   bridge window [io  0x3000-0x3fff]
[    0.153666] pci 0000:02:00.0:   bridge window [mem 0xf1000000-0xf10fffff]
[    0.153679] pci 0000:02:00.0:   bridge window [io  0x3000-0x3fff] (subtractive decode)
[    0.153680] pci 0000:02:00.0:   bridge window [mem 0xf1000000-0xf10fffff] (subtractive decode)
[    0.153681] pci_bus 0000:03: functionpoint -- bus scan returning with max=03
[    0.153698] pci_bus 0000:02: functionpoint -- bus scan returning with max=03
[    0.153717] pci_bus 0000:00: functionpoint -- bus scan returning with max=03
[    0.155971] driver_register -- functionpoint
[    0.155972] bus_add_driver -- functionpoint
[    0.155974] functionpoint -- bus: 'acpi': add driver ec
[    0.155981] really_probe -- functionpoint
[    0.155982] functionpoint -- bus: 'acpi': really_probe: probing driver ec with device PNP0C09:01
[    0.155996] ACPI: EC: interrupt unblocked
[    0.156004] ACPI: EC: event unblocked
[    0.156023] ACPI: \_SB_.PCI0.LPCB.EC0_: GPE=0x6e, EC_CMD/EC_SC=0x66, EC_DATA=0x62
[    0.156024] ACPI: \_SB_.PCI0.LPCB.EC0_: Used as boot DSDT EC to handle transactions and events
[    0.156072] pci 0000:00:02.0: vgaarb: setting as boot VGA device
[    0.156072] pci 0000:00:02.0: vgaarb: VGA device added: decodes=io+mem,owns=io+mem,locks=none
[    0.156072] pci 0000:00:02.0: vgaarb: bridge control possible
[    0.156072] vgaarb: loaded
[    0.156072] driver_register -- functionpoint
[    0.156072] bus_add_driver -- functionpoint
[    0.156072] functionpoint -- bus: 'i2c': add driver 88PM860x
[    0.156072] driver_register -- functionpoint
[    0.156072] bus_add_driver -- functionpoint
[    0.156072] functionpoint -- bus: 'i2c': add driver WM8400
[    0.156072] driver_register -- functionpoint
[    0.156072] bus_add_driver -- functionpoint
[    0.156072] functionpoint -- bus: 'i2c': add driver wm831x
[    0.156072] driver_register -- functionpoint
[    0.156072] bus_add_driver -- functionpoint
[    0.156072] functionpoint -- bus: 'spi': add driver wm831x
[    0.156072] driver_register -- functionpoint
[    0.156072] bus_add_driver -- functionpoint
[    0.156072] functionpoint -- bus: 'i2c': add driver wm8350
[    0.156072] driver_register -- functionpoint
[    0.156072] bus_add_driver -- functionpoint
[    0.156072] functionpoint -- bus: 'i2c': add driver tps65910
[    0.156072] driver_register -- functionpoint
[    0.156072] bus_add_driver -- functionpoint
[    0.156072] functionpoint -- bus: 'i2c': add driver tps80031
[    0.156072] driver_register -- functionpoint
[    0.156072] bus_add_driver -- functionpoint
[    0.156072] functionpoint -- bus: 'spi': add driver ezx-pcap
[    0.156072] driver_register -- functionpoint
[    0.156072] bus_add_driver -- functionpoint
[    0.156072] functionpoint -- bus: 'i2c': add driver da903x
[    0.156074] driver_register -- functionpoint
[    0.156074] bus_add_driver -- functionpoint
[    0.156076] functionpoint -- bus: 'spi': add driver da9052
[    0.156082] driver_register -- functionpoint
[    0.156082] bus_add_driver -- functionpoint
[    0.156084] functionpoint -- bus: 'i2c': add driver da9052
[    0.156088] driver_register -- functionpoint
[    0.156088] bus_add_driver -- functionpoint
[    0.156090] functionpoint -- bus: 'i2c': add driver lp8788
[    0.156094] driver_register -- functionpoint
[    0.156094] bus_add_driver -- functionpoint
[    0.156096] functionpoint -- bus: 'i2c': add driver da9055-pmic
[    0.156100] driver_register -- functionpoint
[    0.156101] bus_add_driver -- functionpoint
[    0.156102] functionpoint -- bus: 'i2c': add driver max77843
[    0.156106] driver_register -- functionpoint
[    0.156107] bus_add_driver -- functionpoint
[    0.156108] functionpoint -- bus: 'i2c': add driver max8925
[    0.156112] driver_register -- functionpoint
[    0.156113] bus_add_driver -- functionpoint
[    0.156114] functionpoint -- bus: 'i2c': add driver max8997
[    0.156118] driver_register -- functionpoint
[    0.156119] bus_add_driver -- functionpoint
[    0.156120] functionpoint -- bus: 'i2c': add driver max8998
[    0.156124] driver_register -- functionpoint
[    0.156124] bus_add_driver -- functionpoint
[    0.156126] functionpoint -- bus: 'i2c': add driver ab3100
[    0.156130] driver_register -- functionpoint
[    0.156130] bus_add_driver -- functionpoint
[    0.156132] functionpoint -- bus: 'i2c': add driver tps6586x
[    0.156139] driver_register -- functionpoint
[    0.156139] bus_add_driver -- functionpoint
[    0.156141] functionpoint -- bus: 'i2c': add driver tps65090
[    0.156145] driver_register -- functionpoint
[    0.156145] bus_add_driver -- functionpoint
[    0.156147] functionpoint -- bus: 'i2c': add driver aat2870
[    0.156151] driver_register -- functionpoint
[    0.156152] bus_add_driver -- functionpoint
[    0.156153] functionpoint -- bus: 'i2c': add driver palmas
[    0.156157] driver_register -- functionpoint
[    0.156158] bus_add_driver -- functionpoint
[    0.156159] functionpoint -- bus: 'i2c': add driver rc5t583
[    0.156163] driver_register -- functionpoint
[    0.156164] bus_add_driver -- functionpoint
[    0.156165] functionpoint -- bus: 'i2c': add driver sec_pmic
[    0.156169] driver_register -- functionpoint
[    0.156170] bus_add_driver -- functionpoint
[    0.156171] functionpoint -- bus: 'i2c': add driver as3711
[    0.156182] driver_register -- functionpoint
[    0.156183] bus_add_driver -- functionpoint
[    0.156185] functionpoint -- bus: 'nd': add driver nd_bus
[    0.156191] driver_register -- functionpoint
[    0.156191] bus_add_driver -- functionpoint
[    0.156193] functionpoint -- bus: 'nd': add driver nvdimm
[    0.156197] driver_register -- functionpoint
[    0.156198] bus_add_driver -- functionpoint
[    0.156199] functionpoint -- bus: 'nd': add driver nd_region
[    0.156255] SCSI subsystem initialized
[    0.156266] libata version 3.00 loaded.
[    0.156266] driver_register -- functionpoint
[    0.156266] bus_add_driver -- functionpoint
[    0.156266] functionpoint -- bus: 'mdio_bus': add driver Generic 10G PHY
[    0.156266] driver_register -- functionpoint
[    0.156266] bus_add_driver -- functionpoint
[    0.156266] functionpoint -- bus: 'mdio_bus': add driver Generic PHY
[    0.156266] ACPI: bus type USB registered
[    0.156266] driver_register -- functionpoint
[    0.156266] bus_add_driver -- functionpoint
[    0.156266] functionpoint -- bus: 'usb': add driver usbfs
[    0.156266] usbcore: registered new interface driver usbfs
[    0.156266] driver_register -- functionpoint
[    0.156266] bus_add_driver -- functionpoint
[    0.156266] functionpoint -- bus: 'usb': add driver hub
[    0.156266] usbcore: registered new interface driver hub
[    0.156266] driver_register -- functionpoint
[    0.156266] bus_add_driver -- functionpoint
[    0.156266] functionpoint -- bus: 'usb': add driver usb
[    0.156266] usbcore: registered new device driver usb
[    0.156266] driver_register -- functionpoint
[    0.156266] bus_add_driver -- functionpoint
[    0.156266] functionpoint -- bus: 'platform': add driver i2c_designware
[    0.156266] EDAC MC: Ver: 3.0.0
[    0.156266] Registered efivars operations
[    0.188030] start pci_subsys_init -- functionpoint
[    0.188031] PCI: Using ACPI for IRQ routing
[    0.188033] pci_find_bus -- functionpoint
[    0.188034] pci_find_next_bus -- functionpoint
[    0.188035] pci_find_bus -- functionpoint
[    0.188037] pci_find_next_bus -- functionpoint
[    0.188038] pci_find_bus -- functionpoint
[    0.188040] pci_find_next_bus -- functionpoint
[    0.188041] pci_find_bus -- functionpoint
[    0.188042] pci_find_next_bus -- functionpoint
[    0.188044] pci_find_bus -- functionpoint
[    0.188045] pci_find_next_bus -- functionpoint
[    0.188046] pci_find_next_bus -- functionpoint
[    0.188377] pci_find_bus -- functionpoint
[    0.188379] pci_find_next_bus -- functionpoint
[    0.188380] pci_find_next_bus -- functionpoint
[    0.188703] pci_find_bus -- functionpoint
[    0.188704] pci_find_next_bus -- functionpoint
[    0.188705] pci_find_next_bus -- functionpoint
[    0.189046] pci_find_bus -- functionpoint
[    0.189047] pci_find_next_bus -- functionpoint
[    0.189048] pci_find_next_bus -- functionpoint
[    0.189378] pci_find_bus -- functionpoint
[    0.189380] pci_find_next_bus -- functionpoint
[    0.189381] pci_find_next_bus -- functionpoint
[    0.189711] pci_find_bus -- functionpoint
[    0.189712] pci_find_next_bus -- functionpoint
[    0.189714] pci_find_next_bus -- functionpoint
[    0.190046] pci_find_bus -- functionpoint
[    0.190048] pci_find_next_bus -- functionpoint
[    0.190049] pci_find_next_bus -- functionpoint
[    0.190355] pci_find_bus -- functionpoint
[    0.190356] pci_find_next_bus -- functionpoint
[    0.190357] pci_find_next_bus -- functionpoint
[    0.190698] pci_find_bus -- functionpoint
[    0.190699] pci_find_next_bus -- functionpoint
[    0.190700] pci_find_next_bus -- functionpoint
[    0.191030] pci_find_bus -- functionpoint
[    0.191031] pci_find_next_bus -- functionpoint
[    0.191033] pci_find_next_bus -- functionpoint
[    0.191033] pci_find_bus -- functionpoint
[    0.191033] pci_find_next_bus -- functionpoint
[    0.191033] pci_find_next_bus -- functionpoint
[    0.191033] pci_find_bus -- functionpoint
[    0.191033] pci_find_next_bus -- functionpoint
[    0.191033] pci_find_next_bus -- functionpoint
[    0.191033] pci_find_bus -- functionpoint
[    0.191033] pci_find_next_bus -- functionpoint
[    0.191033] pci_find_next_bus -- functionpoint
[    0.191033] pci_find_bus -- functionpoint
[    0.191033] pci_find_next_bus -- functionpoint
[    0.191033] pci_find_next_bus -- functionpoint
[    0.191033] pci_find_bus -- functionpoint
[    0.191033] pci_find_next_bus -- functionpoint
[    0.191033] pci_find_next_bus -- functionpoint
[    0.191033] pci_find_bus -- functionpoint
[    0.191033] pci_find_next_bus -- functionpoint
[    0.191033] pci_find_next_bus -- functionpoint
[    0.191033] pci_find_bus -- functionpoint
[    0.191033] pci_find_next_bus -- functionpoint
[    0.191033] pci_find_next_bus -- functionpoint
[    0.191033] pci_find_bus -- functionpoint
[    0.191033] pci_find_next_bus -- functionpoint
[    0.191033] pci_find_next_bus -- functionpoint
[    0.191033] pci_find_bus -- functionpoint
[    0.191033] pci_find_next_bus -- functionpoint
[    0.191033] pci_find_next_bus -- functionpoint
[    0.191045] pci_find_bus -- functionpoint
[    0.191046] pci_find_next_bus -- functionpoint
[    0.191047] pci_find_next_bus -- functionpoint
[    0.191388] pci_find_bus -- functionpoint
[    0.191389] pci_find_next_bus -- functionpoint
[    0.191390] pci_find_next_bus -- functionpoint
[    0.191720] pci_find_bus -- functionpoint
[    0.191722] pci_find_next_bus -- functionpoint
[    0.191723] pci_find_next_bus -- functionpoint
[    0.192042] pci_find_bus -- functionpoint
[    0.192043] pci_find_next_bus -- functionpoint
[    0.192045] pci_find_next_bus -- functionpoint
[    0.192374] pci_find_bus -- functionpoint
[    0.192376] pci_find_next_bus -- functionpoint
[    0.192377] pci_find_next_bus -- functionpoint
[    0.192707] pci_find_bus -- functionpoint
[    0.192709] pci_find_next_bus -- functionpoint
[    0.192710] pci_find_next_bus -- functionpoint
[    0.193040] pci_find_bus -- functionpoint
[    0.193041] pci_find_next_bus -- functionpoint
[    0.193042] pci_find_next_bus -- functionpoint
[    0.193373] pci_find_bus -- functionpoint
[    0.193374] pci_find_next_bus -- functionpoint
[    0.193375] pci_find_next_bus -- functionpoint
[    0.193705] pci_find_bus -- functionpoint
[    0.193707] pci_find_next_bus -- functionpoint
[    0.193708] pci_find_next_bus -- functionpoint
[    0.194048] pci_find_bus -- functionpoint
[    0.194049] pci_find_next_bus -- functionpoint
[    0.194051] pci_find_next_bus -- functionpoint
[    0.194381] pci_find_bus -- functionpoint
[    0.194382] pci_find_next_bus -- functionpoint
[    0.194383] pci_find_next_bus -- functionpoint
[    0.194696] pci_find_bus -- functionpoint
[    0.194697] pci_find_next_bus -- functionpoint
[    0.194698] pci_find_next_bus -- functionpoint
[    0.195029] pci_find_bus -- functionpoint
[    0.195030] pci_find_next_bus -- functionpoint
[    0.195031] pci_find_next_bus -- functionpoint
[    0.195361] pci_find_bus -- functionpoint
[    0.195362] pci_find_next_bus -- functionpoint
[    0.195364] pci_find_next_bus -- functionpoint
[    0.195694] pci_find_bus -- functionpoint
[    0.195695] pci_find_next_bus -- functionpoint
[    0.195696] pci_find_next_bus -- functionpoint
[    0.196020] pci_find_bus -- functionpoint
[    0.196022] pci_find_next_bus -- functionpoint
[    0.196023] pci_find_next_bus -- functionpoint
[    0.196351] pci_find_bus -- functionpoint
[    0.196353] pci_find_next_bus -- functionpoint
[    0.196354] pci_find_next_bus -- functionpoint
[    0.196693] pci_find_bus -- functionpoint
[    0.196694] pci_find_next_bus -- functionpoint
[    0.196696] pci_find_next_bus -- functionpoint
[    0.197025] pci_find_bus -- functionpoint
[    0.197027] pci_find_next_bus -- functionpoint
[    0.197028] pci_find_next_bus -- functionpoint
[    0.197358] pci_find_bus -- functionpoint
[    0.197359] pci_find_next_bus -- functionpoint
[    0.197361] pci_find_next_bus -- functionpoint
[    0.197691] pci_find_bus -- functionpoint
[    0.197692] pci_find_next_bus -- functionpoint
[    0.197693] pci_find_next_bus -- functionpoint
[    0.198023] pci_find_bus -- functionpoint
[    0.198025] pci_find_next_bus -- functionpoint
[    0.198026] pci_find_next_bus -- functionpoint
[    0.198366] pci_find_bus -- functionpoint
[    0.198367] pci_find_next_bus -- functionpoint
[    0.198368] pci_find_next_bus -- functionpoint
[    0.198697] pci_find_bus -- functionpoint
[    0.198698] pci_find_next_bus -- functionpoint
[    0.198699] pci_find_next_bus -- functionpoint
[    0.199038] pci_find_bus -- functionpoint
[    0.199040] pci_find_next_bus -- functionpoint
[    0.199041] pci_find_next_bus -- functionpoint
[    0.199371] pci_find_bus -- functionpoint
[    0.199372] pci_find_next_bus -- functionpoint
[    0.199373] pci_find_next_bus -- functionpoint
[    0.199703] pci_find_bus -- functionpoint
[    0.199705] pci_find_next_bus -- functionpoint
[    0.199706] pci_find_next_bus -- functionpoint
[    0.200031] pci_find_bus -- functionpoint
[    0.200033] pci_find_next_bus -- functionpoint
[    0.200034] pci_find_next_bus -- functionpoint
[    0.200374] pci_find_bus -- functionpoint
[    0.200375] pci_find_next_bus -- functionpoint
[    0.200377] pci_find_next_bus -- functionpoint
[    0.200707] pci_find_bus -- functionpoint
[    0.200708] pci_find_next_bus -- functionpoint
[    0.200709] pci_find_next_bus -- functionpoint
[    0.201048] pci_find_bus -- functionpoint
[    0.201050] pci_find_next_bus -- functionpoint
[    0.201051] pci_find_next_bus -- functionpoint
[    0.201381] pci_find_bus -- functionpoint
[    0.201382] pci_find_next_bus -- functionpoint
[    0.201383] pci_find_next_bus -- functionpoint
[    0.201713] pci_find_bus -- functionpoint
[    0.201715] pci_find_next_bus -- functionpoint
[    0.201716] pci_find_next_bus -- functionpoint
[    0.202046] pci_find_bus -- functionpoint
[    0.202047] pci_find_next_bus -- functionpoint
[    0.202049] pci_find_next_bus -- functionpoint
[    0.202371] pci_find_bus -- functionpoint
[    0.202373] pci_find_next_bus -- functionpoint
[    0.202374] pci_find_next_bus -- functionpoint
[    0.202704] pci_find_bus -- functionpoint
[    0.202705] pci_find_next_bus -- functionpoint
[    0.202707] pci_find_next_bus -- functionpoint
[    0.203037] pci_find_bus -- functionpoint
[    0.203038] pci_find_next_bus -- functionpoint
[    0.203039] pci_find_next_bus -- functionpoint
[    0.203369] pci_find_bus -- functionpoint
[    0.203370] pci_find_next_bus -- functionpoint
[    0.203372] pci_find_next_bus -- functionpoint
[    0.203702] pci_find_bus -- functionpoint
[    0.203703] pci_find_next_bus -- functionpoint
[    0.203704] pci_find_next_bus -- functionpoint
[    0.204000] pci_find_bus -- functionpoint
[    0.204002] pci_find_next_bus -- functionpoint
[    0.204003] pci_find_next_bus -- functionpoint
[    0.204342] pci_find_bus -- functionpoint
[    0.204344] pci_find_next_bus -- functionpoint
[    0.204345] pci_find_next_bus -- functionpoint
[    0.204675] pcibios_init -- functionpoint
[    0.204677] PCI: pci_cache_line_size set to 64 bytes
[    0.204769] e820: reserve RAM buffer [mem 0x0009f000-0x0009ffff]
[    0.204770] e820: reserve RAM buffer [mem 0xbe6ab000-0xbfffffff]
[    0.204771] e820: reserve RAM buffer [mem 0xbfc10000-0xbfffffff]
[    0.204771] e820: reserve RAM buffer [mem 0x427800000-0x427ffffff]
[    0.204772] end pci_subsys_init -- functionpoint
[    0.204846] NetLabel: Initializing
[    0.204848] NetLabel:  domain hash size = 128
[    0.204848] NetLabel:  protocols = UNLABELED CIPSOv4 CALIPSO
[    0.204858] NetLabel:  unlabeled traffic allowed by default
[    0.208737] hpet0: at MMIO 0xfed00000, IRQs 2, 8, 0, 0, 0, 0, 0, 0
[    0.208741] hpet0: 8 comparators, 64-bit 24.000000 MHz counter
[    0.210831] clocksource: Switched to clocksource hpet
[    0.216590] VFS: Disk quotas dquot_6.6.0
[    0.216603] VFS: Dquot-cache hash table entries: 512 (order 0, 4096 bytes)
[    0.216680] AppArmor: AppArmor Filesystem Enabled
[    0.216682] driver_register -- functionpoint
[    0.216683] bus_add_driver -- functionpoint
[    0.216685] functionpoint -- bus: 'platform': add driver simple-framebuffer
[    0.216696] driver_register -- functionpoint
[    0.216696] bus_add_driver -- functionpoint
[    0.216698] functionpoint -- bus: 'pnp': add driver system
[    0.216705] pnp: PnP ACPI init
[    0.216793] really_probe -- functionpoint
[    0.216795] functionpoint -- bus: 'pnp': really_probe: probing driver system with device 00:00
[    0.216802] system 00:00: [mem 0x40000000-0x403fffff] could not be reserved
[    0.216806] system 00:00: Plug and Play ACPI device, IDs PNP0c02 (active)
[    0.217091] really_probe -- functionpoint
[    0.217092] functionpoint -- bus: 'pnp': really_probe: probing driver system with device 00:01
[    0.217099] system 00:01: [io  0x1800-0x18fe] has been reserved
[    0.217100] system 00:01: [mem 0xfd000000-0xfd69ffff] has been reserved
[    0.217101] system 00:01: [mem 0xfd6c0000-0xfd6cffff] has been reserved
[    0.217103] system 00:01: [mem 0xfd6f0000-0xfdffffff] has been reserved
[    0.217104] system 00:01: [mem 0xfe000000-0xfe01ffff] could not be reserved
[    0.217105] system 00:01: [mem 0xfe200000-0xfe7fffff] has been reserved
[    0.217106] system 00:01: [mem 0xff000000-0xffffffff] has been reserved
[    0.217110] system 00:01: Plug and Play ACPI device, IDs PNP0c02 (active)
[    0.217416] really_probe -- functionpoint
[    0.217417] functionpoint -- bus: 'pnp': really_probe: probing driver system with device 00:02
[    0.217423] system 00:02: [io  0x2000-0x20fe] has been reserved
[    0.217426] system 00:02: Plug and Play ACPI device, IDs PNP0c02 (active)
[    0.217544] really_probe -- functionpoint
[    0.217545] functionpoint -- bus: 'pnp': really_probe: probing driver system with device 00:03
[    0.217552] system 00:03: [io  0x0680-0x069f] has been reserved
[    0.217553] system 00:03: [io  0x164e-0x164f] has been reserved
[    0.217556] system 00:03: Plug and Play ACPI device, IDs PNP0c02 (active)
[    0.217601] pnp 00:04: Plug and Play ACPI device, IDs PNP0b00 (active)
[    0.217688] really_probe -- functionpoint
[    0.217689] functionpoint -- bus: 'pnp': really_probe: probing driver system with device 00:05
[    0.217695] system 00:05: [io  0x1854-0x1857] has been reserved
[    0.217698] system 00:05: Plug and Play ACPI device, IDs INT3f0d PNP0c02 (active)
[    0.217718] pnp 00:06: Plug and Play ACPI device, IDs HPQ8002 PNP0303 (active)
[    0.217737] pnp 00:07: Plug and Play ACPI device, IDs PNP0f13 SYN0100 SYN0002 (active)
[    0.217920] really_probe -- functionpoint
[    0.217921] functionpoint -- bus: 'pnp': really_probe: probing driver system with device 00:08
[    0.217927] system 00:08: [io  0x0200-0x023f] has been reserved
[    0.217928] system 00:08: [mem 0xfedb0000-0xfedbffff] has been reserved
[    0.217931] system 00:08: Plug and Play ACPI device, IDs PNP0c02 (active)
[    0.218249] really_probe -- functionpoint
[    0.218249] functionpoint -- bus: 'pnp': really_probe: probing driver system with device 00:09
[    0.218256] system 00:09: [mem 0xfd6e0000-0xfd6effff] has been reserved
[    0.218257] system 00:09: [mem 0xfd6d0000-0xfd6dffff] has been reserved
[    0.218258] system 00:09: [mem 0xfd6b0000-0xfd6bffff] has been reserved
[    0.218259] system 00:09: [mem 0xfd6a0000-0xfd6affff] has been reserved
[    0.218262] system 00:09: Plug and Play ACPI device, IDs PNP0c02 (active)
[    0.219325] really_probe -- functionpoint
[    0.219326] functionpoint -- bus: 'pnp': really_probe: probing driver system with device 00:0a
[    0.219334] system 00:0a: Plug and Play ACPI device, IDs PNP0c02 (active)
[    0.219880] really_probe -- functionpoint
[    0.219881] functionpoint -- bus: 'pnp': really_probe: probing driver system with device 00:0b
[    0.219888] system 00:0b: [mem 0xfed10000-0xfed17fff] has been reserved
[    0.219889] system 00:0b: [mem 0xfed18000-0xfed18fff] has been reserved
[    0.219890] system 00:0b: [mem 0xfed19000-0xfed19fff] has been reserved
[    0.219891] system 00:0b: [mem 0xf8000000-0xfbffffff] has been reserved
[    0.219893] system 00:0b: [mem 0xfed20000-0xfed3ffff] has been reserved
[    0.219894] system 00:0b: [mem 0xfed90000-0xfed93fff] could not be reserved
[    0.219895] system 00:0b: [mem 0xfed45000-0xfed8ffff] has been reserved
[    0.219896] system 00:0b: [mem 0xfee00000-0xfeefffff] has been reserved
[    0.219899] system 00:0b: Plug and Play ACPI device, IDs PNP0c02 (active)
[    0.219946] really_probe -- functionpoint
[    0.219946] functionpoint -- bus: 'pnp': really_probe: probing driver system with device 00:0c
[    0.219952] system 00:0c: [mem 0xfed40000-0xfed44fff] has been reserved
[    0.219955] system 00:0c: Plug and Play ACPI device, IDs PNP0c02 (active)
[    0.220140] pnp: PnP ACPI: found 13 devices
[    0.230811] clocksource: acpi_pm: mask: 0xffffff max_cycles: 0xffffff, max_idle_ns: 2085701024 ns
[    0.230814] pci 0000:03:00.0: can't claim BAR 6 [mem 0xfffe0000-0xffffffff pref]: no compatible bridge window
[    0.230858] __pci_setup_bridge -- functionpoint
[    0.230860] pci 0000:00:1b.0: PCI bridge to [bus 01]
[    0.230867] pci 0000:00:1b.0:   bridge window [mem 0xf1100000-0xf11fffff]
[    0.230878] pci 0000:03:00.0: BAR 6: assigned [mem 0xf1020000-0xf103ffff pref]
[    0.230879] __pci_setup_bridge -- functionpoint
[    0.230880] pci 0000:02:00.0: PCI bridge to [bus 03]
[    0.230885] pci 0000:02:00.0:   bridge window [io  0x3000-0x3fff]
[    0.230895] pci 0000:02:00.0:   bridge window [mem 0xf1000000-0xf10fffff]
[    0.230912] __pci_setup_bridge -- functionpoint
[    0.230913] pci 0000:00:1c.0: PCI bridge to [bus 02-03]
[    0.230917] pci 0000:00:1c.0:   bridge window [io  0x3000-0x3fff]
[    0.230922] pci 0000:00:1c.0:   bridge window [mem 0xf1000000-0xf10fffff]
[    0.230933] pci_bus 0000:00: resource 4 [io  0x0000-0x0cf7 window]
[    0.230934] pci_bus 0000:00: resource 5 [io  0x0d00-0xffff window]
[    0.230935] pci_bus 0000:00: resource 6 [mem 0x000a0000-0x000bffff window]
[    0.230936] pci_bus 0000:00: resource 7 [mem 0xd4800000-0xf7ffffff window]
[    0.230937] pci_bus 0000:00: resource 8 [mem 0x4000000000-0x7fffffffff window]
[    0.230938] pci_bus 0000:00: resource 9 [mem 0xfc800000-0xfe7fffff window]
[    0.230940] pci_bus 0000:01: resource 1 [mem 0xf1100000-0xf11fffff]
[    0.230941] pci_bus 0000:02: resource 0 [io  0x3000-0x3fff]
[    0.230942] pci_bus 0000:02: resource 1 [mem 0xf1000000-0xf10fffff]
[    0.230943] pci_bus 0000:03: resource 0 [io  0x3000-0x3fff]
[    0.230944] pci_bus 0000:03: resource 1 [mem 0xf1000000-0xf10fffff]
[    0.230945] pci_bus 0000:03: resource 4 [io  0x3000-0x3fff]
[    0.230946] pci_bus 0000:03: resource 5 [mem 0xf1000000-0xf10fffff]
[    0.231086] NET: Registered protocol family 2
[    0.231243] TCP established hash table entries: 131072 (order: 8, 1048576 bytes)
