[    0.000000] microcode: microcode updated early to revision 0xd6, date = 2020-04-23
[    0.000000] Linux version 4.15.9+ (root@Yee-680G4) (gcc version 5.5.0 20171010 (Ubuntu 5.5.0-12ubuntu1~16.04)) #25 SMP Mon Sep 28 17:56:23 CST 2020
[    0.000000] Command line: BOOT_IMAGE=/boot/vmlinuz-4.15.9+ root=UUID=da0e40f1-3840-43a9-b61a-7b465a7673d3 ro quiet splash vt.handoff=7
[    0.000000] KERNEL supported cpus:
[    0.000000]   Intel GenuineIntel
[    0.000000]   AMD AuthenticAMD
[    0.000000]   Centaur CentaurHauls
[    0.000000] x86/fpu: Supporting XSAVE feature 0x001: 'x87 floating point registers'
[    0.000000] x86/fpu: Supporting XSAVE feature 0x002: 'SSE registers'
[    0.000000] x86/fpu: Supporting XSAVE feature 0x004: 'AVX registers'
[    0.000000] x86/fpu: Supporting XSAVE feature 0x008: 'MPX bounds registers'
[    0.000000] x86/fpu: Supporting XSAVE feature 0x010: 'MPX CSR'
[    0.000000] x86/fpu: xstate_offset[2]:  576, xstate_sizes[2]:  256
[    0.000000] x86/fpu: xstate_offset[3]:  832, xstate_sizes[3]:   64
[    0.000000] x86/fpu: xstate_offset[4]:  896, xstate_sizes[4]:   64
[    0.000000] x86/fpu: Enabled xstate features 0x1f, context size is 960 bytes, using 'compacted' format.
[    0.000000] e820: BIOS-provided physical RAM map:
[    0.000000] BIOS-e820: [mem 0x0000000000000000-0x000000000009efff] usable
[    0.000000] BIOS-e820: [mem 0x000000000009f000-0x00000000000fffff] reserved
[    0.000000] BIOS-e820: [mem 0x0000000000100000-0x00000000be6aafff] usable
[    0.000000] BIOS-e820: [mem 0x00000000be6ab000-0x00000000bf98efff] reserved
[    0.000000] BIOS-e820: [mem 0x00000000bf98f000-0x00000000bfb8efff] ACPI NVS
[    0.000000] BIOS-e820: [mem 0x00000000bfb8f000-0x00000000bfc0efff] ACPI data
[    0.000000] BIOS-e820: [mem 0x00000000bfc0f000-0x00000000bfc0ffff] usable
[    0.000000] BIOS-e820: [mem 0x00000000bfc10000-0x00000000d47fffff] reserved
[    0.000000] BIOS-e820: [mem 0x00000000fe010000-0x00000000fe010fff] reserved
[    0.000000] BIOS-e820: [mem 0x00000000ff000000-0x00000000ffffffff] reserved
[    0.000000] BIOS-e820: [mem 0x0000000100000000-0x00000004277fffff] usable
[    0.000000] NX (Execute Disable) protection: active
[    0.000000] efi: EFI v2.60 by HP
[    0.000000] efi:  ACPI=0xbfc0e000  ACPI 2.0=0xbfc0e014  SMBIOS=0xbee75000  ESRT=0xbee76018  MEMATTR=0xaf753018 
[    0.000000] random: fast init done
[    0.000000] SMBIOS 3.1 present.
[    0.000000] DMI: HP HP ProDesk 680 G4 MT/8580, BIOS R04 Ver. 02.11.01 04/27/2020
[    0.000000] e820: update [mem 0x00000000-0x00000fff] usable ==> reserved
[    0.000000] e820: remove [mem 0x000a0000-0x000fffff] usable
[    0.000000] e820: last_pfn = 0x427800 max_arch_pfn = 0x400000000
[    0.000000] MTRR default type: write-back
[    0.000000] MTRR fixed ranges enabled:
[    0.000000]   00000-9FFFF write-back
[    0.000000]   A0000-BFFFF uncachable
[    0.000000]   C0000-FFFFF write-protect
[    0.000000] MTRR variable ranges enabled:
[    0.000000]   0 base 00E0000000 mask 7FE0000000 uncachable
[    0.000000]   1 base 00D0000000 mask 7FF0000000 uncachable
[    0.000000]   2 base 00C8000000 mask 7FF8000000 uncachable
[    0.000000]   3 base 00C4000000 mask 7FFC000000 uncachable
[    0.000000]   4 base 2000000000 mask 6000000000 uncachable
[    0.000000]   5 base 1000000000 mask 7000000000 uncachable
[    0.000000]   6 base 0800000000 mask 7800000000 uncachable
[    0.000000]   7 base 4000000000 mask 4000000000 uncachable
[    0.000000]   8 disabled
[    0.000000]   9 disabled
[    0.000000] x86/PAT: Configuration [0-7]: WB  WC  UC- UC  WB  WP  UC- WT  
[    0.000000] e820: last_pfn = 0xbfc10 max_arch_pfn = 0x400000000
[    0.000000] esrt: Reserving ESRT space from 0x00000000bee76018 to 0x00000000bee76050.
[    0.000000] Scanning 1 areas for low memory corruption
[    0.000000] Base memory trampoline at [        (ptrval)] 99000 size 24576
[    0.000000] Using GB pages for direct mapping
[    0.000000] BRK [0x17853a000, 0x17853afff] PGTABLE
[    0.000000] BRK [0x17853b000, 0x17853bfff] PGTABLE
[    0.000000] BRK [0x17853c000, 0x17853cfff] PGTABLE
[    0.000000] BRK [0x17853d000, 0x17853dfff] PGTABLE
[    0.000000] BRK [0x17853e000, 0x17853efff] PGTABLE
[    0.000000] BRK [0x17853f000, 0x17853ffff] PGTABLE
[    0.000000] BRK [0x178540000, 0x178540fff] PGTABLE
[    0.000000] BRK [0x178541000, 0x178541fff] PGTABLE
[    0.000000] Secure boot could not be determined
[    0.000000] RAMDISK: [mem 0x23329000-0x3e1b0fff]
[    0.000000] ACPI: Early table checksum verification disabled
[    0.000000] ACPI: RSDP 0x00000000BFC0E014 000024 (v02 HPQOEM)
[    0.000000] ACPI: XSDT 0x00000000BFBC7188 0000DC (v01 HPQOEM SLIC-BPC 00000000 INTL 20160422)
[    0.000000] ACPI: FACP 0x00000000BFC08000 000114 (v06 HPQOEM SLIC-BPC 00000000 HP   00000001)
[    0.000000] ACPI: DSDT 0x00000000BFBE5000 01E092 (v02 HPQOEM 8580     00000000 INTL 20160527)
[    0.000000] ACPI: FACS 0x00000000BFB3F000 000040
[    0.000000] ACPI: SSDT 0x00000000BFC0C000 00012A (v02 HP     ShmTable 00000001 INTL 20160527)
[    0.000000] ACPI: SSDT 0x00000000BFC0A000 001B5F (v02 CpuRef CpuSsdt  00003000 INTL 20160527)
[    0.000000] ACPI: SSDT 0x00000000BFC09000 0009CF (v02 CtdpB  CtdpB    00001000 INTL 20160527)
[    0.000000] ACPI: HPET 0x00000000BFC07000 000038 (v01 HPQOEM 8580     00000001 HP   00000001)
[    0.000000] ACPI: APIC 0x00000000BFC06000 00012C (v03 HPQOEM 8580     00000001 HP   00000001)
[    0.000000] ACPI: MCFG 0x00000000BFC05000 00003C (v01 HPQOEM 8580     00000001 HP   00000001)
[    0.000000] ACPI: WSMT 0x00000000BFC04000 000028 (v01 HPQOEM 8580     00000001 HP   00000001)
[    0.000000] ACPI: SSDT 0x00000000BFBE4000 000734 (v01 HPQOEM PtidDevc 00001000 INTL 20160527)
[    0.000000] ACPI: SSDT 0x00000000BFBE3000 000B27 (v02 HPQOEM HP_XHC_P 00000000 INTL 20160527)
[    0.000000] ACPI: SSDT 0x00000000BFBDF000 0030ED (v02 SaSsdt SaSsdt   00003000 INTL 20160527)
[    0.000000] ACPI: LPIT 0x00000000BFBDE000 000094 (v01 INTEL  CFL      20170001 INTL 20160422)
[    0.000000] ACPI: WSMT 0x00000000BFBDD000 000028 (v01 INTEL  CFL      20170001 INTL 20160422)
[    0.000000] ACPI: SSDT 0x00000000BFBDC000 00044C (v02 INTEL  Wwan     00000001 INTL 20160527)
[    0.000000] ACPI: UEFI 0x00000000BFB39000 000042 (v01 INTEL  CFL      20170001 INTL 20160422)
[    0.000000] ACPI: OEML 0x00000000BFBDB000 000028 (v03 INTEL  CFL      20170001 INTL 20160422)
[    0.000000] ACPI: DMAR 0x00000000BFBDA000 0000C8 (v01 INTEL  CFL      00000002      01000013)
[    0.000000] ACPI: SSDT 0x00000000BFBCB000 00E899 (v01 HP     HPINDTWL 00001000 INTL 20160527)
[    0.000000] ACPI: SSDT 0x00000000BFBCA000 000032 (v01 HP     HPCONDEV 00001000 INTL 20160527)
[    0.000000] ACPI: SSDT 0x00000000BFBC9000 000069 (v01 HP     HPCAHWID 00001000 INTL 20160527)
[    0.000000] ACPI: ASF! 0x00000000BFBC8000 0000A0 (v32 HPQOEM  UYA     20170001 INTL 20160422)
[    0.000000] ACPI: FPDT 0x00000000BFC0D000 000044 (v01 INTEL  CFL      20170001 INTL 20160422)
[    0.000000] ACPI: BGRT 0x00000000BFBC6000 000038 (v01 INTEL  CFL      20170001 INTL 20160422)
[    0.000000] ACPI: Local APIC address 0xfee00000
[    0.000000] No NUMA configuration found
[    0.000000] Faking a node at [mem 0x0000000000000000-0x00000004277fffff]
[    0.000000] NODE_DATA(0) allocated [mem 0x4277d5000-0x4277fffff]
[    0.000000] Zone ranges:
[    0.000000]   DMA      [mem 0x0000000000001000-0x0000000000ffffff]
[    0.000000]   DMA32    [mem 0x0000000001000000-0x00000000ffffffff]
[    0.000000]   Normal   [mem 0x0000000100000000-0x00000004277fffff]
[    0.000000]   Device   empty
[    0.000000] Movable zone start for each node
[    0.000000] Early memory node ranges
[    0.000000]   node   0: [mem 0x0000000000001000-0x000000000009efff]
[    0.000000]   node   0: [mem 0x0000000000100000-0x00000000be6aafff]
[    0.000000]   node   0: [mem 0x00000000bfc0f000-0x00000000bfc0ffff]
[    0.000000]   node   0: [mem 0x0000000100000000-0x00000004277fffff]
[    0.000000] Initmem setup node 0 [mem 0x0000000000001000-0x00000004277fffff]
[    0.000000] On node 0 totalpages: 4087370
[    0.000000]   DMA zone: 64 pages used for memmap
[    0.000000]   DMA zone: 21 pages reserved
[    0.000000]   DMA zone: 3998 pages, LIFO batch:0
[    0.000000]   DMA32 zone: 12123 pages used for memmap
[    0.000000]   DMA32 zone: 775852 pages, LIFO batch:31
[    0.000000]   Normal zone: 51680 pages used for memmap
[    0.000000]   Normal zone: 3307520 pages, LIFO batch:31
[    0.000000] Reserved but unavailable: 99 pages
[    0.000000] tboot: non-0 tboot_addr but it is not of type E820_TYPE_RESERVED
[    0.000000] ACPI: PM-Timer IO Port: 0x1808
[    0.000000] ACPI: Local APIC address 0xfee00000
[    0.000000] ACPI: LAPIC_NMI (acpi_id[0x01] high edge lint[0x1])
[    0.000000] ACPI: LAPIC_NMI (acpi_id[0x02] high edge lint[0x1])
[    0.000000] ACPI: LAPIC_NMI (acpi_id[0x03] high edge lint[0x1])
[    0.000000] ACPI: LAPIC_NMI (acpi_id[0x04] high edge lint[0x1])
[    0.000000] ACPI: LAPIC_NMI (acpi_id[0x05] high edge lint[0x1])
[    0.000000] ACPI: LAPIC_NMI (acpi_id[0x06] high edge lint[0x1])
[    0.000000] ACPI: LAPIC_NMI (acpi_id[0x07] high edge lint[0x1])
[    0.000000] ACPI: LAPIC_NMI (acpi_id[0x08] high edge lint[0x1])
[    0.000000] ACPI: LAPIC_NMI (acpi_id[0x09] high edge lint[0x1])
[    0.000000] ACPI: LAPIC_NMI (acpi_id[0x0a] high edge lint[0x1])
[    0.000000] ACPI: LAPIC_NMI (acpi_id[0x0b] high edge lint[0x1])
[    0.000000] ACPI: LAPIC_NMI (acpi_id[0x0c] high edge lint[0x1])
[    0.000000] ACPI: LAPIC_NMI (acpi_id[0x0d] high edge lint[0x1])
[    0.000000] ACPI: LAPIC_NMI (acpi_id[0x0e] high edge lint[0x1])
[    0.000000] ACPI: LAPIC_NMI (acpi_id[0x0f] high edge lint[0x1])
[    0.000000] ACPI: LAPIC_NMI (acpi_id[0x10] high edge lint[0x1])
[    0.000000] IOAPIC[0]: apic_id 2, version 32, address 0xfec00000, GSI 0-119
[    0.000000] ACPI: INT_SRC_OVR (bus 0 bus_irq 0 global_irq 2 dfl dfl)
[    0.000000] ACPI: INT_SRC_OVR (bus 0 bus_irq 9 global_irq 9 high level)
[    0.000000] ACPI: IRQ0 used by override.
[    0.000000] ACPI: IRQ9 used by override.
[    0.000000] Using ACPI (MADT) for SMP configuration information
[    0.000000] ACPI: HPET id: 0x8086a201 base: 0xfed00000
[    0.000000] smpboot: Allowing 8 CPUs, 0 hotplug CPUs
[    0.000000] PM: Registered nosave memory: [mem 0x00000000-0x00000fff]
[    0.000000] PM: Registered nosave memory: [mem 0x0009f000-0x000fffff]
[    0.000000] PM: Registered nosave memory: [mem 0xbe6ab000-0xbf98efff]
[    0.000000] PM: Registered nosave memory: [mem 0xbf98f000-0xbfb8efff]
[    0.000000] PM: Registered nosave memory: [mem 0xbfb8f000-0xbfc0efff]
[    0.000000] PM: Registered nosave memory: [mem 0xbfc10000-0xd47fffff]
[    0.000000] PM: Registered nosave memory: [mem 0xd4800000-0xfe00ffff]
[    0.000000] PM: Registered nosave memory: [mem 0xfe010000-0xfe010fff]
[    0.000000] PM: Registered nosave memory: [mem 0xfe011000-0xfeffffff]
[    0.000000] PM: Registered nosave memory: [mem 0xff000000-0xffffffff]
[    0.000000] e820: [mem 0xd4800000-0xfe00ffff] available for PCI devices
[    0.000000] Booting paravirtualized kernel on bare hardware
[    0.000000] clocksource: refined-jiffies: mask: 0xffffffff max_cycles: 0xffffffff, max_idle_ns: 7645519600211568 ns
[    0.000000] setup_percpu: NR_CPUS:8192 nr_cpumask_bits:8 nr_cpu_ids:8 nr_node_ids:1
[    0.000000] percpu: Embedded 46 pages/cpu @        (ptrval) s151552 r8192 d28672 u262144
[    0.000000] pcpu-alloc: s151552 r8192 d28672 u262144 alloc=1*2097152
[    0.000000] pcpu-alloc: [0] 0 1 2 3 4 5 6 7 
[    0.000000] Built 1 zonelists, mobility grouping on.  Total pages: 4023482
[    0.000000] Policy zone: Normal
[    0.000000] Kernel command line: BOOT_IMAGE=/boot/vmlinuz-4.15.9+ root=UUID=da0e40f1-3840-43a9-b61a-7b465a7673d3 ro quiet splash vt.handoff=7
[    0.000000] Calgary: detecting Calgary via BIOS EBDA area
[    0.000000] Calgary: Unable to locate Rio Grande table in EBDA - bailing!
[    0.000000] Memory: 15485632K/16349480K available (12300K kernel code, 2470K rwdata, 4196K rodata, 2388K init, 2416K bss, 863848K reserved, 0K cma-reserved)
[    0.000000] SLUB: HWalign=64, Order=0-3, MinObjects=0, CPUs=8, Nodes=1
[    0.000000] ftrace: allocating 38976 entries in 153 pages
[    0.000000] Hierarchical RCU implementation.
[    0.000000] 	RCU restricting CPUs from NR_CPUS=8192 to nr_cpu_ids=8.
[    0.000000] 	Tasks RCU enabled.
[    0.000000] RCU: Adjusting geometry for rcu_fanout_leaf=16, nr_cpu_ids=8
[    0.000000] NR_IRQS: 524544, nr_irqs: 2048, preallocated irqs: 16
[    0.000000] Console: colour dummy device 80x25
[    0.000000] console [tty0] enabled
[    0.000000] ACPI: Core revision 20170831
[    0.000000] ACPI Error: [\_SB_.PCI0.XHC_.RHUB.HS11] Namespace lookup failure, AE_NOT_FOUND (20170831/dswload-210)
[    0.000000] ACPI Exception: AE_NOT_FOUND, During name lookup/catalog (20170831/psobject-252)
[    0.000000] ACPI Exception: AE_NOT_FOUND, (SSDT:HP_XHC_P) while loading table (20170831/tbxfload-228)
[    0.000000] ACPI Error: 1 table load failures, 10 successful (20170831/tbxfload-246)
[    0.000000] clocksource: hpet: mask: 0xffffffff max_cycles: 0xffffffff, max_idle_ns: 79635855245 ns
[    0.000000] hpet clockevent registered
[    0.004000] APIC: Switch to symmetric I/O mode setup
[    0.004000] DMAR: Host address width 39
[    0.004000] DMAR: DRHD base: 0x000000fed90000 flags: 0x0
[    0.004000] DMAR: dmar0: reg_base_addr fed90000 ver 1:0 cap 1c0000c40660462 ecap 19e2ff0505e
[    0.004000] DMAR: DRHD base: 0x000000fed91000 flags: 0x1
[    0.004000] DMAR: dmar1: reg_base_addr fed91000 ver 1:0 cap d2008c40660462 ecap f050da
[    0.004000] DMAR: RMRR base: 0x000000bf81d000 end: 0x000000bf83cfff
[    0.004000] DMAR: RMRR base: 0x000000c4000000 end: 0x000000d47fffff
[    0.004000] DMAR: RMRR base: 0x000000bf86e000 end: 0x000000bf8edfff
[    0.004000] DMAR-IR: IOAPIC id 2 under DRHD base  0xfed91000 IOMMU 1
[    0.004000] DMAR-IR: HPET id 0 under DRHD base 0xfed91000
[    0.004000] DMAR-IR: Queued invalidation will be enabled to support x2apic and Intr-remapping.
[    0.004000] DMAR-IR: Enabled IRQ remapping in x2apic mode
[    0.004000] x2apic enabled
[    0.004000] Switched APIC routing to cluster x2apic.
[    0.016000] ..TIMER: vector=0x30 apic1=0 pin1=2 apic2=-1 pin2=-1
[    0.036000] tsc: Detected 3000.000 MHz processor
[    0.036000] Calibrating delay loop (skipped), value calculated using timer frequency.. 6000.00 BogoMIPS (lpj=12000000)
[    0.036000] pid_max: default: 32768 minimum: 301
[    0.036000] Security Framework initialized
[    0.036000] Yama: becoming mindful.
[    0.036000] AppArmor: AppArmor initialized
[    0.036000] Dentry cache hash table entries: 2097152 (order: 12, 16777216 bytes)
[    0.036000] Inode-cache hash table entries: 1048576 (order: 11, 8388608 bytes)
[    0.036000] Mount-cache hash table entries: 32768 (order: 6, 262144 bytes)
[    0.036000] Mountpoint-cache hash table entries: 32768 (order: 6, 262144 bytes)
[    0.036000] CPU: Physical Processor ID: 0
[    0.036000] CPU: Processor Core ID: 0
[    0.036000] ENERGY_PERF_BIAS: Set to 'normal', was 'performance'
[    0.036000] ENERGY_PERF_BIAS: View and update with x86_energy_perf_policy(8)
[    0.036000] mce: CPU supports 14 MCE banks
[    0.036000] CPU0: Thermal monitoring enabled (TM1)
[    0.036000] process: using mwait in idle threads
[    0.036000] Last level iTLB entries: 4KB 128, 2MB 8, 4MB 8
[    0.036000] Last level dTLB entries: 4KB 64, 2MB 0, 4MB 0, 1GB 4
[    0.036000] Spectre V2 : Mitigation: Full generic retpoline
[    0.036000] Spectre V2 : Spectre v2 mitigation: Filling RSB on context switch
[    0.036000] Spectre V2 : Spectre v2 mitigation: Enabling Indirect Branch Prediction Barrier
[    0.036000] Freeing SMP alternatives memory: 36K
[    0.042452] TSC deadline timer enabled
[    0.042456] smpboot: CPU0: Intel(R) Core(TM) i7-9700 CPU @ 3.00GHz (family: 0x6, model: 0x9e, stepping: 0xd)
[    0.042508] Performance Events: PEBS fmt3+, Skylake events, 32-deep LBR, full-width counters, Intel PMU driver.
[    0.042536] ... version:                4
[    0.042537] ... bit width:              48
[    0.042537] ... generic registers:      8
[    0.042538] ... value mask:             0000ffffffffffff
[    0.042538] ... max period:             00007fffffffffff
[    0.042539] ... fixed-purpose events:   3
[    0.042539] ... event mask:             00000007000000ff
[    0.042569] Hierarchical SRCU implementation.
[    0.043506] NMI watchdog: Enabled. Permanently consumes one hw-PMU counter.
[    0.043516] smp: Bringing up secondary CPUs ...
[    0.043576] x86: Booting SMP configuration:
[    0.043577] .... node  #0, CPUs:      #1 #2 #3 #4 #5 #6 #7
[    0.053467] smp: Brought up 1 node, 8 CPUs
[    0.053467] smpboot: Max logical packages: 1
[    0.053467] smpboot: Total of 8 processors activated (48000.00 BogoMIPS)
[    0.056290] devtmpfs: initialized
[    0.056290] x86/mm: Memory block size: 128MB
[    0.057023] evm: security.selinux
[    0.057024] evm: security.SMACK64
[    0.057024] evm: security.SMACK64EXEC
[    0.057025] evm: security.SMACK64TRANSMUTE
[    0.057025] evm: security.SMACK64MMAP
[    0.057025] evm: security.apparmor
[    0.057026] evm: security.ima
[    0.057026] evm: security.capability
[    0.057040] PM: Registering ACPI NVS region [mem 0xbf98f000-0xbfb8efff] (2097152 bytes)
[    0.057040] clocksource: jiffies: mask: 0xffffffff max_cycles: 0xffffffff, max_idle_ns: 7645041785100000 ns
[    0.057040] futex hash table entries: 2048 (order: 5, 131072 bytes)
[    0.057040] pinctrl core: initialized pinctrl subsystem
[    0.057040] driver_register -- functionpoint
[    0.057040] bus_add_driver -- functionpoint
[    0.057040] functionpoint -- bus: 'platform': add driver reg-dummy
[    0.057040] really_probe -- functionpoint
[    0.057040] functionpoint -- bus: 'platform': really_probe: probing driver reg-dummy with device reg-dummy
[    0.057040] RTC time: 10:03:31, date: 09/28/20
[    0.057040] NET: Registered protocol family 16
[    0.057040] audit: initializing netlink subsys (disabled)
[    0.057040] audit: type=2000 audit(1601287411.056:1): state=initialized audit_enabled=0 res=1
[    0.057040] driver_register -- functionpoint
[    0.057040] bus_add_driver -- functionpoint
[    0.057040] functionpoint -- bus: 'platform': add driver sram
[    0.057040] driver_register -- functionpoint
[    0.057040] bus_add_driver -- functionpoint
[    0.057040] functionpoint -- bus: 'platform': add driver syscon
[    0.057040] driver_register -- functionpoint
[    0.057040] bus_add_driver -- functionpoint
[    0.057040] functionpoint -- bus: 'i2c': add driver dummy
[    0.057040] cpuidle: using governor ladder
[    0.057040] cpuidle: using governor menu
[    0.057040] ACPI FADT declares the system doesn't support PCIe ASPM, so disable it
[    0.057040] ACPI: bus type PCI registered
[    0.057040] acpiphp: ACPI Hot Plug PCI Controller Driver version: 0.5
[    0.057040] start pci_arch_init -- functionpoint
[    0.057040] PCI: MMCONFIG for domain 0000 [bus 00-3f] at [mem 0xf8000000-0xfbffffff] (base 0xf8000000)
[    0.057040] PCI: not using MMCONFIG
[    0.057040] PCI: Using configuration type 1 for base access
[    0.057040] end pci_arch_init -- functionpoint
[    0.057123] HugeTLB registered 1.00 GiB page size, pre-allocated 0 pages
[    0.057123] HugeTLB registered 2.00 MiB page size, pre-allocated 0 pages
[    0.057124] driver_register -- functionpoint
[    0.057124] bus_add_driver -- functionpoint
[    0.057124] functionpoint -- bus: 'i2c': add driver sx150x-pinctrl
[    0.057124] driver_register -- functionpoint
[    0.057124] bus_add_driver -- functionpoint
[    0.057124] functionpoint -- bus: 'platform': add driver byt_gpio
[    0.057124] driver_register -- functionpoint
[    0.057124] bus_add_driver -- functionpoint
[    0.057124] functionpoint -- bus: 'platform': add driver cherryview-pinctrl
[    0.057124] driver_register -- functionpoint
[    0.057124] bus_add_driver -- functionpoint
[    0.057124] functionpoint -- bus: 'platform': add driver lp_gpio
[    0.057124] driver_register -- functionpoint
[    0.057124] bus_add_driver -- functionpoint
[    0.057124] functionpoint -- bus: 'platform': add driver rc5t583-gpio
[    0.057124] driver_register -- functionpoint
[    0.057124] bus_add_driver -- functionpoint
[    0.057124] functionpoint -- bus: 'platform': add driver palmas-gpio
[    0.057124] driver_register -- functionpoint
[    0.057124] bus_add_driver -- functionpoint
[    0.057124] functionpoint -- bus: 'platform': add driver tps6586x-gpio
[    0.057124] driver_register -- functionpoint
[    0.057124] bus_add_driver -- functionpoint
[    0.057124] functionpoint -- bus: 'platform': add driver tps65910-gpio
[    0.060005] ACPI: Added _OSI(Module Device)
[    0.060005] ACPI: Added _OSI(Processor Device)
[    0.060006] ACPI: Added _OSI(3.0 _SCP Extensions)
[    0.060007] ACPI: Added _OSI(Processor Aggregator Device)
[    0.061857] ACPI: Executed 30 blocks of module-level executable AML code
[    0.072037] ACPI: [Firmware Bug]: BIOS _OSI(Linux) query ignored
[    0.080382] ACPI: Dynamic OEM Table Load:
[    0.080393] ACPI: SSDT 0xFFFF9ECA54FB3F00 0000F4 (v02 PmRef  Cpu0Psd  00003000 INTL 20160527)
[    0.080615] ACPI: Executed 1 blocks of module-level executable AML code
[    0.080736] ACPI: \_SB_.PR00: _OSC native thermal LVT Acked
[    0.081695] ACPI: Dynamic OEM Table Load:
[    0.081701] ACPI: SSDT 0xFFFF9ECA54FBEC00 000400 (v02 PmRef  Cpu0Cst  00003001 INTL 20160527)
[    0.081917] ACPI: Executed 1 blocks of module-level executable AML code
[    0.082152] ACPI: Dynamic OEM Table Load:
[    0.082158] ACPI: SSDT 0xFFFF9ECA54EF1800 000605 (v02 PmRef  Cpu0Ist  00003000 INTL 20160527)
[    0.082354] ACPI: Executed 1 blocks of module-level executable AML code
[    0.082546] ACPI: Dynamic OEM Table Load:
[    0.082550] ACPI: SSDT 0xFFFF9ECA54F34000 000149 (v02 PmRef  Cpu0Hwp  00003000 INTL 20160527)
[    0.082737] ACPI: Executed 2 blocks of module-level executable AML code
[    0.082913] ACPI: Dynamic OEM Table Load:
[    0.082919] ACPI: SSDT 0xFFFF9ECA54EF3800 000724 (v02 PmRef  HwpLvt   00003000 INTL 20160527)
[    0.083091] ACPI: Executed 1 blocks of module-level executable AML code
[    0.083586] ACPI: Dynamic OEM Table Load:
[    0.083592] ACPI: SSDT 0xFFFF9ECA54EF3000 0005FC (v02 PmRef  ApIst    00003000 INTL 20160527)
[    0.083985] ACPI: Executed 1 blocks of module-level executable AML code
[    0.084183] ACPI: Dynamic OEM Table Load:
[    0.084188] ACPI: SSDT 0xFFFF9ECA54FBBC00 000317 (v02 PmRef  ApHwp    00003000 INTL 20160527)
[    0.084457] ACPI: Executed 1 blocks of module-level executable AML code
[    0.084778] ACPI: Dynamic OEM Table Load:
[    0.084784] ACPI: SSDT 0xFFFF9ECA57147000 000AB0 (v02 PmRef  ApPsd    00003000 INTL 20160527)
[    0.085633] ACPI: Executed 1 blocks of module-level executable AML code
[    0.085831] ACPI: Dynamic OEM Table Load:
[    0.085836] ACPI: SSDT 0xFFFF9ECA54FBB000 00030A (v02 PmRef  ApCst    00003000 INTL 20160527)
[    0.086109] ACPI: Executed 1 blocks of module-level executable AML code
[    0.089048] ACPI: EC: EC started
[    0.089048] ACPI: EC: interrupt blocked
[    0.089065] ACPI: \_SB_.PCI0.LPCB.EC0_: Used as first EC
[    0.089066] ACPI: \_SB_.PCI0.LPCB.EC0_: GPE=0x6e, EC_CMD/EC_SC=0x66, EC_DATA=0x62
[    0.089067] ACPI: \_SB_.PCI0.LPCB.EC0_: Used as boot DSDT EC to handle transactions
[    0.089068] ACPI: Interpreter enabled
[    0.089117] ACPI: (supports S0 S3 S4 S5)
[    0.089117] ACPI: Using IOAPIC for interrupt routing
[    0.089156] PCI: MMCONFIG for domain 0000 [bus 00-3f] at [mem 0xf8000000-0xfbffffff] (base 0xf8000000)
[    0.091785] PCI: MMCONFIG at [mem 0xf8000000-0xfbffffff] reserved in ACPI motherboard resources
[    0.091791] acpi_pci_root_init --functionpoint
[    0.091791] acpi_hest_init -- functionpoint
[    0.091796] PCI: Using host bridge windows from ACPI; if necessary, use "pci=nocrs" and report a bug
[    0.092189] driver_register -- functionpoint
[    0.092190] bus_add_driver -- functionpoint
[    0.092192] functionpoint -- bus: 'platform': add driver clk-lpt
[    0.092250] ACPI: Enabled 4 GPEs in block 00 to 7F
[    0.092252] acpi_bus_scan -- functionpoint
[    0.099136] ACPI: Power Resource [USBC] (on)
[    0.099955] ACPI: Power Resource [WRST] (on)
[    0.100365] ACPI: Power Resource [WRST] (on)
[    0.100764] ACPI: Power Resource [WRST] (on)
[    0.101165] ACPI: Power Resource [WRST] (on)
[    0.101573] ACPI: Power Resource [WRST] (on)
[    0.101971] ACPI: Power Resource [WRST] (on)
[    0.102370] ACPI: Power Resource [WRST] (on)
[    0.102772] ACPI: Power Resource [WRST] (on)
[    0.103172] ACPI: Power Resource [WRST] (on)
[    0.103569] ACPI: Power Resource [WRST] (on)
[    0.103967] ACPI: Power Resource [WRST] (on)
[    0.104369] ACPI: Power Resource [WRST] (on)
[    0.104766] ACPI: Power Resource [WRST] (on)
[    0.105165] ACPI: Power Resource [WRST] (on)
[    0.105573] ACPI: Power Resource [WRST] (on)
[    0.105969] ACPI: Power Resource [WRST] (on)
[    0.106369] ACPI: Power Resource [WRST] (on)
[    0.106773] ACPI: Power Resource [WRST] (on)
[    0.107178] ACPI: Power Resource [WRST] (on)
[    0.107586] ACPI: Power Resource [WRST] (on)
[    0.109287] ACPI: Power Resource [V0PR] (on)
[    0.109501] ACPI: Power Resource [V1PR] (on)
[    0.109710] ACPI: Power Resource [V2PR] (on)
[    0.114280] ACPI: Power Resource [WRST] (on)
[    0.116491] acpi_pci_root_add -- functionpoint
[    0.116882] ACPI: PCI Root Bridge [PCI0] (domain 0000 [bus 00-3e])
[    0.116885] ACPI: functionpoint -- PCI Root Bridge [PCI0] (domain 0000 [bus 00-3e])
[    0.116891] acpi PNP0A08:00: _OSC: OS supports [ExtendedConfig ASPM ClockPM Segments MSI]
[    0.120252] acpi PNP0A08:00: _OSC: OS now controls [PCIeHotplug PME AER PCIeCapability]
[    0.120253] acpi PNP0A08:00: FADT indicates ASPM is unsupported, using BIOS configuration
[    0.120267] pci_acpi_scan_root -- functionpoint
[    0.120267] pci_find_bus -- functionpoint
[    0.120270] functionpoint -- domain_num = 0, bus_num = 0
[    0.120272] pci_find_next_bus -- functionpoint
[    0.120273] not found bus -- functionpoint
[    0.120286] acpi_pci_root_create -- functionpoint
[    0.120670] pci_create_root_bus -- functionpoint
[    0.120672] pci_alloc_host_bridge -- functionpoint
[    0.120673] pci_register_host_bridge -- functionpoint
[    0.120675] pci_find_bus -- functionpoint
[    0.120677] functionpoint -- domain_num = 0, bus_num = 0
[    0.120679] pci_find_next_bus -- functionpoint
[    0.120679] not found bus -- functionpoint
[    0.121737] pci_bus_read_dev_vendor_id -- functionpoint
[    0.121751] pci_bus_read_dev_vendor_id -- functionpoint
[    0.121767] pci_bus_read_dev_vendor_id -- functionpoint
[    0.121778] pci_bus_read_dev_vendor_id -- functionpoint
[    0.121790] pci_bus_read_dev_vendor_id -- functionpoint
[    0.121803] pci_bus_read_dev_vendor_id -- functionpoint
[    0.121811] pci_bus_read_dev_vendor_id -- functionpoint
[    0.121824] pci_bus_read_dev_vendor_id -- functionpoint
[    0.121837] pci_bus_read_dev_vendor_id -- functionpoint
[    0.121842] pci_bus_read_dev_vendor_id -- functionpoint
[    0.121853] pci_bus_read_dev_vendor_id -- functionpoint
[    0.121901] pci_bus_read_dev_vendor_id -- functionpoint
[    0.121953] pci_bus_read_dev_vendor_id -- functionpoint
[    0.122005] pci_bus_read_dev_vendor_id -- functionpoint
[    0.122057] pci_bus_read_dev_vendor_id -- functionpoint
[    0.122109] pci_bus_read_dev_vendor_id -- functionpoint
[    0.122161] pci_bus_read_dev_vendor_id -- functionpoint
[    0.122213] pci_bus_read_dev_vendor_id -- functionpoint
[    0.122261] pci_bus_read_dev_vendor_id -- functionpoint
[    0.122314] pci_bus_read_dev_vendor_id -- functionpoint
[    0.122366] pci_bus_read_dev_vendor_id -- functionpoint
[    0.122418] pci_bus_read_dev_vendor_id -- functionpoint
[    0.122469] pci_bus_read_dev_vendor_id -- functionpoint
[    0.122521] pci_bus_read_dev_vendor_id -- functionpoint
[    0.122571] pci_bus_read_dev_vendor_id -- functionpoint
[    0.122621] pci_bus_read_dev_vendor_id -- functionpoint
[    0.122680] pci_bus_read_dev_vendor_id -- functionpoint
[    0.122733] pci_bus_read_dev_vendor_id -- functionpoint
[    0.122785] pci_bus_read_dev_vendor_id -- functionpoint
[    0.122837] pci_bus_read_dev_vendor_id -- functionpoint
[    0.122889] pci_bus_read_dev_vendor_id -- functionpoint
[    0.122942] pci_bus_read_dev_vendor_id -- functionpoint
[    0.122990] pci_bus_read_dev_vendor_id -- functionpoint
[    0.123042] pci_bus_read_dev_vendor_id -- functionpoint
[    0.123095] pci_bus_read_dev_vendor_id -- functionpoint
[    0.123110] pci_bus_read_dev_vendor_id -- functionpoint
[    0.123127] pci_bus_read_dev_vendor_id -- functionpoint
[    0.123142] pci_bus_read_dev_vendor_id -- functionpoint
[    0.123153] pci_bus_read_dev_vendor_id -- functionpoint
[    0.123165] pci_bus_read_dev_vendor_id -- functionpoint
[    0.123170] pci_bus_read_dev_vendor_id -- functionpoint
[    0.123177] pci_bus_read_dev_vendor_id -- functionpoint
[    0.123185] PCI host bridge to bus 0000:00
[    0.123188] pci_bus 0000:00: root bus resource [io  0x0000-0x0cf7 window]
[    0.123189] pci_bus 0000:00: root bus resource [io  0x0d00-0xffff window]
[    0.123190] pci_bus 0000:00: root bus resource [mem 0x000a0000-0x000bffff window]
[    0.123191] pci_bus 0000:00: root bus resource [mem 0xd4800000-0xf7ffffff window]
[    0.123192] pci_bus 0000:00: root bus resource [mem 0x4000000000-0x7fffffffff window]
[    0.123193] pci_bus 0000:00: root bus resource [mem 0xfc800000-0xfe7fffff window]
[    0.123195] pci_bus 0000:00: root bus resource [bus 00-3e]
[    0.123195] pci_scan_child_bus_extend -- functionpoint
[    0.123196] pci_bus 0000:00: functionpoint -- scanning bus
[    0.123199] pci_scan_slot -- functionpoint
[    0.123199] pci_scan_single_device -- functionpoint
[    0.123201] pci_get_slot -- functionpoint
[    0.123202] pci_scan_device -- functionpoint
[    0.123203] pci_bus_read_dev_vendor_id -- functionpoint
[    0.123206] functionpoint -- dev_vendor: 8086, dev_device: 3e30
[    0.123208] pci_setup_device -- functionpoint
[    0.123214] pci 0000:00:00.0: [8086:3e30] type 00 class 0x060000
[    0.123216] pci 0000:00:00.0: functionpoint -- [8086:3e30] type 00 class 0x060000
[    0.123230] switch case PCI_HEADER_TYPE_NORMAL -- functionpoint
[    0.123242] pci_device_add -- functionpoint
[    0.124248] functionpoint -- fn = 0
[    0.124251] next_fn -- functionpoint
[    0.124252] pci_scan_slot -- functionpoint
[    0.124253] pci_scan_single_device -- functionpoint
[    0.124254] pci_get_slot -- functionpoint
[    0.124256] pci_scan_device -- functionpoint
[    0.124257] pci_bus_read_dev_vendor_id -- functionpoint
[    0.124265] functionpoint -- fn = 0
[    0.124268] pci_scan_slot -- functionpoint
[    0.124268] pci_scan_single_device -- functionpoint
[    0.124269] pci_get_slot -- functionpoint
[    0.124271] pci_scan_device -- functionpoint
[    0.124272] pci_bus_read_dev_vendor_id -- functionpoint
[    0.124274] functionpoint -- dev_vendor: 8086, dev_device: 3e98
[    0.124276] pci_setup_device -- functionpoint
[    0.124282] pci 0000:00:02.0: [8086:3e98] type 00 class 0x030000
[    0.124284] pci 0000:00:02.0: functionpoint -- [8086:3e98] type 00 class 0x030000
[    0.124289] switch case PCI_HEADER_TYPE_NORMAL -- functionpoint
[    0.124295] pci 0000:00:02.0: reg 0x10: [mem 0xf0000000-0xf0ffffff 64bit]
[    0.124301] pci 0000:00:02.0: reg 0x18: [mem 0xe0000000-0xefffffff 64bit pref]
[    0.124304] pci 0000:00:02.0: reg 0x20: [io  0x4000-0x403f]
[    0.124310] pci_device_add -- functionpoint
[    0.124317] pci 0000:00:02.0: BAR 2: assigned to efifb
[    0.125342] functionpoint -- fn = 0
[    0.125344] next_fn -- functionpoint
[    0.125344] pci_scan_slot -- functionpoint
[    0.125345] pci_scan_single_device -- functionpoint
[    0.125347] pci_get_slot -- functionpoint
[    0.125348] pci_scan_device -- functionpoint
[    0.125349] pci_bus_read_dev_vendor_id -- functionpoint
[    0.125360] functionpoint -- fn = 0
[    0.125363] pci_scan_slot -- functionpoint
[    0.125363] pci_scan_single_device -- functionpoint
[    0.125364] pci_get_slot -- functionpoint
[    0.125366] pci_scan_device -- functionpoint
[    0.125367] pci_bus_read_dev_vendor_id -- functionpoint
[    0.125375] functionpoint -- fn = 0
[    0.125377] pci_scan_slot -- functionpoint
[    0.125378] pci_scan_single_device -- functionpoint
[    0.125379] pci_get_slot -- functionpoint
[    0.125380] pci_scan_device -- functionpoint
[    0.125381] pci_bus_read_dev_vendor_id -- functionpoint
[    0.125390] functionpoint -- fn = 0
[    0.125392] pci_scan_slot -- functionpoint
[    0.125392] pci_scan_single_device -- functionpoint
[    0.125393] pci_get_slot -- functionpoint
[    0.125395] pci_scan_device -- functionpoint
[    0.125396] pci_bus_read_dev_vendor_id -- functionpoint
[    0.125404] functionpoint -- fn = 0
[    0.125407] pci_scan_slot -- functionpoint
[    0.125407] pci_scan_single_device -- functionpoint
[    0.125408] pci_get_slot -- functionpoint
[    0.125409] pci_scan_device -- functionpoint
[    0.125411] pci_bus_read_dev_vendor_id -- functionpoint
[    0.125419] functionpoint -- fn = 0
[    0.125421] pci_scan_slot -- functionpoint
[    0.125421] pci_scan_single_device -- functionpoint
[    0.125423] pci_get_slot -- functionpoint
[    0.125424] pci_scan_device -- functionpoint
[    0.125425] pci_bus_read_dev_vendor_id -- functionpoint
[    0.125434] functionpoint -- fn = 0
[    0.125436] pci_scan_slot -- functionpoint
[    0.125436] pci_scan_single_device -- functionpoint
[    0.125437] pci_get_slot -- functionpoint
[    0.125439] pci_scan_device -- functionpoint
[    0.125440] pci_bus_read_dev_vendor_id -- functionpoint
[    0.125448] functionpoint -- fn = 0
[    0.125451] pci_scan_slot -- functionpoint
[    0.125451] pci_scan_single_device -- functionpoint
[    0.125452] pci_get_slot -- functionpoint
[    0.125453] pci_scan_device -- functionpoint
[    0.125455] pci_bus_read_dev_vendor_id -- functionpoint
[    0.125463] functionpoint -- fn = 0
[    0.125465] pci_scan_slot -- functionpoint
[    0.125466] pci_scan_single_device -- functionpoint
[    0.125467] pci_get_slot -- functionpoint
[    0.125468] pci_scan_device -- functionpoint
[    0.125469] pci_bus_read_dev_vendor_id -- functionpoint
[    0.125488] functionpoint -- fn = 0
[    0.125490] pci_scan_slot -- functionpoint
[    0.125490] pci_scan_single_device -- functionpoint
[    0.125492] pci_get_slot -- functionpoint
[    0.125493] pci_scan_device -- functionpoint
[    0.125494] pci_bus_read_dev_vendor_id -- functionpoint
[    0.125513] functionpoint -- fn = 0
[    0.125515] pci_scan_slot -- functionpoint
[    0.125515] pci_scan_single_device -- functionpoint
[    0.125517] pci_get_slot -- functionpoint
[    0.125518] pci_scan_device -- functionpoint
[    0.125519] pci_bus_read_dev_vendor_id -- functionpoint
[    0.125538] functionpoint -- fn = 0
[    0.125540] pci_scan_slot -- functionpoint
[    0.125540] pci_scan_single_device -- functionpoint
[    0.125542] pci_get_slot -- functionpoint
[    0.125543] pci_scan_device -- functionpoint
[    0.125544] pci_bus_read_dev_vendor_id -- functionpoint
[    0.125563] functionpoint -- fn = 0
[    0.125565] pci_scan_slot -- functionpoint
[    0.125565] pci_scan_single_device -- functionpoint
[    0.125567] pci_get_slot -- functionpoint
[    0.125568] pci_scan_device -- functionpoint
[    0.125569] pci_bus_read_dev_vendor_id -- functionpoint
[    0.125586] functionpoint -- fn = 0
[    0.125588] pci_scan_slot -- functionpoint
[    0.125589] pci_scan_single_device -- functionpoint
[    0.125590] pci_get_slot -- functionpoint
[    0.125591] pci_scan_device -- functionpoint
[    0.125593] pci_bus_read_dev_vendor_id -- functionpoint
[    0.125601] functionpoint -- fn = 0
[    0.125603] pci_scan_slot -- functionpoint
[    0.125603] pci_scan_single_device -- functionpoint
[    0.125605] pci_get_slot -- functionpoint
[    0.125606] pci_scan_device -- functionpoint
[    0.125607] pci_bus_read_dev_vendor_id -- functionpoint
[    0.125616] functionpoint -- fn = 0
[    0.125618] pci_scan_slot -- functionpoint
[    0.125618] pci_scan_single_device -- functionpoint
[    0.125619] pci_get_slot -- functionpoint
[    0.125621] pci_scan_device -- functionpoint
[    0.125622] pci_bus_read_dev_vendor_id -- functionpoint
[    0.125625] functionpoint -- dev_vendor: 8086, dev_device: a379
[    0.125628] pci_setup_device -- functionpoint
[    0.125639] pci 0000:00:12.0: [8086:a379] type 00 class 0x118000
[    0.125642] pci 0000:00:12.0: functionpoint -- [8086:a379] type 00 class 0x118000
[    0.125656] switch case PCI_HEADER_TYPE_NORMAL -- functionpoint
[    0.125675] pci 0000:00:12.0: reg 0x10: [mem 0x4000107000-0x4000107fff 64bit]
[    0.125719] pci_device_add -- functionpoint
[    0.126753] functionpoint -- fn = 0
[    0.126756] next_fn -- functionpoint
[    0.126756] pci_scan_single_device -- functionpoint
[    0.126757] pci_get_slot -- functionpoint
[    0.126759] pci_scan_device -- functionpoint
[    0.126760] pci_bus_read_dev_vendor_id -- functionpoint
[    0.126771] functionpoint -- fn = 1
[    0.126773] next_fn -- functionpoint
[    0.126774] pci_scan_single_device -- functionpoint
[    0.126775] pci_get_slot -- functionpoint
[    0.126776] pci_scan_device -- functionpoint
[    0.126778] pci_bus_read_dev_vendor_id -- functionpoint
[    0.126786] functionpoint -- fn = 2
[    0.126788] next_fn -- functionpoint
[    0.126788] pci_scan_single_device -- functionpoint
[    0.126790] pci_get_slot -- functionpoint
[    0.126791] pci_scan_device -- functionpoint
[    0.126792] pci_bus_read_dev_vendor_id -- functionpoint
[    0.126800] functionpoint -- fn = 3
[    0.126803] next_fn -- functionpoint
[    0.126803] pci_scan_single_device -- functionpoint
[    0.126804] pci_get_slot -- functionpoint
[    0.126806] pci_scan_device -- functionpoint
[    0.126807] pci_bus_read_dev_vendor_id -- functionpoint
[    0.126815] functionpoint -- fn = 4
[    0.126817] next_fn -- functionpoint
[    0.126818] pci_scan_single_device -- functionpoint
[    0.126819] pci_get_slot -- functionpoint
[    0.126820] pci_scan_device -- functionpoint
[    0.126821] pci_bus_read_dev_vendor_id -- functionpoint
[    0.126830] functionpoint -- fn = 5
[    0.126832] next_fn -- functionpoint
[    0.126832] pci_scan_single_device -- functionpoint
[    0.126834] pci_get_slot -- functionpoint
[    0.126835] pci_scan_device -- functionpoint
[    0.126836] pci_bus_read_dev_vendor_id -- functionpoint
[    0.126839] functionpoint -- fn = 6
[    0.126841] next_fn -- functionpoint
[    0.126841] pci_scan_single_device -- functionpoint
[    0.126843] pci_get_slot -- functionpoint
[    0.126844] pci_scan_device -- functionpoint
[    0.126845] pci_bus_read_dev_vendor_id -- functionpoint
[    0.126853] functionpoint -- fn = 7
[    0.126856] next_fn -- functionpoint
[    0.126856] pci_scan_slot -- functionpoint
[    0.126857] pci_scan_single_device -- functionpoint
[    0.126858] pci_get_slot -- functionpoint
[    0.126860] pci_scan_device -- functionpoint
[    0.126861] pci_bus_read_dev_vendor_id -- functionpoint
[    0.126874] functionpoint -- fn = 0
[    0.126876] pci_scan_slot -- functionpoint
[    0.126876] pci_scan_single_device -- functionpoint
[    0.126877] pci_get_slot -- functionpoint
[    0.126879] pci_scan_device -- functionpoint
[    0.126880] pci_bus_read_dev_vendor_id -- functionpoint
[    0.126883] functionpoint -- dev_vendor: 8086, dev_device: a36d
[    0.126885] pci_setup_device -- functionpoint
[    0.126898] pci 0000:00:14.0: [8086:a36d] type 00 class 0x0c0330
[    0.126900] pci 0000:00:14.0: functionpoint -- [8086:a36d] type 00 class 0x0c0330
[    0.126915] switch case PCI_HEADER_TYPE_NORMAL -- functionpoint
[    0.126935] pci 0000:00:14.0: reg 0x10: [mem 0xf1220000-0xf122ffff 64bit]
[    0.126990] pci_device_add -- functionpoint
[    0.127040] pci 0000:00:14.0: PME# supported from D3hot D3cold
[    0.128109] functionpoint -- fn = 0
[    0.128111] next_fn -- functionpoint
[    0.128111] pci_scan_single_device -- functionpoint
[    0.128112] pci_get_slot -- functionpoint
[    0.128114] pci_scan_device -- functionpoint
[    0.128115] pci_bus_read_dev_vendor_id -- functionpoint
[    0.128126] functionpoint -- fn = 1
[    0.128128] next_fn -- functionpoint
[    0.128129] pci_scan_single_device -- functionpoint
[    0.128130] pci_get_slot -- functionpoint
[    0.128131] pci_scan_device -- functionpoint
[    0.128132] pci_bus_read_dev_vendor_id -- functionpoint
[    0.128135] functionpoint -- dev_vendor: 8086, dev_device: a36f
[    0.128138] pci_setup_device -- functionpoint
[    0.128148] pci 0000:00:14.2: [8086:a36f] type 00 class 0x050000
[    0.128150] pci 0000:00:14.2: functionpoint -- [8086:a36f] type 00 class 0x050000
[    0.128162] switch case PCI_HEADER_TYPE_NORMAL -- functionpoint
[    0.128179] pci 0000:00:14.2: reg 0x10: [mem 0xf1232000-0xf1233fff 64bit]
[    0.128194] pci 0000:00:14.2: reg 0x18: [mem 0x4000106000-0x4000106fff 64bit]
[    0.128219] pci_device_add -- functionpoint
[    0.129245] functionpoint -- fn = 2
[    0.129247] next_fn -- functionpoint
[    0.129248] pci_scan_single_device -- functionpoint
[    0.129249] pci_get_slot -- functionpoint
[    0.129250] pci_scan_device -- functionpoint
[    0.129252] pci_bus_read_dev_vendor_id -- functionpoint
[    0.129257] functionpoint -- fn = 3
[    0.129259] next_fn -- functionpoint
[    0.129260] pci_scan_single_device -- functionpoint
[    0.129261] pci_get_slot -- functionpoint
[    0.129262] pci_scan_device -- functionpoint
[    0.129263] pci_bus_read_dev_vendor_id -- functionpoint
[    0.129272] functionpoint -- fn = 4
[    0.129274] next_fn -- functionpoint
[    0.129274] pci_scan_single_device -- functionpoint
[    0.129276] pci_get_slot -- functionpoint
[    0.129277] pci_scan_device -- functionpoint
[    0.129278] pci_bus_read_dev_vendor_id -- functionpoint
[    0.129297] functionpoint -- fn = 5
[    0.129299] next_fn -- functionpoint
[    0.129299] pci_scan_single_device -- functionpoint
[    0.129301] pci_get_slot -- functionpoint
[    0.129302] pci_scan_device -- functionpoint
[    0.129303] pci_bus_read_dev_vendor_id -- functionpoint
[    0.129322] functionpoint -- fn = 6
[    0.129324] next_fn -- functionpoint
[    0.129324] pci_scan_single_device -- functionpoint
[    0.129326] pci_get_slot -- functionpoint
[    0.129327] pci_scan_device -- functionpoint
[    0.129328] pci_bus_read_dev_vendor_id -- functionpoint
[    0.129347] functionpoint -- fn = 7
[    0.129349] next_fn -- functionpoint
[    0.129349] pci_scan_slot -- functionpoint
[    0.129351] pci_scan_single_device -- functionpoint
[    0.129352] pci_get_slot -- functionpoint
[    0.129353] pci_scan_device -- functionpoint
[    0.129355] pci_bus_read_dev_vendor_id -- functionpoint
[    0.129366] functionpoint -- fn = 0
[    0.129369] pci_scan_slot -- functionpoint
[    0.129369] pci_scan_single_device -- functionpoint
[    0.129370] pci_get_slot -- functionpoint
[    0.129372] pci_scan_device -- functionpoint
[    0.129373] pci_bus_read_dev_vendor_id -- functionpoint
[    0.129376] functionpoint -- dev_vendor: 8086, dev_device: a360
[    0.129378] pci_setup_device -- functionpoint
[    0.129391] pci 0000:00:16.0: [8086:a360] type 00 class 0x078000
[    0.129393] pci 0000:00:16.0: functionpoint -- [8086:a360] type 00 class 0x078000
[    0.129408] switch case PCI_HEADER_TYPE_NORMAL -- functionpoint
[    0.129425] pci 0000:00:16.0: reg 0x10: [mem 0x4000105000-0x4000105fff 64bit]
[    0.129466] pci_device_add -- functionpoint
[    0.129516] pci 0000:00:16.0: PME# supported from D3hot
[    0.130574] functionpoint -- fn = 0
[    0.130576] next_fn -- functionpoint
[    0.130576] pci_scan_single_device -- functionpoint
[    0.130578] pci_get_slot -- functionpoint
[    0.130579] pci_scan_device -- functionpoint
[    0.130580] pci_bus_read_dev_vendor_id -- functionpoint
[    0.130594] functionpoint -- fn = 1
[    0.130597] next_fn -- functionpoint
[    0.130597] pci_scan_single_device -- functionpoint
[    0.130598] pci_get_slot -- functionpoint
[    0.130600] pci_scan_device -- functionpoint
[    0.130601] pci_bus_read_dev_vendor_id -- functionpoint
[    0.130609] functionpoint -- fn = 2
[    0.130611] next_fn -- functionpoint
[    0.130612] pci_scan_single_device -- functionpoint
[    0.130613] pci_get_slot -- functionpoint
[    0.130614] pci_scan_device -- functionpoint
[    0.130615] pci_bus_read_dev_vendor_id -- functionpoint
[    0.130628] functionpoint -- dev_vendor: 8086, dev_device: a363
[    0.130630] pci_setup_device -- functionpoint
[    0.130641] pci 0000:00:16.3: [8086:a363] type 00 class 0x070002
[    0.130643] pci 0000:00:16.3: functionpoint -- [8086:a363] type 00 class 0x070002
[    0.130657] switch case PCI_HEADER_TYPE_NORMAL -- functionpoint
[    0.130668] pci 0000:00:16.3: reg 0x10: [io  0x4088-0x408f]
[    0.130678] pci 0000:00:16.3: reg 0x14: [mem 0xf1237000-0xf1237fff]
[    0.130718] pci_device_add -- functionpoint
[    0.131756] functionpoint -- fn = 3
[    0.131759] next_fn -- functionpoint
[    0.131759] pci_scan_single_device -- functionpoint
[    0.131761] pci_get_slot -- functionpoint
[    0.131762] pci_scan_device -- functionpoint
[    0.131763] pci_bus_read_dev_vendor_id -- functionpoint
[    0.131774] functionpoint -- fn = 4
[    0.131777] next_fn -- functionpoint
[    0.131777] pci_scan_single_device -- functionpoint
[    0.131778] pci_get_slot -- functionpoint
[    0.131780] pci_scan_device -- functionpoint
[    0.131781] pci_bus_read_dev_vendor_id -- functionpoint
[    0.131799] functionpoint -- fn = 5
[    0.131802] next_fn -- functionpoint
[    0.131802] pci_scan_single_device -- functionpoint
[    0.131803] pci_get_slot -- functionpoint
[    0.131804] pci_scan_device -- functionpoint
[    0.131806] pci_bus_read_dev_vendor_id -- functionpoint
[    0.131824] functionpoint -- fn = 6
[    0.131827] next_fn -- functionpoint
[    0.131827] pci_scan_single_device -- functionpoint
[    0.131828] pci_get_slot -- functionpoint
[    0.131829] pci_scan_device -- functionpoint
[    0.131831] pci_bus_read_dev_vendor_id -- functionpoint
[    0.131849] functionpoint -- fn = 7
[    0.131852] next_fn -- functionpoint
[    0.131852] pci_scan_slot -- functionpoint
[    0.131853] pci_scan_single_device -- functionpoint
[    0.131854] pci_get_slot -- functionpoint
[    0.131856] pci_scan_device -- functionpoint
[    0.131857] pci_bus_read_dev_vendor_id -- functionpoint
[    0.131870] functionpoint -- dev_vendor: 8086, dev_device: a352
[    0.131873] pci_setup_device -- functionpoint
[    0.131885] pci 0000:00:17.0: [8086:a352] type 00 class 0x010601
[    0.131888] pci 0000:00:17.0: functionpoint -- [8086:a352] type 00 class 0x010601
[    0.131903] switch case PCI_HEADER_TYPE_NORMAL -- functionpoint
[    0.131917] pci 0000:00:17.0: reg 0x10: [mem 0xf1230000-0xf1231fff]
[    0.131929] pci 0000:00:17.0: reg 0x14: [mem 0xf1236000-0xf12360ff]
[    0.131941] pci 0000:00:17.0: reg 0x18: [io  0x4080-0x4087]
[    0.131952] pci 0000:00:17.0: reg 0x1c: [io  0x4090-0x4093]
[    0.131963] pci 0000:00:17.0: reg 0x20: [io  0x4060-0x407f]
[    0.131973] pci 0000:00:17.0: reg 0x24: [mem 0xf1235000-0xf12357ff]
[    0.131987] pci_device_add -- functionpoint
[    0.132035] pci 0000:00:17.0: PME# supported from D3hot
[    0.133121] functionpoint -- fn = 0
[    0.133122] next_fn -- functionpoint
[    0.133123] pci_scan_slot -- functionpoint
[    0.133124] pci_scan_single_device -- functionpoint
[    0.133125] pci_get_slot -- functionpoint
[    0.133127] pci_scan_device -- functionpoint
[    0.133128] pci_bus_read_dev_vendor_id -- functionpoint
[    0.133142] functionpoint -- fn = 0
[    0.133145] pci_scan_slot -- functionpoint
[    0.133145] pci_scan_single_device -- functionpoint
[    0.133146] pci_get_slot -- functionpoint
[    0.133148] pci_scan_device -- functionpoint
[    0.133149] pci_bus_read_dev_vendor_id -- functionpoint
[    0.133167] functionpoint -- fn = 0
[    0.133170] pci_scan_slot -- functionpoint
[    0.133170] pci_scan_single_device -- functionpoint
[    0.133171] pci_get_slot -- functionpoint
[    0.133173] pci_scan_device -- functionpoint
[    0.133174] pci_bus_read_dev_vendor_id -- functionpoint
[    0.133192] functionpoint -- fn = 0
[    0.133195] pci_scan_slot -- functionpoint
[    0.133195] pci_scan_single_device -- functionpoint
[    0.133196] pci_get_slot -- functionpoint
[    0.133198] pci_scan_device -- functionpoint
[    0.133199] pci_bus_read_dev_vendor_id -- functionpoint
[    0.133211] functionpoint -- dev_vendor: 8086, dev_device: a32c
[    0.133213] pci_setup_device -- functionpoint
[    0.133226] pci 0000:00:1b.0: [8086:a32c] type 01 class 0x060400
[    0.133228] pci 0000:00:1b.0: functionpoint -- [8086:a32c] type 01 class 0x060400
[    0.133248] switch case PCI_HEADER_TYPE_BRIDGE -- functionpoint
[    0.133292] pci_device_add -- functionpoint
[    0.133376] pci 0000:00:1b.0: PME# supported from D0 D3hot D3cold
[    0.133411] pci 0000:00:1b.0: PTM enabled (root), 4dns granularity
[    0.134488] functionpoint -- fn = 0
[    0.134490] next_fn -- functionpoint
[    0.134490] pci_scan_single_device -- functionpoint
[    0.134491] pci_get_slot -- functionpoint
[    0.134493] pci_scan_device -- functionpoint
[    0.134494] pci_bus_read_dev_vendor_id -- functionpoint
[    0.134502] functionpoint -- fn = 1
[    0.134504] next_fn -- functionpoint
[    0.134505] pci_scan_single_device -- functionpoint
[    0.134506] pci_get_slot -- functionpoint
[    0.134507] pci_scan_device -- functionpoint
[    0.134508] pci_bus_read_dev_vendor_id -- functionpoint
[    0.134517] functionpoint -- fn = 2
[    0.134519] next_fn -- functionpoint
[    0.134519] pci_scan_single_device -- functionpoint
[    0.134520] pci_get_slot -- functionpoint
[    0.134522] pci_scan_device -- functionpoint
[    0.134523] pci_bus_read_dev_vendor_id -- functionpoint
[    0.134531] functionpoint -- fn = 3
[    0.134533] next_fn -- functionpoint
[    0.134533] pci_scan_single_device -- functionpoint
[    0.134534] pci_get_slot -- functionpoint
[    0.134536] pci_scan_device -- functionpoint
[    0.134537] pci_bus_read_dev_vendor_id -- functionpoint
[    0.134545] functionpoint -- fn = 4
[    0.134548] next_fn -- functionpoint
[    0.134548] pci_scan_single_device -- functionpoint
[    0.134549] pci_get_slot -- functionpoint
[    0.134551] pci_scan_device -- functionpoint
[    0.134552] pci_bus_read_dev_vendor_id -- functionpoint
[    0.134559] functionpoint -- fn = 5
[    0.134561] next_fn -- functionpoint
[    0.134562] pci_scan_single_device -- functionpoint
[    0.134563] pci_get_slot -- functionpoint
[    0.134564] pci_scan_device -- functionpoint
[    0.134566] pci_bus_read_dev_vendor_id -- functionpoint
[    0.134574] functionpoint -- fn = 6
[    0.134576] next_fn -- functionpoint
[    0.134577] pci_scan_single_device -- functionpoint
[    0.134578] pci_get_slot -- functionpoint
[    0.134579] pci_scan_device -- functionpoint
[    0.134580] pci_bus_read_dev_vendor_id -- functionpoint
[    0.134598] functionpoint -- fn = 7
[    0.134600] next_fn -- functionpoint
[    0.134601] pci_scan_slot -- functionpoint
[    0.134602] pci_scan_single_device -- functionpoint
[    0.134603] pci_get_slot -- functionpoint
[    0.134605] pci_scan_device -- functionpoint
[    0.134606] pci_bus_read_dev_vendor_id -- functionpoint
[    0.134608] functionpoint -- dev_vendor: 8086, dev_device: a33e
[    0.134611] pci_setup_device -- functionpoint
[    0.134623] pci 0000:00:1c.0: [8086:a33e] type 01 class 0x060400
[    0.134626] pci 0000:00:1c.0: functionpoint -- [8086:a33e] type 01 class 0x060400
[    0.134635] switch case PCI_HEADER_TYPE_BRIDGE -- functionpoint
[    0.134663] pci_device_add -- functionpoint
[    0.134719] pci 0000:00:1c.0: PME# supported from D0 D3hot D3cold
[    0.134742] pci 0000:00:1c.0: PTM enabled (root), 4dns granularity
[    0.135817] functionpoint -- fn = 0
[    0.135819] next_fn -- functionpoint
[    0.135819] pci_scan_single_device -- functionpoint
[    0.135820] pci_get_slot -- functionpoint
[    0.135822] pci_scan_device -- functionpoint
[    0.135823] pci_bus_read_dev_vendor_id -- functionpoint
[    0.135834] functionpoint -- fn = 1
[    0.135836] next_fn -- functionpoint
[    0.135837] pci_scan_single_device -- functionpoint
[    0.135838] pci_get_slot -- functionpoint
[    0.135839] pci_scan_device -- functionpoint
[    0.135840] pci_bus_read_dev_vendor_id -- functionpoint
[    0.135849] functionpoint -- fn = 2
[    0.135851] next_fn -- functionpoint
[    0.135851] pci_scan_single_device -- functionpoint
[    0.135852] pci_get_slot -- functionpoint
[    0.135854] pci_scan_device -- functionpoint
[    0.135855] pci_bus_read_dev_vendor_id -- functionpoint
[    0.135863] functionpoint -- fn = 3
[    0.135866] next_fn -- functionpoint
[    0.135866] pci_scan_single_device -- functionpoint
[    0.135867] pci_get_slot -- functionpoint
[    0.135869] pci_scan_device -- functionpoint
[    0.135870] pci_bus_read_dev_vendor_id -- functionpoint
[    0.135878] functionpoint -- fn = 4
[    0.135880] next_fn -- functionpoint
[    0.135881] pci_scan_single_device -- functionpoint
[    0.135882] pci_get_slot -- functionpoint
[    0.135883] pci_scan_device -- functionpoint
[    0.135884] pci_bus_read_dev_vendor_id -- functionpoint
[    0.135893] functionpoint -- fn = 5
[    0.135895] next_fn -- functionpoint
[    0.135895] pci_scan_single_device -- functionpoint
[    0.135896] pci_get_slot -- functionpoint
[    0.135898] pci_scan_device -- functionpoint
[    0.135899] pci_bus_read_dev_vendor_id -- functionpoint
[    0.135907] functionpoint -- fn = 6
[    0.135909] next_fn -- functionpoint
[    0.135909] pci_scan_single_device -- functionpoint
[    0.135910] pci_get_slot -- functionpoint
[    0.135912] pci_scan_device -- functionpoint
[    0.135913] pci_bus_read_dev_vendor_id -- functionpoint
[    0.135921] functionpoint -- fn = 7
[    0.135923] next_fn -- functionpoint
[    0.135924] pci_scan_slot -- functionpoint
[    0.135925] pci_scan_single_device -- functionpoint
[    0.135926] pci_get_slot -- functionpoint
[    0.135928] pci_scan_device -- functionpoint
[    0.135929] pci_bus_read_dev_vendor_id -- functionpoint
[    0.135945] functionpoint -- fn = 0
[    0.135947] pci_scan_slot -- functionpoint
[    0.135948] pci_scan_single_device -- functionpoint
[    0.135949] pci_get_slot -- functionpoint
[    0.135950] pci_scan_device -- functionpoint
[    0.135952] pci_bus_read_dev_vendor_id -- functionpoint
[    0.135954] functionpoint -- fn = 0
[    0.135957] pci_scan_slot -- functionpoint
[    0.135957] pci_scan_single_device -- functionpoint
[    0.135958] pci_get_slot -- functionpoint
[    0.135960] pci_scan_device -- functionpoint
[    0.135961] pci_bus_read_dev_vendor_id -- functionpoint
[    0.135968] functionpoint -- dev_vendor: 8086, dev_device: a306
[    0.135970] pci_setup_device -- functionpoint
[    0.135976] pci 0000:00:1f.0: [8086:a306] type 00 class 0x060100
[    0.135978] pci 0000:00:1f.0: functionpoint -- [8086:a306] type 00 class 0x060100
[    0.135988] switch case PCI_HEADER_TYPE_NORMAL -- functionpoint
[    0.136051] pci_device_add -- functionpoint
[    0.137088] functionpoint -- fn = 0
[    0.137091] next_fn -- functionpoint
[    0.137091] pci_scan_single_device -- functionpoint
[    0.137093] pci_get_slot -- functionpoint
[    0.137094] pci_scan_device -- functionpoint
[    0.137096] pci_bus_read_dev_vendor_id -- functionpoint
[    0.137103] functionpoint -- fn = 1
[    0.137105] next_fn -- functionpoint
[    0.137106] pci_scan_single_device -- functionpoint
[    0.137107] pci_get_slot -- functionpoint
[    0.137108] pci_scan_device -- functionpoint
[    0.137109] pci_bus_read_dev_vendor_id -- functionpoint
[    0.137117] functionpoint -- fn = 2
[    0.137119] next_fn -- functionpoint
[    0.137120] pci_scan_single_device -- functionpoint
[    0.137121] pci_get_slot -- functionpoint
[    0.137122] pci_scan_device -- functionpoint
[    0.137124] pci_bus_read_dev_vendor_id -- functionpoint
[    0.137127] functionpoint -- dev_vendor: 8086, dev_device: a348
[    0.137130] pci_setup_device -- functionpoint
[    0.137152] pci 0000:00:1f.3: [8086:a348] type 00 class 0x040300
[    0.137154] pci 0000:00:1f.3: functionpoint -- [8086:a348] type 00 class 0x040300
[    0.137185] switch case PCI_HEADER_TYPE_NORMAL -- functionpoint
[    0.137218] pci 0000:00:1f.3: reg 0x10: [mem 0x4000100000-0x4000103fff 64bit]
[    0.137278] pci 0000:00:1f.3: reg 0x20: [mem 0x4000000000-0x40000fffff 64bit]
[    0.137301] pci_device_add -- functionpoint
[    0.137401] pci 0000:00:1f.3: PME# supported from D3hot D3cold
[    0.138535] functionpoint -- fn = 3
[    0.138537] next_fn -- functionpoint
[    0.138537] pci_scan_single_device -- functionpoint
[    0.138538] pci_get_slot -- functionpoint
[    0.138540] pci_scan_device -- functionpoint
[    0.138541] pci_bus_read_dev_vendor_id -- functionpoint
[    0.138553] functionpoint -- dev_vendor: 8086, dev_device: a323
[    0.138555] pci_setup_device -- functionpoint
[    0.138576] pci 0000:00:1f.4: [8086:a323] type 00 class 0x0c0500
[    0.138578] pci 0000:00:1f.4: functionpoint -- [8086:a323] type 00 class 0x0c0500
[    0.138594] switch case PCI_HEADER_TYPE_NORMAL -- functionpoint
[    0.138632] pci 0000:00:1f.4: reg 0x10: [mem 0x4000104000-0x40001040ff 64bit]
[    0.138694] pci 0000:00:1f.4: reg 0x20: [io  0xefa0-0xefbf]
[    0.138742] pci_device_add -- functionpoint
[    0.139797] functionpoint -- fn = 4
[    0.139799] next_fn -- functionpoint
[    0.139800] pci_scan_single_device -- functionpoint
[    0.139801] pci_get_slot -- functionpoint
[    0.139803] pci_scan_device -- functionpoint
[    0.139804] pci_bus_read_dev_vendor_id -- functionpoint
[    0.139814] functionpoint -- dev_vendor: 8086, dev_device: a324
[    0.139817] pci_setup_device -- functionpoint
[    0.139824] pci 0000:00:1f.5: [8086:a324] type 00 class 0x0c8000
[    0.139826] pci 0000:00:1f.5: functionpoint -- [8086:a324] type 00 class 0x0c8000
[    0.139835] switch case PCI_HEADER_TYPE_NORMAL -- functionpoint
[    0.139848] pci 0000:00:1f.5: reg 0x10: [mem 0xfe010000-0xfe010fff]
[    0.139914] pci_device_add -- functionpoint
[    0.140919] functionpoint -- fn = 5
[    0.140922] next_fn -- functionpoint
[    0.140922] pci_scan_single_device -- functionpoint
[    0.140923] pci_get_slot -- functionpoint
[    0.140925] pci_scan_device -- functionpoint
[    0.140926] pci_bus_read_dev_vendor_id -- functionpoint
[    0.140933] functionpoint -- dev_vendor: 8086, dev_device: 15bb
[    0.140935] pci_setup_device -- functionpoint
[    0.140957] pci 0000:00:1f.6: [8086:15bb] type 00 class 0x020000
[    0.140959] pci 0000:00:1f.6: functionpoint -- [8086:15bb] type 00 class 0x020000
[    0.140974] pci_get_slot -- functionpoint
[    0.140987] switch case PCI_HEADER_TYPE_NORMAL -- functionpoint
[    0.141019] pci 0000:00:1f.6: reg 0x10: [mem 0xf1200000-0xf121ffff]
[    0.141166] pci_device_add -- functionpoint
[    0.141258] pci 0000:00:1f.6: PME# supported from D0 D3hot D3cold
[    0.142271] functionpoint -- fn = 6
[    0.142273] next_fn -- functionpoint
[    0.142273] pci_scan_single_device -- functionpoint
[    0.142274] pci_get_slot -- functionpoint
[    0.142276] pci_scan_device -- functionpoint
[    0.142277] pci_bus_read_dev_vendor_id -- functionpoint
[    0.142288] functionpoint -- fn = 7
[    0.142290] next_fn -- functionpoint
[    0.142291] pci_read_bridge_bases -- functionpoint
[    0.142298] pci_find_bus -- functionpoint
[    0.142300] functionpoint -- domain_num = 0, bus_num = 1
[    0.142303] pci_find_next_bus -- functionpoint
[    0.142303] pci_find_next_bus -- functionpoint
[    0.142304] not found bus -- functionpoint
[    0.142363] pci_bus_read_dev_vendor_id -- functionpoint
[    0.142378] pci_scan_child_bus_extend -- functionpoint
[    0.142381] pci_bus 0000:01: functionpoint -- scanning bus
[    0.142383] pci_scan_slot -- functionpoint
[    0.142383] pci_scan_single_device -- functionpoint
[    0.142385] pci_get_slot -- functionpoint
[    0.142386] pci_scan_device -- functionpoint
[    0.142387] pci_bus_read_dev_vendor_id -- functionpoint
[    0.142395] functionpoint -- dev_vendor: 1c5c, dev_device: 1339
[    0.142397] pci_setup_device -- functionpoint
[    0.142414] pci 0000:01:00.0: [1c5c:1339] type 00 class 0x010802
[    0.142416] pci 0000:01:00.0: functionpoint -- [1c5c:1339] type 00 class 0x010802
[    0.142442] switch case PCI_HEADER_TYPE_NORMAL -- functionpoint
[    0.142463] pci 0000:01:00.0: reg 0x10: [mem 0xf1100000-0xf1103fff 64bit]
[    0.142518] pci_device_add -- functionpoint
[    0.142616] pci 0000:01:00.0: supports D1
[    0.142618] pci 0000:01:00.0: PME# supported from D0 D1 D3hot
[    0.142711] functionpoint -- fn = 0
[    0.142712] next_fn -- functionpoint
[    0.152055] pci_scan_slot -- functionpoint
[    0.152057] pci_scan_slot -- functionpoint
[    0.152058] pci_scan_slot -- functionpoint
[    0.152059] pci_scan_slot -- functionpoint
[    0.152060] pci_scan_slot -- functionpoint
[    0.152062] pci_scan_slot -- functionpoint
[    0.152063] pci_scan_slot -- functionpoint
[    0.152064] pci_scan_slot -- functionpoint
[    0.152065] pci_scan_slot -- functionpoint
[    0.152067] pci_scan_slot -- functionpoint
[    0.152068] pci_scan_slot -- functionpoint
[    0.152069] pci_scan_slot -- functionpoint
[    0.152070] pci_scan_slot -- functionpoint
[    0.152072] pci_scan_slot -- functionpoint
[    0.152073] pci_scan_slot -- functionpoint
[    0.152074] pci_scan_slot -- functionpoint
[    0.152075] pci_scan_slot -- functionpoint
[    0.152077] pci_scan_slot -- functionpoint
[    0.152078] pci_scan_slot -- functionpoint
[    0.152079] pci_scan_slot -- functionpoint
[    0.152080] pci_scan_slot -- functionpoint
[    0.152082] pci_scan_slot -- functionpoint
[    0.152083] pci_scan_slot -- functionpoint
[    0.152084] pci_scan_slot -- functionpoint
[    0.152085] pci_scan_slot -- functionpoint
[    0.152087] pci_scan_slot -- functionpoint
[    0.152088] pci_scan_slot -- functionpoint
[    0.152089] pci_scan_slot -- functionpoint
[    0.152090] pci_scan_slot -- functionpoint
[    0.152092] pci_scan_slot -- functionpoint
[    0.152093] pci_scan_slot -- functionpoint
[    0.152094] pci_read_bridge_bases -- functionpoint
[    0.152096] pci 0000:00:1b.0: PCI bridge to [bus 01]
[    0.152105] pci 0000:00:1b.0:   bridge window [mem 0xf1100000-0xf11fffff]
[    0.152112] pci_bus 0000:01: functionpoint -- bus scan returning with max=01
[    0.152118] pci_find_bus -- functionpoint
[    0.152119] functionpoint -- domain_num = 0, bus_num = 2
[    0.152121] pci_find_next_bus -- functionpoint
[    0.152122] pci_find_next_bus -- functionpoint
[    0.152123] not found bus -- functionpoint
[    0.152164] pci_bus_read_dev_vendor_id -- functionpoint
[    0.152173] pci_scan_child_bus_extend -- functionpoint
[    0.152175] pci_bus 0000:02: functionpoint -- scanning bus
[    0.152178] pci_scan_slot -- functionpoint
[    0.152178] pci_scan_single_device -- functionpoint
[    0.152179] pci_get_slot -- functionpoint
[    0.152181] pci_scan_device -- functionpoint
[    0.152182] pci_bus_read_dev_vendor_id -- functionpoint
[    0.152195] functionpoint -- dev_vendor: 1283, dev_device: 8893
[    0.152197] pci_setup_device -- functionpoint
[    0.152235] pci 0000:02:00.0: [1283:8893] type 01 class 0x060401
[    0.152237] pci 0000:02:00.0: functionpoint -- [1283:8893] type 01 class 0x060401
[    0.152283] switch case PCI_HEADER_TYPE_BRIDGE -- functionpoint
[    0.152468] pci_device_add -- functionpoint
[    0.152628] pci 0000:02:00.0: supports D1 D2
[    0.152630] pci 0000:02:00.0: PME# supported from D0 D1 D2 D3hot D3cold
[    0.152745] functionpoint -- fn = 0
[    0.152746] next_fn -- functionpoint
[    0.152750] pci_scan_slot -- functionpoint
[    0.152752] pci_scan_slot -- functionpoint
[    0.152753] pci_scan_slot -- functionpoint
[    0.152754] pci_scan_slot -- functionpoint
[    0.152755] pci_scan_slot -- functionpoint
[    0.152757] pci_scan_slot -- functionpoint
[    0.152758] pci_scan_slot -- functionpoint
[    0.152759] pci_scan_slot -- functionpoint
[    0.152760] pci_scan_slot -- functionpoint
[    0.152762] pci_scan_slot -- functionpoint
[    0.152763] pci_scan_slot -- functionpoint
[    0.152764] pci_scan_slot -- functionpoint
[    0.152765] pci_scan_slot -- functionpoint
[    0.152767] pci_scan_slot -- functionpoint
[    0.152768] pci_scan_slot -- functionpoint
[    0.152769] pci_scan_slot -- functionpoint
[    0.152770] pci_scan_slot -- functionpoint
[    0.152772] pci_scan_slot -- functionpoint
[    0.152773] pci_scan_slot -- functionpoint
[    0.152774] pci_scan_slot -- functionpoint
[    0.152776] pci_scan_slot -- functionpoint
[    0.152777] pci_scan_slot -- functionpoint
[    0.152778] pci_scan_slot -- functionpoint
[    0.152779] pci_scan_slot -- functionpoint
[    0.152780] pci_scan_slot -- functionpoint
[    0.152782] pci_scan_slot -- functionpoint
[    0.152783] pci_scan_slot -- functionpoint
[    0.152784] pci_scan_slot -- functionpoint
[    0.152785] pci_scan_slot -- functionpoint
[    0.152787] pci_scan_slot -- functionpoint
[    0.152788] pci_scan_slot -- functionpoint
[    0.152789] pci_read_bridge_bases -- functionpoint
[    0.152792] pci 0000:00:1c.0: PCI bridge to [bus 02-03]
[    0.152799] pci 0000:00:1c.0:   bridge window [io  0x3000-0x3fff]
[    0.152801] pci 0000:00:1c.0:   bridge window [mem 0xf1000000-0xf10fffff]
[    0.152810] pci_find_bus -- functionpoint
[    0.152810] functionpoint -- domain_num = 0, bus_num = 3
[    0.152813] pci_find_next_bus -- functionpoint
[    0.152813] pci_find_next_bus -- functionpoint
[    0.152814] not found bus -- functionpoint
[    0.152852] pci_scan_child_bus_extend -- functionpoint
[    0.152854] pci_bus 0000:03: functionpoint -- scanning bus
[    0.152856] pci_scan_slot -- functionpoint
[    0.152857] pci_scan_single_device -- functionpoint
[    0.152858] pci_get_slot -- functionpoint
[    0.152859] pci_scan_device -- functionpoint
[    0.152860] pci_bus_read_dev_vendor_id -- functionpoint
[    0.152868] functionpoint -- dev_vendor: 1317, dev_device: 985
[    0.152871] pci_setup_device -- functionpoint
[    0.152884] pci 0000:03:00.0: [1317:0985] type 00 class 0x020000
[    0.152887] pci 0000:03:00.0: functionpoint -- [1317:0985] type 00 class 0x020000
[    0.152906] switch case PCI_HEADER_TYPE_NORMAL -- functionpoint
[    0.152926] pci 0000:03:00.0: reg 0x10: [io  0x3000-0x30ff]
[    0.152941] pci 0000:03:00.0: reg 0x14: [mem 0xf1000000-0xf10003ff]
[    0.153009] pci 0000:03:00.0: reg 0x30: [mem 0xfffe0000-0xffffffff pref]
[    0.153015] pci_device_add -- functionpoint
[    0.153071] pci 0000:03:00.0: supports D1 D2
[    0.153074] pci 0000:03:00.0: PME# supported from D0 D1 D2 D3hot D3cold
[    0.153107] functionpoint -- fn = 0
[    0.153108] next_fn -- functionpoint
[    0.153109] pci_scan_slot -- functionpoint
[    0.153110] pci_scan_single_device -- functionpoint
[    0.153111] pci_get_slot -- functionpoint
[    0.153113] pci_scan_device -- functionpoint
[    0.153114] pci_bus_read_dev_vendor_id -- functionpoint
[    0.153123] functionpoint -- fn = 0
[    0.153125] pci_scan_slot -- functionpoint
[    0.153125] pci_scan_single_device -- functionpoint
[    0.153127] pci_get_slot -- functionpoint
[    0.153128] pci_scan_device -- functionpoint
[    0.153129] pci_bus_read_dev_vendor_id -- functionpoint
[    0.153133] functionpoint -- fn = 0
[    0.153135] pci_scan_slot -- functionpoint
[    0.153135] pci_scan_single_device -- functionpoint
[    0.153137] pci_get_slot -- functionpoint
[    0.153138] pci_scan_device -- functionpoint
[    0.153139] pci_bus_read_dev_vendor_id -- functionpoint
[    0.153143] functionpoint -- fn = 0
[    0.153146] pci_scan_slot -- functionpoint
[    0.153146] pci_scan_single_device -- functionpoint
[    0.153147] pci_get_slot -- functionpoint
[    0.153149] pci_scan_device -- functionpoint
[    0.153150] pci_bus_read_dev_vendor_id -- functionpoint
[    0.153160] functionpoint -- fn = 0
[    0.153162] pci_scan_slot -- functionpoint
[    0.153162] pci_scan_single_device -- functionpoint
[    0.153164] pci_get_slot -- functionpoint
[    0.153165] pci_scan_device -- functionpoint
[    0.153166] pci_bus_read_dev_vendor_id -- functionpoint
[    0.153170] functionpoint -- fn = 0
[    0.153172] pci_scan_slot -- functionpoint
[    0.153172] pci_scan_single_device -- functionpoint
[    0.153173] pci_get_slot -- functionpoint
[    0.153175] pci_scan_device -- functionpoint
[    0.153176] pci_bus_read_dev_vendor_id -- functionpoint
[    0.153180] functionpoint -- fn = 0
[    0.153182] pci_scan_slot -- functionpoint
[    0.153183] pci_scan_single_device -- functionpoint
[    0.153184] pci_get_slot -- functionpoint
[    0.153185] pci_scan_device -- functionpoint
[    0.153187] pci_bus_read_dev_vendor_id -- functionpoint
[    0.153199] functionpoint -- fn = 0
[    0.153201] pci_scan_slot -- functionpoint
[    0.153201] pci_scan_single_device -- functionpoint
[    0.153203] pci_get_slot -- functionpoint
[    0.153204] pci_scan_device -- functionpoint
[    0.153205] pci_bus_read_dev_vendor_id -- functionpoint
[    0.153209] functionpoint -- fn = 0
[    0.153211] pci_scan_slot -- functionpoint
[    0.153211] pci_scan_single_device -- functionpoint
[    0.153212] pci_get_slot -- functionpoint
[    0.153214] pci_scan_device -- functionpoint
[    0.153215] pci_bus_read_dev_vendor_id -- functionpoint
[    0.153219] functionpoint -- fn = 0
[    0.153221] pci_scan_slot -- functionpoint
[    0.153222] pci_scan_single_device -- functionpoint
[    0.153223] pci_get_slot -- functionpoint
[    0.153224] pci_scan_device -- functionpoint
[    0.153226] pci_bus_read_dev_vendor_id -- functionpoint
[    0.153230] functionpoint -- fn = 0
[    0.153232] pci_scan_slot -- functionpoint
[    0.153232] pci_scan_single_device -- functionpoint
[    0.153234] pci_get_slot -- functionpoint
[    0.153235] pci_scan_device -- functionpoint
[    0.153236] pci_bus_read_dev_vendor_id -- functionpoint
[    0.153240] functionpoint -- fn = 0
[    0.153242] pci_scan_slot -- functionpoint
[    0.153242] pci_scan_single_device -- functionpoint
[    0.153243] pci_get_slot -- functionpoint
[    0.153245] pci_scan_device -- functionpoint
[    0.153246] pci_bus_read_dev_vendor_id -- functionpoint
[    0.153250] functionpoint -- fn = 0
[    0.153253] pci_scan_slot -- functionpoint
[    0.153253] pci_scan_single_device -- functionpoint
[    0.153254] pci_get_slot -- functionpoint
[    0.153255] pci_scan_device -- functionpoint
[    0.153257] pci_bus_read_dev_vendor_id -- functionpoint
[    0.153261] functionpoint -- fn = 0
[    0.153263] pci_scan_slot -- functionpoint
[    0.153264] pci_scan_single_device -- functionpoint
[    0.153265] pci_get_slot -- functionpoint
[    0.153266] pci_scan_device -- functionpoint
[    0.153267] pci_bus_read_dev_vendor_id -- functionpoint
[    0.153271] functionpoint -- fn = 0
[    0.153273] pci_scan_slot -- functionpoint
[    0.153273] pci_scan_single_device -- functionpoint
[    0.153275] pci_get_slot -- functionpoint
[    0.153276] pci_scan_device -- functionpoint
[    0.153277] pci_bus_read_dev_vendor_id -- functionpoint
[    0.153280] functionpoint -- fn = 0
[    0.153283] pci_scan_slot -- functionpoint
[    0.153283] pci_scan_single_device -- functionpoint
[    0.153284] pci_get_slot -- functionpoint
[    0.153286] pci_scan_device -- functionpoint
[    0.153287] pci_bus_read_dev_vendor_id -- functionpoint
[    0.153291] functionpoint -- fn = 0
[    0.153293] pci_scan_slot -- functionpoint
[    0.153294] pci_scan_single_device -- functionpoint
[    0.153295] pci_get_slot -- functionpoint
[    0.153296] pci_scan_device -- functionpoint
[    0.153298] pci_bus_read_dev_vendor_id -- functionpoint
[    0.153302] functionpoint -- fn = 0
[    0.153304] pci_scan_slot -- functionpoint
[    0.153304] pci_scan_single_device -- functionpoint
[    0.153306] pci_get_slot -- functionpoint
[    0.153307] pci_scan_device -- functionpoint
[    0.153308] pci_bus_read_dev_vendor_id -- functionpoint
[    0.153312] functionpoint -- fn = 0
[    0.153314] pci_scan_slot -- functionpoint
[    0.153314] pci_scan_single_device -- functionpoint
[    0.153315] pci_get_slot -- functionpoint
[    0.153317] pci_scan_device -- functionpoint
[    0.153318] pci_bus_read_dev_vendor_id -- functionpoint
[    0.153322] functionpoint -- fn = 0
[    0.153324] pci_scan_slot -- functionpoint
[    0.153325] pci_scan_single_device -- functionpoint
[    0.153326] pci_get_slot -- functionpoint
[    0.153327] pci_scan_device -- functionpoint
[    0.153328] pci_bus_read_dev_vendor_id -- functionpoint
[    0.153341] functionpoint -- fn = 0
[    0.153343] pci_scan_slot -- functionpoint
[    0.153343] pci_scan_single_device -- functionpoint
[    0.153344] pci_get_slot -- functionpoint
[    0.153346] pci_scan_device -- functionpoint
[    0.153347] pci_bus_read_dev_vendor_id -- functionpoint
[    0.153350] functionpoint -- fn = 0
[    0.153352] pci_scan_slot -- functionpoint
[    0.153353] pci_scan_single_device -- functionpoint
[    0.153354] pci_get_slot -- functionpoint
[    0.153355] pci_scan_device -- functionpoint
[    0.153357] pci_bus_read_dev_vendor_id -- functionpoint
[    0.153361] functionpoint -- fn = 0
[    0.153363] pci_scan_slot -- functionpoint
[    0.153363] pci_scan_single_device -- functionpoint
[    0.153365] pci_get_slot -- functionpoint
[    0.153366] pci_scan_device -- functionpoint
[    0.153367] pci_bus_read_dev_vendor_id -- functionpoint
[    0.153371] functionpoint -- fn = 0
[    0.153374] pci_scan_slot -- functionpoint
[    0.153374] pci_scan_single_device -- functionpoint
[    0.153375] pci_get_slot -- functionpoint
[    0.153377] pci_scan_device -- functionpoint
[    0.153378] pci_bus_read_dev_vendor_id -- functionpoint
[    0.153381] functionpoint -- fn = 0
[    0.153383] pci_scan_slot -- functionpoint
[    0.153384] pci_scan_single_device -- functionpoint
[    0.153385] pci_get_slot -- functionpoint
[    0.153386] pci_scan_device -- functionpoint
[    0.153388] pci_bus_read_dev_vendor_id -- functionpoint
[    0.153392] functionpoint -- fn = 0
[    0.153394] pci_scan_slot -- functionpoint
[    0.153394] pci_scan_single_device -- functionpoint
[    0.153396] pci_get_slot -- functionpoint
[    0.153397] pci_scan_device -- functionpoint
[    0.153398] pci_bus_read_dev_vendor_id -- functionpoint
[    0.153403] functionpoint -- fn = 0
[    0.153405] pci_scan_slot -- functionpoint
[    0.153405] pci_scan_single_device -- functionpoint
[    0.153406] pci_get_slot -- functionpoint
[    0.153408] pci_scan_device -- functionpoint
[    0.153409] pci_bus_read_dev_vendor_id -- functionpoint
[    0.153412] functionpoint -- fn = 0
[    0.153415] pci_scan_slot -- functionpoint
[    0.153415] pci_scan_single_device -- functionpoint
[    0.153416] pci_get_slot -- functionpoint
[    0.153417] pci_scan_device -- functionpoint
[    0.153419] pci_bus_read_dev_vendor_id -- functionpoint
[    0.153422] functionpoint -- fn = 0
[    0.153424] pci_scan_slot -- functionpoint
[    0.153425] pci_scan_single_device -- functionpoint
[    0.153426] pci_get_slot -- functionpoint
[    0.153427] pci_scan_device -- functionpoint
[    0.153428] pci_bus_read_dev_vendor_id -- functionpoint
[    0.153433] functionpoint -- fn = 0
[    0.153435] pci_scan_slot -- functionpoint
[    0.153435] pci_scan_single_device -- functionpoint
[    0.153437] pci_get_slot -- functionpoint
[    0.153438] pci_scan_device -- functionpoint
[    0.153439] pci_bus_read_dev_vendor_id -- functionpoint
[    0.153443] functionpoint -- fn = 0
[    0.153446] pci_scan_slot -- functionpoint
[    0.153446] pci_scan_single_device -- functionpoint
[    0.153447] pci_get_slot -- functionpoint
[    0.153449] pci_scan_device -- functionpoint
[    0.153450] pci_bus_read_dev_vendor_id -- functionpoint
[    0.153453] functionpoint -- fn = 0
[    0.153455] pci_read_bridge_bases -- functionpoint
[    0.153457] pci 0000:02:00.0: PCI bridge to [bus 03] (subtractive decode)
[    0.153468] pci 0000:02:00.0:   bridge window [io  0x3000-0x3fff]
[    0.153475] pci 0000:02:00.0:   bridge window [mem 0xf1000000-0xf10fffff]
[    0.153487] pci 0000:02:00.0:   bridge window [io  0x3000-0x3fff] (subtractive decode)
[    0.153488] pci 0000:02:00.0:   bridge window [mem 0xf1000000-0xf10fffff] (subtractive decode)
[    0.153489] pci_bus 0000:03: functionpoint -- bus scan returning with max=03
[    0.153502] pci_bus 0000:02: functionpoint -- bus scan returning with max=03
[    0.153521] pci_bus 0000:00: functionpoint -- bus scan returning with max=03
[    0.155787] driver_register -- functionpoint
[    0.155788] bus_add_driver -- functionpoint
[    0.155791] functionpoint -- bus: 'acpi': add driver ec
[    0.155797] really_probe -- functionpoint
[    0.155798] functionpoint -- bus: 'acpi': really_probe: probing driver ec with device PNP0C09:01
[    0.155812] ACPI: EC: interrupt unblocked
[    0.155820] ACPI: EC: event unblocked
[    0.155839] ACPI: \_SB_.PCI0.LPCB.EC0_: GPE=0x6e, EC_CMD/EC_SC=0x66, EC_DATA=0x62
[    0.155840] ACPI: \_SB_.PCI0.LPCB.EC0_: Used as boot DSDT EC to handle transactions and events
[    0.155892] pci 0000:00:02.0: vgaarb: setting as boot VGA device
[    0.155892] pci 0000:00:02.0: vgaarb: VGA device added: decodes=io+mem,owns=io+mem,locks=none
[    0.155892] pci 0000:00:02.0: vgaarb: bridge control possible
[    0.155892] vgaarb: loaded
[    0.155892] driver_register -- functionpoint
[    0.155892] bus_add_driver -- functionpoint
[    0.155892] functionpoint -- bus: 'i2c': add driver 88PM860x
[    0.155892] driver_register -- functionpoint
[    0.155892] bus_add_driver -- functionpoint
[    0.155892] functionpoint -- bus: 'i2c': add driver WM8400
[    0.155892] driver_register -- functionpoint
[    0.155892] bus_add_driver -- functionpoint
[    0.155892] functionpoint -- bus: 'i2c': add driver wm831x
[    0.155892] driver_register -- functionpoint
[    0.155892] bus_add_driver -- functionpoint
[    0.155892] functionpoint -- bus: 'spi': add driver wm831x
[    0.155892] driver_register -- functionpoint
[    0.155892] bus_add_driver -- functionpoint
[    0.155892] functionpoint -- bus: 'i2c': add driver wm8350
[    0.155892] driver_register -- functionpoint
[    0.155892] bus_add_driver -- functionpoint
[    0.155892] functionpoint -- bus: 'i2c': add driver tps65910
[    0.155892] driver_register -- functionpoint
[    0.155892] bus_add_driver -- functionpoint
[    0.155892] functionpoint -- bus: 'i2c': add driver tps80031
[    0.155892] driver_register -- functionpoint
[    0.155892] bus_add_driver -- functionpoint
[    0.155892] functionpoint -- bus: 'spi': add driver ezx-pcap
[    0.155892] driver_register -- functionpoint
[    0.155892] bus_add_driver -- functionpoint
[    0.155892] functionpoint -- bus: 'i2c': add driver da903x
[    0.155892] driver_register -- functionpoint
[    0.155892] bus_add_driver -- functionpoint
[    0.155892] functionpoint -- bus: 'spi': add driver da9052
[    0.155892] driver_register -- functionpoint
[    0.155892] bus_add_driver -- functionpoint
[    0.155892] functionpoint -- bus: 'i2c': add driver da9052
[    0.155892] driver_register -- functionpoint
[    0.155892] bus_add_driver -- functionpoint
[    0.155892] functionpoint -- bus: 'i2c': add driver lp8788
[    0.155892] driver_register -- functionpoint
[    0.155892] bus_add_driver -- functionpoint
[    0.155892] functionpoint -- bus: 'i2c': add driver da9055-pmic
[    0.155892] driver_register -- functionpoint
[    0.155892] bus_add_driver -- functionpoint
[    0.155892] functionpoint -- bus: 'i2c': add driver max77843
[    0.155892] driver_register -- functionpoint
[    0.155892] bus_add_driver -- functionpoint
[    0.155892] functionpoint -- bus: 'i2c': add driver max8925
[    0.156007] driver_register -- functionpoint
[    0.156008] bus_add_driver -- functionpoint
[    0.156009] functionpoint -- bus: 'i2c': add driver max8997
[    0.156013] driver_register -- functionpoint
[    0.156013] bus_add_driver -- functionpoint
[    0.156015] functionpoint -- bus: 'i2c': add driver max8998
[    0.156019] driver_register -- functionpoint
[    0.156019] bus_add_driver -- functionpoint
[    0.156021] functionpoint -- bus: 'i2c': add driver ab3100
[    0.156030] driver_register -- functionpoint
[    0.156030] bus_add_driver -- functionpoint
[    0.156032] functionpoint -- bus: 'i2c': add driver tps6586x
[    0.156036] driver_register -- functionpoint
[    0.156036] bus_add_driver -- functionpoint
[    0.156038] functionpoint -- bus: 'i2c': add driver tps65090
[    0.156042] driver_register -- functionpoint
[    0.156042] bus_add_driver -- functionpoint
[    0.156044] functionpoint -- bus: 'i2c': add driver aat2870
[    0.156048] driver_register -- functionpoint
[    0.156048] bus_add_driver -- functionpoint
[    0.156050] functionpoint -- bus: 'i2c': add driver palmas
[    0.156054] driver_register -- functionpoint
[    0.156055] bus_add_driver -- functionpoint
[    0.156056] functionpoint -- bus: 'i2c': add driver rc5t583
[    0.156060] driver_register -- functionpoint
[    0.156060] bus_add_driver -- functionpoint
[    0.156062] functionpoint -- bus: 'i2c': add driver sec_pmic
[    0.156068] driver_register -- functionpoint
[    0.156068] bus_add_driver -- functionpoint
[    0.156070] functionpoint -- bus: 'i2c': add driver as3711
[    0.156081] driver_register -- functionpoint
[    0.156081] bus_add_driver -- functionpoint
[    0.156083] functionpoint -- bus: 'nd': add driver nd_bus
[    0.156088] driver_register -- functionpoint
[    0.156088] bus_add_driver -- functionpoint
[    0.156090] functionpoint -- bus: 'nd': add driver nvdimm
[    0.156094] driver_register -- functionpoint
[    0.156095] bus_add_driver -- functionpoint
[    0.156096] functionpoint -- bus: 'nd': add driver nd_region
[    0.156157] SCSI subsystem initialized
[    0.156168] libata version 3.00 loaded.
[    0.156168] driver_register -- functionpoint
[    0.156168] bus_add_driver -- functionpoint
[    0.156168] functionpoint -- bus: 'mdio_bus': add driver Generic 10G PHY
[    0.156168] driver_register -- functionpoint
[    0.156168] bus_add_driver -- functionpoint
[    0.156168] functionpoint -- bus: 'mdio_bus': add driver Generic PHY
[    0.156168] ACPI: bus type USB registered
[    0.156168] driver_register -- functionpoint
[    0.156168] bus_add_driver -- functionpoint
[    0.156168] functionpoint -- bus: 'usb': add driver usbfs
[    0.156168] usbcore: registered new interface driver usbfs
[    0.156168] driver_register -- functionpoint
[    0.156168] bus_add_driver -- functionpoint
[    0.156168] functionpoint -- bus: 'usb': add driver hub
[    0.156168] usbcore: registered new interface driver hub
[    0.156168] driver_register -- functionpoint
[    0.156168] bus_add_driver -- functionpoint
[    0.156168] functionpoint -- bus: 'usb': add driver usb
[    0.156168] usbcore: registered new device driver usb
[    0.156168] driver_register -- functionpoint
[    0.156168] bus_add_driver -- functionpoint
[    0.156168] functionpoint -- bus: 'platform': add driver i2c_designware
[    0.156168] EDAC MC: Ver: 3.0.0
[    0.156168] Registered efivars operations
[    0.189195] start pci_subsys_init -- functionpoint
[    0.189195] PCI: Using ACPI for IRQ routing
[    0.189195] pci_find_bus -- functionpoint
[    0.189195] functionpoint -- domain_num = 0, bus_num = 0
[    0.189195] pci_find_next_bus -- functionpoint
[    0.189195] found bus -- functionpoint
[    0.189195] pci_find_bus -- functionpoint
[    0.189195] functionpoint -- domain_num = 0, bus_num = 1
[    0.189195] pci_find_next_bus -- functionpoint
[    0.189195] found bus -- functionpoint
[    0.189195] pci_find_bus -- functionpoint
[    0.189195] functionpoint -- domain_num = 0, bus_num = 2
[    0.189195] pci_find_next_bus -- functionpoint
[    0.189195] found bus -- functionpoint
[    0.189195] pci_find_bus -- functionpoint
[    0.189195] functionpoint -- domain_num = 0, bus_num = 3
[    0.189195] pci_find_next_bus -- functionpoint
[    0.189195] found bus -- functionpoint
[    0.189195] pci_find_bus -- functionpoint
[    0.189195] functionpoint -- domain_num = 0, bus_num = 4
[    0.189195] pci_find_next_bus -- functionpoint
[    0.189195] pci_find_next_bus -- functionpoint
[    0.189195] not found bus -- functionpoint
[    0.189195] pci_find_bus -- functionpoint
[    0.189195] functionpoint -- domain_num = 0, bus_num = 5
[    0.189195] pci_find_next_bus -- functionpoint
[    0.189195] pci_find_next_bus -- functionpoint
[    0.189195] not found bus -- functionpoint
[    0.189195] pci_find_bus -- functionpoint
[    0.189195] functionpoint -- domain_num = 0, bus_num = 6
[    0.189195] pci_find_next_bus -- functionpoint
[    0.189195] pci_find_next_bus -- functionpoint
[    0.189195] not found bus -- functionpoint
[    0.189195] pci_find_bus -- functionpoint
[    0.189195] functionpoint -- domain_num = 0, bus_num = 7
[    0.189195] pci_find_next_bus -- functionpoint
[    0.189195] pci_find_next_bus -- functionpoint
[    0.189195] not found bus -- functionpoint
[    0.189416] pci_find_bus -- functionpoint
[    0.189417] functionpoint -- domain_num = 0, bus_num = 8
[    0.189419] pci_find_next_bus -- functionpoint
[    0.189420] pci_find_next_bus -- functionpoint
[    0.189421] not found bus -- functionpoint
[    0.189742] pci_find_bus -- functionpoint
[    0.189744] functionpoint -- domain_num = 0, bus_num = 9
[    0.189746] pci_find_next_bus -- functionpoint
[    0.189746] pci_find_next_bus -- functionpoint
[    0.189747] not found bus -- functionpoint
[    0.190076] pci_find_bus -- functionpoint
[    0.190077] functionpoint -- domain_num = 0, bus_num = 10
[    0.190080] pci_find_next_bus -- functionpoint
[    0.190080] pci_find_next_bus -- functionpoint
[    0.190081] not found bus -- functionpoint
[    0.190409] pci_find_bus -- functionpoint
[    0.190411] functionpoint -- domain_num = 0, bus_num = 11
[    0.190413] pci_find_next_bus -- functionpoint
[    0.190413] pci_find_next_bus -- functionpoint
[    0.190415] not found bus -- functionpoint
[    0.190743] pci_find_bus -- functionpoint
[    0.190745] functionpoint -- domain_num = 0, bus_num = 12
[    0.190747] pci_find_next_bus -- functionpoint
[    0.190747] pci_find_next_bus -- functionpoint
[    0.190749] not found bus -- functionpoint
[    0.192276] pci_find_bus -- functionpoint
[    0.192278] functionpoint -- domain_num = 0, bus_num = 13
[    0.192280] pci_find_next_bus -- functionpoint
[    0.192280] pci_find_next_bus -- functionpoint
[    0.192282] not found bus -- functionpoint
[    0.192610] pci_find_bus -- functionpoint
[    0.192611] functionpoint -- domain_num = 0, bus_num = 14
[    0.192614] pci_find_next_bus -- functionpoint
[    0.192614] pci_find_next_bus -- functionpoint
[    0.192615] not found bus -- functionpoint
[    0.192943] pci_find_bus -- functionpoint
[    0.192945] functionpoint -- domain_num = 0, bus_num = 15
[    0.192947] pci_find_next_bus -- functionpoint
[    0.192948] pci_find_next_bus -- functionpoint
[    0.192949] not found bus -- functionpoint
[    0.193277] pci_find_bus -- functionpoint
[    0.193279] functionpoint -- domain_num = 0, bus_num = 16
[    0.193281] pci_find_next_bus -- functionpoint
[    0.193281] pci_find_next_bus -- functionpoint
[    0.193283] not found bus -- functionpoint
[    0.193611] pci_find_bus -- functionpoint
[    0.193613] functionpoint -- domain_num = 0, bus_num = 17
[    0.193615] pci_find_next_bus -- functionpoint
[    0.193615] pci_find_next_bus -- functionpoint
[    0.193617] not found bus -- functionpoint
[    0.193945] pci_find_bus -- functionpoint
[    0.193946] functionpoint -- domain_num = 0, bus_num = 18
[    0.193948] pci_find_next_bus -- functionpoint
[    0.193949] pci_find_next_bus -- functionpoint
[    0.193950] not found bus -- functionpoint
[    0.194278] pci_find_bus -- functionpoint
[    0.194280] functionpoint -- domain_num = 0, bus_num = 19
[    0.194282] pci_find_next_bus -- functionpoint
[    0.194282] pci_find_next_bus -- functionpoint
[    0.194284] not found bus -- functionpoint
[    0.194605] pci_find_bus -- functionpoint
[    0.194606] functionpoint -- domain_num = 0, bus_num = 20
[    0.194609] pci_find_next_bus -- functionpoint
[    0.194609] pci_find_next_bus -- functionpoint
[    0.194610] not found bus -- functionpoint
[    0.194939] pci_find_bus -- functionpoint
[    0.194940] functionpoint -- domain_num = 0, bus_num = 21
[    0.194942] pci_find_next_bus -- functionpoint
[    0.194943] pci_find_next_bus -- functionpoint
[    0.194944] not found bus -- functionpoint
[    0.195273] pci_find_bus -- functionpoint
[    0.195274] functionpoint -- domain_num = 0, bus_num = 22
[    0.195276] pci_find_next_bus -- functionpoint
[    0.195277] pci_find_next_bus -- functionpoint
[    0.195278] not found bus -- functionpoint
[    0.195617] pci_find_bus -- functionpoint
[    0.195618] functionpoint -- domain_num = 0, bus_num = 23
[    0.195621] pci_find_next_bus -- functionpoint
[    0.195621] pci_find_next_bus -- functionpoint
[    0.195622] not found bus -- functionpoint
[    0.195950] pci_find_bus -- functionpoint
[    0.195952] functionpoint -- domain_num = 0, bus_num = 24
[    0.195954] pci_find_next_bus -- functionpoint
[    0.195955] pci_find_next_bus -- functionpoint
[    0.195956] not found bus -- functionpoint
[    0.196277] pci_find_bus -- functionpoint
[    0.196278] functionpoint -- domain_num = 0, bus_num = 25
[    0.196280] pci_find_next_bus -- functionpoint
[    0.196281] pci_find_next_bus -- functionpoint
[    0.196282] not found bus -- functionpoint
[    0.196610] pci_find_bus -- functionpoint
[    0.196612] functionpoint -- domain_num = 0, bus_num = 26
[    0.196614] pci_find_next_bus -- functionpoint
[    0.196614] pci_find_next_bus -- functionpoint
[    0.196616] not found bus -- functionpoint
[    0.196944] pci_find_bus -- functionpoint
[    0.196946] functionpoint -- domain_num = 0, bus_num = 27
[    0.196948] pci_find_next_bus -- functionpoint
[    0.196948] pci_find_next_bus -- functionpoint
[    0.196950] not found bus -- functionpoint
[    0.197278] pci_find_bus -- functionpoint
[    0.197279] functionpoint -- domain_num = 0, bus_num = 28
[    0.197282] pci_find_next_bus -- functionpoint
[    0.197282] pci_find_next_bus -- functionpoint
[    0.197283] not found bus -- functionpoint
[    0.197611] pci_find_bus -- functionpoint
[    0.197613] functionpoint -- domain_num = 0, bus_num = 29
[    0.197615] pci_find_next_bus -- functionpoint
[    0.197616] pci_find_next_bus -- functionpoint
[    0.197617] not found bus -- functionpoint
[    0.197945] pci_find_bus -- functionpoint
[    0.197947] functionpoint -- domain_num = 0, bus_num = 30
[    0.197949] pci_find_next_bus -- functionpoint
[    0.197949] pci_find_next_bus -- functionpoint
[    0.197951] not found bus -- functionpoint
[    0.198261] pci_find_bus -- functionpoint
[    0.198263] functionpoint -- domain_num = 0, bus_num = 31
[    0.198265] pci_find_next_bus -- functionpoint
[    0.198265] pci_find_next_bus -- functionpoint
[    0.198267] not found bus -- functionpoint
[    0.198595] pci_find_bus -- functionpoint
[    0.198596] functionpoint -- domain_num = 0, bus_num = 32
[    0.198599] pci_find_next_bus -- functionpoint
[    0.198599] pci_find_next_bus -- functionpoint
[    0.198600] not found bus -- functionpoint
[    0.198929] pci_find_bus -- functionpoint
[    0.198930] functionpoint -- domain_num = 0, bus_num = 33
[    0.198933] pci_find_next_bus -- functionpoint
[    0.198933] pci_find_next_bus -- functionpoint
[    0.198934] not found bus -- functionpoint
[    0.199273] pci_find_bus -- functionpoint
[    0.199275] functionpoint -- domain_num = 0, bus_num = 34
[    0.199277] pci_find_next_bus -- functionpoint
[    0.199277] pci_find_next_bus -- functionpoint
[    0.199279] not found bus -- functionpoint
[    0.199617] pci_find_bus -- functionpoint
[    0.199619] functionpoint -- domain_num = 0, bus_num = 35
[    0.199621] pci_find_next_bus -- functionpoint
[    0.199622] pci_find_next_bus -- functionpoint
[    0.199623] not found bus -- functionpoint
[    0.199951] pci_find_bus -- functionpoint
[    0.199953] functionpoint -- domain_num = 0, bus_num = 36
[    0.199955] pci_find_next_bus -- functionpoint
[    0.199955] pci_find_next_bus -- functionpoint
[    0.199957] not found bus -- functionpoint
[    0.200277] pci_find_bus -- functionpoint
[    0.200278] functionpoint -- domain_num = 0, bus_num = 37
[    0.200280] pci_find_next_bus -- functionpoint
[    0.200281] pci_find_next_bus -- functionpoint
[    0.200282] not found bus -- functionpoint
[    0.200593] pci_find_bus -- functionpoint
[    0.200595] functionpoint -- domain_num = 0, bus_num = 38
[    0.200597] pci_find_next_bus -- functionpoint
[    0.200597] pci_find_next_bus -- functionpoint
[    0.200599] not found bus -- functionpoint
[    0.200928] pci_find_bus -- functionpoint
[    0.200929] functionpoint -- domain_num = 0, bus_num = 39
[    0.200932] pci_find_next_bus -- functionpoint
[    0.200932] pci_find_next_bus -- functionpoint
[    0.200933] not found bus -- functionpoint
[    0.201272] pci_find_bus -- functionpoint
[    0.201274] functionpoint -- domain_num = 0, bus_num = 40
[    0.201276] pci_find_next_bus -- functionpoint
[    0.201276] pci_find_next_bus -- functionpoint
[    0.201278] not found bus -- functionpoint
[    0.201589] pci_find_bus -- functionpoint
[    0.201591] functionpoint -- domain_num = 0, bus_num = 41
[    0.201593] pci_find_next_bus -- functionpoint
[    0.201593] pci_find_next_bus -- functionpoint
[    0.201595] not found bus -- functionpoint
[    0.201926] pci_find_bus -- functionpoint
[    0.201928] functionpoint -- domain_num = 0, bus_num = 42
[    0.201930] pci_find_next_bus -- functionpoint
[    0.201930] pci_find_next_bus -- functionpoint
[    0.201932] not found bus -- functionpoint
[    0.202260] pci_find_bus -- functionpoint
[    0.202262] functionpoint -- domain_num = 0, bus_num = 43
[    0.202264] pci_find_next_bus -- functionpoint
[    0.202264] pci_find_next_bus -- functionpoint
[    0.202266] not found bus -- functionpoint
[    0.202594] pci_find_bus -- functionpoint
[    0.202595] functionpoint -- domain_num = 0, bus_num = 44
[    0.202598] pci_find_next_bus -- functionpoint
[    0.202598] pci_find_next_bus -- functionpoint
[    0.202599] not found bus -- functionpoint
[    0.202928] pci_find_bus -- functionpoint
[    0.202929] functionpoint -- domain_num = 0, bus_num = 45
[    0.202931] pci_find_next_bus -- functionpoint
[    0.202932] pci_find_next_bus -- functionpoint
[    0.202933] not found bus -- functionpoint
[    0.203261] pci_find_bus -- functionpoint
[    0.203263] functionpoint -- domain_num = 0, bus_num = 46
[    0.203265] pci_find_next_bus -- functionpoint
[    0.203265] pci_find_next_bus -- functionpoint
[    0.203267] not found bus -- functionpoint
[    0.203606] pci_find_bus -- functionpoint
[    0.203607] functionpoint -- domain_num = 0, bus_num = 47
[    0.203610] pci_find_next_bus -- functionpoint
[    0.203610] pci_find_next_bus -- functionpoint
[    0.203611] not found bus -- functionpoint
[    0.203950] pci_find_bus -- functionpoint
[    0.203952] functionpoint -- domain_num = 0, bus_num = 48
[    0.203954] pci_find_next_bus -- functionpoint
[    0.203954] pci_find_next_bus -- functionpoint
[    0.203955] not found bus -- functionpoint
[    0.204277] pci_find_bus -- functionpoint
[    0.204278] functionpoint -- domain_num = 0, bus_num = 49
[    0.204281] pci_find_next_bus -- functionpoint
[    0.204281] pci_find_next_bus -- functionpoint
[    0.204282] not found bus -- functionpoint
[    0.204621] pci_find_bus -- functionpoint
[    0.204623] functionpoint -- domain_num = 0, bus_num = 50
[    0.204625] pci_find_next_bus -- functionpoint
[    0.204625] pci_find_next_bus -- functionpoint
[    0.204627] not found bus -- functionpoint
[    0.204965] pci_find_bus -- functionpoint
[    0.204967] functionpoint -- domain_num = 0, bus_num = 51
[    0.204969] pci_find_next_bus -- functionpoint
[    0.204970] pci_find_next_bus -- functionpoint
[    0.204971] not found bus -- functionpoint
[    0.205310] pci_find_bus -- functionpoint
[    0.205311] functionpoint -- domain_num = 0, bus_num = 52
[    0.205313] pci_find_next_bus -- functionpoint
[    0.205314] pci_find_next_bus -- functionpoint
[    0.205315] not found bus -- functionpoint
[    0.205643] pci_find_bus -- functionpoint
[    0.205645] functionpoint -- domain_num = 0, bus_num = 53
[    0.205647] pci_find_next_bus -- functionpoint
[    0.205647] pci_find_next_bus -- functionpoint
[    0.205648] not found bus -- functionpoint
[    0.205977] pci_find_bus -- functionpoint
[    0.205978] functionpoint -- domain_num = 0, bus_num = 54
[    0.205981] pci_find_next_bus -- functionpoint
[    0.205981] pci_find_next_bus -- functionpoint
[    0.205982] not found bus -- functionpoint
[    0.206311] pci_find_bus -- functionpoint
[    0.206312] functionpoint -- domain_num = 0, bus_num = 55
[    0.206314] pci_find_next_bus -- functionpoint
[    0.206315] pci_find_next_bus -- functionpoint
[    0.206316] not found bus -- functionpoint
[    0.206644] pci_find_bus -- functionpoint
[    0.206646] functionpoint -- domain_num = 0, bus_num = 56
[    0.206648] pci_find_next_bus -- functionpoint
[    0.206648] pci_find_next_bus -- functionpoint
[    0.206650] not found bus -- functionpoint
[    0.206968] pci_find_bus -- functionpoint
[    0.206970] functionpoint -- domain_num = 0, bus_num = 57
[    0.206972] pci_find_next_bus -- functionpoint
[    0.206972] pci_find_next_bus -- functionpoint
[    0.206974] not found bus -- functionpoint
[    0.207302] pci_find_bus -- functionpoint
[    0.207304] functionpoint -- domain_num = 0, bus_num = 58
[    0.207306] pci_find_next_bus -- functionpoint
[    0.207306] pci_find_next_bus -- functionpoint
[    0.207307] not found bus -- functionpoint
[    0.207636] pci_find_bus -- functionpoint
[    0.207637] functionpoint -- domain_num = 0, bus_num = 59
[    0.207640] pci_find_next_bus -- functionpoint
[    0.207640] pci_find_next_bus -- functionpoint
[    0.207641] not found bus -- functionpoint
[    0.207980] pci_find_bus -- functionpoint
[    0.207982] functionpoint -- domain_num = 0, bus_num = 60
[    0.207984] pci_find_next_bus -- functionpoint
[    0.207984] pci_find_next_bus -- functionpoint
[    0.207986] not found bus -- functionpoint
[    0.208319] pci_find_bus -- functionpoint
[    0.208321] functionpoint -- domain_num = 0, bus_num = 61
[    0.208323] pci_find_next_bus -- functionpoint
[    0.208324] pci_find_next_bus -- functionpoint
[    0.208325] not found bus -- functionpoint
[    0.208647] pci_find_bus -- functionpoint
[    0.208648] functionpoint -- domain_num = 0, bus_num = 62
[    0.208650] pci_find_next_bus -- functionpoint
[    0.208651] pci_find_next_bus -- functionpoint
[    0.208652] not found bus -- functionpoint
[    0.208981] pci_find_bus -- functionpoint
[    0.208982] functionpoint -- domain_num = 0, bus_num = 63
[    0.208984] pci_find_next_bus -- functionpoint
[    0.208985] pci_find_next_bus -- functionpoint
[    0.208986] not found bus -- functionpoint
[    0.209314] pcibios_init -- functionpoint
[    0.209316] PCI: pci_cache_line_size set to 64 bytes
[    0.209408] e820: reserve RAM buffer [mem 0x0009f000-0x0009ffff]
[    0.209409] e820: reserve RAM buffer [mem 0xbe6ab000-0xbfffffff]
[    0.209409] e820: reserve RAM buffer [mem 0xbfc10000-0xbfffffff]
[    0.209410] e820: reserve RAM buffer [mem 0x427800000-0x427ffffff]
[    0.209411] end pci_subsys_init -- functionpoint
[    0.209480] NetLabel: Initializing
[    0.209482] NetLabel:  domain hash size = 128
[    0.209482] NetLabel:  protocols = UNLABELED CIPSOv4 CALIPSO
