[    0.000000] microcode: microcode updated early to revision 0xd6, date = 2020-04-23
[    0.000000] Linux version 4.15.9+ (root@Yee-680G4) (gcc version 5.5.0 20171010 (Ubuntu 5.5.0-12ubuntu1~16.04)) #26 SMP Tue Sep 29 10:41:35 CST 2020
[    0.000000] Command line: BOOT_IMAGE=/boot/vmlinuz-4.15.9+ root=UUID=da0e40f1-3840-43a9-b61a-7b465a7673d3 ro quiet splash vt.handoff=7
[    0.000000] KERNEL supported cpus:
[    0.000000]   Intel GenuineIntel
[    0.000000]   AMD AuthenticAMD
[    0.000000]   Centaur CentaurHauls
[    0.000000] x86/fpu: Supporting XSAVE feature 0x001: 'x87 floating point registers'
[    0.000000] x86/fpu: Supporting XSAVE feature 0x002: 'SSE registers'
[    0.000000] x86/fpu: Supporting XSAVE feature 0x004: 'AVX registers'
[    0.000000] x86/fpu: Supporting XSAVE feature 0x008: 'MPX bounds registers'
[    0.000000] x86/fpu: Supporting XSAVE feature 0x010: 'MPX CSR'
[    0.000000] x86/fpu: xstate_offset[2]:  576, xstate_sizes[2]:  256
[    0.000000] x86/fpu: xstate_offset[3]:  832, xstate_sizes[3]:   64
[    0.000000] x86/fpu: xstate_offset[4]:  896, xstate_sizes[4]:   64
[    0.000000] x86/fpu: Enabled xstate features 0x1f, context size is 960 bytes, using 'compacted' format.
[    0.000000] e820: BIOS-provided physical RAM map:
[    0.000000] BIOS-e820: [mem 0x0000000000000000-0x000000000009efff] usable
[    0.000000] BIOS-e820: [mem 0x000000000009f000-0x00000000000fffff] reserved
[    0.000000] BIOS-e820: [mem 0x0000000000100000-0x00000000be6aafff] usable
[    0.000000] BIOS-e820: [mem 0x00000000be6ab000-0x00000000bf98efff] reserved
[    0.000000] BIOS-e820: [mem 0x00000000bf98f000-0x00000000bfb8efff] ACPI NVS
[    0.000000] BIOS-e820: [mem 0x00000000bfb8f000-0x00000000bfc0efff] ACPI data
[    0.000000] BIOS-e820: [mem 0x00000000bfc0f000-0x00000000bfc0ffff] usable
[    0.000000] BIOS-e820: [mem 0x00000000bfc10000-0x00000000d47fffff] reserved
[    0.000000] BIOS-e820: [mem 0x00000000fe010000-0x00000000fe010fff] reserved
[    0.000000] BIOS-e820: [mem 0x00000000ff000000-0x00000000ffffffff] reserved
[    0.000000] BIOS-e820: [mem 0x0000000100000000-0x00000004277fffff] usable
[    0.000000] NX (Execute Disable) protection: active
[    0.000000] efi: EFI v2.60 by HP
[    0.000000] efi:  ACPI=0xbfc0e000  ACPI 2.0=0xbfc0e014  SMBIOS=0xbee75000  ESRT=0xbee76018  MEMATTR=0xaf753018 
[    0.000000] random: fast init done
[    0.000000] SMBIOS 3.1 present.
[    0.000000] DMI: HP HP ProDesk 680 G4 MT/8580, BIOS R04 Ver. 02.11.01 04/27/2020
[    0.000000] e820: update [mem 0x00000000-0x00000fff] usable ==> reserved
[    0.000000] e820: remove [mem 0x000a0000-0x000fffff] usable
[    0.000000] e820: last_pfn = 0x427800 max_arch_pfn = 0x400000000
[    0.000000] MTRR default type: write-back
[    0.000000] MTRR fixed ranges enabled:
[    0.000000]   00000-9FFFF write-back
[    0.000000]   A0000-BFFFF uncachable
[    0.000000]   C0000-FFFFF write-protect
[    0.000000] MTRR variable ranges enabled:
[    0.000000]   0 base 00E0000000 mask 7FE0000000 uncachable
[    0.000000]   1 base 00D0000000 mask 7FF0000000 uncachable
[    0.000000]   2 base 00C8000000 mask 7FF8000000 uncachable
[    0.000000]   3 base 00C4000000 mask 7FFC000000 uncachable
[    0.000000]   4 base 2000000000 mask 6000000000 uncachable
[    0.000000]   5 base 1000000000 mask 7000000000 uncachable
[    0.000000]   6 base 0800000000 mask 7800000000 uncachable
[    0.000000]   7 base 4000000000 mask 4000000000 uncachable
[    0.000000]   8 disabled
[    0.000000]   9 disabled
[    0.000000] x86/PAT: Configuration [0-7]: WB  WC  UC- UC  WB  WP  UC- WT  
[    0.000000] e820: last_pfn = 0xbfc10 max_arch_pfn = 0x400000000
[    0.000000] esrt: Reserving ESRT space from 0x00000000bee76018 to 0x00000000bee76050.
[    0.000000] Scanning 1 areas for low memory corruption
[    0.000000] Base memory trampoline at [        (ptrval)] 99000 size 24576
[    0.000000] Using GB pages for direct mapping
[    0.000000] BRK [0x3df73a000, 0x3df73afff] PGTABLE
[    0.000000] BRK [0x3df73b000, 0x3df73bfff] PGTABLE
[    0.000000] BRK [0x3df73c000, 0x3df73cfff] PGTABLE
[    0.000000] BRK [0x3df73d000, 0x3df73dfff] PGTABLE
[    0.000000] BRK [0x3df73e000, 0x3df73efff] PGTABLE
[    0.000000] BRK [0x3df73f000, 0x3df73ffff] PGTABLE
[    0.000000] BRK [0x3df740000, 0x3df740fff] PGTABLE
[    0.000000] BRK [0x3df741000, 0x3df741fff] PGTABLE
[    0.000000] Secure boot could not be determined
[    0.000000] RAMDISK: [mem 0x23328000-0x3e1b0fff]
[    0.000000] ACPI: Early table checksum verification disabled
[    0.000000] ACPI: RSDP 0x00000000BFC0E014 000024 (v02 HPQOEM)
[    0.000000] ACPI: XSDT 0x00000000BFBC7188 0000DC (v01 HPQOEM SLIC-BPC 00000000 INTL 20160422)
[    0.000000] ACPI: FACP 0x00000000BFC08000 000114 (v06 HPQOEM SLIC-BPC 00000000 HP   00000001)
[    0.000000] ACPI: DSDT 0x00000000BFBE5000 01E092 (v02 HPQOEM 8580     00000000 INTL 20160527)
[    0.000000] ACPI: FACS 0x00000000BFB3F000 000040
[    0.000000] ACPI: SSDT 0x00000000BFC0C000 00012A (v02 HP     ShmTable 00000001 INTL 20160527)
[    0.000000] ACPI: SSDT 0x00000000BFC0A000 001B5F (v02 CpuRef CpuSsdt  00003000 INTL 20160527)
[    0.000000] ACPI: SSDT 0x00000000BFC09000 0009CF (v02 CtdpB  CtdpB    00001000 INTL 20160527)
[    0.000000] ACPI: HPET 0x00000000BFC07000 000038 (v01 HPQOEM 8580     00000001 HP   00000001)
[    0.000000] ACPI: APIC 0x00000000BFC06000 00012C (v03 HPQOEM 8580     00000001 HP   00000001)
[    0.000000] ACPI: MCFG 0x00000000BFC05000 00003C (v01 HPQOEM 8580     00000001 HP   00000001)
[    0.000000] ACPI: WSMT 0x00000000BFC04000 000028 (v01 HPQOEM 8580     00000001 HP   00000001)
[    0.000000] ACPI: SSDT 0x00000000BFBE4000 000734 (v01 HPQOEM PtidDevc 00001000 INTL 20160527)
[    0.000000] ACPI: SSDT 0x00000000BFBE3000 000B27 (v02 HPQOEM HP_XHC_P 00000000 INTL 20160527)
[    0.000000] ACPI: SSDT 0x00000000BFBDF000 0030ED (v02 SaSsdt SaSsdt   00003000 INTL 20160527)
[    0.000000] ACPI: LPIT 0x00000000BFBDE000 000094 (v01 INTEL  CFL      20170001 INTL 20160422)
[    0.000000] ACPI: WSMT 0x00000000BFBDD000 000028 (v01 INTEL  CFL      20170001 INTL 20160422)
[    0.000000] ACPI: SSDT 0x00000000BFBDC000 00044C (v02 INTEL  Wwan     00000001 INTL 20160527)
[    0.000000] ACPI: UEFI 0x00000000BFB39000 000042 (v01 INTEL  CFL      20170001 INTL 20160422)
[    0.000000] ACPI: OEML 0x00000000BFBDB000 000028 (v03 INTEL  CFL      20170001 INTL 20160422)
[    0.000000] ACPI: DMAR 0x00000000BFBDA000 0000C8 (v01 INTEL  CFL      00000002      01000013)
[    0.000000] ACPI: SSDT 0x00000000BFBCB000 00E899 (v01 HP     HPINDTWL 00001000 INTL 20160527)
[    0.000000] ACPI: SSDT 0x00000000BFBCA000 000032 (v01 HP     HPCONDEV 00001000 INTL 20160527)
[    0.000000] ACPI: SSDT 0x00000000BFBC9000 000069 (v01 HP     HPCAHWID 00001000 INTL 20160527)
[    0.000000] ACPI: ASF! 0x00000000BFBC8000 0000A0 (v32 HPQOEM  UYA     20170001 INTL 20160422)
[    0.000000] ACPI: FPDT 0x00000000BFC0D000 000044 (v01 INTEL  CFL      20170001 INTL 20160422)
[    0.000000] ACPI: BGRT 0x00000000BFBC6000 000038 (v01 INTEL  CFL      20170001 INTL 20160422)
[    0.000000] ACPI: Local APIC address 0xfee00000
[    0.000000] No NUMA configuration found
[    0.000000] Faking a node at [mem 0x0000000000000000-0x00000004277fffff]
[    0.000000] NODE_DATA(0) allocated [mem 0x4277d5000-0x4277fffff]
[    0.000000] Zone ranges:
[    0.000000]   DMA      [mem 0x0000000000001000-0x0000000000ffffff]
[    0.000000]   DMA32    [mem 0x0000000001000000-0x00000000ffffffff]
[    0.000000]   Normal   [mem 0x0000000100000000-0x00000004277fffff]
[    0.000000]   Device   empty
[    0.000000] Movable zone start for each node
[    0.000000] Early memory node ranges
[    0.000000]   node   0: [mem 0x0000000000001000-0x000000000009efff]
[    0.000000]   node   0: [mem 0x0000000000100000-0x00000000be6aafff]
[    0.000000]   node   0: [mem 0x00000000bfc0f000-0x00000000bfc0ffff]
[    0.000000]   node   0: [mem 0x0000000100000000-0x00000004277fffff]
[    0.000000] Initmem setup node 0 [mem 0x0000000000001000-0x00000004277fffff]
[    0.000000] On node 0 totalpages: 4087370
[    0.000000]   DMA zone: 64 pages used for memmap
[    0.000000]   DMA zone: 21 pages reserved
[    0.000000]   DMA zone: 3998 pages, LIFO batch:0
[    0.000000]   DMA32 zone: 12123 pages used for memmap
[    0.000000]   DMA32 zone: 775852 pages, LIFO batch:31
[    0.000000]   Normal zone: 51680 pages used for memmap
[    0.000000]   Normal zone: 3307520 pages, LIFO batch:31
[    0.000000] Reserved but unavailable: 99 pages
[    0.000000] tboot: non-0 tboot_addr but it is not of type E820_TYPE_RESERVED
[    0.000000] ACPI: PM-Timer IO Port: 0x1808
[    0.000000] ACPI: Local APIC address 0xfee00000
[    0.000000] ACPI: LAPIC_NMI (acpi_id[0x01] high edge lint[0x1])
[    0.000000] ACPI: LAPIC_NMI (acpi_id[0x02] high edge lint[0x1])
[    0.000000] ACPI: LAPIC_NMI (acpi_id[0x03] high edge lint[0x1])
[    0.000000] ACPI: LAPIC_NMI (acpi_id[0x04] high edge lint[0x1])
[    0.000000] ACPI: LAPIC_NMI (acpi_id[0x05] high edge lint[0x1])
[    0.000000] ACPI: LAPIC_NMI (acpi_id[0x06] high edge lint[0x1])
[    0.000000] ACPI: LAPIC_NMI (acpi_id[0x07] high edge lint[0x1])
[    0.000000] ACPI: LAPIC_NMI (acpi_id[0x08] high edge lint[0x1])
[    0.000000] ACPI: LAPIC_NMI (acpi_id[0x09] high edge lint[0x1])
[    0.000000] ACPI: LAPIC_NMI (acpi_id[0x0a] high edge lint[0x1])
[    0.000000] ACPI: LAPIC_NMI (acpi_id[0x0b] high edge lint[0x1])
[    0.000000] ACPI: LAPIC_NMI (acpi_id[0x0c] high edge lint[0x1])
[    0.000000] ACPI: LAPIC_NMI (acpi_id[0x0d] high edge lint[0x1])
[    0.000000] ACPI: LAPIC_NMI (acpi_id[0x0e] high edge lint[0x1])
[    0.000000] ACPI: LAPIC_NMI (acpi_id[0x0f] high edge lint[0x1])
[    0.000000] ACPI: LAPIC_NMI (acpi_id[0x10] high edge lint[0x1])
[    0.000000] IOAPIC[0]: apic_id 2, version 32, address 0xfec00000, GSI 0-119
[    0.000000] ACPI: INT_SRC_OVR (bus 0 bus_irq 0 global_irq 2 dfl dfl)
[    0.000000] ACPI: INT_SRC_OVR (bus 0 bus_irq 9 global_irq 9 high level)
[    0.000000] ACPI: IRQ0 used by override.
[    0.000000] ACPI: IRQ9 used by override.
[    0.000000] Using ACPI (MADT) for SMP configuration information
[    0.000000] ACPI: HPET id: 0x8086a201 base: 0xfed00000
[    0.000000] smpboot: Allowing 8 CPUs, 0 hotplug CPUs
[    0.000000] PM: Registered nosave memory: [mem 0x00000000-0x00000fff]
[    0.000000] PM: Registered nosave memory: [mem 0x0009f000-0x000fffff]
[    0.000000] PM: Registered nosave memory: [mem 0xbe6ab000-0xbf98efff]
[    0.000000] PM: Registered nosave memory: [mem 0xbf98f000-0xbfb8efff]
[    0.000000] PM: Registered nosave memory: [mem 0xbfb8f000-0xbfc0efff]
[    0.000000] PM: Registered nosave memory: [mem 0xbfc10000-0xd47fffff]
[    0.000000] PM: Registered nosave memory: [mem 0xd4800000-0xfe00ffff]
[    0.000000] PM: Registered nosave memory: [mem 0xfe010000-0xfe010fff]
[    0.000000] PM: Registered nosave memory: [mem 0xfe011000-0xfeffffff]
[    0.000000] PM: Registered nosave memory: [mem 0xff000000-0xffffffff]
[    0.000000] e820: [mem 0xd4800000-0xfe00ffff] available for PCI devices
[    0.000000] Booting paravirtualized kernel on bare hardware
[    0.000000] clocksource: refined-jiffies: mask: 0xffffffff max_cycles: 0xffffffff, max_idle_ns: 7645519600211568 ns
[    0.000000] setup_percpu: NR_CPUS:8192 nr_cpumask_bits:8 nr_cpu_ids:8 nr_node_ids:1
[    0.000000] percpu: Embedded 46 pages/cpu @        (ptrval) s151552 r8192 d28672 u262144
[    0.000000] pcpu-alloc: s151552 r8192 d28672 u262144 alloc=1*2097152
[    0.000000] pcpu-alloc: [0] 0 1 2 3 4 5 6 7 
[    0.000000] Built 1 zonelists, mobility grouping on.  Total pages: 4023482
[    0.000000] Policy zone: Normal
[    0.000000] Kernel command line: BOOT_IMAGE=/boot/vmlinuz-4.15.9+ root=UUID=da0e40f1-3840-43a9-b61a-7b465a7673d3 ro quiet splash vt.handoff=7
[    0.000000] Calgary: detecting Calgary via BIOS EBDA area
[    0.000000] Calgary: Unable to locate Rio Grande table in EBDA - bailing!
[    0.000000] Memory: 15485628K/16349480K available (12300K kernel code, 2470K rwdata, 4196K rodata, 2388K init, 2416K bss, 863852K reserved, 0K cma-reserved)
[    0.000000] SLUB: HWalign=64, Order=0-3, MinObjects=0, CPUs=8, Nodes=1
[    0.000000] ftrace: allocating 38976 entries in 153 pages
[    0.000000] Hierarchical RCU implementation.
[    0.000000] 	RCU restricting CPUs from NR_CPUS=8192 to nr_cpu_ids=8.
[    0.000000] 	Tasks RCU enabled.
[    0.000000] RCU: Adjusting geometry for rcu_fanout_leaf=16, nr_cpu_ids=8
[    0.000000] NR_IRQS: 524544, nr_irqs: 2048, preallocated irqs: 16
[    0.000000] Console: colour dummy device 80x25
[    0.000000] console [tty0] enabled
[    0.000000] ACPI: Core revision 20170831
[    0.000000] ACPI Error: [\_SB_.PCI0.XHC_.RHUB.HS11] Namespace lookup failure, AE_NOT_FOUND (20170831/dswload-210)
[    0.000000] ACPI Exception: AE_NOT_FOUND, During name lookup/catalog (20170831/psobject-252)
[    0.000000] ACPI Exception: AE_NOT_FOUND, (SSDT:HP_XHC_P) while loading table (20170831/tbxfload-228)
[    0.000000] ACPI Error: 1 table load failures, 10 successful (20170831/tbxfload-246)
[    0.000000] clocksource: hpet: mask: 0xffffffff max_cycles: 0xffffffff, max_idle_ns: 79635855245 ns
[    0.000000] hpet clockevent registered
[    0.004000] APIC: Switch to symmetric I/O mode setup
[    0.004000] DMAR: Host address width 39
[    0.004000] DMAR: DRHD base: 0x000000fed90000 flags: 0x0
[    0.004000] DMAR: dmar0: reg_base_addr fed90000 ver 1:0 cap 1c0000c40660462 ecap 19e2ff0505e
[    0.004000] DMAR: DRHD base: 0x000000fed91000 flags: 0x1
[    0.004000] DMAR: dmar1: reg_base_addr fed91000 ver 1:0 cap d2008c40660462 ecap f050da
[    0.004000] DMAR: RMRR base: 0x000000bf81d000 end: 0x000000bf83cfff
[    0.004000] DMAR: RMRR base: 0x000000c4000000 end: 0x000000d47fffff
[    0.004000] DMAR: RMRR base: 0x000000bf86e000 end: 0x000000bf8edfff
[    0.004000] DMAR-IR: IOAPIC id 2 under DRHD base  0xfed91000 IOMMU 1
[    0.004000] DMAR-IR: HPET id 0 under DRHD base 0xfed91000
[    0.004000] DMAR-IR: Queued invalidation will be enabled to support x2apic and Intr-remapping.
[    0.004000] DMAR-IR: Enabled IRQ remapping in x2apic mode
[    0.004000] x2apic enabled
[    0.004000] Switched APIC routing to cluster x2apic.
[    0.016000] ..TIMER: vector=0x30 apic1=0 pin1=2 apic2=-1 pin2=-1
[    0.036000] tsc: Detected 3000.000 MHz processor
[    0.036000] Calibrating delay loop (skipped), value calculated using timer frequency.. 6000.00 BogoMIPS (lpj=12000000)
[    0.036000] pid_max: default: 32768 minimum: 301
[    0.036000] Security Framework initialized
[    0.036000] Yama: becoming mindful.
[    0.036000] AppArmor: AppArmor initialized
[    0.036000] Dentry cache hash table entries: 2097152 (order: 12, 16777216 bytes)
[    0.036000] Inode-cache hash table entries: 1048576 (order: 11, 8388608 bytes)
[    0.036000] Mount-cache hash table entries: 32768 (order: 6, 262144 bytes)
[    0.036000] Mountpoint-cache hash table entries: 32768 (order: 6, 262144 bytes)
[    0.036000] CPU: Physical Processor ID: 0
[    0.036000] CPU: Processor Core ID: 0
[    0.036000] ENERGY_PERF_BIAS: Set to 'normal', was 'performance'
[    0.036000] ENERGY_PERF_BIAS: View and update with x86_energy_perf_policy(8)
[    0.036000] mce: CPU supports 14 MCE banks
[    0.036000] CPU0: Thermal monitoring enabled (TM1)
[    0.036000] process: using mwait in idle threads
[    0.036000] Last level iTLB entries: 4KB 128, 2MB 8, 4MB 8
[    0.036000] Last level dTLB entries: 4KB 64, 2MB 0, 4MB 0, 1GB 4
[    0.036000] Spectre V2 : Mitigation: Full generic retpoline
[    0.036000] Spectre V2 : Spectre v2 mitigation: Filling RSB on context switch
[    0.036000] Spectre V2 : Spectre v2 mitigation: Enabling Indirect Branch Prediction Barrier
[    0.036000] Freeing SMP alternatives memory: 36K
[    0.042185] TSC deadline timer enabled
[    0.042196] smpboot: CPU0: Intel(R) Core(TM) i7-9700 CPU @ 3.00GHz (family: 0x6, model: 0x9e, stepping: 0xd)
[    0.042249] Performance Events: PEBS fmt3+, Skylake events, 32-deep LBR, full-width counters, Intel PMU driver.
[    0.042277] ... version:                4
[    0.042278] ... bit width:              48
[    0.042278] ... generic registers:      8
[    0.042279] ... value mask:             0000ffffffffffff
[    0.042279] ... max period:             00007fffffffffff
[    0.042280] ... fixed-purpose events:   3
[    0.042280] ... event mask:             00000007000000ff
[    0.042310] Hierarchical SRCU implementation.
[    0.043248] NMI watchdog: Enabled. Permanently consumes one hw-PMU counter.
[    0.043258] smp: Bringing up secondary CPUs ...
[    0.043318] x86: Booting SMP configuration:
[    0.043319] .... node  #0, CPUs:      #1 #2 #3 #4 #5 #6 #7
[    0.053415] smp: Brought up 1 node, 8 CPUs
[    0.053415] smpboot: Max logical packages: 1
[    0.053415] smpboot: Total of 8 processors activated (48000.00 BogoMIPS)
[    0.056289] devtmpfs: initialized
[    0.056289] x86/mm: Memory block size: 128MB
[    0.057018] evm: security.selinux
[    0.057018] evm: security.SMACK64
[    0.057019] evm: security.SMACK64EXEC
[    0.057019] evm: security.SMACK64TRANSMUTE
[    0.057020] evm: security.SMACK64MMAP
[    0.057020] evm: security.apparmor
[    0.057020] evm: security.ima
[    0.057021] evm: security.capability
[    0.057033] PM: Registering ACPI NVS region [mem 0xbf98f000-0xbfb8efff] (2097152 bytes)
[    0.057033] clocksource: jiffies: mask: 0xffffffff max_cycles: 0xffffffff, max_idle_ns: 7645041785100000 ns
[    0.057033] futex hash table entries: 2048 (order: 5, 131072 bytes)
[    0.057033] pinctrl core: initialized pinctrl subsystem
[    0.057033] driver_register -- functionpoint
[    0.057033] bus_add_driver -- functionpoint
[    0.057033] functionpoint -- bus: 'platform': add driver reg-dummy
[    0.057033] really_probe -- functionpoint
[    0.057033] functionpoint -- bus: 'platform': really_probe: probing driver reg-dummy with device reg-dummy
[    0.057033] RTC time:  2:55:26, date: 09/29/20
[    0.057033] NET: Registered protocol family 16
[    0.057033] audit: initializing netlink subsys (disabled)
[    0.057033] audit: type=2000 audit(1601348125.056:1): state=initialized audit_enabled=0 res=1
[    0.057033] driver_register -- functionpoint
[    0.057033] bus_add_driver -- functionpoint
[    0.057033] functionpoint -- bus: 'platform': add driver sram
[    0.057033] driver_register -- functionpoint
[    0.057033] bus_add_driver -- functionpoint
[    0.057033] functionpoint -- bus: 'platform': add driver syscon
[    0.057033] driver_register -- functionpoint
[    0.057033] bus_add_driver -- functionpoint
[    0.057033] functionpoint -- bus: 'i2c': add driver dummy
[    0.057033] cpuidle: using governor ladder
[    0.057033] cpuidle: using governor menu
[    0.057033] ACPI FADT declares the system doesn't support PCIe ASPM, so disable it
[    0.057033] ACPI: bus type PCI registered
[    0.057033] acpiphp: ACPI Hot Plug PCI Controller Driver version: 0.5
[    0.057033] start pci_arch_init -- functionpoint
[    0.057033] PCI: MMCONFIG for domain 0000 [bus 00-3f] at [mem 0xf8000000-0xfbffffff] (base 0xf8000000)
[    0.057033] PCI: not using MMCONFIG
[    0.057033] PCI: Using configuration type 1 for base access
[    0.057033] end pci_arch_init -- functionpoint
[    0.057118] HugeTLB registered 1.00 GiB page size, pre-allocated 0 pages
[    0.057118] HugeTLB registered 2.00 MiB page size, pre-allocated 0 pages
[    0.057119] driver_register -- functionpoint
[    0.057119] bus_add_driver -- functionpoint
[    0.057119] functionpoint -- bus: 'i2c': add driver sx150x-pinctrl
[    0.057119] driver_register -- functionpoint
[    0.057119] bus_add_driver -- functionpoint
[    0.057119] functionpoint -- bus: 'platform': add driver byt_gpio
[    0.057119] driver_register -- functionpoint
[    0.057119] bus_add_driver -- functionpoint
[    0.057119] functionpoint -- bus: 'platform': add driver cherryview-pinctrl
[    0.057119] driver_register -- functionpoint
[    0.057119] bus_add_driver -- functionpoint
[    0.057119] functionpoint -- bus: 'platform': add driver lp_gpio
[    0.057119] driver_register -- functionpoint
[    0.057119] bus_add_driver -- functionpoint
[    0.057119] functionpoint -- bus: 'platform': add driver rc5t583-gpio
[    0.057119] driver_register -- functionpoint
[    0.057119] bus_add_driver -- functionpoint
[    0.057119] functionpoint -- bus: 'platform': add driver palmas-gpio
[    0.057119] driver_register -- functionpoint
[    0.057119] bus_add_driver -- functionpoint
[    0.057119] functionpoint -- bus: 'platform': add driver tps6586x-gpio
[    0.057119] driver_register -- functionpoint
[    0.057119] bus_add_driver -- functionpoint
[    0.057119] functionpoint -- bus: 'platform': add driver tps65910-gpio
[    0.057119] ACPI: Added _OSI(Module Device)
[    0.057119] ACPI: Added _OSI(Processor Device)
[    0.060002] ACPI: Added _OSI(3.0 _SCP Extensions)
[    0.060003] ACPI: Added _OSI(Processor Aggregator Device)
[    0.061850] ACPI: Executed 30 blocks of module-level executable AML code
[    0.072037] ACPI: [Firmware Bug]: BIOS _OSI(Linux) query ignored
[    0.080288] ACPI: Dynamic OEM Table Load:
[    0.080299] ACPI: SSDT 0xFFFFA05454FB2900 0000F4 (v02 PmRef  Cpu0Psd  00003000 INTL 20160527)
[    0.080530] ACPI: Executed 1 blocks of module-level executable AML code
[    0.080650] ACPI: \_SB_.PR00: _OSC native thermal LVT Acked
[    0.081607] ACPI: Dynamic OEM Table Load:
[    0.081613] ACPI: SSDT 0xFFFFA05454FBFC00 000400 (v02 PmRef  Cpu0Cst  00003001 INTL 20160527)
[    0.081837] ACPI: Executed 1 blocks of module-level executable AML code
[    0.082071] ACPI: Dynamic OEM Table Load:
[    0.082076] ACPI: SSDT 0xFFFFA05454EF4800 000605 (v02 PmRef  Cpu0Ist  00003000 INTL 20160527)
[    0.082281] ACPI: Executed 1 blocks of module-level executable AML code
[    0.082473] ACPI: Dynamic OEM Table Load:
[    0.082478] ACPI: SSDT 0xFFFFA05454F36C00 000149 (v02 PmRef  Cpu0Hwp  00003000 INTL 20160527)
[    0.082673] ACPI: Executed 2 blocks of module-level executable AML code
[    0.082846] ACPI: Dynamic OEM Table Load:
[    0.082851] ACPI: SSDT 0xFFFFA05454EF0800 000724 (v02 PmRef  HwpLvt   00003000 INTL 20160527)
[    0.083033] ACPI: Executed 1 blocks of module-level executable AML code
[    0.083528] ACPI: Dynamic OEM Table Load:
[    0.083534] ACPI: SSDT 0xFFFFA05454EF3800 0005FC (v02 PmRef  ApIst    00003000 INTL 20160527)
[    0.083936] ACPI: Executed 1 blocks of module-level executable AML code
[    0.084135] ACPI: Dynamic OEM Table Load:
[    0.084140] ACPI: SSDT 0xFFFFA05454FBD000 000317 (v02 PmRef  ApHwp    00003000 INTL 20160527)
[    0.084419] ACPI: Executed 1 blocks of module-level executable AML code
[    0.084739] ACPI: Dynamic OEM Table Load:
[    0.084745] ACPI: SSDT 0xFFFFA05457145000 000AB0 (v02 PmRef  ApPsd    00003000 INTL 20160527)
[    0.085598] ACPI: Executed 1 blocks of module-level executable AML code
[    0.085796] ACPI: Dynamic OEM Table Load:
[    0.085801] ACPI: SSDT 0xFFFFA05454FBC000 00030A (v02 PmRef  ApCst    00003000 INTL 20160527)
[    0.086079] ACPI: Executed 1 blocks of module-level executable AML code
[    0.089021] ACPI: EC: EC started
[    0.089021] ACPI: EC: interrupt blocked
[    0.089037] ACPI: \_SB_.PCI0.LPCB.EC0_: Used as first EC
[    0.089039] ACPI: \_SB_.PCI0.LPCB.EC0_: GPE=0x6e, EC_CMD/EC_SC=0x66, EC_DATA=0x62
[    0.089040] ACPI: \_SB_.PCI0.LPCB.EC0_: Used as boot DSDT EC to handle transactions
[    0.089040] ACPI: Interpreter enabled
[    0.089089] ACPI: (supports S0 S3 S4 S5)
[    0.089090] ACPI: Using IOAPIC for interrupt routing
[    0.089129] PCI: MMCONFIG for domain 0000 [bus 00-3f] at [mem 0xf8000000-0xfbffffff] (base 0xf8000000)
[    0.091769] PCI: MMCONFIG at [mem 0xf8000000-0xfbffffff] reserved in ACPI motherboard resources
[    0.091774] acpi_pci_root_init --functionpoint
[    0.091775] acpi_hest_init -- functionpoint
[    0.091780] PCI: Using host bridge windows from ACPI; if necessary, use "pci=nocrs" and report a bug
[    0.092174] driver_register -- functionpoint
[    0.092175] bus_add_driver -- functionpoint
[    0.092177] functionpoint -- bus: 'platform': add driver clk-lpt
[    0.092234] ACPI: Enabled 4 GPEs in block 00 to 7F
[    0.092236] acpi_bus_scan -- functionpoint
[    0.099130] ACPI: Power Resource [USBC] (on)
[    0.099955] ACPI: Power Resource [WRST] (on)
[    0.100366] ACPI: Power Resource [WRST] (on)
[    0.100766] ACPI: Power Resource [WRST] (on)
[    0.101170] ACPI: Power Resource [WRST] (on)
[    0.101579] ACPI: Power Resource [WRST] (on)
[    0.101976] ACPI: Power Resource [WRST] (on)
[    0.102377] ACPI: Power Resource [WRST] (on)
[    0.102779] ACPI: Power Resource [WRST] (on)
[    0.103181] ACPI: Power Resource [WRST] (on)
[    0.103578] ACPI: Power Resource [WRST] (on)
[    0.103977] ACPI: Power Resource [WRST] (on)
[    0.104381] ACPI: Power Resource [WRST] (on)
[    0.104780] ACPI: Power Resource [WRST] (on)
[    0.105182] ACPI: Power Resource [WRST] (on)
[    0.105590] ACPI: Power Resource [WRST] (on)
[    0.105988] ACPI: Power Resource [WRST] (on)
[    0.106389] ACPI: Power Resource [WRST] (on)
[    0.106793] ACPI: Power Resource [WRST] (on)
[    0.107200] ACPI: Power Resource [WRST] (on)
[    0.107609] ACPI: Power Resource [WRST] (on)
[    0.109316] ACPI: Power Resource [V0PR] (on)
[    0.109530] ACPI: Power Resource [V1PR] (on)
[    0.109739] ACPI: Power Resource [V2PR] (on)
[    0.114320] ACPI: Power Resource [WRST] (on)
[    0.116539] acpi_pci_root_add -- functionpoint
[    0.116930] ACPI: PCI Root Bridge [PCI0] (domain 0000 [bus 00-3e])
[    0.116933] ACPI: functionpoint -- PCI Root Bridge [PCI0] (domain 0000 [bus 00-3e])
[    0.116939] acpi PNP0A08:00: _OSC: OS supports [ExtendedConfig ASPM ClockPM Segments MSI]
[    0.120296] acpi PNP0A08:00: _OSC: OS now controls [PCIeHotplug PME AER PCIeCapability]
[    0.120297] acpi PNP0A08:00: FADT indicates ASPM is unsupported, using BIOS configuration
[    0.120311] pci_acpi_scan_root -- functionpoint
[    0.120312] pci_find_bus -- functionpoint
[    0.120314] functionpoint -- domain_num = 0, bus_num = 0
[    0.120317] pci_find_next_bus -- functionpoint
[    0.120317] not found bus -- functionpoint
[    0.120330] acpi_pci_root_create -- functionpoint
[    0.120714] pci_create_root_bus -- functionpoint
[    0.120716] pci_alloc_host_bridge -- functionpoint
[    0.120718] pci_register_host_bridge -- functionpoint
[    0.120720] pci_find_bus -- functionpoint
[    0.120721] functionpoint -- domain_num = 0, bus_num = 0
[    0.120724] pci_find_next_bus -- functionpoint
[    0.120724] not found bus -- functionpoint
[    0.121773] pci_bus_read_dev_vendor_id -- functionpoint
[    0.121787] pci_bus_read_dev_vendor_id -- functionpoint
[    0.121802] pci_bus_read_dev_vendor_id -- functionpoint
[    0.121814] pci_bus_read_dev_vendor_id -- functionpoint
[    0.121825] pci_bus_read_dev_vendor_id -- functionpoint
[    0.121839] pci_bus_read_dev_vendor_id -- functionpoint
[    0.121847] pci_bus_read_dev_vendor_id -- functionpoint
[    0.121860] pci_bus_read_dev_vendor_id -- functionpoint
[    0.121873] pci_bus_read_dev_vendor_id -- functionpoint
[    0.121878] pci_bus_read_dev_vendor_id -- functionpoint
[    0.121889] pci_bus_read_dev_vendor_id -- functionpoint
[    0.121937] pci_bus_read_dev_vendor_id -- functionpoint
[    0.121989] pci_bus_read_dev_vendor_id -- functionpoint
[    0.122041] pci_bus_read_dev_vendor_id -- functionpoint
[    0.122092] pci_bus_read_dev_vendor_id -- functionpoint
[    0.122144] pci_bus_read_dev_vendor_id -- functionpoint
[    0.122196] pci_bus_read_dev_vendor_id -- functionpoint
[    0.122245] pci_bus_read_dev_vendor_id -- functionpoint
[    0.122293] pci_bus_read_dev_vendor_id -- functionpoint
[    0.122346] pci_bus_read_dev_vendor_id -- functionpoint
[    0.122397] pci_bus_read_dev_vendor_id -- functionpoint
[    0.122449] pci_bus_read_dev_vendor_id -- functionpoint
[    0.122501] pci_bus_read_dev_vendor_id -- functionpoint
[    0.122553] pci_bus_read_dev_vendor_id -- functionpoint
[    0.122605] pci_bus_read_dev_vendor_id -- functionpoint
[    0.122656] pci_bus_read_dev_vendor_id -- functionpoint
[    0.122708] pci_bus_read_dev_vendor_id -- functionpoint
[    0.122759] pci_bus_read_dev_vendor_id -- functionpoint
[    0.122811] pci_bus_read_dev_vendor_id -- functionpoint
[    0.122863] pci_bus_read_dev_vendor_id -- functionpoint
[    0.122915] pci_bus_read_dev_vendor_id -- functionpoint
[    0.122967] pci_bus_read_dev_vendor_id -- functionpoint
[    0.123016] pci_bus_read_dev_vendor_id -- functionpoint
[    0.123068] pci_bus_read_dev_vendor_id -- functionpoint
[    0.123120] pci_bus_read_dev_vendor_id -- functionpoint
[    0.123135] pci_bus_read_dev_vendor_id -- functionpoint
[    0.123152] pci_bus_read_dev_vendor_id -- functionpoint
[    0.123168] pci_bus_read_dev_vendor_id -- functionpoint
[    0.123179] pci_bus_read_dev_vendor_id -- functionpoint
[    0.123191] pci_bus_read_dev_vendor_id -- functionpoint
[    0.123196] pci_bus_read_dev_vendor_id -- functionpoint
[    0.123202] pci_bus_read_dev_vendor_id -- functionpoint
[    0.123210] PCI host bridge to bus 0000:00
[    0.123213] pci_bus 0000:00: root bus resource [io  0x0000-0x0cf7 window]
[    0.123215] pci_bus 0000:00: root bus resource [io  0x0d00-0xffff window]
[    0.123216] pci_bus 0000:00: root bus resource [mem 0x000a0000-0x000bffff window]
[    0.123217] pci_bus 0000:00: root bus resource [mem 0xd4800000-0xf7ffffff window]
[    0.123218] pci_bus 0000:00: root bus resource [mem 0x4000000000-0x7fffffffff window]
[    0.123219] pci_bus 0000:00: root bus resource [mem 0xfc800000-0xfe7fffff window]
[    0.123220] pci_bus 0000:00: root bus resource [bus 00-3e]
[    0.123221] pci_scan_child_bus_extend -- functionpoint
[    0.123222] pci_bus 0000:00: functionpoint -- scanning bus
[    0.123225] pci_scan_slot -- functionpoint
[    0.123225] pci_scan_single_device -- functionpoint
[    0.123226] pci_get_slot -- functionpoint
[    0.123228] pci_scan_device -- functionpoint
[    0.123229] pci_bus_read_dev_vendor_id -- functionpoint
[    0.123232] functionpoint -- dev_vendor: 8086, dev_device: 3e30
[    0.123234] pci_setup_device -- functionpoint
[    0.123240] pci 0000:00:00.0: [8086:3e30] type 00 class 0x060000
[    0.123242] pci 0000:00:00.0: functionpoint -- [8086:3e30] type 00 class 0x060000
[    0.123260] switch case PCI_HEADER_TYPE_NORMAL -- functionpoint
[    0.123272] pci_device_add -- functionpoint
[    0.124270] functionpoint -- fn = 0, devfn = 0, fn+devfn = 0
[    0.124273] next_fn -- functionpoint
[    0.124273] pci_scan_slot -- functionpoint
[    0.124275] pci_scan_single_device -- functionpoint
[    0.124276] pci_get_slot -- functionpoint
[    0.124277] pci_scan_device -- functionpoint
[    0.124279] pci_bus_read_dev_vendor_id -- functionpoint
[    0.124289] functionpoint -- fn = 0, devfn = 8, fn+devfn = 8
[    0.124292] pci_scan_slot -- functionpoint
[    0.124292] pci_scan_single_device -- functionpoint
[    0.124293] pci_get_slot -- functionpoint
[    0.124295] pci_scan_device -- functionpoint
[    0.124296] pci_bus_read_dev_vendor_id -- functionpoint
[    0.124298] functionpoint -- dev_vendor: 8086, dev_device: 3e98
[    0.124301] pci_setup_device -- functionpoint
[    0.124306] pci 0000:00:02.0: [8086:3e98] type 00 class 0x030000
[    0.124308] pci 0000:00:02.0: functionpoint -- [8086:3e98] type 00 class 0x030000
[    0.124313] switch case PCI_HEADER_TYPE_NORMAL -- functionpoint
[    0.124319] pci 0000:00:02.0: reg 0x10: [mem 0xf0000000-0xf0ffffff 64bit]
[    0.124325] pci 0000:00:02.0: reg 0x18: [mem 0xe0000000-0xefffffff 64bit pref]
[    0.124329] pci 0000:00:02.0: reg 0x20: [io  0x4000-0x403f]
[    0.124334] pci_device_add -- functionpoint
[    0.124341] pci 0000:00:02.0: BAR 2: assigned to efifb
[    0.125360] functionpoint -- fn = 0, devfn = 16, fn+devfn = 16
[    0.125362] next_fn -- functionpoint
[    0.125362] pci_scan_slot -- functionpoint
[    0.125364] pci_scan_single_device -- functionpoint
[    0.125365] pci_get_slot -- functionpoint
[    0.125366] pci_scan_device -- functionpoint
[    0.125368] pci_bus_read_dev_vendor_id -- functionpoint
[    0.125379] functionpoint -- fn = 0, devfn = 24, fn+devfn = 24
[    0.125382] pci_scan_slot -- functionpoint
[    0.125382] pci_scan_single_device -- functionpoint
[    0.125383] pci_get_slot -- functionpoint
[    0.125385] pci_scan_device -- functionpoint
[    0.125386] pci_bus_read_dev_vendor_id -- functionpoint
[    0.125394] functionpoint -- fn = 0, devfn = 32, fn+devfn = 32
[    0.125397] pci_scan_slot -- functionpoint
[    0.125397] pci_scan_single_device -- functionpoint
[    0.125398] pci_get_slot -- functionpoint
[    0.125400] pci_scan_device -- functionpoint
[    0.125401] pci_bus_read_dev_vendor_id -- functionpoint
[    0.125420] functionpoint -- fn = 0, devfn = 40, fn+devfn = 40
[    0.125422] pci_scan_slot -- functionpoint
[    0.125422] pci_scan_single_device -- functionpoint
[    0.125424] pci_get_slot -- functionpoint
[    0.125425] pci_scan_device -- functionpoint
[    0.125426] pci_bus_read_dev_vendor_id -- functionpoint
[    0.125445] functionpoint -- fn = 0, devfn = 48, fn+devfn = 48
[    0.125447] pci_scan_slot -- functionpoint
[    0.125447] pci_scan_single_device -- functionpoint
[    0.125449] pci_get_slot -- functionpoint
[    0.125450] pci_scan_device -- functionpoint
[    0.125451] pci_bus_read_dev_vendor_id -- functionpoint
[    0.125460] functionpoint -- fn = 0, devfn = 56, fn+devfn = 56
[    0.125462] pci_scan_slot -- functionpoint
[    0.125463] pci_scan_single_device -- functionpoint
[    0.125464] pci_get_slot -- functionpoint
[    0.125465] pci_scan_device -- functionpoint
[    0.125467] pci_bus_read_dev_vendor_id -- functionpoint
[    0.125485] functionpoint -- fn = 0, devfn = 64, fn+devfn = 64
[    0.125488] pci_scan_slot -- functionpoint
[    0.125488] pci_scan_single_device -- functionpoint
[    0.125489] pci_get_slot -- functionpoint
[    0.125491] pci_scan_device -- functionpoint
[    0.125492] pci_bus_read_dev_vendor_id -- functionpoint
[    0.125501] functionpoint -- fn = 0, devfn = 72, fn+devfn = 72
[    0.125503] pci_scan_slot -- functionpoint
[    0.125503] pci_scan_single_device -- functionpoint
[    0.125505] pci_get_slot -- functionpoint
[    0.125506] pci_scan_device -- functionpoint
[    0.125507] pci_bus_read_dev_vendor_id -- functionpoint
[    0.125526] functionpoint -- fn = 0, devfn = 80, fn+devfn = 80
[    0.125528] pci_scan_slot -- functionpoint
[    0.125529] pci_scan_single_device -- functionpoint
[    0.125530] pci_get_slot -- functionpoint
[    0.125531] pci_scan_device -- functionpoint
[    0.125533] pci_bus_read_dev_vendor_id -- functionpoint
[    0.125551] functionpoint -- fn = 0, devfn = 88, fn+devfn = 88
[    0.125553] pci_scan_slot -- functionpoint
[    0.125554] pci_scan_single_device -- functionpoint
[    0.125555] pci_get_slot -- functionpoint
[    0.125556] pci_scan_device -- functionpoint
[    0.125558] pci_bus_read_dev_vendor_id -- functionpoint
[    0.125576] functionpoint -- fn = 0, devfn = 96, fn+devfn = 96
[    0.125579] pci_scan_slot -- functionpoint
[    0.125579] pci_scan_single_device -- functionpoint
[    0.125580] pci_get_slot -- functionpoint
[    0.125582] pci_scan_device -- functionpoint
[    0.125583] pci_bus_read_dev_vendor_id -- functionpoint
[    0.125592] functionpoint -- fn = 0, devfn = 104, fn+devfn = 104
[    0.125594] pci_scan_slot -- functionpoint
[    0.125594] pci_scan_single_device -- functionpoint
[    0.125596] pci_get_slot -- functionpoint
[    0.125597] pci_scan_device -- functionpoint
[    0.125598] pci_bus_read_dev_vendor_id -- functionpoint
[    0.125617] functionpoint -- fn = 0, devfn = 112, fn+devfn = 112
[    0.125619] pci_scan_slot -- functionpoint
[    0.125620] pci_scan_single_device -- functionpoint
[    0.125621] pci_get_slot -- functionpoint
[    0.125622] pci_scan_device -- functionpoint
[    0.125624] pci_bus_read_dev_vendor_id -- functionpoint
[    0.125642] functionpoint -- fn = 0, devfn = 120, fn+devfn = 120
[    0.125644] pci_scan_slot -- functionpoint
[    0.125645] pci_scan_single_device -- functionpoint
[    0.125646] pci_get_slot -- functionpoint
[    0.125647] pci_scan_device -- functionpoint
[    0.125649] pci_bus_read_dev_vendor_id -- functionpoint
[    0.125657] functionpoint -- fn = 0, devfn = 128, fn+devfn = 128
[    0.125660] pci_scan_slot -- functionpoint
[    0.125660] pci_scan_single_device -- functionpoint
[    0.125661] pci_get_slot -- functionpoint
[    0.125663] pci_scan_device -- functionpoint
[    0.125664] pci_bus_read_dev_vendor_id -- functionpoint
[    0.125682] functionpoint -- fn = 0, devfn = 136, fn+devfn = 136
[    0.125685] pci_scan_slot -- functionpoint
[    0.125685] pci_scan_single_device -- functionpoint
[    0.125686] pci_get_slot -- functionpoint
[    0.125688] pci_scan_device -- functionpoint
[    0.125689] pci_bus_read_dev_vendor_id -- functionpoint
[    0.125694] functionpoint -- dev_vendor: 8086, dev_device: a379
[    0.125697] pci_setup_device -- functionpoint
[    0.125709] pci 0000:00:12.0: [8086:a379] type 00 class 0x118000
[    0.125711] pci 0000:00:12.0: functionpoint -- [8086:a379] type 00 class 0x118000
[    0.125725] switch case PCI_HEADER_TYPE_NORMAL -- functionpoint
[    0.125742] pci 0000:00:12.0: reg 0x10: [mem 0x4000107000-0x4000107fff 64bit]
[    0.125785] pci_device_add -- functionpoint
[    0.126814] functionpoint -- fn = 0, devfn = 144, fn+devfn = 144
[    0.126817] next_fn -- functionpoint
[    0.126817] pci_scan_single_device -- functionpoint
[    0.126819] pci_get_slot -- functionpoint
[    0.126820] pci_scan_device -- functionpoint
[    0.126821] pci_bus_read_dev_vendor_id -- functionpoint
[    0.126833] functionpoint -- fn = 1, devfn = 144, fn+devfn = 145
[    0.126835] next_fn -- functionpoint
[    0.126836] pci_scan_single_device -- functionpoint
[    0.126837] pci_get_slot -- functionpoint
[    0.126838] pci_scan_device -- functionpoint
[    0.126840] pci_bus_read_dev_vendor_id -- functionpoint
[    0.126858] functionpoint -- fn = 2, devfn = 144, fn+devfn = 146
[    0.126860] next_fn -- functionpoint
[    0.126860] pci_scan_single_device -- functionpoint
[    0.126862] pci_get_slot -- functionpoint
[    0.126863] pci_scan_device -- functionpoint
[    0.126864] pci_bus_read_dev_vendor_id -- functionpoint
[    0.126883] functionpoint -- fn = 3, devfn = 144, fn+devfn = 147
[    0.126885] next_fn -- functionpoint
[    0.126885] pci_scan_single_device -- functionpoint
[    0.126887] pci_get_slot -- functionpoint
[    0.126888] pci_scan_device -- functionpoint
[    0.126889] pci_bus_read_dev_vendor_id -- functionpoint
[    0.126908] functionpoint -- fn = 4, devfn = 144, fn+devfn = 148
[    0.126910] next_fn -- functionpoint
[    0.126910] pci_scan_single_device -- functionpoint
[    0.126912] pci_get_slot -- functionpoint
[    0.126913] pci_scan_device -- functionpoint
[    0.126914] pci_bus_read_dev_vendor_id -- functionpoint
[    0.126933] functionpoint -- fn = 5, devfn = 144, fn+devfn = 149
[    0.126935] next_fn -- functionpoint
[    0.126935] pci_scan_single_device -- functionpoint
[    0.126937] pci_get_slot -- functionpoint
[    0.126938] pci_scan_device -- functionpoint
[    0.126939] pci_bus_read_dev_vendor_id -- functionpoint
[    0.126952] functionpoint -- fn = 6, devfn = 144, fn+devfn = 150
[    0.126955] next_fn -- functionpoint
[    0.126955] pci_scan_single_device -- functionpoint
[    0.126956] pci_get_slot -- functionpoint
[    0.126957] pci_scan_device -- functionpoint
[    0.126959] pci_bus_read_dev_vendor_id -- functionpoint
[    0.126967] functionpoint -- fn = 7, devfn = 144, fn+devfn = 151
[    0.126970] next_fn -- functionpoint
[    0.126970] pci_scan_slot -- functionpoint
[    0.126971] pci_scan_single_device -- functionpoint
[    0.126973] pci_get_slot -- functionpoint
[    0.126974] pci_scan_device -- functionpoint
[    0.126975] pci_bus_read_dev_vendor_id -- functionpoint
[    0.126987] functionpoint -- fn = 0, devfn = 152, fn+devfn = 152
[    0.126990] pci_scan_slot -- functionpoint
[    0.126990] pci_scan_single_device -- functionpoint
[    0.126991] pci_get_slot -- functionpoint
[    0.126993] pci_scan_device -- functionpoint
[    0.126994] pci_bus_read_dev_vendor_id -- functionpoint
[    0.126997] functionpoint -- dev_vendor: 8086, dev_device: a36d
[    0.127000] pci_setup_device -- functionpoint
[    0.127012] pci 0000:00:14.0: [8086:a36d] type 00 class 0x0c0330
[    0.127015] pci 0000:00:14.0: functionpoint -- [8086:a36d] type 00 class 0x0c0330
[    0.127030] switch case PCI_HEADER_TYPE_NORMAL -- functionpoint
[    0.127050] pci 0000:00:14.0: reg 0x10: [mem 0xf1220000-0xf122ffff 64bit]
[    0.127106] pci_device_add -- functionpoint
[    0.127154] pci 0000:00:14.0: PME# supported from D3hot D3cold
[    0.128221] functionpoint -- fn = 0, devfn = 160, fn+devfn = 160
[    0.128223] next_fn -- functionpoint
[    0.128224] pci_scan_single_device -- functionpoint
[    0.128225] pci_get_slot -- functionpoint
[    0.128226] pci_scan_device -- functionpoint
[    0.128228] pci_bus_read_dev_vendor_id -- functionpoint
[    0.128236] functionpoint -- fn = 1, devfn = 160, fn+devfn = 161
[    0.128239] next_fn -- functionpoint
[    0.128239] pci_scan_single_device -- functionpoint
[    0.128240] pci_get_slot -- functionpoint
[    0.128242] pci_scan_device -- functionpoint
[    0.128243] pci_bus_read_dev_vendor_id -- functionpoint
[    0.128246] functionpoint -- dev_vendor: 8086, dev_device: a36f
[    0.128249] pci_setup_device -- functionpoint
[    0.128259] pci 0000:00:14.2: [8086:a36f] type 00 class 0x050000
[    0.128261] pci 0000:00:14.2: functionpoint -- [8086:a36f] type 00 class 0x050000
[    0.128274] switch case PCI_HEADER_TYPE_NORMAL -- functionpoint
[    0.128290] pci 0000:00:14.2: reg 0x10: [mem 0xf1232000-0xf1233fff 64bit]
[    0.128305] pci 0000:00:14.2: reg 0x18: [mem 0x4000106000-0x4000106fff 64bit]
[    0.128330] pci_device_add -- functionpoint
[    0.129349] functionpoint -- fn = 2, devfn = 160, fn+devfn = 162
[    0.129352] next_fn -- functionpoint
[    0.129352] pci_scan_single_device -- functionpoint
[    0.129354] pci_get_slot -- functionpoint
[    0.129355] pci_scan_device -- functionpoint
[    0.129356] pci_bus_read_dev_vendor_id -- functionpoint
[    0.129367] functionpoint -- fn = 3, devfn = 160, fn+devfn = 163
[    0.129369] next_fn -- functionpoint
[    0.129369] pci_scan_single_device -- functionpoint
[    0.129371] pci_get_slot -- functionpoint
[    0.129372] pci_scan_device -- functionpoint
[    0.129373] pci_bus_read_dev_vendor_id -- functionpoint
[    0.129382] functionpoint -- fn = 4, devfn = 160, fn+devfn = 164
[    0.129385] next_fn -- functionpoint
[    0.129385] pci_scan_single_device -- functionpoint
[    0.129386] pci_get_slot -- functionpoint
[    0.129387] pci_scan_device -- functionpoint
[    0.129389] pci_bus_read_dev_vendor_id -- functionpoint
[    0.129406] functionpoint -- fn = 5, devfn = 160, fn+devfn = 165
[    0.129409] next_fn -- functionpoint
[    0.129409] pci_scan_single_device -- functionpoint
[    0.129411] pci_get_slot -- functionpoint
[    0.129412] pci_scan_device -- functionpoint
[    0.129413] pci_bus_read_dev_vendor_id -- functionpoint
[    0.129422] functionpoint -- fn = 6, devfn = 160, fn+devfn = 166
[    0.129424] next_fn -- functionpoint
[    0.129424] pci_scan_single_device -- functionpoint
[    0.129426] pci_get_slot -- functionpoint
[    0.129427] pci_scan_device -- functionpoint
[    0.129428] pci_bus_read_dev_vendor_id -- functionpoint
[    0.129436] functionpoint -- fn = 7, devfn = 160, fn+devfn = 167
[    0.129439] next_fn -- functionpoint
[    0.129439] pci_scan_slot -- functionpoint
[    0.129440] pci_scan_single_device -- functionpoint
[    0.129441] pci_get_slot -- functionpoint
[    0.129443] pci_scan_device -- functionpoint
[    0.129444] pci_bus_read_dev_vendor_id -- functionpoint
[    0.129447] functionpoint -- fn = 0, devfn = 168, fn+devfn = 168
[    0.129450] pci_scan_slot -- functionpoint
[    0.129450] pci_scan_single_device -- functionpoint
[    0.129451] pci_get_slot -- functionpoint
[    0.129453] pci_scan_device -- functionpoint
[    0.129454] pci_bus_read_dev_vendor_id -- functionpoint
[    0.129463] functionpoint -- dev_vendor: 8086, dev_device: a360
[    0.129466] pci_setup_device -- functionpoint
[    0.129474] pci 0000:00:16.0: [8086:a360] type 00 class 0x078000
[    0.129476] pci 0000:00:16.0: functionpoint -- [8086:a360] type 00 class 0x078000
[    0.129491] switch case PCI_HEADER_TYPE_NORMAL -- functionpoint
[    0.129507] pci 0000:00:16.0: reg 0x10: [mem 0x4000105000-0x4000105fff 64bit]
[    0.129536] pci_device_add -- functionpoint
[    0.129572] pci 0000:00:16.0: PME# supported from D3hot
[    0.130622] functionpoint -- fn = 0, devfn = 176, fn+devfn = 176
[    0.130624] next_fn -- functionpoint
[    0.130624] pci_scan_single_device -- functionpoint
[    0.130625] pci_get_slot -- functionpoint
[    0.130627] pci_scan_device -- functionpoint
[    0.130628] pci_bus_read_dev_vendor_id -- functionpoint
[    0.130639] functionpoint -- fn = 1, devfn = 176, fn+devfn = 177
[    0.130642] next_fn -- functionpoint
[    0.130642] pci_scan_single_device -- functionpoint
[    0.130643] pci_get_slot -- functionpoint
[    0.130645] pci_scan_device -- functionpoint
[    0.130646] pci_bus_read_dev_vendor_id -- functionpoint
[    0.130664] functionpoint -- fn = 2, devfn = 176, fn+devfn = 178
[    0.130667] next_fn -- functionpoint
[    0.130667] pci_scan_single_device -- functionpoint
[    0.130668] pci_get_slot -- functionpoint
[    0.130670] pci_scan_device -- functionpoint
[    0.130671] pci_bus_read_dev_vendor_id -- functionpoint
[    0.130682] functionpoint -- dev_vendor: 8086, dev_device: a363
[    0.130685] pci_setup_device -- functionpoint
[    0.130696] pci 0000:00:16.3: [8086:a363] type 00 class 0x070002
[    0.130698] pci 0000:00:16.3: functionpoint -- [8086:a363] type 00 class 0x070002
[    0.130712] switch case PCI_HEADER_TYPE_NORMAL -- functionpoint
[    0.130724] pci 0000:00:16.3: reg 0x10: [io  0x4088-0x408f]
[    0.130733] pci 0000:00:16.3: reg 0x14: [mem 0xf1237000-0xf1237fff]
[    0.130773] pci_device_add -- functionpoint
[    0.131799] functionpoint -- fn = 3, devfn = 176, fn+devfn = 179
[    0.131801] next_fn -- functionpoint
[    0.131802] pci_scan_single_device -- functionpoint
[    0.131803] pci_get_slot -- functionpoint
[    0.131805] pci_scan_device -- functionpoint
[    0.131806] pci_bus_read_dev_vendor_id -- functionpoint
[    0.131814] functionpoint -- fn = 4, devfn = 176, fn+devfn = 180
[    0.131816] next_fn -- functionpoint
[    0.131817] pci_scan_single_device -- functionpoint
[    0.131818] pci_get_slot -- functionpoint
[    0.131819] pci_scan_device -- functionpoint
[    0.131821] pci_bus_read_dev_vendor_id -- functionpoint
[    0.131828] functionpoint -- fn = 5, devfn = 176, fn+devfn = 181
[    0.131831] next_fn -- functionpoint
[    0.131831] pci_scan_single_device -- functionpoint
[    0.131832] pci_get_slot -- functionpoint
[    0.131834] pci_scan_device -- functionpoint
[    0.131835] pci_bus_read_dev_vendor_id -- functionpoint
[    0.131843] functionpoint -- fn = 6, devfn = 176, fn+devfn = 182
[    0.131845] next_fn -- functionpoint
[    0.131846] pci_scan_single_device -- functionpoint
[    0.131847] pci_get_slot -- functionpoint
[    0.131848] pci_scan_device -- functionpoint
[    0.131850] pci_bus_read_dev_vendor_id -- functionpoint
[    0.131857] functionpoint -- fn = 7, devfn = 176, fn+devfn = 183
[    0.131860] next_fn -- functionpoint
[    0.131860] pci_scan_slot -- functionpoint
[    0.131861] pci_scan_single_device -- functionpoint
[    0.131863] pci_get_slot -- functionpoint
[    0.131864] pci_scan_device -- functionpoint
[    0.131865] pci_bus_read_dev_vendor_id -- functionpoint
[    0.131869] functionpoint -- dev_vendor: 8086, dev_device: a352
[    0.131871] pci_setup_device -- functionpoint
[    0.131884] pci 0000:00:17.0: [8086:a352] type 00 class 0x010601
[    0.131886] pci 0000:00:17.0: functionpoint -- [8086:a352] type 00 class 0x010601
[    0.131902] switch case PCI_HEADER_TYPE_NORMAL -- functionpoint
[    0.131917] pci 0000:00:17.0: reg 0x10: [mem 0xf1230000-0xf1231fff]
[    0.131929] pci 0000:00:17.0: reg 0x14: [mem 0xf1236000-0xf12360ff]
[    0.131941] pci 0000:00:17.0: reg 0x18: [io  0x4080-0x4087]
[    0.131952] pci 0000:00:17.0: reg 0x1c: [io  0x4090-0x4093]
[    0.131963] pci 0000:00:17.0: reg 0x20: [io  0x4060-0x407f]
[    0.131975] pci 0000:00:17.0: reg 0x24: [mem 0xf1235000-0xf12357ff]
[    0.131988] pci_device_add -- functionpoint
[    0.132040] pci 0000:00:17.0: PME# supported from D3hot
[    0.133118] functionpoint -- fn = 0, devfn = 184, fn+devfn = 184
[    0.133120] next_fn -- functionpoint
[    0.133121] pci_scan_slot -- functionpoint
[    0.133122] pci_scan_single_device -- functionpoint
[    0.133123] pci_get_slot -- functionpoint
[    0.133125] pci_scan_device -- functionpoint
[    0.133126] pci_bus_read_dev_vendor_id -- functionpoint
[    0.133137] functionpoint -- fn = 0, devfn = 192, fn+devfn = 192
[    0.133140] pci_scan_slot -- functionpoint
[    0.133140] pci_scan_single_device -- functionpoint
[    0.133142] pci_get_slot -- functionpoint
[    0.133143] pci_scan_device -- functionpoint
[    0.133144] pci_bus_read_dev_vendor_id -- functionpoint
[    0.133162] functionpoint -- fn = 0, devfn = 200, fn+devfn = 200
[    0.133165] pci_scan_slot -- functionpoint
[    0.133165] pci_scan_single_device -- functionpoint
[    0.133166] pci_get_slot -- functionpoint
[    0.133168] pci_scan_device -- functionpoint
[    0.133169] pci_bus_read_dev_vendor_id -- functionpoint
[    0.133187] functionpoint -- fn = 0, devfn = 208, fn+devfn = 208
[    0.133190] pci_scan_slot -- functionpoint
[    0.133190] pci_scan_single_device -- functionpoint
[    0.133191] pci_get_slot -- functionpoint
[    0.133193] pci_scan_device -- functionpoint
[    0.133194] pci_bus_read_dev_vendor_id -- functionpoint
[    0.133204] functionpoint -- dev_vendor: 8086, dev_device: a32c
[    0.133206] pci_setup_device -- functionpoint
[    0.133219] pci 0000:00:1b.0: [8086:a32c] type 01 class 0x060400
[    0.133221] pci 0000:00:1b.0: functionpoint -- [8086:a32c] type 01 class 0x060400
[    0.133241] switch case PCI_HEADER_TYPE_BRIDGE -- functionpoint
[    0.133286] pci_device_add -- functionpoint
[    0.133367] pci 0000:00:1b.0: PME# supported from D0 D3hot D3cold
[    0.133403] pci 0000:00:1b.0: PTM enabled (root), 4dns granularity
[    0.134473] functionpoint -- fn = 0, devfn = 216, fn+devfn = 216
[    0.134475] next_fn -- functionpoint
[    0.134475] pci_scan_single_device -- functionpoint
[    0.134476] pci_get_slot -- functionpoint
[    0.134478] pci_scan_device -- functionpoint
[    0.134479] pci_bus_read_dev_vendor_id -- functionpoint
[    0.134490] functionpoint -- fn = 1, devfn = 216, fn+devfn = 217
[    0.134493] next_fn -- functionpoint
[    0.134493] pci_scan_single_device -- functionpoint
[    0.134494] pci_get_slot -- functionpoint
[    0.134496] pci_scan_device -- functionpoint
[    0.134497] pci_bus_read_dev_vendor_id -- functionpoint
[    0.134515] functionpoint -- fn = 2, devfn = 216, fn+devfn = 218
[    0.134517] next_fn -- functionpoint
[    0.134518] pci_scan_single_device -- functionpoint
[    0.134519] pci_get_slot -- functionpoint
[    0.134520] pci_scan_device -- functionpoint
[    0.134522] pci_bus_read_dev_vendor_id -- functionpoint
[    0.134540] functionpoint -- fn = 3, devfn = 216, fn+devfn = 219
[    0.134543] next_fn -- functionpoint
[    0.134543] pci_scan_single_device -- functionpoint
[    0.134544] pci_get_slot -- functionpoint
[    0.134546] pci_scan_device -- functionpoint
[    0.134547] pci_bus_read_dev_vendor_id -- functionpoint
[    0.134565] functionpoint -- fn = 4, devfn = 216, fn+devfn = 220
[    0.134568] next_fn -- functionpoint
[    0.134568] pci_scan_single_device -- functionpoint
[    0.134569] pci_get_slot -- functionpoint
[    0.134571] pci_scan_device -- functionpoint
[    0.134572] pci_bus_read_dev_vendor_id -- functionpoint
[    0.134590] functionpoint -- fn = 5, devfn = 216, fn+devfn = 221
[    0.134593] next_fn -- functionpoint
[    0.134593] pci_scan_single_device -- functionpoint
[    0.134594] pci_get_slot -- functionpoint
[    0.134596] pci_scan_device -- functionpoint
[    0.134597] pci_bus_read_dev_vendor_id -- functionpoint
[    0.134615] functionpoint -- fn = 6, devfn = 216, fn+devfn = 222
[    0.134618] next_fn -- functionpoint
[    0.134618] pci_scan_single_device -- functionpoint
[    0.134619] pci_get_slot -- functionpoint
[    0.134621] pci_scan_device -- functionpoint
[    0.134622] pci_bus_read_dev_vendor_id -- functionpoint
[    0.134640] functionpoint -- fn = 7, devfn = 216, fn+devfn = 223
[    0.134643] next_fn -- functionpoint
[    0.134643] pci_scan_slot -- functionpoint
[    0.134644] pci_scan_single_device -- functionpoint
[    0.134646] pci_get_slot -- functionpoint
[    0.134647] pci_scan_device -- functionpoint
[    0.134648] pci_bus_read_dev_vendor_id -- functionpoint
[    0.134656] functionpoint -- dev_vendor: 8086, dev_device: a33e
[    0.134659] pci_setup_device -- functionpoint
[    0.134671] pci 0000:00:1c.0: [8086:a33e] type 01 class 0x060400
[    0.134674] pci 0000:00:1c.0: functionpoint -- [8086:a33e] type 01 class 0x060400
[    0.134694] switch case PCI_HEADER_TYPE_BRIDGE -- functionpoint
[    0.134739] pci_device_add -- functionpoint
[    0.134821] pci 0000:00:1c.0: PME# supported from D0 D3hot D3cold
[    0.134857] pci 0000:00:1c.0: PTM enabled (root), 4dns granularity
[    0.135926] functionpoint -- fn = 0, devfn = 224, fn+devfn = 224
[    0.135928] next_fn -- functionpoint
[    0.135928] pci_scan_single_device -- functionpoint
[    0.135929] pci_get_slot -- functionpoint
[    0.135931] pci_scan_device -- functionpoint
[    0.135932] pci_bus_read_dev_vendor_id -- functionpoint
[    0.135944] functionpoint -- fn = 1, devfn = 224, fn+devfn = 225
[    0.135946] next_fn -- functionpoint
[    0.135947] pci_scan_single_device -- functionpoint
[    0.135948] pci_get_slot -- functionpoint
[    0.135949] pci_scan_device -- functionpoint
[    0.135951] pci_bus_read_dev_vendor_id -- functionpoint
[    0.135969] functionpoint -- fn = 2, devfn = 224, fn+devfn = 226
[    0.135972] next_fn -- functionpoint
[    0.135972] pci_scan_single_device -- functionpoint
[    0.135973] pci_get_slot -- functionpoint
[    0.135975] pci_scan_device -- functionpoint
[    0.135976] pci_bus_read_dev_vendor_id -- functionpoint
[    0.135994] functionpoint -- fn = 3, devfn = 224, fn+devfn = 227
[    0.135997] next_fn -- functionpoint
[    0.135997] pci_scan_single_device -- functionpoint
[    0.135998] pci_get_slot -- functionpoint
[    0.136000] pci_scan_device -- functionpoint
[    0.136001] pci_bus_read_dev_vendor_id -- functionpoint
[    0.136017] functionpoint -- fn = 4, devfn = 224, fn+devfn = 228
[    0.136019] next_fn -- functionpoint
[    0.136019] pci_scan_single_device -- functionpoint
[    0.136021] pci_get_slot -- functionpoint
[    0.136022] pci_scan_device -- functionpoint
[    0.136023] pci_bus_read_dev_vendor_id -- functionpoint
[    0.136042] functionpoint -- fn = 5, devfn = 224, fn+devfn = 229
[    0.136044] next_fn -- functionpoint
[    0.136044] pci_scan_single_device -- functionpoint
[    0.136046] pci_get_slot -- functionpoint
[    0.136047] pci_scan_device -- functionpoint
[    0.136048] pci_bus_read_dev_vendor_id -- functionpoint
[    0.136067] functionpoint -- fn = 6, devfn = 224, fn+devfn = 230
[    0.136069] next_fn -- functionpoint
[    0.136069] pci_scan_single_device -- functionpoint
[    0.136071] pci_get_slot -- functionpoint
[    0.136072] pci_scan_device -- functionpoint
[    0.136073] pci_bus_read_dev_vendor_id -- functionpoint
[    0.136092] functionpoint -- fn = 7, devfn = 224, fn+devfn = 231
[    0.136094] next_fn -- functionpoint
[    0.136094] pci_scan_slot -- functionpoint
[    0.136096] pci_scan_single_device -- functionpoint
[    0.136097] pci_get_slot -- functionpoint
[    0.136098] pci_scan_device -- functionpoint
[    0.136100] pci_bus_read_dev_vendor_id -- functionpoint
[    0.136117] functionpoint -- fn = 0, devfn = 232, fn+devfn = 232
[    0.136119] pci_scan_slot -- functionpoint
[    0.136120] pci_scan_single_device -- functionpoint
[    0.136121] pci_get_slot -- functionpoint
[    0.136122] pci_scan_device -- functionpoint
[    0.136124] pci_bus_read_dev_vendor_id -- functionpoint
[    0.136135] functionpoint -- fn = 0, devfn = 240, fn+devfn = 240
[    0.136137] pci_scan_slot -- functionpoint
[    0.136138] pci_scan_single_device -- functionpoint
[    0.136139] pci_get_slot -- functionpoint
[    0.136140] pci_scan_device -- functionpoint
[    0.136142] pci_bus_read_dev_vendor_id -- functionpoint
[    0.136149] functionpoint -- dev_vendor: 8086, dev_device: a306
[    0.136151] pci_setup_device -- functionpoint
[    0.136158] pci 0000:00:1f.0: [8086:a306] type 00 class 0x060100
[    0.136161] pci 0000:00:1f.0: functionpoint -- [8086:a306] type 00 class 0x060100
[    0.136170] switch case PCI_HEADER_TYPE_NORMAL -- functionpoint
[    0.136247] pci_device_add -- functionpoint
[    0.137277] functionpoint -- fn = 0, devfn = 248, fn+devfn = 248
[    0.137280] next_fn -- functionpoint
[    0.137280] pci_scan_single_device -- functionpoint
[    0.137282] pci_get_slot -- functionpoint
[    0.137283] pci_scan_device -- functionpoint
[    0.137285] pci_bus_read_dev_vendor_id -- functionpoint
[    0.137296] functionpoint -- fn = 1, devfn = 248, fn+devfn = 249
[    0.137298] next_fn -- functionpoint
[    0.137299] pci_scan_single_device -- functionpoint
[    0.137300] pci_get_slot -- functionpoint
[    0.137301] pci_scan_device -- functionpoint
[    0.137303] pci_bus_read_dev_vendor_id -- functionpoint
[    0.137321] functionpoint -- fn = 2, devfn = 248, fn+devfn = 250
[    0.137323] next_fn -- functionpoint
[    0.137323] pci_scan_single_device -- functionpoint
[    0.137325] pci_get_slot -- functionpoint
[    0.137326] pci_scan_device -- functionpoint
[    0.137327] pci_bus_read_dev_vendor_id -- functionpoint
[    0.137341] functionpoint -- dev_vendor: 8086, dev_device: a348
[    0.137344] pci_setup_device -- functionpoint
[    0.137370] pci 0000:00:1f.3: [8086:a348] type 00 class 0x040300
[    0.137372] pci 0000:00:1f.3: functionpoint -- [8086:a348] type 00 class 0x040300
[    0.137405] switch case PCI_HEADER_TYPE_NORMAL -- functionpoint
[    0.137447] pci 0000:00:1f.3: reg 0x10: [mem 0x4000100000-0x4000103fff 64bit]
[    0.137512] pci 0000:00:1f.3: reg 0x20: [mem 0x4000000000-0x40000fffff 64bit]
[    0.137538] pci_device_add -- functionpoint
[    0.137643] pci 0000:00:1f.3: PME# supported from D3hot D3cold
[    0.138773] functionpoint -- fn = 3, devfn = 248, fn+devfn = 251
[    0.138775] next_fn -- functionpoint
[    0.138776] pci_scan_single_device -- functionpoint
[    0.138777] pci_get_slot -- functionpoint
[    0.138779] pci_scan_device -- functionpoint
[    0.138780] pci_bus_read_dev_vendor_id -- functionpoint
[    0.138792] functionpoint -- dev_vendor: 8086, dev_device: a323
[    0.138794] pci_setup_device -- functionpoint
[    0.138815] pci 0000:00:1f.4: [8086:a323] type 00 class 0x0c0500
[    0.138817] pci 0000:00:1f.4: functionpoint -- [8086:a323] type 00 class 0x0c0500
[    0.138841] switch case PCI_HEADER_TYPE_NORMAL -- functionpoint
[    0.138886] pci 0000:00:1f.4: reg 0x10: [mem 0x4000104000-0x40001040ff 64bit]
[    0.138949] pci 0000:00:1f.4: reg 0x20: [io  0xefa0-0xefbf]
[    0.138997] pci_device_add -- functionpoint
[    0.140047] functionpoint -- fn = 4, devfn = 248, fn+devfn = 252
[    0.140050] next_fn -- functionpoint
[    0.140051] pci_scan_single_device -- functionpoint
[    0.140052] pci_get_slot -- functionpoint
[    0.140054] pci_scan_device -- functionpoint
[    0.140055] pci_bus_read_dev_vendor_id -- functionpoint
[    0.140065] functionpoint -- dev_vendor: 8086, dev_device: a324
[    0.140068] pci_setup_device -- functionpoint
[    0.140075] pci 0000:00:1f.5: [8086:a324] type 00 class 0x0c8000
[    0.140077] pci 0000:00:1f.5: functionpoint -- [8086:a324] type 00 class 0x0c8000
[    0.140086] switch case PCI_HEADER_TYPE_NORMAL -- functionpoint
[    0.140099] pci 0000:00:1f.5: reg 0x10: [mem 0xfe010000-0xfe010fff]
[    0.140165] pci_device_add -- functionpoint
[    0.141161] functionpoint -- fn = 5, devfn = 248, fn+devfn = 253
[    0.141164] next_fn -- functionpoint
[    0.141165] pci_scan_single_device -- functionpoint
[    0.141166] pci_get_slot -- functionpoint
[    0.141168] pci_scan_device -- functionpoint
[    0.141169] pci_bus_read_dev_vendor_id -- functionpoint
[    0.141176] functionpoint -- dev_vendor: 8086, dev_device: 15bb
[    0.141178] pci_setup_device -- functionpoint
[    0.141199] pci 0000:00:1f.6: [8086:15bb] type 00 class 0x020000
[    0.141201] pci 0000:00:1f.6: functionpoint -- [8086:15bb] type 00 class 0x020000
[    0.141216] pci_get_slot -- functionpoint
[    0.141229] switch case PCI_HEADER_TYPE_NORMAL -- functionpoint
[    0.141261] pci 0000:00:1f.6: reg 0x10: [mem 0xf1200000-0xf121ffff]
[    0.141408] pci_device_add -- functionpoint
[    0.141500] pci 0000:00:1f.6: PME# supported from D0 D3hot D3cold
[    0.142506] functionpoint -- fn = 6, devfn = 248, fn+devfn = 254
[    0.142508] next_fn -- functionpoint
[    0.142509] pci_scan_single_device -- functionpoint
[    0.142510] pci_get_slot -- functionpoint
[    0.142512] pci_scan_device -- functionpoint
[    0.142513] pci_bus_read_dev_vendor_id -- functionpoint
[    0.142524] functionpoint -- fn = 7, devfn = 248, fn+devfn = 255
[    0.142527] next_fn -- functionpoint
[    0.142527] pci_read_bridge_bases -- functionpoint
[    0.142535] pci_find_bus -- functionpoint
[    0.142537] functionpoint -- domain_num = 0, bus_num = 1
[    0.142539] pci_find_next_bus -- functionpoint
[    0.142540] pci_find_next_bus -- functionpoint
[    0.142541] not found bus -- functionpoint
[    0.142599] pci_bus_read_dev_vendor_id -- functionpoint
[    0.142614] pci_scan_child_bus_extend -- functionpoint
[    0.142616] pci_bus 0000:01: functionpoint -- scanning bus
[    0.142619] pci_scan_slot -- functionpoint
[    0.142619] pci_scan_single_device -- functionpoint
[    0.142621] pci_get_slot -- functionpoint
[    0.142622] pci_scan_device -- functionpoint
[    0.142623] pci_bus_read_dev_vendor_id -- functionpoint
[    0.142631] functionpoint -- dev_vendor: 1c5c, dev_device: 1339
[    0.142633] pci_setup_device -- functionpoint
[    0.142650] pci 0000:01:00.0: [1c5c:1339] type 00 class 0x010802
[    0.142652] pci 0000:01:00.0: functionpoint -- [1c5c:1339] type 00 class 0x010802
[    0.142678] switch case PCI_HEADER_TYPE_NORMAL -- functionpoint
[    0.142699] pci 0000:01:00.0: reg 0x10: [mem 0xf1100000-0xf1103fff 64bit]
[    0.142754] pci_device_add -- functionpoint
[    0.142850] pci 0000:01:00.0: supports D1
[    0.142853] pci 0000:01:00.0: PME# supported from D0 D1 D3hot
[    0.142946] functionpoint -- fn = 0, devfn = 0, fn+devfn = 0
[    0.142947] next_fn -- functionpoint
[    0.152060] pci_scan_slot -- functionpoint
[    0.152062] pci_scan_slot -- functionpoint
[    0.152063] pci_scan_slot -- functionpoint
[    0.152064] pci_scan_slot -- functionpoint
[    0.152066] pci_scan_slot -- functionpoint
[    0.152067] pci_scan_slot -- functionpoint
[    0.152068] pci_scan_slot -- functionpoint
[    0.152070] pci_scan_slot -- functionpoint
[    0.152071] pci_scan_slot -- functionpoint
[    0.152072] pci_scan_slot -- functionpoint
[    0.152073] pci_scan_slot -- functionpoint
[    0.152075] pci_scan_slot -- functionpoint
[    0.152076] pci_scan_slot -- functionpoint
[    0.152077] pci_scan_slot -- functionpoint
[    0.152078] pci_scan_slot -- functionpoint
[    0.152080] pci_scan_slot -- functionpoint
[    0.152081] pci_scan_slot -- functionpoint
[    0.152082] pci_scan_slot -- functionpoint
[    0.152084] pci_scan_slot -- functionpoint
[    0.152085] pci_scan_slot -- functionpoint
[    0.152086] pci_scan_slot -- functionpoint
[    0.152087] pci_scan_slot -- functionpoint
[    0.152089] pci_scan_slot -- functionpoint
[    0.152090] pci_scan_slot -- functionpoint
[    0.152091] pci_scan_slot -- functionpoint
[    0.152093] pci_scan_slot -- functionpoint
[    0.152094] pci_scan_slot -- functionpoint
[    0.152095] pci_scan_slot -- functionpoint
[    0.152096] pci_scan_slot -- functionpoint
[    0.152098] pci_scan_slot -- functionpoint
[    0.152099] pci_scan_slot -- functionpoint
[    0.152100] pci_read_bridge_bases -- functionpoint
[    0.152103] pci 0000:00:1b.0: PCI bridge to [bus 01]
[    0.152110] pci 0000:00:1b.0:   bridge window [mem 0xf1100000-0xf11fffff]
[    0.152114] pci_bus 0000:01: functionpoint -- bus scan returning with max=01
[    0.152119] pci_find_bus -- functionpoint
[    0.152120] functionpoint -- domain_num = 0, bus_num = 2
[    0.152122] pci_find_next_bus -- functionpoint
[    0.152123] pci_find_next_bus -- functionpoint
[    0.152124] not found bus -- functionpoint
[    0.152171] pci_bus_read_dev_vendor_id -- functionpoint
[    0.152184] pci_scan_child_bus_extend -- functionpoint
[    0.152186] pci_bus 0000:02: functionpoint -- scanning bus
[    0.152189] pci_scan_slot -- functionpoint
[    0.152189] pci_scan_single_device -- functionpoint
[    0.152190] pci_get_slot -- functionpoint
[    0.152192] pci_scan_device -- functionpoint
[    0.152193] pci_bus_read_dev_vendor_id -- functionpoint
[    0.152201] functionpoint -- dev_vendor: 1283, dev_device: 8893
[    0.152203] pci_setup_device -- functionpoint
[    0.152243] pci 0000:02:00.0: [1283:8893] type 01 class 0x060401
[    0.152245] pci 0000:02:00.0: functionpoint -- [1283:8893] type 01 class 0x060401
[    0.152300] switch case PCI_HEADER_TYPE_BRIDGE -- functionpoint
[    0.152482] pci_device_add -- functionpoint
[    0.152645] pci 0000:02:00.0: supports D1 D2
[    0.152648] pci 0000:02:00.0: PME# supported from D0 D1 D2 D3hot D3cold
[    0.152762] functionpoint -- fn = 0, devfn = 0, fn+devfn = 0
[    0.152764] next_fn -- functionpoint
[    0.152767] pci_scan_slot -- functionpoint
[    0.152768] pci_scan_slot -- functionpoint
[    0.152769] pci_scan_slot -- functionpoint
[    0.152770] pci_scan_slot -- functionpoint
[    0.152772] pci_scan_slot -- functionpoint
[    0.152773] pci_scan_slot -- functionpoint
[    0.152774] pci_scan_slot -- functionpoint
[    0.152776] pci_scan_slot -- functionpoint
[    0.152777] pci_scan_slot -- functionpoint
[    0.152778] pci_scan_slot -- functionpoint
[    0.152779] pci_scan_slot -- functionpoint
[    0.152781] pci_scan_slot -- functionpoint
[    0.152782] pci_scan_slot -- functionpoint
[    0.152783] pci_scan_slot -- functionpoint
[    0.152785] pci_scan_slot -- functionpoint
[    0.152786] pci_scan_slot -- functionpoint
[    0.152787] pci_scan_slot -- functionpoint
[    0.152788] pci_scan_slot -- functionpoint
[    0.152790] pci_scan_slot -- functionpoint
[    0.152791] pci_scan_slot -- functionpoint
[    0.152792] pci_scan_slot -- functionpoint
[    0.152794] pci_scan_slot -- functionpoint
[    0.152795] pci_scan_slot -- functionpoint
[    0.152796] pci_scan_slot -- functionpoint
[    0.152797] pci_scan_slot -- functionpoint
[    0.152799] pci_scan_slot -- functionpoint
[    0.152800] pci_scan_slot -- functionpoint
[    0.152801] pci_scan_slot -- functionpoint
[    0.152803] pci_scan_slot -- functionpoint
[    0.152804] pci_scan_slot -- functionpoint
[    0.152805] pci_scan_slot -- functionpoint
[    0.152806] pci_read_bridge_bases -- functionpoint
[    0.152809] pci 0000:00:1c.0: PCI bridge to [bus 02-03]
[    0.152818] pci 0000:00:1c.0:   bridge window [io  0x3000-0x3fff]
[    0.152822] pci 0000:00:1c.0:   bridge window [mem 0xf1000000-0xf10fffff]
[    0.152837] pci_find_bus -- functionpoint
[    0.152838] functionpoint -- domain_num = 0, bus_num = 3
[    0.152840] pci_find_next_bus -- functionpoint
[    0.152841] pci_find_next_bus -- functionpoint
[    0.152842] not found bus -- functionpoint
[    0.152879] pci_scan_child_bus_extend -- functionpoint
[    0.152881] pci_bus 0000:03: functionpoint -- scanning bus
[    0.152884] pci_scan_slot -- functionpoint
[    0.152884] pci_scan_single_device -- functionpoint
[    0.152886] pci_get_slot -- functionpoint
[    0.152887] pci_scan_device -- functionpoint
[    0.152888] pci_bus_read_dev_vendor_id -- functionpoint
[    0.152897] functionpoint -- dev_vendor: 1317, dev_device: 985
[    0.152900] pci_setup_device -- functionpoint
[    0.152918] pci 0000:03:00.0: [1317:0985] type 00 class 0x020000
[    0.152920] pci 0000:03:00.0: functionpoint -- [1317:0985] type 00 class 0x020000
[    0.152943] switch case PCI_HEADER_TYPE_NORMAL -- functionpoint
[    0.152966] pci 0000:03:00.0: reg 0x10: [io  0x3000-0x30ff]
[    0.152984] pci 0000:03:00.0: reg 0x14: [mem 0xf1000000-0xf10003ff]
[    0.153049] pci 0000:03:00.0: reg 0x30: [mem 0xfffe0000-0xffffffff pref]
[    0.153054] pci_device_add -- functionpoint
[    0.153120] pci 0000:03:00.0: supports D1 D2
[    0.153123] pci 0000:03:00.0: PME# supported from D0 D1 D2 D3hot D3cold
[    0.153154] functionpoint -- fn = 0, devfn = 0, fn+devfn = 0
[    0.153155] next_fn -- functionpoint
[    0.153155] pci_scan_slot -- functionpoint
[    0.153157] pci_scan_single_device -- functionpoint
[    0.153158] pci_get_slot -- functionpoint
[    0.153159] pci_scan_device -- functionpoint
[    0.153161] pci_bus_read_dev_vendor_id -- functionpoint
[    0.153168] functionpoint -- fn = 0, devfn = 8, fn+devfn = 8
[    0.153170] pci_scan_slot -- functionpoint
[    0.153171] pci_scan_single_device -- functionpoint
[    0.153172] pci_get_slot -- functionpoint
[    0.153173] pci_scan_device -- functionpoint
[    0.153175] pci_bus_read_dev_vendor_id -- functionpoint
[    0.153178] functionpoint -- fn = 0, devfn = 16, fn+devfn = 16
[    0.153181] pci_scan_slot -- functionpoint
[    0.153181] pci_scan_single_device -- functionpoint
[    0.153182] pci_get_slot -- functionpoint
[    0.153184] pci_scan_device -- functionpoint
[    0.153185] pci_bus_read_dev_vendor_id -- functionpoint
[    0.153190] functionpoint -- fn = 0, devfn = 24, fn+devfn = 24
[    0.153192] pci_scan_slot -- functionpoint
[    0.153193] pci_scan_single_device -- functionpoint
[    0.153194] pci_get_slot -- functionpoint
[    0.153195] pci_scan_device -- functionpoint
[    0.153197] pci_bus_read_dev_vendor_id -- functionpoint
[    0.153208] functionpoint -- fn = 0, devfn = 32, fn+devfn = 32
[    0.153210] pci_scan_slot -- functionpoint
[    0.153210] pci_scan_single_device -- functionpoint
[    0.153212] pci_get_slot -- functionpoint
[    0.153213] pci_scan_device -- functionpoint
[    0.153214] pci_bus_read_dev_vendor_id -- functionpoint
[    0.153218] functionpoint -- fn = 0, devfn = 40, fn+devfn = 40
[    0.153221] pci_scan_slot -- functionpoint
[    0.153221] pci_scan_single_device -- functionpoint
[    0.153222] pci_get_slot -- functionpoint
[    0.153224] pci_scan_device -- functionpoint
[    0.153225] pci_bus_read_dev_vendor_id -- functionpoint
[    0.153229] functionpoint -- fn = 0, devfn = 48, fn+devfn = 48
[    0.153232] pci_scan_slot -- functionpoint
[    0.153232] pci_scan_single_device -- functionpoint
[    0.153234] pci_get_slot -- functionpoint
[    0.153235] pci_scan_device -- functionpoint
[    0.153236] pci_bus_read_dev_vendor_id -- functionpoint
[    0.153248] functionpoint -- fn = 0, devfn = 56, fn+devfn = 56
[    0.153250] pci_scan_slot -- functionpoint
[    0.153251] pci_scan_single_device -- functionpoint
[    0.153252] pci_get_slot -- functionpoint
[    0.153253] pci_scan_device -- functionpoint
[    0.153255] pci_bus_read_dev_vendor_id -- functionpoint
[    0.153259] functionpoint -- fn = 0, devfn = 64, fn+devfn = 64
[    0.153261] pci_scan_slot -- functionpoint
[    0.153261] pci_scan_single_device -- functionpoint
[    0.153263] pci_get_slot -- functionpoint
[    0.153264] pci_scan_device -- functionpoint
[    0.153265] pci_bus_read_dev_vendor_id -- functionpoint
[    0.153270] functionpoint -- fn = 0, devfn = 72, fn+devfn = 72
[    0.153273] pci_scan_slot -- functionpoint
[    0.153273] pci_scan_single_device -- functionpoint
[    0.153274] pci_get_slot -- functionpoint
[    0.153276] pci_scan_device -- functionpoint
[    0.153277] pci_bus_read_dev_vendor_id -- functionpoint
[    0.153289] functionpoint -- fn = 0, devfn = 80, fn+devfn = 80
[    0.153292] pci_scan_slot -- functionpoint
[    0.153292] pci_scan_single_device -- functionpoint
[    0.153293] pci_get_slot -- functionpoint
[    0.153295] pci_scan_device -- functionpoint
[    0.153296] pci_bus_read_dev_vendor_id -- functionpoint
[    0.153301] functionpoint -- fn = 0, devfn = 88, fn+devfn = 88
[    0.153303] pci_scan_slot -- functionpoint
[    0.153304] pci_scan_single_device -- functionpoint
[    0.153305] pci_get_slot -- functionpoint
[    0.153306] pci_scan_device -- functionpoint
[    0.153308] pci_bus_read_dev_vendor_id -- functionpoint
[    0.153319] functionpoint -- fn = 0, devfn = 96, fn+devfn = 96
[    0.153322] pci_scan_slot -- functionpoint
[    0.153322] pci_scan_single_device -- functionpoint
[    0.153323] pci_get_slot -- functionpoint
[    0.153325] pci_scan_device -- functionpoint
[    0.153326] pci_bus_read_dev_vendor_id -- functionpoint
[    0.153331] functionpoint -- fn = 0, devfn = 104, fn+devfn = 104
[    0.153333] pci_scan_slot -- functionpoint
[    0.153334] pci_scan_single_device -- functionpoint
[    0.153335] pci_get_slot -- functionpoint
[    0.153336] pci_scan_device -- functionpoint
[    0.153338] pci_bus_read_dev_vendor_id -- functionpoint
[    0.153350] functionpoint -- fn = 0, devfn = 112, fn+devfn = 112
[    0.153352] pci_scan_slot -- functionpoint
[    0.153353] pci_scan_single_device -- functionpoint
[    0.153354] pci_get_slot -- functionpoint
[    0.153355] pci_scan_device -- functionpoint
[    0.153357] pci_bus_read_dev_vendor_id -- functionpoint
[    0.153361] functionpoint -- fn = 0, devfn = 120, fn+devfn = 120
[    0.153364] pci_scan_slot -- functionpoint
[    0.153364] pci_scan_single_device -- functionpoint
[    0.153365] pci_get_slot -- functionpoint
[    0.153367] pci_scan_device -- functionpoint
[    0.153368] pci_bus_read_dev_vendor_id -- functionpoint
[    0.153380] functionpoint -- fn = 0, devfn = 128, fn+devfn = 128
[    0.153382] pci_scan_slot -- functionpoint
[    0.153382] pci_scan_single_device -- functionpoint
[    0.153384] pci_get_slot -- functionpoint
[    0.153385] pci_scan_device -- functionpoint
[    0.153386] pci_bus_read_dev_vendor_id -- functionpoint
[    0.153391] functionpoint -- fn = 0, devfn = 136, fn+devfn = 136
[    0.153394] pci_scan_slot -- functionpoint
[    0.153394] pci_scan_single_device -- functionpoint
[    0.153395] pci_get_slot -- functionpoint
[    0.153397] pci_scan_device -- functionpoint
[    0.153398] pci_bus_read_dev_vendor_id -- functionpoint
[    0.153410] functionpoint -- fn = 0, devfn = 144, fn+devfn = 144
[    0.153413] pci_scan_slot -- functionpoint
[    0.153413] pci_scan_single_device -- functionpoint
[    0.153414] pci_get_slot -- functionpoint
[    0.153416] pci_scan_device -- functionpoint
[    0.153417] pci_bus_read_dev_vendor_id -- functionpoint
[    0.153422] functionpoint -- fn = 0, devfn = 152, fn+devfn = 152
[    0.153424] pci_scan_slot -- functionpoint
[    0.153425] pci_scan_single_device -- functionpoint
[    0.153426] pci_get_slot -- functionpoint
[    0.153427] pci_scan_device -- functionpoint
[    0.153428] pci_bus_read_dev_vendor_id -- functionpoint
[    0.153441] functionpoint -- fn = 0, devfn = 160, fn+devfn = 160
[    0.153444] pci_scan_slot -- functionpoint
[    0.153444] pci_scan_single_device -- functionpoint
[    0.153446] pci_get_slot -- functionpoint
[    0.153447] pci_scan_device -- functionpoint
[    0.153448] pci_bus_read_dev_vendor_id -- functionpoint
[    0.153453] functionpoint -- fn = 0, devfn = 168, fn+devfn = 168
[    0.153455] pci_scan_slot -- functionpoint
[    0.153456] pci_scan_single_device -- functionpoint
[    0.153457] pci_get_slot -- functionpoint
[    0.153458] pci_scan_device -- functionpoint
[    0.153460] pci_bus_read_dev_vendor_id -- functionpoint
[    0.153471] functionpoint -- fn = 0, devfn = 176, fn+devfn = 176
[    0.153474] pci_scan_slot -- functionpoint
[    0.153474] pci_scan_single_device -- functionpoint
[    0.153475] pci_get_slot -- functionpoint
[    0.153477] pci_scan_device -- functionpoint
[    0.153478] pci_bus_read_dev_vendor_id -- functionpoint
[    0.153483] functionpoint -- fn = 0, devfn = 184, fn+devfn = 184
[    0.153485] pci_scan_slot -- functionpoint
[    0.153486] pci_scan_single_device -- functionpoint
[    0.153487] pci_get_slot -- functionpoint
[    0.153488] pci_scan_device -- functionpoint
[    0.153490] pci_bus_read_dev_vendor_id -- functionpoint
[    0.153500] functionpoint -- fn = 0, devfn = 192, fn+devfn = 192
[    0.153503] pci_scan_slot -- functionpoint
[    0.153503] pci_scan_single_device -- functionpoint
[    0.153505] pci_get_slot -- functionpoint
[    0.153506] pci_scan_device -- functionpoint
[    0.153507] pci_bus_read_dev_vendor_id -- functionpoint
[    0.153512] functionpoint -- fn = 0, devfn = 200, fn+devfn = 200
[    0.153514] pci_scan_slot -- functionpoint
[    0.153515] pci_scan_single_device -- functionpoint
[    0.153516] pci_get_slot -- functionpoint
[    0.153517] pci_scan_device -- functionpoint
[    0.153519] pci_bus_read_dev_vendor_id -- functionpoint
[    0.153531] functionpoint -- fn = 0, devfn = 208, fn+devfn = 208
[    0.153533] pci_scan_slot -- functionpoint
[    0.153534] pci_scan_single_device -- functionpoint
[    0.153535] pci_get_slot -- functionpoint
[    0.153536] pci_scan_device -- functionpoint
[    0.153538] pci_bus_read_dev_vendor_id -- functionpoint
[    0.153541] functionpoint -- fn = 0, devfn = 216, fn+devfn = 216
[    0.153544] pci_scan_slot -- functionpoint
[    0.153544] pci_scan_single_device -- functionpoint
[    0.153545] pci_get_slot -- functionpoint
[    0.153547] pci_scan_device -- functionpoint
[    0.153548] pci_bus_read_dev_vendor_id -- functionpoint
[    0.153553] functionpoint -- fn = 0, devfn = 224, fn+devfn = 224
[    0.153555] pci_scan_slot -- functionpoint
[    0.153556] pci_scan_single_device -- functionpoint
[    0.153557] pci_get_slot -- functionpoint
[    0.153558] pci_scan_device -- functionpoint
[    0.153559] pci_bus_read_dev_vendor_id -- functionpoint
[    0.153573] functionpoint -- fn = 0, devfn = 232, fn+devfn = 232
[    0.153575] pci_scan_slot -- functionpoint
[    0.153576] pci_scan_single_device -- functionpoint
[    0.153577] pci_get_slot -- functionpoint
[    0.153578] pci_scan_device -- functionpoint
[    0.153580] pci_bus_read_dev_vendor_id -- functionpoint
[    0.153584] functionpoint -- fn = 0, devfn = 240, fn+devfn = 240
[    0.153587] pci_scan_slot -- functionpoint
[    0.153587] pci_scan_single_device -- functionpoint
[    0.153588] pci_get_slot -- functionpoint
[    0.153590] pci_scan_device -- functionpoint
[    0.153591] pci_bus_read_dev_vendor_id -- functionpoint
[    0.153602] functionpoint -- fn = 0, devfn = 248, fn+devfn = 248
[    0.153605] pci_read_bridge_bases -- functionpoint
[    0.153606] pci 0000:02:00.0: PCI bridge to [bus 03] (subtractive decode)
[    0.153620] pci 0000:02:00.0:   bridge window [io  0x3000-0x3fff]
[    0.153627] pci 0000:02:00.0:   bridge window [mem 0xf1000000-0xf10fffff]
[    0.153640] pci 0000:02:00.0:   bridge window [io  0x3000-0x3fff] (subtractive decode)
[    0.153641] pci 0000:02:00.0:   bridge window [mem 0xf1000000-0xf10fffff] (subtractive decode)
[    0.153642] pci_bus 0000:03: functionpoint -- bus scan returning with max=03
[    0.153659] pci_bus 0000:02: functionpoint -- bus scan returning with max=03
[    0.153678] pci_bus 0000:00: functionpoint -- bus scan returning with max=03
[    0.155959] driver_register -- functionpoint
[    0.155960] bus_add_driver -- functionpoint
[    0.155962] functionpoint -- bus: 'acpi': add driver ec
[    0.155969] really_probe -- functionpoint
[    0.155970] functionpoint -- bus: 'acpi': really_probe: probing driver ec with device PNP0C09:01
[    0.155983] ACPI: EC: interrupt unblocked
[    0.155989] ACPI: EC: event unblocked
[    0.156002] ACPI: \_SB_.PCI0.LPCB.EC0_: GPE=0x6e, EC_CMD/EC_SC=0x66, EC_DATA=0x62
[    0.156003] ACPI: \_SB_.PCI0.LPCB.EC0_: Used as boot DSDT EC to handle transactions and events
[    0.156060] pci 0000:00:02.0: vgaarb: setting as boot VGA device
[    0.156060] pci 0000:00:02.0: vgaarb: VGA device added: decodes=io+mem,owns=io+mem,locks=none
[    0.156060] pci 0000:00:02.0: vgaarb: bridge control possible
[    0.156060] vgaarb: loaded
[    0.156060] driver_register -- functionpoint
[    0.156060] bus_add_driver -- functionpoint
[    0.156060] functionpoint -- bus: 'i2c': add driver 88PM860x
[    0.156060] driver_register -- functionpoint
[    0.156060] bus_add_driver -- functionpoint
[    0.156060] functionpoint -- bus: 'i2c': add driver WM8400
[    0.156060] driver_register -- functionpoint
[    0.156060] bus_add_driver -- functionpoint
[    0.156060] functionpoint -- bus: 'i2c': add driver wm831x
[    0.156060] driver_register -- functionpoint
[    0.156060] bus_add_driver -- functionpoint
[    0.156060] functionpoint -- bus: 'spi': add driver wm831x
[    0.156060] driver_register -- functionpoint
[    0.156060] bus_add_driver -- functionpoint
[    0.156060] functionpoint -- bus: 'i2c': add driver wm8350
[    0.156060] driver_register -- functionpoint
[    0.156060] bus_add_driver -- functionpoint
[    0.156060] functionpoint -- bus: 'i2c': add driver tps65910
[    0.156060] driver_register -- functionpoint
[    0.156060] bus_add_driver -- functionpoint
[    0.156060] functionpoint -- bus: 'i2c': add driver tps80031
[    0.156060] driver_register -- functionpoint
[    0.156060] bus_add_driver -- functionpoint
[    0.156060] functionpoint -- bus: 'spi': add driver ezx-pcap
[    0.156064] driver_register -- functionpoint
[    0.156065] bus_add_driver -- functionpoint
[    0.156066] functionpoint -- bus: 'i2c': add driver da903x
[    0.156071] driver_register -- functionpoint
[    0.156071] bus_add_driver -- functionpoint
[    0.156072] functionpoint -- bus: 'spi': add driver da9052
[    0.156077] driver_register -- functionpoint
[    0.156077] bus_add_driver -- functionpoint
[    0.156079] functionpoint -- bus: 'i2c': add driver da9052
[    0.156083] driver_register -- functionpoint
[    0.156083] bus_add_driver -- functionpoint
[    0.156085] functionpoint -- bus: 'i2c': add driver lp8788
[    0.156089] driver_register -- functionpoint
[    0.156089] bus_add_driver -- functionpoint
[    0.156091] functionpoint -- bus: 'i2c': add driver da9055-pmic
[    0.156095] driver_register -- functionpoint
[    0.156095] bus_add_driver -- functionpoint
[    0.156097] functionpoint -- bus: 'i2c': add driver max77843
[    0.156101] driver_register -- functionpoint
[    0.156101] bus_add_driver -- functionpoint
[    0.156103] functionpoint -- bus: 'i2c': add driver max8925
[    0.156109] driver_register -- functionpoint
[    0.156110] bus_add_driver -- functionpoint
[    0.156111] functionpoint -- bus: 'i2c': add driver max8997
[    0.156115] driver_register -- functionpoint
[    0.156116] bus_add_driver -- functionpoint
[    0.156117] functionpoint -- bus: 'i2c': add driver max8998
[    0.156121] driver_register -- functionpoint
[    0.156121] bus_add_driver -- functionpoint
[    0.156123] functionpoint -- bus: 'i2c': add driver ab3100
[    0.156132] driver_register -- functionpoint
[    0.156133] bus_add_driver -- functionpoint
[    0.156134] functionpoint -- bus: 'i2c': add driver tps6586x
[    0.156139] driver_register -- functionpoint
[    0.156139] bus_add_driver -- functionpoint
[    0.156141] functionpoint -- bus: 'i2c': add driver tps65090
[    0.156145] driver_register -- functionpoint
[    0.156145] bus_add_driver -- functionpoint
[    0.156147] functionpoint -- bus: 'i2c': add driver aat2870
[    0.156151] driver_register -- functionpoint
[    0.156152] bus_add_driver -- functionpoint
[    0.156153] functionpoint -- bus: 'i2c': add driver palmas
[    0.156157] driver_register -- functionpoint
[    0.156158] bus_add_driver -- functionpoint
[    0.156159] functionpoint -- bus: 'i2c': add driver rc5t583
[    0.156164] driver_register -- functionpoint
[    0.156164] bus_add_driver -- functionpoint
[    0.156166] functionpoint -- bus: 'i2c': add driver sec_pmic
[    0.156172] driver_register -- functionpoint
[    0.156172] bus_add_driver -- functionpoint
[    0.156174] functionpoint -- bus: 'i2c': add driver as3711
[    0.156185] driver_register -- functionpoint
[    0.156185] bus_add_driver -- functionpoint
[    0.156187] functionpoint -- bus: 'nd': add driver nd_bus
[    0.156192] driver_register -- functionpoint
[    0.156192] bus_add_driver -- functionpoint
[    0.156194] functionpoint -- bus: 'nd': add driver nvdimm
[    0.156198] driver_register -- functionpoint
[    0.156199] bus_add_driver -- functionpoint
[    0.156200] functionpoint -- bus: 'nd': add driver nd_region
[    0.156260] SCSI subsystem initialized
[    0.156271] libata version 3.00 loaded.
[    0.156271] driver_register -- functionpoint
[    0.156271] bus_add_driver -- functionpoint
[    0.156271] functionpoint -- bus: 'mdio_bus': add driver Generic 10G PHY
[    0.156271] driver_register -- functionpoint
[    0.156271] bus_add_driver -- functionpoint
[    0.156271] functionpoint -- bus: 'mdio_bus': add driver Generic PHY
[    0.156271] ACPI: bus type USB registered
[    0.156271] driver_register -- functionpoint
[    0.156271] bus_add_driver -- functionpoint
[    0.156271] functionpoint -- bus: 'usb': add driver usbfs
[    0.156271] usbcore: registered new interface driver usbfs
[    0.156271] driver_register -- functionpoint
[    0.156271] bus_add_driver -- functionpoint
[    0.156271] functionpoint -- bus: 'usb': add driver hub
[    0.156271] usbcore: registered new interface driver hub
[    0.156271] driver_register -- functionpoint
[    0.156271] bus_add_driver -- functionpoint
[    0.156271] functionpoint -- bus: 'usb': add driver usb
[    0.156271] usbcore: registered new device driver usb
[    0.156271] driver_register -- functionpoint
[    0.156271] bus_add_driver -- functionpoint
[    0.156271] functionpoint -- bus: 'platform': add driver i2c_designware
[    0.156271] EDAC MC: Ver: 3.0.0
[    0.156271] Registered efivars operations
[    0.188023] start pci_subsys_init -- functionpoint
[    0.188023] PCI: Using ACPI for IRQ routing
[    0.188026] pci_find_bus -- functionpoint
[    0.188026] functionpoint -- domain_num = 0, bus_num = 0
[    0.188029] pci_find_next_bus -- functionpoint
[    0.188030] found bus -- functionpoint
[    0.188031] pci_find_bus -- functionpoint
[    0.188033] functionpoint -- domain_num = 0, bus_num = 1
[    0.188035] pci_find_next_bus -- functionpoint
[    0.188035] found bus -- functionpoint
[    0.188037] pci_find_bus -- functionpoint
[    0.188038] functionpoint -- domain_num = 0, bus_num = 2
[    0.188040] pci_find_next_bus -- functionpoint
[    0.188041] found bus -- functionpoint
[    0.188042] pci_find_bus -- functionpoint
[    0.188044] functionpoint -- domain_num = 0, bus_num = 3
[    0.188046] pci_find_next_bus -- functionpoint
[    0.188046] found bus -- functionpoint
[    0.188048] pci_find_bus -- functionpoint
[    0.188049] functionpoint -- domain_num = 0, bus_num = 4
[    0.188051] pci_find_next_bus -- functionpoint
[    0.188052] pci_find_next_bus -- functionpoint
[    0.188053] not found bus -- functionpoint
[    0.188395] pci_find_bus -- functionpoint
[    0.188396] functionpoint -- domain_num = 0, bus_num = 5
[    0.188399] pci_find_next_bus -- functionpoint
[    0.188399] pci_find_next_bus -- functionpoint
[    0.188400] not found bus -- functionpoint
[    0.188729] pci_find_bus -- functionpoint
[    0.188731] functionpoint -- domain_num = 0, bus_num = 6
[    0.188733] pci_find_next_bus -- functionpoint
[    0.188733] pci_find_next_bus -- functionpoint
[    0.188735] not found bus -- functionpoint
[    0.189074] pci_find_bus -- functionpoint
[    0.189075] functionpoint -- domain_num = 0, bus_num = 7
[    0.189078] pci_find_next_bus -- functionpoint
[    0.189078] pci_find_next_bus -- functionpoint
[    0.189079] not found bus -- functionpoint
[    0.189407] pci_find_bus -- functionpoint
[    0.189409] functionpoint -- domain_num = 0, bus_num = 8
[    0.189411] pci_find_next_bus -- functionpoint
[    0.189411] pci_find_next_bus -- functionpoint
[    0.189413] not found bus -- functionpoint
[    0.189741] pci_find_bus -- functionpoint
[    0.189742] functionpoint -- domain_num = 0, bus_num = 9
[    0.189745] pci_find_next_bus -- functionpoint
[    0.189745] pci_find_next_bus -- functionpoint
[    0.189746] not found bus -- functionpoint
[    0.190075] pci_find_bus -- functionpoint
[    0.190076] functionpoint -- domain_num = 0, bus_num = 10
[    0.190078] pci_find_next_bus -- functionpoint
[    0.190079] pci_find_next_bus -- functionpoint
[    0.190080] not found bus -- functionpoint
[    0.190080] pci_find_bus -- functionpoint
[    0.190080] functionpoint -- domain_num = 0, bus_num = 11
[    0.190080] pci_find_next_bus -- functionpoint
[    0.190080] pci_find_next_bus -- functionpoint
[    0.190080] not found bus -- functionpoint
[    0.190080] pci_find_bus -- functionpoint
[    0.190080] functionpoint -- domain_num = 0, bus_num = 12
[    0.190080] pci_find_next_bus -- functionpoint
[    0.190080] pci_find_next_bus -- functionpoint
[    0.190080] not found bus -- functionpoint
[    0.190080] pci_find_bus -- functionpoint
[    0.190080] functionpoint -- domain_num = 0, bus_num = 13
[    0.190080] pci_find_next_bus -- functionpoint
[    0.190080] pci_find_next_bus -- functionpoint
[    0.190080] not found bus -- functionpoint
[    0.190080] pci_find_bus -- functionpoint
[    0.190080] functionpoint -- domain_num = 0, bus_num = 14
[    0.190080] pci_find_next_bus -- functionpoint
[    0.190080] pci_find_next_bus -- functionpoint
[    0.190080] not found bus -- functionpoint
[    0.190080] pci_find_bus -- functionpoint
[    0.190080] functionpoint -- domain_num = 0, bus_num = 15
[    0.190080] pci_find_next_bus -- functionpoint
[    0.190080] pci_find_next_bus -- functionpoint
[    0.190080] not found bus -- functionpoint
[    0.190080] pci_find_bus -- functionpoint
[    0.190080] functionpoint -- domain_num = 0, bus_num = 16
[    0.190080] pci_find_next_bus -- functionpoint
[    0.190080] pci_find_next_bus -- functionpoint
[    0.190080] not found bus -- functionpoint
[    0.190120] pci_find_bus -- functionpoint
[    0.190122] functionpoint -- domain_num = 0, bus_num = 17
[    0.190124] pci_find_next_bus -- functionpoint
[    0.190125] pci_find_next_bus -- functionpoint
[    0.190126] not found bus -- functionpoint
[    0.190465] pci_find_bus -- functionpoint
[    0.190466] functionpoint -- domain_num = 0, bus_num = 18
[    0.190469] pci_find_next_bus -- functionpoint
[    0.190469] pci_find_next_bus -- functionpoint
[    0.190470] not found bus -- functionpoint
[    0.190809] pci_find_bus -- functionpoint
[    0.190811] functionpoint -- domain_num = 0, bus_num = 19
[    0.190813] pci_find_next_bus -- functionpoint
[    0.190813] pci_find_next_bus -- functionpoint
[    0.190815] not found bus -- functionpoint
[    0.191136] pci_find_bus -- functionpoint
[    0.191137] functionpoint -- domain_num = 0, bus_num = 20
[    0.191140] pci_find_next_bus -- functionpoint
[    0.191140] pci_find_next_bus -- functionpoint
[    0.191141] not found bus -- functionpoint
[    0.191470] pci_find_bus -- functionpoint
[    0.191471] functionpoint -- domain_num = 0, bus_num = 21
[    0.191474] pci_find_next_bus -- functionpoint
[    0.191474] pci_find_next_bus -- functionpoint
[    0.191475] not found bus -- functionpoint
[    0.191814] pci_find_bus -- functionpoint
[    0.191815] functionpoint -- domain_num = 0, bus_num = 22
[    0.191818] pci_find_next_bus -- functionpoint
[    0.191818] pci_find_next_bus -- functionpoint
[    0.191820] not found bus -- functionpoint
[    0.192138] pci_find_bus -- functionpoint
[    0.192139] functionpoint -- domain_num = 0, bus_num = 23
[    0.192142] pci_find_next_bus -- functionpoint
[    0.192142] pci_find_next_bus -- functionpoint
[    0.192143] not found bus -- functionpoint
[    0.192472] pci_find_bus -- functionpoint
[    0.192473] functionpoint -- domain_num = 0, bus_num = 24
[    0.192476] pci_find_next_bus -- functionpoint
[    0.192476] pci_find_next_bus -- functionpoint
[    0.192477] not found bus -- functionpoint
[    0.192805] pci_find_bus -- functionpoint
[    0.192807] functionpoint -- domain_num = 0, bus_num = 25
[    0.192809] pci_find_next_bus -- functionpoint
[    0.192810] pci_find_next_bus -- functionpoint
[    0.192811] not found bus -- functionpoint
[    0.193150] pci_find_bus -- functionpoint
[    0.193152] functionpoint -- domain_num = 0, bus_num = 26
[    0.193154] pci_find_next_bus -- functionpoint
[    0.193154] pci_find_next_bus -- functionpoint
[    0.193156] not found bus -- functionpoint
[    0.193494] pci_find_bus -- functionpoint
[    0.193496] functionpoint -- domain_num = 0, bus_num = 27
[    0.193498] pci_find_next_bus -- functionpoint
[    0.193498] pci_find_next_bus -- functionpoint
[    0.193500] not found bus -- functionpoint
[    0.193828] pci_find_bus -- functionpoint
[    0.193829] functionpoint -- domain_num = 0, bus_num = 28
[    0.193832] pci_find_next_bus -- functionpoint
[    0.193832] pci_find_next_bus -- functionpoint
[    0.193834] not found bus -- functionpoint
[    0.194162] pci_find_bus -- functionpoint
[    0.194163] functionpoint -- domain_num = 0, bus_num = 29
[    0.194165] pci_find_next_bus -- functionpoint
[    0.194166] pci_find_next_bus -- functionpoint
[    0.194167] not found bus -- functionpoint
[    0.194495] pci_find_bus -- functionpoint
[    0.194497] functionpoint -- domain_num = 0, bus_num = 30
[    0.194499] pci_find_next_bus -- functionpoint
[    0.194499] pci_find_next_bus -- functionpoint
[    0.194501] not found bus -- functionpoint
[    0.194829] pci_find_bus -- functionpoint
[    0.194831] functionpoint -- domain_num = 0, bus_num = 31
[    0.194833] pci_find_next_bus -- functionpoint
[    0.194833] pci_find_next_bus -- functionpoint
[    0.194835] not found bus -- functionpoint
[    0.195173] pci_find_bus -- functionpoint
[    0.195175] functionpoint -- domain_num = 0, bus_num = 32
[    0.195177] pci_find_next_bus -- functionpoint
[    0.195177] pci_find_next_bus -- functionpoint
[    0.195179] not found bus -- functionpoint
[    0.195507] pci_find_bus -- functionpoint
[    0.195508] functionpoint -- domain_num = 0, bus_num = 33
[    0.195511] pci_find_next_bus -- functionpoint
[    0.195511] pci_find_next_bus -- functionpoint
[    0.195512] not found bus -- functionpoint
[    0.195841] pci_find_bus -- functionpoint
[    0.195843] functionpoint -- domain_num = 0, bus_num = 34
[    0.195845] pci_find_next_bus -- functionpoint
[    0.195845] pci_find_next_bus -- functionpoint
[    0.195847] not found bus -- functionpoint
[    0.196170] pci_find_bus -- functionpoint
[    0.196172] functionpoint -- domain_num = 0, bus_num = 35
[    0.196174] pci_find_next_bus -- functionpoint
[    0.196174] pci_find_next_bus -- functionpoint
[    0.196176] not found bus -- functionpoint
[    0.196504] pci_find_bus -- functionpoint
[    0.196505] functionpoint -- domain_num = 0, bus_num = 36
[    0.196508] pci_find_next_bus -- functionpoint
[    0.196508] pci_find_next_bus -- functionpoint
[    0.196509] not found bus -- functionpoint
[    0.196849] pci_find_bus -- functionpoint
[    0.196850] functionpoint -- domain_num = 0, bus_num = 37
[    0.196852] pci_find_next_bus -- functionpoint
[    0.196853] pci_find_next_bus -- functionpoint
[    0.196854] not found bus -- functionpoint
[    0.197193] pci_find_bus -- functionpoint
[    0.197194] functionpoint -- domain_num = 0, bus_num = 38
[    0.197197] pci_find_next_bus -- functionpoint
[    0.197197] pci_find_next_bus -- functionpoint
[    0.197198] not found bus -- functionpoint
[    0.197520] pci_find_bus -- functionpoint
[    0.197521] functionpoint -- domain_num = 0, bus_num = 39
[    0.197524] pci_find_next_bus -- functionpoint
[    0.197524] pci_find_next_bus -- functionpoint
[    0.197525] not found bus -- functionpoint
[    0.197864] pci_find_bus -- functionpoint
[    0.197866] functionpoint -- domain_num = 0, bus_num = 40
[    0.197868] pci_find_next_bus -- functionpoint
[    0.197868] pci_find_next_bus -- functionpoint
[    0.197870] not found bus -- functionpoint
[    0.198198] pci_find_bus -- functionpoint
[    0.198200] functionpoint -- domain_num = 0, bus_num = 41
[    0.198202] pci_find_next_bus -- functionpoint
[    0.198203] pci_find_next_bus -- functionpoint
[    0.198204] not found bus -- functionpoint
[    0.198532] pci_find_bus -- functionpoint
[    0.198534] functionpoint -- domain_num = 0, bus_num = 42
[    0.198536] pci_find_next_bus -- functionpoint
[    0.198536] pci_find_next_bus -- functionpoint
[    0.198538] not found bus -- functionpoint
[    0.198866] pci_find_bus -- functionpoint
[    0.198867] functionpoint -- domain_num = 0, bus_num = 43
[    0.198870] pci_find_next_bus -- functionpoint
[    0.198870] pci_find_next_bus -- functionpoint
[    0.198871] not found bus -- functionpoint
[    0.199210] pci_find_bus -- functionpoint
[    0.199212] functionpoint -- domain_num = 0, bus_num = 44
[    0.199214] pci_find_next_bus -- functionpoint
[    0.199215] pci_find_next_bus -- functionpoint
[    0.199216] not found bus -- functionpoint
[    0.199538] pci_find_bus -- functionpoint
[    0.199539] functionpoint -- domain_num = 0, bus_num = 45
[    0.199541] pci_find_next_bus -- functionpoint
[    0.199542] pci_find_next_bus -- functionpoint
[    0.199543] not found bus -- functionpoint
[    0.199872] pci_find_bus -- functionpoint
[    0.199873] functionpoint -- domain_num = 0, bus_num = 46
[    0.199876] pci_find_next_bus -- functionpoint
[    0.199876] pci_find_next_bus -- functionpoint
[    0.199877] not found bus -- functionpoint
[    0.200202] pci_find_bus -- functionpoint
[    0.200203] functionpoint -- domain_num = 0, bus_num = 47
[    0.200206] pci_find_next_bus -- functionpoint
[    0.200206] pci_find_next_bus -- functionpoint
[    0.200207] not found bus -- functionpoint
[    0.200536] pci_find_bus -- functionpoint
[    0.200537] functionpoint -- domain_num = 0, bus_num = 48
[    0.200540] pci_find_next_bus -- functionpoint
[    0.200540] pci_find_next_bus -- functionpoint
[    0.200541] not found bus -- functionpoint
[    0.200870] pci_find_bus -- functionpoint
[    0.200871] functionpoint -- domain_num = 0, bus_num = 49
[    0.200874] pci_find_next_bus -- functionpoint
[    0.200874] pci_find_next_bus -- functionpoint
[    0.200875] not found bus -- functionpoint
[    0.201214] pci_find_bus -- functionpoint
[    0.201215] functionpoint -- domain_num = 0, bus_num = 50
[    0.201218] pci_find_next_bus -- functionpoint
[    0.201218] pci_find_next_bus -- functionpoint
[    0.201219] not found bus -- functionpoint
[    0.201548] pci_find_bus -- functionpoint
[    0.201549] functionpoint -- domain_num = 0, bus_num = 51
[    0.201551] pci_find_next_bus -- functionpoint
[    0.201552] pci_find_next_bus -- functionpoint
[    0.201553] not found bus -- functionpoint
[    0.201882] pci_find_bus -- functionpoint
[    0.201883] functionpoint -- domain_num = 0, bus_num = 52
[    0.201885] pci_find_next_bus -- functionpoint
[    0.201886] pci_find_next_bus -- functionpoint
[    0.201887] not found bus -- functionpoint
[    0.202199] pci_find_bus -- functionpoint
[    0.202200] functionpoint -- domain_num = 0, bus_num = 53
[    0.202202] pci_find_next_bus -- functionpoint
[    0.202203] pci_find_next_bus -- functionpoint
[    0.202204] not found bus -- functionpoint
[    0.202543] pci_find_bus -- functionpoint
