[    0.000000] microcode: microcode updated early to revision 0xd6, date = 2020-04-23
[    0.000000] Linux version 4.15.9+ (root@Yee-680G4) (gcc version 5.5.0 20171010 (Ubuntu 5.5.0-12ubuntu1~16.04)) #27 SMP Wed Sep 30 17:01:59 CST 2020
[    0.000000] Command line: BOOT_IMAGE=/boot/vmlinuz-4.15.9+ root=UUID=da0e40f1-3840-43a9-b61a-7b465a7673d3 ro quiet splash vt.handoff=7
[    0.000000] KERNEL supported cpus:
[    0.000000]   Intel GenuineIntel
[    0.000000]   AMD AuthenticAMD
[    0.000000]   Centaur CentaurHauls
[    0.000000] x86/fpu: Supporting XSAVE feature 0x001: 'x87 floating point registers'
[    0.000000] x86/fpu: Supporting XSAVE feature 0x002: 'SSE registers'
[    0.000000] x86/fpu: Supporting XSAVE feature 0x004: 'AVX registers'
[    0.000000] x86/fpu: Supporting XSAVE feature 0x008: 'MPX bounds registers'
[    0.000000] x86/fpu: Supporting XSAVE feature 0x010: 'MPX CSR'
[    0.000000] x86/fpu: xstate_offset[2]:  576, xstate_sizes[2]:  256
[    0.000000] x86/fpu: xstate_offset[3]:  832, xstate_sizes[3]:   64
[    0.000000] x86/fpu: xstate_offset[4]:  896, xstate_sizes[4]:   64
[    0.000000] x86/fpu: Enabled xstate features 0x1f, context size is 960 bytes, using 'compacted' format.
[    0.000000] e820: BIOS-provided physical RAM map:
[    0.000000] BIOS-e820: [mem 0x0000000000000000-0x000000000009efff] usable
[    0.000000] BIOS-e820: [mem 0x000000000009f000-0x00000000000fffff] reserved
[    0.000000] BIOS-e820: [mem 0x0000000000100000-0x00000000be6aafff] usable
[    0.000000] BIOS-e820: [mem 0x00000000be6ab000-0x00000000bf98efff] reserved
[    0.000000] BIOS-e820: [mem 0x00000000bf98f000-0x00000000bfb8efff] ACPI NVS
[    0.000000] BIOS-e820: [mem 0x00000000bfb8f000-0x00000000bfc0efff] ACPI data
[    0.000000] BIOS-e820: [mem 0x00000000bfc0f000-0x00000000bfc0ffff] usable
[    0.000000] BIOS-e820: [mem 0x00000000bfc10000-0x00000000d47fffff] reserved
[    0.000000] BIOS-e820: [mem 0x00000000fe010000-0x00000000fe010fff] reserved
[    0.000000] BIOS-e820: [mem 0x00000000ff000000-0x00000000ffffffff] reserved
[    0.000000] BIOS-e820: [mem 0x0000000100000000-0x00000004277fffff] usable
[    0.000000] NX (Execute Disable) protection: active
[    0.000000] efi: EFI v2.60 by HP
[    0.000000] efi:  ACPI=0xbfc0e000  ACPI 2.0=0xbfc0e014  SMBIOS=0xbee75000  ESRT=0xbee76018  MEMATTR=0xaf752018 
[    0.000000] random: fast init done
[    0.000000] SMBIOS 3.1 present.
[    0.000000] DMI: HP HP ProDesk 680 G4 MT/8580, BIOS R04 Ver. 02.11.01 04/27/2020
[    0.000000] e820: update [mem 0x00000000-0x00000fff] usable ==> reserved
[    0.000000] e820: remove [mem 0x000a0000-0x000fffff] usable
[    0.000000] e820: last_pfn = 0x427800 max_arch_pfn = 0x400000000
[    0.000000] MTRR default type: write-back
[    0.000000] MTRR fixed ranges enabled:
[    0.000000]   00000-9FFFF write-back
[    0.000000]   A0000-BFFFF uncachable
[    0.000000]   C0000-FFFFF write-protect
[    0.000000] MTRR variable ranges enabled:
[    0.000000]   0 base 00E0000000 mask 7FE0000000 uncachable
[    0.000000]   1 base 00D0000000 mask 7FF0000000 uncachable
[    0.000000]   2 base 00C8000000 mask 7FF8000000 uncachable
[    0.000000]   3 base 00C4000000 mask 7FFC000000 uncachable
[    0.000000]   4 base 2000000000 mask 6000000000 uncachable
[    0.000000]   5 base 1000000000 mask 7000000000 uncachable
[    0.000000]   6 base 0800000000 mask 7800000000 uncachable
[    0.000000]   7 base 4000000000 mask 4000000000 uncachable
[    0.000000]   8 disabled
[    0.000000]   9 disabled
[    0.000000] x86/PAT: Configuration [0-7]: WB  WC  UC- UC  WB  WP  UC- WT  
[    0.000000] e820: last_pfn = 0xbfc10 max_arch_pfn = 0x400000000
[    0.000000] esrt: Reserving ESRT space from 0x00000000bee76018 to 0x00000000bee76050.
[    0.000000] Scanning 1 areas for low memory corruption
[    0.000000] Base memory trampoline at [        (ptrval)] 99000 size 24576
[    0.000000] Using GB pages for direct mapping
[    0.000000] BRK [0x22d3a000, 0x22d3afff] PGTABLE
[    0.000000] BRK [0x22d3b000, 0x22d3bfff] PGTABLE
[    0.000000] BRK [0x22d3c000, 0x22d3cfff] PGTABLE
[    0.000000] BRK [0x22d3d000, 0x22d3dfff] PGTABLE
[    0.000000] BRK [0x22d3e000, 0x22d3efff] PGTABLE
[    0.000000] BRK [0x22d3f000, 0x22d3ffff] PGTABLE
[    0.000000] Secure boot could not be determined
[    0.000000] RAMDISK: [mem 0x23328000-0x3e1b0fff]
[    0.000000] ACPI: Early table checksum verification disabled
[    0.000000] ACPI: RSDP 0x00000000BFC0E014 000024 (v02 HPQOEM)
[    0.000000] ACPI: XSDT 0x00000000BFBC7188 0000DC (v01 HPQOEM SLIC-BPC 00000000 INTL 20160422)
[    0.000000] ACPI: FACP 0x00000000BFC08000 000114 (v06 HPQOEM SLIC-BPC 00000000 HP   00000001)
[    0.000000] ACPI: DSDT 0x00000000BFBE5000 01E092 (v02 HPQOEM 8580     00000000 INTL 20160527)
[    0.000000] ACPI: FACS 0x00000000BFB3F000 000040
[    0.000000] ACPI: SSDT 0x00000000BFC0C000 00012A (v02 HP     ShmTable 00000001 INTL 20160527)
[    0.000000] ACPI: SSDT 0x00000000BFC0A000 001B5F (v02 CpuRef CpuSsdt  00003000 INTL 20160527)
[    0.000000] ACPI: SSDT 0x00000000BFC09000 0009CF (v02 CtdpB  CtdpB    00001000 INTL 20160527)
[    0.000000] ACPI: HPET 0x00000000BFC07000 000038 (v01 HPQOEM 8580     00000001 HP   00000001)
[    0.000000] ACPI: APIC 0x00000000BFC06000 00012C (v03 HPQOEM 8580     00000001 HP   00000001)
[    0.000000] ACPI: MCFG 0x00000000BFC05000 00003C (v01 HPQOEM 8580     00000001 HP   00000001)
[    0.000000] ACPI: WSMT 0x00000000BFC04000 000028 (v01 HPQOEM 8580     00000001 HP   00000001)
[    0.000000] ACPI: SSDT 0x00000000BFBE4000 000734 (v01 HPQOEM PtidDevc 00001000 INTL 20160527)
[    0.000000] ACPI: SSDT 0x00000000BFBE3000 000B27 (v02 HPQOEM HP_XHC_P 00000000 INTL 20160527)
[    0.000000] ACPI: SSDT 0x00000000BFBDF000 0030ED (v02 SaSsdt SaSsdt   00003000 INTL 20160527)
[    0.000000] ACPI: LPIT 0x00000000BFBDE000 000094 (v01 INTEL  CFL      20170001 INTL 20160422)
[    0.000000] ACPI: WSMT 0x00000000BFBDD000 000028 (v01 INTEL  CFL      20170001 INTL 20160422)
[    0.000000] ACPI: SSDT 0x00000000BFBDC000 00044C (v02 INTEL  Wwan     00000001 INTL 20160527)
[    0.000000] ACPI: UEFI 0x00000000BFB39000 000042 (v01 INTEL  CFL      20170001 INTL 20160422)
[    0.000000] ACPI: OEML 0x00000000BFBDB000 000028 (v03 INTEL  CFL      20170001 INTL 20160422)
[    0.000000] ACPI: DMAR 0x00000000BFBDA000 0000C8 (v01 INTEL  CFL      00000002      01000013)
[    0.000000] ACPI: SSDT 0x00000000BFBCB000 00E899 (v01 HP     HPINDTWL 00001000 INTL 20160527)
[    0.000000] ACPI: SSDT 0x00000000BFBCA000 000032 (v01 HP     HPCONDEV 00001000 INTL 20160527)
[    0.000000] ACPI: SSDT 0x00000000BFBC9000 000069 (v01 HP     HPCAHWID 00001000 INTL 20160527)
[    0.000000] ACPI: ASF! 0x00000000BFBC8000 0000A0 (v32 HPQOEM  UYA     20170001 INTL 20160422)
[    0.000000] ACPI: FPDT 0x00000000BFC0D000 000044 (v01 INTEL  CFL      20170001 INTL 20160422)
[    0.000000] ACPI: BGRT 0x00000000BFBC6000 000038 (v01 INTEL  CFL      20170001 INTL 20160422)
[    0.000000] ACPI: Local APIC address 0xfee00000
[    0.000000] No NUMA configuration found
[    0.000000] Faking a node at [mem 0x0000000000000000-0x00000004277fffff]
[    0.000000] NODE_DATA(0) allocated [mem 0x4277d3000-0x4277fdfff]
[    0.000000] Zone ranges:
[    0.000000]   DMA      [mem 0x0000000000001000-0x0000000000ffffff]
[    0.000000]   DMA32    [mem 0x0000000001000000-0x00000000ffffffff]
[    0.000000]   Normal   [mem 0x0000000100000000-0x00000004277fffff]
[    0.000000]   Device   empty
[    0.000000] Movable zone start for each node
[    0.000000] Early memory node ranges
[    0.000000]   node   0: [mem 0x0000000000001000-0x000000000009efff]
[    0.000000]   node   0: [mem 0x0000000000100000-0x00000000be6aafff]
[    0.000000]   node   0: [mem 0x00000000bfc0f000-0x00000000bfc0ffff]
[    0.000000]   node   0: [mem 0x0000000100000000-0x00000004277fffff]
[    0.000000] Initmem setup node 0 [mem 0x0000000000001000-0x00000004277fffff]
[    0.000000] On node 0 totalpages: 4087370
[    0.000000]   DMA zone: 64 pages used for memmap
[    0.000000]   DMA zone: 21 pages reserved
[    0.000000]   DMA zone: 3998 pages, LIFO batch:0
[    0.000000]   DMA32 zone: 12123 pages used for memmap
[    0.000000]   DMA32 zone: 775852 pages, LIFO batch:31
[    0.000000]   Normal zone: 51680 pages used for memmap
[    0.000000]   Normal zone: 3307520 pages, LIFO batch:31
[    0.000000] Reserved but unavailable: 99 pages
[    0.000000] tboot: non-0 tboot_addr but it is not of type E820_TYPE_RESERVED
[    0.000000] ACPI: PM-Timer IO Port: 0x1808
[    0.000000] ACPI: Local APIC address 0xfee00000
[    0.000000] ACPI: LAPIC_NMI (acpi_id[0x01] high edge lint[0x1])
[    0.000000] ACPI: LAPIC_NMI (acpi_id[0x02] high edge lint[0x1])
[    0.000000] ACPI: LAPIC_NMI (acpi_id[0x03] high edge lint[0x1])
[    0.000000] ACPI: LAPIC_NMI (acpi_id[0x04] high edge lint[0x1])
[    0.000000] ACPI: LAPIC_NMI (acpi_id[0x05] high edge lint[0x1])
[    0.000000] ACPI: LAPIC_NMI (acpi_id[0x06] high edge lint[0x1])
[    0.000000] ACPI: LAPIC_NMI (acpi_id[0x07] high edge lint[0x1])
[    0.000000] ACPI: LAPIC_NMI (acpi_id[0x08] high edge lint[0x1])
[    0.000000] ACPI: LAPIC_NMI (acpi_id[0x09] high edge lint[0x1])
[    0.000000] ACPI: LAPIC_NMI (acpi_id[0x0a] high edge lint[0x1])
[    0.000000] ACPI: LAPIC_NMI (acpi_id[0x0b] high edge lint[0x1])
[    0.000000] ACPI: LAPIC_NMI (acpi_id[0x0c] high edge lint[0x1])
[    0.000000] ACPI: LAPIC_NMI (acpi_id[0x0d] high edge lint[0x1])
[    0.000000] ACPI: LAPIC_NMI (acpi_id[0x0e] high edge lint[0x1])
[    0.000000] ACPI: LAPIC_NMI (acpi_id[0x0f] high edge lint[0x1])
[    0.000000] ACPI: LAPIC_NMI (acpi_id[0x10] high edge lint[0x1])
[    0.000000] IOAPIC[0]: apic_id 2, version 32, address 0xfec00000, GSI 0-119
[    0.000000] ACPI: INT_SRC_OVR (bus 0 bus_irq 0 global_irq 2 dfl dfl)
[    0.000000] ACPI: INT_SRC_OVR (bus 0 bus_irq 9 global_irq 9 high level)
[    0.000000] ACPI: IRQ0 used by override.
[    0.000000] ACPI: IRQ9 used by override.
[    0.000000] Using ACPI (MADT) for SMP configuration information
[    0.000000] ACPI: HPET id: 0x8086a201 base: 0xfed00000
[    0.000000] smpboot: Allowing 8 CPUs, 0 hotplug CPUs
[    0.000000] PM: Registered nosave memory: [mem 0x00000000-0x00000fff]
[    0.000000] PM: Registered nosave memory: [mem 0x0009f000-0x000fffff]
[    0.000000] PM: Registered nosave memory: [mem 0xbe6ab000-0xbf98efff]
[    0.000000] PM: Registered nosave memory: [mem 0xbf98f000-0xbfb8efff]
[    0.000000] PM: Registered nosave memory: [mem 0xbfb8f000-0xbfc0efff]
[    0.000000] PM: Registered nosave memory: [mem 0xbfc10000-0xd47fffff]
[    0.000000] PM: Registered nosave memory: [mem 0xd4800000-0xfe00ffff]
[    0.000000] PM: Registered nosave memory: [mem 0xfe010000-0xfe010fff]
[    0.000000] PM: Registered nosave memory: [mem 0xfe011000-0xfeffffff]
[    0.000000] PM: Registered nosave memory: [mem 0xff000000-0xffffffff]
[    0.000000] e820: [mem 0xd4800000-0xfe00ffff] available for PCI devices
[    0.000000] Booting paravirtualized kernel on bare hardware
[    0.000000] clocksource: refined-jiffies: mask: 0xffffffff max_cycles: 0xffffffff, max_idle_ns: 7645519600211568 ns
[    0.000000] setup_percpu: NR_CPUS:8192 nr_cpumask_bits:8 nr_cpu_ids:8 nr_node_ids:1
[    0.000000] percpu: Embedded 46 pages/cpu @        (ptrval) s151552 r8192 d28672 u262144
[    0.000000] pcpu-alloc: s151552 r8192 d28672 u262144 alloc=1*2097152
[    0.000000] pcpu-alloc: [0] 0 1 2 3 4 5 6 7 
[    0.000000] Built 1 zonelists, mobility grouping on.  Total pages: 4023482
[    0.000000] Policy zone: Normal
[    0.000000] Kernel command line: BOOT_IMAGE=/boot/vmlinuz-4.15.9+ root=UUID=da0e40f1-3840-43a9-b61a-7b465a7673d3 ro quiet splash vt.handoff=7
[    0.000000] Calgary: detecting Calgary via BIOS EBDA area
[    0.000000] Calgary: Unable to locate Rio Grande table in EBDA - bailing!
[    0.000000] Memory: 15453816K/16349480K available (12300K kernel code, 2470K rwdata, 4196K rodata, 2388K init, 2416K bss, 895664K reserved, 0K cma-reserved)
[    0.000000] SLUB: HWalign=64, Order=0-3, MinObjects=0, CPUs=8, Nodes=1
[    0.000000] ftrace: allocating 38976 entries in 153 pages
[    0.000000] Hierarchical RCU implementation.
[    0.000000] 	RCU restricting CPUs from NR_CPUS=8192 to nr_cpu_ids=8.
[    0.000000] 	Tasks RCU enabled.
[    0.000000] RCU: Adjusting geometry for rcu_fanout_leaf=16, nr_cpu_ids=8
[    0.000000] NR_IRQS: 524544, nr_irqs: 2048, preallocated irqs: 16
[    0.000000] Console: colour dummy device 80x25
[    0.000000] console [tty0] enabled
[    0.000000] ACPI: Core revision 20170831
[    0.000000] ACPI Error: [\_SB_.PCI0.XHC_.RHUB.HS11] Namespace lookup failure, AE_NOT_FOUND (20170831/dswload-210)
[    0.000000] ACPI Exception: AE_NOT_FOUND, During name lookup/catalog (20170831/psobject-252)
[    0.000000] ACPI Exception: AE_NOT_FOUND, (SSDT:HP_XHC_P) while loading table (20170831/tbxfload-228)
[    0.000000] ACPI Error: 1 table load failures, 10 successful (20170831/tbxfload-246)
[    0.000000] clocksource: hpet: mask: 0xffffffff max_cycles: 0xffffffff, max_idle_ns: 79635855245 ns
[    0.000000] hpet clockevent registered
[    0.004000] APIC: Switch to symmetric I/O mode setup
[    0.004000] DMAR: Host address width 39
[    0.004000] DMAR: DRHD base: 0x000000fed90000 flags: 0x0
[    0.004000] DMAR: dmar0: reg_base_addr fed90000 ver 1:0 cap 1c0000c40660462 ecap 19e2ff0505e
[    0.004000] DMAR: DRHD base: 0x000000fed91000 flags: 0x1
[    0.004000] DMAR: dmar1: reg_base_addr fed91000 ver 1:0 cap d2008c40660462 ecap f050da
[    0.004000] DMAR: RMRR base: 0x000000bf81d000 end: 0x000000bf83cfff
[    0.004000] DMAR: RMRR base: 0x000000c4000000 end: 0x000000d47fffff
[    0.004000] DMAR: RMRR base: 0x000000bf86e000 end: 0x000000bf8edfff
[    0.004000] DMAR-IR: IOAPIC id 2 under DRHD base  0xfed91000 IOMMU 1
[    0.004000] DMAR-IR: HPET id 0 under DRHD base 0xfed91000
[    0.004000] DMAR-IR: Queued invalidation will be enabled to support x2apic and Intr-remapping.
[    0.004000] DMAR-IR: Enabled IRQ remapping in x2apic mode
[    0.004000] x2apic enabled
[    0.004000] Switched APIC routing to cluster x2apic.
[    0.016000] ..TIMER: vector=0x30 apic1=0 pin1=2 apic2=-1 pin2=-1
[    0.036000] tsc: Detected 3000.000 MHz processor
[    0.036000] Calibrating delay loop (skipped), value calculated using timer frequency.. 6000.00 BogoMIPS (lpj=12000000)
[    0.036000] pid_max: default: 32768 minimum: 301
[    0.036000] Security Framework initialized
[    0.036000] Yama: becoming mindful.
[    0.036000] AppArmor: AppArmor initialized
[    0.036000] Dentry cache hash table entries: 2097152 (order: 12, 16777216 bytes)
[    0.036000] Inode-cache hash table entries: 1048576 (order: 11, 8388608 bytes)
[    0.036000] Mount-cache hash table entries: 32768 (order: 6, 262144 bytes)
[    0.036000] Mountpoint-cache hash table entries: 32768 (order: 6, 262144 bytes)
[    0.036000] CPU: Physical Processor ID: 0
[    0.036000] CPU: Processor Core ID: 0
[    0.036000] ENERGY_PERF_BIAS: Set to 'normal', was 'performance'
[    0.036000] ENERGY_PERF_BIAS: View and update with x86_energy_perf_policy(8)
[    0.036000] mce: CPU supports 14 MCE banks
[    0.036000] CPU0: Thermal monitoring enabled (TM1)
[    0.036000] process: using mwait in idle threads
[    0.036000] Last level iTLB entries: 4KB 128, 2MB 8, 4MB 8
[    0.036000] Last level dTLB entries: 4KB 64, 2MB 0, 4MB 0, 1GB 4
[    0.036000] Spectre V2 : Mitigation: Full generic retpoline
[    0.036000] Spectre V2 : Spectre v2 mitigation: Filling RSB on context switch
[    0.036000] Spectre V2 : Spectre v2 mitigation: Enabling Indirect Branch Prediction Barrier
[    0.036000] Freeing SMP alternatives memory: 36K
[    0.042073] TSC deadline timer enabled
[    0.042084] smpboot: CPU0: Intel(R) Core(TM) i7-9700 CPU @ 3.00GHz (family: 0x6, model: 0x9e, stepping: 0xd)
[    0.042136] Performance Events: PEBS fmt3+, Skylake events, 32-deep LBR, full-width counters, Intel PMU driver.
[    0.042165] ... version:                4
[    0.042165] ... bit width:              48
[    0.042165] ... generic registers:      8
[    0.042166] ... value mask:             0000ffffffffffff
[    0.042166] ... max period:             00007fffffffffff
[    0.042167] ... fixed-purpose events:   3
[    0.042167] ... event mask:             00000007000000ff
[    0.042197] Hierarchical SRCU implementation.
[    0.043137] NMI watchdog: Enabled. Permanently consumes one hw-PMU counter.
[    0.043147] smp: Bringing up secondary CPUs ...
[    0.043207] x86: Booting SMP configuration:
[    0.043208] .... node  #0, CPUs:      #1 #2 #3 #4 #5 #6 #7
[    0.053450] smp: Brought up 1 node, 8 CPUs
[    0.053450] smpboot: Max logical packages: 1
[    0.053450] smpboot: Total of 8 processors activated (48000.00 BogoMIPS)
[    0.056282] devtmpfs: initialized
[    0.056282] x86/mm: Memory block size: 128MB
[    0.057014] evm: security.selinux
[    0.057014] evm: security.SMACK64
[    0.057015] evm: security.SMACK64EXEC
[    0.057015] evm: security.SMACK64TRANSMUTE
[    0.057015] evm: security.SMACK64MMAP
[    0.057016] evm: security.apparmor
[    0.057016] evm: security.ima
[    0.057017] evm: security.capability
[    0.057030] PM: Registering ACPI NVS region [mem 0xbf98f000-0xbfb8efff] (2097152 bytes)
[    0.057030] clocksource: jiffies: mask: 0xffffffff max_cycles: 0xffffffff, max_idle_ns: 7645041785100000 ns
[    0.057030] futex hash table entries: 2048 (order: 5, 131072 bytes)
[    0.057030] pinctrl core: initialized pinctrl subsystem
[    0.057030] driver_register -- functionpoint
[    0.057030] bus_add_driver -- functionpoint
[    0.057030] functionpoint -- bus: 'platform': add driver reg-dummy
[    0.057030] really_probe -- functionpoint
[    0.057030] functionpoint -- bus: 'platform': really_probe: probing driver reg-dummy with device reg-dummy
[    0.057030] RTC time:  9:22:13, date: 09/30/20
[    0.057030] NET: Registered protocol family 16
[    0.057030] audit: initializing netlink subsys (disabled)
[    0.057030] audit: type=2000 audit(1601457733.056:1): state=initialized audit_enabled=0 res=1
[    0.057030] driver_register -- functionpoint
[    0.057030] bus_add_driver -- functionpoint
[    0.057030] functionpoint -- bus: 'platform': add driver sram
[    0.057030] driver_register -- functionpoint
[    0.057030] bus_add_driver -- functionpoint
[    0.057030] functionpoint -- bus: 'platform': add driver syscon
[    0.057030] driver_register -- functionpoint
[    0.057030] bus_add_driver -- functionpoint
[    0.057030] functionpoint -- bus: 'i2c': add driver dummy
[    0.057030] cpuidle: using governor ladder
[    0.057030] cpuidle: using governor menu
[    0.057030] ACPI FADT declares the system doesn't support PCIe ASPM, so disable it
[    0.057030] ACPI: bus type PCI registered
[    0.057030] acpiphp: ACPI Hot Plug PCI Controller Driver version: 0.5
[    0.057030] start pci_arch_init -- functionpoint
[    0.057030] PCI: MMCONFIG for domain 0000 [bus 00-3f] at [mem 0xf8000000-0xfbffffff] (base 0xf8000000)
[    0.057030] PCI: not using MMCONFIG
[    0.057030] PCI: Using configuration type 1 for base access
[    0.057030] end pci_arch_init -- functionpoint
[    0.057118] HugeTLB registered 1.00 GiB page size, pre-allocated 0 pages
[    0.057118] HugeTLB registered 2.00 MiB page size, pre-allocated 0 pages
[    0.057119] driver_register -- functionpoint
[    0.057119] bus_add_driver -- functionpoint
[    0.057119] functionpoint -- bus: 'i2c': add driver sx150x-pinctrl
[    0.057119] driver_register -- functionpoint
[    0.057119] bus_add_driver -- functionpoint
[    0.057119] functionpoint -- bus: 'platform': add driver byt_gpio
[    0.057119] driver_register -- functionpoint
[    0.057119] bus_add_driver -- functionpoint
[    0.057119] functionpoint -- bus: 'platform': add driver cherryview-pinctrl
[    0.057119] driver_register -- functionpoint
[    0.057119] bus_add_driver -- functionpoint
[    0.057119] functionpoint -- bus: 'platform': add driver lp_gpio
[    0.057119] driver_register -- functionpoint
[    0.057119] bus_add_driver -- functionpoint
[    0.057119] functionpoint -- bus: 'platform': add driver rc5t583-gpio
[    0.057119] driver_register -- functionpoint
[    0.057119] bus_add_driver -- functionpoint
[    0.057119] functionpoint -- bus: 'platform': add driver palmas-gpio
[    0.057119] driver_register -- functionpoint
[    0.057119] bus_add_driver -- functionpoint
[    0.057119] functionpoint -- bus: 'platform': add driver tps6586x-gpio
[    0.057119] driver_register -- functionpoint
[    0.057119] bus_add_driver -- functionpoint
[    0.057119] functionpoint -- bus: 'platform': add driver tps65910-gpio
[    0.057119] ACPI: Added _OSI(Module Device)
[    0.057119] ACPI: Added _OSI(Processor Device)
[    0.057119] ACPI: Added _OSI(3.0 _SCP Extensions)
[    0.057119] ACPI: Added _OSI(Processor Aggregator Device)
[    0.061847] ACPI: Executed 30 blocks of module-level executable AML code
[    0.072037] ACPI: [Firmware Bug]: BIOS _OSI(Linux) query ignored
[    0.080031] ACPI: Dynamic OEM Table Load:
[    0.080042] ACPI: SSDT 0xFFFF8AC514FB3900 0000F4 (v02 PmRef  Cpu0Psd  00003000 INTL 20160527)
[    0.080274] ACPI: Executed 1 blocks of module-level executable AML code
[    0.080395] ACPI: \_SB_.PR00: _OSC native thermal LVT Acked
[    0.081358] ACPI: Dynamic OEM Table Load:
[    0.081364] ACPI: SSDT 0xFFFF8AC514FB9400 000400 (v02 PmRef  Cpu0Cst  00003001 INTL 20160527)
[    0.081589] ACPI: Executed 1 blocks of module-level executable AML code
[    0.081823] ACPI: Dynamic OEM Table Load:
[    0.081829] ACPI: SSDT 0xFFFF8AC514EF2800 000605 (v02 PmRef  Cpu0Ist  00003000 INTL 20160527)
[    0.082034] ACPI: Executed 1 blocks of module-level executable AML code
[    0.082228] ACPI: Dynamic OEM Table Load:
[    0.082232] ACPI: SSDT 0xFFFF8AC514F36800 000149 (v02 PmRef  Cpu0Hwp  00003000 INTL 20160527)
[    0.082428] ACPI: Executed 2 blocks of module-level executable AML code
[    0.082602] ACPI: Dynamic OEM Table Load:
[    0.082607] ACPI: SSDT 0xFFFF8AC514EF7800 000724 (v02 PmRef  HwpLvt   00003000 INTL 20160527)
[    0.082789] ACPI: Executed 1 blocks of module-level executable AML code
[    0.083286] ACPI: Dynamic OEM Table Load:
[    0.083292] ACPI: SSDT 0xFFFF8AC514EF3800 0005FC (v02 PmRef  ApIst    00003000 INTL 20160527)
[    0.083692] ACPI: Executed 1 blocks of module-level executable AML code
[    0.083888] ACPI: Dynamic OEM Table Load:
[    0.083893] ACPI: SSDT 0xFFFF8AC514FBE400 000317 (v02 PmRef  ApHwp    00003000 INTL 20160527)
[    0.084174] ACPI: Executed 1 blocks of module-level executable AML code
[    0.084495] ACPI: Dynamic OEM Table Load:
[    0.084501] ACPI: SSDT 0xFFFF8AC517145000 000AB0 (v02 PmRef  ApPsd    00003000 INTL 20160527)
[    0.085351] ACPI: Executed 1 blocks of module-level executable AML code
[    0.085551] ACPI: Dynamic OEM Table Load:
[    0.085556] ACPI: SSDT 0xFFFF8AC514FB8000 00030A (v02 PmRef  ApCst    00003000 INTL 20160527)
[    0.085835] ACPI: Executed 1 blocks of module-level executable AML code
[    0.088800] ACPI: EC: EC started
[    0.088800] ACPI: EC: interrupt blocked
[    0.088817] ACPI: \_SB_.PCI0.LPCB.EC0_: Used as first EC
[    0.088818] ACPI: \_SB_.PCI0.LPCB.EC0_: GPE=0x6e, EC_CMD/EC_SC=0x66, EC_DATA=0x62
[    0.088819] ACPI: \_SB_.PCI0.LPCB.EC0_: Used as boot DSDT EC to handle transactions
[    0.088820] ACPI: Interpreter enabled
[    0.088869] ACPI: (supports S0 S3 S4 S5)
[    0.088869] ACPI: Using IOAPIC for interrupt routing
[    0.088909] PCI: MMCONFIG for domain 0000 [bus 00-3f] at [mem 0xf8000000-0xfbffffff] (base 0xf8000000)
[    0.091566] PCI: MMCONFIG at [mem 0xf8000000-0xfbffffff] reserved in ACPI motherboard resources
[    0.091571] acpi_pci_root_init --functionpoint
[    0.091572] acpi_hest_init -- functionpoint
[    0.091576] PCI: Using host bridge windows from ACPI; if necessary, use "pci=nocrs" and report a bug
[    0.091971] driver_register -- functionpoint
[    0.091971] bus_add_driver -- functionpoint
[    0.091974] functionpoint -- bus: 'platform': add driver clk-lpt
[    0.092000] ACPI: Enabled 4 GPEs in block 00 to 7F
[    0.092001] acpi_bus_scan -- functionpoint
[    0.098961] ACPI: Power Resource [USBC] (on)
[    0.099789] ACPI: Power Resource [WRST] (on)
[    0.100205] ACPI: Power Resource [WRST] (on)
[    0.100608] ACPI: Power Resource [WRST] (on)
[    0.101014] ACPI: Power Resource [WRST] (on)
[    0.101426] ACPI: Power Resource [WRST] (on)
[    0.101826] ACPI: Power Resource [WRST] (on)
[    0.102229] ACPI: Power Resource [WRST] (on)
[    0.102634] ACPI: Power Resource [WRST] (on)
[    0.103038] ACPI: Power Resource [WRST] (on)
[    0.103438] ACPI: Power Resource [WRST] (on)
[    0.103840] ACPI: Power Resource [WRST] (on)
[    0.104246] ACPI: Power Resource [WRST] (on)
[    0.104646] ACPI: Power Resource [WRST] (on)
[    0.105051] ACPI: Power Resource [WRST] (on)
[    0.105461] ACPI: Power Resource [WRST] (on)
[    0.105861] ACPI: Power Resource [WRST] (on)
[    0.106264] ACPI: Power Resource [WRST] (on)
[    0.106672] ACPI: Power Resource [WRST] (on)
[    0.107080] ACPI: Power Resource [WRST] (on)
[    0.107493] ACPI: Power Resource [WRST] (on)
[    0.109209] ACPI: Power Resource [V0PR] (on)
[    0.109424] ACPI: Power Resource [V1PR] (on)
[    0.109634] ACPI: Power Resource [V2PR] (on)
[    0.114246] ACPI: Power Resource [WRST] (on)
[    0.116474] acpi_pci_root_add -- functionpoint
[    0.116865] ACPI: PCI Root Bridge [PCI0] (domain 0000 [bus 00-3e])
[    0.116868] ACPI: functionpoint -- PCI Root Bridge [PCI0] (domain 0000 [bus 00-3e])
[    0.116874] acpi PNP0A08:00: _OSC: OS supports [ExtendedConfig ASPM ClockPM Segments MSI]
[    0.120264] acpi PNP0A08:00: _OSC: OS now controls [PCIeHotplug PME AER PCIeCapability]
[    0.120265] acpi PNP0A08:00: FADT indicates ASPM is unsupported, using BIOS configuration
[    0.120279] pci_acpi_scan_root -- functionpoint
[    0.120280] pci_find_bus -- functionpoint
[    0.120282] functionpoint -- domain_num = 0, bus_num = 0
[    0.120285] pci_find_next_bus -- functionpoint
[    0.120285] not found bus -- functionpoint
[    0.120298] acpi_pci_root_create -- functionpoint
[    0.120685] pci_create_root_bus -- functionpoint
[    0.120687] pci_alloc_host_bridge -- functionpoint
[    0.120689] pci_register_host_bridge -- functionpoint
[    0.120691] pci_find_bus -- functionpoint
[    0.120692] functionpoint -- domain_num = 0, bus_num = 0
[    0.120695] pci_find_next_bus -- functionpoint
[    0.120695] not found bus -- functionpoint
[    0.121755] pci_bus_read_dev_vendor_id -- functionpoint
[    0.121769] pci_bus_read_dev_vendor_id -- functionpoint
[    0.121784] pci_bus_read_dev_vendor_id -- functionpoint
[    0.121796] pci_bus_read_dev_vendor_id -- functionpoint
[    0.121807] pci_bus_read_dev_vendor_id -- functionpoint
[    0.121821] pci_bus_read_dev_vendor_id -- functionpoint
[    0.121828] pci_bus_read_dev_vendor_id -- functionpoint
[    0.121841] pci_bus_read_dev_vendor_id -- functionpoint
[    0.121854] pci_bus_read_dev_vendor_id -- functionpoint
[    0.121860] pci_bus_read_dev_vendor_id -- functionpoint
[    0.121871] pci_bus_read_dev_vendor_id -- functionpoint
[    0.121919] pci_bus_read_dev_vendor_id -- functionpoint
[    0.121972] pci_bus_read_dev_vendor_id -- functionpoint
[    0.122024] pci_bus_read_dev_vendor_id -- functionpoint
[    0.122076] pci_bus_read_dev_vendor_id -- functionpoint
[    0.122128] pci_bus_read_dev_vendor_id -- functionpoint
[    0.122180] pci_bus_read_dev_vendor_id -- functionpoint
[    0.122232] pci_bus_read_dev_vendor_id -- functionpoint
[    0.122280] pci_bus_read_dev_vendor_id -- functionpoint
[    0.122334] pci_bus_read_dev_vendor_id -- functionpoint
[    0.122386] pci_bus_read_dev_vendor_id -- functionpoint
[    0.122439] pci_bus_read_dev_vendor_id -- functionpoint
[    0.122492] pci_bus_read_dev_vendor_id -- functionpoint
[    0.122543] pci_bus_read_dev_vendor_id -- functionpoint
[    0.122596] pci_bus_read_dev_vendor_id -- functionpoint
[    0.122648] pci_bus_read_dev_vendor_id -- functionpoint
[    0.122700] pci_bus_read_dev_vendor_id -- functionpoint
[    0.122754] pci_bus_read_dev_vendor_id -- functionpoint
[    0.122806] pci_bus_read_dev_vendor_id -- functionpoint
[    0.122859] pci_bus_read_dev_vendor_id -- functionpoint
[    0.122911] pci_bus_read_dev_vendor_id -- functionpoint
[    0.122964] pci_bus_read_dev_vendor_id -- functionpoint
[    0.123013] pci_bus_read_dev_vendor_id -- functionpoint
[    0.123066] pci_bus_read_dev_vendor_id -- functionpoint
[    0.123118] pci_bus_read_dev_vendor_id -- functionpoint
[    0.123134] pci_bus_read_dev_vendor_id -- functionpoint
[    0.123151] pci_bus_read_dev_vendor_id -- functionpoint
[    0.123166] pci_bus_read_dev_vendor_id -- functionpoint
[    0.123177] pci_bus_read_dev_vendor_id -- functionpoint
[    0.123189] pci_bus_read_dev_vendor_id -- functionpoint
[    0.123194] pci_bus_read_dev_vendor_id -- functionpoint
[    0.123201] pci_bus_read_dev_vendor_id -- functionpoint
[    0.123208] PCI host bridge to bus 0000:00
[    0.123212] pci_bus 0000:00: root bus resource [io  0x0000-0x0cf7 window]
[    0.123213] pci_bus 0000:00: root bus resource [io  0x0d00-0xffff window]
[    0.123214] pci_bus 0000:00: root bus resource [mem 0x000a0000-0x000bffff window]
[    0.123215] pci_bus 0000:00: root bus resource [mem 0xd4800000-0xf7ffffff window]
[    0.123216] pci_bus 0000:00: root bus resource [mem 0x4000000000-0x7fffffffff window]
[    0.123217] pci_bus 0000:00: root bus resource [mem 0xfc800000-0xfe7fffff window]
[    0.123218] pci_bus 0000:00: root bus resource [bus 00-3e]
[    0.123219] pci_scan_child_bus_extend -- functionpoint
[    0.123220] pci_bus 0000:00: functionpoint -- scanning bus
[    0.123223] pci_scan_slot -- functionpoint
[    0.123223] pci_scan_single_device -- functionpoint
[    0.123224] pci_get_slot -- functionpoint
[    0.123226] pci_scan_device -- functionpoint
[    0.123227] pci_bus_read_dev_vendor_id -- functionpoint
[    0.123230] functionpoint -- dev_vendor: 8086, dev_device: 3e30
[    0.123232] pci_setup_device -- functionpoint
[    0.123238] pci 0000:00:00.0: [8086:3e30] type 00 class 0x060000
[    0.123240] pci 0000:00:00.0: functionpoint -- [8086:3e30] type 00 class 0x060000
[    0.123254] switch case PCI_HEADER_TYPE_NORMAL -- functionpoint
[    0.123267] pci_device_add -- functionpoint
[    0.124276] functionpoint -- fn = 0, devfn = 0, fn+devfn = 0
[    0.124279] next_fn -- functionpoint
[    0.124280] pci_scan_slot -- functionpoint
[    0.124281] pci_scan_single_device -- functionpoint
[    0.124282] pci_get_slot -- functionpoint
[    0.124284] pci_scan_device -- functionpoint
[    0.124285] pci_bus_read_dev_vendor_id -- functionpoint
[    0.124296] functionpoint -- fn = 0, devfn = 8, fn+devfn = 8
[    0.124299] pci_scan_slot -- functionpoint
[    0.124299] pci_scan_single_device -- functionpoint
[    0.124300] pci_get_slot -- functionpoint
[    0.124302] pci_scan_device -- functionpoint
[    0.124303] pci_bus_read_dev_vendor_id -- functionpoint
[    0.124305] functionpoint -- dev_vendor: 8086, dev_device: 3e98
[    0.124308] pci_setup_device -- functionpoint
[    0.124313] pci 0000:00:02.0: [8086:3e98] type 00 class 0x030000
[    0.124315] pci 0000:00:02.0: functionpoint -- [8086:3e98] type 00 class 0x030000
[    0.124320] switch case PCI_HEADER_TYPE_NORMAL -- functionpoint
[    0.124326] pci 0000:00:02.0: reg 0x10: [mem 0xf0000000-0xf0ffffff 64bit]
[    0.124332] pci 0000:00:02.0: reg 0x18: [mem 0xe0000000-0xefffffff 64bit pref]
[    0.124335] pci 0000:00:02.0: reg 0x20: [io  0x4000-0x403f]
[    0.124341] pci_device_add -- functionpoint
[    0.124348] pci 0000:00:02.0: BAR 2: assigned to efifb
[    0.125377] functionpoint -- fn = 0, devfn = 16, fn+devfn = 16
[    0.125379] next_fn -- functionpoint
[    0.125380] pci_scan_slot -- functionpoint
[    0.125381] pci_scan_single_device -- functionpoint
[    0.125382] pci_get_slot -- functionpoint
[    0.125384] pci_scan_device -- functionpoint
[    0.125385] pci_bus_read_dev_vendor_id -- functionpoint
[    0.125396] functionpoint -- fn = 0, devfn = 24, fn+devfn = 24
[    0.125399] pci_scan_slot -- functionpoint
[    0.125399] pci_scan_single_device -- functionpoint
[    0.125400] pci_get_slot -- functionpoint
[    0.125402] pci_scan_device -- functionpoint
[    0.125403] pci_bus_read_dev_vendor_id -- functionpoint
[    0.125421] functionpoint -- fn = 0, devfn = 32, fn+devfn = 32
[    0.125424] pci_scan_slot -- functionpoint
[    0.125424] pci_scan_single_device -- functionpoint
[    0.125425] pci_get_slot -- functionpoint
[    0.125427] pci_scan_device -- functionpoint
[    0.125428] pci_bus_read_dev_vendor_id -- functionpoint
[    0.125446] functionpoint -- fn = 0, devfn = 40, fn+devfn = 40
[    0.125449] pci_scan_slot -- functionpoint
[    0.125449] pci_scan_single_device -- functionpoint
[    0.125450] pci_get_slot -- functionpoint
[    0.125451] pci_scan_device -- functionpoint
[    0.125453] pci_bus_read_dev_vendor_id -- functionpoint
[    0.125471] functionpoint -- fn = 0, devfn = 48, fn+devfn = 48
[    0.125474] pci_scan_slot -- functionpoint
[    0.125474] pci_scan_single_device -- functionpoint
[    0.125475] pci_get_slot -- functionpoint
[    0.125477] pci_scan_device -- functionpoint
[    0.125478] pci_bus_read_dev_vendor_id -- functionpoint
[    0.125496] functionpoint -- fn = 0, devfn = 56, fn+devfn = 56
[    0.125499] pci_scan_slot -- functionpoint
[    0.125499] pci_scan_single_device -- functionpoint
[    0.125500] pci_get_slot -- functionpoint
[    0.125502] pci_scan_device -- functionpoint
[    0.125503] pci_bus_read_dev_vendor_id -- functionpoint
[    0.125521] functionpoint -- fn = 0, devfn = 64, fn+devfn = 64
[    0.125524] pci_scan_slot -- functionpoint
[    0.125524] pci_scan_single_device -- functionpoint
[    0.125525] pci_get_slot -- functionpoint
[    0.125527] pci_scan_device -- functionpoint
[    0.125528] pci_bus_read_dev_vendor_id -- functionpoint
[    0.125546] functionpoint -- fn = 0, devfn = 72, fn+devfn = 72
[    0.125548] pci_scan_slot -- functionpoint
[    0.125549] pci_scan_single_device -- functionpoint
[    0.125550] pci_get_slot -- functionpoint
[    0.125551] pci_scan_device -- functionpoint
[    0.125553] pci_bus_read_dev_vendor_id -- functionpoint
[    0.125571] functionpoint -- fn = 0, devfn = 80, fn+devfn = 80
[    0.125574] pci_scan_slot -- functionpoint
[    0.125574] pci_scan_single_device -- functionpoint
[    0.125575] pci_get_slot -- functionpoint
[    0.125577] pci_scan_device -- functionpoint
[    0.125578] pci_bus_read_dev_vendor_id -- functionpoint
[    0.125596] functionpoint -- fn = 0, devfn = 88, fn+devfn = 88
[    0.125599] pci_scan_slot -- functionpoint
[    0.125599] pci_scan_single_device -- functionpoint
[    0.125600] pci_get_slot -- functionpoint
[    0.125602] pci_scan_device -- functionpoint
[    0.125603] pci_bus_read_dev_vendor_id -- functionpoint
[    0.125621] functionpoint -- fn = 0, devfn = 96, fn+devfn = 96
[    0.125624] pci_scan_slot -- functionpoint
[    0.125624] pci_scan_single_device -- functionpoint
[    0.125625] pci_get_slot -- functionpoint
[    0.125626] pci_scan_device -- functionpoint
[    0.125628] pci_bus_read_dev_vendor_id -- functionpoint
[    0.125646] functionpoint -- fn = 0, devfn = 104, fn+devfn = 104
[    0.125649] pci_scan_slot -- functionpoint
[    0.125649] pci_scan_single_device -- functionpoint
[    0.125650] pci_get_slot -- functionpoint
[    0.125652] pci_scan_device -- functionpoint
[    0.125653] pci_bus_read_dev_vendor_id -- functionpoint
[    0.125671] functionpoint -- fn = 0, devfn = 112, fn+devfn = 112
[    0.125674] pci_scan_slot -- functionpoint
[    0.125674] pci_scan_single_device -- functionpoint
[    0.125675] pci_get_slot -- functionpoint
[    0.125677] pci_scan_device -- functionpoint
[    0.125678] pci_bus_read_dev_vendor_id -- functionpoint
[    0.125696] functionpoint -- fn = 0, devfn = 120, fn+devfn = 120
[    0.125699] pci_scan_slot -- functionpoint
[    0.125699] pci_scan_single_device -- functionpoint
[    0.125700] pci_get_slot -- functionpoint
[    0.125702] pci_scan_device -- functionpoint
[    0.125703] pci_bus_read_dev_vendor_id -- functionpoint
[    0.125721] functionpoint -- fn = 0, devfn = 128, fn+devfn = 128
[    0.125724] pci_scan_slot -- functionpoint
[    0.125724] pci_scan_single_device -- functionpoint
[    0.125725] pci_get_slot -- functionpoint
[    0.125726] pci_scan_device -- functionpoint
[    0.125728] pci_bus_read_dev_vendor_id -- functionpoint
[    0.125746] functionpoint -- fn = 0, devfn = 136, fn+devfn = 136
[    0.125749] pci_scan_slot -- functionpoint
[    0.125749] pci_scan_single_device -- functionpoint
[    0.125750] pci_get_slot -- functionpoint
[    0.125751] pci_scan_device -- functionpoint
[    0.125753] pci_bus_read_dev_vendor_id -- functionpoint
[    0.125760] functionpoint -- dev_vendor: 8086, dev_device: a379
[    0.125762] pci_setup_device -- functionpoint
[    0.125774] pci 0000:00:12.0: [8086:a379] type 00 class 0x118000
[    0.125776] pci 0000:00:12.0: functionpoint -- [8086:a379] type 00 class 0x118000
[    0.125790] switch case PCI_HEADER_TYPE_NORMAL -- functionpoint
[    0.125808] pci 0000:00:12.0: reg 0x10: [mem 0x4000107000-0x4000107fff 64bit]
[    0.125849] pci_device_add -- functionpoint
[    0.126886] functionpoint -- fn = 0, devfn = 144, fn+devfn = 144
[    0.126889] next_fn -- functionpoint
[    0.126889] pci_scan_single_device -- functionpoint
[    0.126890] pci_get_slot -- functionpoint
[    0.126892] pci_scan_device -- functionpoint
[    0.126893] pci_bus_read_dev_vendor_id -- functionpoint
[    0.126904] functionpoint -- fn = 1, devfn = 144, fn+devfn = 145
[    0.126907] next_fn -- functionpoint
[    0.126907] pci_scan_single_device -- functionpoint
[    0.126908] pci_get_slot -- functionpoint
[    0.126910] pci_scan_device -- functionpoint
[    0.126911] pci_bus_read_dev_vendor_id -- functionpoint
[    0.126930] functionpoint -- fn = 2, devfn = 144, fn+devfn = 146
[    0.126932] next_fn -- functionpoint
[    0.126933] pci_scan_single_device -- functionpoint
[    0.126934] pci_get_slot -- functionpoint
[    0.126935] pci_scan_device -- functionpoint
[    0.126937] pci_bus_read_dev_vendor_id -- functionpoint
[    0.126955] functionpoint -- fn = 3, devfn = 144, fn+devfn = 147
[    0.126957] next_fn -- functionpoint
[    0.126958] pci_scan_single_device -- functionpoint
[    0.126959] pci_get_slot -- functionpoint
[    0.126960] pci_scan_device -- functionpoint
[    0.126962] pci_bus_read_dev_vendor_id -- functionpoint
[    0.126980] functionpoint -- fn = 4, devfn = 144, fn+devfn = 148
[    0.126982] next_fn -- functionpoint
[    0.126983] pci_scan_single_device -- functionpoint
[    0.126984] pci_get_slot -- functionpoint
[    0.126985] pci_scan_device -- functionpoint
[    0.126987] pci_bus_read_dev_vendor_id -- functionpoint
[    0.127005] functionpoint -- fn = 5, devfn = 144, fn+devfn = 149
[    0.127008] next_fn -- functionpoint
[    0.127008] pci_scan_single_device -- functionpoint
[    0.127009] pci_get_slot -- functionpoint
[    0.127010] pci_scan_device -- functionpoint
[    0.127012] pci_bus_read_dev_vendor_id -- functionpoint
[    0.127024] functionpoint -- fn = 6, devfn = 144, fn+devfn = 150
[    0.127027] next_fn -- functionpoint
[    0.127027] pci_scan_single_device -- functionpoint
[    0.127029] pci_get_slot -- functionpoint
[    0.127030] pci_scan_device -- functionpoint
[    0.127031] pci_bus_read_dev_vendor_id -- functionpoint
[    0.127040] functionpoint -- fn = 7, devfn = 144, fn+devfn = 151
[    0.127042] next_fn -- functionpoint
[    0.127043] pci_scan_slot -- functionpoint
[    0.127044] pci_scan_single_device -- functionpoint
[    0.127045] pci_get_slot -- functionpoint
[    0.127047] pci_scan_device -- functionpoint
[    0.127048] pci_bus_read_dev_vendor_id -- functionpoint
[    0.127060] functionpoint -- fn = 0, devfn = 152, fn+devfn = 152
[    0.127062] pci_scan_slot -- functionpoint
[    0.127063] pci_scan_single_device -- functionpoint
[    0.127064] pci_get_slot -- functionpoint
[    0.127065] pci_scan_device -- functionpoint
[    0.127067] pci_bus_read_dev_vendor_id -- functionpoint
[    0.127070] functionpoint -- dev_vendor: 8086, dev_device: a36d
[    0.127072] pci_setup_device -- functionpoint
[    0.127085] pci 0000:00:14.0: [8086:a36d] type 00 class 0x0c0330
[    0.127087] pci 0000:00:14.0: functionpoint -- [8086:a36d] type 00 class 0x0c0330
[    0.127102] switch case PCI_HEADER_TYPE_NORMAL -- functionpoint
[    0.127123] pci 0000:00:14.0: reg 0x10: [mem 0xf1220000-0xf122ffff 64bit]
[    0.127178] pci_device_add -- functionpoint
[    0.127228] pci 0000:00:14.0: PME# supported from D3hot D3cold
[    0.128302] functionpoint -- fn = 0, devfn = 160, fn+devfn = 160
[    0.128304] next_fn -- functionpoint
[    0.128304] pci_scan_single_device -- functionpoint
[    0.128306] pci_get_slot -- functionpoint
[    0.128307] pci_scan_device -- functionpoint
[    0.128309] pci_bus_read_dev_vendor_id -- functionpoint
[    0.128317] functionpoint -- fn = 1, devfn = 160, fn+devfn = 161
[    0.128320] next_fn -- functionpoint
[    0.128320] pci_scan_single_device -- functionpoint
[    0.128322] pci_get_slot -- functionpoint
[    0.128323] pci_scan_device -- functionpoint
[    0.128324] pci_bus_read_dev_vendor_id -- functionpoint
[    0.128327] functionpoint -- dev_vendor: 8086, dev_device: a36f
[    0.128330] pci_setup_device -- functionpoint
[    0.128340] pci 0000:00:14.2: [8086:a36f] type 00 class 0x050000
[    0.128342] pci 0000:00:14.2: functionpoint -- [8086:a36f] type 00 class 0x050000
[    0.128355] switch case PCI_HEADER_TYPE_NORMAL -- functionpoint
[    0.128370] pci 0000:00:14.2: reg 0x10: [mem 0xf1232000-0xf1233fff 64bit]
[    0.128386] pci 0000:00:14.2: reg 0x18: [mem 0x4000106000-0x4000106fff 64bit]
[    0.128411] pci_device_add -- functionpoint
[    0.129440] functionpoint -- fn = 2, devfn = 160, fn+devfn = 162
[    0.129443] next_fn -- functionpoint
[    0.129443] pci_scan_single_device -- functionpoint
[    0.129444] pci_get_slot -- functionpoint
[    0.129446] pci_scan_device -- functionpoint
[    0.129447] pci_bus_read_dev_vendor_id -- functionpoint
[    0.129450] functionpoint -- fn = 3, devfn = 160, fn+devfn = 163
[    0.129453] next_fn -- functionpoint
[    0.129453] pci_scan_single_device -- functionpoint
[    0.129454] pci_get_slot -- functionpoint
[    0.129456] pci_scan_device -- functionpoint
[    0.129457] pci_bus_read_dev_vendor_id -- functionpoint
[    0.129466] functionpoint -- fn = 4, devfn = 160, fn+devfn = 164
[    0.129468] next_fn -- functionpoint
[    0.129469] pci_scan_single_device -- functionpoint
[    0.129470] pci_get_slot -- functionpoint
[    0.129471] pci_scan_device -- functionpoint
[    0.129472] pci_bus_read_dev_vendor_id -- functionpoint
[    0.129491] functionpoint -- fn = 5, devfn = 160, fn+devfn = 165
[    0.129493] next_fn -- functionpoint
[    0.129494] pci_scan_single_device -- functionpoint
[    0.129495] pci_get_slot -- functionpoint
[    0.129496] pci_scan_device -- functionpoint
[    0.129498] pci_bus_read_dev_vendor_id -- functionpoint
[    0.129506] functionpoint -- fn = 6, devfn = 160, fn+devfn = 166
[    0.129509] next_fn -- functionpoint
[    0.129509] pci_scan_single_device -- functionpoint
[    0.129510] pci_get_slot -- functionpoint
[    0.129512] pci_scan_device -- functionpoint
[    0.129513] pci_bus_read_dev_vendor_id -- functionpoint
[    0.129532] functionpoint -- fn = 7, devfn = 160, fn+devfn = 167
[    0.129534] next_fn -- functionpoint
[    0.129534] pci_scan_slot -- functionpoint
[    0.129536] pci_scan_single_device -- functionpoint
[    0.129537] pci_get_slot -- functionpoint
[    0.129538] pci_scan_device -- functionpoint
[    0.129540] pci_bus_read_dev_vendor_id -- functionpoint
[    0.129543] functionpoint -- fn = 0, devfn = 168, fn+devfn = 168
[    0.129545] pci_scan_slot -- functionpoint
[    0.129546] pci_scan_single_device -- functionpoint
[    0.129547] pci_get_slot -- functionpoint
[    0.129548] pci_scan_device -- functionpoint
[    0.129550] pci_bus_read_dev_vendor_id -- functionpoint
[    0.129553] functionpoint -- dev_vendor: 8086, dev_device: a360
[    0.129555] pci_setup_device -- functionpoint
[    0.129568] pci 0000:00:16.0: [8086:a360] type 00 class 0x078000
[    0.129571] pci 0000:00:16.0: functionpoint -- [8086:a360] type 00 class 0x078000
[    0.129586] switch case PCI_HEADER_TYPE_NORMAL -- functionpoint
[    0.129603] pci 0000:00:16.0: reg 0x10: [mem 0x4000105000-0x4000105fff 64bit]
[    0.129645] pci_device_add -- functionpoint
[    0.129694] pci 0000:00:16.0: PME# supported from D3hot
[    0.130754] functionpoint -- fn = 0, devfn = 176, fn+devfn = 176
[    0.130756] next_fn -- functionpoint
[    0.130756] pci_scan_single_device -- functionpoint
[    0.130757] pci_get_slot -- functionpoint
[    0.130759] pci_scan_device -- functionpoint
[    0.130760] pci_bus_read_dev_vendor_id -- functionpoint
[    0.130772] functionpoint -- fn = 1, devfn = 176, fn+devfn = 177
[    0.130774] next_fn -- functionpoint
[    0.130774] pci_scan_single_device -- functionpoint
[    0.130776] pci_get_slot -- functionpoint
[    0.130777] pci_scan_device -- functionpoint
[    0.130778] pci_bus_read_dev_vendor_id -- functionpoint
[    0.130797] functionpoint -- fn = 2, devfn = 176, fn+devfn = 178
[    0.130799] next_fn -- functionpoint
[    0.130800] pci_scan_single_device -- functionpoint
[    0.130801] pci_get_slot -- functionpoint
[    0.130802] pci_scan_device -- functionpoint
[    0.130804] pci_bus_read_dev_vendor_id -- functionpoint
[    0.130815] functionpoint -- dev_vendor: 8086, dev_device: a363
[    0.130818] pci_setup_device -- functionpoint
[    0.130829] pci 0000:00:16.3: [8086:a363] type 00 class 0x070002
[    0.130831] pci 0000:00:16.3: functionpoint -- [8086:a363] type 00 class 0x070002
[    0.130845] switch case PCI_HEADER_TYPE_NORMAL -- functionpoint
[    0.130856] pci 0000:00:16.3: reg 0x10: [io  0x4088-0x408f]
[    0.130866] pci 0000:00:16.3: reg 0x14: [mem 0xf1237000-0xf1237fff]
[    0.130905] pci_device_add -- functionpoint
[    0.131943] functionpoint -- fn = 3, devfn = 176, fn+devfn = 179
[    0.131946] next_fn -- functionpoint
[    0.131946] pci_scan_single_device -- functionpoint
[    0.131947] pci_get_slot -- functionpoint
[    0.131949] pci_scan_device -- functionpoint
[    0.131950] pci_bus_read_dev_vendor_id -- functionpoint
[    0.131961] functionpoint -- fn = 4, devfn = 176, fn+devfn = 180
[    0.131964] next_fn -- functionpoint
[    0.131964] pci_scan_single_device -- functionpoint
[    0.131965] pci_get_slot -- functionpoint
[    0.131967] pci_scan_device -- functionpoint
[    0.131968] pci_bus_read_dev_vendor_id -- functionpoint
[    0.131986] functionpoint -- fn = 5, devfn = 176, fn+devfn = 181
[    0.131989] next_fn -- functionpoint
[    0.131989] pci_scan_single_device -- functionpoint
[    0.131990] pci_get_slot -- functionpoint
[    0.131992] pci_scan_device -- functionpoint
[    0.131993] pci_bus_read_dev_vendor_id -- functionpoint
[    0.132001] functionpoint -- fn = 6, devfn = 176, fn+devfn = 182
[    0.132004] next_fn -- functionpoint
[    0.132004] pci_scan_single_device -- functionpoint
[    0.132005] pci_get_slot -- functionpoint
[    0.132007] pci_scan_device -- functionpoint
[    0.132008] pci_bus_read_dev_vendor_id -- functionpoint
[    0.132024] functionpoint -- fn = 7, devfn = 176, fn+devfn = 183
[    0.132026] next_fn -- functionpoint
[    0.132026] pci_scan_slot -- functionpoint
[    0.132028] pci_scan_single_device -- functionpoint
[    0.132029] pci_get_slot -- functionpoint
[    0.132030] pci_scan_device -- functionpoint
[    0.132032] pci_bus_read_dev_vendor_id -- functionpoint
[    0.132044] functionpoint -- dev_vendor: 8086, dev_device: a352
[    0.132047] pci_setup_device -- functionpoint
[    0.132060] pci 0000:00:17.0: [8086:a352] type 00 class 0x010601
[    0.132062] pci 0000:00:17.0: functionpoint -- [8086:a352] type 00 class 0x010601
[    0.132077] switch case PCI_HEADER_TYPE_NORMAL -- functionpoint
[    0.132091] pci 0000:00:17.0: reg 0x10: [mem 0xf1230000-0xf1231fff]
[    0.132104] pci 0000:00:17.0: reg 0x14: [mem 0xf1236000-0xf12360ff]
[    0.132115] pci 0000:00:17.0: reg 0x18: [io  0x4080-0x4087]
[    0.132126] pci 0000:00:17.0: reg 0x1c: [io  0x4090-0x4093]
[    0.132137] pci 0000:00:17.0: reg 0x20: [io  0x4060-0x407f]
[    0.132148] pci 0000:00:17.0: reg 0x24: [mem 0xf1235000-0xf12357ff]
[    0.132162] pci_device_add -- functionpoint
[    0.132211] pci 0000:00:17.0: PME# supported from D3hot
[    0.133300] functionpoint -- fn = 0, devfn = 184, fn+devfn = 184
[    0.133302] next_fn -- functionpoint
[    0.133302] pci_scan_slot -- functionpoint
[    0.133304] pci_scan_single_device -- functionpoint
[    0.133305] pci_get_slot -- functionpoint
[    0.133306] pci_scan_device -- functionpoint
[    0.133308] pci_bus_read_dev_vendor_id -- functionpoint
[    0.133319] functionpoint -- fn = 0, devfn = 192, fn+devfn = 192
[    0.133321] pci_scan_slot -- functionpoint
[    0.133322] pci_scan_single_device -- functionpoint
[    0.133323] pci_get_slot -- functionpoint
[    0.133324] pci_scan_device -- functionpoint
[    0.133326] pci_bus_read_dev_vendor_id -- functionpoint
[    0.133344] functionpoint -- fn = 0, devfn = 200, fn+devfn = 200
[    0.133346] pci_scan_slot -- functionpoint
[    0.133347] pci_scan_single_device -- functionpoint
[    0.133348] pci_get_slot -- functionpoint
[    0.133349] pci_scan_device -- functionpoint
[    0.133351] pci_bus_read_dev_vendor_id -- functionpoint
[    0.133369] functionpoint -- fn = 0, devfn = 208, fn+devfn = 208
[    0.133371] pci_scan_slot -- functionpoint
[    0.133372] pci_scan_single_device -- functionpoint
[    0.133373] pci_get_slot -- functionpoint
[    0.133374] pci_scan_device -- functionpoint
[    0.133376] pci_bus_read_dev_vendor_id -- functionpoint
[    0.133387] functionpoint -- dev_vendor: 8086, dev_device: a32c
[    0.133390] pci_setup_device -- functionpoint
[    0.133402] pci 0000:00:1b.0: [8086:a32c] type 01 class 0x060400
[    0.133405] pci 0000:00:1b.0: functionpoint -- [8086:a32c] type 01 class 0x060400
[    0.133423] switch case PCI_HEADER_TYPE_BRIDGE -- functionpoint
[    0.133469] pci_device_add -- functionpoint
[    0.133552] pci 0000:00:1b.0: PME# supported from D0 D3hot D3cold
[    0.133586] pci 0000:00:1b.0: PTM enabled (root), 4dns granularity
[    0.134668] functionpoint -- fn = 0, devfn = 216, fn+devfn = 216
[    0.134670] next_fn -- functionpoint
[    0.134670] pci_scan_single_device -- functionpoint
[    0.134671] pci_get_slot -- functionpoint
[    0.134673] pci_scan_device -- functionpoint
[    0.134674] pci_bus_read_dev_vendor_id -- functionpoint
[    0.134683] functionpoint -- fn = 1, devfn = 216, fn+devfn = 217
[    0.134686] next_fn -- functionpoint
[    0.134686] pci_scan_single_device -- functionpoint
[    0.134687] pci_get_slot -- functionpoint
[    0.134689] pci_scan_device -- functionpoint
[    0.134690] pci_bus_read_dev_vendor_id -- functionpoint
[    0.134708] functionpoint -- fn = 2, devfn = 216, fn+devfn = 218
[    0.134711] next_fn -- functionpoint
[    0.134711] pci_scan_single_device -- functionpoint
[    0.134713] pci_get_slot -- functionpoint
[    0.134714] pci_scan_device -- functionpoint
[    0.134715] pci_bus_read_dev_vendor_id -- functionpoint
[    0.134733] functionpoint -- fn = 3, devfn = 216, fn+devfn = 219
[    0.134736] next_fn -- functionpoint
[    0.134736] pci_scan_single_device -- functionpoint
[    0.134738] pci_get_slot -- functionpoint
[    0.134739] pci_scan_device -- functionpoint
[    0.134740] pci_bus_read_dev_vendor_id -- functionpoint
[    0.134758] functionpoint -- fn = 4, devfn = 216, fn+devfn = 220
[    0.134761] next_fn -- functionpoint
[    0.134761] pci_scan_single_device -- functionpoint
[    0.134763] pci_get_slot -- functionpoint
[    0.134764] pci_scan_device -- functionpoint
[    0.134765] pci_bus_read_dev_vendor_id -- functionpoint
[    0.134783] functionpoint -- fn = 5, devfn = 216, fn+devfn = 221
[    0.134786] next_fn -- functionpoint
[    0.134786] pci_scan_single_device -- functionpoint
[    0.134788] pci_get_slot -- functionpoint
[    0.134789] pci_scan_device -- functionpoint
[    0.134790] pci_bus_read_dev_vendor_id -- functionpoint
[    0.134799] functionpoint -- fn = 6, devfn = 216, fn+devfn = 222
[    0.134801] next_fn -- functionpoint
[    0.134802] pci_scan_single_device -- functionpoint
[    0.134803] pci_get_slot -- functionpoint
[    0.134804] pci_scan_device -- functionpoint
[    0.134806] pci_bus_read_dev_vendor_id -- functionpoint
[    0.134824] functionpoint -- fn = 7, devfn = 216, fn+devfn = 223
[    0.134827] next_fn -- functionpoint
[    0.134827] pci_scan_slot -- functionpoint
[    0.134828] pci_scan_single_device -- functionpoint
[    0.134830] pci_get_slot -- functionpoint
[    0.134831] pci_scan_device -- functionpoint
[    0.134832] pci_bus_read_dev_vendor_id -- functionpoint
[    0.134841] functionpoint -- dev_vendor: 8086, dev_device: a33e
[    0.134843] pci_setup_device -- functionpoint
[    0.134856] pci 0000:00:1c.0: [8086:a33e] type 01 class 0x060400
[    0.134858] pci 0000:00:1c.0: functionpoint -- [8086:a33e] type 01 class 0x060400
[    0.134877] switch case PCI_HEADER_TYPE_BRIDGE -- functionpoint
[    0.134922] pci_device_add -- functionpoint
[    0.135005] pci 0000:00:1c.0: PME# supported from D0 D3hot D3cold
[    0.135040] pci 0000:00:1c.0: PTM enabled (root), 4dns granularity
[    0.136120] functionpoint -- fn = 0, devfn = 224, fn+devfn = 224
[    0.136122] next_fn -- functionpoint
[    0.136122] pci_scan_single_device -- functionpoint
[    0.136123] pci_get_slot -- functionpoint
[    0.136125] pci_scan_device -- functionpoint
[    0.136126] pci_bus_read_dev_vendor_id -- functionpoint
[    0.136138] functionpoint -- fn = 1, devfn = 224, fn+devfn = 225
[    0.136141] next_fn -- functionpoint
[    0.136141] pci_scan_single_device -- functionpoint
[    0.136142] pci_get_slot -- functionpoint
[    0.136144] pci_scan_device -- functionpoint
[    0.136145] pci_bus_read_dev_vendor_id -- functionpoint
[    0.136154] functionpoint -- fn = 2, devfn = 224, fn+devfn = 226
[    0.136156] next_fn -- functionpoint
[    0.136156] pci_scan_single_device -- functionpoint
[    0.136158] pci_get_slot -- functionpoint
[    0.136159] pci_scan_device -- functionpoint
[    0.136160] pci_bus_read_dev_vendor_id -- functionpoint
[    0.136179] functionpoint -- fn = 3, devfn = 224, fn+devfn = 227
[    0.136181] next_fn -- functionpoint
[    0.136182] pci_scan_single_device -- functionpoint
[    0.136183] pci_get_slot -- functionpoint
[    0.136185] pci_scan_device -- functionpoint
[    0.136186] pci_bus_read_dev_vendor_id -- functionpoint
[    0.136204] functionpoint -- fn = 4, devfn = 224, fn+devfn = 228
[    0.136206] next_fn -- functionpoint
[    0.136207] pci_scan_single_device -- functionpoint
[    0.136208] pci_get_slot -- functionpoint
[    0.136209] pci_scan_device -- functionpoint
[    0.136211] pci_bus_read_dev_vendor_id -- functionpoint
[    0.136229] functionpoint -- fn = 5, devfn = 224, fn+devfn = 229
[    0.136231] next_fn -- functionpoint
[    0.136232] pci_scan_single_device -- functionpoint
[    0.136233] pci_get_slot -- functionpoint
[    0.136234] pci_scan_device -- functionpoint
[    0.136236] pci_bus_read_dev_vendor_id -- functionpoint
[    0.136244] functionpoint -- fn = 6, devfn = 224, fn+devfn = 230
[    0.136247] next_fn -- functionpoint
[    0.136247] pci_scan_single_device -- functionpoint
[    0.136248] pci_get_slot -- functionpoint
[    0.136250] pci_scan_device -- functionpoint
[    0.136251] pci_bus_read_dev_vendor_id -- functionpoint
[    0.136270] functionpoint -- fn = 7, devfn = 224, fn+devfn = 231
[    0.136272] next_fn -- functionpoint
[    0.136273] pci_scan_slot -- functionpoint
[    0.136274] pci_scan_single_device -- functionpoint
[    0.136275] pci_get_slot -- functionpoint
[    0.136277] pci_scan_device -- functionpoint
[    0.136278] pci_bus_read_dev_vendor_id -- functionpoint
[    0.136295] functionpoint -- fn = 0, devfn = 232, fn+devfn = 232
[    0.136297] pci_scan_slot -- functionpoint
[    0.136298] pci_scan_single_device -- functionpoint
[    0.136299] pci_get_slot -- functionpoint
[    0.136300] pci_scan_device -- functionpoint
[    0.136302] pci_bus_read_dev_vendor_id -- functionpoint
[    0.136305] functionpoint -- fn = 0, devfn = 240, fn+devfn = 240
[    0.136307] pci_scan_slot -- functionpoint
[    0.136307] pci_scan_single_device -- functionpoint
[    0.136309] pci_get_slot -- functionpoint
[    0.136310] pci_scan_device -- functionpoint
[    0.136311] pci_bus_read_dev_vendor_id -- functionpoint
[    0.136319] functionpoint -- dev_vendor: 8086, dev_device: a306
[    0.136322] pci_setup_device -- functionpoint
[    0.136329] pci 0000:00:1f.0: [8086:a306] type 00 class 0x060100
[    0.136331] pci 0000:00:1f.0: functionpoint -- [8086:a306] type 00 class 0x060100
[    0.136340] switch case PCI_HEADER_TYPE_NORMAL -- functionpoint
[    0.136417] pci_device_add -- functionpoint
[    0.137458] functionpoint -- fn = 0, devfn = 248, fn+devfn = 248
[    0.137461] next_fn -- functionpoint
[    0.137461] pci_scan_single_device -- functionpoint
[    0.137462] pci_get_slot -- functionpoint
[    0.137464] pci_scan_device -- functionpoint
[    0.137465] pci_bus_read_dev_vendor_id -- functionpoint
[    0.137476] functionpoint -- fn = 1, devfn = 248, fn+devfn = 249
[    0.137479] next_fn -- functionpoint
[    0.137479] pci_scan_single_device -- functionpoint
[    0.137480] pci_get_slot -- functionpoint
[    0.137482] pci_scan_device -- functionpoint
[    0.137483] pci_bus_read_dev_vendor_id -- functionpoint
[    0.137501] functionpoint -- fn = 2, devfn = 248, fn+devfn = 250
[    0.137504] next_fn -- functionpoint
[    0.137504] pci_scan_single_device -- functionpoint
[    0.137505] pci_get_slot -- functionpoint
[    0.137507] pci_scan_device -- functionpoint
[    0.137508] pci_bus_read_dev_vendor_id -- functionpoint
[    0.137522] functionpoint -- dev_vendor: 8086, dev_device: a348
[    0.137524] pci_setup_device -- functionpoint
[    0.137550] pci 0000:00:1f.3: [8086:a348] type 00 class 0x040300
[    0.137552] pci 0000:00:1f.3: functionpoint -- [8086:a348] type 00 class 0x040300
[    0.137585] switch case PCI_HEADER_TYPE_NORMAL -- functionpoint
[    0.137627] pci 0000:00:1f.3: reg 0x10: [mem 0x4000100000-0x4000103fff 64bit]
[    0.137695] pci 0000:00:1f.3: reg 0x20: [mem 0x4000000000-0x40000fffff 64bit]
[    0.137718] pci_device_add -- functionpoint
[    0.137826] pci 0000:00:1f.3: PME# supported from D3hot D3cold
[    0.138965] functionpoint -- fn = 3, devfn = 248, fn+devfn = 251
[    0.138967] next_fn -- functionpoint
[    0.138967] pci_scan_single_device -- functionpoint
[    0.138968] pci_get_slot -- functionpoint
[    0.138970] pci_scan_device -- functionpoint
[    0.138971] pci_bus_read_dev_vendor_id -- functionpoint
[    0.138983] functionpoint -- dev_vendor: 8086, dev_device: a323
[    0.138986] pci_setup_device -- functionpoint
[    0.139006] pci 0000:00:1f.4: [8086:a323] type 00 class 0x0c0500
[    0.139008] pci 0000:00:1f.4: functionpoint -- [8086:a323] type 00 class 0x0c0500
[    0.139024] switch case PCI_HEADER_TYPE_NORMAL -- functionpoint
[    0.139061] pci 0000:00:1f.4: reg 0x10: [mem 0x4000104000-0x40001040ff 64bit]
[    0.139126] pci 0000:00:1f.4: reg 0x20: [io  0xefa0-0xefbf]
[    0.139173] pci_device_add -- functionpoint
[    0.140231] functionpoint -- fn = 4, devfn = 248, fn+devfn = 252
[    0.140234] next_fn -- functionpoint
[    0.140235] pci_scan_single_device -- functionpoint
[    0.140236] pci_get_slot -- functionpoint
[    0.140238] pci_scan_device -- functionpoint
[    0.140239] pci_bus_read_dev_vendor_id -- functionpoint
[    0.140247] functionpoint -- dev_vendor: 8086, dev_device: a324
[    0.140250] pci_setup_device -- functionpoint
[    0.140255] pci 0000:00:1f.5: [8086:a324] type 00 class 0x0c8000
[    0.140258] pci 0000:00:1f.5: functionpoint -- [8086:a324] type 00 class 0x0c8000
[    0.140265] switch case PCI_HEADER_TYPE_NORMAL -- functionpoint
[    0.140277] pci 0000:00:1f.5: reg 0x10: [mem 0xfe010000-0xfe010fff]
[    0.140329] pci_device_add -- functionpoint
[    0.141333] functionpoint -- fn = 5, devfn = 248, fn+devfn = 253
[    0.141336] next_fn -- functionpoint
[    0.141336] pci_scan_single_device -- functionpoint
[    0.141338] pci_get_slot -- functionpoint
[    0.141339] pci_scan_device -- functionpoint
[    0.141341] pci_bus_read_dev_vendor_id -- functionpoint
[    0.141345] functionpoint -- dev_vendor: 8086, dev_device: 15bb
[    0.141347] pci_setup_device -- functionpoint
[    0.141367] pci 0000:00:1f.6: [8086:15bb] type 00 class 0x020000
[    0.141370] pci 0000:00:1f.6: functionpoint -- [8086:15bb] type 00 class 0x020000
[    0.141382] pci_get_slot -- functionpoint
[    0.141395] switch case PCI_HEADER_TYPE_NORMAL -- functionpoint
[    0.141417] pci 0000:00:1f.6: reg 0x10: [mem 0xf1200000-0xf121ffff]
[    0.141565] pci_device_add -- functionpoint
[    0.141657] pci 0000:00:1f.6: PME# supported from D0 D3hot D3cold
[    0.142666] functionpoint -- fn = 6, devfn = 248, fn+devfn = 254
[    0.142668] next_fn -- functionpoint
[    0.142668] pci_scan_single_device -- functionpoint
[    0.142670] pci_get_slot -- functionpoint
[    0.142671] pci_scan_device -- functionpoint
[    0.142673] pci_bus_read_dev_vendor_id -- functionpoint
[    0.142681] functionpoint -- fn = 7, devfn = 248, fn+devfn = 255
[    0.142684] next_fn -- functionpoint
[    0.142685] pci_read_bridge_bases -- functionpoint
[    0.142692] pci_find_bus -- functionpoint
[    0.142694] functionpoint -- domain_num = 0, bus_num = 1
[    0.142697] pci_find_next_bus -- functionpoint
[    0.142697] pci_find_next_bus -- functionpoint
[    0.142698] not found bus -- functionpoint
[    0.142754] pci_bus_read_dev_vendor_id -- functionpoint
[    0.142766] pci_scan_child_bus_extend -- functionpoint
[    0.142768] pci_bus 0000:01: functionpoint -- scanning bus
[    0.142771] pci_scan_slot -- functionpoint
[    0.142771] pci_scan_single_device -- functionpoint
[    0.142772] pci_get_slot -- functionpoint
[    0.142774] pci_scan_device -- functionpoint
[    0.142775] pci_bus_read_dev_vendor_id -- functionpoint
[    0.142778] functionpoint -- dev_vendor: 1c5c, dev_device: 1339
[    0.142780] pci_setup_device -- functionpoint
[    0.142798] pci 0000:01:00.0: [1c5c:1339] type 00 class 0x010802
[    0.142801] pci 0000:01:00.0: functionpoint -- [1c5c:1339] type 00 class 0x010802
[    0.142829] switch case PCI_HEADER_TYPE_NORMAL -- functionpoint
[    0.142851] pci 0000:01:00.0: reg 0x10: [mem 0xf1100000-0xf1103fff 64bit]
[    0.142913] pci_device_add -- functionpoint
[    0.143013] pci 0000:01:00.0: supports D1
[    0.143016] pci 0000:01:00.0: PME# supported from D0 D1 D3hot
[    0.143111] functionpoint -- fn = 0, devfn = 0, fn+devfn = 0
[    0.143113] next_fn -- functionpoint
[    0.152043] pci_scan_slot -- functionpoint
[    0.152044] pci_scan_slot -- functionpoint
[    0.152046] pci_scan_slot -- functionpoint
[    0.152047] pci_scan_slot -- functionpoint
[    0.152048] pci_scan_slot -- functionpoint
[    0.152049] pci_scan_slot -- functionpoint
[    0.152051] pci_scan_slot -- functionpoint
[    0.152052] pci_scan_slot -- functionpoint
[    0.152053] pci_scan_slot -- functionpoint
[    0.152055] pci_scan_slot -- functionpoint
[    0.152056] pci_scan_slot -- functionpoint
[    0.152057] pci_scan_slot -- functionpoint
[    0.152058] pci_scan_slot -- functionpoint
[    0.152060] pci_scan_slot -- functionpoint
[    0.152061] pci_scan_slot -- functionpoint
[    0.152062] pci_scan_slot -- functionpoint
[    0.152064] pci_scan_slot -- functionpoint
[    0.152065] pci_scan_slot -- functionpoint
[    0.152066] pci_scan_slot -- functionpoint
[    0.152067] pci_scan_slot -- functionpoint
[    0.152069] pci_scan_slot -- functionpoint
[    0.152070] pci_scan_slot -- functionpoint
[    0.152071] pci_scan_slot -- functionpoint
[    0.152073] pci_scan_slot -- functionpoint
[    0.152074] pci_scan_slot -- functionpoint
[    0.152075] pci_scan_slot -- functionpoint
[    0.152077] pci_scan_slot -- functionpoint
[    0.152078] pci_scan_slot -- functionpoint
[    0.152079] pci_scan_slot -- functionpoint
[    0.152080] pci_scan_slot -- functionpoint
[    0.152082] pci_scan_slot -- functionpoint
[    0.152083] pci_read_bridge_bases -- functionpoint
[    0.152085] pci 0000:00:1b.0: PCI bridge to [bus 01]
[    0.152098] pci 0000:00:1b.0:   bridge window [mem 0xf1100000-0xf11fffff]
[    0.152105] pci_bus 0000:01: functionpoint -- bus scan returning with max=01
[    0.152114] pci_find_bus -- functionpoint
[    0.152115] functionpoint -- domain_num = 0, bus_num = 2
[    0.152117] pci_find_next_bus -- functionpoint
[    0.152118] pci_find_next_bus -- functionpoint
[    0.152119] not found bus -- functionpoint
[    0.152166] pci_bus_read_dev_vendor_id -- functionpoint
[    0.152176] pci_scan_child_bus_extend -- functionpoint
[    0.152178] pci_bus 0000:02: functionpoint -- scanning bus
[    0.152181] pci_scan_slot -- functionpoint
[    0.152181] pci_scan_single_device -- functionpoint
[    0.152182] pci_get_slot -- functionpoint
[    0.152184] pci_scan_device -- functionpoint
[    0.152185] pci_bus_read_dev_vendor_id -- functionpoint
[    0.152198] functionpoint -- dev_vendor: 1283, dev_device: 8893
[    0.152201] pci_setup_device -- functionpoint
[    0.152239] pci 0000:02:00.0: [1283:8893] type 01 class 0x060401
[    0.152241] pci 0000:02:00.0: functionpoint -- [1283:8893] type 01 class 0x060401
[    0.152298] switch case PCI_HEADER_TYPE_BRIDGE -- functionpoint
[    0.152493] pci_device_add -- functionpoint
[    0.152664] pci 0000:02:00.0: supports D1 D2
[    0.152666] pci 0000:02:00.0: PME# supported from D0 D1 D2 D3hot D3cold
[    0.152782] functionpoint -- fn = 0, devfn = 0, fn+devfn = 0
[    0.152784] next_fn -- functionpoint
[    0.152792] pci_scan_slot -- functionpoint
[    0.152793] pci_scan_slot -- functionpoint
[    0.152795] pci_scan_slot -- functionpoint
[    0.152796] pci_scan_slot -- functionpoint
[    0.152797] pci_scan_slot -- functionpoint
[    0.152798] pci_scan_slot -- functionpoint
[    0.152800] pci_scan_slot -- functionpoint
[    0.152801] pci_scan_slot -- functionpoint
[    0.152802] pci_scan_slot -- functionpoint
[    0.152803] pci_scan_slot -- functionpoint
[    0.152805] pci_scan_slot -- functionpoint
[    0.152806] pci_scan_slot -- functionpoint
[    0.152807] pci_scan_slot -- functionpoint
[    0.152809] pci_scan_slot -- functionpoint
[    0.152810] pci_scan_slot -- functionpoint
[    0.152811] pci_scan_slot -- functionpoint
[    0.152812] pci_scan_slot -- functionpoint
[    0.152814] pci_scan_slot -- functionpoint
[    0.152815] pci_scan_slot -- functionpoint
[    0.152816] pci_scan_slot -- functionpoint
[    0.152818] pci_scan_slot -- functionpoint
[    0.152819] pci_scan_slot -- functionpoint
[    0.152820] pci_scan_slot -- functionpoint
[    0.152821] pci_scan_slot -- functionpoint
[    0.152823] pci_scan_slot -- functionpoint
[    0.152824] pci_scan_slot -- functionpoint
[    0.152825] pci_scan_slot -- functionpoint
[    0.152826] pci_scan_slot -- functionpoint
[    0.152828] pci_scan_slot -- functionpoint
[    0.152829] pci_scan_slot -- functionpoint
[    0.152830] pci_scan_slot -- functionpoint
[    0.152832] pci_read_bridge_bases -- functionpoint
[    0.152834] pci 0000:00:1c.0: PCI bridge to [bus 02-03]
[    0.152843] pci 0000:00:1c.0:   bridge window [io  0x3000-0x3fff]
[    0.152847] pci 0000:00:1c.0:   bridge window [mem 0xf1000000-0xf10fffff]
[    0.152861] pci_find_bus -- functionpoint
[    0.152862] functionpoint -- domain_num = 0, bus_num = 3
[    0.152864] pci_find_next_bus -- functionpoint
[    0.152865] pci_find_next_bus -- functionpoint
[    0.152866] not found bus -- functionpoint
[    0.152912] pci_scan_child_bus_extend -- functionpoint
[    0.152914] pci_bus 0000:03: functionpoint -- scanning bus
[    0.152916] pci_scan_slot -- functionpoint
[    0.152917] pci_scan_single_device -- functionpoint
[    0.152918] pci_get_slot -- functionpoint
[    0.152919] pci_scan_device -- functionpoint
[    0.152921] pci_bus_read_dev_vendor_id -- functionpoint
[    0.152930] functionpoint -- dev_vendor: 1317, dev_device: 985
[    0.152932] pci_setup_device -- functionpoint
[    0.152950] pci 0000:03:00.0: [1317:0985] type 00 class 0x020000
[    0.152952] pci 0000:03:00.0: functionpoint -- [1317:0985] type 00 class 0x020000
[    0.152976] switch case PCI_HEADER_TYPE_NORMAL -- functionpoint
[    0.152998] pci 0000:03:00.0: reg 0x10: [io  0x3000-0x30ff]
[    0.153016] pci 0000:03:00.0: reg 0x14: [mem 0xf1000000-0xf10003ff]
[    0.153093] pci 0000:03:00.0: reg 0x30: [mem 0xfffe0000-0xffffffff pref]
[    0.153099] pci_device_add -- functionpoint
[    0.153165] pci 0000:03:00.0: supports D1 D2
[    0.153167] pci 0000:03:00.0: PME# supported from D0 D1 D2 D3hot D3cold
[    0.153202] functionpoint -- fn = 0, devfn = 0, fn+devfn = 0
[    0.153204] next_fn -- functionpoint
[    0.153204] pci_scan_slot -- functionpoint
[    0.153206] pci_scan_single_device -- functionpoint
[    0.153207] pci_get_slot -- functionpoint
[    0.153208] pci_scan_device -- functionpoint
[    0.153210] pci_bus_read_dev_vendor_id -- functionpoint
[    0.153219] functionpoint -- fn = 0, devfn = 8, fn+devfn = 8
[    0.153221] pci_scan_slot -- functionpoint
[    0.153222] pci_scan_single_device -- functionpoint
[    0.153223] pci_get_slot -- functionpoint
[    0.153224] pci_scan_device -- functionpoint
[    0.153226] pci_bus_read_dev_vendor_id -- functionpoint
[    0.153237] functionpoint -- fn = 0, devfn = 16, fn+devfn = 16
[    0.153239] pci_scan_slot -- functionpoint
[    0.153239] pci_scan_single_device -- functionpoint
[    0.153241] pci_get_slot -- functionpoint
[    0.153242] pci_scan_device -- functionpoint
[    0.153243] pci_bus_read_dev_vendor_id -- functionpoint
[    0.153248] functionpoint -- fn = 0, devfn = 24, fn+devfn = 24
[    0.153250] pci_scan_slot -- functionpoint
[    0.153251] pci_scan_single_device -- functionpoint
[    0.153252] pci_get_slot -- functionpoint
[    0.153253] pci_scan_device -- functionpoint
[    0.153255] pci_bus_read_dev_vendor_id -- functionpoint
[    0.153266] functionpoint -- fn = 0, devfn = 32, fn+devfn = 32
[    0.153268] pci_scan_slot -- functionpoint
[    0.153268] pci_scan_single_device -- functionpoint
[    0.153270] pci_get_slot -- functionpoint
[    0.153271] pci_scan_device -- functionpoint
[    0.153272] pci_bus_read_dev_vendor_id -- functionpoint
[    0.153277] functionpoint -- fn = 0, devfn = 40, fn+devfn = 40
[    0.153280] pci_scan_slot -- functionpoint
[    0.153280] pci_scan_single_device -- functionpoint
[    0.153281] pci_get_slot -- functionpoint
[    0.153283] pci_scan_device -- functionpoint
[    0.153284] pci_bus_read_dev_vendor_id -- functionpoint
[    0.153295] functionpoint -- fn = 0, devfn = 48, fn+devfn = 48
[    0.153297] pci_scan_slot -- functionpoint
[    0.153298] pci_scan_single_device -- functionpoint
[    0.153299] pci_get_slot -- functionpoint
[    0.153300] pci_scan_device -- functionpoint
[    0.153301] pci_bus_read_dev_vendor_id -- functionpoint
[    0.153306] functionpoint -- fn = 0, devfn = 56, fn+devfn = 56
[    0.153309] pci_scan_slot -- functionpoint
[    0.153309] pci_scan_single_device -- functionpoint
[    0.153310] pci_get_slot -- functionpoint
[    0.153312] pci_scan_device -- functionpoint
[    0.153313] pci_bus_read_dev_vendor_id -- functionpoint
[    0.153324] functionpoint -- fn = 0, devfn = 64, fn+devfn = 64
[    0.153326] pci_scan_slot -- functionpoint
[    0.153327] pci_scan_single_device -- functionpoint
[    0.153328] pci_get_slot -- functionpoint
[    0.153329] pci_scan_device -- functionpoint
[    0.153331] pci_bus_read_dev_vendor_id -- functionpoint
[    0.153335] functionpoint -- fn = 0, devfn = 72, fn+devfn = 72
[    0.153338] pci_scan_slot -- functionpoint
[    0.153338] pci_scan_single_device -- functionpoint
[    0.153339] pci_get_slot -- functionpoint
[    0.153341] pci_scan_device -- functionpoint
[    0.153342] pci_bus_read_dev_vendor_id -- functionpoint
[    0.153353] functionpoint -- fn = 0, devfn = 80, fn+devfn = 80
[    0.153356] pci_scan_slot -- functionpoint
[    0.153356] pci_scan_single_device -- functionpoint
[    0.153357] pci_get_slot -- functionpoint
[    0.153359] pci_scan_device -- functionpoint
[    0.153360] pci_bus_read_dev_vendor_id -- functionpoint
[    0.153364] functionpoint -- fn = 0, devfn = 88, fn+devfn = 88
[    0.153367] pci_scan_slot -- functionpoint
[    0.153367] pci_scan_single_device -- functionpoint
[    0.153369] pci_get_slot -- functionpoint
[    0.153370] pci_scan_device -- functionpoint
[    0.153371] pci_bus_read_dev_vendor_id -- functionpoint
[    0.153376] functionpoint -- fn = 0, devfn = 96, fn+devfn = 96
[    0.153378] pci_scan_slot -- functionpoint
[    0.153379] pci_scan_single_device -- functionpoint
[    0.153380] pci_get_slot -- functionpoint
[    0.153381] pci_scan_device -- functionpoint
[    0.153383] pci_bus_read_dev_vendor_id -- functionpoint
[    0.153387] functionpoint -- fn = 0, devfn = 104, fn+devfn = 104
[    0.153390] pci_scan_slot -- functionpoint
[    0.153390] pci_scan_single_device -- functionpoint
[    0.153391] pci_get_slot -- functionpoint
[    0.153393] pci_scan_device -- functionpoint
[    0.153394] pci_bus_read_dev_vendor_id -- functionpoint
[    0.153407] functionpoint -- fn = 0, devfn = 112, fn+devfn = 112
[    0.153409] pci_scan_slot -- functionpoint
[    0.153410] pci_scan_single_device -- functionpoint
[    0.153411] pci_get_slot -- functionpoint
[    0.153412] pci_scan_device -- functionpoint
[    0.153414] pci_bus_read_dev_vendor_id -- functionpoint
[    0.153418] functionpoint -- fn = 0, devfn = 120, fn+devfn = 120
[    0.153421] pci_scan_slot -- functionpoint
[    0.153421] pci_scan_single_device -- functionpoint
[    0.153422] pci_get_slot -- functionpoint
[    0.153424] pci_scan_device -- functionpoint
[    0.153425] pci_bus_read_dev_vendor_id -- functionpoint
[    0.153436] functionpoint -- fn = 0, devfn = 128, fn+devfn = 128
[    0.153439] pci_scan_slot -- functionpoint
[    0.153439] pci_scan_single_device -- functionpoint
[    0.153441] pci_get_slot -- functionpoint
[    0.153442] pci_scan_device -- functionpoint
[    0.153443] pci_bus_read_dev_vendor_id -- functionpoint
[    0.153448] functionpoint -- fn = 0, devfn = 136, fn+devfn = 136
[    0.153450] pci_scan_slot -- functionpoint
[    0.153451] pci_scan_single_device -- functionpoint
[    0.153452] pci_get_slot -- functionpoint
[    0.153453] pci_scan_device -- functionpoint
[    0.153455] pci_bus_read_dev_vendor_id -- functionpoint
[    0.153467] functionpoint -- fn = 0, devfn = 144, fn+devfn = 144
[    0.153470] pci_scan_slot -- functionpoint
[    0.153470] pci_scan_single_device -- functionpoint
[    0.153471] pci_get_slot -- functionpoint
[    0.153473] pci_scan_device -- functionpoint
[    0.153474] pci_bus_read_dev_vendor_id -- functionpoint
[    0.153478] functionpoint -- fn = 0, devfn = 152, fn+devfn = 152
[    0.153481] pci_scan_slot -- functionpoint
[    0.153481] pci_scan_single_device -- functionpoint
[    0.153483] pci_get_slot -- functionpoint
[    0.153484] pci_scan_device -- functionpoint
[    0.153485] pci_bus_read_dev_vendor_id -- functionpoint
[    0.153497] functionpoint -- fn = 0, devfn = 160, fn+devfn = 160
[    0.153499] pci_scan_slot -- functionpoint
[    0.153500] pci_scan_single_device -- functionpoint
[    0.153501] pci_get_slot -- functionpoint
[    0.153502] pci_scan_device -- functionpoint
[    0.153504] pci_bus_read_dev_vendor_id -- functionpoint
[    0.153508] functionpoint -- fn = 0, devfn = 168, fn+devfn = 168
[    0.153511] pci_scan_slot -- functionpoint
[    0.153511] pci_scan_single_device -- functionpoint
[    0.153512] pci_get_slot -- functionpoint
[    0.153514] pci_scan_device -- functionpoint
[    0.153515] pci_bus_read_dev_vendor_id -- functionpoint
[    0.153526] functionpoint -- fn = 0, devfn = 176, fn+devfn = 176
[    0.153529] pci_scan_slot -- functionpoint
[    0.153529] pci_scan_single_device -- functionpoint
[    0.153530] pci_get_slot -- functionpoint
[    0.153532] pci_scan_device -- functionpoint
[    0.153533] pci_bus_read_dev_vendor_id -- functionpoint
[    0.153537] functionpoint -- fn = 0, devfn = 184, fn+devfn = 184
[    0.153540] pci_scan_slot -- functionpoint
[    0.153540] pci_scan_single_device -- functionpoint
[    0.153542] pci_get_slot -- functionpoint
[    0.153543] pci_scan_device -- functionpoint
[    0.153544] pci_bus_read_dev_vendor_id -- functionpoint
[    0.153557] functionpoint -- fn = 0, devfn = 192, fn+devfn = 192
[    0.153559] pci_scan_slot -- functionpoint
[    0.153560] pci_scan_single_device -- functionpoint
[    0.153561] pci_get_slot -- functionpoint
[    0.153562] pci_scan_device -- functionpoint
[    0.153563] pci_bus_read_dev_vendor_id -- functionpoint
[    0.153568] functionpoint -- fn = 0, devfn = 200, fn+devfn = 200
[    0.153571] pci_scan_slot -- functionpoint
[    0.153571] pci_scan_single_device -- functionpoint
[    0.153572] pci_get_slot -- functionpoint
[    0.153574] pci_scan_device -- functionpoint
[    0.153575] pci_bus_read_dev_vendor_id -- functionpoint
[    0.153588] functionpoint -- fn = 0, devfn = 208, fn+devfn = 208
[    0.153590] pci_scan_slot -- functionpoint
[    0.153591] pci_scan_single_device -- functionpoint
[    0.153592] pci_get_slot -- functionpoint
[    0.153594] pci_scan_device -- functionpoint
[    0.153595] pci_bus_read_dev_vendor_id -- functionpoint
[    0.153599] functionpoint -- fn = 0, devfn = 216, fn+devfn = 216
[    0.153602] pci_scan_slot -- functionpoint
[    0.153602] pci_scan_single_device -- functionpoint
[    0.153604] pci_get_slot -- functionpoint
[    0.153605] pci_scan_device -- functionpoint
[    0.153606] pci_bus_read_dev_vendor_id -- functionpoint
[    0.153618] functionpoint -- fn = 0, devfn = 224, fn+devfn = 224
[    0.153620] pci_scan_slot -- functionpoint
[    0.153621] pci_scan_single_device -- functionpoint
[    0.153622] pci_get_slot -- functionpoint
[    0.153623] pci_scan_device -- functionpoint
[    0.153624] pci_bus_read_dev_vendor_id -- functionpoint
[    0.153629] functionpoint -- fn = 0, devfn = 232, fn+devfn = 232
[    0.153632] pci_scan_slot -- functionpoint
[    0.153632] pci_scan_single_device -- functionpoint
[    0.153633] pci_get_slot -- functionpoint
[    0.153635] pci_scan_device -- functionpoint
[    0.153636] pci_bus_read_dev_vendor_id -- functionpoint
[    0.153647] functionpoint -- fn = 0, devfn = 240, fn+devfn = 240
[    0.153649] pci_scan_slot -- functionpoint
[    0.153650] pci_scan_single_device -- functionpoint
[    0.153651] pci_get_slot -- functionpoint
[    0.153652] pci_scan_device -- functionpoint
[    0.153654] pci_bus_read_dev_vendor_id -- functionpoint
[    0.153658] functionpoint -- fn = 0, devfn = 248, fn+devfn = 248
[    0.153661] pci_read_bridge_bases -- functionpoint
[    0.153662] pci 0000:02:00.0: PCI bridge to [bus 03] (subtractive decode)
[    0.153676] pci 0000:02:00.0:   bridge window [io  0x3000-0x3fff]
[    0.153682] pci 0000:02:00.0:   bridge window [mem 0xf1000000-0xf10fffff]
[    0.153695] pci 0000:02:00.0:   bridge window [io  0x3000-0x3fff] (subtractive decode)
[    0.153696] pci 0000:02:00.0:   bridge window [mem 0xf1000000-0xf10fffff] (subtractive decode)
[    0.153697] pci_bus 0000:03: functionpoint -- bus scan returning with max=03
[    0.153715] pci_bus 0000:02: functionpoint -- bus scan returning with max=03
[    0.153734] pci_bus 0000:00: functionpoint -- bus scan returning with max=03
[    0.156046] driver_register -- functionpoint
[    0.156047] bus_add_driver -- functionpoint
[    0.156049] functionpoint -- bus: 'acpi': add driver ec
[    0.156056] really_probe -- functionpoint
[    0.156057] functionpoint -- bus: 'acpi': really_probe: probing driver ec with device PNP0C09:01
[    0.156071] ACPI: EC: interrupt unblocked
[    0.156081] ACPI: EC: event unblocked
[    0.156099] ACPI: \_SB_.PCI0.LPCB.EC0_: GPE=0x6e, EC_CMD/EC_SC=0x66, EC_DATA=0x62
[    0.156100] ACPI: \_SB_.PCI0.LPCB.EC0_: Used as boot DSDT EC to handle transactions and events
[    0.156152] pci 0000:00:02.0: vgaarb: setting as boot VGA device
[    0.156152] pci 0000:00:02.0: vgaarb: VGA device added: decodes=io+mem,owns=io+mem,locks=none
[    0.156152] pci 0000:00:02.0: vgaarb: bridge control possible
[    0.156152] vgaarb: loaded
[    0.156152] driver_register -- functionpoint
[    0.156152] bus_add_driver -- functionpoint
[    0.156152] functionpoint -- bus: 'i2c': add driver 88PM860x
[    0.156152] driver_register -- functionpoint
[    0.156152] bus_add_driver -- functionpoint
[    0.156152] functionpoint -- bus: 'i2c': add driver WM8400
[    0.156152] driver_register -- functionpoint
[    0.156152] bus_add_driver -- functionpoint
[    0.156152] functionpoint -- bus: 'i2c': add driver wm831x
[    0.156152] driver_register -- functionpoint
[    0.156152] bus_add_driver -- functionpoint
[    0.156152] functionpoint -- bus: 'spi': add driver wm831x
[    0.156152] driver_register -- functionpoint
[    0.156152] bus_add_driver -- functionpoint
[    0.156152] functionpoint -- bus: 'i2c': add driver wm8350
[    0.156152] driver_register -- functionpoint
[    0.156152] bus_add_driver -- functionpoint
[    0.156152] functionpoint -- bus: 'i2c': add driver tps65910
[    0.156152] driver_register -- functionpoint
[    0.156152] bus_add_driver -- functionpoint
[    0.156152] functionpoint -- bus: 'i2c': add driver tps80031
[    0.156152] driver_register -- functionpoint
[    0.156152] bus_add_driver -- functionpoint
[    0.156152] functionpoint -- bus: 'spi': add driver ezx-pcap
[    0.156152] driver_register -- functionpoint
[    0.156152] bus_add_driver -- functionpoint
[    0.156152] functionpoint -- bus: 'i2c': add driver da903x
[    0.156152] driver_register -- functionpoint
[    0.156152] bus_add_driver -- functionpoint
[    0.156152] functionpoint -- bus: 'spi': add driver da9052
[    0.156152] driver_register -- functionpoint
[    0.156152] bus_add_driver -- functionpoint
[    0.156152] functionpoint -- bus: 'i2c': add driver da9052
[    0.156152] driver_register -- functionpoint
[    0.156152] bus_add_driver -- functionpoint
[    0.156152] functionpoint -- bus: 'i2c': add driver lp8788
[    0.156152] driver_register -- functionpoint
[    0.156152] bus_add_driver -- functionpoint
[    0.156152] functionpoint -- bus: 'i2c': add driver da9055-pmic
[    0.156152] driver_register -- functionpoint
[    0.156152] bus_add_driver -- functionpoint
[    0.156152] functionpoint -- bus: 'i2c': add driver max77843
[    0.156152] driver_register -- functionpoint
[    0.156152] bus_add_driver -- functionpoint
[    0.156152] functionpoint -- bus: 'i2c': add driver max8925
[    0.156152] driver_register -- functionpoint
[    0.156152] bus_add_driver -- functionpoint
[    0.156152] functionpoint -- bus: 'i2c': add driver max8997
[    0.156152] driver_register -- functionpoint
[    0.156152] bus_add_driver -- functionpoint
[    0.156152] functionpoint -- bus: 'i2c': add driver max8998
[    0.156152] driver_register -- functionpoint
[    0.156152] bus_add_driver -- functionpoint
[    0.156152] functionpoint -- bus: 'i2c': add driver ab3100
[    0.156152] driver_register -- functionpoint
[    0.156152] bus_add_driver -- functionpoint
[    0.156152] functionpoint -- bus: 'i2c': add driver tps6586x
[    0.156152] driver_register -- functionpoint
[    0.156152] bus_add_driver -- functionpoint
[    0.156152] functionpoint -- bus: 'i2c': add driver tps65090
[    0.156152] driver_register -- functionpoint
[    0.156152] bus_add_driver -- functionpoint
[    0.156152] functionpoint -- bus: 'i2c': add driver aat2870
[    0.156152] driver_register -- functionpoint
[    0.156152] bus_add_driver -- functionpoint
[    0.156154] functionpoint -- bus: 'i2c': add driver palmas
[    0.156158] driver_register -- functionpoint
[    0.156158] bus_add_driver -- functionpoint
[    0.156160] functionpoint -- bus: 'i2c': add driver rc5t583
[    0.156164] driver_register -- functionpoint
[    0.156165] bus_add_driver -- functionpoint
[    0.156166] functionpoint -- bus: 'i2c': add driver sec_pmic
[    0.156173] driver_register -- functionpoint
[    0.156173] bus_add_driver -- functionpoint
[    0.156175] functionpoint -- bus: 'i2c': add driver as3711
[    0.156185] driver_register -- functionpoint
[    0.156186] bus_add_driver -- functionpoint
[    0.156187] functionpoint -- bus: 'nd': add driver nd_bus
[    0.156193] driver_register -- functionpoint
[    0.156193] bus_add_driver -- functionpoint
[    0.156194] functionpoint -- bus: 'nd': add driver nvdimm
[    0.156199] driver_register -- functionpoint
[    0.156199] bus_add_driver -- functionpoint
[    0.156201] functionpoint -- bus: 'nd': add driver nd_region
[    0.156261] SCSI subsystem initialized
[    0.156272] libata version 3.00 loaded.
[    0.156272] driver_register -- functionpoint
[    0.156272] bus_add_driver -- functionpoint
[    0.156272] functionpoint -- bus: 'mdio_bus': add driver Generic 10G PHY
[    0.156272] driver_register -- functionpoint
[    0.156272] bus_add_driver -- functionpoint
[    0.156272] functionpoint -- bus: 'mdio_bus': add driver Generic PHY
[    0.156272] ACPI: bus type USB registered
[    0.156272] driver_register -- functionpoint
[    0.156272] bus_add_driver -- functionpoint
[    0.156272] functionpoint -- bus: 'usb': add driver usbfs
[    0.156272] usbcore: registered new interface driver usbfs
[    0.156272] driver_register -- functionpoint
[    0.156272] bus_add_driver -- functionpoint
[    0.156272] functionpoint -- bus: 'usb': add driver hub
[    0.156272] usbcore: registered new interface driver hub
[    0.156272] driver_register -- functionpoint
[    0.156272] bus_add_driver -- functionpoint
[    0.156272] functionpoint -- bus: 'usb': add driver usb
[    0.156272] usbcore: registered new device driver usb
[    0.156272] driver_register -- functionpoint
[    0.156272] bus_add_driver -- functionpoint
[    0.156272] functionpoint -- bus: 'platform': add driver i2c_designware
[    0.156272] EDAC MC: Ver: 3.0.0
[    0.156272] Registered efivars operations
[    0.188023] start pci_subsys_init -- functionpoint
[    0.188024] PCI: Using ACPI for IRQ routing
[    0.188026] pci_find_bus -- functionpoint
[    0.188027] functionpoint -- domain_num = 0, bus_num = 0
[    0.188029] pci_find_next_bus -- functionpoint
[    0.188030] found bus -- functionpoint
[    0.188031] pci_find_bus -- functionpoint
[    0.188033] functionpoint -- domain_num = 0, bus_num = 1
[    0.188035] pci_find_next_bus -- functionpoint
[    0.188035] found bus -- functionpoint
[    0.188037] pci_find_bus -- functionpoint
[    0.188038] functionpoint -- domain_num = 0, bus_num = 2
[    0.188041] pci_find_next_bus -- functionpoint
[    0.188041] found bus -- functionpoint
[    0.188042] pci_find_bus -- functionpoint
[    0.188044] functionpoint -- domain_num = 0, bus_num = 3
[    0.188046] pci_find_next_bus -- functionpoint
[    0.188046] found bus -- functionpoint
[    0.188048] pci_find_bus -- functionpoint
[    0.188049] functionpoint -- domain_num = 0, bus_num = 4
[    0.188052] pci_find_next_bus -- functionpoint
[    0.188052] pci_find_next_bus -- functionpoint
[    0.188053] not found bus -- functionpoint
[    0.188385] pci_find_bus -- functionpoint
[    0.188386] functionpoint -- domain_num = 0, bus_num = 5
[    0.188389] pci_find_next_bus -- functionpoint
[    0.188389] pci_find_next_bus -- functionpoint
[    0.188390] not found bus -- functionpoint
[    0.188729] pci_find_bus -- functionpoint
[    0.188731] functionpoint -- domain_num = 0, bus_num = 6
[    0.188733] pci_find_next_bus -- functionpoint
[    0.188734] pci_find_next_bus -- functionpoint
[    0.188735] not found bus -- functionpoint
[    0.189063] pci_find_bus -- functionpoint
[    0.189065] functionpoint -- domain_num = 0, bus_num = 7
[    0.189067] pci_find_next_bus -- functionpoint
[    0.189068] pci_find_next_bus -- functionpoint
[    0.189069] not found bus -- functionpoint
[    0.189397] pci_find_bus -- functionpoint
[    0.189399] functionpoint -- domain_num = 0, bus_num = 8
[    0.189401] pci_find_next_bus -- functionpoint
[    0.189402] pci_find_next_bus -- functionpoint
[    0.189403] not found bus -- functionpoint
[    0.189725] pci_find_bus -- functionpoint
[    0.189726] functionpoint -- domain_num = 0, bus_num = 9
[    0.189728] pci_find_next_bus -- functionpoint
[    0.189729] pci_find_next_bus -- functionpoint
[    0.189730] not found bus -- functionpoint
[    0.190062] pci_find_bus -- functionpoint
[    0.190063] functionpoint -- domain_num = 0, bus_num = 10
[    0.190066] pci_find_next_bus -- functionpoint
[    0.190066] pci_find_next_bus -- functionpoint
[    0.190067] not found bus -- functionpoint
[    0.190379] pci_find_bus -- functionpoint
[    0.190380] functionpoint -- domain_num = 0, bus_num = 11
[    0.190382] pci_find_next_bus -- functionpoint
[    0.190383] pci_find_next_bus -- functionpoint
[    0.190384] not found bus -- functionpoint
[    0.190712] pci_find_bus -- functionpoint
[    0.190714] functionpoint -- domain_num = 0, bus_num = 12
[    0.190716] pci_find_next_bus -- functionpoint
[    0.190717] pci_find_next_bus -- functionpoint
[    0.190718] not found bus -- functionpoint
[    0.191046] pci_find_bus -- functionpoint
[    0.191048] functionpoint -- domain_num = 0, bus_num = 13
[    0.191050] pci_find_next_bus -- functionpoint
[    0.191050] pci_find_next_bus -- functionpoint
[    0.191052] not found bus -- functionpoint
[    0.191052] pci_find_bus -- functionpoint
[    0.191052] functionpoint -- domain_num = 0, bus_num = 14
[    0.191052] pci_find_next_bus -- functionpoint
[    0.191052] pci_find_next_bus -- functionpoint
[    0.191052] not found bus -- functionpoint
[    0.191052] pci_find_bus -- functionpoint
[    0.191052] functionpoint -- domain_num = 0, bus_num = 15
[    0.191052] pci_find_next_bus -- functionpoint
[    0.191052] pci_find_next_bus -- functionpoint
[    0.191052] not found bus -- functionpoint
[    0.191052] pci_find_bus -- functionpoint
[    0.191052] functionpoint -- domain_num = 0, bus_num = 16
[    0.191052] pci_find_next_bus -- functionpoint
[    0.191052] pci_find_next_bus -- functionpoint
[    0.191052] not found bus -- functionpoint
[    0.191052] pci_find_bus -- functionpoint
[    0.191052] functionpoint -- domain_num = 0, bus_num = 17
[    0.191052] pci_find_next_bus -- functionpoint
[    0.191052] pci_find_next_bus -- functionpoint
[    0.191052] not found bus -- functionpoint
[    0.191052] pci_find_bus -- functionpoint
[    0.191052] functionpoint -- domain_num = 0, bus_num = 18
[    0.191052] pci_find_next_bus -- functionpoint
[    0.191052] pci_find_next_bus -- functionpoint
[    0.191052] not found bus -- functionpoint
[    0.191052] pci_find_bus -- functionpoint
[    0.191052] functionpoint -- domain_num = 0, bus_num = 19
[    0.191052] pci_find_next_bus -- functionpoint
[    0.191052] pci_find_next_bus -- functionpoint
[    0.191052] not found bus -- functionpoint
[    0.191052] pci_find_bus -- functionpoint
[    0.191052] functionpoint -- domain_num = 0, bus_num = 20
[    0.191052] pci_find_next_bus -- functionpoint
[    0.191052] pci_find_next_bus -- functionpoint
[    0.191052] not found bus -- functionpoint
[    0.191052] pci_find_bus -- functionpoint
[    0.191052] functionpoint -- domain_num = 0, bus_num = 21
[    0.191052] pci_find_next_bus -- functionpoint
[    0.191052] pci_find_next_bus -- functionpoint
[    0.191052] not found bus -- functionpoint
[    0.191052] pci_find_bus -- functionpoint
[    0.191052] functionpoint -- domain_num = 0, bus_num = 22
[    0.191052] pci_find_next_bus -- functionpoint
[    0.191052] pci_find_next_bus -- functionpoint
[    0.191052] not found bus -- functionpoint
[    0.191093] pci_find_bus -- functionpoint
[    0.191094] functionpoint -- domain_num = 0, bus_num = 23
[    0.191097] pci_find_next_bus -- functionpoint
[    0.191097] pci_find_next_bus -- functionpoint
[    0.191098] not found bus -- functionpoint
[    0.191409] pci_find_bus -- functionpoint
[    0.191411] functionpoint -- domain_num = 0, bus_num = 24
[    0.191413] pci_find_next_bus -- functionpoint
[    0.191413] pci_find_next_bus -- functionpoint
[    0.191415] not found bus -- functionpoint
[    0.191754] pci_find_bus -- functionpoint
[    0.191755] functionpoint -- domain_num = 0, bus_num = 25
[    0.191757] pci_find_next_bus -- functionpoint
[    0.191758] pci_find_next_bus -- functionpoint
[    0.191759] not found bus -- functionpoint
[    0.192095] pci_find_bus -- functionpoint
[    0.192096] functionpoint -- domain_num = 0, bus_num = 26
[    0.192099] pci_find_next_bus -- functionpoint
[    0.192099] pci_find_next_bus -- functionpoint
[    0.192101] not found bus -- functionpoint
[    0.192440] pci_find_bus -- functionpoint
[    0.192441] functionpoint -- domain_num = 0, bus_num = 27
[    0.192443] pci_find_next_bus -- functionpoint
[    0.192444] pci_find_next_bus -- functionpoint
[    0.192445] not found bus -- functionpoint
[    0.192784] pci_find_bus -- functionpoint
[    0.192785] functionpoint -- domain_num = 0, bus_num = 28
[    0.192788] pci_find_next_bus -- functionpoint
[    0.192788] pci_find_next_bus -- functionpoint
[    0.192789] not found bus -- functionpoint
[    0.193117] pci_find_bus -- functionpoint
[    0.193119] functionpoint -- domain_num = 0, bus_num = 29
[    0.193121] pci_find_next_bus -- functionpoint
[    0.193121] pci_find_next_bus -- functionpoint
[    0.193123] not found bus -- functionpoint
[    0.193451] pci_find_bus -- functionpoint
[    0.193453] functionpoint -- domain_num = 0, bus_num = 30
[    0.193455] pci_find_next_bus -- functionpoint
[    0.193456] pci_find_next_bus -- functionpoint
[    0.193457] not found bus -- functionpoint
[    0.193796] pci_find_bus -- functionpoint
[    0.193797] functionpoint -- domain_num = 0, bus_num = 31
[    0.193800] pci_find_next_bus -- functionpoint
[    0.193800] pci_find_next_bus -- functionpoint
[    0.193801] not found bus -- functionpoint
[    0.194140] pci_find_bus -- functionpoint
[    0.194141] functionpoint -- domain_num = 0, bus_num = 32
[    0.194144] pci_find_next_bus -- functionpoint
[    0.194144] pci_find_next_bus -- functionpoint
[    0.194145] not found bus -- functionpoint
[    0.194484] pci_find_bus -- functionpoint
[    0.194486] functionpoint -- domain_num = 0, bus_num = 33
[    0.194488] pci_find_next_bus -- functionpoint
[    0.194488] pci_find_next_bus -- functionpoint
[    0.194490] not found bus -- functionpoint
[    0.194812] pci_find_bus -- functionpoint
[    0.194813] functionpoint -- domain_num = 0, bus_num = 34
[    0.194815] pci_find_next_bus -- functionpoint
[    0.194816] pci_find_next_bus -- functionpoint
[    0.194817] not found bus -- functionpoint
[    0.195146] pci_find_bus -- functionpoint
[    0.195147] functionpoint -- domain_num = 0, bus_num = 35
[    0.195149] pci_find_next_bus -- functionpoint
[    0.195150] pci_find_next_bus -- functionpoint
[    0.195151] not found bus -- functionpoint
[    0.195479] pci_find_bus -- functionpoint
[    0.195481] functionpoint -- domain_num = 0, bus_num = 36
[    0.195483] pci_find_next_bus -- functionpoint
[    0.195484] pci_find_next_bus -- functionpoint
[    0.195485] not found bus -- functionpoint
[    0.195824] pci_find_bus -- functionpoint
[    0.195825] functionpoint -- domain_num = 0, bus_num = 37
[    0.195827] pci_find_next_bus -- functionpoint
[    0.195828] pci_find_next_bus -- functionpoint
[    0.195829] not found bus -- functionpoint
[    0.196149] pci_find_bus -- functionpoint
[    0.196150] functionpoint -- domain_num = 0, bus_num = 38
[    0.196153] pci_find_next_bus -- functionpoint
[    0.196153] pci_find_next_bus -- functionpoint
[    0.196154] not found bus -- functionpoint
[    0.196476] pci_find_bus -- functionpoint
[    0.196477] functionpoint -- domain_num = 0, bus_num = 39
[    0.196480] pci_find_next_bus -- functionpoint
[    0.196480] pci_find_next_bus -- functionpoint
[    0.196481] not found bus -- functionpoint
[    0.196810] pci_find_bus -- functionpoint
[    0.196811] functionpoint -- domain_num = 0, bus_num = 40
[    0.196814] pci_find_next_bus -- functionpoint
[    0.196814] pci_find_next_bus -- functionpoint
[    0.196815] not found bus -- functionpoint
[    0.197144] pci_find_bus -- functionpoint
[    0.197145] functionpoint -- domain_num = 0, bus_num = 41
[    0.197148] pci_find_next_bus -- functionpoint
[    0.197148] pci_find_next_bus -- functionpoint
[    0.197150] not found bus -- functionpoint
[    0.197478] pci_find_bus -- functionpoint
[    0.197480] functionpoint -- domain_num = 0, bus_num = 42
[    0.197482] pci_find_next_bus -- functionpoint
[    0.197482] pci_find_next_bus -- functionpoint
[    0.197484] not found bus -- functionpoint
[    0.197812] pci_find_bus -- functionpoint
[    0.197813] functionpoint -- domain_num = 0, bus_num = 43
[    0.197816] pci_find_next_bus -- functionpoint
[    0.197816] pci_find_next_bus -- functionpoint
[    0.197817] not found bus -- functionpoint
[    0.198146] pci_find_bus -- functionpoint
[    0.198147] functionpoint -- domain_num = 0, bus_num = 44
[    0.198150] pci_find_next_bus -- functionpoint
[    0.198150] pci_find_next_bus -- functionpoint
[    0.198151] not found bus -- functionpoint
[    0.198490] pci_find_bus -- functionpoint
[    0.198492] functionpoint -- domain_num = 0, bus_num = 45
[    0.198494] pci_find_next_bus -- functionpoint
[    0.198494] pci_find_next_bus -- functionpoint
[    0.198496] not found bus -- functionpoint
[    0.198824] pci_find_bus -- functionpoint
[    0.198825] functionpoint -- domain_num = 0, bus_num = 46
[    0.198828] pci_find_next_bus -- functionpoint
[    0.198828] pci_find_next_bus -- functionpoint
[    0.198829] not found bus -- functionpoint
[    0.199157] pci_find_bus -- functionpoint
[    0.199159] functionpoint -- domain_num = 0, bus_num = 47
[    0.199161] pci_find_next_bus -- functionpoint
[    0.199162] pci_find_next_bus -- functionpoint
[    0.199163] not found bus -- functionpoint
[    0.199491] pci_find_bus -- functionpoint
[    0.199492] functionpoint -- domain_num = 0, bus_num = 48
[    0.199495] pci_find_next_bus -- functionpoint
[    0.199495] pci_find_next_bus -- functionpoint
[    0.199497] not found bus -- functionpoint
[    0.199836] pci_find_bus -- functionpoint
[    0.199837] functionpoint -- domain_num = 0, bus_num = 49
[    0.199839] pci_find_next_bus -- functionpoint
[    0.199840] pci_find_next_bus -- functionpoint
[    0.199841] not found bus -- functionpoint
[    0.200159] pci_find_bus -- functionpoint
[    0.200161] functionpoint -- domain_num = 0, bus_num = 50
[    0.200163] pci_find_next_bus -- functionpoint
[    0.200163] pci_find_next_bus -- functionpoint
[    0.200165] not found bus -- functionpoint
[    0.200494] pci_find_bus -- functionpoint
[    0.200495] functionpoint -- domain_num = 0, bus_num = 51
[    0.200497] pci_find_next_bus -- functionpoint
[    0.200498] pci_find_next_bus -- functionpoint
[    0.200499] not found bus -- functionpoint
[    0.200828] pci_find_bus -- functionpoint
[    0.200829] functionpoint -- domain_num = 0, bus_num = 52
[    0.200832] pci_find_next_bus -- functionpoint
[    0.200832] pci_find_next_bus -- functionpoint
[    0.200833] not found bus -- functionpoint
[    0.201162] pci_find_bus -- functionpoint
[    0.201164] functionpoint -- domain_num = 0, bus_num = 53
[    0.201166] pci_find_next_bus -- functionpoint
[    0.201166] pci_find_next_bus -- functionpoint
[    0.201168] not found bus -- functionpoint
[    0.201496] pci_find_bus -- functionpoint
[    0.201497] functionpoint -- domain_num = 0, bus_num = 54
[    0.201500] pci_find_next_bus -- functionpoint
[    0.201500] pci_find_next_bus -- functionpoint
