[    0.000000] microcode: microcode updated early to revision 0xd6, date = 2020-04-23
[    0.000000] Linux version 4.15.9+ (root@Yee-680G4) (gcc version 5.5.0 20171010 (Ubuntu 5.5.0-12ubuntu1~16.04)) #28 SMP Wed Sep 30 19:07:15 CST 2020
[    0.000000] Command line: BOOT_IMAGE=/boot/vmlinuz-4.15.9+ root=UUID=da0e40f1-3840-43a9-b61a-7b465a7673d3 ro quiet splash vt.handoff=7
[    0.000000] KERNEL supported cpus:
[    0.000000]   Intel GenuineIntel
[    0.000000]   AMD AuthenticAMD
[    0.000000]   Centaur CentaurHauls
[    0.000000] x86/fpu: Supporting XSAVE feature 0x001: 'x87 floating point registers'
[    0.000000] x86/fpu: Supporting XSAVE feature 0x002: 'SSE registers'
[    0.000000] x86/fpu: Supporting XSAVE feature 0x004: 'AVX registers'
[    0.000000] x86/fpu: Supporting XSAVE feature 0x008: 'MPX bounds registers'
[    0.000000] x86/fpu: Supporting XSAVE feature 0x010: 'MPX CSR'
[    0.000000] x86/fpu: xstate_offset[2]:  576, xstate_sizes[2]:  256
[    0.000000] x86/fpu: xstate_offset[3]:  832, xstate_sizes[3]:   64
[    0.000000] x86/fpu: xstate_offset[4]:  896, xstate_sizes[4]:   64
[    0.000000] x86/fpu: Enabled xstate features 0x1f, context size is 960 bytes, using 'compacted' format.
[    0.000000] e820: BIOS-provided physical RAM map:
[    0.000000] BIOS-e820: [mem 0x0000000000000000-0x000000000009efff] usable
[    0.000000] BIOS-e820: [mem 0x000000000009f000-0x00000000000fffff] reserved
[    0.000000] BIOS-e820: [mem 0x0000000000100000-0x00000000be6aafff] usable
[    0.000000] BIOS-e820: [mem 0x00000000be6ab000-0x00000000bf98efff] reserved
[    0.000000] BIOS-e820: [mem 0x00000000bf98f000-0x00000000bfb8efff] ACPI NVS
[    0.000000] BIOS-e820: [mem 0x00000000bfb8f000-0x00000000bfc0efff] ACPI data
[    0.000000] BIOS-e820: [mem 0x00000000bfc0f000-0x00000000bfc0ffff] usable
[    0.000000] BIOS-e820: [mem 0x00000000bfc10000-0x00000000d47fffff] reserved
[    0.000000] BIOS-e820: [mem 0x00000000fe010000-0x00000000fe010fff] reserved
[    0.000000] BIOS-e820: [mem 0x00000000ff000000-0x00000000ffffffff] reserved
[    0.000000] BIOS-e820: [mem 0x0000000100000000-0x00000004277fffff] usable
[    0.000000] NX (Execute Disable) protection: active
[    0.000000] efi: EFI v2.60 by HP
[    0.000000] efi:  ACPI=0xbfc0e000  ACPI 2.0=0xbfc0e014  SMBIOS=0xbee75000  ESRT=0xbee76018  MEMATTR=0xaf752018 
[    0.000000] random: fast init done
[    0.000000] SMBIOS 3.1 present.
[    0.000000] DMI: HP HP ProDesk 680 G4 MT/8580, BIOS R04 Ver. 02.11.01 04/27/2020
[    0.000000] e820: update [mem 0x00000000-0x00000fff] usable ==> reserved
[    0.000000] e820: remove [mem 0x000a0000-0x000fffff] usable
[    0.000000] e820: last_pfn = 0x427800 max_arch_pfn = 0x400000000
[    0.000000] MTRR default type: write-back
[    0.000000] MTRR fixed ranges enabled:
[    0.000000]   00000-9FFFF write-back
[    0.000000]   A0000-BFFFF uncachable
[    0.000000]   C0000-FFFFF write-protect
[    0.000000] MTRR variable ranges enabled:
[    0.000000]   0 base 00E0000000 mask 7FE0000000 uncachable
[    0.000000]   1 base 00D0000000 mask 7FF0000000 uncachable
[    0.000000]   2 base 00C8000000 mask 7FF8000000 uncachable
[    0.000000]   3 base 00C4000000 mask 7FFC000000 uncachable
[    0.000000]   4 base 2000000000 mask 6000000000 uncachable
[    0.000000]   5 base 1000000000 mask 7000000000 uncachable
[    0.000000]   6 base 0800000000 mask 7800000000 uncachable
[    0.000000]   7 base 4000000000 mask 4000000000 uncachable
[    0.000000]   8 disabled
[    0.000000]   9 disabled
[    0.000000] x86/PAT: Configuration [0-7]: WB  WC  UC- UC  WB  WP  UC- WT  
[    0.000000] e820: last_pfn = 0xbfc10 max_arch_pfn = 0x400000000
[    0.000000] esrt: Reserving ESRT space from 0x00000000bee76018 to 0x00000000bee76050.
[    0.000000] Scanning 1 areas for low memory corruption
[    0.000000] Base memory trampoline at [        (ptrval)] 99000 size 24576
[    0.000000] Using GB pages for direct mapping
[    0.000000] BRK [0x11553a000, 0x11553afff] PGTABLE
[    0.000000] BRK [0x11553b000, 0x11553bfff] PGTABLE
[    0.000000] BRK [0x11553c000, 0x11553cfff] PGTABLE
[    0.000000] BRK [0x11553d000, 0x11553dfff] PGTABLE
[    0.000000] BRK [0x11553e000, 0x11553efff] PGTABLE
[    0.000000] BRK [0x11553f000, 0x11553ffff] PGTABLE
[    0.000000] BRK [0x115540000, 0x115540fff] PGTABLE
[    0.000000] BRK [0x115541000, 0x115541fff] PGTABLE
[    0.000000] Secure boot could not be determined
[    0.000000] RAMDISK: [mem 0x2332a000-0x3e1b0fff]
[    0.000000] ACPI: Early table checksum verification disabled
[    0.000000] ACPI: RSDP 0x00000000BFC0E014 000024 (v02 HPQOEM)
[    0.000000] ACPI: XSDT 0x00000000BFBC7188 0000DC (v01 HPQOEM SLIC-BPC 00000000 INTL 20160422)
[    0.000000] ACPI: FACP 0x00000000BFC08000 000114 (v06 HPQOEM SLIC-BPC 00000000 HP   00000001)
[    0.000000] ACPI: DSDT 0x00000000BFBE5000 01E092 (v02 HPQOEM 8580     00000000 INTL 20160527)
[    0.000000] ACPI: FACS 0x00000000BFB3F000 000040
[    0.000000] ACPI: SSDT 0x00000000BFC0C000 00012A (v02 HP     ShmTable 00000001 INTL 20160527)
[    0.000000] ACPI: SSDT 0x00000000BFC0A000 001B5F (v02 CpuRef CpuSsdt  00003000 INTL 20160527)
[    0.000000] ACPI: SSDT 0x00000000BFC09000 0009CF (v02 CtdpB  CtdpB    00001000 INTL 20160527)
[    0.000000] ACPI: HPET 0x00000000BFC07000 000038 (v01 HPQOEM 8580     00000001 HP   00000001)
[    0.000000] ACPI: APIC 0x00000000BFC06000 00012C (v03 HPQOEM 8580     00000001 HP   00000001)
[    0.000000] ACPI: MCFG 0x00000000BFC05000 00003C (v01 HPQOEM 8580     00000001 HP   00000001)
[    0.000000] ACPI: WSMT 0x00000000BFC04000 000028 (v01 HPQOEM 8580     00000001 HP   00000001)
[    0.000000] ACPI: SSDT 0x00000000BFBE4000 000734 (v01 HPQOEM PtidDevc 00001000 INTL 20160527)
[    0.000000] ACPI: SSDT 0x00000000BFBE3000 000B27 (v02 HPQOEM HP_XHC_P 00000000 INTL 20160527)
[    0.000000] ACPI: SSDT 0x00000000BFBDF000 0030ED (v02 SaSsdt SaSsdt   00003000 INTL 20160527)
[    0.000000] ACPI: LPIT 0x00000000BFBDE000 000094 (v01 INTEL  CFL      20170001 INTL 20160422)
[    0.000000] ACPI: WSMT 0x00000000BFBDD000 000028 (v01 INTEL  CFL      20170001 INTL 20160422)
[    0.000000] ACPI: SSDT 0x00000000BFBDC000 00044C (v02 INTEL  Wwan     00000001 INTL 20160527)
[    0.000000] ACPI: UEFI 0x00000000BFB39000 000042 (v01 INTEL  CFL      20170001 INTL 20160422)
[    0.000000] ACPI: OEML 0x00000000BFBDB000 000028 (v03 INTEL  CFL      20170001 INTL 20160422)
[    0.000000] ACPI: DMAR 0x00000000BFBDA000 0000C8 (v01 INTEL  CFL      00000002      01000013)
[    0.000000] ACPI: SSDT 0x00000000BFBCB000 00E899 (v01 HP     HPINDTWL 00001000 INTL 20160527)
[    0.000000] ACPI: SSDT 0x00000000BFBCA000 000032 (v01 HP     HPCONDEV 00001000 INTL 20160527)
[    0.000000] ACPI: SSDT 0x00000000BFBC9000 000069 (v01 HP     HPCAHWID 00001000 INTL 20160527)
[    0.000000] ACPI: ASF! 0x00000000BFBC8000 0000A0 (v32 HPQOEM  UYA     20170001 INTL 20160422)
[    0.000000] ACPI: FPDT 0x00000000BFC0D000 000044 (v01 INTEL  CFL      20170001 INTL 20160422)
[    0.000000] ACPI: BGRT 0x00000000BFBC6000 000038 (v01 INTEL  CFL      20170001 INTL 20160422)
[    0.000000] ACPI: Local APIC address 0xfee00000
[    0.000000] No NUMA configuration found
[    0.000000] Faking a node at [mem 0x0000000000000000-0x00000004277fffff]
[    0.000000] NODE_DATA(0) allocated [mem 0x4277d5000-0x4277fffff]
[    0.000000] Zone ranges:
[    0.000000]   DMA      [mem 0x0000000000001000-0x0000000000ffffff]
[    0.000000]   DMA32    [mem 0x0000000001000000-0x00000000ffffffff]
[    0.000000]   Normal   [mem 0x0000000100000000-0x00000004277fffff]
[    0.000000]   Device   empty
[    0.000000] Movable zone start for each node
[    0.000000] Early memory node ranges
[    0.000000]   node   0: [mem 0x0000000000001000-0x000000000009efff]
[    0.000000]   node   0: [mem 0x0000000000100000-0x00000000be6aafff]
[    0.000000]   node   0: [mem 0x00000000bfc0f000-0x00000000bfc0ffff]
[    0.000000]   node   0: [mem 0x0000000100000000-0x00000004277fffff]
[    0.000000] Initmem setup node 0 [mem 0x0000000000001000-0x00000004277fffff]
[    0.000000] On node 0 totalpages: 4087370
[    0.000000]   DMA zone: 64 pages used for memmap
[    0.000000]   DMA zone: 21 pages reserved
[    0.000000]   DMA zone: 3998 pages, LIFO batch:0
[    0.000000]   DMA32 zone: 12123 pages used for memmap
[    0.000000]   DMA32 zone: 775852 pages, LIFO batch:31
[    0.000000]   Normal zone: 51680 pages used for memmap
[    0.000000]   Normal zone: 3307520 pages, LIFO batch:31
[    0.000000] Reserved but unavailable: 99 pages
[    0.000000] tboot: non-0 tboot_addr but it is not of type E820_TYPE_RESERVED
[    0.000000] ACPI: PM-Timer IO Port: 0x1808
[    0.000000] ACPI: Local APIC address 0xfee00000
[    0.000000] ACPI: LAPIC_NMI (acpi_id[0x01] high edge lint[0x1])
[    0.000000] ACPI: LAPIC_NMI (acpi_id[0x02] high edge lint[0x1])
[    0.000000] ACPI: LAPIC_NMI (acpi_id[0x03] high edge lint[0x1])
[    0.000000] ACPI: LAPIC_NMI (acpi_id[0x04] high edge lint[0x1])
[    0.000000] ACPI: LAPIC_NMI (acpi_id[0x05] high edge lint[0x1])
[    0.000000] ACPI: LAPIC_NMI (acpi_id[0x06] high edge lint[0x1])
[    0.000000] ACPI: LAPIC_NMI (acpi_id[0x07] high edge lint[0x1])
[    0.000000] ACPI: LAPIC_NMI (acpi_id[0x08] high edge lint[0x1])
[    0.000000] ACPI: LAPIC_NMI (acpi_id[0x09] high edge lint[0x1])
[    0.000000] ACPI: LAPIC_NMI (acpi_id[0x0a] high edge lint[0x1])
[    0.000000] ACPI: LAPIC_NMI (acpi_id[0x0b] high edge lint[0x1])
[    0.000000] ACPI: LAPIC_NMI (acpi_id[0x0c] high edge lint[0x1])
[    0.000000] ACPI: LAPIC_NMI (acpi_id[0x0d] high edge lint[0x1])
[    0.000000] ACPI: LAPIC_NMI (acpi_id[0x0e] high edge lint[0x1])
[    0.000000] ACPI: LAPIC_NMI (acpi_id[0x0f] high edge lint[0x1])
[    0.000000] ACPI: LAPIC_NMI (acpi_id[0x10] high edge lint[0x1])
[    0.000000] IOAPIC[0]: apic_id 2, version 32, address 0xfec00000, GSI 0-119
[    0.000000] ACPI: INT_SRC_OVR (bus 0 bus_irq 0 global_irq 2 dfl dfl)
[    0.000000] ACPI: INT_SRC_OVR (bus 0 bus_irq 9 global_irq 9 high level)
[    0.000000] ACPI: IRQ0 used by override.
[    0.000000] ACPI: IRQ9 used by override.
[    0.000000] Using ACPI (MADT) for SMP configuration information
[    0.000000] ACPI: HPET id: 0x8086a201 base: 0xfed00000
[    0.000000] smpboot: Allowing 8 CPUs, 0 hotplug CPUs
[    0.000000] PM: Registered nosave memory: [mem 0x00000000-0x00000fff]
[    0.000000] PM: Registered nosave memory: [mem 0x0009f000-0x000fffff]
[    0.000000] PM: Registered nosave memory: [mem 0xbe6ab000-0xbf98efff]
[    0.000000] PM: Registered nosave memory: [mem 0xbf98f000-0xbfb8efff]
[    0.000000] PM: Registered nosave memory: [mem 0xbfb8f000-0xbfc0efff]
[    0.000000] PM: Registered nosave memory: [mem 0xbfc10000-0xd47fffff]
[    0.000000] PM: Registered nosave memory: [mem 0xd4800000-0xfe00ffff]
[    0.000000] PM: Registered nosave memory: [mem 0xfe010000-0xfe010fff]
[    0.000000] PM: Registered nosave memory: [mem 0xfe011000-0xfeffffff]
[    0.000000] PM: Registered nosave memory: [mem 0xff000000-0xffffffff]
[    0.000000] e820: [mem 0xd4800000-0xfe00ffff] available for PCI devices
[    0.000000] Booting paravirtualized kernel on bare hardware
[    0.000000] clocksource: refined-jiffies: mask: 0xffffffff max_cycles: 0xffffffff, max_idle_ns: 7645519600211568 ns
[    0.000000] setup_percpu: NR_CPUS:8192 nr_cpumask_bits:8 nr_cpu_ids:8 nr_node_ids:1
[    0.000000] percpu: Embedded 46 pages/cpu @        (ptrval) s151552 r8192 d28672 u262144
[    0.000000] pcpu-alloc: s151552 r8192 d28672 u262144 alloc=1*2097152
[    0.000000] pcpu-alloc: [0] 0 1 2 3 4 5 6 7 
[    0.000000] Built 1 zonelists, mobility grouping on.  Total pages: 4023482
[    0.000000] Policy zone: Normal
[    0.000000] Kernel command line: BOOT_IMAGE=/boot/vmlinuz-4.15.9+ root=UUID=da0e40f1-3840-43a9-b61a-7b465a7673d3 ro quiet splash vt.handoff=7
[    0.000000] Calgary: detecting Calgary via BIOS EBDA area
[    0.000000] Calgary: Unable to locate Rio Grande table in EBDA - bailing!
[    0.000000] Memory: 15453832K/16349480K available (12300K kernel code, 2470K rwdata, 4196K rodata, 2388K init, 2416K bss, 895648K reserved, 0K cma-reserved)
[    0.000000] SLUB: HWalign=64, Order=0-3, MinObjects=0, CPUs=8, Nodes=1
[    0.000000] ftrace: allocating 38976 entries in 153 pages
[    0.000000] Hierarchical RCU implementation.
[    0.000000] 	RCU restricting CPUs from NR_CPUS=8192 to nr_cpu_ids=8.
[    0.000000] 	Tasks RCU enabled.
[    0.000000] RCU: Adjusting geometry for rcu_fanout_leaf=16, nr_cpu_ids=8
[    0.000000] NR_IRQS: 524544, nr_irqs: 2048, preallocated irqs: 16
[    0.000000] Console: colour dummy device 80x25
[    0.000000] console [tty0] enabled
[    0.000000] ACPI: Core revision 20170831
[    0.000000] ACPI Error: [\_SB_.PCI0.XHC_.RHUB.HS11] Namespace lookup failure, AE_NOT_FOUND (20170831/dswload-210)
[    0.000000] ACPI Exception: AE_NOT_FOUND, During name lookup/catalog (20170831/psobject-252)
[    0.000000] ACPI Exception: AE_NOT_FOUND, (SSDT:HP_XHC_P) while loading table (20170831/tbxfload-228)
[    0.000000] ACPI Error: 1 table load failures, 10 successful (20170831/tbxfload-246)
[    0.000000] clocksource: hpet: mask: 0xffffffff max_cycles: 0xffffffff, max_idle_ns: 79635855245 ns
[    0.000000] hpet clockevent registered
[    0.004000] APIC: Switch to symmetric I/O mode setup
[    0.004000] DMAR: Host address width 39
[    0.004000] DMAR: DRHD base: 0x000000fed90000 flags: 0x0
[    0.004000] DMAR: dmar0: reg_base_addr fed90000 ver 1:0 cap 1c0000c40660462 ecap 19e2ff0505e
[    0.004000] DMAR: DRHD base: 0x000000fed91000 flags: 0x1
[    0.004000] DMAR: dmar1: reg_base_addr fed91000 ver 1:0 cap d2008c40660462 ecap f050da
[    0.004000] DMAR: RMRR base: 0x000000bf81d000 end: 0x000000bf83cfff
[    0.004000] DMAR: RMRR base: 0x000000c4000000 end: 0x000000d47fffff
[    0.004000] DMAR: RMRR base: 0x000000bf86e000 end: 0x000000bf8edfff
[    0.004000] DMAR-IR: IOAPIC id 2 under DRHD base  0xfed91000 IOMMU 1
[    0.004000] DMAR-IR: HPET id 0 under DRHD base 0xfed91000
[    0.004000] DMAR-IR: Queued invalidation will be enabled to support x2apic and Intr-remapping.
[    0.004000] DMAR-IR: Enabled IRQ remapping in x2apic mode
[    0.004000] x2apic enabled
[    0.004000] Switched APIC routing to cluster x2apic.
[    0.016000] ..TIMER: vector=0x30 apic1=0 pin1=2 apic2=-1 pin2=-1
[    0.036000] tsc: Detected 3000.000 MHz processor
[    0.036000] Calibrating delay loop (skipped), value calculated using timer frequency.. 6000.00 BogoMIPS (lpj=12000000)
[    0.036000] pid_max: default: 32768 minimum: 301
[    0.036000] Security Framework initialized
[    0.036000] Yama: becoming mindful.
[    0.036000] AppArmor: AppArmor initialized
[    0.036000] Dentry cache hash table entries: 2097152 (order: 12, 16777216 bytes)
[    0.036000] Inode-cache hash table entries: 1048576 (order: 11, 8388608 bytes)
[    0.036000] Mount-cache hash table entries: 32768 (order: 6, 262144 bytes)
[    0.036000] Mountpoint-cache hash table entries: 32768 (order: 6, 262144 bytes)
[    0.036000] CPU: Physical Processor ID: 0
[    0.036000] CPU: Processor Core ID: 0
[    0.036000] ENERGY_PERF_BIAS: Set to 'normal', was 'performance'
[    0.036000] ENERGY_PERF_BIAS: View and update with x86_energy_perf_policy(8)
[    0.036000] mce: CPU supports 14 MCE banks
[    0.036000] CPU0: Thermal monitoring enabled (TM1)
[    0.036000] process: using mwait in idle threads
[    0.036000] Last level iTLB entries: 4KB 128, 2MB 8, 4MB 8
[    0.036000] Last level dTLB entries: 4KB 64, 2MB 0, 4MB 0, 1GB 4
[    0.036000] Spectre V2 : Mitigation: Full generic retpoline
[    0.036000] Spectre V2 : Spectre v2 mitigation: Filling RSB on context switch
[    0.036000] Spectre V2 : Spectre v2 mitigation: Enabling Indirect Branch Prediction Barrier
[    0.036000] Freeing SMP alternatives memory: 36K
[    0.042679] TSC deadline timer enabled
[    0.042690] smpboot: CPU0: Intel(R) Core(TM) i7-9700 CPU @ 3.00GHz (family: 0x6, model: 0x9e, stepping: 0xd)
[    0.042742] Performance Events: PEBS fmt3+, Skylake events, 32-deep LBR, full-width counters, Intel PMU driver.
[    0.042771] ... version:                4
[    0.042771] ... bit width:              48
[    0.042772] ... generic registers:      8
[    0.042772] ... value mask:             0000ffffffffffff
[    0.042773] ... max period:             00007fffffffffff
[    0.042773] ... fixed-purpose events:   3
[    0.042774] ... event mask:             00000007000000ff
[    0.042804] Hierarchical SRCU implementation.
[    0.043744] NMI watchdog: Enabled. Permanently consumes one hw-PMU counter.
[    0.043754] smp: Bringing up secondary CPUs ...
[    0.043815] x86: Booting SMP configuration:
[    0.043816] .... node  #0, CPUs:      #1 #2 #3 #4 #5 #6 #7
[    0.053418] smp: Brought up 1 node, 8 CPUs
[    0.053418] smpboot: Max logical packages: 1
[    0.053418] smpboot: Total of 8 processors activated (48000.00 BogoMIPS)
[    0.056282] devtmpfs: initialized
[    0.056282] x86/mm: Memory block size: 128MB
[    0.057014] evm: security.selinux
[    0.057015] evm: security.SMACK64
[    0.057015] evm: security.SMACK64EXEC
[    0.057016] evm: security.SMACK64TRANSMUTE
[    0.057016] evm: security.SMACK64MMAP
[    0.057016] evm: security.apparmor
[    0.057017] evm: security.ima
[    0.057017] evm: security.capability
[    0.057030] PM: Registering ACPI NVS region [mem 0xbf98f000-0xbfb8efff] (2097152 bytes)
[    0.057030] clocksource: jiffies: mask: 0xffffffff max_cycles: 0xffffffff, max_idle_ns: 7645041785100000 ns
[    0.057030] futex hash table entries: 2048 (order: 5, 131072 bytes)
[    0.057030] pinctrl core: initialized pinctrl subsystem
[    0.057030] driver_register -- functionpoint
[    0.057030] bus_add_driver -- functionpoint
[    0.057030] functionpoint -- bus: 'platform': add driver reg-dummy
[    0.057030] really_probe -- functionpoint
[    0.057030] functionpoint -- bus: 'platform': really_probe: probing driver reg-dummy with device reg-dummy
[    0.057030] RTC time:  6:44:11, date: 10/10/20
[    0.057030] NET: Registered protocol family 16
[    0.057030] audit: initializing netlink subsys (disabled)
[    0.057030] audit: type=2000 audit(1602312251.056:1): state=initialized audit_enabled=0 res=1
[    0.057030] driver_register -- functionpoint
[    0.057030] bus_add_driver -- functionpoint
[    0.057030] functionpoint -- bus: 'platform': add driver sram
[    0.057030] driver_register -- functionpoint
[    0.057030] bus_add_driver -- functionpoint
[    0.057030] functionpoint -- bus: 'platform': add driver syscon
[    0.057030] driver_register -- functionpoint
[    0.057030] bus_add_driver -- functionpoint
[    0.057030] functionpoint -- bus: 'i2c': add driver dummy
[    0.057030] cpuidle: using governor ladder
[    0.057030] cpuidle: using governor menu
[    0.057030] ACPI FADT declares the system doesn't support PCIe ASPM, so disable it
[    0.057030] ACPI: bus type PCI registered
[    0.057030] acpiphp: ACPI Hot Plug PCI Controller Driver version: 0.5
[    0.057030] start pci_arch_init -- functionpoint
[    0.057030] PCI: MMCONFIG for domain 0000 [bus 00-3f] at [mem 0xf8000000-0xfbffffff] (base 0xf8000000)
[    0.057030] PCI: not using MMCONFIG
[    0.057030] PCI: Using configuration type 1 for base access
[    0.057030] end pci_arch_init -- functionpoint
[    0.057119] HugeTLB registered 1.00 GiB page size, pre-allocated 0 pages
[    0.057119] HugeTLB registered 2.00 MiB page size, pre-allocated 0 pages
[    0.057120] driver_register -- functionpoint
[    0.057120] bus_add_driver -- functionpoint
[    0.057120] functionpoint -- bus: 'i2c': add driver sx150x-pinctrl
[    0.057120] driver_register -- functionpoint
[    0.057120] bus_add_driver -- functionpoint
[    0.057120] functionpoint -- bus: 'platform': add driver byt_gpio
[    0.057120] driver_register -- functionpoint
[    0.057120] bus_add_driver -- functionpoint
[    0.057120] functionpoint -- bus: 'platform': add driver cherryview-pinctrl
[    0.057120] driver_register -- functionpoint
[    0.057120] bus_add_driver -- functionpoint
[    0.057120] functionpoint -- bus: 'platform': add driver lp_gpio
[    0.057120] driver_register -- functionpoint
[    0.057120] bus_add_driver -- functionpoint
[    0.057120] functionpoint -- bus: 'platform': add driver rc5t583-gpio
[    0.057120] driver_register -- functionpoint
[    0.057120] bus_add_driver -- functionpoint
[    0.057120] functionpoint -- bus: 'platform': add driver palmas-gpio
[    0.057120] driver_register -- functionpoint
[    0.057120] bus_add_driver -- functionpoint
[    0.057120] functionpoint -- bus: 'platform': add driver tps6586x-gpio
[    0.057120] driver_register -- functionpoint
[    0.057120] bus_add_driver -- functionpoint
[    0.057120] functionpoint -- bus: 'platform': add driver tps65910-gpio
[    0.057120] ACPI: Added _OSI(Module Device)
[    0.057120] ACPI: Added _OSI(Processor Device)
[    0.057120] ACPI: Added _OSI(3.0 _SCP Extensions)
[    0.057120] ACPI: Added _OSI(Processor Aggregator Device)
[    0.061857] ACPI: Executed 30 blocks of module-level executable AML code
[    0.072039] ACPI: [Firmware Bug]: BIOS _OSI(Linux) query ignored
[    0.080318] ACPI: Dynamic OEM Table Load:
[    0.080329] ACPI: SSDT 0xFFFF938754FB2700 0000F4 (v02 PmRef  Cpu0Psd  00003000 INTL 20160527)
[    0.080559] ACPI: Executed 1 blocks of module-level executable AML code
[    0.080680] ACPI: \_SB_.PR00: _OSC native thermal LVT Acked
[    0.081642] ACPI: Dynamic OEM Table Load:
[    0.081647] ACPI: SSDT 0xFFFF938754FBFC00 000400 (v02 PmRef  Cpu0Cst  00003001 INTL 20160527)
[    0.081872] ACPI: Executed 1 blocks of module-level executable AML code
[    0.082107] ACPI: Dynamic OEM Table Load:
[    0.082112] ACPI: SSDT 0xFFFF938754EF7000 000605 (v02 PmRef  Cpu0Ist  00003000 INTL 20160527)
[    0.082317] ACPI: Executed 1 blocks of module-level executable AML code
[    0.082512] ACPI: Dynamic OEM Table Load:
[    0.082516] ACPI: SSDT 0xFFFF938754F36000 000149 (v02 PmRef  Cpu0Hwp  00003000 INTL 20160527)
[    0.082711] ACPI: Executed 2 blocks of module-level executable AML code
[    0.082884] ACPI: Dynamic OEM Table Load:
[    0.082890] ACPI: SSDT 0xFFFF938754EF6800 000724 (v02 PmRef  HwpLvt   00003000 INTL 20160527)
[    0.083072] ACPI: Executed 1 blocks of module-level executable AML code
[    0.083569] ACPI: Dynamic OEM Table Load:
[    0.083574] ACPI: SSDT 0xFFFF938754EF4800 0005FC (v02 PmRef  ApIst    00003000 INTL 20160527)
[    0.083976] ACPI: Executed 1 blocks of module-level executable AML code
[    0.084175] ACPI: Dynamic OEM Table Load:
[    0.084180] ACPI: SSDT 0xFFFF938754FBE800 000317 (v02 PmRef  ApHwp    00003000 INTL 20160527)
[    0.084457] ACPI: Executed 1 blocks of module-level executable AML code
[    0.084779] ACPI: Dynamic OEM Table Load:
[    0.084784] ACPI: SSDT 0xFFFF938757146000 000AB0 (v02 PmRef  ApPsd    00003000 INTL 20160527)
[    0.085636] ACPI: Executed 1 blocks of module-level executable AML code
[    0.085835] ACPI: Dynamic OEM Table Load:
[    0.085840] ACPI: SSDT 0xFFFF938754FB8000 00030A (v02 PmRef  ApCst    00003000 INTL 20160527)
[    0.086118] ACPI: Executed 1 blocks of module-level executable AML code
[    0.089077] ACPI: EC: EC started
[    0.089077] ACPI: EC: interrupt blocked
[    0.089094] ACPI: \_SB_.PCI0.LPCB.EC0_: Used as first EC
[    0.089095] ACPI: \_SB_.PCI0.LPCB.EC0_: GPE=0x6e, EC_CMD/EC_SC=0x66, EC_DATA=0x62
[    0.089096] ACPI: \_SB_.PCI0.LPCB.EC0_: Used as boot DSDT EC to handle transactions
[    0.089096] ACPI: Interpreter enabled
[    0.089146] ACPI: (supports S0 S3 S4 S5)
[    0.089148] ACPI: Using IOAPIC for interrupt routing
[    0.089188] PCI: MMCONFIG for domain 0000 [bus 00-3f] at [mem 0xf8000000-0xfbffffff] (base 0xf8000000)
[    0.091849] PCI: MMCONFIG at [mem 0xf8000000-0xfbffffff] reserved in ACPI motherboard resources
[    0.091854] acpi_pci_root_init --functionpoint
[    0.091854] acpi_hest_init -- functionpoint
[    0.091859] PCI: Using host bridge windows from ACPI; if necessary, use "pci=nocrs" and report a bug
[    0.092257] driver_register -- functionpoint
[    0.092258] bus_add_driver -- functionpoint
[    0.092260] functionpoint -- bus: 'platform': add driver clk-lpt
[    0.092317] ACPI: Enabled 4 GPEs in block 00 to 7F
[    0.092319] acpi_bus_scan -- functionpoint
[    0.099248] ACPI: Power Resource [USBC] (on)
[    0.100073] ACPI: Power Resource [WRST] (on)
[    0.100482] ACPI: Power Resource [WRST] (on)
[    0.100881] ACPI: Power Resource [WRST] (on)
[    0.101283] ACPI: Power Resource [WRST] (on)
[    0.101692] ACPI: Power Resource [WRST] (on)
[    0.102090] ACPI: Power Resource [WRST] (on)
[    0.102491] ACPI: Power Resource [WRST] (on)
[    0.102894] ACPI: Power Resource [WRST] (on)
[    0.103295] ACPI: Power Resource [WRST] (on)
[    0.103693] ACPI: Power Resource [WRST] (on)
[    0.104096] ACPI: Power Resource [WRST] (on)
[    0.104498] ACPI: Power Resource [WRST] (on)
[    0.104897] ACPI: Power Resource [WRST] (on)
[    0.105298] ACPI: Power Resource [WRST] (on)
[    0.105706] ACPI: Power Resource [WRST] (on)
[    0.106104] ACPI: Power Resource [WRST] (on)
[    0.106506] ACPI: Power Resource [WRST] (on)
[    0.106912] ACPI: Power Resource [WRST] (on)
[    0.107319] ACPI: Power Resource [WRST] (on)
[    0.107730] ACPI: Power Resource [WRST] (on)
[    0.109441] ACPI: Power Resource [V0PR] (on)
[    0.109654] ACPI: Power Resource [V1PR] (on)
[    0.109863] ACPI: Power Resource [V2PR] (on)
[    0.114474] ACPI: Power Resource [WRST] (on)
[    0.116686] acpi_pci_root_add -- functionpoint
[    0.117076] ACPI: PCI Root Bridge [PCI0] (domain 0000 [bus 00-3e])
[    0.117079] ACPI: functionpoint -- PCI Root Bridge [PCI0] (domain 0000 [bus 00-3e])
[    0.117086] acpi PNP0A08:00: _OSC: OS supports [ExtendedConfig ASPM ClockPM Segments MSI]
[    0.120476] acpi PNP0A08:00: _OSC: OS now controls [PCIeHotplug PME AER PCIeCapability]
[    0.120477] acpi PNP0A08:00: FADT indicates ASPM is unsupported, using BIOS configuration
[    0.120491] pci_acpi_scan_root -- functionpoint
[    0.120492] pci_find_bus -- functionpoint
[    0.120494] functionpoint -- domain_num = 0, bus_num = 0
[    0.120497] pci_find_next_bus -- functionpoint
[    0.120497] not found bus -- functionpoint
[    0.120511] acpi_pci_root_create -- functionpoint
[    0.120895] pci_create_root_bus -- functionpoint
[    0.120897] pci_alloc_host_bridge -- functionpoint
[    0.120899] pci_register_host_bridge -- functionpoint
[    0.120900] pci_find_bus -- functionpoint
[    0.120902] functionpoint -- domain_num = 0, bus_num = 0
[    0.120904] pci_find_next_bus -- functionpoint
[    0.120905] not found bus -- functionpoint
[    0.121973] pci_bus_read_dev_vendor_id -- functionpoint
[    0.121984] pci_bus_read_dev_vendor_id -- functionpoint
[    0.122000] pci_bus_read_dev_vendor_id -- functionpoint
[    0.122022] pci_bus_read_dev_vendor_id -- functionpoint
[    0.122033] pci_bus_read_dev_vendor_id -- functionpoint
[    0.122047] pci_bus_read_dev_vendor_id -- functionpoint
[    0.122054] pci_bus_read_dev_vendor_id -- functionpoint
[    0.122068] pci_bus_read_dev_vendor_id -- functionpoint
[    0.122081] pci_bus_read_dev_vendor_id -- functionpoint
[    0.122086] pci_bus_read_dev_vendor_id -- functionpoint
[    0.122097] pci_bus_read_dev_vendor_id -- functionpoint
[    0.122146] pci_bus_read_dev_vendor_id -- functionpoint
[    0.122206] pci_bus_read_dev_vendor_id -- functionpoint
[    0.122256] pci_bus_read_dev_vendor_id -- functionpoint
[    0.122308] pci_bus_read_dev_vendor_id -- functionpoint
[    0.122360] pci_bus_read_dev_vendor_id -- functionpoint
[    0.122413] pci_bus_read_dev_vendor_id -- functionpoint
[    0.122465] pci_bus_read_dev_vendor_id -- functionpoint
[    0.122514] pci_bus_read_dev_vendor_id -- functionpoint
[    0.122568] pci_bus_read_dev_vendor_id -- functionpoint
[    0.122621] pci_bus_read_dev_vendor_id -- functionpoint
[    0.122673] pci_bus_read_dev_vendor_id -- functionpoint
[    0.122726] pci_bus_read_dev_vendor_id -- functionpoint
[    0.122779] pci_bus_read_dev_vendor_id -- functionpoint
[    0.122831] pci_bus_read_dev_vendor_id -- functionpoint
[    0.122884] pci_bus_read_dev_vendor_id -- functionpoint
[    0.122937] pci_bus_read_dev_vendor_id -- functionpoint
[    0.122991] pci_bus_read_dev_vendor_id -- functionpoint
[    0.123044] pci_bus_read_dev_vendor_id -- functionpoint
[    0.123097] pci_bus_read_dev_vendor_id -- functionpoint
[    0.123150] pci_bus_read_dev_vendor_id -- functionpoint
[    0.123203] pci_bus_read_dev_vendor_id -- functionpoint
[    0.123253] pci_bus_read_dev_vendor_id -- functionpoint
[    0.123306] pci_bus_read_dev_vendor_id -- functionpoint
[    0.123359] pci_bus_read_dev_vendor_id -- functionpoint
[    0.123380] pci_bus_read_dev_vendor_id -- functionpoint
[    0.123397] pci_bus_read_dev_vendor_id -- functionpoint
[    0.123413] pci_bus_read_dev_vendor_id -- functionpoint
[    0.123424] pci_bus_read_dev_vendor_id -- functionpoint
[    0.123436] pci_bus_read_dev_vendor_id -- functionpoint
[    0.123441] pci_bus_read_dev_vendor_id -- functionpoint
[    0.123447] pci_bus_read_dev_vendor_id -- functionpoint
[    0.123455] PCI host bridge to bus 0000:00
[    0.123458] pci_bus 0000:00: root bus resource [io  0x0000-0x0cf7 window]
[    0.123459] pci_bus 0000:00: root bus resource [io  0x0d00-0xffff window]
[    0.123461] pci_bus 0000:00: root bus resource [mem 0x000a0000-0x000bffff window]
[    0.123462] pci_bus 0000:00: root bus resource [mem 0xd4800000-0xf7ffffff window]
[    0.123463] pci_bus 0000:00: root bus resource [mem 0x4000000000-0x7fffffffff window]
[    0.123464] pci_bus 0000:00: root bus resource [mem 0xfc800000-0xfe7fffff window]
[    0.123465] pci_bus 0000:00: root bus resource [bus 00-3e]
[    0.123466] pci_scan_child_bus_extend -- functionpoint
[    0.123467] pci_bus 0000:00: functionpoint -- scanning bus
[    0.123469] pci_scan_slot -- functionpoint
[    0.123470] pci_scan_single_device -- functionpoint
[    0.123471] pci_get_slot -- functionpoint
[    0.123473] pci_scan_device -- functionpoint
[    0.123474] pci_bus_read_dev_vendor_id -- functionpoint
[    0.123476] functionpoint -- dev_vendor: 8086, dev_device: 3e30
[    0.123479] pci_setup_device -- functionpoint
[    0.123484] pci 0000:00:00.0: [8086:3e30] type 00 class 0x060000
[    0.123487] pci 0000:00:00.0: functionpoint -- [8086:3e30] type 00 class 0x060000
[    0.123499] switch case PCI_HEADER_TYPE_NORMAL -- functionpoint
[    0.123511] pci_device_add -- functionpoint
[    0.124530] functionpoint -- fn = 0, devfn = 0, fn+devfn = 0
[    0.124533] next_fn -- functionpoint
[    0.124533] pci_scan_slot -- functionpoint
[    0.124535] pci_scan_single_device -- functionpoint
[    0.124536] pci_get_slot -- functionpoint
[    0.124537] pci_scan_device -- functionpoint
[    0.124539] pci_bus_read_dev_vendor_id -- functionpoint
[    0.124550] functionpoint -- fn = 0, devfn = 8, fn+devfn = 8
[    0.124552] pci_scan_slot -- functionpoint
[    0.124553] pci_scan_single_device -- functionpoint
[    0.124554] pci_get_slot -- functionpoint
[    0.124555] pci_scan_device -- functionpoint
[    0.124557] pci_bus_read_dev_vendor_id -- functionpoint
[    0.124559] functionpoint -- dev_vendor: 8086, dev_device: 3e98
[    0.124561] pci_setup_device -- functionpoint
[    0.124566] pci 0000:00:02.0: [8086:3e98] type 00 class 0x030000
[    0.124569] pci 0000:00:02.0: functionpoint -- [8086:3e98] type 00 class 0x030000
[    0.124574] switch case PCI_HEADER_TYPE_NORMAL -- functionpoint
[    0.124580] pci 0000:00:02.0: reg 0x10: [mem 0xf0000000-0xf0ffffff 64bit]
[    0.124586] pci 0000:00:02.0: reg 0x18: [mem 0xe0000000-0xefffffff 64bit pref]
[    0.124589] pci 0000:00:02.0: reg 0x20: [io  0x4000-0x403f]
[    0.124595] pci_device_add -- functionpoint
[    0.124602] pci 0000:00:02.0: BAR 2: assigned to efifb
[    0.125641] functionpoint -- fn = 0, devfn = 16, fn+devfn = 16
[    0.125643] next_fn -- functionpoint
[    0.125643] pci_scan_slot -- functionpoint
[    0.125645] pci_scan_single_device -- functionpoint
[    0.125646] pci_get_slot -- functionpoint
[    0.125648] pci_scan_device -- functionpoint
[    0.125649] pci_bus_read_dev_vendor_id -- functionpoint
[    0.125660] functionpoint -- fn = 0, devfn = 24, fn+devfn = 24
[    0.125662] pci_scan_slot -- functionpoint
[    0.125663] pci_scan_single_device -- functionpoint
[    0.125664] pci_get_slot -- functionpoint
[    0.125665] pci_scan_device -- functionpoint
[    0.125667] pci_bus_read_dev_vendor_id -- functionpoint
[    0.125685] functionpoint -- fn = 0, devfn = 32, fn+devfn = 32
[    0.125687] pci_scan_slot -- functionpoint
[    0.125687] pci_scan_single_device -- functionpoint
[    0.125689] pci_get_slot -- functionpoint
[    0.125690] pci_scan_device -- functionpoint
[    0.125691] pci_bus_read_dev_vendor_id -- functionpoint
[    0.125710] functionpoint -- fn = 0, devfn = 40, fn+devfn = 40
[    0.125712] pci_scan_slot -- functionpoint
[    0.125712] pci_scan_single_device -- functionpoint
[    0.125714] pci_get_slot -- functionpoint
[    0.125715] pci_scan_device -- functionpoint
[    0.125716] pci_bus_read_dev_vendor_id -- functionpoint
[    0.125735] functionpoint -- fn = 0, devfn = 48, fn+devfn = 48
[    0.125737] pci_scan_slot -- functionpoint
[    0.125737] pci_scan_single_device -- functionpoint
[    0.125739] pci_get_slot -- functionpoint
[    0.125740] pci_scan_device -- functionpoint
[    0.125741] pci_bus_read_dev_vendor_id -- functionpoint
[    0.125760] functionpoint -- fn = 0, devfn = 56, fn+devfn = 56
[    0.125762] pci_scan_slot -- functionpoint
[    0.125763] pci_scan_single_device -- functionpoint
[    0.125764] pci_get_slot -- functionpoint
[    0.125765] pci_scan_device -- functionpoint
[    0.125767] pci_bus_read_dev_vendor_id -- functionpoint
[    0.125785] functionpoint -- fn = 0, devfn = 64, fn+devfn = 64
[    0.125787] pci_scan_slot -- functionpoint
[    0.125788] pci_scan_single_device -- functionpoint
[    0.125789] pci_get_slot -- functionpoint
[    0.125790] pci_scan_device -- functionpoint
[    0.125791] pci_bus_read_dev_vendor_id -- functionpoint
[    0.125810] functionpoint -- fn = 0, devfn = 72, fn+devfn = 72
[    0.125812] pci_scan_slot -- functionpoint
[    0.125813] pci_scan_single_device -- functionpoint
[    0.125814] pci_get_slot -- functionpoint
[    0.125815] pci_scan_device -- functionpoint
[    0.125817] pci_bus_read_dev_vendor_id -- functionpoint
[    0.125835] functionpoint -- fn = 0, devfn = 80, fn+devfn = 80
[    0.125837] pci_scan_slot -- functionpoint
[    0.125838] pci_scan_single_device -- functionpoint
[    0.125839] pci_get_slot -- functionpoint
[    0.125840] pci_scan_device -- functionpoint
[    0.125841] pci_bus_read_dev_vendor_id -- functionpoint
[    0.125860] functionpoint -- fn = 0, devfn = 88, fn+devfn = 88
[    0.125862] pci_scan_slot -- functionpoint
[    0.125862] pci_scan_single_device -- functionpoint
[    0.125864] pci_get_slot -- functionpoint
[    0.125865] pci_scan_device -- functionpoint
[    0.125866] pci_bus_read_dev_vendor_id -- functionpoint
[    0.125885] functionpoint -- fn = 0, devfn = 96, fn+devfn = 96
[    0.125887] pci_scan_slot -- functionpoint
[    0.125887] pci_scan_single_device -- functionpoint
[    0.125889] pci_get_slot -- functionpoint
[    0.125890] pci_scan_device -- functionpoint
[    0.125891] pci_bus_read_dev_vendor_id -- functionpoint
[    0.125910] functionpoint -- fn = 0, devfn = 104, fn+devfn = 104
[    0.125912] pci_scan_slot -- functionpoint
[    0.125913] pci_scan_single_device -- functionpoint
[    0.125914] pci_get_slot -- functionpoint
[    0.125915] pci_scan_device -- functionpoint
[    0.125917] pci_bus_read_dev_vendor_id -- functionpoint
[    0.125935] functionpoint -- fn = 0, devfn = 112, fn+devfn = 112
[    0.125937] pci_scan_slot -- functionpoint
[    0.125938] pci_scan_single_device -- functionpoint
[    0.125939] pci_get_slot -- functionpoint
[    0.125940] pci_scan_device -- functionpoint
[    0.125942] pci_bus_read_dev_vendor_id -- functionpoint
[    0.125950] functionpoint -- fn = 0, devfn = 120, fn+devfn = 120
[    0.125953] pci_scan_slot -- functionpoint
[    0.125953] pci_scan_single_device -- functionpoint
[    0.125955] pci_get_slot -- functionpoint
[    0.125956] pci_scan_device -- functionpoint
[    0.125957] pci_bus_read_dev_vendor_id -- functionpoint
[    0.125966] functionpoint -- fn = 0, devfn = 128, fn+devfn = 128
[    0.125968] pci_scan_slot -- functionpoint
[    0.125969] pci_scan_single_device -- functionpoint
[    0.125970] pci_get_slot -- functionpoint
[    0.125971] pci_scan_device -- functionpoint
[    0.125973] pci_bus_read_dev_vendor_id -- functionpoint
[    0.125981] functionpoint -- fn = 0, devfn = 136, fn+devfn = 136
[    0.125984] pci_scan_slot -- functionpoint
[    0.125984] pci_scan_single_device -- functionpoint
[    0.125985] pci_get_slot -- functionpoint
[    0.125987] pci_scan_device -- functionpoint
[    0.125988] pci_bus_read_dev_vendor_id -- functionpoint
[    0.125995] functionpoint -- dev_vendor: 8086, dev_device: a379
[    0.125998] pci_setup_device -- functionpoint
[    0.126010] pci 0000:00:12.0: [8086:a379] type 00 class 0x118000
[    0.126012] pci 0000:00:12.0: functionpoint -- [8086:a379] type 00 class 0x118000
[    0.126022] switch case PCI_HEADER_TYPE_NORMAL -- functionpoint
[    0.126037] pci 0000:00:12.0: reg 0x10: [mem 0x4000107000-0x4000107fff 64bit]
[    0.126078] pci_device_add -- functionpoint
[    0.127126] functionpoint -- fn = 0, devfn = 144, fn+devfn = 144
[    0.127129] next_fn -- functionpoint
[    0.127129] pci_scan_single_device -- functionpoint
[    0.127131] pci_get_slot -- functionpoint
[    0.127132] pci_scan_device -- functionpoint
[    0.127133] pci_bus_read_dev_vendor_id -- functionpoint
[    0.127144] functionpoint -- fn = 1, devfn = 144, fn+devfn = 145
[    0.127147] next_fn -- functionpoint
[    0.127147] pci_scan_single_device -- functionpoint
[    0.127148] pci_get_slot -- functionpoint
[    0.127150] pci_scan_device -- functionpoint
[    0.127151] pci_bus_read_dev_vendor_id -- functionpoint
[    0.127160] functionpoint -- fn = 2, devfn = 144, fn+devfn = 146
[    0.127162] next_fn -- functionpoint
[    0.127162] pci_scan_single_device -- functionpoint
[    0.127164] pci_get_slot -- functionpoint
[    0.127165] pci_scan_device -- functionpoint
[    0.127166] pci_bus_read_dev_vendor_id -- functionpoint
[    0.127174] functionpoint -- fn = 3, devfn = 144, fn+devfn = 147
[    0.127177] next_fn -- functionpoint
[    0.127177] pci_scan_single_device -- functionpoint
[    0.127178] pci_get_slot -- functionpoint
[    0.127179] pci_scan_device -- functionpoint
[    0.127181] pci_bus_read_dev_vendor_id -- functionpoint
[    0.127189] functionpoint -- fn = 4, devfn = 144, fn+devfn = 148
[    0.127192] next_fn -- functionpoint
[    0.127192] pci_scan_single_device -- functionpoint
[    0.127193] pci_get_slot -- functionpoint
[    0.127195] pci_scan_device -- functionpoint
[    0.127196] pci_bus_read_dev_vendor_id -- functionpoint
[    0.127204] functionpoint -- fn = 5, devfn = 144, fn+devfn = 149
[    0.127206] next_fn -- functionpoint
[    0.127206] pci_scan_single_device -- functionpoint
[    0.127208] pci_get_slot -- functionpoint
[    0.127209] pci_scan_device -- functionpoint
[    0.127210] pci_bus_read_dev_vendor_id -- functionpoint
[    0.127213] functionpoint -- fn = 6, devfn = 144, fn+devfn = 150
[    0.127216] next_fn -- functionpoint
[    0.127216] pci_scan_single_device -- functionpoint
[    0.127217] pci_get_slot -- functionpoint
[    0.127219] pci_scan_device -- functionpoint
[    0.127220] pci_bus_read_dev_vendor_id -- functionpoint
[    0.127228] functionpoint -- fn = 7, devfn = 144, fn+devfn = 151
[    0.127230] next_fn -- functionpoint
[    0.127230] pci_scan_slot -- functionpoint
[    0.127232] pci_scan_single_device -- functionpoint
[    0.127233] pci_get_slot -- functionpoint
[    0.127234] pci_scan_device -- functionpoint
[    0.127236] pci_bus_read_dev_vendor_id -- functionpoint
[    0.127239] functionpoint -- fn = 0, devfn = 152, fn+devfn = 152
[    0.127241] pci_scan_slot -- functionpoint
[    0.127242] pci_scan_single_device -- functionpoint
[    0.127243] pci_get_slot -- functionpoint
[    0.127244] pci_scan_device -- functionpoint
[    0.127245] pci_bus_read_dev_vendor_id -- functionpoint
[    0.127248] functionpoint -- dev_vendor: 8086, dev_device: a36d
[    0.127251] pci_setup_device -- functionpoint
[    0.127258] pci 0000:00:14.0: [8086:a36d] type 00 class 0x0c0330
[    0.127260] pci 0000:00:14.0: functionpoint -- [8086:a36d] type 00 class 0x0c0330
[    0.127274] switch case PCI_HEADER_TYPE_NORMAL -- functionpoint
[    0.127295] pci 0000:00:14.0: reg 0x10: [mem 0xf1220000-0xf122ffff 64bit]
[    0.127333] pci_device_add -- functionpoint
[    0.127368] pci 0000:00:14.0: PME# supported from D3hot D3cold
[    0.128453] functionpoint -- fn = 0, devfn = 160, fn+devfn = 160
[    0.128455] next_fn -- functionpoint
[    0.128455] pci_scan_single_device -- functionpoint
[    0.128457] pci_get_slot -- functionpoint
[    0.128458] pci_scan_device -- functionpoint
[    0.128460] pci_bus_read_dev_vendor_id -- functionpoint
[    0.128474] functionpoint -- fn = 1, devfn = 160, fn+devfn = 161
[    0.128477] next_fn -- functionpoint
[    0.128477] pci_scan_single_device -- functionpoint
[    0.128479] pci_get_slot -- functionpoint
[    0.128480] pci_scan_device -- functionpoint
[    0.128481] pci_bus_read_dev_vendor_id -- functionpoint
[    0.128494] functionpoint -- dev_vendor: 8086, dev_device: a36f
[    0.128497] pci_setup_device -- functionpoint
[    0.128505] pci 0000:00:14.2: [8086:a36f] type 00 class 0x050000
[    0.128507] pci 0000:00:14.2: functionpoint -- [8086:a36f] type 00 class 0x050000
[    0.128517] switch case PCI_HEADER_TYPE_NORMAL -- functionpoint
[    0.128533] pci 0000:00:14.2: reg 0x10: [mem 0xf1232000-0xf1233fff 64bit]
[    0.128549] pci 0000:00:14.2: reg 0x18: [mem 0x4000106000-0x4000106fff 64bit]
[    0.128573] pci_device_add -- functionpoint
[    0.129605] functionpoint -- fn = 2, devfn = 160, fn+devfn = 162
[    0.129608] next_fn -- functionpoint
[    0.129609] pci_scan_single_device -- functionpoint
[    0.129610] pci_get_slot -- functionpoint
[    0.129611] pci_scan_device -- functionpoint
[    0.129613] pci_bus_read_dev_vendor_id -- functionpoint
[    0.129625] functionpoint -- fn = 3, devfn = 160, fn+devfn = 163
[    0.129627] next_fn -- functionpoint
[    0.129628] pci_scan_single_device -- functionpoint
[    0.129629] pci_get_slot -- functionpoint
[    0.129630] pci_scan_device -- functionpoint
[    0.129632] pci_bus_read_dev_vendor_id -- functionpoint
[    0.129640] functionpoint -- fn = 4, devfn = 160, fn+devfn = 164
[    0.129643] next_fn -- functionpoint
[    0.129643] pci_scan_single_device -- functionpoint
[    0.129645] pci_get_slot -- functionpoint
[    0.129646] pci_scan_device -- functionpoint
[    0.129647] pci_bus_read_dev_vendor_id -- functionpoint
[    0.129665] functionpoint -- fn = 5, devfn = 160, fn+devfn = 165
[    0.129667] next_fn -- functionpoint
[    0.129668] pci_scan_single_device -- functionpoint
[    0.129669] pci_get_slot -- functionpoint
[    0.129670] pci_scan_device -- functionpoint
[    0.129672] pci_bus_read_dev_vendor_id -- functionpoint
[    0.129680] functionpoint -- fn = 6, devfn = 160, fn+devfn = 166
[    0.129683] next_fn -- functionpoint
[    0.129683] pci_scan_single_device -- functionpoint
[    0.129684] pci_get_slot -- functionpoint
[    0.129685] pci_scan_device -- functionpoint
[    0.129687] pci_bus_read_dev_vendor_id -- functionpoint
[    0.129694] functionpoint -- fn = 7, devfn = 160, fn+devfn = 167
[    0.129697] next_fn -- functionpoint
[    0.129697] pci_scan_slot -- functionpoint
[    0.129699] pci_scan_single_device -- functionpoint
[    0.129700] pci_get_slot -- functionpoint
[    0.129701] pci_scan_device -- functionpoint
[    0.129703] pci_bus_read_dev_vendor_id -- functionpoint
[    0.129706] functionpoint -- fn = 0, devfn = 168, fn+devfn = 168
[    0.129708] pci_scan_slot -- functionpoint
[    0.129709] pci_scan_single_device -- functionpoint
[    0.129710] pci_get_slot -- functionpoint
[    0.129711] pci_scan_device -- functionpoint
[    0.129712] pci_bus_read_dev_vendor_id -- functionpoint
[    0.129716] functionpoint -- dev_vendor: 8086, dev_device: a360
[    0.129718] pci_setup_device -- functionpoint
[    0.129727] pci 0000:00:16.0: [8086:a360] type 00 class 0x078000
[    0.129729] pci 0000:00:16.0: functionpoint -- [8086:a360] type 00 class 0x078000
[    0.129745] switch case PCI_HEADER_TYPE_NORMAL -- functionpoint
[    0.129760] pci 0000:00:16.0: reg 0x10: [mem 0x4000105000-0x4000105fff 64bit]
[    0.129794] pci_device_add -- functionpoint
[    0.129844] pci 0000:00:16.0: PME# supported from D3hot
[    0.130912] functionpoint -- fn = 0, devfn = 176, fn+devfn = 176
[    0.130914] next_fn -- functionpoint
[    0.130914] pci_scan_single_device -- functionpoint
[    0.130916] pci_get_slot -- functionpoint
[    0.130917] pci_scan_device -- functionpoint
[    0.130918] pci_bus_read_dev_vendor_id -- functionpoint
[    0.130926] functionpoint -- fn = 1, devfn = 176, fn+devfn = 177
[    0.130929] next_fn -- functionpoint
[    0.130929] pci_scan_single_device -- functionpoint
[    0.130930] pci_get_slot -- functionpoint
[    0.130932] pci_scan_device -- functionpoint
[    0.130933] pci_bus_read_dev_vendor_id -- functionpoint
[    0.130940] functionpoint -- fn = 2, devfn = 176, fn+devfn = 178
[    0.130943] next_fn -- functionpoint
[    0.130943] pci_scan_single_device -- functionpoint
[    0.130945] pci_get_slot -- functionpoint
[    0.130946] pci_scan_device -- functionpoint
[    0.130947] pci_bus_read_dev_vendor_id -- functionpoint
[    0.130950] functionpoint -- dev_vendor: 8086, dev_device: a363
[    0.130953] pci_setup_device -- functionpoint
[    0.130964] pci 0000:00:16.3: [8086:a363] type 00 class 0x070002
[    0.130967] pci 0000:00:16.3: functionpoint -- [8086:a363] type 00 class 0x070002
[    0.130981] switch case PCI_HEADER_TYPE_NORMAL -- functionpoint
[    0.130992] pci 0000:00:16.3: reg 0x10: [io  0x4088-0x408f]
[    0.131002] pci 0000:00:16.3: reg 0x14: [mem 0xf1237000-0xf1237fff]
[    0.131045] pci_device_add -- functionpoint
[    0.132094] functionpoint -- fn = 3, devfn = 176, fn+devfn = 179
[    0.132097] next_fn -- functionpoint
[    0.132097] pci_scan_single_device -- functionpoint
[    0.132099] pci_get_slot -- functionpoint
[    0.132100] pci_scan_device -- functionpoint
[    0.132102] pci_bus_read_dev_vendor_id -- functionpoint
[    0.132113] functionpoint -- fn = 4, devfn = 176, fn+devfn = 180
[    0.132115] next_fn -- functionpoint
[    0.132116] pci_scan_single_device -- functionpoint
[    0.132117] pci_get_slot -- functionpoint
[    0.132118] pci_scan_device -- functionpoint
[    0.132120] pci_bus_read_dev_vendor_id -- functionpoint
[    0.132138] functionpoint -- fn = 5, devfn = 176, fn+devfn = 181
[    0.132141] next_fn -- functionpoint
[    0.132141] pci_scan_single_device -- functionpoint
[    0.132142] pci_get_slot -- functionpoint
[    0.132144] pci_scan_device -- functionpoint
[    0.132145] pci_bus_read_dev_vendor_id -- functionpoint
[    0.132163] functionpoint -- fn = 6, devfn = 176, fn+devfn = 182
[    0.132166] next_fn -- functionpoint
[    0.132166] pci_scan_single_device -- functionpoint
[    0.132167] pci_get_slot -- functionpoint
[    0.132169] pci_scan_device -- functionpoint
[    0.132170] pci_bus_read_dev_vendor_id -- functionpoint
[    0.132188] functionpoint -- fn = 7, devfn = 176, fn+devfn = 183
[    0.132190] next_fn -- functionpoint
[    0.132191] pci_scan_slot -- functionpoint
[    0.132192] pci_scan_single_device -- functionpoint
[    0.132193] pci_get_slot -- functionpoint
[    0.132195] pci_scan_device -- functionpoint
[    0.132196] pci_bus_read_dev_vendor_id -- functionpoint
[    0.132209] functionpoint -- dev_vendor: 8086, dev_device: a352
[    0.132212] pci_setup_device -- functionpoint
[    0.132223] pci 0000:00:17.0: [8086:a352] type 00 class 0x010601
[    0.132226] pci 0000:00:17.0: functionpoint -- [8086:a352] type 00 class 0x010601
[    0.132241] switch case PCI_HEADER_TYPE_NORMAL -- functionpoint
[    0.132255] pci 0000:00:17.0: reg 0x10: [mem 0xf1230000-0xf1231fff]
[    0.132268] pci 0000:00:17.0: reg 0x14: [mem 0xf1236000-0xf12360ff]
[    0.132279] pci 0000:00:17.0: reg 0x18: [io  0x4080-0x4087]
[    0.132290] pci 0000:00:17.0: reg 0x1c: [io  0x4090-0x4093]
[    0.132301] pci 0000:00:17.0: reg 0x20: [io  0x4060-0x407f]
[    0.132312] pci 0000:00:17.0: reg 0x24: [mem 0xf1235000-0xf12357ff]
[    0.132326] pci_device_add -- functionpoint
[    0.132375] pci 0000:00:17.0: PME# supported from D3hot
[    0.133468] functionpoint -- fn = 0, devfn = 184, fn+devfn = 184
[    0.133470] next_fn -- functionpoint
[    0.133470] pci_scan_slot -- functionpoint
[    0.133472] pci_scan_single_device -- functionpoint
[    0.133473] pci_get_slot -- functionpoint
[    0.133475] pci_scan_device -- functionpoint
[    0.133476] pci_bus_read_dev_vendor_id -- functionpoint
[    0.133487] functionpoint -- fn = 0, devfn = 192, fn+devfn = 192
[    0.133490] pci_scan_slot -- functionpoint
[    0.133490] pci_scan_single_device -- functionpoint
[    0.133491] pci_get_slot -- functionpoint
[    0.133493] pci_scan_device -- functionpoint
[    0.133494] pci_bus_read_dev_vendor_id -- functionpoint
[    0.133512] functionpoint -- fn = 0, devfn = 200, fn+devfn = 200
[    0.133514] pci_scan_slot -- functionpoint
[    0.133515] pci_scan_single_device -- functionpoint
[    0.133516] pci_get_slot -- functionpoint
[    0.133517] pci_scan_device -- functionpoint
[    0.133519] pci_bus_read_dev_vendor_id -- functionpoint
[    0.133536] functionpoint -- fn = 0, devfn = 208, fn+devfn = 208
[    0.133539] pci_scan_slot -- functionpoint
[    0.133539] pci_scan_single_device -- functionpoint
[    0.133540] pci_get_slot -- functionpoint
[    0.133542] pci_scan_device -- functionpoint
[    0.133543] pci_bus_read_dev_vendor_id -- functionpoint
[    0.133554] functionpoint -- dev_vendor: 8086, dev_device: a32c
[    0.133556] pci_setup_device -- functionpoint
[    0.133569] pci 0000:00:1b.0: [8086:a32c] type 01 class 0x060400
[    0.133571] pci 0000:00:1b.0: functionpoint -- [8086:a32c] type 01 class 0x060400
[    0.133592] switch case PCI_HEADER_TYPE_BRIDGE -- functionpoint
[    0.133637] pci_device_add -- functionpoint
[    0.133720] pci 0000:00:1b.0: PME# supported from D0 D3hot D3cold
[    0.133757] pci 0000:00:1b.0: PTM enabled (root), 4dns granularity
[    0.134846] functionpoint -- fn = 0, devfn = 216, fn+devfn = 216
[    0.134848] next_fn -- functionpoint
[    0.134848] pci_scan_single_device -- functionpoint
[    0.134849] pci_get_slot -- functionpoint
[    0.134851] pci_scan_device -- functionpoint
[    0.134852] pci_bus_read_dev_vendor_id -- functionpoint
[    0.134863] functionpoint -- fn = 1, devfn = 216, fn+devfn = 217
[    0.134866] next_fn -- functionpoint
[    0.134866] pci_scan_single_device -- functionpoint
[    0.134868] pci_get_slot -- functionpoint
[    0.134869] pci_scan_device -- functionpoint
[    0.134870] pci_bus_read_dev_vendor_id -- functionpoint
[    0.134887] functionpoint -- fn = 2, devfn = 216, fn+devfn = 218
[    0.134890] next_fn -- functionpoint
[    0.134890] pci_scan_single_device -- functionpoint
[    0.134891] pci_get_slot -- functionpoint
[    0.134893] pci_scan_device -- functionpoint
[    0.134894] pci_bus_read_dev_vendor_id -- functionpoint
[    0.134913] functionpoint -- fn = 3, devfn = 216, fn+devfn = 219
[    0.134915] next_fn -- functionpoint
[    0.134916] pci_scan_single_device -- functionpoint
[    0.134917] pci_get_slot -- functionpoint
[    0.134918] pci_scan_device -- functionpoint
[    0.134920] pci_bus_read_dev_vendor_id -- functionpoint
[    0.134938] functionpoint -- fn = 4, devfn = 216, fn+devfn = 220
[    0.134940] next_fn -- functionpoint
[    0.134941] pci_scan_single_device -- functionpoint
[    0.134942] pci_get_slot -- functionpoint
[    0.134943] pci_scan_device -- functionpoint
[    0.134945] pci_bus_read_dev_vendor_id -- functionpoint
[    0.134963] functionpoint -- fn = 5, devfn = 216, fn+devfn = 221
[    0.134965] next_fn -- functionpoint
[    0.134966] pci_scan_single_device -- functionpoint
[    0.134967] pci_get_slot -- functionpoint
[    0.134968] pci_scan_device -- functionpoint
[    0.134970] pci_bus_read_dev_vendor_id -- functionpoint
[    0.134988] functionpoint -- fn = 6, devfn = 216, fn+devfn = 222
[    0.134990] next_fn -- functionpoint
[    0.134991] pci_scan_single_device -- functionpoint
[    0.134992] pci_get_slot -- functionpoint
[    0.134993] pci_scan_device -- functionpoint
[    0.134995] pci_bus_read_dev_vendor_id -- functionpoint
[    0.135013] functionpoint -- fn = 7, devfn = 216, fn+devfn = 223
[    0.135015] next_fn -- functionpoint
[    0.135016] pci_scan_slot -- functionpoint
[    0.135017] pci_scan_single_device -- functionpoint
[    0.135018] pci_get_slot -- functionpoint
[    0.135020] pci_scan_device -- functionpoint
[    0.135021] pci_bus_read_dev_vendor_id -- functionpoint
[    0.135029] functionpoint -- dev_vendor: 8086, dev_device: a33e
[    0.135031] pci_setup_device -- functionpoint
[    0.135044] pci 0000:00:1c.0: [8086:a33e] type 01 class 0x060400
[    0.135046] pci 0000:00:1c.0: functionpoint -- [8086:a33e] type 01 class 0x060400
[    0.135066] switch case PCI_HEADER_TYPE_BRIDGE -- functionpoint
[    0.135112] pci_device_add -- functionpoint
[    0.135196] pci 0000:00:1c.0: PME# supported from D0 D3hot D3cold
[    0.135230] pci 0000:00:1c.0: PTM enabled (root), 4dns granularity
[    0.136316] functionpoint -- fn = 0, devfn = 224, fn+devfn = 224
[    0.136318] next_fn -- functionpoint
[    0.136318] pci_scan_single_device -- functionpoint
[    0.136319] pci_get_slot -- functionpoint
[    0.136321] pci_scan_device -- functionpoint
[    0.136322] pci_bus_read_dev_vendor_id -- functionpoint
[    0.136333] functionpoint -- fn = 1, devfn = 224, fn+devfn = 225
[    0.136336] next_fn -- functionpoint
[    0.136336] pci_scan_single_device -- functionpoint
[    0.136337] pci_get_slot -- functionpoint
[    0.136339] pci_scan_device -- functionpoint
[    0.136340] pci_bus_read_dev_vendor_id -- functionpoint
[    0.136358] functionpoint -- fn = 2, devfn = 224, fn+devfn = 226
[    0.136361] next_fn -- functionpoint
[    0.136361] pci_scan_single_device -- functionpoint
[    0.136362] pci_get_slot -- functionpoint
[    0.136364] pci_scan_device -- functionpoint
[    0.136365] pci_bus_read_dev_vendor_id -- functionpoint
[    0.136383] functionpoint -- fn = 3, devfn = 224, fn+devfn = 227
[    0.136386] next_fn -- functionpoint
[    0.136386] pci_scan_single_device -- functionpoint
[    0.136387] pci_get_slot -- functionpoint
[    0.136389] pci_scan_device -- functionpoint
[    0.136390] pci_bus_read_dev_vendor_id -- functionpoint
[    0.136407] functionpoint -- fn = 4, devfn = 224, fn+devfn = 228
[    0.136409] next_fn -- functionpoint
[    0.136410] pci_scan_single_device -- functionpoint
[    0.136411] pci_get_slot -- functionpoint
[    0.136412] pci_scan_device -- functionpoint
[    0.136414] pci_bus_read_dev_vendor_id -- functionpoint
[    0.136432] functionpoint -- fn = 5, devfn = 224, fn+devfn = 229
[    0.136435] next_fn -- functionpoint
[    0.136435] pci_scan_single_device -- functionpoint
[    0.136436] pci_get_slot -- functionpoint
[    0.136438] pci_scan_device -- functionpoint
[    0.136439] pci_bus_read_dev_vendor_id -- functionpoint
[    0.136457] functionpoint -- fn = 6, devfn = 224, fn+devfn = 230
[    0.136460] next_fn -- functionpoint
[    0.136460] pci_scan_single_device -- functionpoint
[    0.136461] pci_get_slot -- functionpoint
[    0.136463] pci_scan_device -- functionpoint
[    0.136464] pci_bus_read_dev_vendor_id -- functionpoint
[    0.136482] functionpoint -- fn = 7, devfn = 224, fn+devfn = 231
[    0.136485] next_fn -- functionpoint
[    0.136485] pci_scan_slot -- functionpoint
[    0.136486] pci_scan_single_device -- functionpoint
[    0.136488] pci_get_slot -- functionpoint
[    0.136489] pci_scan_device -- functionpoint
[    0.136490] pci_bus_read_dev_vendor_id -- functionpoint
[    0.136506] functionpoint -- fn = 0, devfn = 232, fn+devfn = 232
[    0.136508] pci_scan_slot -- functionpoint
[    0.136509] pci_scan_single_device -- functionpoint
[    0.136510] pci_get_slot -- functionpoint
[    0.136512] pci_scan_device -- functionpoint
[    0.136513] pci_bus_read_dev_vendor_id -- functionpoint
[    0.136526] functionpoint -- fn = 0, devfn = 240, fn+devfn = 240
[    0.136528] pci_scan_slot -- functionpoint
[    0.136529] pci_scan_single_device -- functionpoint
[    0.136530] pci_get_slot -- functionpoint
[    0.136531] pci_scan_device -- functionpoint
[    0.136533] pci_bus_read_dev_vendor_id -- functionpoint
[    0.136541] functionpoint -- dev_vendor: 8086, dev_device: a306
[    0.136543] pci_setup_device -- functionpoint
[    0.136550] pci 0000:00:1f.0: [8086:a306] type 00 class 0x060100
[    0.136552] pci 0000:00:1f.0: functionpoint -- [8086:a306] type 00 class 0x060100
[    0.136562] switch case PCI_HEADER_TYPE_NORMAL -- functionpoint
[    0.136639] pci_device_add -- functionpoint
[    0.137682] functionpoint -- fn = 0, devfn = 248, fn+devfn = 248
[    0.137685] next_fn -- functionpoint
[    0.137686] pci_scan_single_device -- functionpoint
[    0.137687] pci_get_slot -- functionpoint
[    0.137689] pci_scan_device -- functionpoint
[    0.137690] pci_bus_read_dev_vendor_id -- functionpoint
[    0.137701] functionpoint -- fn = 1, devfn = 248, fn+devfn = 249
[    0.137704] next_fn -- functionpoint
[    0.137704] pci_scan_single_device -- functionpoint
[    0.137705] pci_get_slot -- functionpoint
[    0.137707] pci_scan_device -- functionpoint
[    0.137708] pci_bus_read_dev_vendor_id -- functionpoint
[    0.137726] functionpoint -- fn = 2, devfn = 248, fn+devfn = 250
[    0.137728] next_fn -- functionpoint
[    0.137728] pci_scan_single_device -- functionpoint
[    0.137730] pci_get_slot -- functionpoint
[    0.137731] pci_scan_device -- functionpoint
[    0.137732] pci_bus_read_dev_vendor_id -- functionpoint
[    0.137746] functionpoint -- dev_vendor: 8086, dev_device: a348
[    0.137749] pci_setup_device -- functionpoint
[    0.137774] pci 0000:00:1f.3: [8086:a348] type 00 class 0x040300
[    0.137776] pci 0000:00:1f.3: functionpoint -- [8086:a348] type 00 class 0x040300
[    0.137810] switch case PCI_HEADER_TYPE_NORMAL -- functionpoint
[    0.137851] pci 0000:00:1f.3: reg 0x10: [mem 0x4000100000-0x4000103fff 64bit]
[    0.137916] pci 0000:00:1f.3: reg 0x20: [mem 0x4000000000-0x40000fffff 64bit]
[    0.137940] pci_device_add -- functionpoint
[    0.138048] pci 0000:00:1f.3: PME# supported from D3hot D3cold
[    0.139196] functionpoint -- fn = 3, devfn = 248, fn+devfn = 251
[    0.139198] next_fn -- functionpoint
[    0.139198] pci_scan_single_device -- functionpoint
[    0.139199] pci_get_slot -- functionpoint
[    0.139201] pci_scan_device -- functionpoint
[    0.139202] pci_bus_read_dev_vendor_id -- functionpoint
[    0.139214] functionpoint -- dev_vendor: 8086, dev_device: a323
[    0.139217] pci_setup_device -- functionpoint
[    0.139237] pci 0000:00:1f.4: [8086:a323] type 00 class 0x0c0500
[    0.139240] pci 0000:00:1f.4: functionpoint -- [8086:a323] type 00 class 0x0c0500
[    0.139265] switch case PCI_HEADER_TYPE_NORMAL -- functionpoint
[    0.139303] pci 0000:00:1f.4: reg 0x10: [mem 0x4000104000-0x40001040ff 64bit]
[    0.139364] pci 0000:00:1f.4: reg 0x20: [io  0xefa0-0xefbf]
[    0.139410] pci_device_add -- functionpoint
[    0.140476] functionpoint -- fn = 4, devfn = 248, fn+devfn = 252
[    0.140479] next_fn -- functionpoint
[    0.140479] pci_scan_single_device -- functionpoint
[    0.140481] pci_get_slot -- functionpoint
[    0.140482] pci_scan_device -- functionpoint
[    0.140484] pci_bus_read_dev_vendor_id -- functionpoint
[    0.140494] functionpoint -- dev_vendor: 8086, dev_device: a324
[    0.140497] pci_setup_device -- functionpoint
[    0.140504] pci 0000:00:1f.5: [8086:a324] type 00 class 0x0c8000
[    0.140506] pci 0000:00:1f.5: functionpoint -- [8086:a324] type 00 class 0x0c8000
[    0.140515] switch case PCI_HEADER_TYPE_NORMAL -- functionpoint
[    0.140528] pci 0000:00:1f.5: reg 0x10: [mem 0xfe010000-0xfe010fff]
[    0.140594] pci_device_add -- functionpoint
[    0.141605] functionpoint -- fn = 5, devfn = 248, fn+devfn = 253
[    0.141608] next_fn -- functionpoint
[    0.141608] pci_scan_single_device -- functionpoint
[    0.141609] pci_get_slot -- functionpoint
[    0.141611] pci_scan_device -- functionpoint
[    0.141612] pci_bus_read_dev_vendor_id -- functionpoint
[    0.141619] functionpoint -- dev_vendor: 8086, dev_device: 15bb
[    0.141622] pci_setup_device -- functionpoint
[    0.141643] pci 0000:00:1f.6: [8086:15bb] type 00 class 0x020000
[    0.141645] pci 0000:00:1f.6: functionpoint -- [8086:15bb] type 00 class 0x020000
[    0.141660] pci_get_slot -- functionpoint
[    0.141673] switch case PCI_HEADER_TYPE_NORMAL -- functionpoint
[    0.141705] pci 0000:00:1f.6: reg 0x10: [mem 0xf1200000-0xf121ffff]
[    0.141853] pci_device_add -- functionpoint
[    0.141922] pci 0000:00:1f.6: PME# supported from D0 D3hot D3cold
[    0.142942] functionpoint -- fn = 6, devfn = 248, fn+devfn = 254
[    0.142944] next_fn -- functionpoint
[    0.142944] pci_scan_single_device -- functionpoint
[    0.142945] pci_get_slot -- functionpoint
[    0.142947] pci_scan_device -- functionpoint
[    0.142948] pci_bus_read_dev_vendor_id -- functionpoint
[    0.142956] functionpoint -- fn = 7, devfn = 248, fn+devfn = 255
[    0.142959] next_fn -- functionpoint
[    0.142959] pci_read_bridge_bases -- functionpoint
[    0.142966] pci_find_bus -- functionpoint
[    0.142968] functionpoint -- domain_num = 0, bus_num = 1
[    0.142970] pci_find_next_bus -- functionpoint
[    0.142971] pci_find_next_bus -- functionpoint
[    0.142972] not found bus -- functionpoint
[    0.143018] pci_bus_read_dev_vendor_id -- functionpoint
[    0.143029] pci_scan_child_bus_extend -- functionpoint
[    0.143031] pci_bus 0000:01: functionpoint -- scanning bus
[    0.143034] pci_scan_slot -- functionpoint
[    0.143034] pci_scan_single_device -- functionpoint
[    0.143036] pci_get_slot -- functionpoint
[    0.143037] pci_scan_device -- functionpoint
[    0.143038] pci_bus_read_dev_vendor_id -- functionpoint
[    0.143042] functionpoint -- dev_vendor: 1c5c, dev_device: 1339
[    0.143045] pci_setup_device -- functionpoint
[    0.143065] pci 0000:01:00.0: [1c5c:1339] type 00 class 0x010802
[    0.143068] pci 0000:01:00.0: functionpoint -- [1c5c:1339] type 00 class 0x010802
[    0.143094] switch case PCI_HEADER_TYPE_NORMAL -- functionpoint
[    0.143121] pci 0000:01:00.0: reg 0x10: [mem 0xf1100000-0xf1103fff 64bit]
[    0.143193] pci_device_add -- functionpoint
[    0.143310] pci 0000:01:00.0: supports D1
[    0.143312] pci 0000:01:00.0: PME# supported from D0 D1 D3hot
[    0.143413] functionpoint -- fn = 0, devfn = 0, fn+devfn = 0
[    0.143415] next_fn -- functionpoint
[    0.152063] pci_scan_slot -- functionpoint
[    0.152064] pci_scan_slot -- functionpoint
[    0.152065] pci_scan_slot -- functionpoint
[    0.152067] pci_scan_slot -- functionpoint
[    0.152068] pci_scan_slot -- functionpoint
[    0.152069] pci_scan_slot -- functionpoint
[    0.152071] pci_scan_slot -- functionpoint
[    0.152072] pci_scan_slot -- functionpoint
[    0.152073] pci_scan_slot -- functionpoint
[    0.152075] pci_scan_slot -- functionpoint
[    0.152076] pci_scan_slot -- functionpoint
[    0.152077] pci_scan_slot -- functionpoint
[    0.152078] pci_scan_slot -- functionpoint
[    0.152080] pci_scan_slot -- functionpoint
[    0.152081] pci_scan_slot -- functionpoint
[    0.152082] pci_scan_slot -- functionpoint
[    0.152083] pci_scan_slot -- functionpoint
[    0.152085] pci_scan_slot -- functionpoint
[    0.152086] pci_scan_slot -- functionpoint
[    0.152087] pci_scan_slot -- functionpoint
[    0.152089] pci_scan_slot -- functionpoint
[    0.152090] pci_scan_slot -- functionpoint
[    0.152091] pci_scan_slot -- functionpoint
[    0.152092] pci_scan_slot -- functionpoint
[    0.152094] pci_scan_slot -- functionpoint
[    0.152095] pci_scan_slot -- functionpoint
[    0.152096] pci_scan_slot -- functionpoint
[    0.152098] pci_scan_slot -- functionpoint
[    0.152099] pci_scan_slot -- functionpoint
[    0.152100] pci_scan_slot -- functionpoint
[    0.152101] pci_scan_slot -- functionpoint
[    0.152103] pci_read_bridge_bases -- functionpoint
[    0.152105] pci 0000:00:1b.0: PCI bridge to [bus 01]
[    0.152118] pci 0000:00:1b.0:   bridge window [mem 0xf1100000-0xf11fffff]
[    0.152122] pci_bus 0000:01: functionpoint -- bus scan returning with max=01
[    0.152128] pci_find_bus -- functionpoint
[    0.152128] functionpoint -- domain_num = 0, bus_num = 2
[    0.152131] pci_find_next_bus -- functionpoint
[    0.152131] pci_find_next_bus -- functionpoint
[    0.152132] not found bus -- functionpoint
[    0.152176] pci_bus_read_dev_vendor_id -- functionpoint
[    0.152184] pci_scan_child_bus_extend -- functionpoint
[    0.152186] pci_bus 0000:02: functionpoint -- scanning bus
[    0.152188] pci_scan_slot -- functionpoint
[    0.152189] pci_scan_single_device -- functionpoint
[    0.152190] pci_get_slot -- functionpoint
[    0.152191] pci_scan_device -- functionpoint
[    0.152193] pci_bus_read_dev_vendor_id -- functionpoint
[    0.152205] functionpoint -- dev_vendor: 1283, dev_device: 8893
[    0.152208] pci_setup_device -- functionpoint
[    0.152249] pci 0000:02:00.0: [1283:8893] type 01 class 0x060401
[    0.152251] pci 0000:02:00.0: functionpoint -- [1283:8893] type 01 class 0x060401
[    0.152303] switch case PCI_HEADER_TYPE_BRIDGE -- functionpoint
[    0.152485] pci_device_add -- functionpoint
[    0.152647] pci 0000:02:00.0: supports D1 D2
[    0.152649] pci 0000:02:00.0: PME# supported from D0 D1 D2 D3hot D3cold
[    0.152758] functionpoint -- fn = 0, devfn = 0, fn+devfn = 0
[    0.152760] next_fn -- functionpoint
[    0.152762] pci_scan_slot -- functionpoint
[    0.152764] pci_scan_slot -- functionpoint
[    0.152765] pci_scan_slot -- functionpoint
[    0.152766] pci_scan_slot -- functionpoint
[    0.152767] pci_scan_slot -- functionpoint
[    0.152769] pci_scan_slot -- functionpoint
[    0.152770] pci_scan_slot -- functionpoint
[    0.152771] pci_scan_slot -- functionpoint
[    0.152773] pci_scan_slot -- functionpoint
[    0.152774] pci_scan_slot -- functionpoint
[    0.152775] pci_scan_slot -- functionpoint
[    0.152776] pci_scan_slot -- functionpoint
[    0.152778] pci_scan_slot -- functionpoint
[    0.152779] pci_scan_slot -- functionpoint
[    0.152780] pci_scan_slot -- functionpoint
[    0.152781] pci_scan_slot -- functionpoint
[    0.152783] pci_scan_slot -- functionpoint
[    0.152784] pci_scan_slot -- functionpoint
[    0.152785] pci_scan_slot -- functionpoint
[    0.152787] pci_scan_slot -- functionpoint
[    0.152788] pci_scan_slot -- functionpoint
[    0.152789] pci_scan_slot -- functionpoint
[    0.152790] pci_scan_slot -- functionpoint
[    0.152792] pci_scan_slot -- functionpoint
[    0.152793] pci_scan_slot -- functionpoint
[    0.152794] pci_scan_slot -- functionpoint
[    0.152796] pci_scan_slot -- functionpoint
[    0.152797] pci_scan_slot -- functionpoint
[    0.152798] pci_scan_slot -- functionpoint
[    0.152799] pci_scan_slot -- functionpoint
[    0.152801] pci_scan_slot -- functionpoint
[    0.152802] pci_read_bridge_bases -- functionpoint
[    0.152804] pci 0000:00:1c.0: PCI bridge to [bus 02-03]
[    0.152808] pci 0000:00:1c.0:   bridge window [io  0x3000-0x3fff]
[    0.152810] pci 0000:00:1c.0:   bridge window [mem 0xf1000000-0xf10fffff]
[    0.152824] pci_find_bus -- functionpoint
[    0.152824] functionpoint -- domain_num = 0, bus_num = 3
[    0.152827] pci_find_next_bus -- functionpoint
[    0.152827] pci_find_next_bus -- functionpoint
[    0.152829] not found bus -- functionpoint
[    0.152866] pci_scan_child_bus_extend -- functionpoint
[    0.152868] pci_bus 0000:03: functionpoint -- scanning bus
[    0.152871] pci_scan_slot -- functionpoint
[    0.152871] pci_scan_single_device -- functionpoint
[    0.152872] pci_get_slot -- functionpoint
[    0.152874] pci_scan_device -- functionpoint
[    0.152875] pci_bus_read_dev_vendor_id -- functionpoint
[    0.152879] functionpoint -- dev_vendor: 1317, dev_device: 985
[    0.152882] pci_setup_device -- functionpoint
[    0.152896] pci 0000:03:00.0: [1317:0985] type 00 class 0x020000
[    0.152898] pci 0000:03:00.0: functionpoint -- [1317:0985] type 00 class 0x020000
[    0.152919] switch case PCI_HEADER_TYPE_NORMAL -- functionpoint
[    0.152937] pci 0000:03:00.0: reg 0x10: [io  0x3000-0x30ff]
[    0.152954] pci 0000:03:00.0: reg 0x14: [mem 0xf1000000-0xf10003ff]
[    0.153024] pci 0000:03:00.0: reg 0x30: [mem 0xfffe0000-0xffffffff pref]
[    0.153028] pci_device_add -- functionpoint
[    0.153094] pci 0000:03:00.0: supports D1 D2
[    0.153096] pci 0000:03:00.0: PME# supported from D0 D1 D2 D3hot D3cold
[    0.153127] functionpoint -- fn = 0, devfn = 0, fn+devfn = 0
[    0.153128] next_fn -- functionpoint
[    0.153129] pci_scan_slot -- functionpoint
[    0.153130] pci_scan_single_device -- functionpoint
[    0.153131] pci_get_slot -- functionpoint
[    0.153133] pci_scan_device -- functionpoint
[    0.153134] pci_bus_read_dev_vendor_id -- functionpoint
[    0.153143] functionpoint -- fn = 0, devfn = 8, fn+devfn = 8
[    0.153145] pci_scan_slot -- functionpoint
[    0.153146] pci_scan_single_device -- functionpoint
[    0.153147] pci_get_slot -- functionpoint
[    0.153149] pci_scan_device -- functionpoint
[    0.153150] pci_bus_read_dev_vendor_id -- functionpoint
[    0.153161] functionpoint -- fn = 0, devfn = 16, fn+devfn = 16
[    0.153164] pci_scan_slot -- functionpoint
[    0.153164] pci_scan_single_device -- functionpoint
[    0.153165] pci_get_slot -- functionpoint
[    0.153167] pci_scan_device -- functionpoint
[    0.153168] pci_bus_read_dev_vendor_id -- functionpoint
[    0.153173] functionpoint -- fn = 0, devfn = 24, fn+devfn = 24
[    0.153175] pci_scan_slot -- functionpoint
[    0.153175] pci_scan_single_device -- functionpoint
[    0.153177] pci_get_slot -- functionpoint
[    0.153178] pci_scan_device -- functionpoint
[    0.153179] pci_bus_read_dev_vendor_id -- functionpoint
[    0.153190] functionpoint -- fn = 0, devfn = 32, fn+devfn = 32
[    0.153193] pci_scan_slot -- functionpoint
[    0.153193] pci_scan_single_device -- functionpoint
[    0.153194] pci_get_slot -- functionpoint
[    0.153196] pci_scan_device -- functionpoint
[    0.153197] pci_bus_read_dev_vendor_id -- functionpoint
[    0.153202] functionpoint -- fn = 0, devfn = 40, fn+devfn = 40
[    0.153204] pci_scan_slot -- functionpoint
[    0.153204] pci_scan_single_device -- functionpoint
[    0.153206] pci_get_slot -- functionpoint
[    0.153207] pci_scan_device -- functionpoint
[    0.153208] pci_bus_read_dev_vendor_id -- functionpoint
[    0.153219] functionpoint -- fn = 0, devfn = 48, fn+devfn = 48
[    0.153222] pci_scan_slot -- functionpoint
[    0.153222] pci_scan_single_device -- functionpoint
[    0.153224] pci_get_slot -- functionpoint
[    0.153225] pci_scan_device -- functionpoint
[    0.153226] pci_bus_read_dev_vendor_id -- functionpoint
[    0.153230] functionpoint -- fn = 0, devfn = 56, fn+devfn = 56
[    0.153232] pci_scan_slot -- functionpoint
[    0.153233] pci_scan_single_device -- functionpoint
[    0.153234] pci_get_slot -- functionpoint
[    0.153235] pci_scan_device -- functionpoint
[    0.153237] pci_bus_read_dev_vendor_id -- functionpoint
[    0.153241] functionpoint -- fn = 0, devfn = 64, fn+devfn = 64
[    0.153244] pci_scan_slot -- functionpoint
[    0.153244] pci_scan_single_device -- functionpoint
[    0.153245] pci_get_slot -- functionpoint
[    0.153247] pci_scan_device -- functionpoint
[    0.153248] pci_bus_read_dev_vendor_id -- functionpoint
[    0.153260] functionpoint -- fn = 0, devfn = 72, fn+devfn = 72
[    0.153263] pci_scan_slot -- functionpoint
[    0.153263] pci_scan_single_device -- functionpoint
[    0.153265] pci_get_slot -- functionpoint
[    0.153266] pci_scan_device -- functionpoint
[    0.153267] pci_bus_read_dev_vendor_id -- functionpoint
[    0.153271] functionpoint -- fn = 0, devfn = 80, fn+devfn = 80
[    0.153273] pci_scan_slot -- functionpoint
[    0.153274] pci_scan_single_device -- functionpoint
[    0.153275] pci_get_slot -- functionpoint
[    0.153276] pci_scan_device -- functionpoint
[    0.153278] pci_bus_read_dev_vendor_id -- functionpoint
[    0.153281] functionpoint -- fn = 0, devfn = 88, fn+devfn = 88
[    0.153284] pci_scan_slot -- functionpoint
[    0.153284] pci_scan_single_device -- functionpoint
[    0.153285] pci_get_slot -- functionpoint
[    0.153287] pci_scan_device -- functionpoint
[    0.153288] pci_bus_read_dev_vendor_id -- functionpoint
[    0.153293] functionpoint -- fn = 0, devfn = 96, fn+devfn = 96
[    0.153295] pci_scan_slot -- functionpoint
[    0.153295] pci_scan_single_device -- functionpoint
[    0.153297] pci_get_slot -- functionpoint
[    0.153298] pci_scan_device -- functionpoint
[    0.153299] pci_bus_read_dev_vendor_id -- functionpoint
[    0.153311] functionpoint -- fn = 0, devfn = 104, fn+devfn = 104
[    0.153314] pci_scan_slot -- functionpoint
[    0.153314] pci_scan_single_device -- functionpoint
[    0.153315] pci_get_slot -- functionpoint
[    0.153317] pci_scan_device -- functionpoint
[    0.153318] pci_bus_read_dev_vendor_id -- functionpoint
[    0.153322] functionpoint -- fn = 0, devfn = 112, fn+devfn = 112
[    0.153324] pci_scan_slot -- functionpoint
[    0.153325] pci_scan_single_device -- functionpoint
[    0.153326] pci_get_slot -- functionpoint
[    0.153327] pci_scan_device -- functionpoint
[    0.153329] pci_bus_read_dev_vendor_id -- functionpoint
[    0.153333] functionpoint -- fn = 0, devfn = 120, fn+devfn = 120
[    0.153336] pci_scan_slot -- functionpoint
[    0.153336] pci_scan_single_device -- functionpoint
[    0.153338] pci_get_slot -- functionpoint
[    0.153339] pci_scan_device -- functionpoint
[    0.153340] pci_bus_read_dev_vendor_id -- functionpoint
[    0.153352] functionpoint -- fn = 0, devfn = 128, fn+devfn = 128
[    0.153354] pci_scan_slot -- functionpoint
[    0.153355] pci_scan_single_device -- functionpoint
[    0.153356] pci_get_slot -- functionpoint
[    0.153357] pci_scan_device -- functionpoint
[    0.153359] pci_bus_read_dev_vendor_id -- functionpoint
[    0.153362] functionpoint -- fn = 0, devfn = 136, fn+devfn = 136
[    0.153365] pci_scan_slot -- functionpoint
[    0.153365] pci_scan_single_device -- functionpoint
[    0.153366] pci_get_slot -- functionpoint
[    0.153368] pci_scan_device -- functionpoint
[    0.153369] pci_bus_read_dev_vendor_id -- functionpoint
[    0.153373] functionpoint -- fn = 0, devfn = 144, fn+devfn = 144
[    0.153375] pci_scan_slot -- functionpoint
[    0.153376] pci_scan_single_device -- functionpoint
[    0.153377] pci_get_slot -- functionpoint
[    0.153378] pci_scan_device -- functionpoint
[    0.153380] pci_bus_read_dev_vendor_id -- functionpoint
[    0.153384] functionpoint -- fn = 0, devfn = 152, fn+devfn = 152
[    0.153387] pci_scan_slot -- functionpoint
[    0.153387] pci_scan_single_device -- functionpoint
[    0.153388] pci_get_slot -- functionpoint
[    0.153390] pci_scan_device -- functionpoint
[    0.153391] pci_bus_read_dev_vendor_id -- functionpoint
[    0.153402] functionpoint -- fn = 0, devfn = 160, fn+devfn = 160
[    0.153404] pci_scan_slot -- functionpoint
[    0.153405] pci_scan_single_device -- functionpoint
[    0.153406] pci_get_slot -- functionpoint
[    0.153407] pci_scan_device -- functionpoint
[    0.153409] pci_bus_read_dev_vendor_id -- functionpoint
[    0.153413] functionpoint -- fn = 0, devfn = 168, fn+devfn = 168
[    0.153416] pci_scan_slot -- functionpoint
[    0.153416] pci_scan_single_device -- functionpoint
[    0.153417] pci_get_slot -- functionpoint
[    0.153419] pci_scan_device -- functionpoint
[    0.153420] pci_bus_read_dev_vendor_id -- functionpoint
[    0.153431] functionpoint -- fn = 0, devfn = 176, fn+devfn = 176
[    0.153434] pci_scan_slot -- functionpoint
[    0.153434] pci_scan_single_device -- functionpoint
[    0.153435] pci_get_slot -- functionpoint
[    0.153437] pci_scan_device -- functionpoint
[    0.153438] pci_bus_read_dev_vendor_id -- functionpoint
[    0.153443] functionpoint -- fn = 0, devfn = 184, fn+devfn = 184
[    0.153445] pci_scan_slot -- functionpoint
[    0.153445] pci_scan_single_device -- functionpoint
[    0.153447] pci_get_slot -- functionpoint
[    0.153448] pci_scan_device -- functionpoint
[    0.153449] pci_bus_read_dev_vendor_id -- functionpoint
[    0.153462] functionpoint -- fn = 0, devfn = 192, fn+devfn = 192
[    0.153464] pci_scan_slot -- functionpoint
[    0.153464] pci_scan_single_device -- functionpoint
[    0.153466] pci_get_slot -- functionpoint
[    0.153467] pci_scan_device -- functionpoint
[    0.153468] pci_bus_read_dev_vendor_id -- functionpoint
[    0.153473] functionpoint -- fn = 0, devfn = 200, fn+devfn = 200
[    0.153476] pci_scan_slot -- functionpoint
[    0.153476] pci_scan_single_device -- functionpoint
[    0.153477] pci_get_slot -- functionpoint
[    0.153479] pci_scan_device -- functionpoint
[    0.153480] pci_bus_read_dev_vendor_id -- functionpoint
[    0.153493] functionpoint -- fn = 0, devfn = 208, fn+devfn = 208
[    0.153495] pci_scan_slot -- functionpoint
[    0.153496] pci_scan_single_device -- functionpoint
[    0.153497] pci_get_slot -- functionpoint
[    0.153498] pci_scan_device -- functionpoint
[    0.153500] pci_bus_read_dev_vendor_id -- functionpoint
[    0.153504] functionpoint -- fn = 0, devfn = 216, fn+devfn = 216
[    0.153507] pci_scan_slot -- functionpoint
[    0.153507] pci_scan_single_device -- functionpoint
[    0.153508] pci_get_slot -- functionpoint
[    0.153510] pci_scan_device -- functionpoint
[    0.153511] pci_bus_read_dev_vendor_id -- functionpoint
[    0.153524] functionpoint -- fn = 0, devfn = 224, fn+devfn = 224
[    0.153527] pci_scan_slot -- functionpoint
[    0.153527] pci_scan_single_device -- functionpoint
[    0.153528] pci_get_slot -- functionpoint
[    0.153530] pci_scan_device -- functionpoint
[    0.153531] pci_bus_read_dev_vendor_id -- functionpoint
[    0.153536] functionpoint -- fn = 0, devfn = 232, fn+devfn = 232
[    0.153538] pci_scan_slot -- functionpoint
[    0.153539] pci_scan_single_device -- functionpoint
[    0.153540] pci_get_slot -- functionpoint
[    0.153541] pci_scan_device -- functionpoint
[    0.153543] pci_bus_read_dev_vendor_id -- functionpoint
[    0.153554] functionpoint -- fn = 0, devfn = 240, fn+devfn = 240
[    0.153556] pci_scan_slot -- functionpoint
[    0.153557] pci_scan_single_device -- functionpoint
[    0.153558] pci_get_slot -- functionpoint
[    0.153559] pci_scan_device -- functionpoint
[    0.153561] pci_bus_read_dev_vendor_id -- functionpoint
[    0.153565] functionpoint -- fn = 0, devfn = 248, fn+devfn = 248
[    0.153568] pci_read_bridge_bases -- functionpoint
[    0.153569] pci 0000:02:00.0: PCI bridge to [bus 03] (subtractive decode)
[    0.153583] pci 0000:02:00.0:   bridge window [io  0x3000-0x3fff]
[    0.153590] pci 0000:02:00.0:   bridge window [mem 0xf1000000-0xf10fffff]
[    0.153601] pci 0000:02:00.0:   bridge window [io  0x3000-0x3fff] (subtractive decode)
[    0.153602] pci 0000:02:00.0:   bridge window [mem 0xf1000000-0xf10fffff] (subtractive decode)
[    0.153603] pci_bus 0000:03: functionpoint -- bus scan returning with max=03
[    0.153621] pci_bus 0000:02: functionpoint -- bus scan returning with max=03
[    0.153633] pci_bus 0000:00: functionpoint -- bus scan returning with max=03
[    0.155939] driver_register -- functionpoint
[    0.155939] bus_add_driver -- functionpoint
[    0.155942] functionpoint -- bus: 'acpi': add driver ec
[    0.155948] really_probe -- functionpoint
[    0.155949] functionpoint -- bus: 'acpi': really_probe: probing driver ec with device PNP0C09:01
[    0.155963] ACPI: EC: interrupt unblocked
[    0.155974] ACPI: EC: event unblocked
[    0.155993] ACPI: \_SB_.PCI0.LPCB.EC0_: GPE=0x6e, EC_CMD/EC_SC=0x66, EC_DATA=0x62
[    0.155994] ACPI: \_SB_.PCI0.LPCB.EC0_: Used as boot DSDT EC to handle transactions and events
[    0.156047] pci 0000:00:02.0: vgaarb: setting as boot VGA device
[    0.156047] pci 0000:00:02.0: vgaarb: VGA device added: decodes=io+mem,owns=io+mem,locks=none
[    0.156047] pci 0000:00:02.0: vgaarb: bridge control possible
[    0.156047] vgaarb: loaded
[    0.156047] driver_register -- functionpoint
[    0.156047] bus_add_driver -- functionpoint
[    0.156047] functionpoint -- bus: 'i2c': add driver 88PM860x
[    0.156047] driver_register -- functionpoint
[    0.156047] bus_add_driver -- functionpoint
[    0.156047] functionpoint -- bus: 'i2c': add driver WM8400
[    0.156047] driver_register -- functionpoint
[    0.156047] bus_add_driver -- functionpoint
[    0.156047] functionpoint -- bus: 'i2c': add driver wm831x
[    0.156047] driver_register -- functionpoint
[    0.156047] bus_add_driver -- functionpoint
[    0.156047] functionpoint -- bus: 'spi': add driver wm831x
[    0.156047] driver_register -- functionpoint
[    0.156047] bus_add_driver -- functionpoint
[    0.156047] functionpoint -- bus: 'i2c': add driver wm8350
[    0.156047] driver_register -- functionpoint
[    0.156047] bus_add_driver -- functionpoint
[    0.156047] functionpoint -- bus: 'i2c': add driver tps65910
[    0.156050] driver_register -- functionpoint
[    0.156051] bus_add_driver -- functionpoint
[    0.156052] functionpoint -- bus: 'i2c': add driver tps80031
[    0.156058] driver_register -- functionpoint
[    0.156059] bus_add_driver -- functionpoint
[    0.156060] functionpoint -- bus: 'spi': add driver ezx-pcap
[    0.156064] driver_register -- functionpoint
[    0.156065] bus_add_driver -- functionpoint
[    0.156066] functionpoint -- bus: 'i2c': add driver da903x
[    0.156071] driver_register -- functionpoint
[    0.156071] bus_add_driver -- functionpoint
[    0.156072] functionpoint -- bus: 'spi': add driver da9052
[    0.156077] driver_register -- functionpoint
[    0.156077] bus_add_driver -- functionpoint
[    0.156079] functionpoint -- bus: 'i2c': add driver da9052
[    0.156083] driver_register -- functionpoint
[    0.156083] bus_add_driver -- functionpoint
[    0.156085] functionpoint -- bus: 'i2c': add driver lp8788
[    0.156089] driver_register -- functionpoint
[    0.156089] bus_add_driver -- functionpoint
[    0.156091] functionpoint -- bus: 'i2c': add driver da9055-pmic
[    0.156095] driver_register -- functionpoint
[    0.156095] bus_add_driver -- functionpoint
[    0.156097] functionpoint -- bus: 'i2c': add driver max77843
[    0.156101] driver_register -- functionpoint
[    0.156101] bus_add_driver -- functionpoint
[    0.156103] functionpoint -- bus: 'i2c': add driver max8925
[    0.156109] driver_register -- functionpoint
[    0.156109] bus_add_driver -- functionpoint
[    0.156111] functionpoint -- bus: 'i2c': add driver max8997
[    0.156115] driver_register -- functionpoint
[    0.156115] bus_add_driver -- functionpoint
[    0.156117] functionpoint -- bus: 'i2c': add driver max8998
[    0.156121] driver_register -- functionpoint
[    0.156122] bus_add_driver -- functionpoint
[    0.156124] functionpoint -- bus: 'i2c': add driver ab3100
[    0.156133] driver_register -- functionpoint
[    0.156133] bus_add_driver -- functionpoint
[    0.156135] functionpoint -- bus: 'i2c': add driver tps6586x
[    0.156139] driver_register -- functionpoint
[    0.156140] bus_add_driver -- functionpoint
[    0.156141] functionpoint -- bus: 'i2c': add driver tps65090
[    0.156145] driver_register -- functionpoint
[    0.156146] bus_add_driver -- functionpoint
[    0.156147] functionpoint -- bus: 'i2c': add driver aat2870
[    0.156152] driver_register -- functionpoint
[    0.156152] bus_add_driver -- functionpoint
[    0.156154] functionpoint -- bus: 'i2c': add driver palmas
[    0.156158] driver_register -- functionpoint
[    0.156158] bus_add_driver -- functionpoint
[    0.156160] functionpoint -- bus: 'i2c': add driver rc5t583
[    0.156164] driver_register -- functionpoint
[    0.156164] bus_add_driver -- functionpoint
[    0.156166] functionpoint -- bus: 'i2c': add driver sec_pmic
[    0.156172] driver_register -- functionpoint
[    0.156173] bus_add_driver -- functionpoint
[    0.156174] functionpoint -- bus: 'i2c': add driver as3711
[    0.156185] driver_register -- functionpoint
[    0.156185] bus_add_driver -- functionpoint
[    0.156187] functionpoint -- bus: 'nd': add driver nd_bus
[    0.156192] driver_register -- functionpoint
[    0.156192] bus_add_driver -- functionpoint
[    0.156194] functionpoint -- bus: 'nd': add driver nvdimm
[    0.156199] driver_register -- functionpoint
[    0.156199] bus_add_driver -- functionpoint
[    0.156201] functionpoint -- bus: 'nd': add driver nd_region
[    0.156261] SCSI subsystem initialized
[    0.156272] libata version 3.00 loaded.
[    0.156272] driver_register -- functionpoint
[    0.156272] bus_add_driver -- functionpoint
[    0.156272] functionpoint -- bus: 'mdio_bus': add driver Generic 10G PHY
[    0.156272] driver_register -- functionpoint
[    0.156272] bus_add_driver -- functionpoint
[    0.156272] functionpoint -- bus: 'mdio_bus': add driver Generic PHY
[    0.156272] ACPI: bus type USB registered
[    0.156272] driver_register -- functionpoint
[    0.156272] bus_add_driver -- functionpoint
[    0.156272] functionpoint -- bus: 'usb': add driver usbfs
[    0.156272] usbcore: registered new interface driver usbfs
[    0.156272] driver_register -- functionpoint
[    0.156272] bus_add_driver -- functionpoint
[    0.156272] functionpoint -- bus: 'usb': add driver hub
[    0.156272] usbcore: registered new interface driver hub
[    0.156272] driver_register -- functionpoint
[    0.156272] bus_add_driver -- functionpoint
[    0.156272] functionpoint -- bus: 'usb': add driver usb
[    0.156272] usbcore: registered new device driver usb
[    0.156272] driver_register -- functionpoint
[    0.156272] bus_add_driver -- functionpoint
[    0.156272] functionpoint -- bus: 'platform': add driver i2c_designware
[    0.156272] EDAC MC: Ver: 3.0.0
[    0.156272] Registered efivars operations
[    0.189690] start pci_subsys_init -- functionpoint
[    0.189690] PCI: Using ACPI for IRQ routing
[    0.189690] pci_find_bus -- functionpoint
[    0.189690] functionpoint -- domain_num = 0, bus_num = 0
[    0.189690] pci_find_next_bus -- functionpoint
[    0.189690] found bus -- functionpoint
[    0.189690] pci_find_bus -- functionpoint
[    0.189690] functionpoint -- domain_num = 0, bus_num = 1
[    0.189690] pci_find_next_bus -- functionpoint
[    0.189690] found bus -- functionpoint
[    0.189690] pci_find_bus -- functionpoint
[    0.189690] functionpoint -- domain_num = 0, bus_num = 2
[    0.189690] pci_find_next_bus -- functionpoint
[    0.189690] found bus -- functionpoint
[    0.189690] pci_find_bus -- functionpoint
[    0.189690] functionpoint -- domain_num = 0, bus_num = 3
[    0.189690] pci_find_next_bus -- functionpoint
[    0.189690] found bus -- functionpoint
[    0.189690] pci_find_bus -- functionpoint
[    0.189690] functionpoint -- domain_num = 0, bus_num = 4
[    0.189690] pci_find_next_bus -- functionpoint
[    0.189690] pci_find_next_bus -- functionpoint
[    0.189690] not found bus -- functionpoint
[    0.189690] pci_find_bus -- functionpoint
[    0.189690] functionpoint -- domain_num = 0, bus_num = 5
[    0.189690] pci_find_next_bus -- functionpoint
[    0.189690] pci_find_next_bus -- functionpoint
[    0.189690] not found bus -- functionpoint
[    0.189690] pci_find_bus -- functionpoint
[    0.189690] functionpoint -- domain_num = 0, bus_num = 6
[    0.189690] pci_find_next_bus -- functionpoint
[    0.189690] pci_find_next_bus -- functionpoint
[    0.189690] not found bus -- functionpoint
[    0.189690] pci_find_bus -- functionpoint
[    0.189690] functionpoint -- domain_num = 0, bus_num = 7
[    0.189690] pci_find_next_bus -- functionpoint
[    0.189690] pci_find_next_bus -- functionpoint
[    0.189690] not found bus -- functionpoint
[    0.189690] pci_find_bus -- functionpoint
[    0.189690] functionpoint -- domain_num = 0, bus_num = 8
[    0.189690] pci_find_next_bus -- functionpoint
[    0.189690] pci_find_next_bus -- functionpoint
[    0.189690] not found bus -- functionpoint
[    0.189731] pci_find_bus -- functionpoint
[    0.189733] functionpoint -- domain_num = 0, bus_num = 9
[    0.189735] pci_find_next_bus -- functionpoint
[    0.189735] pci_find_next_bus -- functionpoint
[    0.189737] not found bus -- functionpoint
[    0.190065] pci_find_bus -- functionpoint
[    0.190066] functionpoint -- domain_num = 0, bus_num = 10
[    0.190069] pci_find_next_bus -- functionpoint
[    0.190069] pci_find_next_bus -- functionpoint
[    0.190070] not found bus -- functionpoint
[    0.192095] pci_find_bus -- functionpoint
[    0.192097] functionpoint -- domain_num = 0, bus_num = 11
[    0.192099] pci_find_next_bus -- functionpoint
[    0.192100] pci_find_next_bus -- functionpoint
[    0.192101] not found bus -- functionpoint
[    0.192430] pci_find_bus -- functionpoint
[    0.192431] functionpoint -- domain_num = 0, bus_num = 12
[    0.192433] pci_find_next_bus -- functionpoint
[    0.192434] pci_find_next_bus -- functionpoint
[    0.192435] not found bus -- functionpoint
[    0.192774] pci_find_bus -- functionpoint
[    0.192776] functionpoint -- domain_num = 0, bus_num = 13
[    0.192778] pci_find_next_bus -- functionpoint
[    0.192778] pci_find_next_bus -- functionpoint
[    0.192780] not found bus -- functionpoint
[    0.193119] pci_find_bus -- functionpoint
[    0.193120] functionpoint -- domain_num = 0, bus_num = 14
[    0.193122] pci_find_next_bus -- functionpoint
[    0.193123] pci_find_next_bus -- functionpoint
[    0.193124] not found bus -- functionpoint
[    0.193453] pci_find_bus -- functionpoint
[    0.193454] functionpoint -- domain_num = 0, bus_num = 15
[    0.193457] pci_find_next_bus -- functionpoint
[    0.193457] pci_find_next_bus -- functionpoint
[    0.193458] not found bus -- functionpoint
[    0.193787] pci_find_bus -- functionpoint
[    0.193788] functionpoint -- domain_num = 0, bus_num = 16
[    0.193790] pci_find_next_bus -- functionpoint
[    0.193791] pci_find_next_bus -- functionpoint
[    0.193792] not found bus -- functionpoint
[    0.194120] pci_find_bus -- functionpoint
[    0.194122] functionpoint -- domain_num = 0, bus_num = 17
[    0.194124] pci_find_next_bus -- functionpoint
[    0.194125] pci_find_next_bus -- functionpoint
[    0.194126] not found bus -- functionpoint
[    0.194454] pci_find_bus -- functionpoint
[    0.194456] functionpoint -- domain_num = 0, bus_num = 18
[    0.194458] pci_find_next_bus -- functionpoint
[    0.194458] pci_find_next_bus -- functionpoint
[    0.194460] not found bus -- functionpoint
[    0.194772] pci_find_bus -- functionpoint
[    0.194773] functionpoint -- domain_num = 0, bus_num = 19
[    0.194776] pci_find_next_bus -- functionpoint
[    0.194776] pci_find_next_bus -- functionpoint
[    0.194777] not found bus -- functionpoint
[    0.195106] pci_find_bus -- functionpoint
[    0.195107] functionpoint -- domain_num = 0, bus_num = 20
[    0.195110] pci_find_next_bus -- functionpoint
[    0.195110] pci_find_next_bus -- functionpoint
[    0.195111] not found bus -- functionpoint
[    0.195450] pci_find_bus -- functionpoint
[    0.195452] functionpoint -- domain_num = 0, bus_num = 21
[    0.195454] pci_find_next_bus -- functionpoint
[    0.195455] pci_find_next_bus -- functionpoint
[    0.195456] not found bus -- functionpoint
[    0.195795] pci_find_bus -- functionpoint
[    0.195796] functionpoint -- domain_num = 0, bus_num = 22
[    0.195799] pci_find_next_bus -- functionpoint
[    0.195799] pci_find_next_bus -- functionpoint
[    0.195800] not found bus -- functionpoint
[    0.196138] pci_find_bus -- functionpoint
[    0.196140] functionpoint -- domain_num = 0, bus_num = 23
[    0.196142] pci_find_next_bus -- functionpoint
[    0.196142] pci_find_next_bus -- functionpoint
[    0.196144] not found bus -- functionpoint
[    0.196472] pci_find_bus -- functionpoint
[    0.196474] functionpoint -- domain_num = 0, bus_num = 24
[    0.196476] pci_find_next_bus -- functionpoint
[    0.196477] pci_find_next_bus -- functionpoint
[    0.196478] not found bus -- functionpoint
[    0.196806] pci_find_bus -- functionpoint
[    0.196808] functionpoint -- domain_num = 0, bus_num = 25
[    0.196810] pci_find_next_bus -- functionpoint
[    0.196811] pci_find_next_bus -- functionpoint
[    0.196812] not found bus -- functionpoint
[    0.197151] pci_find_bus -- functionpoint
[    0.197152] functionpoint -- domain_num = 0, bus_num = 26
[    0.197155] pci_find_next_bus -- functionpoint
[    0.197155] pci_find_next_bus -- functionpoint
[    0.197156] not found bus -- functionpoint
[    0.197477] pci_find_bus -- functionpoint
[    0.197479] functionpoint -- domain_num = 0, bus_num = 27
[    0.197481] pci_find_next_bus -- functionpoint
[    0.197482] pci_find_next_bus -- functionpoint
[    0.197483] not found bus -- functionpoint
[    0.197811] pci_find_bus -- functionpoint
[    0.197813] functionpoint -- domain_num = 0, bus_num = 28
[    0.197815] pci_find_next_bus -- functionpoint
[    0.197816] pci_find_next_bus -- functionpoint
[    0.197817] not found bus -- functionpoint
[    0.198138] pci_find_bus -- functionpoint
[    0.198140] functionpoint -- domain_num = 0, bus_num = 29
[    0.198142] pci_find_next_bus -- functionpoint
[    0.198142] pci_find_next_bus -- functionpoint
[    0.198144] not found bus -- functionpoint
[    0.198472] pci_find_bus -- functionpoint
[    0.198474] functionpoint -- domain_num = 0, bus_num = 30
[    0.198476] pci_find_next_bus -- functionpoint
[    0.198477] pci_find_next_bus -- functionpoint
[    0.198478] not found bus -- functionpoint
[    0.198806] pci_find_bus -- functionpoint
[    0.198808] functionpoint -- domain_num = 0, bus_num = 31
[    0.198810] pci_find_next_bus -- functionpoint
[    0.198811] pci_find_next_bus -- functionpoint
[    0.198812] not found bus -- functionpoint
[    0.199151] pci_find_bus -- functionpoint
[    0.199152] functionpoint -- domain_num = 0, bus_num = 32
[    0.199155] pci_find_next_bus -- functionpoint
[    0.199155] pci_find_next_bus -- functionpoint
[    0.199156] not found bus -- functionpoint
[    0.199495] pci_find_bus -- functionpoint
[    0.199497] functionpoint -- domain_num = 0, bus_num = 33
[    0.199499] pci_find_next_bus -- functionpoint
[    0.199499] pci_find_next_bus -- functionpoint
[    0.199501] not found bus -- functionpoint
[    0.199829] pci_find_bus -- functionpoint
[    0.199831] functionpoint -- domain_num = 0, bus_num = 34
[    0.199833] pci_find_next_bus -- functionpoint
[    0.199834] pci_find_next_bus -- functionpoint
[    0.199835] not found bus -- functionpoint
[    0.200160] pci_find_bus -- functionpoint
[    0.200161] functionpoint -- domain_num = 0, bus_num = 35
[    0.200164] pci_find_next_bus -- functionpoint
[    0.200164] pci_find_next_bus -- functionpoint
[    0.200165] not found bus -- functionpoint
[    0.200494] pci_find_bus -- functionpoint
[    0.200496] functionpoint -- domain_num = 0, bus_num = 36
[    0.200498] pci_find_next_bus -- functionpoint
[    0.200498] pci_find_next_bus -- functionpoint
[    0.200500] not found bus -- functionpoint
[    0.200828] pci_find_bus -- functionpoint
[    0.200829] functionpoint -- domain_num = 0, bus_num = 37
[    0.200832] pci_find_next_bus -- functionpoint
[    0.200832] pci_find_next_bus -- functionpoint
[    0.200833] not found bus -- functionpoint
[    0.201161] pci_find_bus -- functionpoint
[    0.201163] functionpoint -- domain_num = 0, bus_num = 38
[    0.201165] pci_find_next_bus -- functionpoint
[    0.201166] pci_find_next_bus -- functionpoint
[    0.201167] not found bus -- functionpoint
[    0.201495] pci_find_bus -- functionpoint
[    0.201497] functionpoint -- domain_num = 0, bus_num = 39
[    0.201499] pci_find_next_bus -- functionpoint
[    0.201499] pci_find_next_bus -- functionpoint
[    0.201501] not found bus -- functionpoint
[    0.201840] pci_find_bus -- functionpoint
[    0.201841] functionpoint -- domain_num = 0, bus_num = 40
[    0.201843] pci_find_next_bus -- functionpoint
[    0.201844] pci_find_next_bus -- functionpoint
[    0.201845] not found bus -- functionpoint
[    0.202184] pci_find_bus -- functionpoint
[    0.202185] functionpoint -- domain_num = 0, bus_num = 41
[    0.202188] pci_find_next_bus -- functionpoint
[    0.202188] pci_find_next_bus -- functionpoint
[    0.202190] not found bus -- functionpoint
[    0.202518] pci_find_bus -- functionpoint
[    0.202520] functionpoint -- domain_num = 0, bus_num = 42
[    0.202522] pci_find_next_bus -- functionpoint
[    0.202522] pci_find_next_bus -- functionpoint
[    0.202524] not found bus -- functionpoint
[    0.202852] pci_find_bus -- functionpoint
[    0.202854] functionpoint -- domain_num = 0, bus_num = 43
[    0.202856] pci_find_next_bus -- functionpoint
[    0.202856] pci_find_next_bus -- functionpoint
[    0.202858] not found bus -- functionpoint
[    0.203180] pci_find_bus -- functionpoint
[    0.203181] functionpoint -- domain_num = 0, bus_num = 44
[    0.203184] pci_find_next_bus -- functionpoint
[    0.203184] pci_find_next_bus -- functionpoint
[    0.203185] not found bus -- functionpoint
[    0.203514] pci_find_bus -- functionpoint
[    0.203515] functionpoint -- domain_num = 0, bus_num = 45
[    0.203518] pci_find_next_bus -- functionpoint
[    0.203518] pci_find_next_bus -- functionpoint
[    0.203519] not found bus -- functionpoint
[    0.203848] pci_find_bus -- functionpoint
[    0.203849] functionpoint -- domain_num = 0, bus_num = 46
[    0.203852] pci_find_next_bus -- functionpoint
[    0.203852] pci_find_next_bus -- functionpoint
[    0.203854] not found bus -- functionpoint
[    0.204191] pci_find_bus -- functionpoint
[    0.204193] functionpoint -- domain_num = 0, bus_num = 47
[    0.204195] pci_find_next_bus -- functionpoint
[    0.204196] pci_find_next_bus -- functionpoint
[    0.204197] not found bus -- functionpoint
[    0.204526] pci_find_bus -- functionpoint
[    0.204527] functionpoint -- domain_num = 0, bus_num = 48
[    0.204530] pci_find_next_bus -- functionpoint
[    0.204530] pci_find_next_bus -- functionpoint
[    0.204531] not found bus -- functionpoint
[    0.204870] pci_find_bus -- functionpoint
[    0.204872] functionpoint -- domain_num = 0, bus_num = 49
[    0.204874] pci_find_next_bus -- functionpoint
[    0.204875] pci_find_next_bus -- functionpoint
[    0.204876] not found bus -- functionpoint
[    0.205207] pci_find_bus -- functionpoint
[    0.205209] functionpoint -- domain_num = 0, bus_num = 50
[    0.205211] pci_find_next_bus -- functionpoint
[    0.205212] pci_find_next_bus -- functionpoint
[    0.205213] not found bus -- functionpoint
[    0.205541] pci_find_bus -- functionpoint
[    0.205543] functionpoint -- domain_num = 0, bus_num = 51
[    0.205545] pci_find_next_bus -- functionpoint
[    0.205545] pci_find_next_bus -- functionpoint
[    0.205547] not found bus -- functionpoint
[    0.205886] pci_find_bus -- functionpoint
[    0.205888] functionpoint -- domain_num = 0, bus_num = 52
[    0.205890] pci_find_next_bus -- functionpoint
[    0.205890] pci_find_next_bus -- functionpoint
[    0.205892] not found bus -- functionpoint
[    0.206220] pci_find_bus -- functionpoint
[    0.206222] functionpoint -- domain_num = 0, bus_num = 53
[    0.206224] pci_find_next_bus -- functionpoint
[    0.206224] pci_find_next_bus -- functionpoint
[    0.206226] not found bus -- functionpoint
[    0.206554] pci_find_bus -- functionpoint
