[    0.000000] microcode: microcode updated early to revision 0xd6, date = 2020-04-23
[    0.000000] Linux version 4.15.9+ (root@Yee-680G4) (gcc version 5.5.0 20171010 (Ubuntu 5.5.0-12ubuntu1~16.04)) #28 SMP Wed Sep 30 19:07:15 CST 2020
[    0.000000] Command line: BOOT_IMAGE=/boot/vmlinuz-4.15.9+ root=UUID=da0e40f1-3840-43a9-b61a-7b465a7673d3 ro quiet splash vt.handoff=7
[    0.000000] KERNEL supported cpus:
[    0.000000]   Intel GenuineIntel
[    0.000000]   AMD AuthenticAMD
[    0.000000]   Centaur CentaurHauls
[    0.000000] x86/fpu: Supporting XSAVE feature 0x001: 'x87 floating point registers'
[    0.000000] x86/fpu: Supporting XSAVE feature 0x002: 'SSE registers'
[    0.000000] x86/fpu: Supporting XSAVE feature 0x004: 'AVX registers'
[    0.000000] x86/fpu: Supporting XSAVE feature 0x008: 'MPX bounds registers'
[    0.000000] x86/fpu: Supporting XSAVE feature 0x010: 'MPX CSR'
[    0.000000] x86/fpu: xstate_offset[2]:  576, xstate_sizes[2]:  256
[    0.000000] x86/fpu: xstate_offset[3]:  832, xstate_sizes[3]:   64
[    0.000000] x86/fpu: xstate_offset[4]:  896, xstate_sizes[4]:   64
[    0.000000] x86/fpu: Enabled xstate features 0x1f, context size is 960 bytes, using 'compacted' format.
[    0.000000] e820: BIOS-provided physical RAM map:
[    0.000000] BIOS-e820: [mem 0x0000000000000000-0x000000000009efff] usable
[    0.000000] BIOS-e820: [mem 0x000000000009f000-0x00000000000fffff] reserved
[    0.000000] BIOS-e820: [mem 0x0000000000100000-0x00000000be6aafff] usable
[    0.000000] BIOS-e820: [mem 0x00000000be6ab000-0x00000000bf98efff] reserved
[    0.000000] BIOS-e820: [mem 0x00000000bf98f000-0x00000000bfb8efff] ACPI NVS
[    0.000000] BIOS-e820: [mem 0x00000000bfb8f000-0x00000000bfc0efff] ACPI data
[    0.000000] BIOS-e820: [mem 0x00000000bfc0f000-0x00000000bfc0ffff] usable
[    0.000000] BIOS-e820: [mem 0x00000000bfc10000-0x00000000d47fffff] reserved
[    0.000000] BIOS-e820: [mem 0x00000000fe010000-0x00000000fe010fff] reserved
[    0.000000] BIOS-e820: [mem 0x00000000ff000000-0x00000000ffffffff] reserved
[    0.000000] BIOS-e820: [mem 0x0000000100000000-0x00000004277fffff] usable
[    0.000000] NX (Execute Disable) protection: active
[    0.000000] efi: EFI v2.60 by HP
[    0.000000] efi:  ACPI=0xbfc0e000  ACPI 2.0=0xbfc0e014  SMBIOS=0xbee75000  ESRT=0xbee76018  MEMATTR=0xaf753018 
[    0.000000] random: fast init done
[    0.000000] SMBIOS 3.1 present.
[    0.000000] DMI: HP HP ProDesk 680 G4 MT/8580, BIOS R04 Ver. 02.11.01 04/27/2020
[    0.000000] e820: update [mem 0x00000000-0x00000fff] usable ==> reserved
[    0.000000] e820: remove [mem 0x000a0000-0x000fffff] usable
[    0.000000] e820: last_pfn = 0x427800 max_arch_pfn = 0x400000000
[    0.000000] MTRR default type: write-back
[    0.000000] MTRR fixed ranges enabled:
[    0.000000]   00000-9FFFF write-back
[    0.000000]   A0000-BFFFF uncachable
[    0.000000]   C0000-FFFFF write-protect
[    0.000000] MTRR variable ranges enabled:
[    0.000000]   0 base 00E0000000 mask 7FE0000000 uncachable
[    0.000000]   1 base 00D0000000 mask 7FF0000000 uncachable
[    0.000000]   2 base 00C8000000 mask 7FF8000000 uncachable
[    0.000000]   3 base 00C4000000 mask 7FFC000000 uncachable
[    0.000000]   4 base 2000000000 mask 6000000000 uncachable
[    0.000000]   5 base 1000000000 mask 7000000000 uncachable
[    0.000000]   6 base 0800000000 mask 7800000000 uncachable
[    0.000000]   7 base 4000000000 mask 4000000000 uncachable
[    0.000000]   8 disabled
[    0.000000]   9 disabled
[    0.000000] x86/PAT: Configuration [0-7]: WB  WC  UC- UC  WB  WP  UC- WT  
[    0.000000] e820: last_pfn = 0xbfc10 max_arch_pfn = 0x400000000
[    0.000000] esrt: Reserving ESRT space from 0x00000000bee76018 to 0x00000000bee76050.
[    0.000000] Scanning 1 areas for low memory corruption
[    0.000000] Base memory trampoline at [        (ptrval)] 99000 size 24576
[    0.000000] Using GB pages for direct mapping
[    0.000000] BRK [0x1e6f3a000, 0x1e6f3afff] PGTABLE
[    0.000000] BRK [0x1e6f3b000, 0x1e6f3bfff] PGTABLE
[    0.000000] BRK [0x1e6f3c000, 0x1e6f3cfff] PGTABLE
[    0.000000] BRK [0x1e6f3d000, 0x1e6f3dfff] PGTABLE
[    0.000000] BRK [0x1e6f3e000, 0x1e6f3efff] PGTABLE
[    0.000000] BRK [0x1e6f3f000, 0x1e6f3ffff] PGTABLE
[    0.000000] BRK [0x1e6f40000, 0x1e6f40fff] PGTABLE
[    0.000000] BRK [0x1e6f41000, 0x1e6f41fff] PGTABLE
[    0.000000] Secure boot could not be determined
[    0.000000] RAMDISK: [mem 0x23329000-0x3e1b0fff]
[    0.000000] ACPI: Early table checksum verification disabled
[    0.000000] ACPI: RSDP 0x00000000BFC0E014 000024 (v02 HPQOEM)
[    0.000000] ACPI: XSDT 0x00000000BFBC7188 0000DC (v01 HPQOEM SLIC-BPC 00000000 INTL 20160422)
[    0.000000] ACPI: FACP 0x00000000BFC08000 000114 (v06 HPQOEM SLIC-BPC 00000000 HP   00000001)
[    0.000000] ACPI: DSDT 0x00000000BFBE5000 01E092 (v02 HPQOEM 8580     00000000 INTL 20160527)
[    0.000000] ACPI: FACS 0x00000000BFB3F000 000040
[    0.000000] ACPI: SSDT 0x00000000BFC0C000 00012A (v02 HP     ShmTable 00000001 INTL 20160527)
[    0.000000] ACPI: SSDT 0x00000000BFC0A000 001B5F (v02 CpuRef CpuSsdt  00003000 INTL 20160527)
[    0.000000] ACPI: SSDT 0x00000000BFC09000 0009CF (v02 CtdpB  CtdpB    00001000 INTL 20160527)
[    0.000000] ACPI: HPET 0x00000000BFC07000 000038 (v01 HPQOEM 8580     00000001 HP   00000001)
[    0.000000] ACPI: APIC 0x00000000BFC06000 00012C (v03 HPQOEM 8580     00000001 HP   00000001)
[    0.000000] ACPI: MCFG 0x00000000BFC05000 00003C (v01 HPQOEM 8580     00000001 HP   00000001)
[    0.000000] ACPI: WSMT 0x00000000BFC04000 000028 (v01 HPQOEM 8580     00000001 HP   00000001)
[    0.000000] ACPI: SSDT 0x00000000BFBE4000 000734 (v01 HPQOEM PtidDevc 00001000 INTL 20160527)
[    0.000000] ACPI: SSDT 0x00000000BFBE3000 000B27 (v02 HPQOEM HP_XHC_P 00000000 INTL 20160527)
[    0.000000] ACPI: SSDT 0x00000000BFBDF000 0030ED (v02 SaSsdt SaSsdt   00003000 INTL 20160527)
[    0.000000] ACPI: LPIT 0x00000000BFBDE000 000094 (v01 INTEL  CFL      20170001 INTL 20160422)
[    0.000000] ACPI: WSMT 0x00000000BFBDD000 000028 (v01 INTEL  CFL      20170001 INTL 20160422)
[    0.000000] ACPI: SSDT 0x00000000BFBDC000 00044C (v02 INTEL  Wwan     00000001 INTL 20160527)
[    0.000000] ACPI: UEFI 0x00000000BFB39000 000042 (v01 INTEL  CFL      20170001 INTL 20160422)
[    0.000000] ACPI: OEML 0x00000000BFBDB000 000028 (v03 INTEL  CFL      20170001 INTL 20160422)
[    0.000000] ACPI: DMAR 0x00000000BFBDA000 0000C8 (v01 INTEL  CFL      00000002      01000013)
[    0.000000] ACPI: SSDT 0x00000000BFBCB000 00E899 (v01 HP     HPINDTWL 00001000 INTL 20160527)
[    0.000000] ACPI: SSDT 0x00000000BFBCA000 000032 (v01 HP     HPCONDEV 00001000 INTL 20160527)
[    0.000000] ACPI: SSDT 0x00000000BFBC9000 000069 (v01 HP     HPCAHWID 00001000 INTL 20160527)
[    0.000000] ACPI: ASF! 0x00000000BFBC8000 0000A0 (v32 HPQOEM  UYA     20170001 INTL 20160422)
[    0.000000] ACPI: FPDT 0x00000000BFC0D000 000044 (v01 INTEL  CFL      20170001 INTL 20160422)
[    0.000000] ACPI: BGRT 0x00000000BFBC6000 000038 (v01 INTEL  CFL      20170001 INTL 20160422)
[    0.000000] ACPI: Local APIC address 0xfee00000
[    0.000000] No NUMA configuration found
[    0.000000] Faking a node at [mem 0x0000000000000000-0x00000004277fffff]
[    0.000000] NODE_DATA(0) allocated [mem 0x4277d5000-0x4277fffff]
[    0.000000] Zone ranges:
[    0.000000]   DMA      [mem 0x0000000000001000-0x0000000000ffffff]
[    0.000000]   DMA32    [mem 0x0000000001000000-0x00000000ffffffff]
[    0.000000]   Normal   [mem 0x0000000100000000-0x00000004277fffff]
[    0.000000]   Device   empty
[    0.000000] Movable zone start for each node
[    0.000000] Early memory node ranges
[    0.000000]   node   0: [mem 0x0000000000001000-0x000000000009efff]
[    0.000000]   node   0: [mem 0x0000000000100000-0x00000000be6aafff]
[    0.000000]   node   0: [mem 0x00000000bfc0f000-0x00000000bfc0ffff]
[    0.000000]   node   0: [mem 0x0000000100000000-0x00000004277fffff]
[    0.000000] Initmem setup node 0 [mem 0x0000000000001000-0x00000004277fffff]
[    0.000000] On node 0 totalpages: 4087370
[    0.000000]   DMA zone: 64 pages used for memmap
[    0.000000]   DMA zone: 21 pages reserved
[    0.000000]   DMA zone: 3998 pages, LIFO batch:0
[    0.000000]   DMA32 zone: 12123 pages used for memmap
[    0.000000]   DMA32 zone: 775852 pages, LIFO batch:31
[    0.000000]   Normal zone: 51680 pages used for memmap
[    0.000000]   Normal zone: 3307520 pages, LIFO batch:31
[    0.000000] Reserved but unavailable: 99 pages
[    0.000000] tboot: non-0 tboot_addr but it is not of type E820_TYPE_RESERVED
[    0.000000] ACPI: PM-Timer IO Port: 0x1808
[    0.000000] ACPI: Local APIC address 0xfee00000
[    0.000000] ACPI: LAPIC_NMI (acpi_id[0x01] high edge lint[0x1])
[    0.000000] ACPI: LAPIC_NMI (acpi_id[0x02] high edge lint[0x1])
[    0.000000] ACPI: LAPIC_NMI (acpi_id[0x03] high edge lint[0x1])
[    0.000000] ACPI: LAPIC_NMI (acpi_id[0x04] high edge lint[0x1])
[    0.000000] ACPI: LAPIC_NMI (acpi_id[0x05] high edge lint[0x1])
[    0.000000] ACPI: LAPIC_NMI (acpi_id[0x06] high edge lint[0x1])
[    0.000000] ACPI: LAPIC_NMI (acpi_id[0x07] high edge lint[0x1])
[    0.000000] ACPI: LAPIC_NMI (acpi_id[0x08] high edge lint[0x1])
[    0.000000] ACPI: LAPIC_NMI (acpi_id[0x09] high edge lint[0x1])
[    0.000000] ACPI: LAPIC_NMI (acpi_id[0x0a] high edge lint[0x1])
[    0.000000] ACPI: LAPIC_NMI (acpi_id[0x0b] high edge lint[0x1])
[    0.000000] ACPI: LAPIC_NMI (acpi_id[0x0c] high edge lint[0x1])
[    0.000000] ACPI: LAPIC_NMI (acpi_id[0x0d] high edge lint[0x1])
[    0.000000] ACPI: LAPIC_NMI (acpi_id[0x0e] high edge lint[0x1])
[    0.000000] ACPI: LAPIC_NMI (acpi_id[0x0f] high edge lint[0x1])
[    0.000000] ACPI: LAPIC_NMI (acpi_id[0x10] high edge lint[0x1])
[    0.000000] IOAPIC[0]: apic_id 2, version 32, address 0xfec00000, GSI 0-119
[    0.000000] ACPI: INT_SRC_OVR (bus 0 bus_irq 0 global_irq 2 dfl dfl)
[    0.000000] ACPI: INT_SRC_OVR (bus 0 bus_irq 9 global_irq 9 high level)
[    0.000000] ACPI: IRQ0 used by override.
[    0.000000] ACPI: IRQ9 used by override.
[    0.000000] Using ACPI (MADT) for SMP configuration information
[    0.000000] ACPI: HPET id: 0x8086a201 base: 0xfed00000
[    0.000000] smpboot: Allowing 8 CPUs, 0 hotplug CPUs
[    0.000000] PM: Registered nosave memory: [mem 0x00000000-0x00000fff]
[    0.000000] PM: Registered nosave memory: [mem 0x0009f000-0x000fffff]
[    0.000000] PM: Registered nosave memory: [mem 0xbe6ab000-0xbf98efff]
[    0.000000] PM: Registered nosave memory: [mem 0xbf98f000-0xbfb8efff]
[    0.000000] PM: Registered nosave memory: [mem 0xbfb8f000-0xbfc0efff]
[    0.000000] PM: Registered nosave memory: [mem 0xbfc10000-0xd47fffff]
[    0.000000] PM: Registered nosave memory: [mem 0xd4800000-0xfe00ffff]
[    0.000000] PM: Registered nosave memory: [mem 0xfe010000-0xfe010fff]
[    0.000000] PM: Registered nosave memory: [mem 0xfe011000-0xfeffffff]
[    0.000000] PM: Registered nosave memory: [mem 0xff000000-0xffffffff]
[    0.000000] e820: [mem 0xd4800000-0xfe00ffff] available for PCI devices
[    0.000000] Booting paravirtualized kernel on bare hardware
[    0.000000] clocksource: refined-jiffies: mask: 0xffffffff max_cycles: 0xffffffff, max_idle_ns: 7645519600211568 ns
[    0.000000] setup_percpu: NR_CPUS:8192 nr_cpumask_bits:8 nr_cpu_ids:8 nr_node_ids:1
[    0.000000] percpu: Embedded 46 pages/cpu @        (ptrval) s151552 r8192 d28672 u262144
[    0.000000] pcpu-alloc: s151552 r8192 d28672 u262144 alloc=1*2097152
[    0.000000] pcpu-alloc: [0] 0 1 2 3 4 5 6 7 
[    0.000000] Built 1 zonelists, mobility grouping on.  Total pages: 4023482
[    0.000000] Policy zone: Normal
[    0.000000] Kernel command line: BOOT_IMAGE=/boot/vmlinuz-4.15.9+ root=UUID=da0e40f1-3840-43a9-b61a-7b465a7673d3 ro quiet splash vt.handoff=7
[    0.000000] Calgary: detecting Calgary via BIOS EBDA area
[    0.000000] Calgary: Unable to locate Rio Grande table in EBDA - bailing!
[    0.000000] Memory: 15485632K/16349480K available (12300K kernel code, 2470K rwdata, 4196K rodata, 2388K init, 2416K bss, 863848K reserved, 0K cma-reserved)
[    0.000000] SLUB: HWalign=64, Order=0-3, MinObjects=0, CPUs=8, Nodes=1
[    0.000000] ftrace: allocating 38976 entries in 153 pages
[    0.000000] Hierarchical RCU implementation.
[    0.000000] 	RCU restricting CPUs from NR_CPUS=8192 to nr_cpu_ids=8.
[    0.000000] 	Tasks RCU enabled.
[    0.000000] RCU: Adjusting geometry for rcu_fanout_leaf=16, nr_cpu_ids=8
[    0.000000] NR_IRQS: 524544, nr_irqs: 2048, preallocated irqs: 16
[    0.000000] Console: colour dummy device 80x25
[    0.000000] console [tty0] enabled
[    0.000000] ACPI: Core revision 20170831
[    0.000000] ACPI Error: [\_SB_.PCI0.XHC_.RHUB.HS11] Namespace lookup failure, AE_NOT_FOUND (20170831/dswload-210)
[    0.000000] ACPI Exception: AE_NOT_FOUND, During name lookup/catalog (20170831/psobject-252)
[    0.000000] ACPI Exception: AE_NOT_FOUND, (SSDT:HP_XHC_P) while loading table (20170831/tbxfload-228)
[    0.000000] ACPI Error: 1 table load failures, 10 successful (20170831/tbxfload-246)
[    0.000000] clocksource: hpet: mask: 0xffffffff max_cycles: 0xffffffff, max_idle_ns: 79635855245 ns
[    0.000000] hpet clockevent registered
[    0.004000] APIC: Switch to symmetric I/O mode setup
[    0.004000] DMAR: Host address width 39
[    0.004000] DMAR: DRHD base: 0x000000fed90000 flags: 0x0
[    0.004000] DMAR: dmar0: reg_base_addr fed90000 ver 1:0 cap 1c0000c40660462 ecap 19e2ff0505e
[    0.004000] DMAR: DRHD base: 0x000000fed91000 flags: 0x1
[    0.004000] DMAR: dmar1: reg_base_addr fed91000 ver 1:0 cap d2008c40660462 ecap f050da
[    0.004000] DMAR: RMRR base: 0x000000bf81d000 end: 0x000000bf83cfff
[    0.004000] DMAR: RMRR base: 0x000000c4000000 end: 0x000000d47fffff
[    0.004000] DMAR: RMRR base: 0x000000bf86e000 end: 0x000000bf8edfff
[    0.004000] DMAR-IR: IOAPIC id 2 under DRHD base  0xfed91000 IOMMU 1
[    0.004000] DMAR-IR: HPET id 0 under DRHD base 0xfed91000
[    0.004000] DMAR-IR: Queued invalidation will be enabled to support x2apic and Intr-remapping.
[    0.004000] DMAR-IR: Enabled IRQ remapping in x2apic mode
[    0.004000] x2apic enabled
[    0.004000] Switched APIC routing to cluster x2apic.
[    0.016000] ..TIMER: vector=0x30 apic1=0 pin1=2 apic2=-1 pin2=-1
[    0.036000] tsc: Detected 3000.000 MHz processor
[    0.036000] Calibrating delay loop (skipped), value calculated using timer frequency.. 6000.00 BogoMIPS (lpj=12000000)
[    0.036000] pid_max: default: 32768 minimum: 301
[    0.036000] Security Framework initialized
[    0.036000] Yama: becoming mindful.
[    0.036000] AppArmor: AppArmor initialized
[    0.036000] Dentry cache hash table entries: 2097152 (order: 12, 16777216 bytes)
[    0.036000] Inode-cache hash table entries: 1048576 (order: 11, 8388608 bytes)
[    0.036000] Mount-cache hash table entries: 32768 (order: 6, 262144 bytes)
[    0.036000] Mountpoint-cache hash table entries: 32768 (order: 6, 262144 bytes)
[    0.036000] CPU: Physical Processor ID: 0
[    0.036000] CPU: Processor Core ID: 0
[    0.036000] ENERGY_PERF_BIAS: Set to 'normal', was 'performance'
[    0.036000] ENERGY_PERF_BIAS: View and update with x86_energy_perf_policy(8)
[    0.036000] mce: CPU supports 14 MCE banks
[    0.036000] CPU0: Thermal monitoring enabled (TM1)
[    0.036000] process: using mwait in idle threads
[    0.036000] Last level iTLB entries: 4KB 128, 2MB 8, 4MB 8
[    0.036000] Last level dTLB entries: 4KB 64, 2MB 0, 4MB 0, 1GB 4
[    0.036000] Spectre V2 : Mitigation: Full generic retpoline
[    0.036000] Spectre V2 : Spectre v2 mitigation: Filling RSB on context switch
[    0.036000] Spectre V2 : Spectre v2 mitigation: Enabling Indirect Branch Prediction Barrier
[    0.036000] Freeing SMP alternatives memory: 36K
[    0.042303] TSC deadline timer enabled
[    0.042314] smpboot: CPU0: Intel(R) Core(TM) i7-9700 CPU @ 3.00GHz (family: 0x6, model: 0x9e, stepping: 0xd)
[    0.042365] Performance Events: PEBS fmt3+, Skylake events, 32-deep LBR, full-width counters, Intel PMU driver.
[    0.042394] ... version:                4
[    0.042395] ... bit width:              48
[    0.042395] ... generic registers:      8
[    0.042396] ... value mask:             0000ffffffffffff
[    0.042396] ... max period:             00007fffffffffff
[    0.042397] ... fixed-purpose events:   3
[    0.042397] ... event mask:             00000007000000ff
[    0.042427] Hierarchical SRCU implementation.
[    0.043361] NMI watchdog: Enabled. Permanently consumes one hw-PMU counter.
[    0.043371] smp: Bringing up secondary CPUs ...
[    0.043432] x86: Booting SMP configuration:
[    0.043433] .... node  #0, CPUs:      #1 #2 #3 #4 #5 #6 #7
[    0.053463] smp: Brought up 1 node, 8 CPUs
[    0.053463] smpboot: Max logical packages: 1
[    0.053463] smpboot: Total of 8 processors activated (48000.00 BogoMIPS)
[    0.056288] devtmpfs: initialized
[    0.056288] x86/mm: Memory block size: 128MB
[    0.057015] evm: security.selinux
[    0.057016] evm: security.SMACK64
[    0.057016] evm: security.SMACK64EXEC
[    0.057016] evm: security.SMACK64TRANSMUTE
[    0.057017] evm: security.SMACK64MMAP
[    0.057017] evm: security.apparmor
[    0.057018] evm: security.ima
[    0.057018] evm: security.capability
[    0.057031] PM: Registering ACPI NVS region [mem 0xbf98f000-0xbfb8efff] (2097152 bytes)
[    0.057031] clocksource: jiffies: mask: 0xffffffff max_cycles: 0xffffffff, max_idle_ns: 7645041785100000 ns
[    0.057031] futex hash table entries: 2048 (order: 5, 131072 bytes)
[    0.057031] pinctrl core: initialized pinctrl subsystem
[    0.057031] driver_register -- functionpoint
[    0.057031] bus_add_driver -- functionpoint
[    0.057031] functionpoint -- bus: 'platform': add driver reg-dummy
[    0.057031] really_probe -- functionpoint
[    0.057031] functionpoint -- bus: 'platform': really_probe: probing driver reg-dummy with device reg-dummy
[    0.057031] RTC time:  3:34:28, date: 10/12/20
[    0.057031] NET: Registered protocol family 16
[    0.057031] audit: initializing netlink subsys (disabled)
[    0.057031] audit: type=2000 audit(1602473668.056:1): state=initialized audit_enabled=0 res=1
[    0.057031] driver_register -- functionpoint
[    0.057031] bus_add_driver -- functionpoint
[    0.057031] functionpoint -- bus: 'platform': add driver sram
[    0.057031] driver_register -- functionpoint
[    0.057031] bus_add_driver -- functionpoint
[    0.057031] functionpoint -- bus: 'platform': add driver syscon
[    0.057031] driver_register -- functionpoint
[    0.057031] bus_add_driver -- functionpoint
[    0.057031] functionpoint -- bus: 'i2c': add driver dummy
[    0.057031] cpuidle: using governor ladder
[    0.057031] cpuidle: using governor menu
[    0.057031] ACPI FADT declares the system doesn't support PCIe ASPM, so disable it
[    0.057031] ACPI: bus type PCI registered
[    0.057031] acpiphp: ACPI Hot Plug PCI Controller Driver version: 0.5
[    0.057031] start pci_arch_init -- functionpoint
[    0.057031] PCI: MMCONFIG for domain 0000 [bus 00-3f] at [mem 0xf8000000-0xfbffffff] (base 0xf8000000)
[    0.057031] PCI: not using MMCONFIG
[    0.057031] PCI: Using configuration type 1 for base access
[    0.057031] end pci_arch_init -- functionpoint
[    0.057118] HugeTLB registered 1.00 GiB page size, pre-allocated 0 pages
[    0.057118] HugeTLB registered 2.00 MiB page size, pre-allocated 0 pages
[    0.057119] driver_register -- functionpoint
[    0.057119] bus_add_driver -- functionpoint
[    0.057119] functionpoint -- bus: 'i2c': add driver sx150x-pinctrl
[    0.057119] driver_register -- functionpoint
[    0.057119] bus_add_driver -- functionpoint
[    0.057119] functionpoint -- bus: 'platform': add driver byt_gpio
[    0.057119] driver_register -- functionpoint
[    0.057119] bus_add_driver -- functionpoint
[    0.057119] functionpoint -- bus: 'platform': add driver cherryview-pinctrl
[    0.057119] driver_register -- functionpoint
[    0.057119] bus_add_driver -- functionpoint
[    0.057119] functionpoint -- bus: 'platform': add driver lp_gpio
[    0.057119] driver_register -- functionpoint
[    0.057119] bus_add_driver -- functionpoint
[    0.057119] functionpoint -- bus: 'platform': add driver rc5t583-gpio
[    0.057119] driver_register -- functionpoint
[    0.057119] bus_add_driver -- functionpoint
[    0.057119] functionpoint -- bus: 'platform': add driver palmas-gpio
[    0.057119] driver_register -- functionpoint
[    0.057119] bus_add_driver -- functionpoint
[    0.057119] functionpoint -- bus: 'platform': add driver tps6586x-gpio
[    0.057119] driver_register -- functionpoint
[    0.057119] bus_add_driver -- functionpoint
[    0.057119] functionpoint -- bus: 'platform': add driver tps65910-gpio
[    0.057119] ACPI: Added _OSI(Module Device)
[    0.057119] ACPI: Added _OSI(Processor Device)
[    0.057119] ACPI: Added _OSI(3.0 _SCP Extensions)
[    0.057119] ACPI: Added _OSI(Processor Aggregator Device)
[    0.061853] ACPI: Executed 30 blocks of module-level executable AML code
[    0.072037] ACPI: [Firmware Bug]: BIOS _OSI(Linux) query ignored
[    0.079857] ACPI: Dynamic OEM Table Load:
[    0.079868] ACPI: SSDT 0xFFFF8B0654FB2100 0000F4 (v02 PmRef  Cpu0Psd  00003000 INTL 20160527)
[    0.080107] ACPI: Executed 1 blocks of module-level executable AML code
[    0.080229] ACPI: \_SB_.PR00: _OSC native thermal LVT Acked
[    0.081186] ACPI: Dynamic OEM Table Load:
[    0.081192] ACPI: SSDT 0xFFFF8B0654FB8800 000400 (v02 PmRef  Cpu0Cst  00003001 INTL 20160527)
[    0.081417] ACPI: Executed 1 blocks of module-level executable AML code
[    0.081648] ACPI: Dynamic OEM Table Load:
[    0.081653] ACPI: SSDT 0xFFFF8B0654EF6800 000605 (v02 PmRef  Cpu0Ist  00003000 INTL 20160527)
[    0.081857] ACPI: Executed 1 blocks of module-level executable AML code
[    0.082047] ACPI: Dynamic OEM Table Load:
[    0.082051] ACPI: SSDT 0xFFFF8B0654F37600 000149 (v02 PmRef  Cpu0Hwp  00003000 INTL 20160527)
[    0.082246] ACPI: Executed 2 blocks of module-level executable AML code
[    0.082417] ACPI: Dynamic OEM Table Load:
[    0.082423] ACPI: SSDT 0xFFFF8B0654EF3800 000724 (v02 PmRef  HwpLvt   00003000 INTL 20160527)
[    0.082606] ACPI: Executed 1 blocks of module-level executable AML code
[    0.083098] ACPI: Dynamic OEM Table Load:
[    0.083103] ACPI: SSDT 0xFFFF8B0654EF5800 0005FC (v02 PmRef  ApIst    00003000 INTL 20160527)
[    0.083505] ACPI: Executed 1 blocks of module-level executable AML code
[    0.083698] ACPI: Dynamic OEM Table Load:
[    0.083703] ACPI: SSDT 0xFFFF8B0654FBFC00 000317 (v02 PmRef  ApHwp    00003000 INTL 20160527)
[    0.083980] ACPI: Executed 1 blocks of module-level executable AML code
[    0.084299] ACPI: Dynamic OEM Table Load:
[    0.084305] ACPI: SSDT 0xFFFF8B0657147000 000AB0 (v02 PmRef  ApPsd    00003000 INTL 20160527)
[    0.085153] ACPI: Executed 1 blocks of module-level executable AML code
[    0.085349] ACPI: Dynamic OEM Table Load:
[    0.085354] ACPI: SSDT 0xFFFF8B0654FBC000 00030A (v02 PmRef  ApCst    00003000 INTL 20160527)
[    0.085633] ACPI: Executed 1 blocks of module-level executable AML code
[    0.088536] ACPI: EC: EC started
[    0.088537] ACPI: EC: interrupt blocked
[    0.088553] ACPI: \_SB_.PCI0.LPCB.EC0_: Used as first EC
[    0.088555] ACPI: \_SB_.PCI0.LPCB.EC0_: GPE=0x6e, EC_CMD/EC_SC=0x66, EC_DATA=0x62
[    0.088556] ACPI: \_SB_.PCI0.LPCB.EC0_: Used as boot DSDT EC to handle transactions
[    0.088556] ACPI: Interpreter enabled
[    0.088604] ACPI: (supports S0 S3 S4 S5)
[    0.088605] ACPI: Using IOAPIC for interrupt routing
[    0.088644] PCI: MMCONFIG for domain 0000 [bus 00-3f] at [mem 0xf8000000-0xfbffffff] (base 0xf8000000)
[    0.091249] PCI: MMCONFIG at [mem 0xf8000000-0xfbffffff] reserved in ACPI motherboard resources
[    0.091254] acpi_pci_root_init --functionpoint
[    0.091255] acpi_hest_init -- functionpoint
[    0.091259] PCI: Using host bridge windows from ACPI; if necessary, use "pci=nocrs" and report a bug
[    0.091650] driver_register -- functionpoint
[    0.091651] bus_add_driver -- functionpoint
[    0.091653] functionpoint -- bus: 'platform': add driver clk-lpt
[    0.091710] ACPI: Enabled 4 GPEs in block 00 to 7F
[    0.091712] acpi_bus_scan -- functionpoint
[    0.098600] ACPI: Power Resource [USBC] (on)
[    0.099416] ACPI: Power Resource [WRST] (on)
[    0.099820] ACPI: Power Resource [WRST] (on)
[    0.100218] ACPI: Power Resource [WRST] (on)
[    0.100617] ACPI: Power Resource [WRST] (on)
[    0.101022] ACPI: Power Resource [WRST] (on)
[    0.101415] ACPI: Power Resource [WRST] (on)
[    0.101812] ACPI: Power Resource [WRST] (on)
[    0.102211] ACPI: Power Resource [WRST] (on)
[    0.102609] ACPI: Power Resource [WRST] (on)
[    0.103001] ACPI: Power Resource [WRST] (on)
[    0.103396] ACPI: Power Resource [WRST] (on)
[    0.103792] ACPI: Power Resource [WRST] (on)
[    0.104188] ACPI: Power Resource [WRST] (on)
[    0.104585] ACPI: Power Resource [WRST] (on)
[    0.104988] ACPI: Power Resource [WRST] (on)
[    0.105381] ACPI: Power Resource [WRST] (on)
[    0.105777] ACPI: Power Resource [WRST] (on)
[    0.106179] ACPI: Power Resource [WRST] (on)
[    0.106581] ACPI: Power Resource [WRST] (on)
[    0.106987] ACPI: Power Resource [WRST] (on)
[    0.108685] ACPI: Power Resource [V0PR] (on)
[    0.108898] ACPI: Power Resource [V1PR] (on)
[    0.109107] ACPI: Power Resource [V2PR] (on)
[    0.113645] ACPI: Power Resource [WRST] (on)
[    0.115867] acpi_pci_root_add -- functionpoint
[    0.116258] ACPI: PCI Root Bridge [PCI0] (domain 0000 [bus 00-3e])
[    0.116261] ACPI: functionpoint -- PCI Root Bridge [PCI0] (domain 0000 [bus 00-3e])
[    0.116268] acpi PNP0A08:00: _OSC: OS supports [ExtendedConfig ASPM ClockPM Segments MSI]
[    0.119665] acpi PNP0A08:00: _OSC: OS now controls [PCIeHotplug PME AER PCIeCapability]
[    0.119666] acpi PNP0A08:00: FADT indicates ASPM is unsupported, using BIOS configuration
[    0.119680] pci_acpi_scan_root -- functionpoint
[    0.119680] pci_find_bus -- functionpoint
[    0.119683] functionpoint -- domain_num = 0, bus_num = 0
[    0.119685] pci_find_next_bus -- functionpoint
[    0.119686] not found bus -- functionpoint
[    0.119699] acpi_pci_root_create -- functionpoint
[    0.120083] pci_create_root_bus -- functionpoint
[    0.120085] pci_alloc_host_bridge -- functionpoint
[    0.120087] pci_register_host_bridge -- functionpoint
[    0.120088] pci_find_bus -- functionpoint
[    0.120090] functionpoint -- domain_num = 0, bus_num = 0
[    0.120092] pci_find_next_bus -- functionpoint
[    0.120093] not found bus -- functionpoint
[    0.121127] pci_bus_read_dev_vendor_id -- functionpoint
[    0.121141] pci_bus_read_dev_vendor_id -- functionpoint
[    0.121157] pci_bus_read_dev_vendor_id -- functionpoint
[    0.121169] pci_bus_read_dev_vendor_id -- functionpoint
[    0.121180] pci_bus_read_dev_vendor_id -- functionpoint
[    0.121193] pci_bus_read_dev_vendor_id -- functionpoint
[    0.121201] pci_bus_read_dev_vendor_id -- functionpoint
[    0.121214] pci_bus_read_dev_vendor_id -- functionpoint
[    0.121227] pci_bus_read_dev_vendor_id -- functionpoint
[    0.121232] pci_bus_read_dev_vendor_id -- functionpoint
[    0.121243] pci_bus_read_dev_vendor_id -- functionpoint
[    0.121291] pci_bus_read_dev_vendor_id -- functionpoint
[    0.121343] pci_bus_read_dev_vendor_id -- functionpoint
[    0.121394] pci_bus_read_dev_vendor_id -- functionpoint
[    0.121445] pci_bus_read_dev_vendor_id -- functionpoint
[    0.121496] pci_bus_read_dev_vendor_id -- functionpoint
[    0.121546] pci_bus_read_dev_vendor_id -- functionpoint
[    0.121598] pci_bus_read_dev_vendor_id -- functionpoint
[    0.121645] pci_bus_read_dev_vendor_id -- functionpoint
[    0.121697] pci_bus_read_dev_vendor_id -- functionpoint
[    0.121749] pci_bus_read_dev_vendor_id -- functionpoint
[    0.121799] pci_bus_read_dev_vendor_id -- functionpoint
[    0.121851] pci_bus_read_dev_vendor_id -- functionpoint
[    0.121902] pci_bus_read_dev_vendor_id -- functionpoint
[    0.121953] pci_bus_read_dev_vendor_id -- functionpoint
[    0.122004] pci_bus_read_dev_vendor_id -- functionpoint
[    0.122055] pci_bus_read_dev_vendor_id -- functionpoint
[    0.122108] pci_bus_read_dev_vendor_id -- functionpoint
[    0.122159] pci_bus_read_dev_vendor_id -- functionpoint
[    0.122210] pci_bus_read_dev_vendor_id -- functionpoint
[    0.122261] pci_bus_read_dev_vendor_id -- functionpoint
[    0.122313] pci_bus_read_dev_vendor_id -- functionpoint
[    0.122360] pci_bus_read_dev_vendor_id -- functionpoint
[    0.122412] pci_bus_read_dev_vendor_id -- functionpoint
[    0.122464] pci_bus_read_dev_vendor_id -- functionpoint
[    0.122479] pci_bus_read_dev_vendor_id -- functionpoint
[    0.122496] pci_bus_read_dev_vendor_id -- functionpoint
[    0.122511] pci_bus_read_dev_vendor_id -- functionpoint
[    0.122522] pci_bus_read_dev_vendor_id -- functionpoint
[    0.122534] pci_bus_read_dev_vendor_id -- functionpoint
[    0.122539] pci_bus_read_dev_vendor_id -- functionpoint
[    0.122545] pci_bus_read_dev_vendor_id -- functionpoint
[    0.122553] PCI host bridge to bus 0000:00
[    0.122556] pci_bus 0000:00: root bus resource [io  0x0000-0x0cf7 window]
[    0.122558] pci_bus 0000:00: root bus resource [io  0x0d00-0xffff window]
[    0.122559] pci_bus 0000:00: root bus resource [mem 0x000a0000-0x000bffff window]
[    0.122560] pci_bus 0000:00: root bus resource [mem 0xd4800000-0xf7ffffff window]
[    0.122561] pci_bus 0000:00: root bus resource [mem 0x4000000000-0x7fffffffff window]
[    0.122562] pci_bus 0000:00: root bus resource [mem 0xfc800000-0xfe7fffff window]
[    0.122563] pci_bus 0000:00: root bus resource [bus 00-3e]
[    0.122564] pci_scan_child_bus_extend -- functionpoint
[    0.122565] pci_bus 0000:00: functionpoint -- scanning bus
[    0.122568] pci_scan_slot -- functionpoint
[    0.122568] pci_scan_single_device -- functionpoint
[    0.122569] pci_get_slot -- functionpoint
[    0.122571] pci_scan_device -- functionpoint
[    0.122572] pci_bus_read_dev_vendor_id -- functionpoint
[    0.122574] functionpoint -- dev_vendor: 8086, dev_device: 3e30
[    0.122577] pci_setup_device -- functionpoint
[    0.122583] pci 0000:00:00.0: [8086:3e30] type 00 class 0x060000
[    0.122585] pci 0000:00:00.0: functionpoint -- [8086:3e30] type 00 class 0x060000
[    0.122600] switch case PCI_HEADER_TYPE_NORMAL -- functionpoint
[    0.122612] pci_device_add -- functionpoint
[    0.123596] functionpoint -- fn = 0, devfn = 0, fn+devfn = 0
[    0.123599] next_fn -- functionpoint
[    0.123599] pci_scan_slot -- functionpoint
[    0.123601] pci_scan_single_device -- functionpoint
[    0.123602] pci_get_slot -- functionpoint
[    0.123604] pci_scan_device -- functionpoint
[    0.123605] pci_bus_read_dev_vendor_id -- functionpoint
[    0.123616] functionpoint -- fn = 0, devfn = 8, fn+devfn = 8
[    0.123619] pci_scan_slot -- functionpoint
[    0.123619] pci_scan_single_device -- functionpoint
[    0.123620] pci_get_slot -- functionpoint
[    0.123622] pci_scan_device -- functionpoint
[    0.123623] pci_bus_read_dev_vendor_id -- functionpoint
[    0.123625] functionpoint -- dev_vendor: 8086, dev_device: 3e98
[    0.123628] pci_setup_device -- functionpoint
[    0.123633] pci 0000:00:02.0: [8086:3e98] type 00 class 0x030000
[    0.123635] pci 0000:00:02.0: functionpoint -- [8086:3e98] type 00 class 0x030000
[    0.123640] switch case PCI_HEADER_TYPE_NORMAL -- functionpoint
[    0.123646] pci 0000:00:02.0: reg 0x10: [mem 0xf0000000-0xf0ffffff 64bit]
[    0.123652] pci 0000:00:02.0: reg 0x18: [mem 0xe0000000-0xefffffff 64bit pref]
[    0.123655] pci 0000:00:02.0: reg 0x20: [io  0x4000-0x403f]
[    0.123661] pci_device_add -- functionpoint
[    0.123668] pci 0000:00:02.0: BAR 2: assigned to efifb
[    0.124678] functionpoint -- fn = 0, devfn = 16, fn+devfn = 16
[    0.124680] next_fn -- functionpoint
[    0.124680] pci_scan_slot -- functionpoint
[    0.124682] pci_scan_single_device -- functionpoint
[    0.124683] pci_get_slot -- functionpoint
[    0.124684] pci_scan_device -- functionpoint
[    0.124686] pci_bus_read_dev_vendor_id -- functionpoint
[    0.124697] functionpoint -- fn = 0, devfn = 24, fn+devfn = 24
[    0.124699] pci_scan_slot -- functionpoint
[    0.124700] pci_scan_single_device -- functionpoint
[    0.124701] pci_get_slot -- functionpoint
[    0.124702] pci_scan_device -- functionpoint
[    0.124704] pci_bus_read_dev_vendor_id -- functionpoint
[    0.124722] functionpoint -- fn = 0, devfn = 32, fn+devfn = 32
[    0.124725] pci_scan_slot -- functionpoint
[    0.124725] pci_scan_single_device -- functionpoint
[    0.124727] pci_get_slot -- functionpoint
[    0.124728] pci_scan_device -- functionpoint
[    0.124729] pci_bus_read_dev_vendor_id -- functionpoint
[    0.124747] functionpoint -- fn = 0, devfn = 40, fn+devfn = 40
[    0.124749] pci_scan_slot -- functionpoint
[    0.124749] pci_scan_single_device -- functionpoint
[    0.124751] pci_get_slot -- functionpoint
[    0.124752] pci_scan_device -- functionpoint
[    0.124753] pci_bus_read_dev_vendor_id -- functionpoint
[    0.124772] functionpoint -- fn = 0, devfn = 48, fn+devfn = 48
[    0.124775] pci_scan_slot -- functionpoint
[    0.124775] pci_scan_single_device -- functionpoint
[    0.124777] pci_get_slot -- functionpoint
[    0.124778] pci_scan_device -- functionpoint
[    0.124779] pci_bus_read_dev_vendor_id -- functionpoint
[    0.124798] functionpoint -- fn = 0, devfn = 56, fn+devfn = 56
[    0.124800] pci_scan_slot -- functionpoint
[    0.124800] pci_scan_single_device -- functionpoint
[    0.124802] pci_get_slot -- functionpoint
[    0.124803] pci_scan_device -- functionpoint
[    0.124804] pci_bus_read_dev_vendor_id -- functionpoint
[    0.124823] functionpoint -- fn = 0, devfn = 64, fn+devfn = 64
[    0.124825] pci_scan_slot -- functionpoint
[    0.124825] pci_scan_single_device -- functionpoint
[    0.124827] pci_get_slot -- functionpoint
[    0.124828] pci_scan_device -- functionpoint
[    0.124829] pci_bus_read_dev_vendor_id -- functionpoint
[    0.124848] functionpoint -- fn = 0, devfn = 72, fn+devfn = 72
[    0.124850] pci_scan_slot -- functionpoint
[    0.124850] pci_scan_single_device -- functionpoint
[    0.124852] pci_get_slot -- functionpoint
[    0.124853] pci_scan_device -- functionpoint
[    0.124854] pci_bus_read_dev_vendor_id -- functionpoint
[    0.124873] functionpoint -- fn = 0, devfn = 80, fn+devfn = 80
[    0.124875] pci_scan_slot -- functionpoint
[    0.124875] pci_scan_single_device -- functionpoint
[    0.124877] pci_get_slot -- functionpoint
[    0.124878] pci_scan_device -- functionpoint
[    0.124879] pci_bus_read_dev_vendor_id -- functionpoint
[    0.124897] functionpoint -- fn = 0, devfn = 88, fn+devfn = 88
[    0.124899] pci_scan_slot -- functionpoint
[    0.124900] pci_scan_single_device -- functionpoint
[    0.124901] pci_get_slot -- functionpoint
[    0.124902] pci_scan_device -- functionpoint
[    0.124904] pci_bus_read_dev_vendor_id -- functionpoint
[    0.124923] functionpoint -- fn = 0, devfn = 96, fn+devfn = 96
[    0.124925] pci_scan_slot -- functionpoint
[    0.124925] pci_scan_single_device -- functionpoint
[    0.124927] pci_get_slot -- functionpoint
[    0.124928] pci_scan_device -- functionpoint
[    0.124929] pci_bus_read_dev_vendor_id -- functionpoint
[    0.124948] functionpoint -- fn = 0, devfn = 104, fn+devfn = 104
[    0.124950] pci_scan_slot -- functionpoint
[    0.124951] pci_scan_single_device -- functionpoint
[    0.124952] pci_get_slot -- functionpoint
[    0.124953] pci_scan_device -- functionpoint
[    0.124955] pci_bus_read_dev_vendor_id -- functionpoint
[    0.124973] functionpoint -- fn = 0, devfn = 112, fn+devfn = 112
[    0.124975] pci_scan_slot -- functionpoint
[    0.124976] pci_scan_single_device -- functionpoint
[    0.124977] pci_get_slot -- functionpoint
[    0.124978] pci_scan_device -- functionpoint
[    0.124979] pci_bus_read_dev_vendor_id -- functionpoint
[    0.124998] functionpoint -- fn = 0, devfn = 120, fn+devfn = 120
[    0.125000] pci_scan_slot -- functionpoint
[    0.125001] pci_scan_single_device -- functionpoint
[    0.125002] pci_get_slot -- functionpoint
[    0.125003] pci_scan_device -- functionpoint
[    0.125004] pci_bus_read_dev_vendor_id -- functionpoint
[    0.125023] functionpoint -- fn = 0, devfn = 128, fn+devfn = 128
[    0.125025] pci_scan_slot -- functionpoint
[    0.125025] pci_scan_single_device -- functionpoint
[    0.125027] pci_get_slot -- functionpoint
[    0.125028] pci_scan_device -- functionpoint
[    0.125029] pci_bus_read_dev_vendor_id -- functionpoint
[    0.125047] functionpoint -- fn = 0, devfn = 136, fn+devfn = 136
[    0.125050] pci_scan_slot -- functionpoint
[    0.125050] pci_scan_single_device -- functionpoint
[    0.125051] pci_get_slot -- functionpoint
[    0.125053] pci_scan_device -- functionpoint
[    0.125054] pci_bus_read_dev_vendor_id -- functionpoint
[    0.125060] functionpoint -- dev_vendor: 8086, dev_device: a379
[    0.125063] pci_setup_device -- functionpoint
[    0.125074] pci 0000:00:12.0: [8086:a379] type 00 class 0x118000
[    0.125076] pci 0000:00:12.0: functionpoint -- [8086:a379] type 00 class 0x118000
[    0.125090] switch case PCI_HEADER_TYPE_NORMAL -- functionpoint
[    0.125108] pci 0000:00:12.0: reg 0x10: [mem 0x4000107000-0x4000107fff 64bit]
[    0.125149] pci_device_add -- functionpoint
[    0.126169] functionpoint -- fn = 0, devfn = 144, fn+devfn = 144
[    0.126171] next_fn -- functionpoint
[    0.126172] pci_scan_single_device -- functionpoint
[    0.126173] pci_get_slot -- functionpoint
[    0.126175] pci_scan_device -- functionpoint
[    0.126176] pci_bus_read_dev_vendor_id -- functionpoint
[    0.126187] functionpoint -- fn = 1, devfn = 144, fn+devfn = 145
[    0.126189] next_fn -- functionpoint
[    0.126189] pci_scan_single_device -- functionpoint
[    0.126191] pci_get_slot -- functionpoint
[    0.126192] pci_scan_device -- functionpoint
[    0.126193] pci_bus_read_dev_vendor_id -- functionpoint
[    0.126212] functionpoint -- fn = 2, devfn = 144, fn+devfn = 146
[    0.126214] next_fn -- functionpoint
[    0.126215] pci_scan_single_device -- functionpoint
[    0.126216] pci_get_slot -- functionpoint
[    0.126217] pci_scan_device -- functionpoint
[    0.126219] pci_bus_read_dev_vendor_id -- functionpoint
[    0.126237] functionpoint -- fn = 3, devfn = 144, fn+devfn = 147
[    0.126239] next_fn -- functionpoint
[    0.126240] pci_scan_single_device -- functionpoint
[    0.126241] pci_get_slot -- functionpoint
[    0.126242] pci_scan_device -- functionpoint
[    0.126244] pci_bus_read_dev_vendor_id -- functionpoint
[    0.126262] functionpoint -- fn = 4, devfn = 144, fn+devfn = 148
[    0.126264] next_fn -- functionpoint
[    0.126265] pci_scan_single_device -- functionpoint
[    0.126266] pci_get_slot -- functionpoint
[    0.126267] pci_scan_device -- functionpoint
[    0.126269] pci_bus_read_dev_vendor_id -- functionpoint
[    0.126287] functionpoint -- fn = 5, devfn = 144, fn+devfn = 149
[    0.126290] next_fn -- functionpoint
[    0.126290] pci_scan_single_device -- functionpoint
[    0.126291] pci_get_slot -- functionpoint
[    0.126293] pci_scan_device -- functionpoint
[    0.126294] pci_bus_read_dev_vendor_id -- functionpoint
[    0.126307] functionpoint -- fn = 6, devfn = 144, fn+devfn = 150
[    0.126309] next_fn -- functionpoint
[    0.126309] pci_scan_single_device -- functionpoint
[    0.126311] pci_get_slot -- functionpoint
[    0.126312] pci_scan_device -- functionpoint
[    0.126313] pci_bus_read_dev_vendor_id -- functionpoint
[    0.126322] functionpoint -- fn = 7, devfn = 144, fn+devfn = 151
[    0.126325] next_fn -- functionpoint
[    0.126325] pci_scan_slot -- functionpoint
[    0.126326] pci_scan_single_device -- functionpoint
[    0.126327] pci_get_slot -- functionpoint
[    0.126329] pci_scan_device -- functionpoint
[    0.126330] pci_bus_read_dev_vendor_id -- functionpoint
[    0.126342] functionpoint -- fn = 0, devfn = 152, fn+devfn = 152
[    0.126345] pci_scan_slot -- functionpoint
[    0.126345] pci_scan_single_device -- functionpoint
[    0.126346] pci_get_slot -- functionpoint
[    0.126348] pci_scan_device -- functionpoint
[    0.126349] pci_bus_read_dev_vendor_id -- functionpoint
[    0.126352] functionpoint -- dev_vendor: 8086, dev_device: a36d
[    0.126355] pci_setup_device -- functionpoint
[    0.126367] pci 0000:00:14.0: [8086:a36d] type 00 class 0x0c0330
[    0.126370] pci 0000:00:14.0: functionpoint -- [8086:a36d] type 00 class 0x0c0330
[    0.126385] switch case PCI_HEADER_TYPE_NORMAL -- functionpoint
[    0.126405] pci 0000:00:14.0: reg 0x10: [mem 0xf1220000-0xf122ffff 64bit]
[    0.126460] pci_device_add -- functionpoint
[    0.126510] pci 0000:00:14.0: PME# supported from D3hot D3cold
[    0.127561] functionpoint -- fn = 0, devfn = 160, fn+devfn = 160
[    0.127563] next_fn -- functionpoint
[    0.127563] pci_scan_single_device -- functionpoint
[    0.127565] pci_get_slot -- functionpoint
[    0.127566] pci_scan_device -- functionpoint
[    0.127567] pci_bus_read_dev_vendor_id -- functionpoint
[    0.127579] functionpoint -- fn = 1, devfn = 160, fn+devfn = 161
[    0.127581] next_fn -- functionpoint
[    0.127581] pci_scan_single_device -- functionpoint
[    0.127583] pci_get_slot -- functionpoint
[    0.127584] pci_scan_device -- functionpoint
[    0.127585] pci_bus_read_dev_vendor_id -- functionpoint
[    0.127599] functionpoint -- dev_vendor: 8086, dev_device: a36f
[    0.127601] pci_setup_device -- functionpoint
[    0.127611] pci 0000:00:14.2: [8086:a36f] type 00 class 0x050000
[    0.127613] pci 0000:00:14.2: functionpoint -- [8086:a36f] type 00 class 0x050000
[    0.127625] switch case PCI_HEADER_TYPE_NORMAL -- functionpoint
[    0.127641] pci 0000:00:14.2: reg 0x10: [mem 0xf1232000-0xf1233fff 64bit]
[    0.127657] pci 0000:00:14.2: reg 0x18: [mem 0x4000106000-0x4000106fff 64bit]
[    0.127682] pci_device_add -- functionpoint
[    0.128690] functionpoint -- fn = 2, devfn = 160, fn+devfn = 162
[    0.128693] next_fn -- functionpoint
[    0.128693] pci_scan_single_device -- functionpoint
[    0.128694] pci_get_slot -- functionpoint
[    0.128696] pci_scan_device -- functionpoint
[    0.128697] pci_bus_read_dev_vendor_id -- functionpoint
[    0.128703] functionpoint -- fn = 3, devfn = 160, fn+devfn = 163
[    0.128705] next_fn -- functionpoint
[    0.128706] pci_scan_single_device -- functionpoint
[    0.128707] pci_get_slot -- functionpoint
[    0.128708] pci_scan_device -- functionpoint
[    0.128710] pci_bus_read_dev_vendor_id -- functionpoint
[    0.128718] functionpoint -- fn = 4, devfn = 160, fn+devfn = 164
[    0.128721] next_fn -- functionpoint
[    0.128721] pci_scan_single_device -- functionpoint
[    0.128722] pci_get_slot -- functionpoint
[    0.128724] pci_scan_device -- functionpoint
[    0.128725] pci_bus_read_dev_vendor_id -- functionpoint
[    0.128743] functionpoint -- fn = 5, devfn = 160, fn+devfn = 165
[    0.128746] next_fn -- functionpoint
[    0.128746] pci_scan_single_device -- functionpoint
[    0.128747] pci_get_slot -- functionpoint
[    0.128749] pci_scan_device -- functionpoint
[    0.128750] pci_bus_read_dev_vendor_id -- functionpoint
[    0.128768] functionpoint -- fn = 6, devfn = 160, fn+devfn = 166
[    0.128771] next_fn -- functionpoint
[    0.128771] pci_scan_single_device -- functionpoint
[    0.128772] pci_get_slot -- functionpoint
[    0.128774] pci_scan_device -- functionpoint
[    0.128775] pci_bus_read_dev_vendor_id -- functionpoint
[    0.128793] functionpoint -- fn = 7, devfn = 160, fn+devfn = 167
[    0.128796] next_fn -- functionpoint
[    0.128796] pci_scan_slot -- functionpoint
[    0.128797] pci_scan_single_device -- functionpoint
[    0.128799] pci_get_slot -- functionpoint
[    0.128800] pci_scan_device -- functionpoint
[    0.128801] pci_bus_read_dev_vendor_id -- functionpoint
[    0.128813] functionpoint -- fn = 0, devfn = 168, fn+devfn = 168
[    0.128815] pci_scan_slot -- functionpoint
[    0.128816] pci_scan_single_device -- functionpoint
[    0.128817] pci_get_slot -- functionpoint
[    0.128818] pci_scan_device -- functionpoint
[    0.128820] pci_bus_read_dev_vendor_id -- functionpoint
[    0.128823] functionpoint -- dev_vendor: 8086, dev_device: a360
[    0.128825] pci_setup_device -- functionpoint
[    0.128838] pci 0000:00:16.0: [8086:a360] type 00 class 0x078000
[    0.128840] pci 0000:00:16.0: functionpoint -- [8086:a360] type 00 class 0x078000
[    0.128855] switch case PCI_HEADER_TYPE_NORMAL -- functionpoint
[    0.128873] pci 0000:00:16.0: reg 0x10: [mem 0x4000105000-0x4000105fff 64bit]
[    0.128914] pci_device_add -- functionpoint
[    0.128963] pci 0000:00:16.0: PME# supported from D3hot
[    0.130000] functionpoint -- fn = 0, devfn = 176, fn+devfn = 176
[    0.130002] next_fn -- functionpoint
[    0.130002] pci_scan_single_device -- functionpoint
[    0.130003] pci_get_slot -- functionpoint
[    0.130005] pci_scan_device -- functionpoint
[    0.130006] pci_bus_read_dev_vendor_id -- functionpoint
[    0.130017] functionpoint -- fn = 1, devfn = 176, fn+devfn = 177
[    0.130020] next_fn -- functionpoint
[    0.130020] pci_scan_single_device -- functionpoint
[    0.130022] pci_get_slot -- functionpoint
[    0.130023] pci_scan_device -- functionpoint
[    0.130024] pci_bus_read_dev_vendor_id -- functionpoint
[    0.130043] functionpoint -- fn = 2, devfn = 176, fn+devfn = 178
[    0.130045] next_fn -- functionpoint
[    0.130046] pci_scan_single_device -- functionpoint
[    0.130047] pci_get_slot -- functionpoint
[    0.130048] pci_scan_device -- functionpoint
[    0.130050] pci_bus_read_dev_vendor_id -- functionpoint
[    0.130061] functionpoint -- dev_vendor: 8086, dev_device: a363
[    0.130064] pci_setup_device -- functionpoint
[    0.130075] pci 0000:00:16.3: [8086:a363] type 00 class 0x070002
[    0.130077] pci 0000:00:16.3: functionpoint -- [8086:a363] type 00 class 0x070002
[    0.130091] switch case PCI_HEADER_TYPE_NORMAL -- functionpoint
[    0.130102] pci 0000:00:16.3: reg 0x10: [io  0x4088-0x408f]
[    0.130112] pci 0000:00:16.3: reg 0x14: [mem 0xf1237000-0xf1237fff]
[    0.130152] pci_device_add -- functionpoint
[    0.131168] functionpoint -- fn = 3, devfn = 176, fn+devfn = 179
[    0.131171] next_fn -- functionpoint
[    0.131172] pci_scan_single_device -- functionpoint
[    0.131173] pci_get_slot -- functionpoint
[    0.131174] pci_scan_device -- functionpoint
[    0.131176] pci_bus_read_dev_vendor_id -- functionpoint
[    0.131187] functionpoint -- fn = 4, devfn = 176, fn+devfn = 180
[    0.131189] next_fn -- functionpoint
[    0.131190] pci_scan_single_device -- functionpoint
[    0.131191] pci_get_slot -- functionpoint
[    0.131192] pci_scan_device -- functionpoint
[    0.131194] pci_bus_read_dev_vendor_id -- functionpoint
[    0.131212] functionpoint -- fn = 5, devfn = 176, fn+devfn = 181
[    0.131215] next_fn -- functionpoint
[    0.131215] pci_scan_single_device -- functionpoint
[    0.131216] pci_get_slot -- functionpoint
[    0.131218] pci_scan_device -- functionpoint
[    0.131219] pci_bus_read_dev_vendor_id -- functionpoint
[    0.131237] functionpoint -- fn = 6, devfn = 176, fn+devfn = 182
[    0.131240] next_fn -- functionpoint
[    0.131240] pci_scan_single_device -- functionpoint
[    0.131241] pci_get_slot -- functionpoint
[    0.131243] pci_scan_device -- functionpoint
[    0.131244] pci_bus_read_dev_vendor_id -- functionpoint
[    0.131262] functionpoint -- fn = 7, devfn = 176, fn+devfn = 183
[    0.131265] next_fn -- functionpoint
[    0.131265] pci_scan_slot -- functionpoint
[    0.131266] pci_scan_single_device -- functionpoint
[    0.131268] pci_get_slot -- functionpoint
[    0.131269] pci_scan_device -- functionpoint
[    0.131270] pci_bus_read_dev_vendor_id -- functionpoint
[    0.131283] functionpoint -- dev_vendor: 8086, dev_device: a352
[    0.131286] pci_setup_device -- functionpoint
[    0.131299] pci 0000:00:17.0: [8086:a352] type 00 class 0x010601
[    0.131301] pci 0000:00:17.0: functionpoint -- [8086:a352] type 00 class 0x010601
[    0.131316] switch case PCI_HEADER_TYPE_NORMAL -- functionpoint
[    0.131330] pci 0000:00:17.0: reg 0x10: [mem 0xf1230000-0xf1231fff]
[    0.131343] pci 0000:00:17.0: reg 0x14: [mem 0xf1236000-0xf12360ff]
[    0.131354] pci 0000:00:17.0: reg 0x18: [io  0x4080-0x4087]
[    0.131365] pci 0000:00:17.0: reg 0x1c: [io  0x4090-0x4093]
[    0.131376] pci 0000:00:17.0: reg 0x20: [io  0x4060-0x407f]
[    0.131388] pci 0000:00:17.0: reg 0x24: [mem 0xf1235000-0xf12357ff]
[    0.131401] pci_device_add -- functionpoint
[    0.131450] pci 0000:00:17.0: PME# supported from D3hot
[    0.132517] functionpoint -- fn = 0, devfn = 184, fn+devfn = 184
[    0.132519] next_fn -- functionpoint
[    0.132519] pci_scan_slot -- functionpoint
[    0.132521] pci_scan_single_device -- functionpoint
[    0.132522] pci_get_slot -- functionpoint
[    0.132524] pci_scan_device -- functionpoint
[    0.132525] pci_bus_read_dev_vendor_id -- functionpoint
[    0.132536] functionpoint -- fn = 0, devfn = 192, fn+devfn = 192
[    0.132538] pci_scan_slot -- functionpoint
[    0.132539] pci_scan_single_device -- functionpoint
[    0.132540] pci_get_slot -- functionpoint
[    0.132542] pci_scan_device -- functionpoint
[    0.132543] pci_bus_read_dev_vendor_id -- functionpoint
[    0.132561] functionpoint -- fn = 0, devfn = 200, fn+devfn = 200
[    0.132564] pci_scan_slot -- functionpoint
[    0.132564] pci_scan_single_device -- functionpoint
[    0.132566] pci_get_slot -- functionpoint
[    0.132567] pci_scan_device -- functionpoint
[    0.132568] pci_bus_read_dev_vendor_id -- functionpoint
[    0.132586] functionpoint -- fn = 0, devfn = 208, fn+devfn = 208
[    0.132589] pci_scan_slot -- functionpoint
[    0.132589] pci_scan_single_device -- functionpoint
[    0.132590] pci_get_slot -- functionpoint
[    0.132592] pci_scan_device -- functionpoint
[    0.132593] pci_bus_read_dev_vendor_id -- functionpoint
[    0.132605] functionpoint -- dev_vendor: 8086, dev_device: a32c
[    0.132607] pci_setup_device -- functionpoint
[    0.132620] pci 0000:00:1b.0: [8086:a32c] type 01 class 0x060400
[    0.132622] pci 0000:00:1b.0: functionpoint -- [8086:a32c] type 01 class 0x060400
[    0.132642] switch case PCI_HEADER_TYPE_BRIDGE -- functionpoint
[    0.132688] pci_device_add -- functionpoint
[    0.132771] pci 0000:00:1b.0: PME# supported from D0 D3hot D3cold
[    0.132807] pci 0000:00:1b.0: PTM enabled (root), 4dns granularity
[    0.133863] functionpoint -- fn = 0, devfn = 216, fn+devfn = 216
[    0.133865] next_fn -- functionpoint
[    0.133865] pci_scan_single_device -- functionpoint
[    0.133866] pci_get_slot -- functionpoint
[    0.133868] pci_scan_device -- functionpoint
[    0.133869] pci_bus_read_dev_vendor_id -- functionpoint
[    0.133881] functionpoint -- fn = 1, devfn = 216, fn+devfn = 217
[    0.133883] next_fn -- functionpoint
[    0.133883] pci_scan_single_device -- functionpoint
[    0.133885] pci_get_slot -- functionpoint
[    0.133886] pci_scan_device -- functionpoint
[    0.133887] pci_bus_read_dev_vendor_id -- functionpoint
[    0.133906] functionpoint -- fn = 2, devfn = 216, fn+devfn = 218
[    0.133909] next_fn -- functionpoint
[    0.133909] pci_scan_single_device -- functionpoint
[    0.133910] pci_get_slot -- functionpoint
[    0.133912] pci_scan_device -- functionpoint
[    0.133913] pci_bus_read_dev_vendor_id -- functionpoint
[    0.133931] functionpoint -- fn = 3, devfn = 216, fn+devfn = 219
[    0.133934] next_fn -- functionpoint
[    0.133934] pci_scan_single_device -- functionpoint
[    0.133935] pci_get_slot -- functionpoint
[    0.133937] pci_scan_device -- functionpoint
[    0.133938] pci_bus_read_dev_vendor_id -- functionpoint
[    0.133956] functionpoint -- fn = 4, devfn = 216, fn+devfn = 220
[    0.133959] next_fn -- functionpoint
[    0.133959] pci_scan_single_device -- functionpoint
[    0.133960] pci_get_slot -- functionpoint
[    0.133962] pci_scan_device -- functionpoint
[    0.133963] pci_bus_read_dev_vendor_id -- functionpoint
[    0.133981] functionpoint -- fn = 5, devfn = 216, fn+devfn = 221
[    0.133984] next_fn -- functionpoint
[    0.133984] pci_scan_single_device -- functionpoint
[    0.133985] pci_get_slot -- functionpoint
[    0.133987] pci_scan_device -- functionpoint
[    0.133988] pci_bus_read_dev_vendor_id -- functionpoint
[    0.134006] functionpoint -- fn = 6, devfn = 216, fn+devfn = 222
[    0.134009] next_fn -- functionpoint
[    0.134009] pci_scan_single_device -- functionpoint
[    0.134010] pci_get_slot -- functionpoint
[    0.134012] pci_scan_device -- functionpoint
[    0.134013] pci_bus_read_dev_vendor_id -- functionpoint
[    0.134031] functionpoint -- fn = 7, devfn = 216, fn+devfn = 223
[    0.134034] next_fn -- functionpoint
[    0.134034] pci_scan_slot -- functionpoint
[    0.134036] pci_scan_single_device -- functionpoint
[    0.134037] pci_get_slot -- functionpoint
[    0.134038] pci_scan_device -- functionpoint
[    0.134039] pci_bus_read_dev_vendor_id -- functionpoint
[    0.134048] functionpoint -- dev_vendor: 8086, dev_device: a33e
[    0.134050] pci_setup_device -- functionpoint
[    0.134063] pci 0000:00:1c.0: [8086:a33e] type 01 class 0x060400
[    0.134065] pci 0000:00:1c.0: functionpoint -- [8086:a33e] type 01 class 0x060400
[    0.134084] switch case PCI_HEADER_TYPE_BRIDGE -- functionpoint
[    0.134130] pci_device_add -- functionpoint
[    0.134212] pci 0000:00:1c.0: PME# supported from D0 D3hot D3cold
[    0.134246] pci 0000:00:1c.0: PTM enabled (root), 4dns granularity
[    0.135302] functionpoint -- fn = 0, devfn = 224, fn+devfn = 224
[    0.135304] next_fn -- functionpoint
[    0.135304] pci_scan_single_device -- functionpoint
[    0.135305] pci_get_slot -- functionpoint
[    0.135307] pci_scan_device -- functionpoint
[    0.135308] pci_bus_read_dev_vendor_id -- functionpoint
[    0.135319] functionpoint -- fn = 1, devfn = 224, fn+devfn = 225
[    0.135321] next_fn -- functionpoint
[    0.135322] pci_scan_single_device -- functionpoint
[    0.135323] pci_get_slot -- functionpoint
[    0.135325] pci_scan_device -- functionpoint
[    0.135326] pci_bus_read_dev_vendor_id -- functionpoint
[    0.135345] functionpoint -- fn = 2, devfn = 224, fn+devfn = 226
[    0.135347] next_fn -- functionpoint
[    0.135347] pci_scan_single_device -- functionpoint
[    0.135349] pci_get_slot -- functionpoint
[    0.135350] pci_scan_device -- functionpoint
[    0.135351] pci_bus_read_dev_vendor_id -- functionpoint
[    0.135370] functionpoint -- fn = 3, devfn = 224, fn+devfn = 227
[    0.135372] next_fn -- functionpoint
[    0.135372] pci_scan_single_device -- functionpoint
[    0.135374] pci_get_slot -- functionpoint
[    0.135375] pci_scan_device -- functionpoint
[    0.135376] pci_bus_read_dev_vendor_id -- functionpoint
[    0.135395] functionpoint -- fn = 4, devfn = 224, fn+devfn = 228
[    0.135397] next_fn -- functionpoint
[    0.135397] pci_scan_single_device -- functionpoint
[    0.135399] pci_get_slot -- functionpoint
[    0.135400] pci_scan_device -- functionpoint
[    0.135401] pci_bus_read_dev_vendor_id -- functionpoint
[    0.135420] functionpoint -- fn = 5, devfn = 224, fn+devfn = 229
[    0.135422] next_fn -- functionpoint
[    0.135423] pci_scan_single_device -- functionpoint
[    0.135424] pci_get_slot -- functionpoint
[    0.135425] pci_scan_device -- functionpoint
[    0.135427] pci_bus_read_dev_vendor_id -- functionpoint
[    0.135445] functionpoint -- fn = 6, devfn = 224, fn+devfn = 230
[    0.135447] next_fn -- functionpoint
[    0.135448] pci_scan_single_device -- functionpoint
[    0.135449] pci_get_slot -- functionpoint
[    0.135450] pci_scan_device -- functionpoint
[    0.135451] pci_bus_read_dev_vendor_id -- functionpoint
[    0.135470] functionpoint -- fn = 7, devfn = 224, fn+devfn = 231
[    0.135472] next_fn -- functionpoint
[    0.135473] pci_scan_slot -- functionpoint
[    0.135474] pci_scan_single_device -- functionpoint
[    0.135475] pci_get_slot -- functionpoint
[    0.135477] pci_scan_device -- functionpoint
[    0.135478] pci_bus_read_dev_vendor_id -- functionpoint
[    0.135495] functionpoint -- fn = 0, devfn = 232, fn+devfn = 232
[    0.135497] pci_scan_slot -- functionpoint
[    0.135498] pci_scan_single_device -- functionpoint
[    0.135499] pci_get_slot -- functionpoint
[    0.135500] pci_scan_device -- functionpoint
[    0.135502] pci_bus_read_dev_vendor_id -- functionpoint
[    0.135514] functionpoint -- fn = 0, devfn = 240, fn+devfn = 240
[    0.135517] pci_scan_slot -- functionpoint
[    0.135517] pci_scan_single_device -- functionpoint
[    0.135518] pci_get_slot -- functionpoint
[    0.135520] pci_scan_device -- functionpoint
[    0.135521] pci_bus_read_dev_vendor_id -- functionpoint
[    0.135529] functionpoint -- dev_vendor: 8086, dev_device: a306
[    0.135532] pci_setup_device -- functionpoint
[    0.135539] pci 0000:00:1f.0: [8086:a306] type 00 class 0x060100
[    0.135541] pci 0000:00:1f.0: functionpoint -- [8086:a306] type 00 class 0x060100
[    0.135551] switch case PCI_HEADER_TYPE_NORMAL -- functionpoint
[    0.135628] pci_device_add -- functionpoint
[    0.136646] functionpoint -- fn = 0, devfn = 248, fn+devfn = 248
[    0.136649] next_fn -- functionpoint
[    0.136650] pci_scan_single_device -- functionpoint
[    0.136651] pci_get_slot -- functionpoint
[    0.136653] pci_scan_device -- functionpoint
[    0.136654] pci_bus_read_dev_vendor_id -- functionpoint
[    0.136665] functionpoint -- fn = 1, devfn = 248, fn+devfn = 249
[    0.136668] next_fn -- functionpoint
[    0.136668] pci_scan_single_device -- functionpoint
[    0.136669] pci_get_slot -- functionpoint
[    0.136671] pci_scan_device -- functionpoint
[    0.136672] pci_bus_read_dev_vendor_id -- functionpoint
[    0.136690] functionpoint -- fn = 2, devfn = 248, fn+devfn = 250
[    0.136693] next_fn -- functionpoint
[    0.136693] pci_scan_single_device -- functionpoint
[    0.136694] pci_get_slot -- functionpoint
[    0.136696] pci_scan_device -- functionpoint
[    0.136697] pci_bus_read_dev_vendor_id -- functionpoint
[    0.136711] functionpoint -- dev_vendor: 8086, dev_device: a348
[    0.136713] pci_setup_device -- functionpoint
[    0.136738] pci 0000:00:1f.3: [8086:a348] type 00 class 0x040300
[    0.136740] pci 0000:00:1f.3: functionpoint -- [8086:a348] type 00 class 0x040300
[    0.136774] switch case PCI_HEADER_TYPE_NORMAL -- functionpoint
[    0.136815] pci 0000:00:1f.3: reg 0x10: [mem 0x4000100000-0x4000103fff 64bit]
[    0.136880] pci 0000:00:1f.3: reg 0x20: [mem 0x4000000000-0x40000fffff 64bit]
[    0.136906] pci_device_add -- functionpoint
[    0.137014] pci 0000:00:1f.3: PME# supported from D3hot D3cold
[    0.138131] functionpoint -- fn = 3, devfn = 248, fn+devfn = 251
[    0.138133] next_fn -- functionpoint
[    0.138133] pci_scan_single_device -- functionpoint
[    0.138134] pci_get_slot -- functionpoint
[    0.138136] pci_scan_device -- functionpoint
[    0.138137] pci_bus_read_dev_vendor_id -- functionpoint
[    0.138149] functionpoint -- dev_vendor: 8086, dev_device: a323
[    0.138152] pci_setup_device -- functionpoint
[    0.138172] pci 0000:00:1f.4: [8086:a323] type 00 class 0x0c0500
[    0.138175] pci 0000:00:1f.4: functionpoint -- [8086:a323] type 00 class 0x0c0500
[    0.138190] switch case PCI_HEADER_TYPE_NORMAL -- functionpoint
[    0.138227] pci 0000:00:1f.4: reg 0x10: [mem 0x4000104000-0x40001040ff 64bit]
[    0.138289] pci 0000:00:1f.4: reg 0x20: [io  0xefa0-0xefbf]
[    0.138337] pci_device_add -- functionpoint
[    0.139372] functionpoint -- fn = 4, devfn = 248, fn+devfn = 252
[    0.139375] next_fn -- functionpoint
[    0.139376] pci_scan_single_device -- functionpoint
[    0.139377] pci_get_slot -- functionpoint
[    0.139379] pci_scan_device -- functionpoint
[    0.139380] pci_bus_read_dev_vendor_id -- functionpoint
[    0.139390] functionpoint -- dev_vendor: 8086, dev_device: a324
[    0.139393] pci_setup_device -- functionpoint
[    0.139400] pci 0000:00:1f.5: [8086:a324] type 00 class 0x0c8000
[    0.139402] pci 0000:00:1f.5: functionpoint -- [8086:a324] type 00 class 0x0c8000
[    0.139411] switch case PCI_HEADER_TYPE_NORMAL -- functionpoint
[    0.139425] pci 0000:00:1f.5: reg 0x10: [mem 0xfe010000-0xfe010fff]
[    0.139491] pci_device_add -- functionpoint
[    0.140475] functionpoint -- fn = 5, devfn = 248, fn+devfn = 253
[    0.140478] next_fn -- functionpoint
[    0.140479] pci_scan_single_device -- functionpoint
[    0.140480] pci_get_slot -- functionpoint
[    0.140481] pci_scan_device -- functionpoint
[    0.140483] pci_bus_read_dev_vendor_id -- functionpoint
[    0.140490] functionpoint -- dev_vendor: 8086, dev_device: 15bb
[    0.140492] pci_setup_device -- functionpoint
[    0.140514] pci 0000:00:1f.6: [8086:15bb] type 00 class 0x020000
[    0.140516] pci 0000:00:1f.6: functionpoint -- [8086:15bb] type 00 class 0x020000
[    0.140531] pci_get_slot -- functionpoint
[    0.140544] switch case PCI_HEADER_TYPE_NORMAL -- functionpoint
[    0.140576] pci 0000:00:1f.6: reg 0x10: [mem 0xf1200000-0xf121ffff]
[    0.140723] pci_device_add -- functionpoint
[    0.140815] pci 0000:00:1f.6: PME# supported from D0 D3hot D3cold
[    0.141807] functionpoint -- fn = 6, devfn = 248, fn+devfn = 254
[    0.141809] next_fn -- functionpoint
[    0.141810] pci_scan_single_device -- functionpoint
[    0.141811] pci_get_slot -- functionpoint
[    0.141813] pci_scan_device -- functionpoint
[    0.141814] pci_bus_read_dev_vendor_id -- functionpoint
[    0.141825] functionpoint -- fn = 7, devfn = 248, fn+devfn = 255
[    0.141827] next_fn -- functionpoint
[    0.141828] pci_read_bridge_bases -- functionpoint
[    0.141836] pci_find_bus -- functionpoint
[    0.141837] functionpoint -- domain_num = 0, bus_num = 1
[    0.141840] pci_find_next_bus -- functionpoint
[    0.141840] pci_find_next_bus -- functionpoint
[    0.141841] not found bus -- functionpoint
[    0.141899] pci_bus_read_dev_vendor_id -- functionpoint
[    0.141915] pci_scan_child_bus_extend -- functionpoint
[    0.141917] pci_bus 0000:01: functionpoint -- scanning bus
[    0.141919] pci_scan_slot -- functionpoint
[    0.141920] pci_scan_single_device -- functionpoint
[    0.141921] pci_get_slot -- functionpoint
[    0.141923] pci_scan_device -- functionpoint
[    0.141924] pci_bus_read_dev_vendor_id -- functionpoint
[    0.141932] functionpoint -- dev_vendor: 1c5c, dev_device: 1339
[    0.141935] pci_setup_device -- functionpoint
[    0.141951] pci 0000:01:00.0: [1c5c:1339] type 00 class 0x010802
[    0.141954] pci 0000:01:00.0: functionpoint -- [1c5c:1339] type 00 class 0x010802
[    0.141980] switch case PCI_HEADER_TYPE_NORMAL -- functionpoint
[    0.142001] pci 0000:01:00.0: reg 0x10: [mem 0xf1100000-0xf1103fff 64bit]
[    0.142056] pci_device_add -- functionpoint
[    0.142153] pci 0000:01:00.0: supports D1
[    0.142155] pci 0000:01:00.0: PME# supported from D0 D1 D3hot
[    0.142249] functionpoint -- fn = 0, devfn = 0, fn+devfn = 0
[    0.142251] next_fn -- functionpoint
[    0.152072] pci_scan_slot -- functionpoint
[    0.152073] pci_scan_slot -- functionpoint
[    0.152075] pci_scan_slot -- functionpoint
[    0.152076] pci_scan_slot -- functionpoint
[    0.152077] pci_scan_slot -- functionpoint
[    0.152078] pci_scan_slot -- functionpoint
[    0.152080] pci_scan_slot -- functionpoint
[    0.152081] pci_scan_slot -- functionpoint
[    0.152082] pci_scan_slot -- functionpoint
[    0.152084] pci_scan_slot -- functionpoint
[    0.152085] pci_scan_slot -- functionpoint
[    0.152086] pci_scan_slot -- functionpoint
[    0.152087] pci_scan_slot -- functionpoint
[    0.152089] pci_scan_slot -- functionpoint
[    0.152090] pci_scan_slot -- functionpoint
[    0.152091] pci_scan_slot -- functionpoint
[    0.152093] pci_scan_slot -- functionpoint
[    0.152094] pci_scan_slot -- functionpoint
[    0.152095] pci_scan_slot -- functionpoint
[    0.152096] pci_scan_slot -- functionpoint
[    0.152098] pci_scan_slot -- functionpoint
[    0.152099] pci_scan_slot -- functionpoint
[    0.152100] pci_scan_slot -- functionpoint
[    0.152102] pci_scan_slot -- functionpoint
[    0.152103] pci_scan_slot -- functionpoint
[    0.152104] pci_scan_slot -- functionpoint
[    0.152106] pci_scan_slot -- functionpoint
[    0.152107] pci_scan_slot -- functionpoint
[    0.152108] pci_scan_slot -- functionpoint
[    0.152109] pci_scan_slot -- functionpoint
[    0.152111] pci_scan_slot -- functionpoint
[    0.152112] pci_read_bridge_bases -- functionpoint
[    0.152114] pci 0000:00:1b.0: PCI bridge to [bus 01]
[    0.152127] pci 0000:00:1b.0:   bridge window [mem 0xf1100000-0xf11fffff]
[    0.152134] pci_bus 0000:01: functionpoint -- bus scan returning with max=01
[    0.152143] pci_find_bus -- functionpoint
[    0.152144] functionpoint -- domain_num = 0, bus_num = 2
[    0.152146] pci_find_next_bus -- functionpoint
[    0.152147] pci_find_next_bus -- functionpoint
[    0.152148] not found bus -- functionpoint
[    0.152196] pci_bus_read_dev_vendor_id -- functionpoint
[    0.152209] pci_scan_child_bus_extend -- functionpoint
[    0.152211] pci_bus 0000:02: functionpoint -- scanning bus
[    0.152214] pci_scan_slot -- functionpoint
[    0.152214] pci_scan_single_device -- functionpoint
[    0.152215] pci_get_slot -- functionpoint
[    0.152217] pci_scan_device -- functionpoint
[    0.152218] pci_bus_read_dev_vendor_id -- functionpoint
[    0.152231] functionpoint -- dev_vendor: 1283, dev_device: 8893
[    0.152234] pci_setup_device -- functionpoint
[    0.152276] pci 0000:02:00.0: [1283:8893] type 01 class 0x060401
[    0.152279] pci 0000:02:00.0: functionpoint -- [1283:8893] type 01 class 0x060401
[    0.152335] switch case PCI_HEADER_TYPE_BRIDGE -- functionpoint
[    0.152531] pci_device_add -- functionpoint
[    0.152701] pci 0000:02:00.0: supports D1 D2
[    0.152704] pci 0000:02:00.0: PME# supported from D0 D1 D2 D3hot D3cold
[    0.152818] functionpoint -- fn = 0, devfn = 0, fn+devfn = 0
[    0.152820] next_fn -- functionpoint
[    0.152828] pci_scan_slot -- functionpoint
[    0.152829] pci_scan_slot -- functionpoint
[    0.152831] pci_scan_slot -- functionpoint
[    0.152832] pci_scan_slot -- functionpoint
[    0.152833] pci_scan_slot -- functionpoint
[    0.152834] pci_scan_slot -- functionpoint
[    0.152836] pci_scan_slot -- functionpoint
[    0.152837] pci_scan_slot -- functionpoint
[    0.152838] pci_scan_slot -- functionpoint
[    0.152839] pci_scan_slot -- functionpoint
[    0.152841] pci_scan_slot -- functionpoint
[    0.152842] pci_scan_slot -- functionpoint
[    0.152843] pci_scan_slot -- functionpoint
[    0.152845] pci_scan_slot -- functionpoint
[    0.152846] pci_scan_slot -- functionpoint
[    0.152847] pci_scan_slot -- functionpoint
[    0.152848] pci_scan_slot -- functionpoint
[    0.152850] pci_scan_slot -- functionpoint
[    0.152851] pci_scan_slot -- functionpoint
[    0.152852] pci_scan_slot -- functionpoint
[    0.152854] pci_scan_slot -- functionpoint
[    0.152855] pci_scan_slot -- functionpoint
[    0.152856] pci_scan_slot -- functionpoint
[    0.152857] pci_scan_slot -- functionpoint
[    0.152859] pci_scan_slot -- functionpoint
[    0.152860] pci_scan_slot -- functionpoint
[    0.152861] pci_scan_slot -- functionpoint
[    0.152863] pci_scan_slot -- functionpoint
[    0.152864] pci_scan_slot -- functionpoint
[    0.152865] pci_scan_slot -- functionpoint
[    0.152866] pci_scan_slot -- functionpoint
[    0.152868] pci_read_bridge_bases -- functionpoint
[    0.152870] pci 0000:00:1c.0: PCI bridge to [bus 02-03]
[    0.152880] pci 0000:00:1c.0:   bridge window [io  0x3000-0x3fff]
[    0.152883] pci 0000:00:1c.0:   bridge window [mem 0xf1000000-0xf10fffff]
[    0.152898] pci_find_bus -- functionpoint
[    0.152899] functionpoint -- domain_num = 0, bus_num = 3
[    0.152901] pci_find_next_bus -- functionpoint
[    0.152902] pci_find_next_bus -- functionpoint
[    0.152903] not found bus -- functionpoint
[    0.152949] pci_scan_child_bus_extend -- functionpoint
[    0.152951] pci_bus 0000:03: functionpoint -- scanning bus
[    0.152953] pci_scan_slot -- functionpoint
[    0.152954] pci_scan_single_device -- functionpoint
[    0.152955] pci_get_slot -- functionpoint
[    0.152956] pci_scan_device -- functionpoint
[    0.152957] pci_bus_read_dev_vendor_id -- functionpoint
[    0.152967] functionpoint -- dev_vendor: 1317, dev_device: 985
[    0.152969] pci_setup_device -- functionpoint
[    0.152987] pci 0000:03:00.0: [1317:0985] type 00 class 0x020000
[    0.152989] pci 0000:03:00.0: functionpoint -- [1317:0985] type 00 class 0x020000
[    0.153012] switch case PCI_HEADER_TYPE_NORMAL -- functionpoint
[    0.153035] pci 0000:03:00.0: reg 0x10: [io  0x3000-0x30ff]
[    0.153053] pci 0000:03:00.0: reg 0x14: [mem 0xf1000000-0xf10003ff]
[    0.153129] pci 0000:03:00.0: reg 0x30: [mem 0xfffe0000-0xffffffff pref]
[    0.153136] pci_device_add -- functionpoint
[    0.153202] pci 0000:03:00.0: supports D1 D2
[    0.153204] pci 0000:03:00.0: PME# supported from D0 D1 D2 D3hot D3cold
[    0.153240] functionpoint -- fn = 0, devfn = 0, fn+devfn = 0
[    0.153241] next_fn -- functionpoint
[    0.153242] pci_scan_slot -- functionpoint
[    0.153243] pci_scan_single_device -- functionpoint
[    0.153244] pci_get_slot -- functionpoint
[    0.153246] pci_scan_device -- functionpoint
[    0.153247] pci_bus_read_dev_vendor_id -- functionpoint
[    0.153256] functionpoint -- fn = 0, devfn = 8, fn+devfn = 8
[    0.153258] pci_scan_slot -- functionpoint
[    0.153259] pci_scan_single_device -- functionpoint
[    0.153260] pci_get_slot -- functionpoint
[    0.153261] pci_scan_device -- functionpoint
[    0.153263] pci_bus_read_dev_vendor_id -- functionpoint
[    0.153276] functionpoint -- fn = 0, devfn = 16, fn+devfn = 16
[    0.153278] pci_scan_slot -- functionpoint
[    0.153278] pci_scan_single_device -- functionpoint
[    0.153280] pci_get_slot -- functionpoint
[    0.153281] pci_scan_device -- functionpoint
[    0.153282] pci_bus_read_dev_vendor_id -- functionpoint
[    0.153287] functionpoint -- fn = 0, devfn = 24, fn+devfn = 24
[    0.153290] pci_scan_slot -- functionpoint
[    0.153290] pci_scan_single_device -- functionpoint
[    0.153291] pci_get_slot -- functionpoint
[    0.153293] pci_scan_device -- functionpoint
[    0.153294] pci_bus_read_dev_vendor_id -- functionpoint
[    0.153305] functionpoint -- fn = 0, devfn = 32, fn+devfn = 32
[    0.153308] pci_scan_slot -- functionpoint
[    0.153308] pci_scan_single_device -- functionpoint
[    0.153310] pci_get_slot -- functionpoint
[    0.153311] pci_scan_device -- functionpoint
[    0.153312] pci_bus_read_dev_vendor_id -- functionpoint
[    0.153317] functionpoint -- fn = 0, devfn = 40, fn+devfn = 40
[    0.153319] pci_scan_slot -- functionpoint
[    0.153319] pci_scan_single_device -- functionpoint
[    0.153321] pci_get_slot -- functionpoint
[    0.153322] pci_scan_device -- functionpoint
[    0.153323] pci_bus_read_dev_vendor_id -- functionpoint
[    0.153334] functionpoint -- fn = 0, devfn = 48, fn+devfn = 48
[    0.153337] pci_scan_slot -- functionpoint
[    0.153337] pci_scan_single_device -- functionpoint
[    0.153339] pci_get_slot -- functionpoint
[    0.153340] pci_scan_device -- functionpoint
[    0.153341] pci_bus_read_dev_vendor_id -- functionpoint
[    0.153346] functionpoint -- fn = 0, devfn = 56, fn+devfn = 56
[    0.153348] pci_scan_slot -- functionpoint
[    0.153349] pci_scan_single_device -- functionpoint
[    0.153350] pci_get_slot -- functionpoint
[    0.153351] pci_scan_device -- functionpoint
[    0.153353] pci_bus_read_dev_vendor_id -- functionpoint
[    0.153364] functionpoint -- fn = 0, devfn = 64, fn+devfn = 64
[    0.153366] pci_scan_slot -- functionpoint
[    0.153366] pci_scan_single_device -- functionpoint
[    0.153368] pci_get_slot -- functionpoint
[    0.153369] pci_scan_device -- functionpoint
[    0.153370] pci_bus_read_dev_vendor_id -- functionpoint
[    0.153375] functionpoint -- fn = 0, devfn = 72, fn+devfn = 72
[    0.153378] pci_scan_slot -- functionpoint
[    0.153378] pci_scan_single_device -- functionpoint
[    0.153379] pci_get_slot -- functionpoint
[    0.153381] pci_scan_device -- functionpoint
[    0.153382] pci_bus_read_dev_vendor_id -- functionpoint
[    0.153393] functionpoint -- fn = 0, devfn = 80, fn+devfn = 80
[    0.153395] pci_scan_slot -- functionpoint
[    0.153396] pci_scan_single_device -- functionpoint
[    0.153397] pci_get_slot -- functionpoint
[    0.153398] pci_scan_device -- functionpoint
[    0.153400] pci_bus_read_dev_vendor_id -- functionpoint
[    0.153404] functionpoint -- fn = 0, devfn = 88, fn+devfn = 88
[    0.153407] pci_scan_slot -- functionpoint
[    0.153407] pci_scan_single_device -- functionpoint
[    0.153408] pci_get_slot -- functionpoint
[    0.153410] pci_scan_device -- functionpoint
[    0.153411] pci_bus_read_dev_vendor_id -- functionpoint
[    0.153423] functionpoint -- fn = 0, devfn = 96, fn+devfn = 96
[    0.153426] pci_scan_slot -- functionpoint
[    0.153426] pci_scan_single_device -- functionpoint
[    0.153428] pci_get_slot -- functionpoint
[    0.153429] pci_scan_device -- functionpoint
[    0.153430] pci_bus_read_dev_vendor_id -- functionpoint
[    0.153435] functionpoint -- fn = 0, devfn = 104, fn+devfn = 104
[    0.153437] pci_scan_slot -- functionpoint
[    0.153438] pci_scan_single_device -- functionpoint
[    0.153439] pci_get_slot -- functionpoint
[    0.153440] pci_scan_device -- functionpoint
[    0.153442] pci_bus_read_dev_vendor_id -- functionpoint
[    0.153455] functionpoint -- fn = 0, devfn = 112, fn+devfn = 112
[    0.153457] pci_scan_slot -- functionpoint
[    0.153458] pci_scan_single_device -- functionpoint
[    0.153459] pci_get_slot -- functionpoint
[    0.153460] pci_scan_device -- functionpoint
[    0.153461] pci_bus_read_dev_vendor_id -- functionpoint
[    0.153466] functionpoint -- fn = 0, devfn = 120, fn+devfn = 120
[    0.153469] pci_scan_slot -- functionpoint
[    0.153469] pci_scan_single_device -- functionpoint
[    0.153470] pci_get_slot -- functionpoint
[    0.153472] pci_scan_device -- functionpoint
[    0.153473] pci_bus_read_dev_vendor_id -- functionpoint
[    0.153485] functionpoint -- fn = 0, devfn = 128, fn+devfn = 128
[    0.153487] pci_scan_slot -- functionpoint
[    0.153487] pci_scan_single_device -- functionpoint
[    0.153489] pci_get_slot -- functionpoint
[    0.153490] pci_scan_device -- functionpoint
[    0.153491] pci_bus_read_dev_vendor_id -- functionpoint
[    0.153496] functionpoint -- fn = 0, devfn = 136, fn+devfn = 136
[    0.153498] pci_scan_slot -- functionpoint
[    0.153499] pci_scan_single_device -- functionpoint
[    0.153500] pci_get_slot -- functionpoint
[    0.153501] pci_scan_device -- functionpoint
[    0.153503] pci_bus_read_dev_vendor_id -- functionpoint
[    0.153514] functionpoint -- fn = 0, devfn = 144, fn+devfn = 144
[    0.153516] pci_scan_slot -- functionpoint
[    0.153516] pci_scan_single_device -- functionpoint
[    0.153518] pci_get_slot -- functionpoint
[    0.153519] pci_scan_device -- functionpoint
[    0.153521] pci_bus_read_dev_vendor_id -- functionpoint
[    0.153525] functionpoint -- fn = 0, devfn = 152, fn+devfn = 152
[    0.153528] pci_scan_slot -- functionpoint
[    0.153528] pci_scan_single_device -- functionpoint
[    0.153529] pci_get_slot -- functionpoint
[    0.153531] pci_scan_device -- functionpoint
[    0.153532] pci_bus_read_dev_vendor_id -- functionpoint
[    0.153544] functionpoint -- fn = 0, devfn = 160, fn+devfn = 160
[    0.153547] pci_scan_slot -- functionpoint
[    0.153547] pci_scan_single_device -- functionpoint
[    0.153548] pci_get_slot -- functionpoint
[    0.153550] pci_scan_device -- functionpoint
[    0.153551] pci_bus_read_dev_vendor_id -- functionpoint
[    0.153556] functionpoint -- fn = 0, devfn = 168, fn+devfn = 168
[    0.153558] pci_scan_slot -- functionpoint
[    0.153559] pci_scan_single_device -- functionpoint
[    0.153560] pci_get_slot -- functionpoint
[    0.153561] pci_scan_device -- functionpoint
[    0.153563] pci_bus_read_dev_vendor_id -- functionpoint
[    0.153576] functionpoint -- fn = 0, devfn = 176, fn+devfn = 176
[    0.153578] pci_scan_slot -- functionpoint
[    0.153578] pci_scan_single_device -- functionpoint
[    0.153580] pci_get_slot -- functionpoint
[    0.153581] pci_scan_device -- functionpoint
[    0.153582] pci_bus_read_dev_vendor_id -- functionpoint
[    0.153587] functionpoint -- fn = 0, devfn = 184, fn+devfn = 184
[    0.153589] pci_scan_slot -- functionpoint
[    0.153590] pci_scan_single_device -- functionpoint
[    0.153591] pci_get_slot -- functionpoint
[    0.153592] pci_scan_device -- functionpoint
[    0.153594] pci_bus_read_dev_vendor_id -- functionpoint
[    0.153607] functionpoint -- fn = 0, devfn = 192, fn+devfn = 192
[    0.153609] pci_scan_slot -- functionpoint
[    0.153610] pci_scan_single_device -- functionpoint
[    0.153611] pci_get_slot -- functionpoint
[    0.153612] pci_scan_device -- functionpoint
[    0.153614] pci_bus_read_dev_vendor_id -- functionpoint
[    0.153618] functionpoint -- fn = 0, devfn = 200, fn+devfn = 200
[    0.153621] pci_scan_slot -- functionpoint
[    0.153621] pci_scan_single_device -- functionpoint
[    0.153622] pci_get_slot -- functionpoint
[    0.153624] pci_scan_device -- functionpoint
[    0.153625] pci_bus_read_dev_vendor_id -- functionpoint
[    0.153637] functionpoint -- fn = 0, devfn = 208, fn+devfn = 208
[    0.153639] pci_scan_slot -- functionpoint
[    0.153639] pci_scan_single_device -- functionpoint
[    0.153641] pci_get_slot -- functionpoint
[    0.153642] pci_scan_device -- functionpoint
[    0.153643] pci_bus_read_dev_vendor_id -- functionpoint
[    0.153648] functionpoint -- fn = 0, devfn = 216, fn+devfn = 216
[    0.153650] pci_scan_slot -- functionpoint
[    0.153651] pci_scan_single_device -- functionpoint
[    0.153652] pci_get_slot -- functionpoint
[    0.153654] pci_scan_device -- functionpoint
[    0.153655] pci_bus_read_dev_vendor_id -- functionpoint
[    0.153666] functionpoint -- fn = 0, devfn = 224, fn+devfn = 224
[    0.153668] pci_scan_slot -- functionpoint
[    0.153669] pci_scan_single_device -- functionpoint
[    0.153670] pci_get_slot -- functionpoint
[    0.153671] pci_scan_device -- functionpoint
[    0.153673] pci_bus_read_dev_vendor_id -- functionpoint
[    0.153677] functionpoint -- fn = 0, devfn = 232, fn+devfn = 232
[    0.153680] pci_scan_slot -- functionpoint
[    0.153680] pci_scan_single_device -- functionpoint
[    0.153681] pci_get_slot -- functionpoint
[    0.153683] pci_scan_device -- functionpoint
[    0.153684] pci_bus_read_dev_vendor_id -- functionpoint
[    0.153695] functionpoint -- fn = 0, devfn = 240, fn+devfn = 240
[    0.153697] pci_scan_slot -- functionpoint
[    0.153698] pci_scan_single_device -- functionpoint
[    0.153699] pci_get_slot -- functionpoint
[    0.153700] pci_scan_device -- functionpoint
[    0.153702] pci_bus_read_dev_vendor_id -- functionpoint
[    0.153706] functionpoint -- fn = 0, devfn = 248, fn+devfn = 248
[    0.153709] pci_read_bridge_bases -- functionpoint
[    0.153710] pci 0000:02:00.0: PCI bridge to [bus 03] (subtractive decode)
[    0.153724] pci 0000:02:00.0:   bridge window [io  0x3000-0x3fff]
[    0.153731] pci 0000:02:00.0:   bridge window [mem 0xf1000000-0xf10fffff]
[    0.153743] pci 0000:02:00.0:   bridge window [io  0x3000-0x3fff] (subtractive decode)
[    0.153745] pci 0000:02:00.0:   bridge window [mem 0xf1000000-0xf10fffff] (subtractive decode)
[    0.153746] pci_bus 0000:03: functionpoint -- bus scan returning with max=03
[    0.153763] pci_bus 0000:02: functionpoint -- bus scan returning with max=03
[    0.153781] pci_bus 0000:00: functionpoint -- bus scan returning with max=03
[    0.156048] driver_register -- functionpoint
[    0.156049] bus_add_driver -- functionpoint
[    0.156051] functionpoint -- bus: 'acpi': add driver ec
[    0.156058] really_probe -- functionpoint
[    0.156059] functionpoint -- bus: 'acpi': really_probe: probing driver ec with device PNP0C09:01
[    0.156073] ACPI: EC: interrupt unblocked
[    0.156084] ACPI: EC: event unblocked
[    0.156102] ACPI: \_SB_.PCI0.LPCB.EC0_: GPE=0x6e, EC_CMD/EC_SC=0x66, EC_DATA=0x62
[    0.156103] ACPI: \_SB_.PCI0.LPCB.EC0_: Used as boot DSDT EC to handle transactions and events
[    0.156157] pci 0000:00:02.0: vgaarb: setting as boot VGA device
[    0.156157] pci 0000:00:02.0: vgaarb: VGA device added: decodes=io+mem,owns=io+mem,locks=none
[    0.156157] pci 0000:00:02.0: vgaarb: bridge control possible
[    0.156157] vgaarb: loaded
[    0.156157] driver_register -- functionpoint
[    0.156157] bus_add_driver -- functionpoint
[    0.156157] functionpoint -- bus: 'i2c': add driver 88PM860x
[    0.156157] driver_register -- functionpoint
[    0.156157] bus_add_driver -- functionpoint
[    0.156157] functionpoint -- bus: 'i2c': add driver WM8400
[    0.156157] driver_register -- functionpoint
[    0.156157] bus_add_driver -- functionpoint
[    0.156157] functionpoint -- bus: 'i2c': add driver wm831x
[    0.156157] driver_register -- functionpoint
[    0.156157] bus_add_driver -- functionpoint
[    0.156157] functionpoint -- bus: 'spi': add driver wm831x
[    0.156157] driver_register -- functionpoint
[    0.156157] bus_add_driver -- functionpoint
[    0.156157] functionpoint -- bus: 'i2c': add driver wm8350
[    0.156157] driver_register -- functionpoint
[    0.156157] bus_add_driver -- functionpoint
[    0.156157] functionpoint -- bus: 'i2c': add driver tps65910
[    0.156157] driver_register -- functionpoint
[    0.156157] bus_add_driver -- functionpoint
[    0.156157] functionpoint -- bus: 'i2c': add driver tps80031
[    0.156157] driver_register -- functionpoint
[    0.156157] bus_add_driver -- functionpoint
[    0.156157] functionpoint -- bus: 'spi': add driver ezx-pcap
[    0.156157] driver_register -- functionpoint
[    0.156157] bus_add_driver -- functionpoint
[    0.156157] functionpoint -- bus: 'i2c': add driver da903x
[    0.156157] driver_register -- functionpoint
[    0.156157] bus_add_driver -- functionpoint
[    0.156157] functionpoint -- bus: 'spi': add driver da9052
[    0.156157] driver_register -- functionpoint
[    0.156157] bus_add_driver -- functionpoint
[    0.156157] functionpoint -- bus: 'i2c': add driver da9052
[    0.156157] driver_register -- functionpoint
[    0.156157] bus_add_driver -- functionpoint
[    0.156157] functionpoint -- bus: 'i2c': add driver lp8788
[    0.156157] driver_register -- functionpoint
[    0.156157] bus_add_driver -- functionpoint
[    0.156157] functionpoint -- bus: 'i2c': add driver da9055-pmic
[    0.156157] driver_register -- functionpoint
[    0.156157] bus_add_driver -- functionpoint
[    0.156157] functionpoint -- bus: 'i2c': add driver max77843
[    0.156157] driver_register -- functionpoint
[    0.156157] bus_add_driver -- functionpoint
[    0.156157] functionpoint -- bus: 'i2c': add driver max8925
[    0.156157] driver_register -- functionpoint
[    0.156157] bus_add_driver -- functionpoint
[    0.156157] functionpoint -- bus: 'i2c': add driver max8997
[    0.156157] driver_register -- functionpoint
[    0.156157] bus_add_driver -- functionpoint
[    0.156157] functionpoint -- bus: 'i2c': add driver max8998
[    0.156157] driver_register -- functionpoint
[    0.156157] bus_add_driver -- functionpoint
[    0.156157] functionpoint -- bus: 'i2c': add driver ab3100
[    0.156157] driver_register -- functionpoint
[    0.156157] bus_add_driver -- functionpoint
[    0.156157] functionpoint -- bus: 'i2c': add driver tps6586x
[    0.156157] driver_register -- functionpoint
[    0.156157] bus_add_driver -- functionpoint
[    0.156157] functionpoint -- bus: 'i2c': add driver tps65090
[    0.156157] driver_register -- functionpoint
[    0.156157] bus_add_driver -- functionpoint
[    0.156157] functionpoint -- bus: 'i2c': add driver aat2870
[    0.156157] driver_register -- functionpoint
[    0.156157] bus_add_driver -- functionpoint
[    0.156157] functionpoint -- bus: 'i2c': add driver palmas
[    0.156157] driver_register -- functionpoint
[    0.156157] bus_add_driver -- functionpoint
[    0.156159] functionpoint -- bus: 'i2c': add driver rc5t583
[    0.156163] driver_register -- functionpoint
[    0.156163] bus_add_driver -- functionpoint
[    0.156165] functionpoint -- bus: 'i2c': add driver sec_pmic
[    0.156171] driver_register -- functionpoint
[    0.156172] bus_add_driver -- functionpoint
[    0.156173] functionpoint -- bus: 'i2c': add driver as3711
[    0.156184] driver_register -- functionpoint
[    0.156184] bus_add_driver -- functionpoint
[    0.156186] functionpoint -- bus: 'nd': add driver nd_bus
[    0.156191] driver_register -- functionpoint
[    0.156191] bus_add_driver -- functionpoint
[    0.156193] functionpoint -- bus: 'nd': add driver nvdimm
[    0.156197] driver_register -- functionpoint
[    0.156198] bus_add_driver -- functionpoint
[    0.156200] functionpoint -- bus: 'nd': add driver nd_region
[    0.156262] SCSI subsystem initialized
[    0.156273] libata version 3.00 loaded.
[    0.156273] driver_register -- functionpoint
[    0.156273] bus_add_driver -- functionpoint
[    0.156273] functionpoint -- bus: 'mdio_bus': add driver Generic 10G PHY
[    0.156273] driver_register -- functionpoint
[    0.156273] bus_add_driver -- functionpoint
[    0.156273] functionpoint -- bus: 'mdio_bus': add driver Generic PHY
[    0.156273] ACPI: bus type USB registered
[    0.156273] driver_register -- functionpoint
[    0.156273] bus_add_driver -- functionpoint
[    0.156273] functionpoint -- bus: 'usb': add driver usbfs
[    0.156273] usbcore: registered new interface driver usbfs
[    0.156273] driver_register -- functionpoint
[    0.156273] bus_add_driver -- functionpoint
[    0.156273] functionpoint -- bus: 'usb': add driver hub
[    0.156273] usbcore: registered new interface driver hub
[    0.156273] driver_register -- functionpoint
[    0.156273] bus_add_driver -- functionpoint
[    0.156273] functionpoint -- bus: 'usb': add driver usb
[    0.156273] usbcore: registered new device driver usb
[    0.156273] driver_register -- functionpoint
[    0.156273] bus_add_driver -- functionpoint
[    0.156273] functionpoint -- bus: 'platform': add driver i2c_designware
[    0.156273] EDAC MC: Ver: 3.0.0
[    0.156273] Registered efivars operations
[    0.190363] start pci_subsys_init -- functionpoint
[    0.190363] PCI: Using ACPI for IRQ routing
[    0.190363] pci_find_bus -- functionpoint
[    0.190363] functionpoint -- domain_num = 0, bus_num = 0
[    0.190363] pci_find_next_bus -- functionpoint
[    0.190363] found bus -- functionpoint
[    0.190363] pci_find_bus -- functionpoint
[    0.190363] functionpoint -- domain_num = 0, bus_num = 1
[    0.190363] pci_find_next_bus -- functionpoint
[    0.190363] found bus -- functionpoint
[    0.190363] pci_find_bus -- functionpoint
[    0.190363] functionpoint -- domain_num = 0, bus_num = 2
[    0.190363] pci_find_next_bus -- functionpoint
[    0.190363] found bus -- functionpoint
[    0.190363] pci_find_bus -- functionpoint
[    0.190363] functionpoint -- domain_num = 0, bus_num = 3
[    0.190363] pci_find_next_bus -- functionpoint
[    0.190363] found bus -- functionpoint
[    0.190363] pci_find_bus -- functionpoint
[    0.190363] functionpoint -- domain_num = 0, bus_num = 4
[    0.190363] pci_find_next_bus -- functionpoint
[    0.190363] pci_find_next_bus -- functionpoint
[    0.190363] not found bus -- functionpoint
[    0.190363] pci_find_bus -- functionpoint
[    0.190363] functionpoint -- domain_num = 0, bus_num = 5
[    0.190363] pci_find_next_bus -- functionpoint
[    0.190363] pci_find_next_bus -- functionpoint
[    0.190363] not found bus -- functionpoint
[    0.190363] pci_find_bus -- functionpoint
[    0.190363] functionpoint -- domain_num = 0, bus_num = 6
[    0.190363] pci_find_next_bus -- functionpoint
[    0.190363] pci_find_next_bus -- functionpoint
[    0.190363] not found bus -- functionpoint
[    0.190363] pci_find_bus -- functionpoint
[    0.190363] functionpoint -- domain_num = 0, bus_num = 7
[    0.190363] pci_find_next_bus -- functionpoint
[    0.190363] pci_find_next_bus -- functionpoint
[    0.190363] not found bus -- functionpoint
[    0.190363] pci_find_bus -- functionpoint
[    0.190363] functionpoint -- domain_num = 0, bus_num = 8
[    0.190363] pci_find_next_bus -- functionpoint
[    0.190363] pci_find_next_bus -- functionpoint
[    0.190363] not found bus -- functionpoint
[    0.192095] pci_find_bus -- functionpoint
[    0.192097] functionpoint -- domain_num = 0, bus_num = 9
[    0.192099] pci_find_next_bus -- functionpoint
[    0.192100] pci_find_next_bus -- functionpoint
[    0.192101] not found bus -- functionpoint
[    0.192430] pci_find_bus -- functionpoint
[    0.192431] functionpoint -- domain_num = 0, bus_num = 10
[    0.192434] pci_find_next_bus -- functionpoint
[    0.192434] pci_find_next_bus -- functionpoint
[    0.192435] not found bus -- functionpoint
[    0.192757] pci_find_bus -- functionpoint
[    0.192759] functionpoint -- domain_num = 0, bus_num = 11
[    0.192761] pci_find_next_bus -- functionpoint
[    0.192761] pci_find_next_bus -- functionpoint
[    0.192763] not found bus -- functionpoint
[    0.193091] pci_find_bus -- functionpoint
[    0.193092] functionpoint -- domain_num = 0, bus_num = 12
[    0.193095] pci_find_next_bus -- functionpoint
[    0.193095] pci_find_next_bus -- functionpoint
[    0.193097] not found bus -- functionpoint
[    0.193436] pci_find_bus -- functionpoint
[    0.193437] functionpoint -- domain_num = 0, bus_num = 13
[    0.193440] pci_find_next_bus -- functionpoint
[    0.193440] pci_find_next_bus -- functionpoint
[    0.193441] not found bus -- functionpoint
[    0.193770] pci_find_bus -- functionpoint
[    0.193771] functionpoint -- domain_num = 0, bus_num = 14
[    0.193774] pci_find_next_bus -- functionpoint
[    0.193774] pci_find_next_bus -- functionpoint
[    0.193775] not found bus -- functionpoint
[    0.194104] pci_find_bus -- functionpoint
[    0.194105] functionpoint -- domain_num = 0, bus_num = 15
[    0.194108] pci_find_next_bus -- functionpoint
[    0.194108] pci_find_next_bus -- functionpoint
[    0.194109] not found bus -- functionpoint
[    0.194437] pci_find_bus -- functionpoint
[    0.194439] functionpoint -- domain_num = 0, bus_num = 16
[    0.194441] pci_find_next_bus -- functionpoint
[    0.194442] pci_find_next_bus -- functionpoint
[    0.194443] not found bus -- functionpoint
[    0.194771] pci_find_bus -- functionpoint
[    0.194773] functionpoint -- domain_num = 0, bus_num = 17
[    0.194775] pci_find_next_bus -- functionpoint
[    0.194775] pci_find_next_bus -- functionpoint
[    0.194777] not found bus -- functionpoint
[    0.195105] pci_find_bus -- functionpoint
[    0.195107] functionpoint -- domain_num = 0, bus_num = 18
[    0.195110] pci_find_next_bus -- functionpoint
[    0.195110] pci_find_next_bus -- functionpoint
[    0.195111] not found bus -- functionpoint
[    0.195433] pci_find_bus -- functionpoint
[    0.195435] functionpoint -- domain_num = 0, bus_num = 19
[    0.195437] pci_find_next_bus -- functionpoint
[    0.195437] pci_find_next_bus -- functionpoint
[    0.195439] not found bus -- functionpoint
[    0.195767] pci_find_bus -- functionpoint
[    0.195769] functionpoint -- domain_num = 0, bus_num = 20
[    0.195771] pci_find_next_bus -- functionpoint
[    0.195771] pci_find_next_bus -- functionpoint
[    0.195773] not found bus -- functionpoint
[    0.196095] pci_find_bus -- functionpoint
[    0.196097] functionpoint -- domain_num = 0, bus_num = 21
[    0.196099] pci_find_next_bus -- functionpoint
[    0.196099] pci_find_next_bus -- functionpoint
[    0.196101] not found bus -- functionpoint
[    0.196429] pci_find_bus -- functionpoint
[    0.196430] functionpoint -- domain_num = 0, bus_num = 22
[    0.196433] pci_find_next_bus -- functionpoint
[    0.196433] pci_find_next_bus -- functionpoint
[    0.196435] not found bus -- functionpoint
[    0.196756] pci_find_bus -- functionpoint
[    0.196758] functionpoint -- domain_num = 0, bus_num = 23
[    0.196760] pci_find_next_bus -- functionpoint
[    0.196760] pci_find_next_bus -- functionpoint
[    0.196762] not found bus -- functionpoint
[    0.197083] pci_find_bus -- functionpoint
[    0.197085] functionpoint -- domain_num = 0, bus_num = 24
[    0.197087] pci_find_next_bus -- functionpoint
[    0.197087] pci_find_next_bus -- functionpoint
[    0.197089] not found bus -- functionpoint
[    0.197418] pci_find_bus -- functionpoint
[    0.197419] functionpoint -- domain_num = 0, bus_num = 25
[    0.197421] pci_find_next_bus -- functionpoint
[    0.197422] pci_find_next_bus -- functionpoint
[    0.197423] not found bus -- functionpoint
[    0.197762] pci_find_bus -- functionpoint
[    0.197763] functionpoint -- domain_num = 0, bus_num = 26
[    0.197766] pci_find_next_bus -- functionpoint
[    0.197766] pci_find_next_bus -- functionpoint
[    0.197768] not found bus -- functionpoint
[    0.198096] pci_find_bus -- functionpoint
[    0.198098] functionpoint -- domain_num = 0, bus_num = 27
[    0.198100] pci_find_next_bus -- functionpoint
[    0.198100] pci_find_next_bus -- functionpoint
[    0.198102] not found bus -- functionpoint
[    0.198430] pci_find_bus -- functionpoint
[    0.198431] functionpoint -- domain_num = 0, bus_num = 28
[    0.198434] pci_find_next_bus -- functionpoint
[    0.198434] pci_find_next_bus -- functionpoint
[    0.198435] not found bus -- functionpoint
[    0.198764] pci_find_bus -- functionpoint
[    0.198765] functionpoint -- domain_num = 0, bus_num = 29
[    0.198767] pci_find_next_bus -- functionpoint
[    0.198768] pci_find_next_bus -- functionpoint
[    0.198769] not found bus -- functionpoint
[    0.199098] pci_find_bus -- functionpoint
[    0.199099] functionpoint -- domain_num = 0, bus_num = 30
[    0.199102] pci_find_next_bus -- functionpoint
[    0.199102] pci_find_next_bus -- functionpoint
[    0.199103] not found bus -- functionpoint
[    0.199442] pci_find_bus -- functionpoint
[    0.199444] functionpoint -- domain_num = 0, bus_num = 31
[    0.199446] pci_find_next_bus -- functionpoint
[    0.199446] pci_find_next_bus -- functionpoint
[    0.199448] not found bus -- functionpoint
[    0.199769] pci_find_bus -- functionpoint
[    0.199770] functionpoint -- domain_num = 0, bus_num = 32
[    0.199773] pci_find_next_bus -- functionpoint
[    0.199773] pci_find_next_bus -- functionpoint
[    0.199774] not found bus -- functionpoint
[    0.200105] pci_find_bus -- functionpoint
[    0.200107] functionpoint -- domain_num = 0, bus_num = 33
[    0.200109] pci_find_next_bus -- functionpoint
[    0.200109] pci_find_next_bus -- functionpoint
[    0.200111] not found bus -- functionpoint
[    0.200439] pci_find_bus -- functionpoint
[    0.200441] functionpoint -- domain_num = 0, bus_num = 34
[    0.200443] pci_find_next_bus -- functionpoint
[    0.200444] pci_find_next_bus -- functionpoint
[    0.200445] not found bus -- functionpoint
[    0.200766] pci_find_bus -- functionpoint
[    0.200768] functionpoint -- domain_num = 0, bus_num = 35
[    0.200770] pci_find_next_bus -- functionpoint
[    0.200771] pci_find_next_bus -- functionpoint
[    0.200772] not found bus -- functionpoint
[    0.201100] pci_find_bus -- functionpoint
[    0.201101] functionpoint -- domain_num = 0, bus_num = 36
[    0.201104] pci_find_next_bus -- functionpoint
[    0.201104] pci_find_next_bus -- functionpoint
[    0.201106] not found bus -- functionpoint
[    0.201434] pci_find_bus -- functionpoint
[    0.201435] functionpoint -- domain_num = 0, bus_num = 37
[    0.201438] pci_find_next_bus -- functionpoint
[    0.201438] pci_find_next_bus -- functionpoint
[    0.201439] not found bus -- functionpoint
[    0.201761] pci_find_bus -- functionpoint
[    0.201762] functionpoint -- domain_num = 0, bus_num = 38
[    0.201765] pci_find_next_bus -- functionpoint
[    0.201765] pci_find_next_bus -- functionpoint
[    0.201766] not found bus -- functionpoint
[    0.202096] pci_find_bus -- functionpoint
[    0.202097] functionpoint -- domain_num = 0, bus_num = 39
[    0.202100] pci_find_next_bus -- functionpoint
[    0.202100] pci_find_next_bus -- functionpoint
[    0.202101] not found bus -- functionpoint
[    0.202430] pci_find_bus -- functionpoint
[    0.202431] functionpoint -- domain_num = 0, bus_num = 40
[    0.202434] pci_find_next_bus -- functionpoint
[    0.202434] pci_find_next_bus -- functionpoint
[    0.202435] not found bus -- functionpoint
[    0.202774] pci_find_bus -- functionpoint
[    0.202776] functionpoint -- domain_num = 0, bus_num = 41
[    0.202778] pci_find_next_bus -- functionpoint
[    0.202779] pci_find_next_bus -- functionpoint
[    0.202780] not found bus -- functionpoint
[    0.203119] pci_find_bus -- functionpoint
[    0.203120] functionpoint -- domain_num = 0, bus_num = 42
[    0.203122] pci_find_next_bus -- functionpoint
[    0.203123] pci_find_next_bus -- functionpoint
[    0.203124] not found bus -- functionpoint
[    0.203446] pci_find_bus -- functionpoint
[    0.203447] functionpoint -- domain_num = 0, bus_num = 43
[    0.203450] pci_find_next_bus -- functionpoint
[    0.203450] pci_find_next_bus -- functionpoint
[    0.203451] not found bus -- functionpoint
[    0.203780] pci_find_bus -- functionpoint
[    0.203782] functionpoint -- domain_num = 0, bus_num = 44
[    0.203784] pci_find_next_bus -- functionpoint
[    0.203784] pci_find_next_bus -- functionpoint
[    0.203786] not found bus -- functionpoint
[    0.204106] pci_find_bus -- functionpoint
[    0.204108] functionpoint -- domain_num = 0, bus_num = 45
[    0.204110] pci_find_next_bus -- functionpoint
[    0.204110] pci_find_next_bus -- functionpoint
[    0.204112] not found bus -- functionpoint
[    0.204440] pci_find_bus -- functionpoint
[    0.204441] functionpoint -- domain_num = 0, bus_num = 46
[    0.204444] pci_find_next_bus -- functionpoint
[    0.204444] pci_find_next_bus -- functionpoint
[    0.204446] not found bus -- functionpoint
[    0.204757] pci_find_bus -- functionpoint
[    0.204758] functionpoint -- domain_num = 0, bus_num = 47
[    0.204760] pci_find_next_bus -- functionpoint
[    0.204761] pci_find_next_bus -- functionpoint
[    0.204762] not found bus -- functionpoint
[    0.205101] pci_find_bus -- functionpoint
[    0.205102] functionpoint -- domain_num = 0, bus_num = 48
[    0.205105] pci_find_next_bus -- functionpoint
[    0.205105] pci_find_next_bus -- functionpoint
[    0.205106] not found bus -- functionpoint
[    0.205435] pci_find_bus -- functionpoint
[    0.205437] functionpoint -- domain_num = 0, bus_num = 49
[    0.205439] pci_find_next_bus -- functionpoint
[    0.205439] pci_find_next_bus -- functionpoint
[    0.205441] not found bus -- functionpoint
[    0.205769] pci_find_bus -- functionpoint
[    0.205771] functionpoint -- domain_num = 0, bus_num = 50
[    0.205773] pci_find_next_bus -- functionpoint
[    0.205773] pci_find_next_bus -- functionpoint
[    0.205775] not found bus -- functionpoint
[    0.206096] pci_find_bus -- functionpoint
[    0.206097] functionpoint -- domain_num = 0, bus_num = 51
[    0.206100] pci_find_next_bus -- functionpoint
[    0.206100] pci_find_next_bus -- functionpoint
[    0.206101] not found bus -- functionpoint
[    0.206430] pci_find_bus -- functionpoint
[    0.206431] functionpoint -- domain_num = 0, bus_num = 52
[    0.206434] pci_find_next_bus -- functionpoint
[    0.206434] pci_find_next_bus -- functionpoint
[    0.206435] not found bus -- functionpoint
[    0.206763] pci_find_bus -- functionpoint
[    0.206765] functionpoint -- domain_num = 0, bus_num = 53
[    0.206767] pci_find_next_bus -- functionpoint
[    0.206768] pci_find_next_bus -- functionpoint
[    0.206769] not found bus -- functionpoint
[    0.207108] pci_find_bus -- functionpoint
