[    0.000000] microcode: microcode updated early to revision 0xd6, date = 2020-04-23
[    0.000000] Linux version 4.15.9+ (root@Yee-680G4) (gcc version 5.5.0 20171010 (Ubuntu 5.5.0-12ubuntu1~16.04)) #28 SMP Wed Sep 30 19:07:15 CST 2020
[    0.000000] Command line: BOOT_IMAGE=/boot/vmlinuz-4.15.9+ root=UUID=da0e40f1-3840-43a9-b61a-7b465a7673d3 ro quiet splash vt.handoff=7
[    0.000000] KERNEL supported cpus:
[    0.000000]   Intel GenuineIntel
[    0.000000]   AMD AuthenticAMD
[    0.000000]   Centaur CentaurHauls
[    0.000000] x86/fpu: Supporting XSAVE feature 0x001: 'x87 floating point registers'
[    0.000000] x86/fpu: Supporting XSAVE feature 0x002: 'SSE registers'
[    0.000000] x86/fpu: Supporting XSAVE feature 0x004: 'AVX registers'
[    0.000000] x86/fpu: Supporting XSAVE feature 0x008: 'MPX bounds registers'
[    0.000000] x86/fpu: Supporting XSAVE feature 0x010: 'MPX CSR'
[    0.000000] x86/fpu: xstate_offset[2]:  576, xstate_sizes[2]:  256
[    0.000000] x86/fpu: xstate_offset[3]:  832, xstate_sizes[3]:   64
[    0.000000] x86/fpu: xstate_offset[4]:  896, xstate_sizes[4]:   64
[    0.000000] x86/fpu: Enabled xstate features 0x1f, context size is 960 bytes, using 'compacted' format.
[    0.000000] e820: BIOS-provided physical RAM map:
[    0.000000] BIOS-e820: [mem 0x0000000000000000-0x000000000009efff] usable
[    0.000000] BIOS-e820: [mem 0x000000000009f000-0x00000000000fffff] reserved
[    0.000000] BIOS-e820: [mem 0x0000000000100000-0x00000000be6aafff] usable
[    0.000000] BIOS-e820: [mem 0x00000000be6ab000-0x00000000bf98efff] reserved
[    0.000000] BIOS-e820: [mem 0x00000000bf98f000-0x00000000bfb8efff] ACPI NVS
[    0.000000] BIOS-e820: [mem 0x00000000bfb8f000-0x00000000bfc0efff] ACPI data
[    0.000000] BIOS-e820: [mem 0x00000000bfc0f000-0x00000000bfc0ffff] usable
[    0.000000] BIOS-e820: [mem 0x00000000bfc10000-0x00000000d47fffff] reserved
[    0.000000] BIOS-e820: [mem 0x00000000fe010000-0x00000000fe010fff] reserved
[    0.000000] BIOS-e820: [mem 0x00000000ff000000-0x00000000ffffffff] reserved
[    0.000000] BIOS-e820: [mem 0x0000000100000000-0x00000004277fffff] usable
[    0.000000] NX (Execute Disable) protection: active
[    0.000000] efi: EFI v2.60 by HP
[    0.000000] efi:  ACPI=0xbfc0e000  ACPI 2.0=0xbfc0e014  SMBIOS=0xbee75000  ESRT=0xbee76018  MEMATTR=0xaf753018 
[    0.000000] random: fast init done
[    0.000000] SMBIOS 3.1 present.
[    0.000000] DMI: HP HP ProDesk 680 G4 MT/8580, BIOS R04 Ver. 02.11.01 04/27/2020
[    0.000000] e820: update [mem 0x00000000-0x00000fff] usable ==> reserved
[    0.000000] e820: remove [mem 0x000a0000-0x000fffff] usable
[    0.000000] e820: last_pfn = 0x427800 max_arch_pfn = 0x400000000
[    0.000000] MTRR default type: write-back
[    0.000000] MTRR fixed ranges enabled:
[    0.000000]   00000-9FFFF write-back
[    0.000000]   A0000-BFFFF uncachable
[    0.000000]   C0000-FFFFF write-protect
[    0.000000] MTRR variable ranges enabled:
[    0.000000]   0 base 00E0000000 mask 7FE0000000 uncachable
[    0.000000]   1 base 00D0000000 mask 7FF0000000 uncachable
[    0.000000]   2 base 00C8000000 mask 7FF8000000 uncachable
[    0.000000]   3 base 00C4000000 mask 7FFC000000 uncachable
[    0.000000]   4 base 2000000000 mask 6000000000 uncachable
[    0.000000]   5 base 1000000000 mask 7000000000 uncachable
[    0.000000]   6 base 0800000000 mask 7800000000 uncachable
[    0.000000]   7 base 4000000000 mask 4000000000 uncachable
[    0.000000]   8 disabled
[    0.000000]   9 disabled
[    0.000000] x86/PAT: Configuration [0-7]: WB  WC  UC- UC  WB  WP  UC- WT  
[    0.000000] e820: last_pfn = 0xbfc10 max_arch_pfn = 0x400000000
[    0.000000] esrt: Reserving ESRT space from 0x00000000bee76018 to 0x00000000bee76050.
[    0.000000] Scanning 1 areas for low memory corruption
[    0.000000] Base memory trampoline at [        (ptrval)] 99000 size 24576
[    0.000000] Using GB pages for direct mapping
[    0.000000] BRK [0x2e093a000, 0x2e093afff] PGTABLE
[    0.000000] BRK [0x2e093b000, 0x2e093bfff] PGTABLE
[    0.000000] BRK [0x2e093c000, 0x2e093cfff] PGTABLE
[    0.000000] BRK [0x2e093d000, 0x2e093dfff] PGTABLE
[    0.000000] BRK [0x2e093e000, 0x2e093efff] PGTABLE
[    0.000000] BRK [0x2e093f000, 0x2e093ffff] PGTABLE
[    0.000000] BRK [0x2e0940000, 0x2e0940fff] PGTABLE
[    0.000000] BRK [0x2e0941000, 0x2e0941fff] PGTABLE
[    0.000000] Secure boot could not be determined
[    0.000000] RAMDISK: [mem 0x2332a000-0x3e1b0fff]
[    0.000000] ACPI: Early table checksum verification disabled
[    0.000000] ACPI: RSDP 0x00000000BFC0E014 000024 (v02 HPQOEM)
[    0.000000] ACPI: XSDT 0x00000000BFBC7188 0000DC (v01 HPQOEM SLIC-BPC 00000000 INTL 20160422)
[    0.000000] ACPI: FACP 0x00000000BFC08000 000114 (v06 HPQOEM SLIC-BPC 00000000 HP   00000001)
[    0.000000] ACPI: DSDT 0x00000000BFBE5000 01E092 (v02 HPQOEM 8580     00000000 INTL 20160527)
[    0.000000] ACPI: FACS 0x00000000BFB3F000 000040
[    0.000000] ACPI: SSDT 0x00000000BFC0C000 00012A (v02 HP     ShmTable 00000001 INTL 20160527)
[    0.000000] ACPI: SSDT 0x00000000BFC0A000 001B5F (v02 CpuRef CpuSsdt  00003000 INTL 20160527)
[    0.000000] ACPI: SSDT 0x00000000BFC09000 0009CF (v02 CtdpB  CtdpB    00001000 INTL 20160527)
[    0.000000] ACPI: HPET 0x00000000BFC07000 000038 (v01 HPQOEM 8580     00000001 HP   00000001)
[    0.000000] ACPI: APIC 0x00000000BFC06000 00012C (v03 HPQOEM 8580     00000001 HP   00000001)
[    0.000000] ACPI: MCFG 0x00000000BFC05000 00003C (v01 HPQOEM 8580     00000001 HP   00000001)
[    0.000000] ACPI: WSMT 0x00000000BFC04000 000028 (v01 HPQOEM 8580     00000001 HP   00000001)
[    0.000000] ACPI: SSDT 0x00000000BFBE4000 000734 (v01 HPQOEM PtidDevc 00001000 INTL 20160527)
[    0.000000] ACPI: SSDT 0x00000000BFBE3000 000B27 (v02 HPQOEM HP_XHC_P 00000000 INTL 20160527)
[    0.000000] ACPI: SSDT 0x00000000BFBDF000 0030ED (v02 SaSsdt SaSsdt   00003000 INTL 20160527)
[    0.000000] ACPI: LPIT 0x00000000BFBDE000 000094 (v01 INTEL  CFL      20170001 INTL 20160422)
[    0.000000] ACPI: WSMT 0x00000000BFBDD000 000028 (v01 INTEL  CFL      20170001 INTL 20160422)
[    0.000000] ACPI: SSDT 0x00000000BFBDC000 00044C (v02 INTEL  Wwan     00000001 INTL 20160527)
[    0.000000] ACPI: UEFI 0x00000000BFB39000 000042 (v01 INTEL  CFL      20170001 INTL 20160422)
[    0.000000] ACPI: OEML 0x00000000BFBDB000 000028 (v03 INTEL  CFL      20170001 INTL 20160422)
[    0.000000] ACPI: DMAR 0x00000000BFBDA000 0000C8 (v01 INTEL  CFL      00000002      01000013)
[    0.000000] ACPI: SSDT 0x00000000BFBCB000 00E899 (v01 HP     HPINDTWL 00001000 INTL 20160527)
[    0.000000] ACPI: SSDT 0x00000000BFBCA000 000032 (v01 HP     HPCONDEV 00001000 INTL 20160527)
[    0.000000] ACPI: SSDT 0x00000000BFBC9000 000069 (v01 HP     HPCAHWID 00001000 INTL 20160527)
[    0.000000] ACPI: ASF! 0x00000000BFBC8000 0000A0 (v32 HPQOEM  UYA     20170001 INTL 20160422)
[    0.000000] ACPI: FPDT 0x00000000BFC0D000 000044 (v01 INTEL  CFL      20170001 INTL 20160422)
[    0.000000] ACPI: BGRT 0x00000000BFBC6000 000038 (v01 INTEL  CFL      20170001 INTL 20160422)
[    0.000000] ACPI: Local APIC address 0xfee00000
[    0.000000] No NUMA configuration found
[    0.000000] Faking a node at [mem 0x0000000000000000-0x00000004277fffff]
[    0.000000] NODE_DATA(0) allocated [mem 0x4277d5000-0x4277fffff]
[    0.000000] Zone ranges:
[    0.000000]   DMA      [mem 0x0000000000001000-0x0000000000ffffff]
[    0.000000]   DMA32    [mem 0x0000000001000000-0x00000000ffffffff]
[    0.000000]   Normal   [mem 0x0000000100000000-0x00000004277fffff]
[    0.000000]   Device   empty
[    0.000000] Movable zone start for each node
[    0.000000] Early memory node ranges
[    0.000000]   node   0: [mem 0x0000000000001000-0x000000000009efff]
[    0.000000]   node   0: [mem 0x0000000000100000-0x00000000be6aafff]
[    0.000000]   node   0: [mem 0x00000000bfc0f000-0x00000000bfc0ffff]
[    0.000000]   node   0: [mem 0x0000000100000000-0x00000004277fffff]
[    0.000000] Initmem setup node 0 [mem 0x0000000000001000-0x00000004277fffff]
[    0.000000] On node 0 totalpages: 4087370
[    0.000000]   DMA zone: 64 pages used for memmap
[    0.000000]   DMA zone: 21 pages reserved
[    0.000000]   DMA zone: 3998 pages, LIFO batch:0
[    0.000000]   DMA32 zone: 12123 pages used for memmap
[    0.000000]   DMA32 zone: 775852 pages, LIFO batch:31
[    0.000000]   Normal zone: 51680 pages used for memmap
[    0.000000]   Normal zone: 3307520 pages, LIFO batch:31
[    0.000000] Reserved but unavailable: 99 pages
[    0.000000] tboot: non-0 tboot_addr but it is not of type E820_TYPE_RESERVED
[    0.000000] ACPI: PM-Timer IO Port: 0x1808
[    0.000000] ACPI: Local APIC address 0xfee00000
[    0.000000] ACPI: LAPIC_NMI (acpi_id[0x01] high edge lint[0x1])
[    0.000000] ACPI: LAPIC_NMI (acpi_id[0x02] high edge lint[0x1])
[    0.000000] ACPI: LAPIC_NMI (acpi_id[0x03] high edge lint[0x1])
[    0.000000] ACPI: LAPIC_NMI (acpi_id[0x04] high edge lint[0x1])
[    0.000000] ACPI: LAPIC_NMI (acpi_id[0x05] high edge lint[0x1])
[    0.000000] ACPI: LAPIC_NMI (acpi_id[0x06] high edge lint[0x1])
[    0.000000] ACPI: LAPIC_NMI (acpi_id[0x07] high edge lint[0x1])
[    0.000000] ACPI: LAPIC_NMI (acpi_id[0x08] high edge lint[0x1])
[    0.000000] ACPI: LAPIC_NMI (acpi_id[0x09] high edge lint[0x1])
[    0.000000] ACPI: LAPIC_NMI (acpi_id[0x0a] high edge lint[0x1])
[    0.000000] ACPI: LAPIC_NMI (acpi_id[0x0b] high edge lint[0x1])
[    0.000000] ACPI: LAPIC_NMI (acpi_id[0x0c] high edge lint[0x1])
[    0.000000] ACPI: LAPIC_NMI (acpi_id[0x0d] high edge lint[0x1])
[    0.000000] ACPI: LAPIC_NMI (acpi_id[0x0e] high edge lint[0x1])
[    0.000000] ACPI: LAPIC_NMI (acpi_id[0x0f] high edge lint[0x1])
[    0.000000] ACPI: LAPIC_NMI (acpi_id[0x10] high edge lint[0x1])
[    0.000000] IOAPIC[0]: apic_id 2, version 32, address 0xfec00000, GSI 0-119
[    0.000000] ACPI: INT_SRC_OVR (bus 0 bus_irq 0 global_irq 2 dfl dfl)
[    0.000000] ACPI: INT_SRC_OVR (bus 0 bus_irq 9 global_irq 9 high level)
[    0.000000] ACPI: IRQ0 used by override.
[    0.000000] ACPI: IRQ9 used by override.
[    0.000000] Using ACPI (MADT) for SMP configuration information
[    0.000000] ACPI: HPET id: 0x8086a201 base: 0xfed00000
[    0.000000] smpboot: Allowing 8 CPUs, 0 hotplug CPUs
[    0.000000] PM: Registered nosave memory: [mem 0x00000000-0x00000fff]
[    0.000000] PM: Registered nosave memory: [mem 0x0009f000-0x000fffff]
[    0.000000] PM: Registered nosave memory: [mem 0xbe6ab000-0xbf98efff]
[    0.000000] PM: Registered nosave memory: [mem 0xbf98f000-0xbfb8efff]
[    0.000000] PM: Registered nosave memory: [mem 0xbfb8f000-0xbfc0efff]
[    0.000000] PM: Registered nosave memory: [mem 0xbfc10000-0xd47fffff]
[    0.000000] PM: Registered nosave memory: [mem 0xd4800000-0xfe00ffff]
[    0.000000] PM: Registered nosave memory: [mem 0xfe010000-0xfe010fff]
[    0.000000] PM: Registered nosave memory: [mem 0xfe011000-0xfeffffff]
[    0.000000] PM: Registered nosave memory: [mem 0xff000000-0xffffffff]
[    0.000000] e820: [mem 0xd4800000-0xfe00ffff] available for PCI devices
[    0.000000] Booting paravirtualized kernel on bare hardware
[    0.000000] clocksource: refined-jiffies: mask: 0xffffffff max_cycles: 0xffffffff, max_idle_ns: 7645519600211568 ns
[    0.000000] setup_percpu: NR_CPUS:8192 nr_cpumask_bits:8 nr_cpu_ids:8 nr_node_ids:1
[    0.000000] percpu: Embedded 46 pages/cpu @        (ptrval) s151552 r8192 d28672 u262144
[    0.000000] pcpu-alloc: s151552 r8192 d28672 u262144 alloc=1*2097152
[    0.000000] pcpu-alloc: [0] 0 1 2 3 4 5 6 7 
[    0.000000] Built 1 zonelists, mobility grouping on.  Total pages: 4023482
[    0.000000] Policy zone: Normal
[    0.000000] Kernel command line: BOOT_IMAGE=/boot/vmlinuz-4.15.9+ root=UUID=da0e40f1-3840-43a9-b61a-7b465a7673d3 ro quiet splash vt.handoff=7
[    0.000000] Calgary: detecting Calgary via BIOS EBDA area
[    0.000000] Calgary: Unable to locate Rio Grande table in EBDA - bailing!
[    0.000000] Memory: 15485636K/16349480K available (12300K kernel code, 2470K rwdata, 4196K rodata, 2388K init, 2416K bss, 863844K reserved, 0K cma-reserved)
[    0.000000] SLUB: HWalign=64, Order=0-3, MinObjects=0, CPUs=8, Nodes=1
[    0.000000] ftrace: allocating 38976 entries in 153 pages
[    0.000000] Hierarchical RCU implementation.
[    0.000000] 	RCU restricting CPUs from NR_CPUS=8192 to nr_cpu_ids=8.
[    0.000000] 	Tasks RCU enabled.
[    0.000000] RCU: Adjusting geometry for rcu_fanout_leaf=16, nr_cpu_ids=8
[    0.000000] NR_IRQS: 524544, nr_irqs: 2048, preallocated irqs: 16
[    0.000000] Console: colour dummy device 80x25
[    0.000000] console [tty0] enabled
[    0.000000] ACPI: Core revision 20170831
[    0.000000] ACPI Error: [\_SB_.PCI0.XHC_.RHUB.HS11] Namespace lookup failure, AE_NOT_FOUND (20170831/dswload-210)
[    0.000000] ACPI Exception: AE_NOT_FOUND, During name lookup/catalog (20170831/psobject-252)
[    0.000000] ACPI Exception: AE_NOT_FOUND, (SSDT:HP_XHC_P) while loading table (20170831/tbxfload-228)
[    0.000000] ACPI Error: 1 table load failures, 10 successful (20170831/tbxfload-246)
[    0.000000] clocksource: hpet: mask: 0xffffffff max_cycles: 0xffffffff, max_idle_ns: 79635855245 ns
[    0.000000] hpet clockevent registered
[    0.004000] APIC: Switch to symmetric I/O mode setup
[    0.004000] DMAR: Host address width 39
[    0.004000] DMAR: DRHD base: 0x000000fed90000 flags: 0x0
[    0.004000] DMAR: dmar0: reg_base_addr fed90000 ver 1:0 cap 1c0000c40660462 ecap 19e2ff0505e
[    0.004000] DMAR: DRHD base: 0x000000fed91000 flags: 0x1
[    0.004000] DMAR: dmar1: reg_base_addr fed91000 ver 1:0 cap d2008c40660462 ecap f050da
[    0.004000] DMAR: RMRR base: 0x000000bf81d000 end: 0x000000bf83cfff
[    0.004000] DMAR: RMRR base: 0x000000c4000000 end: 0x000000d47fffff
[    0.004000] DMAR: RMRR base: 0x000000bf86e000 end: 0x000000bf8edfff
[    0.004000] DMAR-IR: IOAPIC id 2 under DRHD base  0xfed91000 IOMMU 1
[    0.004000] DMAR-IR: HPET id 0 under DRHD base 0xfed91000
[    0.004000] DMAR-IR: Queued invalidation will be enabled to support x2apic and Intr-remapping.
[    0.004000] DMAR-IR: Enabled IRQ remapping in x2apic mode
[    0.004000] x2apic enabled
[    0.004000] Switched APIC routing to cluster x2apic.
[    0.016000] ..TIMER: vector=0x30 apic1=0 pin1=2 apic2=-1 pin2=-1
[    0.036000] tsc: Detected 3000.000 MHz processor
[    0.036000] Calibrating delay loop (skipped), value calculated using timer frequency.. 6000.00 BogoMIPS (lpj=12000000)
[    0.036000] pid_max: default: 32768 minimum: 301
[    0.036000] Security Framework initialized
[    0.036000] Yama: becoming mindful.
[    0.036000] AppArmor: AppArmor initialized
[    0.036000] Dentry cache hash table entries: 2097152 (order: 12, 16777216 bytes)
[    0.036000] Inode-cache hash table entries: 1048576 (order: 11, 8388608 bytes)
[    0.036000] Mount-cache hash table entries: 32768 (order: 6, 262144 bytes)
[    0.036000] Mountpoint-cache hash table entries: 32768 (order: 6, 262144 bytes)
[    0.036000] CPU: Physical Processor ID: 0
[    0.036000] CPU: Processor Core ID: 0
[    0.036000] ENERGY_PERF_BIAS: Set to 'normal', was 'performance'
[    0.036000] ENERGY_PERF_BIAS: View and update with x86_energy_perf_policy(8)
[    0.036000] mce: CPU supports 14 MCE banks
[    0.036000] CPU0: Thermal monitoring enabled (TM1)
[    0.036000] process: using mwait in idle threads
[    0.036000] Last level iTLB entries: 4KB 128, 2MB 8, 4MB 8
[    0.036000] Last level dTLB entries: 4KB 64, 2MB 0, 4MB 0, 1GB 4
[    0.036000] Spectre V2 : Mitigation: Full generic retpoline
[    0.036000] Spectre V2 : Spectre v2 mitigation: Filling RSB on context switch
[    0.036000] Spectre V2 : Spectre v2 mitigation: Enabling Indirect Branch Prediction Barrier
[    0.036000] Freeing SMP alternatives memory: 36K
[    0.042225] TSC deadline timer enabled
[    0.042236] smpboot: CPU0: Intel(R) Core(TM) i7-9700 CPU @ 3.00GHz (family: 0x6, model: 0x9e, stepping: 0xd)
[    0.042287] Performance Events: PEBS fmt3+, Skylake events, 32-deep LBR, full-width counters, Intel PMU driver.
[    0.042316] ... version:                4
[    0.042317] ... bit width:              48
[    0.042317] ... generic registers:      8
[    0.042318] ... value mask:             0000ffffffffffff
[    0.042318] ... max period:             00007fffffffffff
[    0.042319] ... fixed-purpose events:   3
[    0.042319] ... event mask:             00000007000000ff
[    0.042349] Hierarchical SRCU implementation.
[    0.043279] NMI watchdog: Enabled. Permanently consumes one hw-PMU counter.
[    0.043290] smp: Bringing up secondary CPUs ...
[    0.043350] x86: Booting SMP configuration:
[    0.043350] .... node  #0, CPUs:      #1 #2 #3 #4 #5 #6 #7
[    0.053430] smp: Brought up 1 node, 8 CPUs
[    0.053430] smpboot: Max logical packages: 1
[    0.053430] smpboot: Total of 8 processors activated (48000.00 BogoMIPS)
[    0.056282] devtmpfs: initialized
[    0.056282] x86/mm: Memory block size: 128MB
[    0.057017] evm: security.selinux
[    0.057017] evm: security.SMACK64
[    0.057017] evm: security.SMACK64EXEC
[    0.057018] evm: security.SMACK64TRANSMUTE
[    0.057018] evm: security.SMACK64MMAP
[    0.057019] evm: security.apparmor
[    0.057019] evm: security.ima
[    0.057019] evm: security.capability
[    0.057032] PM: Registering ACPI NVS region [mem 0xbf98f000-0xbfb8efff] (2097152 bytes)
[    0.057032] clocksource: jiffies: mask: 0xffffffff max_cycles: 0xffffffff, max_idle_ns: 7645041785100000 ns
[    0.057032] futex hash table entries: 2048 (order: 5, 131072 bytes)
[    0.057032] pinctrl core: initialized pinctrl subsystem
[    0.057032] driver_register -- functionpoint
[    0.057032] bus_add_driver -- functionpoint
[    0.057032] functionpoint -- bus: 'platform': add driver reg-dummy
[    0.057032] really_probe -- functionpoint
[    0.057032] functionpoint -- bus: 'platform': really_probe: probing driver reg-dummy with device reg-dummy
[    0.057032] RTC time:  6:26:42, date: 10/12/20
[    0.057032] NET: Registered protocol family 16
[    0.057032] audit: initializing netlink subsys (disabled)
[    0.057032] audit: type=2000 audit(1602484002.056:1): state=initialized audit_enabled=0 res=1
[    0.057032] driver_register -- functionpoint
[    0.057032] bus_add_driver -- functionpoint
[    0.057032] functionpoint -- bus: 'platform': add driver sram
[    0.057032] driver_register -- functionpoint
[    0.057032] bus_add_driver -- functionpoint
[    0.057032] functionpoint -- bus: 'platform': add driver syscon
[    0.057032] driver_register -- functionpoint
[    0.057032] bus_add_driver -- functionpoint
[    0.057032] functionpoint -- bus: 'i2c': add driver dummy
[    0.057032] cpuidle: using governor ladder
[    0.057032] cpuidle: using governor menu
[    0.057032] ACPI FADT declares the system doesn't support PCIe ASPM, so disable it
[    0.057032] ACPI: bus type PCI registered
[    0.057032] acpiphp: ACPI Hot Plug PCI Controller Driver version: 0.5
[    0.057032] start pci_arch_init -- functionpoint
[    0.057032] PCI: MMCONFIG for domain 0000 [bus 00-3f] at [mem 0xf8000000-0xfbffffff] (base 0xf8000000)
[    0.057032] PCI: not using MMCONFIG
[    0.057032] PCI: Using configuration type 1 for base access
[    0.057032] end pci_arch_init -- functionpoint
[    0.057123] HugeTLB registered 1.00 GiB page size, pre-allocated 0 pages
[    0.057123] HugeTLB registered 2.00 MiB page size, pre-allocated 0 pages
[    0.057124] driver_register -- functionpoint
[    0.057124] bus_add_driver -- functionpoint
[    0.057124] functionpoint -- bus: 'i2c': add driver sx150x-pinctrl
[    0.057124] driver_register -- functionpoint
[    0.057124] bus_add_driver -- functionpoint
[    0.057124] functionpoint -- bus: 'platform': add driver byt_gpio
[    0.057124] driver_register -- functionpoint
[    0.057124] bus_add_driver -- functionpoint
[    0.057124] functionpoint -- bus: 'platform': add driver cherryview-pinctrl
[    0.057124] driver_register -- functionpoint
[    0.057124] bus_add_driver -- functionpoint
[    0.057124] functionpoint -- bus: 'platform': add driver lp_gpio
[    0.057124] driver_register -- functionpoint
[    0.057124] bus_add_driver -- functionpoint
[    0.057124] functionpoint -- bus: 'platform': add driver rc5t583-gpio
[    0.057124] driver_register -- functionpoint
[    0.057124] bus_add_driver -- functionpoint
[    0.057124] functionpoint -- bus: 'platform': add driver palmas-gpio
[    0.057124] driver_register -- functionpoint
[    0.057124] bus_add_driver -- functionpoint
[    0.057124] functionpoint -- bus: 'platform': add driver tps6586x-gpio
[    0.057124] driver_register -- functionpoint
[    0.057124] bus_add_driver -- functionpoint
[    0.057124] functionpoint -- bus: 'platform': add driver tps65910-gpio
[    0.057124] ACPI: Added _OSI(Module Device)
[    0.057124] ACPI: Added _OSI(Processor Device)
[    0.057124] ACPI: Added _OSI(3.0 _SCP Extensions)
[    0.057124] ACPI: Added _OSI(Processor Aggregator Device)
[    0.061859] ACPI: Executed 30 blocks of module-level executable AML code
[    0.072037] ACPI: [Firmware Bug]: BIOS _OSI(Linux) query ignored
[    0.080278] ACPI: Dynamic OEM Table Load:
[    0.080289] ACPI: SSDT 0xFFFF8F7BD4FB3A00 0000F4 (v02 PmRef  Cpu0Psd  00003000 INTL 20160527)
[    0.080520] ACPI: Executed 1 blocks of module-level executable AML code
[    0.080641] ACPI: \_SB_.PR00: _OSC native thermal LVT Acked
[    0.081604] ACPI: Dynamic OEM Table Load:
[    0.081610] ACPI: SSDT 0xFFFF8F7BD4FBE000 000400 (v02 PmRef  Cpu0Cst  00003001 INTL 20160527)
[    0.081834] ACPI: Executed 1 blocks of module-level executable AML code
[    0.082069] ACPI: Dynamic OEM Table Load:
[    0.082075] ACPI: SSDT 0xFFFF8F7BD4EF1800 000605 (v02 PmRef  Cpu0Ist  00003000 INTL 20160527)
[    0.082279] ACPI: Executed 1 blocks of module-level executable AML code
[    0.082473] ACPI: Dynamic OEM Table Load:
[    0.082477] ACPI: SSDT 0xFFFF8F7BD4F36A00 000149 (v02 PmRef  Cpu0Hwp  00003000 INTL 20160527)
[    0.082670] ACPI: Executed 2 blocks of module-level executable AML code
[    0.082843] ACPI: Dynamic OEM Table Load:
[    0.082849] ACPI: SSDT 0xFFFF8F7BD4EF7800 000724 (v02 PmRef  HwpLvt   00003000 INTL 20160527)
[    0.083030] ACPI: Executed 1 blocks of module-level executable AML code
[    0.083526] ACPI: Dynamic OEM Table Load:
[    0.083532] ACPI: SSDT 0xFFFF8F7BD4EF6000 0005FC (v02 PmRef  ApIst    00003000 INTL 20160527)
[    0.083931] ACPI: Executed 1 blocks of module-level executable AML code
[    0.084129] ACPI: Dynamic OEM Table Load:
[    0.084134] ACPI: SSDT 0xFFFF8F7BD4FB9000 000317 (v02 PmRef  ApHwp    00003000 INTL 20160527)
[    0.084410] ACPI: Executed 1 blocks of module-level executable AML code
[    0.084730] ACPI: Dynamic OEM Table Load:
[    0.084736] ACPI: SSDT 0xFFFF8F7BD7147000 000AB0 (v02 PmRef  ApPsd    00003000 INTL 20160527)
[    0.085584] ACPI: Executed 1 blocks of module-level executable AML code
[    0.085783] ACPI: Dynamic OEM Table Load:
[    0.085788] ACPI: SSDT 0xFFFF8F7BD4FBBC00 00030A (v02 PmRef  ApCst    00003000 INTL 20160527)
[    0.086067] ACPI: Executed 1 blocks of module-level executable AML code
[    0.089019] ACPI: EC: EC started
[    0.089019] ACPI: EC: interrupt blocked
[    0.089036] ACPI: \_SB_.PCI0.LPCB.EC0_: Used as first EC
[    0.089037] ACPI: \_SB_.PCI0.LPCB.EC0_: GPE=0x6e, EC_CMD/EC_SC=0x66, EC_DATA=0x62
[    0.089038] ACPI: \_SB_.PCI0.LPCB.EC0_: Used as boot DSDT EC to handle transactions
[    0.089039] ACPI: Interpreter enabled
[    0.089088] ACPI: (supports S0 S3 S4 S5)
[    0.089089] ACPI: Using IOAPIC for interrupt routing
[    0.089129] PCI: MMCONFIG for domain 0000 [bus 00-3f] at [mem 0xf8000000-0xfbffffff] (base 0xf8000000)
[    0.091785] PCI: MMCONFIG at [mem 0xf8000000-0xfbffffff] reserved in ACPI motherboard resources
[    0.091790] acpi_pci_root_init --functionpoint
[    0.091791] acpi_hest_init -- functionpoint
[    0.091795] PCI: Using host bridge windows from ACPI; if necessary, use "pci=nocrs" and report a bug
[    0.092190] driver_register -- functionpoint
[    0.092191] bus_add_driver -- functionpoint
[    0.092193] functionpoint -- bus: 'platform': add driver clk-lpt
[    0.092250] ACPI: Enabled 4 GPEs in block 00 to 7F
[    0.092252] acpi_bus_scan -- functionpoint
[    0.099175] ACPI: Power Resource [USBC] (on)
[    0.100000] ACPI: Power Resource [WRST] (on)
[    0.100413] ACPI: Power Resource [WRST] (on)
[    0.100814] ACPI: Power Resource [WRST] (on)
[    0.101218] ACPI: Power Resource [WRST] (on)
[    0.101628] ACPI: Power Resource [WRST] (on)
[    0.102027] ACPI: Power Resource [WRST] (on)
[    0.102428] ACPI: Power Resource [WRST] (on)
[    0.102833] ACPI: Power Resource [WRST] (on)
[    0.103237] ACPI: Power Resource [WRST] (on)
[    0.103636] ACPI: Power Resource [WRST] (on)
[    0.104040] ACPI: Power Resource [WRST] (on)
[    0.104443] ACPI: Power Resource [WRST] (on)
[    0.104842] ACPI: Power Resource [WRST] (on)
[    0.105245] ACPI: Power Resource [WRST] (on)
[    0.105654] ACPI: Power Resource [WRST] (on)
[    0.106053] ACPI: Power Resource [WRST] (on)
[    0.106455] ACPI: Power Resource [WRST] (on)
[    0.106863] ACPI: Power Resource [WRST] (on)
[    0.107271] ACPI: Power Resource [WRST] (on)
[    0.107685] ACPI: Power Resource [WRST] (on)
[    0.109396] ACPI: Power Resource [V0PR] (on)
[    0.109609] ACPI: Power Resource [V1PR] (on)
[    0.109818] ACPI: Power Resource [V2PR] (on)
[    0.114430] ACPI: Power Resource [WRST] (on)
[    0.116645] acpi_pci_root_add -- functionpoint
[    0.117036] ACPI: PCI Root Bridge [PCI0] (domain 0000 [bus 00-3e])
[    0.117039] ACPI: functionpoint -- PCI Root Bridge [PCI0] (domain 0000 [bus 00-3e])
[    0.117046] acpi PNP0A08:00: _OSC: OS supports [ExtendedConfig ASPM ClockPM Segments MSI]
[    0.120436] acpi PNP0A08:00: _OSC: OS now controls [PCIeHotplug PME AER PCIeCapability]
[    0.120437] acpi PNP0A08:00: FADT indicates ASPM is unsupported, using BIOS configuration
[    0.120451] pci_acpi_scan_root -- functionpoint
[    0.120452] pci_find_bus -- functionpoint
[    0.120454] functionpoint -- domain_num = 0, bus_num = 0
[    0.120457] pci_find_next_bus -- functionpoint
[    0.120457] not found bus -- functionpoint
[    0.120471] acpi_pci_root_create -- functionpoint
[    0.120854] pci_create_root_bus -- functionpoint
[    0.120857] pci_alloc_host_bridge -- functionpoint
[    0.120858] pci_register_host_bridge -- functionpoint
[    0.120860] pci_find_bus -- functionpoint
[    0.120861] functionpoint -- domain_num = 0, bus_num = 0
[    0.120864] pci_find_next_bus -- functionpoint
[    0.120864] not found bus -- functionpoint
[    0.121929] pci_bus_read_dev_vendor_id -- functionpoint
[    0.121943] pci_bus_read_dev_vendor_id -- functionpoint
[    0.121957] pci_bus_read_dev_vendor_id -- functionpoint
[    0.121969] pci_bus_read_dev_vendor_id -- functionpoint
[    0.121980] pci_bus_read_dev_vendor_id -- functionpoint
[    0.121994] pci_bus_read_dev_vendor_id -- functionpoint
[    0.122002] pci_bus_read_dev_vendor_id -- functionpoint
[    0.122015] pci_bus_read_dev_vendor_id -- functionpoint
[    0.122028] pci_bus_read_dev_vendor_id -- functionpoint
[    0.122033] pci_bus_read_dev_vendor_id -- functionpoint
[    0.122044] pci_bus_read_dev_vendor_id -- functionpoint
[    0.122093] pci_bus_read_dev_vendor_id -- functionpoint
[    0.122143] pci_bus_read_dev_vendor_id -- functionpoint
[    0.122193] pci_bus_read_dev_vendor_id -- functionpoint
[    0.122245] pci_bus_read_dev_vendor_id -- functionpoint
[    0.122295] pci_bus_read_dev_vendor_id -- functionpoint
[    0.122345] pci_bus_read_dev_vendor_id -- functionpoint
[    0.122397] pci_bus_read_dev_vendor_id -- functionpoint
[    0.122446] pci_bus_read_dev_vendor_id -- functionpoint
[    0.122500] pci_bus_read_dev_vendor_id -- functionpoint
[    0.122552] pci_bus_read_dev_vendor_id -- functionpoint
[    0.122605] pci_bus_read_dev_vendor_id -- functionpoint
[    0.122658] pci_bus_read_dev_vendor_id -- functionpoint
[    0.122710] pci_bus_read_dev_vendor_id -- functionpoint
[    0.122763] pci_bus_read_dev_vendor_id -- functionpoint
[    0.122815] pci_bus_read_dev_vendor_id -- functionpoint
[    0.122868] pci_bus_read_dev_vendor_id -- functionpoint
[    0.122922] pci_bus_read_dev_vendor_id -- functionpoint
[    0.122974] pci_bus_read_dev_vendor_id -- functionpoint
[    0.123027] pci_bus_read_dev_vendor_id -- functionpoint
[    0.123080] pci_bus_read_dev_vendor_id -- functionpoint
[    0.123133] pci_bus_read_dev_vendor_id -- functionpoint
[    0.123182] pci_bus_read_dev_vendor_id -- functionpoint
[    0.123235] pci_bus_read_dev_vendor_id -- functionpoint
[    0.123288] pci_bus_read_dev_vendor_id -- functionpoint
[    0.123304] pci_bus_read_dev_vendor_id -- functionpoint
[    0.123321] pci_bus_read_dev_vendor_id -- functionpoint
[    0.123336] pci_bus_read_dev_vendor_id -- functionpoint
[    0.123347] pci_bus_read_dev_vendor_id -- functionpoint
[    0.123359] pci_bus_read_dev_vendor_id -- functionpoint
[    0.123364] pci_bus_read_dev_vendor_id -- functionpoint
[    0.123370] pci_bus_read_dev_vendor_id -- functionpoint
[    0.123378] PCI host bridge to bus 0000:00
[    0.123381] pci_bus 0000:00: root bus resource [io  0x0000-0x0cf7 window]
[    0.123382] pci_bus 0000:00: root bus resource [io  0x0d00-0xffff window]
[    0.123384] pci_bus 0000:00: root bus resource [mem 0x000a0000-0x000bffff window]
[    0.123385] pci_bus 0000:00: root bus resource [mem 0xd4800000-0xf7ffffff window]
[    0.123386] pci_bus 0000:00: root bus resource [mem 0x4000000000-0x7fffffffff window]
[    0.123387] pci_bus 0000:00: root bus resource [mem 0xfc800000-0xfe7fffff window]
[    0.123388] pci_bus 0000:00: root bus resource [bus 00-3e]
[    0.123389] pci_scan_child_bus_extend -- functionpoint
[    0.123390] pci_bus 0000:00: functionpoint -- scanning bus
[    0.123392] pci_scan_slot -- functionpoint
[    0.123393] pci_scan_single_device -- functionpoint
[    0.123394] pci_get_slot -- functionpoint
[    0.123396] pci_scan_device -- functionpoint
[    0.123397] pci_bus_read_dev_vendor_id -- functionpoint
[    0.123399] functionpoint -- dev_vendor: 8086, dev_device: 3e30
[    0.123402] pci_setup_device -- functionpoint
[    0.123407] pci 0000:00:00.0: [8086:3e30] type 00 class 0x060000
[    0.123410] pci 0000:00:00.0: functionpoint -- [8086:3e30] type 00 class 0x060000
[    0.123424] switch case PCI_HEADER_TYPE_NORMAL -- functionpoint
[    0.123436] pci_device_add -- functionpoint
[    0.124451] functionpoint -- fn = 0, devfn = 0, fn+devfn = 0
[    0.124453] next_fn -- functionpoint
[    0.124454] pci_scan_slot -- functionpoint
[    0.124455] pci_scan_single_device -- functionpoint
[    0.124456] pci_get_slot -- functionpoint
[    0.124458] pci_scan_device -- functionpoint
[    0.124459] pci_bus_read_dev_vendor_id -- functionpoint
[    0.124468] functionpoint -- fn = 0, devfn = 8, fn+devfn = 8
[    0.124471] pci_scan_slot -- functionpoint
[    0.124471] pci_scan_single_device -- functionpoint
[    0.124472] pci_get_slot -- functionpoint
[    0.124474] pci_scan_device -- functionpoint
[    0.124475] pci_bus_read_dev_vendor_id -- functionpoint
[    0.124477] functionpoint -- dev_vendor: 8086, dev_device: 3e98
[    0.124480] pci_setup_device -- functionpoint
[    0.124485] pci 0000:00:02.0: [8086:3e98] type 00 class 0x030000
[    0.124487] pci 0000:00:02.0: functionpoint -- [8086:3e98] type 00 class 0x030000
[    0.124492] switch case PCI_HEADER_TYPE_NORMAL -- functionpoint
[    0.124498] pci 0000:00:02.0: reg 0x10: [mem 0xf0000000-0xf0ffffff 64bit]
[    0.124504] pci 0000:00:02.0: reg 0x18: [mem 0xe0000000-0xefffffff 64bit pref]
[    0.124508] pci 0000:00:02.0: reg 0x20: [io  0x4000-0x403f]
[    0.124513] pci_device_add -- functionpoint
[    0.124520] pci 0000:00:02.0: BAR 2: assigned to efifb
[    0.125556] functionpoint -- fn = 0, devfn = 16, fn+devfn = 16
[    0.125558] next_fn -- functionpoint
[    0.125558] pci_scan_slot -- functionpoint
[    0.125560] pci_scan_single_device -- functionpoint
[    0.125561] pci_get_slot -- functionpoint
[    0.125562] pci_scan_device -- functionpoint
[    0.125564] pci_bus_read_dev_vendor_id -- functionpoint
[    0.125572] functionpoint -- fn = 0, devfn = 24, fn+devfn = 24
[    0.125575] pci_scan_slot -- functionpoint
[    0.125575] pci_scan_single_device -- functionpoint
[    0.125576] pci_get_slot -- functionpoint
[    0.125578] pci_scan_device -- functionpoint
[    0.125579] pci_bus_read_dev_vendor_id -- functionpoint
[    0.125587] functionpoint -- fn = 0, devfn = 32, fn+devfn = 32
[    0.125589] pci_scan_slot -- functionpoint
[    0.125590] pci_scan_single_device -- functionpoint
[    0.125591] pci_get_slot -- functionpoint
[    0.125592] pci_scan_device -- functionpoint
[    0.125594] pci_bus_read_dev_vendor_id -- functionpoint
[    0.125601] functionpoint -- fn = 0, devfn = 40, fn+devfn = 40
[    0.125604] pci_scan_slot -- functionpoint
[    0.125604] pci_scan_single_device -- functionpoint
[    0.125605] pci_get_slot -- functionpoint
[    0.125607] pci_scan_device -- functionpoint
[    0.125608] pci_bus_read_dev_vendor_id -- functionpoint
[    0.125615] functionpoint -- fn = 0, devfn = 48, fn+devfn = 48
[    0.125618] pci_scan_slot -- functionpoint
[    0.125618] pci_scan_single_device -- functionpoint
[    0.125620] pci_get_slot -- functionpoint
[    0.125621] pci_scan_device -- functionpoint
[    0.125622] pci_bus_read_dev_vendor_id -- functionpoint
[    0.125630] functionpoint -- fn = 0, devfn = 56, fn+devfn = 56
[    0.125632] pci_scan_slot -- functionpoint
[    0.125633] pci_scan_single_device -- functionpoint
[    0.125634] pci_get_slot -- functionpoint
[    0.125635] pci_scan_device -- functionpoint
[    0.125637] pci_bus_read_dev_vendor_id -- functionpoint
[    0.125644] functionpoint -- fn = 0, devfn = 64, fn+devfn = 64
[    0.125647] pci_scan_slot -- functionpoint
[    0.125647] pci_scan_single_device -- functionpoint
[    0.125648] pci_get_slot -- functionpoint
[    0.125650] pci_scan_device -- functionpoint
[    0.125651] pci_bus_read_dev_vendor_id -- functionpoint
[    0.125659] functionpoint -- fn = 0, devfn = 72, fn+devfn = 72
[    0.125661] pci_scan_slot -- functionpoint
[    0.125661] pci_scan_single_device -- functionpoint
[    0.125663] pci_get_slot -- functionpoint
[    0.125664] pci_scan_device -- functionpoint
[    0.125665] pci_bus_read_dev_vendor_id -- functionpoint
[    0.125674] functionpoint -- fn = 0, devfn = 80, fn+devfn = 80
[    0.125676] pci_scan_slot -- functionpoint
[    0.125677] pci_scan_single_device -- functionpoint
[    0.125678] pci_get_slot -- functionpoint
[    0.125679] pci_scan_device -- functionpoint
[    0.125680] pci_bus_read_dev_vendor_id -- functionpoint
[    0.125688] functionpoint -- fn = 0, devfn = 88, fn+devfn = 88
[    0.125691] pci_scan_slot -- functionpoint
[    0.125691] pci_scan_single_device -- functionpoint
[    0.125692] pci_get_slot -- functionpoint
[    0.125694] pci_scan_device -- functionpoint
[    0.125695] pci_bus_read_dev_vendor_id -- functionpoint
[    0.125703] functionpoint -- fn = 0, devfn = 96, fn+devfn = 96
[    0.125706] pci_scan_slot -- functionpoint
[    0.125706] pci_scan_single_device -- functionpoint
[    0.125708] pci_get_slot -- functionpoint
[    0.125709] pci_scan_device -- functionpoint
[    0.125710] pci_bus_read_dev_vendor_id -- functionpoint
[    0.125729] functionpoint -- fn = 0, devfn = 104, fn+devfn = 104
[    0.125731] pci_scan_slot -- functionpoint
[    0.125732] pci_scan_single_device -- functionpoint
[    0.125733] pci_get_slot -- functionpoint
[    0.125734] pci_scan_device -- functionpoint
[    0.125736] pci_bus_read_dev_vendor_id -- functionpoint
[    0.125753] functionpoint -- fn = 0, devfn = 112, fn+devfn = 112
[    0.125755] pci_scan_slot -- functionpoint
[    0.125756] pci_scan_single_device -- functionpoint
[    0.125757] pci_get_slot -- functionpoint
[    0.125758] pci_scan_device -- functionpoint
[    0.125760] pci_bus_read_dev_vendor_id -- functionpoint
[    0.125767] functionpoint -- fn = 0, devfn = 120, fn+devfn = 120
[    0.125770] pci_scan_slot -- functionpoint
[    0.125770] pci_scan_single_device -- functionpoint
[    0.125771] pci_get_slot -- functionpoint
[    0.125773] pci_scan_device -- functionpoint
[    0.125774] pci_bus_read_dev_vendor_id -- functionpoint
[    0.125783] functionpoint -- fn = 0, devfn = 128, fn+devfn = 128
[    0.125785] pci_scan_slot -- functionpoint
[    0.125785] pci_scan_single_device -- functionpoint
[    0.125787] pci_get_slot -- functionpoint
[    0.125788] pci_scan_device -- functionpoint
[    0.125789] pci_bus_read_dev_vendor_id -- functionpoint
[    0.125797] functionpoint -- fn = 0, devfn = 136, fn+devfn = 136
[    0.125799] pci_scan_slot -- functionpoint
[    0.125800] pci_scan_single_device -- functionpoint
[    0.125801] pci_get_slot -- functionpoint
[    0.125802] pci_scan_device -- functionpoint
[    0.125804] pci_bus_read_dev_vendor_id -- functionpoint
[    0.125807] functionpoint -- dev_vendor: 8086, dev_device: a379
[    0.125810] pci_setup_device -- functionpoint
[    0.125821] pci 0000:00:12.0: [8086:a379] type 00 class 0x118000
[    0.125823] pci 0000:00:12.0: functionpoint -- [8086:a379] type 00 class 0x118000
[    0.125833] switch case PCI_HEADER_TYPE_NORMAL -- functionpoint
[    0.125849] pci 0000:00:12.0: reg 0x10: [mem 0x4000107000-0x4000107fff 64bit]
[    0.125883] pci_device_add -- functionpoint
[    0.126916] functionpoint -- fn = 0, devfn = 144, fn+devfn = 144
[    0.126919] next_fn -- functionpoint
[    0.126919] pci_scan_single_device -- functionpoint
[    0.126921] pci_get_slot -- functionpoint
[    0.126922] pci_scan_device -- functionpoint
[    0.126923] pci_bus_read_dev_vendor_id -- functionpoint
[    0.126932] functionpoint -- fn = 1, devfn = 144, fn+devfn = 145
[    0.126934] next_fn -- functionpoint
[    0.126935] pci_scan_single_device -- functionpoint
[    0.126936] pci_get_slot -- functionpoint
[    0.126937] pci_scan_device -- functionpoint
[    0.126938] pci_bus_read_dev_vendor_id -- functionpoint
[    0.126947] functionpoint -- fn = 2, devfn = 144, fn+devfn = 146
[    0.126949] next_fn -- functionpoint
[    0.126950] pci_scan_single_device -- functionpoint
[    0.126951] pci_get_slot -- functionpoint
[    0.126952] pci_scan_device -- functionpoint
[    0.126954] pci_bus_read_dev_vendor_id -- functionpoint
[    0.126972] functionpoint -- fn = 3, devfn = 144, fn+devfn = 147
[    0.126975] next_fn -- functionpoint
[    0.126975] pci_scan_single_device -- functionpoint
[    0.126976] pci_get_slot -- functionpoint
[    0.126978] pci_scan_device -- functionpoint
[    0.126979] pci_bus_read_dev_vendor_id -- functionpoint
[    0.126997] functionpoint -- fn = 4, devfn = 144, fn+devfn = 148
[    0.127000] next_fn -- functionpoint
[    0.127000] pci_scan_single_device -- functionpoint
[    0.127001] pci_get_slot -- functionpoint
[    0.127003] pci_scan_device -- functionpoint
[    0.127004] pci_bus_read_dev_vendor_id -- functionpoint
[    0.127012] functionpoint -- fn = 5, devfn = 144, fn+devfn = 149
[    0.127014] next_fn -- functionpoint
[    0.127015] pci_scan_single_device -- functionpoint
[    0.127016] pci_get_slot -- functionpoint
[    0.127017] pci_scan_device -- functionpoint
[    0.127018] pci_bus_read_dev_vendor_id -- functionpoint
[    0.127021] functionpoint -- fn = 6, devfn = 144, fn+devfn = 150
[    0.127024] next_fn -- functionpoint
[    0.127024] pci_scan_single_device -- functionpoint
[    0.127026] pci_get_slot -- functionpoint
[    0.127027] pci_scan_device -- functionpoint
[    0.127028] pci_bus_read_dev_vendor_id -- functionpoint
[    0.127046] functionpoint -- fn = 7, devfn = 144, fn+devfn = 151
[    0.127049] next_fn -- functionpoint
[    0.127049] pci_scan_slot -- functionpoint
[    0.127051] pci_scan_single_device -- functionpoint
[    0.127052] pci_get_slot -- functionpoint
[    0.127053] pci_scan_device -- functionpoint
[    0.127055] pci_bus_read_dev_vendor_id -- functionpoint
[    0.127058] functionpoint -- fn = 0, devfn = 152, fn+devfn = 152
[    0.127060] pci_scan_slot -- functionpoint
[    0.127060] pci_scan_single_device -- functionpoint
[    0.127062] pci_get_slot -- functionpoint
[    0.127063] pci_scan_device -- functionpoint
[    0.127064] pci_bus_read_dev_vendor_id -- functionpoint
[    0.127067] functionpoint -- dev_vendor: 8086, dev_device: a36d
[    0.127070] pci_setup_device -- functionpoint
[    0.127081] pci 0000:00:14.0: [8086:a36d] type 00 class 0x0c0330
[    0.127083] pci 0000:00:14.0: functionpoint -- [8086:a36d] type 00 class 0x0c0330
[    0.127092] switch case PCI_HEADER_TYPE_NORMAL -- functionpoint
[    0.127112] pci 0000:00:14.0: reg 0x10: [mem 0xf1220000-0xf122ffff 64bit]
[    0.127151] pci_device_add -- functionpoint
[    0.127184] pci 0000:00:14.0: PME# supported from D3hot D3cold
[    0.128262] functionpoint -- fn = 0, devfn = 160, fn+devfn = 160
[    0.128264] next_fn -- functionpoint
[    0.128264] pci_scan_single_device -- functionpoint
[    0.128266] pci_get_slot -- functionpoint
[    0.128267] pci_scan_device -- functionpoint
[    0.128269] pci_bus_read_dev_vendor_id -- functionpoint
[    0.128280] functionpoint -- fn = 1, devfn = 160, fn+devfn = 161
[    0.128283] next_fn -- functionpoint
[    0.128283] pci_scan_single_device -- functionpoint
[    0.128284] pci_get_slot -- functionpoint
[    0.128286] pci_scan_device -- functionpoint
[    0.128287] pci_bus_read_dev_vendor_id -- functionpoint
[    0.128300] functionpoint -- dev_vendor: 8086, dev_device: a36f
[    0.128303] pci_setup_device -- functionpoint
[    0.128313] pci 0000:00:14.2: [8086:a36f] type 00 class 0x050000
[    0.128315] pci 0000:00:14.2: functionpoint -- [8086:a36f] type 00 class 0x050000
[    0.128327] switch case PCI_HEADER_TYPE_NORMAL -- functionpoint
[    0.128343] pci 0000:00:14.2: reg 0x10: [mem 0xf1232000-0xf1233fff 64bit]
[    0.128359] pci 0000:00:14.2: reg 0x18: [mem 0x4000106000-0x4000106fff 64bit]
[    0.128384] pci_device_add -- functionpoint
[    0.129420] functionpoint -- fn = 2, devfn = 160, fn+devfn = 162
[    0.129423] next_fn -- functionpoint
[    0.129424] pci_scan_single_device -- functionpoint
[    0.129425] pci_get_slot -- functionpoint
[    0.129426] pci_scan_device -- functionpoint
[    0.129428] pci_bus_read_dev_vendor_id -- functionpoint
[    0.129433] functionpoint -- fn = 3, devfn = 160, fn+devfn = 163
[    0.129436] next_fn -- functionpoint
[    0.129436] pci_scan_single_device -- functionpoint
[    0.129437] pci_get_slot -- functionpoint
[    0.129439] pci_scan_device -- functionpoint
[    0.129440] pci_bus_read_dev_vendor_id -- functionpoint
[    0.129448] functionpoint -- fn = 4, devfn = 160, fn+devfn = 164
[    0.129450] next_fn -- functionpoint
[    0.129451] pci_scan_single_device -- functionpoint
[    0.129452] pci_get_slot -- functionpoint
[    0.129453] pci_scan_device -- functionpoint
[    0.129455] pci_bus_read_dev_vendor_id -- functionpoint
[    0.129463] functionpoint -- fn = 5, devfn = 160, fn+devfn = 165
[    0.129465] next_fn -- functionpoint
[    0.129465] pci_scan_single_device -- functionpoint
[    0.129467] pci_get_slot -- functionpoint
[    0.129468] pci_scan_device -- functionpoint
[    0.129469] pci_bus_read_dev_vendor_id -- functionpoint
[    0.129477] functionpoint -- fn = 6, devfn = 160, fn+devfn = 166
[    0.129480] next_fn -- functionpoint
[    0.129480] pci_scan_single_device -- functionpoint
[    0.129481] pci_get_slot -- functionpoint
[    0.129483] pci_scan_device -- functionpoint
[    0.129484] pci_bus_read_dev_vendor_id -- functionpoint
[    0.129492] functionpoint -- fn = 7, devfn = 160, fn+devfn = 167
[    0.129495] next_fn -- functionpoint
[    0.129495] pci_scan_slot -- functionpoint
[    0.129496] pci_scan_single_device -- functionpoint
[    0.129498] pci_get_slot -- functionpoint
[    0.129499] pci_scan_device -- functionpoint
[    0.129500] pci_bus_read_dev_vendor_id -- functionpoint
[    0.129512] functionpoint -- fn = 0, devfn = 168, fn+devfn = 168
[    0.129514] pci_scan_slot -- functionpoint
[    0.129514] pci_scan_single_device -- functionpoint
[    0.129516] pci_get_slot -- functionpoint
[    0.129517] pci_scan_device -- functionpoint
[    0.129518] pci_bus_read_dev_vendor_id -- functionpoint
[    0.129554] functionpoint -- dev_vendor: 8086, dev_device: a360
[    0.129556] pci_setup_device -- functionpoint
[    0.129569] pci 0000:00:16.0: [8086:a360] type 00 class 0x078000
[    0.129571] pci 0000:00:16.0: functionpoint -- [8086:a360] type 00 class 0x078000
[    0.129586] switch case PCI_HEADER_TYPE_NORMAL -- functionpoint
[    0.129604] pci 0000:00:16.0: reg 0x10: [mem 0x4000105000-0x4000105fff 64bit]
[    0.129644] pci_device_add -- functionpoint
[    0.129694] pci 0000:00:16.0: PME# supported from D3hot
[    0.130763] functionpoint -- fn = 0, devfn = 176, fn+devfn = 176
[    0.130765] next_fn -- functionpoint
[    0.130765] pci_scan_single_device -- functionpoint
[    0.130767] pci_get_slot -- functionpoint
[    0.130768] pci_scan_device -- functionpoint
[    0.130769] pci_bus_read_dev_vendor_id -- functionpoint
[    0.130781] functionpoint -- fn = 1, devfn = 176, fn+devfn = 177
[    0.130783] next_fn -- functionpoint
[    0.130784] pci_scan_single_device -- functionpoint
[    0.130785] pci_get_slot -- functionpoint
[    0.130786] pci_scan_device -- functionpoint
[    0.130788] pci_bus_read_dev_vendor_id -- functionpoint
[    0.130806] functionpoint -- fn = 2, devfn = 176, fn+devfn = 178
[    0.130808] next_fn -- functionpoint
[    0.130809] pci_scan_single_device -- functionpoint
[    0.130810] pci_get_slot -- functionpoint
[    0.130811] pci_scan_device -- functionpoint
[    0.130812] pci_bus_read_dev_vendor_id -- functionpoint
[    0.130824] functionpoint -- dev_vendor: 8086, dev_device: a363
[    0.130827] pci_setup_device -- functionpoint
[    0.130838] pci 0000:00:16.3: [8086:a363] type 00 class 0x070002
[    0.130840] pci 0000:00:16.3: functionpoint -- [8086:a363] type 00 class 0x070002
[    0.130854] switch case PCI_HEADER_TYPE_NORMAL -- functionpoint
[    0.130865] pci 0000:00:16.3: reg 0x10: [io  0x4088-0x408f]
[    0.130875] pci 0000:00:16.3: reg 0x14: [mem 0xf1237000-0xf1237fff]
[    0.130915] pci_device_add -- functionpoint
[    0.131959] functionpoint -- fn = 3, devfn = 176, fn+devfn = 179
[    0.131962] next_fn -- functionpoint
[    0.131962] pci_scan_single_device -- functionpoint
[    0.131964] pci_get_slot -- functionpoint
[    0.131965] pci_scan_device -- functionpoint
[    0.131966] pci_bus_read_dev_vendor_id -- functionpoint
[    0.131978] functionpoint -- fn = 4, devfn = 176, fn+devfn = 180
[    0.131980] next_fn -- functionpoint
[    0.131980] pci_scan_single_device -- functionpoint
[    0.131982] pci_get_slot -- functionpoint
[    0.131983] pci_scan_device -- functionpoint
[    0.131984] pci_bus_read_dev_vendor_id -- functionpoint
[    0.132001] functionpoint -- fn = 5, devfn = 176, fn+devfn = 181
[    0.132004] next_fn -- functionpoint
[    0.132004] pci_scan_single_device -- functionpoint
[    0.132005] pci_get_slot -- functionpoint
[    0.132007] pci_scan_device -- functionpoint
[    0.132008] pci_bus_read_dev_vendor_id -- functionpoint
[    0.132023] functionpoint -- fn = 6, devfn = 176, fn+devfn = 182
[    0.132026] next_fn -- functionpoint
[    0.132026] pci_scan_single_device -- functionpoint
[    0.132028] pci_get_slot -- functionpoint
[    0.132029] pci_scan_device -- functionpoint
[    0.132030] pci_bus_read_dev_vendor_id -- functionpoint
[    0.132047] functionpoint -- fn = 7, devfn = 176, fn+devfn = 183
[    0.132049] next_fn -- functionpoint
[    0.132050] pci_scan_slot -- functionpoint
[    0.132051] pci_scan_single_device -- functionpoint
[    0.132052] pci_get_slot -- functionpoint
[    0.132054] pci_scan_device -- functionpoint
[    0.132055] pci_bus_read_dev_vendor_id -- functionpoint
[    0.132068] functionpoint -- dev_vendor: 8086, dev_device: a352
[    0.132071] pci_setup_device -- functionpoint
[    0.132083] pci 0000:00:17.0: [8086:a352] type 00 class 0x010601
[    0.132086] pci 0000:00:17.0: functionpoint -- [8086:a352] type 00 class 0x010601
[    0.132100] switch case PCI_HEADER_TYPE_NORMAL -- functionpoint
[    0.132115] pci 0000:00:17.0: reg 0x10: [mem 0xf1230000-0xf1231fff]
[    0.132126] pci 0000:00:17.0: reg 0x14: [mem 0xf1236000-0xf12360ff]
[    0.132138] pci 0000:00:17.0: reg 0x18: [io  0x4080-0x4087]
[    0.132149] pci 0000:00:17.0: reg 0x1c: [io  0x4090-0x4093]
[    0.132160] pci 0000:00:17.0: reg 0x20: [io  0x4060-0x407f]
[    0.132171] pci 0000:00:17.0: reg 0x24: [mem 0xf1235000-0xf12357ff]
[    0.132184] pci_device_add -- functionpoint
[    0.132234] pci 0000:00:17.0: PME# supported from D3hot
[    0.133327] functionpoint -- fn = 0, devfn = 184, fn+devfn = 184
[    0.133329] next_fn -- functionpoint
[    0.133330] pci_scan_slot -- functionpoint
[    0.133331] pci_scan_single_device -- functionpoint
[    0.133332] pci_get_slot -- functionpoint
[    0.133334] pci_scan_device -- functionpoint
[    0.133335] pci_bus_read_dev_vendor_id -- functionpoint
[    0.133346] functionpoint -- fn = 0, devfn = 192, fn+devfn = 192
[    0.133349] pci_scan_slot -- functionpoint
[    0.133349] pci_scan_single_device -- functionpoint
[    0.133351] pci_get_slot -- functionpoint
[    0.133352] pci_scan_device -- functionpoint
[    0.133354] pci_bus_read_dev_vendor_id -- functionpoint
[    0.133372] functionpoint -- fn = 0, devfn = 200, fn+devfn = 200
[    0.133374] pci_scan_slot -- functionpoint
[    0.133375] pci_scan_single_device -- functionpoint
[    0.133376] pci_get_slot -- functionpoint
[    0.133377] pci_scan_device -- functionpoint
[    0.133379] pci_bus_read_dev_vendor_id -- functionpoint
[    0.133395] functionpoint -- fn = 0, devfn = 208, fn+devfn = 208
[    0.133398] pci_scan_slot -- functionpoint
[    0.133398] pci_scan_single_device -- functionpoint
[    0.133400] pci_get_slot -- functionpoint
[    0.133401] pci_scan_device -- functionpoint
[    0.133402] pci_bus_read_dev_vendor_id -- functionpoint
[    0.133412] functionpoint -- dev_vendor: 8086, dev_device: a32c
[    0.133414] pci_setup_device -- functionpoint
[    0.133427] pci 0000:00:1b.0: [8086:a32c] type 01 class 0x060400
[    0.133429] pci 0000:00:1b.0: functionpoint -- [8086:a32c] type 01 class 0x060400
[    0.133448] switch case PCI_HEADER_TYPE_BRIDGE -- functionpoint
[    0.133493] pci_device_add -- functionpoint
[    0.133574] pci 0000:00:1b.0: PME# supported from D0 D3hot D3cold
[    0.133611] pci 0000:00:1b.0: PTM enabled (root), 4dns granularity
[    0.134697] functionpoint -- fn = 0, devfn = 216, fn+devfn = 216
[    0.134699] next_fn -- functionpoint
[    0.134699] pci_scan_single_device -- functionpoint
[    0.134701] pci_get_slot -- functionpoint
[    0.134702] pci_scan_device -- functionpoint
[    0.134704] pci_bus_read_dev_vendor_id -- functionpoint
[    0.134715] functionpoint -- fn = 1, devfn = 216, fn+devfn = 217
[    0.134718] next_fn -- functionpoint
[    0.134718] pci_scan_single_device -- functionpoint
[    0.134719] pci_get_slot -- functionpoint
[    0.134721] pci_scan_device -- functionpoint
[    0.134722] pci_bus_read_dev_vendor_id -- functionpoint
[    0.134738] functionpoint -- fn = 2, devfn = 216, fn+devfn = 218
[    0.134741] next_fn -- functionpoint
[    0.134741] pci_scan_single_device -- functionpoint
[    0.134743] pci_get_slot -- functionpoint
[    0.134744] pci_scan_device -- functionpoint
[    0.134745] pci_bus_read_dev_vendor_id -- functionpoint
[    0.134764] functionpoint -- fn = 3, devfn = 216, fn+devfn = 219
[    0.134766] next_fn -- functionpoint
[    0.134767] pci_scan_single_device -- functionpoint
[    0.134768] pci_get_slot -- functionpoint
[    0.134769] pci_scan_device -- functionpoint
[    0.134770] pci_bus_read_dev_vendor_id -- functionpoint
[    0.134789] functionpoint -- fn = 4, devfn = 216, fn+devfn = 220
[    0.134791] next_fn -- functionpoint
[    0.134791] pci_scan_single_device -- functionpoint
[    0.134793] pci_get_slot -- functionpoint
[    0.134794] pci_scan_device -- functionpoint
[    0.134795] pci_bus_read_dev_vendor_id -- functionpoint
[    0.134814] functionpoint -- fn = 5, devfn = 216, fn+devfn = 221
[    0.134816] next_fn -- functionpoint
[    0.134816] pci_scan_single_device -- functionpoint
[    0.134818] pci_get_slot -- functionpoint
[    0.134819] pci_scan_device -- functionpoint
[    0.134820] pci_bus_read_dev_vendor_id -- functionpoint
[    0.134839] functionpoint -- fn = 6, devfn = 216, fn+devfn = 222
[    0.134841] next_fn -- functionpoint
[    0.134841] pci_scan_single_device -- functionpoint
[    0.134843] pci_get_slot -- functionpoint
[    0.134844] pci_scan_device -- functionpoint
[    0.134845] pci_bus_read_dev_vendor_id -- functionpoint
[    0.134864] functionpoint -- fn = 7, devfn = 216, fn+devfn = 223
[    0.134866] next_fn -- functionpoint
[    0.134867] pci_scan_slot -- functionpoint
[    0.134868] pci_scan_single_device -- functionpoint
[    0.134869] pci_get_slot -- functionpoint
[    0.134871] pci_scan_device -- functionpoint
[    0.134872] pci_bus_read_dev_vendor_id -- functionpoint
[    0.134880] functionpoint -- dev_vendor: 8086, dev_device: a33e
[    0.134883] pci_setup_device -- functionpoint
[    0.134896] pci 0000:00:1c.0: [8086:a33e] type 01 class 0x060400
[    0.134898] pci 0000:00:1c.0: functionpoint -- [8086:a33e] type 01 class 0x060400
[    0.134918] switch case PCI_HEADER_TYPE_BRIDGE -- functionpoint
[    0.134964] pci_device_add -- functionpoint
[    0.135046] pci 0000:00:1c.0: PME# supported from D0 D3hot D3cold
[    0.135084] pci 0000:00:1c.0: PTM enabled (root), 4dns granularity
[    0.136170] functionpoint -- fn = 0, devfn = 224, fn+devfn = 224
[    0.136172] next_fn -- functionpoint
[    0.136172] pci_scan_single_device -- functionpoint
[    0.136173] pci_get_slot -- functionpoint
[    0.136175] pci_scan_device -- functionpoint
[    0.136176] pci_bus_read_dev_vendor_id -- functionpoint
[    0.136188] functionpoint -- fn = 1, devfn = 224, fn+devfn = 225
[    0.136190] next_fn -- functionpoint
[    0.136191] pci_scan_single_device -- functionpoint
[    0.136192] pci_get_slot -- functionpoint
[    0.136193] pci_scan_device -- functionpoint
[    0.136195] pci_bus_read_dev_vendor_id -- functionpoint
[    0.136213] functionpoint -- fn = 2, devfn = 224, fn+devfn = 226
[    0.136216] next_fn -- functionpoint
[    0.136216] pci_scan_single_device -- functionpoint
[    0.136217] pci_get_slot -- functionpoint
[    0.136219] pci_scan_device -- functionpoint
[    0.136220] pci_bus_read_dev_vendor_id -- functionpoint
[    0.136238] functionpoint -- fn = 3, devfn = 224, fn+devfn = 227
[    0.136240] next_fn -- functionpoint
[    0.136241] pci_scan_single_device -- functionpoint
[    0.136242] pci_get_slot -- functionpoint
[    0.136243] pci_scan_device -- functionpoint
[    0.136245] pci_bus_read_dev_vendor_id -- functionpoint
[    0.136262] functionpoint -- fn = 4, devfn = 224, fn+devfn = 228
[    0.136264] next_fn -- functionpoint
[    0.136264] pci_scan_single_device -- functionpoint
[    0.136266] pci_get_slot -- functionpoint
[    0.136267] pci_scan_device -- functionpoint
[    0.136268] pci_bus_read_dev_vendor_id -- functionpoint
[    0.136287] functionpoint -- fn = 5, devfn = 224, fn+devfn = 229
[    0.136290] next_fn -- functionpoint
[    0.136290] pci_scan_single_device -- functionpoint
[    0.136291] pci_get_slot -- functionpoint
[    0.136293] pci_scan_device -- functionpoint
[    0.136294] pci_bus_read_dev_vendor_id -- functionpoint
[    0.136312] functionpoint -- fn = 6, devfn = 224, fn+devfn = 230
[    0.136315] next_fn -- functionpoint
[    0.136315] pci_scan_single_device -- functionpoint
[    0.136316] pci_get_slot -- functionpoint
[    0.136318] pci_scan_device -- functionpoint
[    0.136319] pci_bus_read_dev_vendor_id -- functionpoint
[    0.136337] functionpoint -- fn = 7, devfn = 224, fn+devfn = 231
[    0.136340] next_fn -- functionpoint
[    0.136340] pci_scan_slot -- functionpoint
[    0.136341] pci_scan_single_device -- functionpoint
[    0.136343] pci_get_slot -- functionpoint
[    0.136344] pci_scan_device -- functionpoint
[    0.136345] pci_bus_read_dev_vendor_id -- functionpoint
[    0.136362] functionpoint -- fn = 0, devfn = 232, fn+devfn = 232
[    0.136365] pci_scan_slot -- functionpoint
[    0.136365] pci_scan_single_device -- functionpoint
[    0.136366] pci_get_slot -- functionpoint
[    0.136368] pci_scan_device -- functionpoint
[    0.136369] pci_bus_read_dev_vendor_id -- functionpoint
[    0.136382] functionpoint -- fn = 0, devfn = 240, fn+devfn = 240
[    0.136384] pci_scan_slot -- functionpoint
[    0.136385] pci_scan_single_device -- functionpoint
[    0.136386] pci_get_slot -- functionpoint
[    0.136387] pci_scan_device -- functionpoint
[    0.136389] pci_bus_read_dev_vendor_id -- functionpoint
[    0.136396] functionpoint -- dev_vendor: 8086, dev_device: a306
[    0.136399] pci_setup_device -- functionpoint
[    0.136406] pci 0000:00:1f.0: [8086:a306] type 00 class 0x060100
[    0.136408] pci 0000:00:1f.0: functionpoint -- [8086:a306] type 00 class 0x060100
[    0.136418] switch case PCI_HEADER_TYPE_NORMAL -- functionpoint
[    0.136494] pci_device_add -- functionpoint
[    0.137539] functionpoint -- fn = 0, devfn = 248, fn+devfn = 248
[    0.137542] next_fn -- functionpoint
[    0.137542] pci_scan_single_device -- functionpoint
[    0.137544] pci_get_slot -- functionpoint
[    0.137545] pci_scan_device -- functionpoint
[    0.137547] pci_bus_read_dev_vendor_id -- functionpoint
[    0.137558] functionpoint -- fn = 1, devfn = 248, fn+devfn = 249
[    0.137560] next_fn -- functionpoint
[    0.137561] pci_scan_single_device -- functionpoint
[    0.137562] pci_get_slot -- functionpoint
[    0.137563] pci_scan_device -- functionpoint
[    0.137565] pci_bus_read_dev_vendor_id -- functionpoint
[    0.137582] functionpoint -- fn = 2, devfn = 248, fn+devfn = 250
[    0.137584] next_fn -- functionpoint
[    0.137585] pci_scan_single_device -- functionpoint
[    0.137586] pci_get_slot -- functionpoint
[    0.137587] pci_scan_device -- functionpoint
[    0.137589] pci_bus_read_dev_vendor_id -- functionpoint
[    0.137602] functionpoint -- dev_vendor: 8086, dev_device: a348
[    0.137604] pci_setup_device -- functionpoint
[    0.137629] pci 0000:00:1f.3: [8086:a348] type 00 class 0x040300
[    0.137632] pci 0000:00:1f.3: functionpoint -- [8086:a348] type 00 class 0x040300
[    0.137665] switch case PCI_HEADER_TYPE_NORMAL -- functionpoint
[    0.137706] pci 0000:00:1f.3: reg 0x10: [mem 0x4000100000-0x4000103fff 64bit]
[    0.137771] pci 0000:00:1f.3: reg 0x20: [mem 0x4000000000-0x40000fffff 64bit]
[    0.137797] pci_device_add -- functionpoint
[    0.137906] pci 0000:00:1f.3: PME# supported from D3hot D3cold
[    0.139052] functionpoint -- fn = 3, devfn = 248, fn+devfn = 251
[    0.139054] next_fn -- functionpoint
[    0.139054] pci_scan_single_device -- functionpoint
[    0.139056] pci_get_slot -- functionpoint
[    0.139057] pci_scan_device -- functionpoint
[    0.139058] pci_bus_read_dev_vendor_id -- functionpoint
[    0.139071] functionpoint -- dev_vendor: 8086, dev_device: a323
[    0.139073] pci_setup_device -- functionpoint
[    0.139094] pci 0000:00:1f.4: [8086:a323] type 00 class 0x0c0500
[    0.139096] pci 0000:00:1f.4: functionpoint -- [8086:a323] type 00 class 0x0c0500
[    0.139121] switch case PCI_HEADER_TYPE_NORMAL -- functionpoint
[    0.139159] pci 0000:00:1f.4: reg 0x10: [mem 0x4000104000-0x40001040ff 64bit]
[    0.139221] pci 0000:00:1f.4: reg 0x20: [io  0xefa0-0xefbf]
[    0.139266] pci_device_add -- functionpoint
[    0.140332] functionpoint -- fn = 4, devfn = 248, fn+devfn = 252
[    0.140335] next_fn -- functionpoint
[    0.140335] pci_scan_single_device -- functionpoint
[    0.140336] pci_get_slot -- functionpoint
[    0.140338] pci_scan_device -- functionpoint
[    0.140339] pci_bus_read_dev_vendor_id -- functionpoint
[    0.140345] functionpoint -- dev_vendor: 8086, dev_device: a324
[    0.140348] pci_setup_device -- functionpoint
[    0.140354] pci 0000:00:1f.5: [8086:a324] type 00 class 0x0c8000
[    0.140357] pci 0000:00:1f.5: functionpoint -- [8086:a324] type 00 class 0x0c8000
[    0.140366] switch case PCI_HEADER_TYPE_NORMAL -- functionpoint
[    0.140379] pci 0000:00:1f.5: reg 0x10: [mem 0xfe010000-0xfe010fff]
[    0.140445] pci_device_add -- functionpoint
[    0.141457] functionpoint -- fn = 5, devfn = 248, fn+devfn = 253
[    0.141459] next_fn -- functionpoint
[    0.141460] pci_scan_single_device -- functionpoint
[    0.141461] pci_get_slot -- functionpoint
[    0.141463] pci_scan_device -- functionpoint
[    0.141464] pci_bus_read_dev_vendor_id -- functionpoint
[    0.141471] functionpoint -- dev_vendor: 8086, dev_device: 15bb
[    0.141473] pci_setup_device -- functionpoint
[    0.141495] pci 0000:00:1f.6: [8086:15bb] type 00 class 0x020000
[    0.141497] pci 0000:00:1f.6: functionpoint -- [8086:15bb] type 00 class 0x020000
[    0.141512] pci_get_slot -- functionpoint
[    0.141525] switch case PCI_HEADER_TYPE_NORMAL -- functionpoint
[    0.141557] pci 0000:00:1f.6: reg 0x10: [mem 0xf1200000-0xf121ffff]
[    0.141705] pci_device_add -- functionpoint
[    0.141796] pci 0000:00:1f.6: PME# supported from D0 D3hot D3cold
[    0.142817] functionpoint -- fn = 6, devfn = 248, fn+devfn = 254
[    0.142819] next_fn -- functionpoint
[    0.142819] pci_scan_single_device -- functionpoint
[    0.142820] pci_get_slot -- functionpoint
[    0.142822] pci_scan_device -- functionpoint
[    0.142823] pci_bus_read_dev_vendor_id -- functionpoint
[    0.142832] functionpoint -- fn = 7, devfn = 248, fn+devfn = 255
[    0.142835] next_fn -- functionpoint
[    0.142835] pci_read_bridge_bases -- functionpoint
[    0.142841] pci_find_bus -- functionpoint
[    0.142843] functionpoint -- domain_num = 0, bus_num = 1
[    0.142845] pci_find_next_bus -- functionpoint
[    0.142846] pci_find_next_bus -- functionpoint
[    0.142847] not found bus -- functionpoint
[    0.142893] pci_bus_read_dev_vendor_id -- functionpoint
[    0.142904] pci_scan_child_bus_extend -- functionpoint
[    0.142906] pci_bus 0000:01: functionpoint -- scanning bus
[    0.142909] pci_scan_slot -- functionpoint
[    0.142909] pci_scan_single_device -- functionpoint
[    0.142910] pci_get_slot -- functionpoint
[    0.142912] pci_scan_device -- functionpoint
[    0.142913] pci_bus_read_dev_vendor_id -- functionpoint
[    0.142916] functionpoint -- dev_vendor: 1c5c, dev_device: 1339
[    0.142919] pci_setup_device -- functionpoint
[    0.142939] pci 0000:01:00.0: [1c5c:1339] type 00 class 0x010802
[    0.142941] pci 0000:01:00.0: functionpoint -- [1c5c:1339] type 00 class 0x010802
[    0.142972] switch case PCI_HEADER_TYPE_NORMAL -- functionpoint
[    0.142998] pci 0000:01:00.0: reg 0x10: [mem 0xf1100000-0xf1103fff 64bit]
[    0.143064] pci_device_add -- functionpoint
[    0.143181] pci 0000:01:00.0: supports D1
[    0.143183] pci 0000:01:00.0: PME# supported from D0 D1 D3hot
[    0.143285] functionpoint -- fn = 0, devfn = 0, fn+devfn = 0
[    0.143287] next_fn -- functionpoint
[    0.152058] pci_scan_slot -- functionpoint
[    0.152059] pci_scan_slot -- functionpoint
[    0.152061] pci_scan_slot -- functionpoint
[    0.152062] pci_scan_slot -- functionpoint
[    0.152063] pci_scan_slot -- functionpoint
[    0.152064] pci_scan_slot -- functionpoint
[    0.152066] pci_scan_slot -- functionpoint
[    0.152067] pci_scan_slot -- functionpoint
[    0.152068] pci_scan_slot -- functionpoint
[    0.152069] pci_scan_slot -- functionpoint
[    0.152071] pci_scan_slot -- functionpoint
[    0.152072] pci_scan_slot -- functionpoint
[    0.152073] pci_scan_slot -- functionpoint
[    0.152075] pci_scan_slot -- functionpoint
[    0.152076] pci_scan_slot -- functionpoint
[    0.152077] pci_scan_slot -- functionpoint
[    0.152078] pci_scan_slot -- functionpoint
[    0.152080] pci_scan_slot -- functionpoint
[    0.152081] pci_scan_slot -- functionpoint
[    0.152082] pci_scan_slot -- functionpoint
[    0.152084] pci_scan_slot -- functionpoint
[    0.152085] pci_scan_slot -- functionpoint
[    0.152086] pci_scan_slot -- functionpoint
[    0.152087] pci_scan_slot -- functionpoint
[    0.152089] pci_scan_slot -- functionpoint
[    0.152090] pci_scan_slot -- functionpoint
[    0.152091] pci_scan_slot -- functionpoint
[    0.152092] pci_scan_slot -- functionpoint
[    0.152094] pci_scan_slot -- functionpoint
[    0.152095] pci_scan_slot -- functionpoint
[    0.152096] pci_scan_slot -- functionpoint
[    0.152098] pci_read_bridge_bases -- functionpoint
[    0.152100] pci 0000:00:1b.0: PCI bridge to [bus 01]
[    0.152108] pci 0000:00:1b.0:   bridge window [mem 0xf1100000-0xf11fffff]
[    0.152115] pci_bus 0000:01: functionpoint -- bus scan returning with max=01
[    0.152125] pci_find_bus -- functionpoint
[    0.152125] functionpoint -- domain_num = 0, bus_num = 2
[    0.152128] pci_find_next_bus -- functionpoint
[    0.152128] pci_find_next_bus -- functionpoint
[    0.152130] not found bus -- functionpoint
[    0.152164] pci_bus_read_dev_vendor_id -- functionpoint
[    0.152177] pci_scan_child_bus_extend -- functionpoint
[    0.152179] pci_bus 0000:02: functionpoint -- scanning bus
[    0.152181] pci_scan_slot -- functionpoint
[    0.152182] pci_scan_single_device -- functionpoint
[    0.152183] pci_get_slot -- functionpoint
[    0.152184] pci_scan_device -- functionpoint
[    0.152186] pci_bus_read_dev_vendor_id -- functionpoint
[    0.152195] functionpoint -- dev_vendor: 1283, dev_device: 8893
[    0.152197] pci_setup_device -- functionpoint
[    0.152234] pci 0000:02:00.0: [1283:8893] type 01 class 0x060401
[    0.152237] pci 0000:02:00.0: functionpoint -- [1283:8893] type 01 class 0x060401
[    0.152288] switch case PCI_HEADER_TYPE_BRIDGE -- functionpoint
[    0.152463] pci_device_add -- functionpoint
[    0.152630] pci 0000:02:00.0: supports D1 D2
[    0.152632] pci 0000:02:00.0: PME# supported from D0 D1 D2 D3hot D3cold
[    0.152747] functionpoint -- fn = 0, devfn = 0, fn+devfn = 0
[    0.152749] next_fn -- functionpoint
[    0.152757] pci_scan_slot -- functionpoint
[    0.152759] pci_scan_slot -- functionpoint
[    0.152760] pci_scan_slot -- functionpoint
[    0.152761] pci_scan_slot -- functionpoint
[    0.152762] pci_scan_slot -- functionpoint
[    0.152764] pci_scan_slot -- functionpoint
[    0.152765] pci_scan_slot -- functionpoint
[    0.152766] pci_scan_slot -- functionpoint
[    0.152768] pci_scan_slot -- functionpoint
[    0.152769] pci_scan_slot -- functionpoint
[    0.152770] pci_scan_slot -- functionpoint
[    0.152772] pci_scan_slot -- functionpoint
[    0.152773] pci_scan_slot -- functionpoint
[    0.152774] pci_scan_slot -- functionpoint
[    0.152775] pci_scan_slot -- functionpoint
[    0.152777] pci_scan_slot -- functionpoint
[    0.152778] pci_scan_slot -- functionpoint
[    0.152779] pci_scan_slot -- functionpoint
[    0.152781] pci_scan_slot -- functionpoint
[    0.152782] pci_scan_slot -- functionpoint
[    0.152783] pci_scan_slot -- functionpoint
[    0.152784] pci_scan_slot -- functionpoint
[    0.152786] pci_scan_slot -- functionpoint
[    0.152787] pci_scan_slot -- functionpoint
[    0.152788] pci_scan_slot -- functionpoint
[    0.152789] pci_scan_slot -- functionpoint
[    0.152791] pci_scan_slot -- functionpoint
[    0.152792] pci_scan_slot -- functionpoint
[    0.152793] pci_scan_slot -- functionpoint
[    0.152795] pci_scan_slot -- functionpoint
[    0.152796] pci_scan_slot -- functionpoint
[    0.152797] pci_read_bridge_bases -- functionpoint
[    0.152799] pci 0000:00:1c.0: PCI bridge to [bus 02-03]
[    0.152803] pci 0000:00:1c.0:   bridge window [io  0x3000-0x3fff]
[    0.152805] pci 0000:00:1c.0:   bridge window [mem 0xf1000000-0xf10fffff]
[    0.152814] pci_find_bus -- functionpoint
[    0.152815] functionpoint -- domain_num = 0, bus_num = 3
[    0.152817] pci_find_next_bus -- functionpoint
[    0.152818] pci_find_next_bus -- functionpoint
[    0.152819] not found bus -- functionpoint
[    0.152861] pci_scan_child_bus_extend -- functionpoint
[    0.152863] pci_bus 0000:03: functionpoint -- scanning bus
[    0.152865] pci_scan_slot -- functionpoint
[    0.152866] pci_scan_single_device -- functionpoint
[    0.152867] pci_get_slot -- functionpoint
[    0.152868] pci_scan_device -- functionpoint
[    0.152870] pci_bus_read_dev_vendor_id -- functionpoint
[    0.152874] functionpoint -- dev_vendor: 1317, dev_device: 985
[    0.152877] pci_setup_device -- functionpoint
[    0.152895] pci 0000:03:00.0: [1317:0985] type 00 class 0x020000
[    0.152897] pci 0000:03:00.0: functionpoint -- [1317:0985] type 00 class 0x020000
[    0.152920] switch case PCI_HEADER_TYPE_NORMAL -- functionpoint
[    0.152943] pci 0000:03:00.0: reg 0x10: [io  0x3000-0x30ff]
[    0.152960] pci 0000:03:00.0: reg 0x14: [mem 0xf1000000-0xf10003ff]
[    0.153037] pci 0000:03:00.0: reg 0x30: [mem 0xfffe0000-0xffffffff pref]
[    0.153044] pci_device_add -- functionpoint
[    0.153110] pci 0000:03:00.0: supports D1 D2
[    0.153112] pci 0000:03:00.0: PME# supported from D0 D1 D2 D3hot D3cold
[    0.153144] functionpoint -- fn = 0, devfn = 0, fn+devfn = 0
[    0.153145] next_fn -- functionpoint
[    0.153146] pci_scan_slot -- functionpoint
[    0.153147] pci_scan_single_device -- functionpoint
[    0.153148] pci_get_slot -- functionpoint
[    0.153150] pci_scan_device -- functionpoint
[    0.153151] pci_bus_read_dev_vendor_id -- functionpoint
[    0.153160] functionpoint -- fn = 0, devfn = 8, fn+devfn = 8
[    0.153162] pci_scan_slot -- functionpoint
[    0.153163] pci_scan_single_device -- functionpoint
[    0.153164] pci_get_slot -- functionpoint
[    0.153166] pci_scan_device -- functionpoint
[    0.153167] pci_bus_read_dev_vendor_id -- functionpoint
[    0.153180] functionpoint -- fn = 0, devfn = 16, fn+devfn = 16
[    0.153182] pci_scan_slot -- functionpoint
[    0.153182] pci_scan_single_device -- functionpoint
[    0.153184] pci_get_slot -- functionpoint
[    0.153185] pci_scan_device -- functionpoint
[    0.153186] pci_bus_read_dev_vendor_id -- functionpoint
[    0.153191] functionpoint -- fn = 0, devfn = 24, fn+devfn = 24
[    0.153194] pci_scan_slot -- functionpoint
[    0.153194] pci_scan_single_device -- functionpoint
[    0.153195] pci_get_slot -- functionpoint
[    0.153197] pci_scan_device -- functionpoint
[    0.153198] pci_bus_read_dev_vendor_id -- functionpoint
[    0.153211] functionpoint -- fn = 0, devfn = 32, fn+devfn = 32
[    0.153213] pci_scan_slot -- functionpoint
[    0.153214] pci_scan_single_device -- functionpoint
[    0.153215] pci_get_slot -- functionpoint
[    0.153216] pci_scan_device -- functionpoint
[    0.153218] pci_bus_read_dev_vendor_id -- functionpoint
[    0.153222] functionpoint -- fn = 0, devfn = 40, fn+devfn = 40
[    0.153225] pci_scan_slot -- functionpoint
[    0.153225] pci_scan_single_device -- functionpoint
[    0.153226] pci_get_slot -- functionpoint
[    0.153228] pci_scan_device -- functionpoint
[    0.153229] pci_bus_read_dev_vendor_id -- functionpoint
[    0.153242] functionpoint -- fn = 0, devfn = 48, fn+devfn = 48
[    0.153244] pci_scan_slot -- functionpoint
[    0.153245] pci_scan_single_device -- functionpoint
[    0.153246] pci_get_slot -- functionpoint
[    0.153247] pci_scan_device -- functionpoint
[    0.153249] pci_bus_read_dev_vendor_id -- functionpoint
[    0.153253] functionpoint -- fn = 0, devfn = 56, fn+devfn = 56
[    0.153256] pci_scan_slot -- functionpoint
[    0.153256] pci_scan_single_device -- functionpoint
[    0.153257] pci_get_slot -- functionpoint
[    0.153259] pci_scan_device -- functionpoint
[    0.153260] pci_bus_read_dev_vendor_id -- functionpoint
[    0.153272] functionpoint -- fn = 0, devfn = 64, fn+devfn = 64
[    0.153274] pci_scan_slot -- functionpoint
[    0.153275] pci_scan_single_device -- functionpoint
[    0.153276] pci_get_slot -- functionpoint
[    0.153277] pci_scan_device -- functionpoint
[    0.153279] pci_bus_read_dev_vendor_id -- functionpoint
[    0.153282] functionpoint -- fn = 0, devfn = 72, fn+devfn = 72
[    0.153285] pci_scan_slot -- functionpoint
[    0.153285] pci_scan_single_device -- functionpoint
[    0.153286] pci_get_slot -- functionpoint
[    0.153288] pci_scan_device -- functionpoint
[    0.153289] pci_bus_read_dev_vendor_id -- functionpoint
[    0.153294] functionpoint -- fn = 0, devfn = 80, fn+devfn = 80
[    0.153296] pci_scan_slot -- functionpoint
[    0.153297] pci_scan_single_device -- functionpoint
[    0.153298] pci_get_slot -- functionpoint
[    0.153299] pci_scan_device -- functionpoint
[    0.153300] pci_bus_read_dev_vendor_id -- functionpoint
[    0.153313] functionpoint -- fn = 0, devfn = 88, fn+devfn = 88
[    0.153315] pci_scan_slot -- functionpoint
[    0.153316] pci_scan_single_device -- functionpoint
[    0.153317] pci_get_slot -- functionpoint
[    0.153318] pci_scan_device -- functionpoint
[    0.153320] pci_bus_read_dev_vendor_id -- functionpoint
[    0.153323] functionpoint -- fn = 0, devfn = 96, fn+devfn = 96
[    0.153326] pci_scan_slot -- functionpoint
[    0.153326] pci_scan_single_device -- functionpoint
[    0.153327] pci_get_slot -- functionpoint
[    0.153329] pci_scan_device -- functionpoint
[    0.153330] pci_bus_read_dev_vendor_id -- functionpoint
[    0.153335] functionpoint -- fn = 0, devfn = 104, fn+devfn = 104
[    0.153337] pci_scan_slot -- functionpoint
[    0.153337] pci_scan_single_device -- functionpoint
[    0.153339] pci_get_slot -- functionpoint
[    0.153340] pci_scan_device -- functionpoint
[    0.153341] pci_bus_read_dev_vendor_id -- functionpoint
[    0.153353] functionpoint -- fn = 0, devfn = 112, fn+devfn = 112
[    0.153356] pci_scan_slot -- functionpoint
[    0.153356] pci_scan_single_device -- functionpoint
[    0.153357] pci_get_slot -- functionpoint
[    0.153359] pci_scan_device -- functionpoint
[    0.153360] pci_bus_read_dev_vendor_id -- functionpoint
[    0.153364] functionpoint -- fn = 0, devfn = 120, fn+devfn = 120
[    0.153367] pci_scan_slot -- functionpoint
[    0.153367] pci_scan_single_device -- functionpoint
[    0.153368] pci_get_slot -- functionpoint
[    0.153370] pci_scan_device -- functionpoint
[    0.153371] pci_bus_read_dev_vendor_id -- functionpoint
[    0.153382] functionpoint -- fn = 0, devfn = 128, fn+devfn = 128
[    0.153385] pci_scan_slot -- functionpoint
[    0.153385] pci_scan_single_device -- functionpoint
[    0.153386] pci_get_slot -- functionpoint
[    0.153388] pci_scan_device -- functionpoint
[    0.153389] pci_bus_read_dev_vendor_id -- functionpoint
[    0.153394] functionpoint -- fn = 0, devfn = 136, fn+devfn = 136
[    0.153396] pci_scan_slot -- functionpoint
[    0.153396] pci_scan_single_device -- functionpoint
[    0.153398] pci_get_slot -- functionpoint
[    0.153399] pci_scan_device -- functionpoint
[    0.153400] pci_bus_read_dev_vendor_id -- functionpoint
[    0.153413] functionpoint -- fn = 0, devfn = 144, fn+devfn = 144
[    0.153415] pci_scan_slot -- functionpoint
[    0.153416] pci_scan_single_device -- functionpoint
[    0.153417] pci_get_slot -- functionpoint
[    0.153418] pci_scan_device -- functionpoint
[    0.153420] pci_bus_read_dev_vendor_id -- functionpoint
[    0.153424] functionpoint -- fn = 0, devfn = 152, fn+devfn = 152
[    0.153427] pci_scan_slot -- functionpoint
[    0.153427] pci_scan_single_device -- functionpoint
[    0.153428] pci_get_slot -- functionpoint
[    0.153430] pci_scan_device -- functionpoint
[    0.153431] pci_bus_read_dev_vendor_id -- functionpoint
[    0.153444] functionpoint -- fn = 0, devfn = 160, fn+devfn = 160
[    0.153447] pci_scan_slot -- functionpoint
[    0.153447] pci_scan_single_device -- functionpoint
[    0.153448] pci_get_slot -- functionpoint
[    0.153450] pci_scan_device -- functionpoint
[    0.153451] pci_bus_read_dev_vendor_id -- functionpoint
[    0.153455] functionpoint -- fn = 0, devfn = 168, fn+devfn = 168
[    0.153458] pci_scan_slot -- functionpoint
[    0.153458] pci_scan_single_device -- functionpoint
[    0.153460] pci_get_slot -- functionpoint
[    0.153461] pci_scan_device -- functionpoint
[    0.153462] pci_bus_read_dev_vendor_id -- functionpoint
[    0.153474] functionpoint -- fn = 0, devfn = 176, fn+devfn = 176
[    0.153476] pci_scan_slot -- functionpoint
[    0.153477] pci_scan_single_device -- functionpoint
[    0.153478] pci_get_slot -- functionpoint
[    0.153479] pci_scan_device -- functionpoint
[    0.153481] pci_bus_read_dev_vendor_id -- functionpoint
[    0.153485] functionpoint -- fn = 0, devfn = 184, fn+devfn = 184
[    0.153488] pci_scan_slot -- functionpoint
[    0.153488] pci_scan_single_device -- functionpoint
[    0.153489] pci_get_slot -- functionpoint
[    0.153491] pci_scan_device -- functionpoint
[    0.153492] pci_bus_read_dev_vendor_id -- functionpoint
[    0.153503] functionpoint -- fn = 0, devfn = 192, fn+devfn = 192
[    0.153505] pci_scan_slot -- functionpoint
[    0.153506] pci_scan_single_device -- functionpoint
[    0.153507] pci_get_slot -- functionpoint
[    0.153508] pci_scan_device -- functionpoint
[    0.153510] pci_bus_read_dev_vendor_id -- functionpoint
[    0.153514] functionpoint -- fn = 0, devfn = 200, fn+devfn = 200
[    0.153517] pci_scan_slot -- functionpoint
[    0.153517] pci_scan_single_device -- functionpoint
[    0.153518] pci_get_slot -- functionpoint
[    0.153520] pci_scan_device -- functionpoint
[    0.153521] pci_bus_read_dev_vendor_id -- functionpoint
[    0.153532] functionpoint -- fn = 0, devfn = 208, fn+devfn = 208
[    0.153535] pci_scan_slot -- functionpoint
[    0.153535] pci_scan_single_device -- functionpoint
[    0.153536] pci_get_slot -- functionpoint
[    0.153538] pci_scan_device -- functionpoint
[    0.153539] pci_bus_read_dev_vendor_id -- functionpoint
[    0.153544] functionpoint -- fn = 0, devfn = 216, fn+devfn = 216
[    0.153546] pci_scan_slot -- functionpoint
[    0.153546] pci_scan_single_device -- functionpoint
[    0.153548] pci_get_slot -- functionpoint
[    0.153549] pci_scan_device -- functionpoint
[    0.153550] pci_bus_read_dev_vendor_id -- functionpoint
[    0.153554] functionpoint -- fn = 0, devfn = 224, fn+devfn = 224
[    0.153557] pci_scan_slot -- functionpoint
[    0.153557] pci_scan_single_device -- functionpoint
[    0.153558] pci_get_slot -- functionpoint
[    0.153560] pci_scan_device -- functionpoint
[    0.153561] pci_bus_read_dev_vendor_id -- functionpoint
[    0.153565] functionpoint -- fn = 0, devfn = 232, fn+devfn = 232
[    0.153568] pci_scan_slot -- functionpoint
[    0.153568] pci_scan_single_device -- functionpoint
[    0.153570] pci_get_slot -- functionpoint
[    0.153571] pci_scan_device -- functionpoint
[    0.153572] pci_bus_read_dev_vendor_id -- functionpoint
[    0.153585] functionpoint -- fn = 0, devfn = 240, fn+devfn = 240
[    0.153587] pci_scan_slot -- functionpoint
[    0.153587] pci_scan_single_device -- functionpoint
[    0.153589] pci_get_slot -- functionpoint
[    0.153590] pci_scan_device -- functionpoint
[    0.153591] pci_bus_read_dev_vendor_id -- functionpoint
[    0.153595] functionpoint -- fn = 0, devfn = 248, fn+devfn = 248
[    0.153598] pci_read_bridge_bases -- functionpoint
[    0.153599] pci 0000:02:00.0: PCI bridge to [bus 03] (subtractive decode)
[    0.153612] pci 0000:02:00.0:   bridge window [io  0x3000-0x3fff]
[    0.153619] pci 0000:02:00.0:   bridge window [mem 0xf1000000-0xf10fffff]
[    0.153630] pci 0000:02:00.0:   bridge window [io  0x3000-0x3fff] (subtractive decode)
[    0.153631] pci 0000:02:00.0:   bridge window [mem 0xf1000000-0xf10fffff] (subtractive decode)
[    0.153632] pci_bus 0000:03: functionpoint -- bus scan returning with max=03
[    0.153646] pci_bus 0000:02: functionpoint -- bus scan returning with max=03
[    0.153665] pci_bus 0000:00: functionpoint -- bus scan returning with max=03
[    0.155959] driver_register -- functionpoint
[    0.155960] bus_add_driver -- functionpoint
[    0.155962] functionpoint -- bus: 'acpi': add driver ec
[    0.155969] really_probe -- functionpoint
[    0.155970] functionpoint -- bus: 'acpi': really_probe: probing driver ec with device PNP0C09:01
[    0.155984] ACPI: EC: interrupt unblocked
[    0.155992] ACPI: EC: event unblocked
[    0.156002] ACPI: \_SB_.PCI0.LPCB.EC0_: GPE=0x6e, EC_CMD/EC_SC=0x66, EC_DATA=0x62
[    0.156004] ACPI: \_SB_.PCI0.LPCB.EC0_: Used as boot DSDT EC to handle transactions and events
[    0.156057] pci 0000:00:02.0: vgaarb: setting as boot VGA device
[    0.156057] pci 0000:00:02.0: vgaarb: VGA device added: decodes=io+mem,owns=io+mem,locks=none
[    0.156057] pci 0000:00:02.0: vgaarb: bridge control possible
[    0.156057] vgaarb: loaded
[    0.156057] driver_register -- functionpoint
[    0.156057] bus_add_driver -- functionpoint
[    0.156057] functionpoint -- bus: 'i2c': add driver 88PM860x
[    0.156057] driver_register -- functionpoint
[    0.156057] bus_add_driver -- functionpoint
[    0.156057] functionpoint -- bus: 'i2c': add driver WM8400
[    0.156057] driver_register -- functionpoint
[    0.156057] bus_add_driver -- functionpoint
[    0.156057] functionpoint -- bus: 'i2c': add driver wm831x
[    0.156057] driver_register -- functionpoint
[    0.156057] bus_add_driver -- functionpoint
[    0.156057] functionpoint -- bus: 'spi': add driver wm831x
[    0.156057] driver_register -- functionpoint
[    0.156057] bus_add_driver -- functionpoint
[    0.156057] functionpoint -- bus: 'i2c': add driver wm8350
[    0.156057] driver_register -- functionpoint
[    0.156057] bus_add_driver -- functionpoint
[    0.156057] functionpoint -- bus: 'i2c': add driver tps65910
[    0.156057] driver_register -- functionpoint
[    0.156057] bus_add_driver -- functionpoint
[    0.156057] functionpoint -- bus: 'i2c': add driver tps80031
[    0.156058] driver_register -- functionpoint
[    0.156059] bus_add_driver -- functionpoint
[    0.156060] functionpoint -- bus: 'spi': add driver ezx-pcap
[    0.156064] driver_register -- functionpoint
[    0.156065] bus_add_driver -- functionpoint
[    0.156066] functionpoint -- bus: 'i2c': add driver da903x
[    0.156071] driver_register -- functionpoint
[    0.156071] bus_add_driver -- functionpoint
[    0.156073] functionpoint -- bus: 'spi': add driver da9052
[    0.156077] driver_register -- functionpoint
[    0.156077] bus_add_driver -- functionpoint
[    0.156079] functionpoint -- bus: 'i2c': add driver da9052
[    0.156083] driver_register -- functionpoint
[    0.156083] bus_add_driver -- functionpoint
[    0.156084] functionpoint -- bus: 'i2c': add driver lp8788
[    0.156089] driver_register -- functionpoint
[    0.156089] bus_add_driver -- functionpoint
[    0.156091] functionpoint -- bus: 'i2c': add driver da9055-pmic
[    0.156095] driver_register -- functionpoint
[    0.156095] bus_add_driver -- functionpoint
[    0.156097] functionpoint -- bus: 'i2c': add driver max77843
[    0.156101] driver_register -- functionpoint
[    0.156101] bus_add_driver -- functionpoint
[    0.156103] functionpoint -- bus: 'i2c': add driver max8925
[    0.156109] driver_register -- functionpoint
[    0.156109] bus_add_driver -- functionpoint
[    0.156111] functionpoint -- bus: 'i2c': add driver max8997
[    0.156115] driver_register -- functionpoint
[    0.156115] bus_add_driver -- functionpoint
[    0.156117] functionpoint -- bus: 'i2c': add driver max8998
[    0.156120] driver_register -- functionpoint
[    0.156121] bus_add_driver -- functionpoint
[    0.156122] functionpoint -- bus: 'i2c': add driver ab3100
[    0.156131] driver_register -- functionpoint
[    0.156132] bus_add_driver -- functionpoint
[    0.156134] functionpoint -- bus: 'i2c': add driver tps6586x
[    0.156138] driver_register -- functionpoint
[    0.156138] bus_add_driver -- functionpoint
[    0.156140] functionpoint -- bus: 'i2c': add driver tps65090
[    0.156144] driver_register -- functionpoint
[    0.156145] bus_add_driver -- functionpoint
[    0.156146] functionpoint -- bus: 'i2c': add driver aat2870
[    0.156150] driver_register -- functionpoint
[    0.156151] bus_add_driver -- functionpoint
[    0.156152] functionpoint -- bus: 'i2c': add driver palmas
[    0.156156] driver_register -- functionpoint
[    0.156157] bus_add_driver -- functionpoint
[    0.156158] functionpoint -- bus: 'i2c': add driver rc5t583
[    0.156163] driver_register -- functionpoint
[    0.156163] bus_add_driver -- functionpoint
[    0.156164] functionpoint -- bus: 'i2c': add driver sec_pmic
[    0.156170] driver_register -- functionpoint
[    0.156171] bus_add_driver -- functionpoint
[    0.156173] functionpoint -- bus: 'i2c': add driver as3711
[    0.156184] driver_register -- functionpoint
[    0.156184] bus_add_driver -- functionpoint
[    0.156186] functionpoint -- bus: 'nd': add driver nd_bus
[    0.156191] driver_register -- functionpoint
[    0.156191] bus_add_driver -- functionpoint
[    0.156193] functionpoint -- bus: 'nd': add driver nvdimm
[    0.156197] driver_register -- functionpoint
[    0.156198] bus_add_driver -- functionpoint
[    0.156199] functionpoint -- bus: 'nd': add driver nd_region
[    0.156260] SCSI subsystem initialized
[    0.156271] libata version 3.00 loaded.
[    0.156271] driver_register -- functionpoint
[    0.156271] bus_add_driver -- functionpoint
[    0.156271] functionpoint -- bus: 'mdio_bus': add driver Generic 10G PHY
[    0.156271] driver_register -- functionpoint
[    0.156271] bus_add_driver -- functionpoint
[    0.156271] functionpoint -- bus: 'mdio_bus': add driver Generic PHY
[    0.156271] ACPI: bus type USB registered
[    0.156271] driver_register -- functionpoint
[    0.156271] bus_add_driver -- functionpoint
[    0.156271] functionpoint -- bus: 'usb': add driver usbfs
[    0.156271] usbcore: registered new interface driver usbfs
[    0.156271] driver_register -- functionpoint
[    0.156271] bus_add_driver -- functionpoint
[    0.156271] functionpoint -- bus: 'usb': add driver hub
[    0.156271] usbcore: registered new interface driver hub
[    0.156271] driver_register -- functionpoint
[    0.156271] bus_add_driver -- functionpoint
[    0.156271] functionpoint -- bus: 'usb': add driver usb
[    0.156271] usbcore: registered new device driver usb
[    0.156271] driver_register -- functionpoint
[    0.156271] bus_add_driver -- functionpoint
[    0.156271] functionpoint -- bus: 'platform': add driver i2c_designware
[    0.156271] EDAC MC: Ver: 3.0.0
[    0.156271] Registered efivars operations
[    0.189695] start pci_subsys_init -- functionpoint
[    0.189695] PCI: Using ACPI for IRQ routing
[    0.189695] pci_find_bus -- functionpoint
[    0.189695] functionpoint -- domain_num = 0, bus_num = 0
[    0.189695] pci_find_next_bus -- functionpoint
[    0.189695] found bus -- functionpoint
[    0.189695] pci_find_bus -- functionpoint
[    0.189695] functionpoint -- domain_num = 0, bus_num = 1
[    0.189695] pci_find_next_bus -- functionpoint
[    0.189695] found bus -- functionpoint
[    0.189695] pci_find_bus -- functionpoint
[    0.189695] functionpoint -- domain_num = 0, bus_num = 2
[    0.189695] pci_find_next_bus -- functionpoint
[    0.189695] found bus -- functionpoint
[    0.189695] pci_find_bus -- functionpoint
[    0.189695] functionpoint -- domain_num = 0, bus_num = 3
[    0.189695] pci_find_next_bus -- functionpoint
[    0.189695] found bus -- functionpoint
[    0.189695] pci_find_bus -- functionpoint
[    0.189695] functionpoint -- domain_num = 0, bus_num = 4
[    0.189695] pci_find_next_bus -- functionpoint
[    0.189695] pci_find_next_bus -- functionpoint
[    0.189695] not found bus -- functionpoint
[    0.189695] pci_find_bus -- functionpoint
[    0.189695] functionpoint -- domain_num = 0, bus_num = 5
[    0.189695] pci_find_next_bus -- functionpoint
[    0.189695] pci_find_next_bus -- functionpoint
[    0.189695] not found bus -- functionpoint
[    0.189695] pci_find_bus -- functionpoint
[    0.189695] functionpoint -- domain_num = 0, bus_num = 6
[    0.189695] pci_find_next_bus -- functionpoint
[    0.189695] pci_find_next_bus -- functionpoint
[    0.189695] not found bus -- functionpoint
[    0.189695] pci_find_bus -- functionpoint
[    0.189695] functionpoint -- domain_num = 0, bus_num = 7
[    0.189695] pci_find_next_bus -- functionpoint
[    0.189695] pci_find_next_bus -- functionpoint
[    0.189695] not found bus -- functionpoint
[    0.189695] pci_find_bus -- functionpoint
[    0.189695] functionpoint -- domain_num = 0, bus_num = 8
[    0.189695] pci_find_next_bus -- functionpoint
[    0.189695] pci_find_next_bus -- functionpoint
[    0.189695] not found bus -- functionpoint
[    0.189734] pci_find_bus -- functionpoint
[    0.189736] functionpoint -- domain_num = 0, bus_num = 9
[    0.189738] pci_find_next_bus -- functionpoint
[    0.189738] pci_find_next_bus -- functionpoint
[    0.189740] not found bus -- functionpoint
[    0.190068] pci_find_bus -- functionpoint
[    0.190070] functionpoint -- domain_num = 0, bus_num = 10
[    0.190072] pci_find_next_bus -- functionpoint
[    0.190072] pci_find_next_bus -- functionpoint
[    0.190074] not found bus -- functionpoint
[    0.192099] pci_find_bus -- functionpoint
[    0.192100] functionpoint -- domain_num = 0, bus_num = 11
[    0.192103] pci_find_next_bus -- functionpoint
[    0.192103] pci_find_next_bus -- functionpoint
[    0.192104] not found bus -- functionpoint
[    0.192433] pci_find_bus -- functionpoint
[    0.192435] functionpoint -- domain_num = 0, bus_num = 12
[    0.192437] pci_find_next_bus -- functionpoint
[    0.192437] pci_find_next_bus -- functionpoint
[    0.192439] not found bus -- functionpoint
[    0.192757] pci_find_bus -- functionpoint
[    0.192759] functionpoint -- domain_num = 0, bus_num = 13
[    0.192761] pci_find_next_bus -- functionpoint
[    0.192761] pci_find_next_bus -- functionpoint
[    0.192763] not found bus -- functionpoint
[    0.193084] pci_find_bus -- functionpoint
[    0.193086] functionpoint -- domain_num = 0, bus_num = 14
[    0.193088] pci_find_next_bus -- functionpoint
[    0.193089] pci_find_next_bus -- functionpoint
[    0.193090] not found bus -- functionpoint
[    0.193411] pci_find_bus -- functionpoint
[    0.193413] functionpoint -- domain_num = 0, bus_num = 15
[    0.193415] pci_find_next_bus -- functionpoint
[    0.193416] pci_find_next_bus -- functionpoint
[    0.193417] not found bus -- functionpoint
[    0.193745] pci_find_bus -- functionpoint
[    0.193747] functionpoint -- domain_num = 0, bus_num = 16
[    0.193749] pci_find_next_bus -- functionpoint
[    0.193750] pci_find_next_bus -- functionpoint
[    0.193751] not found bus -- functionpoint
[    0.194090] pci_find_bus -- functionpoint
[    0.194091] functionpoint -- domain_num = 0, bus_num = 17
[    0.194094] pci_find_next_bus -- functionpoint
[    0.194094] pci_find_next_bus -- functionpoint
[    0.194095] not found bus -- functionpoint
[    0.194423] pci_find_bus -- functionpoint
[    0.194425] functionpoint -- domain_num = 0, bus_num = 18
[    0.194427] pci_find_next_bus -- functionpoint
[    0.194428] pci_find_next_bus -- functionpoint
[    0.194429] not found bus -- functionpoint
[    0.194768] pci_find_bus -- functionpoint
[    0.194769] functionpoint -- domain_num = 0, bus_num = 19
[    0.194772] pci_find_next_bus -- functionpoint
[    0.194772] pci_find_next_bus -- functionpoint
[    0.194774] not found bus -- functionpoint
[    0.195102] pci_find_bus -- functionpoint
[    0.195104] functionpoint -- domain_num = 0, bus_num = 20
[    0.195106] pci_find_next_bus -- functionpoint
[    0.195106] pci_find_next_bus -- functionpoint
[    0.195108] not found bus -- functionpoint
[    0.195436] pci_find_bus -- functionpoint
[    0.195437] functionpoint -- domain_num = 0, bus_num = 21
[    0.195440] pci_find_next_bus -- functionpoint
[    0.195440] pci_find_next_bus -- functionpoint
[    0.195441] not found bus -- functionpoint
[    0.195770] pci_find_bus -- functionpoint
[    0.195771] functionpoint -- domain_num = 0, bus_num = 22
[    0.195773] pci_find_next_bus -- functionpoint
[    0.195774] pci_find_next_bus -- functionpoint
[    0.195775] not found bus -- functionpoint
[    0.196096] pci_find_bus -- functionpoint
[    0.196097] functionpoint -- domain_num = 0, bus_num = 23
[    0.196099] pci_find_next_bus -- functionpoint
[    0.196100] pci_find_next_bus -- functionpoint
[    0.196101] not found bus -- functionpoint
[    0.196429] pci_find_bus -- functionpoint
[    0.196431] functionpoint -- domain_num = 0, bus_num = 24
[    0.196433] pci_find_next_bus -- functionpoint
[    0.196433] pci_find_next_bus -- functionpoint
[    0.196435] not found bus -- functionpoint
[    0.196747] pci_find_bus -- functionpoint
[    0.196748] functionpoint -- domain_num = 0, bus_num = 25
[    0.196751] pci_find_next_bus -- functionpoint
[    0.196751] pci_find_next_bus -- functionpoint
[    0.196752] not found bus -- functionpoint
[    0.197081] pci_find_bus -- functionpoint
[    0.197082] functionpoint -- domain_num = 0, bus_num = 26
[    0.197085] pci_find_next_bus -- functionpoint
[    0.197085] pci_find_next_bus -- functionpoint
[    0.197086] not found bus -- functionpoint
[    0.197414] pci_find_bus -- functionpoint
[    0.197416] functionpoint -- domain_num = 0, bus_num = 27
[    0.197418] pci_find_next_bus -- functionpoint
[    0.197419] pci_find_next_bus -- functionpoint
[    0.197420] not found bus -- functionpoint
[    0.197748] pci_find_bus -- functionpoint
[    0.197750] functionpoint -- domain_num = 0, bus_num = 28
[    0.197752] pci_find_next_bus -- functionpoint
[    0.197753] pci_find_next_bus -- functionpoint
[    0.197754] not found bus -- functionpoint
[    0.198082] pci_find_bus -- functionpoint
[    0.198084] functionpoint -- domain_num = 0, bus_num = 29
[    0.198086] pci_find_next_bus -- functionpoint
[    0.198087] pci_find_next_bus -- functionpoint
[    0.198088] not found bus -- functionpoint
[    0.198419] pci_find_bus -- functionpoint
[    0.198421] functionpoint -- domain_num = 0, bus_num = 30
[    0.198423] pci_find_next_bus -- functionpoint
[    0.198424] pci_find_next_bus -- functionpoint
[    0.198425] not found bus -- functionpoint
[    0.198753] pci_find_bus -- functionpoint
[    0.198755] functionpoint -- domain_num = 0, bus_num = 31
[    0.198757] pci_find_next_bus -- functionpoint
[    0.198757] pci_find_next_bus -- functionpoint
[    0.198759] not found bus -- functionpoint
[    0.199087] pci_find_bus -- functionpoint
[    0.199088] functionpoint -- domain_num = 0, bus_num = 32
[    0.199091] pci_find_next_bus -- functionpoint
[    0.199091] pci_find_next_bus -- functionpoint
[    0.199092] not found bus -- functionpoint
[    0.199414] pci_find_bus -- functionpoint
[    0.199415] functionpoint -- domain_num = 0, bus_num = 33
[    0.199418] pci_find_next_bus -- functionpoint
[    0.199418] pci_find_next_bus -- functionpoint
[    0.199419] not found bus -- functionpoint
[    0.199751] pci_find_bus -- functionpoint
[    0.199753] functionpoint -- domain_num = 0, bus_num = 34
[    0.199755] pci_find_next_bus -- functionpoint
[    0.199755] pci_find_next_bus -- functionpoint
[    0.199757] not found bus -- functionpoint
[    0.200074] pci_find_bus -- functionpoint
[    0.200076] functionpoint -- domain_num = 0, bus_num = 35
[    0.200078] pci_find_next_bus -- functionpoint
[    0.200078] pci_find_next_bus -- functionpoint
[    0.200080] not found bus -- functionpoint
[    0.200408] pci_find_bus -- functionpoint
[    0.200410] functionpoint -- domain_num = 0, bus_num = 36
[    0.200412] pci_find_next_bus -- functionpoint
[    0.200413] pci_find_next_bus -- functionpoint
[    0.200414] not found bus -- functionpoint
[    0.200742] pci_find_bus -- functionpoint
[    0.200744] functionpoint -- domain_num = 0, bus_num = 37
[    0.200746] pci_find_next_bus -- functionpoint
[    0.200747] pci_find_next_bus -- functionpoint
[    0.200748] not found bus -- functionpoint
[    0.201076] pci_find_bus -- functionpoint
[    0.201078] functionpoint -- domain_num = 0, bus_num = 38
[    0.201080] pci_find_next_bus -- functionpoint
[    0.201081] pci_find_next_bus -- functionpoint
[    0.201082] not found bus -- functionpoint
[    0.201411] pci_find_bus -- functionpoint
[    0.201412] functionpoint -- domain_num = 0, bus_num = 39
[    0.201415] pci_find_next_bus -- functionpoint
[    0.201415] pci_find_next_bus -- functionpoint
[    0.201416] not found bus -- functionpoint
[    0.201745] pci_find_bus -- functionpoint
[    0.201747] functionpoint -- domain_num = 0, bus_num = 40
[    0.201749] pci_find_next_bus -- functionpoint
[    0.201749] pci_find_next_bus -- functionpoint
[    0.201751] not found bus -- functionpoint
[    0.202079] pci_find_bus -- functionpoint
[    0.202081] functionpoint -- domain_num = 0, bus_num = 41
[    0.202083] pci_find_next_bus -- functionpoint
[    0.202083] pci_find_next_bus -- functionpoint
[    0.202085] not found bus -- functionpoint
[    0.202423] pci_find_bus -- functionpoint
[    0.202425] functionpoint -- domain_num = 0, bus_num = 42
[    0.202427] pci_find_next_bus -- functionpoint
[    0.202428] pci_find_next_bus -- functionpoint
[    0.202429] not found bus -- functionpoint
[    0.202768] pci_find_bus -- functionpoint
[    0.202769] functionpoint -- domain_num = 0, bus_num = 43
[    0.202771] pci_find_next_bus -- functionpoint
[    0.202772] pci_find_next_bus -- functionpoint
[    0.202773] not found bus -- functionpoint
[    0.203112] pci_find_bus -- functionpoint
[    0.203114] functionpoint -- domain_num = 0, bus_num = 44
[    0.203116] pci_find_next_bus -- functionpoint
[    0.203116] pci_find_next_bus -- functionpoint
[    0.203118] not found bus -- functionpoint
[    0.203447] pci_find_bus -- functionpoint
[    0.203448] functionpoint -- domain_num = 0, bus_num = 45
[    0.203450] pci_find_next_bus -- functionpoint
[    0.203451] pci_find_next_bus -- functionpoint
[    0.203452] not found bus -- functionpoint
[    0.203781] pci_find_bus -- functionpoint
[    0.203782] functionpoint -- domain_num = 0, bus_num = 46
[    0.203784] pci_find_next_bus -- functionpoint
[    0.203785] pci_find_next_bus -- functionpoint
[    0.203786] not found bus -- functionpoint
[    0.204106] pci_find_bus -- functionpoint
[    0.204108] functionpoint -- domain_num = 0, bus_num = 47
[    0.204110] pci_find_next_bus -- functionpoint
[    0.204110] pci_find_next_bus -- functionpoint
[    0.204112] not found bus -- functionpoint
[    0.204440] pci_find_bus -- functionpoint
[    0.204442] functionpoint -- domain_num = 0, bus_num = 48
[    0.204444] pci_find_next_bus -- functionpoint
[    0.204444] pci_find_next_bus -- functionpoint
[    0.204446] not found bus -- functionpoint
[    0.204775] pci_find_bus -- functionpoint
[    0.204776] functionpoint -- domain_num = 0, bus_num = 49
[    0.204779] pci_find_next_bus -- functionpoint
[    0.204779] pci_find_next_bus -- functionpoint
[    0.204780] not found bus -- functionpoint
[    0.205109] pci_find_bus -- functionpoint
[    0.205110] functionpoint -- domain_num = 0, bus_num = 50
[    0.205113] pci_find_next_bus -- functionpoint
[    0.205113] pci_find_next_bus -- functionpoint
[    0.205115] not found bus -- functionpoint
[    0.205444] pci_find_bus -- functionpoint
[    0.205445] functionpoint -- domain_num = 0, bus_num = 51
[    0.205447] pci_find_next_bus -- functionpoint
[    0.205448] pci_find_next_bus -- functionpoint
[    0.205449] not found bus -- functionpoint
[    0.205778] pci_find_bus -- functionpoint
[    0.205780] functionpoint -- domain_num = 0, bus_num = 52
[    0.205782] pci_find_next_bus -- functionpoint
[    0.205782] pci_find_next_bus -- functionpoint
[    0.205784] not found bus -- functionpoint
[    0.206112] pci_find_bus -- functionpoint
[    0.206114] functionpoint -- domain_num = 0, bus_num = 53
[    0.206116] pci_find_next_bus -- functionpoint
[    0.206116] pci_find_next_bus -- functionpoint
[    0.206118] not found bus -- functionpoint
[    0.206447] pci_find_bus -- functionpoint
