[    0.000000] microcode: microcode updated early to revision 0xd6, date = 2020-04-23
[    0.000000] Linux version 4.15.9+ (root@Yee-680G4) (gcc version 5.5.0 20171010 (Ubuntu 5.5.0-12ubuntu1~16.04)) #30 SMP Tue Oct 13 16:35:03 CST 2020
[    0.000000] Command line: BOOT_IMAGE=/boot/vmlinuz-4.15.9+ root=UUID=da0e40f1-3840-43a9-b61a-7b465a7673d3 ro quiet splash vt.handoff=7
[    0.000000] KERNEL supported cpus:
[    0.000000]   Intel GenuineIntel
[    0.000000]   AMD AuthenticAMD
[    0.000000]   Centaur CentaurHauls
[    0.000000] x86/fpu: Supporting XSAVE feature 0x001: 'x87 floating point registers'
[    0.000000] x86/fpu: Supporting XSAVE feature 0x002: 'SSE registers'
[    0.000000] x86/fpu: Supporting XSAVE feature 0x004: 'AVX registers'
[    0.000000] x86/fpu: Supporting XSAVE feature 0x008: 'MPX bounds registers'
[    0.000000] x86/fpu: Supporting XSAVE feature 0x010: 'MPX CSR'
[    0.000000] x86/fpu: xstate_offset[2]:  576, xstate_sizes[2]:  256
[    0.000000] x86/fpu: xstate_offset[3]:  832, xstate_sizes[3]:   64
[    0.000000] x86/fpu: xstate_offset[4]:  896, xstate_sizes[4]:   64
[    0.000000] x86/fpu: Enabled xstate features 0x1f, context size is 960 bytes, using 'compacted' format.
[    0.000000] e820: BIOS-provided physical RAM map:
[    0.000000] BIOS-e820: [mem 0x0000000000000000-0x000000000009efff] usable
[    0.000000] BIOS-e820: [mem 0x000000000009f000-0x00000000000fffff] reserved
[    0.000000] BIOS-e820: [mem 0x0000000000100000-0x00000000be6aafff] usable
[    0.000000] BIOS-e820: [mem 0x00000000be6ab000-0x00000000bf98efff] reserved
[    0.000000] BIOS-e820: [mem 0x00000000bf98f000-0x00000000bfb8efff] ACPI NVS
[    0.000000] BIOS-e820: [mem 0x00000000bfb8f000-0x00000000bfc0efff] ACPI data
[    0.000000] BIOS-e820: [mem 0x00000000bfc0f000-0x00000000bfc0ffff] usable
[    0.000000] BIOS-e820: [mem 0x00000000bfc10000-0x00000000d47fffff] reserved
[    0.000000] BIOS-e820: [mem 0x00000000fe010000-0x00000000fe010fff] reserved
[    0.000000] BIOS-e820: [mem 0x00000000ff000000-0x00000000ffffffff] reserved
[    0.000000] BIOS-e820: [mem 0x0000000100000000-0x00000004277fffff] usable
[    0.000000] NX (Execute Disable) protection: active
[    0.000000] efi: EFI v2.60 by HP
[    0.000000] efi:  ACPI=0xbfc0e000  ACPI 2.0=0xbfc0e014  SMBIOS=0xbee75000  ESRT=0xbee76018  MEMATTR=0xaf752018 
[    0.000000] random: fast init done
[    0.000000] SMBIOS 3.1 present.
[    0.000000] DMI: HP HP ProDesk 680 G4 MT/8580, BIOS R04 Ver. 02.11.01 04/27/2020
[    0.000000] e820: update [mem 0x00000000-0x00000fff] usable ==> reserved
[    0.000000] e820: remove [mem 0x000a0000-0x000fffff] usable
[    0.000000] e820: last_pfn = 0x427800 max_arch_pfn = 0x400000000
[    0.000000] MTRR default type: write-back
[    0.000000] MTRR fixed ranges enabled:
[    0.000000]   00000-9FFFF write-back
[    0.000000]   A0000-BFFFF uncachable
[    0.000000]   C0000-FFFFF write-protect
[    0.000000] MTRR variable ranges enabled:
[    0.000000]   0 base 00E0000000 mask 7FE0000000 uncachable
[    0.000000]   1 base 00D0000000 mask 7FF0000000 uncachable
[    0.000000]   2 base 00C8000000 mask 7FF8000000 uncachable
[    0.000000]   3 base 00C4000000 mask 7FFC000000 uncachable
[    0.000000]   4 base 2000000000 mask 6000000000 uncachable
[    0.000000]   5 base 1000000000 mask 7000000000 uncachable
[    0.000000]   6 base 0800000000 mask 7800000000 uncachable
[    0.000000]   7 base 4000000000 mask 4000000000 uncachable
[    0.000000]   8 disabled
[    0.000000]   9 disabled
[    0.000000] x86/PAT: Configuration [0-7]: WB  WC  UC- UC  WB  WP  UC- WT  
[    0.000000] e820: last_pfn = 0xbfc10 max_arch_pfn = 0x400000000
[    0.000000] esrt: Reserving ESRT space from 0x00000000bee76018 to 0x00000000bee76050.
[    0.000000] Scanning 1 areas for low memory corruption
[    0.000000] Base memory trampoline at [        (ptrval)] 99000 size 24576
[    0.000000] Using GB pages for direct mapping
[    0.000000] BRK [0x13bb3a000, 0x13bb3afff] PGTABLE
[    0.000000] BRK [0x13bb3b000, 0x13bb3bfff] PGTABLE
[    0.000000] BRK [0x13bb3c000, 0x13bb3cfff] PGTABLE
[    0.000000] BRK [0x13bb3d000, 0x13bb3dfff] PGTABLE
[    0.000000] BRK [0x13bb3e000, 0x13bb3efff] PGTABLE
[    0.000000] BRK [0x13bb3f000, 0x13bb3ffff] PGTABLE
[    0.000000] BRK [0x13bb40000, 0x13bb40fff] PGTABLE
[    0.000000] BRK [0x13bb41000, 0x13bb41fff] PGTABLE
[    0.000000] Secure boot could not be determined
[    0.000000] RAMDISK: [mem 0x23328000-0x3e1b0fff]
[    0.000000] ACPI: Early table checksum verification disabled
[    0.000000] ACPI: RSDP 0x00000000BFC0E014 000024 (v02 HPQOEM)
[    0.000000] ACPI: XSDT 0x00000000BFBC7188 0000DC (v01 HPQOEM SLIC-BPC 00000000 INTL 20160422)
[    0.000000] ACPI: FACP 0x00000000BFC08000 000114 (v06 HPQOEM SLIC-BPC 00000000 HP   00000001)
[    0.000000] ACPI: DSDT 0x00000000BFBE5000 01E092 (v02 HPQOEM 8580     00000000 INTL 20160527)
[    0.000000] ACPI: FACS 0x00000000BFB3F000 000040
[    0.000000] ACPI: SSDT 0x00000000BFC0C000 00012A (v02 HP     ShmTable 00000001 INTL 20160527)
[    0.000000] ACPI: SSDT 0x00000000BFC0A000 001B5F (v02 CpuRef CpuSsdt  00003000 INTL 20160527)
[    0.000000] ACPI: SSDT 0x00000000BFC09000 0009CF (v02 CtdpB  CtdpB    00001000 INTL 20160527)
[    0.000000] ACPI: HPET 0x00000000BFC07000 000038 (v01 HPQOEM 8580     00000001 HP   00000001)
[    0.000000] ACPI: APIC 0x00000000BFC06000 00012C (v03 HPQOEM 8580     00000001 HP   00000001)
[    0.000000] ACPI: MCFG 0x00000000BFC05000 00003C (v01 HPQOEM 8580     00000001 HP   00000001)
[    0.000000] ACPI: WSMT 0x00000000BFC04000 000028 (v01 HPQOEM 8580     00000001 HP   00000001)
[    0.000000] ACPI: SSDT 0x00000000BFBE4000 000734 (v01 HPQOEM PtidDevc 00001000 INTL 20160527)
[    0.000000] ACPI: SSDT 0x00000000BFBE3000 000B27 (v02 HPQOEM HP_XHC_P 00000000 INTL 20160527)
[    0.000000] ACPI: SSDT 0x00000000BFBDF000 0030ED (v02 SaSsdt SaSsdt   00003000 INTL 20160527)
[    0.000000] ACPI: LPIT 0x00000000BFBDE000 000094 (v01 INTEL  CFL      20170001 INTL 20160422)
[    0.000000] ACPI: WSMT 0x00000000BFBDD000 000028 (v01 INTEL  CFL      20170001 INTL 20160422)
[    0.000000] ACPI: SSDT 0x00000000BFBDC000 00044C (v02 INTEL  Wwan     00000001 INTL 20160527)
[    0.000000] ACPI: UEFI 0x00000000BFB39000 000042 (v01 INTEL  CFL      20170001 INTL 20160422)
[    0.000000] ACPI: OEML 0x00000000BFBDB000 000028 (v03 INTEL  CFL      20170001 INTL 20160422)
[    0.000000] ACPI: DMAR 0x00000000BFBDA000 0000C8 (v01 INTEL  CFL      00000002      01000013)
[    0.000000] ACPI: SSDT 0x00000000BFBCB000 00E899 (v01 HP     HPINDTWL 00001000 INTL 20160527)
[    0.000000] ACPI: SSDT 0x00000000BFBCA000 000032 (v01 HP     HPCONDEV 00001000 INTL 20160527)
[    0.000000] ACPI: SSDT 0x00000000BFBC9000 000069 (v01 HP     HPCAHWID 00001000 INTL 20160527)
[    0.000000] ACPI: ASF! 0x00000000BFBC8000 0000A0 (v32 HPQOEM  UYA     20170001 INTL 20160422)
[    0.000000] ACPI: FPDT 0x00000000BFC0D000 000044 (v01 INTEL  CFL      20170001 INTL 20160422)
[    0.000000] ACPI: BGRT 0x00000000BFBC6000 000038 (v01 INTEL  CFL      20170001 INTL 20160422)
[    0.000000] ACPI: Local APIC address 0xfee00000
[    0.000000] No NUMA configuration found
[    0.000000] Faking a node at [mem 0x0000000000000000-0x00000004277fffff]
[    0.000000] NODE_DATA(0) allocated [mem 0x4277d5000-0x4277fffff]
[    0.000000] Zone ranges:
[    0.000000]   DMA      [mem 0x0000000000001000-0x0000000000ffffff]
[    0.000000]   DMA32    [mem 0x0000000001000000-0x00000000ffffffff]
[    0.000000]   Normal   [mem 0x0000000100000000-0x00000004277fffff]
[    0.000000]   Device   empty
[    0.000000] Movable zone start for each node
[    0.000000] Early memory node ranges
[    0.000000]   node   0: [mem 0x0000000000001000-0x000000000009efff]
[    0.000000]   node   0: [mem 0x0000000000100000-0x00000000be6aafff]
[    0.000000]   node   0: [mem 0x00000000bfc0f000-0x00000000bfc0ffff]
[    0.000000]   node   0: [mem 0x0000000100000000-0x00000004277fffff]
[    0.000000] Initmem setup node 0 [mem 0x0000000000001000-0x00000004277fffff]
[    0.000000] On node 0 totalpages: 4087370
[    0.000000]   DMA zone: 64 pages used for memmap
[    0.000000]   DMA zone: 21 pages reserved
[    0.000000]   DMA zone: 3998 pages, LIFO batch:0
[    0.000000]   DMA32 zone: 12123 pages used for memmap
[    0.000000]   DMA32 zone: 775852 pages, LIFO batch:31
[    0.000000]   Normal zone: 51680 pages used for memmap
[    0.000000]   Normal zone: 3307520 pages, LIFO batch:31
[    0.000000] Reserved but unavailable: 99 pages
[    0.000000] tboot: non-0 tboot_addr but it is not of type E820_TYPE_RESERVED
[    0.000000] ACPI: PM-Timer IO Port: 0x1808
[    0.000000] ACPI: Local APIC address 0xfee00000
[    0.000000] ACPI: LAPIC_NMI (acpi_id[0x01] high edge lint[0x1])
[    0.000000] ACPI: LAPIC_NMI (acpi_id[0x02] high edge lint[0x1])
[    0.000000] ACPI: LAPIC_NMI (acpi_id[0x03] high edge lint[0x1])
[    0.000000] ACPI: LAPIC_NMI (acpi_id[0x04] high edge lint[0x1])
[    0.000000] ACPI: LAPIC_NMI (acpi_id[0x05] high edge lint[0x1])
[    0.000000] ACPI: LAPIC_NMI (acpi_id[0x06] high edge lint[0x1])
[    0.000000] ACPI: LAPIC_NMI (acpi_id[0x07] high edge lint[0x1])
[    0.000000] ACPI: LAPIC_NMI (acpi_id[0x08] high edge lint[0x1])
[    0.000000] ACPI: LAPIC_NMI (acpi_id[0x09] high edge lint[0x1])
[    0.000000] ACPI: LAPIC_NMI (acpi_id[0x0a] high edge lint[0x1])
[    0.000000] ACPI: LAPIC_NMI (acpi_id[0x0b] high edge lint[0x1])
[    0.000000] ACPI: LAPIC_NMI (acpi_id[0x0c] high edge lint[0x1])
[    0.000000] ACPI: LAPIC_NMI (acpi_id[0x0d] high edge lint[0x1])
[    0.000000] ACPI: LAPIC_NMI (acpi_id[0x0e] high edge lint[0x1])
[    0.000000] ACPI: LAPIC_NMI (acpi_id[0x0f] high edge lint[0x1])
[    0.000000] ACPI: LAPIC_NMI (acpi_id[0x10] high edge lint[0x1])
[    0.000000] IOAPIC[0]: apic_id 2, version 32, address 0xfec00000, GSI 0-119
[    0.000000] ACPI: INT_SRC_OVR (bus 0 bus_irq 0 global_irq 2 dfl dfl)
[    0.000000] ACPI: INT_SRC_OVR (bus 0 bus_irq 9 global_irq 9 high level)
[    0.000000] ACPI: IRQ0 used by override.
[    0.000000] ACPI: IRQ9 used by override.
[    0.000000] Using ACPI (MADT) for SMP configuration information
[    0.000000] ACPI: HPET id: 0x8086a201 base: 0xfed00000
[    0.000000] smpboot: Allowing 8 CPUs, 0 hotplug CPUs
[    0.000000] PM: Registered nosave memory: [mem 0x00000000-0x00000fff]
[    0.000000] PM: Registered nosave memory: [mem 0x0009f000-0x000fffff]
[    0.000000] PM: Registered nosave memory: [mem 0xbe6ab000-0xbf98efff]
[    0.000000] PM: Registered nosave memory: [mem 0xbf98f000-0xbfb8efff]
[    0.000000] PM: Registered nosave memory: [mem 0xbfb8f000-0xbfc0efff]
[    0.000000] PM: Registered nosave memory: [mem 0xbfc10000-0xd47fffff]
[    0.000000] PM: Registered nosave memory: [mem 0xd4800000-0xfe00ffff]
[    0.000000] PM: Registered nosave memory: [mem 0xfe010000-0xfe010fff]
[    0.000000] PM: Registered nosave memory: [mem 0xfe011000-0xfeffffff]
[    0.000000] PM: Registered nosave memory: [mem 0xff000000-0xffffffff]
[    0.000000] e820: [mem 0xd4800000-0xfe00ffff] available for PCI devices
[    0.000000] Booting paravirtualized kernel on bare hardware
[    0.000000] clocksource: refined-jiffies: mask: 0xffffffff max_cycles: 0xffffffff, max_idle_ns: 7645519600211568 ns
[    0.000000] setup_percpu: NR_CPUS:8192 nr_cpumask_bits:8 nr_cpu_ids:8 nr_node_ids:1
[    0.000000] percpu: Embedded 46 pages/cpu @        (ptrval) s151552 r8192 d28672 u262144
[    0.000000] pcpu-alloc: s151552 r8192 d28672 u262144 alloc=1*2097152
[    0.000000] pcpu-alloc: [0] 0 1 2 3 4 5 6 7 
[    0.000000] Built 1 zonelists, mobility grouping on.  Total pages: 4023482
[    0.000000] Policy zone: Normal
[    0.000000] Kernel command line: BOOT_IMAGE=/boot/vmlinuz-4.15.9+ root=UUID=da0e40f1-3840-43a9-b61a-7b465a7673d3 ro quiet splash vt.handoff=7
[    0.000000] Calgary: detecting Calgary via BIOS EBDA area
[    0.000000] Calgary: Unable to locate Rio Grande table in EBDA - bailing!
[    0.000000] Memory: 15453824K/16349480K available (12300K kernel code, 2470K rwdata, 4196K rodata, 2388K init, 2416K bss, 895656K reserved, 0K cma-reserved)
[    0.000000] SLUB: HWalign=64, Order=0-3, MinObjects=0, CPUs=8, Nodes=1
[    0.000000] ftrace: allocating 38976 entries in 153 pages
[    0.000000] Hierarchical RCU implementation.
[    0.000000] 	RCU restricting CPUs from NR_CPUS=8192 to nr_cpu_ids=8.
[    0.000000] 	Tasks RCU enabled.
[    0.000000] RCU: Adjusting geometry for rcu_fanout_leaf=16, nr_cpu_ids=8
[    0.000000] NR_IRQS: 524544, nr_irqs: 2048, preallocated irqs: 16
[    0.000000] Console: colour dummy device 80x25
[    0.000000] console [tty0] enabled
[    0.000000] ACPI: Core revision 20170831
[    0.000000] ACPI Error: [\_SB_.PCI0.XHC_.RHUB.HS11] Namespace lookup failure, AE_NOT_FOUND (20170831/dswload-210)
[    0.000000] ACPI Exception: AE_NOT_FOUND, During name lookup/catalog (20170831/psobject-252)
[    0.000000] ACPI Exception: AE_NOT_FOUND, (SSDT:HP_XHC_P) while loading table (20170831/tbxfload-228)
[    0.000000] ACPI Error: 1 table load failures, 10 successful (20170831/tbxfload-246)
[    0.000000] clocksource: hpet: mask: 0xffffffff max_cycles: 0xffffffff, max_idle_ns: 79635855245 ns
[    0.000000] hpet clockevent registered
[    0.004000] APIC: Switch to symmetric I/O mode setup
[    0.004000] DMAR: Host address width 39
[    0.004000] DMAR: DRHD base: 0x000000fed90000 flags: 0x0
[    0.004000] DMAR: dmar0: reg_base_addr fed90000 ver 1:0 cap 1c0000c40660462 ecap 19e2ff0505e
[    0.004000] DMAR: DRHD base: 0x000000fed91000 flags: 0x1
[    0.004000] DMAR: dmar1: reg_base_addr fed91000 ver 1:0 cap d2008c40660462 ecap f050da
[    0.004000] DMAR: RMRR base: 0x000000bf81d000 end: 0x000000bf83cfff
[    0.004000] DMAR: RMRR base: 0x000000c4000000 end: 0x000000d47fffff
[    0.004000] DMAR: RMRR base: 0x000000bf86e000 end: 0x000000bf8edfff
[    0.004000] DMAR-IR: IOAPIC id 2 under DRHD base  0xfed91000 IOMMU 1
[    0.004000] DMAR-IR: HPET id 0 under DRHD base 0xfed91000
[    0.004000] DMAR-IR: Queued invalidation will be enabled to support x2apic and Intr-remapping.
[    0.004000] DMAR-IR: Enabled IRQ remapping in x2apic mode
[    0.004000] x2apic enabled
[    0.004000] Switched APIC routing to cluster x2apic.
[    0.016000] ..TIMER: vector=0x30 apic1=0 pin1=2 apic2=-1 pin2=-1
[    0.036000] tsc: Detected 3000.000 MHz processor
[    0.036000] Calibrating delay loop (skipped), value calculated using timer frequency.. 6000.00 BogoMIPS (lpj=12000000)
[    0.036000] pid_max: default: 32768 minimum: 301
[    0.036000] Security Framework initialized
[    0.036000] Yama: becoming mindful.
[    0.036000] AppArmor: AppArmor initialized
[    0.036000] Dentry cache hash table entries: 2097152 (order: 12, 16777216 bytes)
[    0.036000] Inode-cache hash table entries: 1048576 (order: 11, 8388608 bytes)
[    0.036000] Mount-cache hash table entries: 32768 (order: 6, 262144 bytes)
[    0.036000] Mountpoint-cache hash table entries: 32768 (order: 6, 262144 bytes)
[    0.036000] CPU: Physical Processor ID: 0
[    0.036000] CPU: Processor Core ID: 0
[    0.036000] ENERGY_PERF_BIAS: Set to 'normal', was 'performance'
[    0.036000] ENERGY_PERF_BIAS: View and update with x86_energy_perf_policy(8)
[    0.036000] mce: CPU supports 14 MCE banks
[    0.036000] CPU0: Thermal monitoring enabled (TM1)
[    0.036000] process: using mwait in idle threads
[    0.036000] Last level iTLB entries: 4KB 128, 2MB 8, 4MB 8
[    0.036000] Last level dTLB entries: 4KB 64, 2MB 0, 4MB 0, 1GB 4
[    0.036000] Spectre V2 : Mitigation: Full generic retpoline
[    0.036000] Spectre V2 : Spectre v2 mitigation: Filling RSB on context switch
[    0.036000] Spectre V2 : Spectre v2 mitigation: Enabling Indirect Branch Prediction Barrier
[    0.036000] Freeing SMP alternatives memory: 36K
[    0.043182] TSC deadline timer enabled
[    0.043193] smpboot: CPU0: Intel(R) Core(TM) i7-9700 CPU @ 3.00GHz (family: 0x6, model: 0x9e, stepping: 0xd)
[    0.043245] Performance Events: PEBS fmt3+, Skylake events, 32-deep LBR, full-width counters, Intel PMU driver.
[    0.043274] ... version:                4
[    0.043274] ... bit width:              48
[    0.043275] ... generic registers:      8
[    0.043275] ... value mask:             0000ffffffffffff
[    0.043276] ... max period:             00007fffffffffff
[    0.043276] ... fixed-purpose events:   3
[    0.043276] ... event mask:             00000007000000ff
[    0.043307] Hierarchical SRCU implementation.
[    0.044000] smp: Bringing up secondary CPUs ...
[    0.044000] x86: Booting SMP configuration:
[    0.044000] .... node  #0, CPUs:      #1
[    0.044000] NMI watchdog: Enabled. Permanently consumes one hw-PMU counter.
[    0.044000]  #2 #3 #4 #5 #6 #7
[    0.053490] smp: Brought up 1 node, 8 CPUs
[    0.053490] smpboot: Max logical packages: 1
[    0.053490] smpboot: Total of 8 processors activated (48000.00 BogoMIPS)
[    0.056289] devtmpfs: initialized
[    0.056289] x86/mm: Memory block size: 128MB
[    0.057019] evm: security.selinux
[    0.057019] evm: security.SMACK64
[    0.057020] evm: security.SMACK64EXEC
[    0.057020] evm: security.SMACK64TRANSMUTE
[    0.057020] evm: security.SMACK64MMAP
[    0.057021] evm: security.apparmor
[    0.057021] evm: security.ima
[    0.057022] evm: security.capability
[    0.057034] PM: Registering ACPI NVS region [mem 0xbf98f000-0xbfb8efff] (2097152 bytes)
[    0.057034] clocksource: jiffies: mask: 0xffffffff max_cycles: 0xffffffff, max_idle_ns: 7645041785100000 ns
[    0.057034] futex hash table entries: 2048 (order: 5, 131072 bytes)
[    0.057034] pinctrl core: initialized pinctrl subsystem
[    0.057034] drivers/base/bus.c 153 driver_register -- functionpoint
[    0.057034] drivers/base/bus.c 642 bus_add_driver -- functionpoint
[    0.057034] drivers/base/bus.c 649 bus_add_driver -- functionpoint -- bus: 'platform': add driver reg-dummy
[    0.057034] drivers/base/dd.c 369 really_probe -- functionpoint
[    0.057034] drivers/base/dd.c 392 really_probe -- functionpoint -- bus: 'platform': really_probe: probing driver reg-dummy with device reg-dummy
[    0.057034] drivers/base/dd.c 435 really_probe -- if drv->probe use drv->probe(dev) -- functionpoint
[    0.057034] RTC time:  8:55:53, date: 10/13/20
[    0.057034] NET: Registered protocol family 16
[    0.057034] audit: initializing netlink subsys (disabled)
[    0.057034] audit: type=2000 audit(1602579353.056:1): state=initialized audit_enabled=0 res=1
[    0.057034] drivers/base/bus.c 153 driver_register -- functionpoint
[    0.057034] drivers/base/bus.c 642 bus_add_driver -- functionpoint
[    0.057034] drivers/base/bus.c 649 bus_add_driver -- functionpoint -- bus: 'platform': add driver sram
[    0.057034] drivers/base/bus.c 153 driver_register -- functionpoint
[    0.057034] drivers/base/bus.c 642 bus_add_driver -- functionpoint
[    0.057034] drivers/base/bus.c 649 bus_add_driver -- functionpoint -- bus: 'platform': add driver syscon
[    0.057034] drivers/base/bus.c 153 driver_register -- functionpoint
[    0.057034] drivers/base/bus.c 642 bus_add_driver -- functionpoint
[    0.057034] drivers/base/bus.c 649 bus_add_driver -- functionpoint -- bus: 'i2c': add driver dummy
[    0.057034] cpuidle: using governor ladder
[    0.057034] cpuidle: using governor menu
[    0.057034] ACPI FADT declares the system doesn't support PCIe ASPM, so disable it
[    0.057034] ACPI: bus type PCI registered
[    0.057034] acpiphp: ACPI Hot Plug PCI Controller Driver version: 0.5
[    0.057034] arch/x86/pci/init.c 11 start pci_arch_init -- functionpoint
[    0.057034] PCI: MMCONFIG for domain 0000 [bus 00-3f] at [mem 0xf8000000-0xfbffffff] (base 0xf8000000)
[    0.057034] PCI: not using MMCONFIG
[    0.057034] PCI: Using configuration type 1 for base access
[    0.057034] arch/x86/pci/init.c 44 end pci_arch_init -- functionpoint
[    0.057121] HugeTLB registered 1.00 GiB page size, pre-allocated 0 pages
[    0.057121] HugeTLB registered 2.00 MiB page size, pre-allocated 0 pages
[    0.057122] drivers/base/bus.c 153 driver_register -- functionpoint
[    0.057122] drivers/base/bus.c 642 bus_add_driver -- functionpoint
[    0.057122] drivers/base/bus.c 649 bus_add_driver -- functionpoint -- bus: 'i2c': add driver sx150x-pinctrl
[    0.057122] drivers/base/bus.c 153 driver_register -- functionpoint
[    0.057122] drivers/base/bus.c 642 bus_add_driver -- functionpoint
[    0.057122] drivers/base/bus.c 649 bus_add_driver -- functionpoint -- bus: 'platform': add driver byt_gpio
[    0.057122] drivers/base/bus.c 153 driver_register -- functionpoint
[    0.057122] drivers/base/bus.c 642 bus_add_driver -- functionpoint
[    0.057122] drivers/base/bus.c 649 bus_add_driver -- functionpoint -- bus: 'platform': add driver cherryview-pinctrl
[    0.057122] drivers/base/bus.c 153 driver_register -- functionpoint
[    0.057122] drivers/base/bus.c 642 bus_add_driver -- functionpoint
[    0.057122] drivers/base/bus.c 649 bus_add_driver -- functionpoint -- bus: 'platform': add driver lp_gpio
[    0.057122] drivers/base/bus.c 153 driver_register -- functionpoint
[    0.057122] drivers/base/bus.c 642 bus_add_driver -- functionpoint
[    0.057122] drivers/base/bus.c 649 bus_add_driver -- functionpoint -- bus: 'platform': add driver rc5t583-gpio
[    0.057122] drivers/base/bus.c 153 driver_register -- functionpoint
[    0.057122] drivers/base/bus.c 642 bus_add_driver -- functionpoint
[    0.057122] drivers/base/bus.c 649 bus_add_driver -- functionpoint -- bus: 'platform': add driver palmas-gpio
[    0.057122] drivers/base/bus.c 153 driver_register -- functionpoint
[    0.057122] drivers/base/bus.c 642 bus_add_driver -- functionpoint
[    0.057122] drivers/base/bus.c 649 bus_add_driver -- functionpoint -- bus: 'platform': add driver tps6586x-gpio
[    0.057122] drivers/base/bus.c 153 driver_register -- functionpoint
[    0.057122] drivers/base/bus.c 642 bus_add_driver -- functionpoint
[    0.057122] drivers/base/bus.c 649 bus_add_driver -- functionpoint -- bus: 'platform': add driver tps65910-gpio
[    0.057122] ACPI: Added _OSI(Module Device)
[    0.057122] ACPI: Added _OSI(Processor Device)
[    0.057122] ACPI: Added _OSI(3.0 _SCP Extensions)
[    0.057122] ACPI: Added _OSI(Processor Aggregator Device)
[    0.061861] ACPI: Executed 30 blocks of module-level executable AML code
[    0.072038] ACPI: [Firmware Bug]: BIOS _OSI(Linux) query ignored
[    0.080245] ACPI: Dynamic OEM Table Load:
[    0.080256] ACPI: SSDT 0xFFFF953D94FB3D00 0000F4 (v02 PmRef  Cpu0Psd  00003000 INTL 20160527)
[    0.080489] ACPI: Executed 1 blocks of module-level executable AML code
[    0.080615] ACPI: \_SB_.PR00: _OSC native thermal LVT Acked
[    0.081573] ACPI: Dynamic OEM Table Load:
[    0.081579] ACPI: SSDT 0xFFFF953D94FB8C00 000400 (v02 PmRef  Cpu0Cst  00003001 INTL 20160527)
[    0.081802] ACPI: Executed 1 blocks of module-level executable AML code
[    0.082034] ACPI: Dynamic OEM Table Load:
[    0.082040] ACPI: SSDT 0xFFFF953D94EF4000 000605 (v02 PmRef  Cpu0Ist  00003000 INTL 20160527)
[    0.082246] ACPI: Executed 1 blocks of module-level executable AML code
[    0.082439] ACPI: Dynamic OEM Table Load:
[    0.082443] ACPI: SSDT 0xFFFF953D94F34200 000149 (v02 PmRef  Cpu0Hwp  00003000 INTL 20160527)
[    0.082639] ACPI: Executed 2 blocks of module-level executable AML code
[    0.082807] ACPI: Dynamic OEM Table Load:
[    0.082813] ACPI: SSDT 0xFFFF953D94EF1000 000724 (v02 PmRef  HwpLvt   00003000 INTL 20160527)
[    0.082992] ACPI: Executed 1 blocks of module-level executable AML code
[    0.083484] ACPI: Dynamic OEM Table Load:
[    0.083490] ACPI: SSDT 0xFFFF953D94EF7800 0005FC (v02 PmRef  ApIst    00003000 INTL 20160527)
[    0.083890] ACPI: Executed 1 blocks of module-level executable AML code
[    0.084088] ACPI: Dynamic OEM Table Load:
[    0.084092] ACPI: SSDT 0xFFFF953D94FBE000 000317 (v02 PmRef  ApHwp    00003000 INTL 20160527)
[    0.084372] ACPI: Executed 1 blocks of module-level executable AML code
[    0.084689] ACPI: Dynamic OEM Table Load:
[    0.084694] ACPI: SSDT 0xFFFF953D97143000 000AB0 (v02 PmRef  ApPsd    00003000 INTL 20160527)
[    0.085547] ACPI: Executed 1 blocks of module-level executable AML code
[    0.085744] ACPI: Dynamic OEM Table Load:
[    0.085749] ACPI: SSDT 0xFFFF953D94FBF800 00030A (v02 PmRef  ApCst    00003000 INTL 20160527)
[    0.086026] ACPI: Executed 1 blocks of module-level executable AML code
[    0.088967] ACPI: EC: EC started
[    0.088968] ACPI: EC: interrupt blocked
[    0.088984] ACPI: \_SB_.PCI0.LPCB.EC0_: Used as first EC
[    0.088985] ACPI: \_SB_.PCI0.LPCB.EC0_: GPE=0x6e, EC_CMD/EC_SC=0x66, EC_DATA=0x62
[    0.088987] ACPI: \_SB_.PCI0.LPCB.EC0_: Used as boot DSDT EC to handle transactions
[    0.088987] ACPI: Interpreter enabled
[    0.089036] ACPI: (supports S0 S3 S4 S5)
[    0.089037] ACPI: Using IOAPIC for interrupt routing
[    0.089076] PCI: MMCONFIG for domain 0000 [bus 00-3f] at [mem 0xf8000000-0xfbffffff] (base 0xf8000000)
[    0.091724] PCI: MMCONFIG at [mem 0xf8000000-0xfbffffff] reserved in ACPI motherboard resources
[    0.091729] drivers/acpi/pci_root.c 920 acpi_pci_root_init --functionpoint
[    0.091729] drivers/acpi/apei/hest.c 228 acpi_hest_init -- functionpoint
[    0.091734] PCI: Using host bridge windows from ACPI; if necessary, use "pci=nocrs" and report a bug
[    0.092130] drivers/base/bus.c 153 driver_register -- functionpoint
[    0.092131] drivers/base/bus.c 642 bus_add_driver -- functionpoint
[    0.092134] drivers/base/bus.c 649 bus_add_driver -- functionpoint -- bus: 'platform': add driver clk-lpt
[    0.092192] ACPI: Enabled 4 GPEs in block 00 to 7F
[    0.092194] drivers/acpi/scan.c 2010 acpi_bus_scan -- functionpoint
[    0.099134] ACPI: Power Resource [USBC] (on)
[    0.099961] ACPI: Power Resource [WRST] (on)
[    0.100374] ACPI: Power Resource [WRST] (on)
[    0.100775] ACPI: Power Resource [WRST] (on)
[    0.101179] ACPI: Power Resource [WRST] (on)
[    0.101591] ACPI: Power Resource [WRST] (on)
[    0.101991] ACPI: Power Resource [WRST] (on)
[    0.102393] ACPI: Power Resource [WRST] (on)
[    0.102797] ACPI: Power Resource [WRST] (on)
[    0.103201] ACPI: Power Resource [WRST] (on)
[    0.103600] ACPI: Power Resource [WRST] (on)
[    0.104003] ACPI: Power Resource [WRST] (on)
[    0.104408] ACPI: Power Resource [WRST] (on)
[    0.104809] ACPI: Power Resource [WRST] (on)
[    0.105213] ACPI: Power Resource [WRST] (on)
[    0.105623] ACPI: Power Resource [WRST] (on)
[    0.106023] ACPI: Power Resource [WRST] (on)
[    0.106426] ACPI: Power Resource [WRST] (on)
[    0.106834] ACPI: Power Resource [WRST] (on)
[    0.107242] ACPI: Power Resource [WRST] (on)
[    0.107656] ACPI: Power Resource [WRST] (on)
[    0.109373] ACPI: Power Resource [V0PR] (on)
[    0.109588] ACPI: Power Resource [V1PR] (on)
[    0.109798] ACPI: Power Resource [V2PR] (on)
[    0.114409] ACPI: Power Resource [WRST] (on)
[    0.116636] drivers/acpi/pci_root.c 528 acpi_pci_root_add -- functionpoint
[    0.117024] ACPI: PCI Root Bridge [PCI0] (domain 0000 [bus 00-3e])
[    0.117027] ACPI: drivers/acpi/pci_root.c 584 acpi_pci_root_add --  functionpoint -- PCI Root Bridge [PCI0] (domain 0000 [bus 00-3e])
[    0.117034] acpi PNP0A08:00: _OSC: OS supports [ExtendedConfig ASPM ClockPM Segments MSI]
[    0.120416] acpi PNP0A08:00: _OSC: OS now controls [PCIeHotplug PME AER PCIeCapability]
[    0.120417] acpi PNP0A08:00: FADT indicates ASPM is unsupported, using BIOS configuration
[    0.120431] arch/x86/pci/acpi.c 335 pci_acpi_scan_root -- functionpoint
[    0.120432] drivers/pci/search.c 144 pci_find_bus -- functionpoint
[    0.120434] drivers/pci/search.c 145 pci_find_bus functionpoint -- domain_num = 0, bus_num = 0
[    0.120438] drivers/pci/search.c 176 pci_find_next_bus -- functionpoint
[    0.120438] drivers/pci/search.c 157 pci_find_bus not found bus -- functionpoint
[    0.120452] drivers/acpi/pci_root.c 881 acpi_pci_root_create -- functionpoint
[    0.120832] drivers/pci/probe.c 2643 pci_create_root_bus -- functionpoint
[    0.120834] drivers/pci/probe.c 533 pci_alloc_host_bridge -- functionpoint
[    0.120836] drivers/pci/probe.c 765 pci_register_host_bridge -- functionpoint
[    0.120837] drivers/pci/search.c 144 pci_find_bus -- functionpoint
[    0.120839] drivers/pci/search.c 145 pci_find_bus functionpoint -- domain_num = 0, bus_num = 0
[    0.120842] drivers/pci/search.c 176 pci_find_next_bus -- functionpoint
[    0.120843] drivers/pci/search.c 157 pci_find_bus not found bus -- functionpoint
[    0.121909] drivers/pci/probe.c 2009 pci_bus_read_dev_vendor_id -- functionpoint
[    0.121923] drivers/pci/probe.c 2009 pci_bus_read_dev_vendor_id -- functionpoint
[    0.121938] drivers/pci/probe.c 2009 pci_bus_read_dev_vendor_id -- functionpoint
[    0.121951] drivers/pci/probe.c 2009 pci_bus_read_dev_vendor_id -- functionpoint
[    0.121962] drivers/pci/probe.c 2009 pci_bus_read_dev_vendor_id -- functionpoint
[    0.121977] drivers/pci/probe.c 2009 pci_bus_read_dev_vendor_id -- functionpoint
[    0.121985] drivers/pci/probe.c 2009 pci_bus_read_dev_vendor_id -- functionpoint
[    0.121998] drivers/pci/probe.c 2009 pci_bus_read_dev_vendor_id -- functionpoint
[    0.122012] drivers/pci/probe.c 2009 pci_bus_read_dev_vendor_id -- functionpoint
[    0.122017] drivers/pci/probe.c 2009 pci_bus_read_dev_vendor_id -- functionpoint
[    0.122029] drivers/pci/probe.c 2009 pci_bus_read_dev_vendor_id -- functionpoint
[    0.122078] drivers/pci/probe.c 2009 pci_bus_read_dev_vendor_id -- functionpoint
[    0.122130] drivers/pci/probe.c 2009 pci_bus_read_dev_vendor_id -- functionpoint
[    0.122183] drivers/pci/probe.c 2009 pci_bus_read_dev_vendor_id -- functionpoint
[    0.122235] drivers/pci/probe.c 2009 pci_bus_read_dev_vendor_id -- functionpoint
[    0.122286] drivers/pci/probe.c 2009 pci_bus_read_dev_vendor_id -- functionpoint
[    0.122339] drivers/pci/probe.c 2009 pci_bus_read_dev_vendor_id -- functionpoint
[    0.122391] drivers/pci/probe.c 2009 pci_bus_read_dev_vendor_id -- functionpoint
[    0.122440] drivers/pci/probe.c 2009 pci_bus_read_dev_vendor_id -- functionpoint
[    0.122493] drivers/pci/probe.c 2009 pci_bus_read_dev_vendor_id -- functionpoint
[    0.122545] drivers/pci/probe.c 2009 pci_bus_read_dev_vendor_id -- functionpoint
[    0.122598] drivers/pci/probe.c 2009 pci_bus_read_dev_vendor_id -- functionpoint
[    0.122651] drivers/pci/probe.c 2009 pci_bus_read_dev_vendor_id -- functionpoint
[    0.122703] drivers/pci/probe.c 2009 pci_bus_read_dev_vendor_id -- functionpoint
[    0.122756] drivers/pci/probe.c 2009 pci_bus_read_dev_vendor_id -- functionpoint
[    0.122808] drivers/pci/probe.c 2009 pci_bus_read_dev_vendor_id -- functionpoint
[    0.122861] drivers/pci/probe.c 2009 pci_bus_read_dev_vendor_id -- functionpoint
[    0.122915] drivers/pci/probe.c 2009 pci_bus_read_dev_vendor_id -- functionpoint
[    0.122967] drivers/pci/probe.c 2009 pci_bus_read_dev_vendor_id -- functionpoint
[    0.123019] drivers/pci/probe.c 2009 pci_bus_read_dev_vendor_id -- functionpoint
[    0.123072] drivers/pci/probe.c 2009 pci_bus_read_dev_vendor_id -- functionpoint
[    0.123125] drivers/pci/probe.c 2009 pci_bus_read_dev_vendor_id -- functionpoint
[    0.123174] drivers/pci/probe.c 2009 pci_bus_read_dev_vendor_id -- functionpoint
[    0.123227] drivers/pci/probe.c 2009 pci_bus_read_dev_vendor_id -- functionpoint
[    0.123281] drivers/pci/probe.c 2009 pci_bus_read_dev_vendor_id -- functionpoint
[    0.123296] drivers/pci/probe.c 2009 pci_bus_read_dev_vendor_id -- functionpoint
[    0.123314] drivers/pci/probe.c 2009 pci_bus_read_dev_vendor_id -- functionpoint
[    0.123329] drivers/pci/probe.c 2009 pci_bus_read_dev_vendor_id -- functionpoint
[    0.123340] drivers/pci/probe.c 2009 pci_bus_read_dev_vendor_id -- functionpoint
[    0.123354] drivers/pci/probe.c 2009 pci_bus_read_dev_vendor_id -- functionpoint
[    0.123359] drivers/pci/probe.c 2009 pci_bus_read_dev_vendor_id -- functionpoint
[    0.123366] drivers/pci/probe.c 2009 pci_bus_read_dev_vendor_id -- functionpoint
[    0.123374] PCI host bridge to bus 0000:00
[    0.123378] pci_bus 0000:00: root bus resource [io  0x0000-0x0cf7 window]
[    0.123379] pci_bus 0000:00: root bus resource [io  0x0d00-0xffff window]
[    0.123380] pci_bus 0000:00: root bus resource [mem 0x000a0000-0x000bffff window]
[    0.123381] pci_bus 0000:00: root bus resource [mem 0xd4800000-0xf7ffffff window]
[    0.123383] pci_bus 0000:00: root bus resource [mem 0x4000000000-0x7fffffffff window]
[    0.123384] pci_bus 0000:00: root bus resource [mem 0xfc800000-0xfe7fffff window]
[    0.123385] pci_bus 0000:00: root bus resource [bus 00-3e]
[    0.123386] drivers/pci/probe.c 2497 pci_scan_child_bus_extend -- functionpoint
[    0.123387] pci_bus 0000:00: drivers/pci/probe.c 2501 pci_scan_child_bus_extend-- functionpoint -- scanning bus
[    0.123390] drivers/pci/probe.c 2281 pci_scan_slot -- functionpoint
[    0.123391] drivers/pci/probe.c 2196 pci_scan_single_device -- functionpoint
[    0.123392] drivers/pci/search.c 206 pci_get_slot -- functionpoint
[    0.123394] drivers/pci/probe.c 2035 pci_scan_device -- functionpoint
[    0.123395] drivers/pci/probe.c 2009 pci_bus_read_dev_vendor_id -- functionpoint
[    0.123398] drivers/pci/probe.c 2048 pci_scan_device -- functionpoint -- dev_vendor: 8086, dev_device: 3e30
[    0.123401] drivers/pci/probe.c 1453 pci_setup_device -- functionpoint
[    0.123407] pci 0000:00:00.0: [8086:3e30] type 00 class 0x060000
[    0.123410] pci 0000:00:00.0: drivers/pci/probe.c 1482 pci_setup_device functionpoint -- [8086:3e30] type 00 class 0x060000
[    0.123425] drivers/pci/probe.c 1513 pci_setup_device  switch case PCI_HEADER_TYPE_NORMAL -- functionpoint
[    0.123437] drivers/pci/probe.c 2145 pci_device_add -- functionpoint
[    0.124454] drivers/pci/probe.c 2288 pci_scan_slot -- functionpoint -- fn = 0, devfn = 0, fn+devfn = 0
[    0.124457] drivers/pci/probe.c 2220 next_fn -- functionpoint
[    0.124458] drivers/pci/probe.c 2281 pci_scan_slot -- functionpoint
[    0.124459] drivers/pci/probe.c 2196 pci_scan_single_device -- functionpoint
[    0.124461] drivers/pci/search.c 206 pci_get_slot -- functionpoint
[    0.124463] drivers/pci/probe.c 2035 pci_scan_device -- functionpoint
[    0.124464] drivers/pci/probe.c 2009 pci_bus_read_dev_vendor_id -- functionpoint
[    0.124476] drivers/pci/probe.c 2288 pci_scan_slot -- functionpoint -- fn = 0, devfn = 8, fn+devfn = 8
[    0.124479] drivers/pci/probe.c 2281 pci_scan_slot -- functionpoint
[    0.124479] drivers/pci/probe.c 2196 pci_scan_single_device -- functionpoint
[    0.124481] drivers/pci/search.c 206 pci_get_slot -- functionpoint
[    0.124482] drivers/pci/probe.c 2035 pci_scan_device -- functionpoint
[    0.124484] drivers/pci/probe.c 2009 pci_bus_read_dev_vendor_id -- functionpoint
[    0.124486] drivers/pci/probe.c 2048 pci_scan_device -- functionpoint -- dev_vendor: 8086, dev_device: 3e98
[    0.124489] drivers/pci/probe.c 1453 pci_setup_device -- functionpoint
[    0.124495] pci 0000:00:02.0: [8086:3e98] type 00 class 0x030000
[    0.124497] pci 0000:00:02.0: drivers/pci/probe.c 1482 pci_setup_device functionpoint -- [8086:3e98] type 00 class 0x030000
[    0.124503] drivers/pci/probe.c 1513 pci_setup_device  switch case PCI_HEADER_TYPE_NORMAL -- functionpoint
[    0.124509] pci 0000:00:02.0: reg 0x10: [mem 0xf0000000-0xf0ffffff 64bit]
[    0.124515] pci 0000:00:02.0: reg 0x18: [mem 0xe0000000-0xefffffff 64bit pref]
[    0.124519] pci 0000:00:02.0: reg 0x20: [io  0x4000-0x403f]
[    0.124524] drivers/pci/probe.c 2145 pci_device_add -- functionpoint
[    0.124531] pci 0000:00:02.0: BAR 2: assigned to efifb
[    0.125568] drivers/pci/probe.c 2288 pci_scan_slot -- functionpoint -- fn = 0, devfn = 16, fn+devfn = 16
[    0.125571] drivers/pci/probe.c 2220 next_fn -- functionpoint
[    0.125571] drivers/pci/probe.c 2281 pci_scan_slot -- functionpoint
[    0.125572] drivers/pci/probe.c 2196 pci_scan_single_device -- functionpoint
[    0.125574] drivers/pci/search.c 206 pci_get_slot -- functionpoint
[    0.125576] drivers/pci/probe.c 2035 pci_scan_device -- functionpoint
[    0.125577] drivers/pci/probe.c 2009 pci_bus_read_dev_vendor_id -- functionpoint
[    0.125589] drivers/pci/probe.c 2288 pci_scan_slot -- functionpoint -- fn = 0, devfn = 24, fn+devfn = 24
[    0.125592] drivers/pci/probe.c 2281 pci_scan_slot -- functionpoint
[    0.125593] drivers/pci/probe.c 2196 pci_scan_single_device -- functionpoint
[    0.125594] drivers/pci/search.c 206 pci_get_slot -- functionpoint
[    0.125596] drivers/pci/probe.c 2035 pci_scan_device -- functionpoint
[    0.125597] drivers/pci/probe.c 2009 pci_bus_read_dev_vendor_id -- functionpoint
[    0.125614] drivers/pci/probe.c 2288 pci_scan_slot -- functionpoint -- fn = 0, devfn = 32, fn+devfn = 32
[    0.125617] drivers/pci/probe.c 2281 pci_scan_slot -- functionpoint
[    0.125617] drivers/pci/probe.c 2196 pci_scan_single_device -- functionpoint
[    0.125619] drivers/pci/search.c 206 pci_get_slot -- functionpoint
[    0.125620] drivers/pci/probe.c 2035 pci_scan_device -- functionpoint
[    0.125622] drivers/pci/probe.c 2009 pci_bus_read_dev_vendor_id -- functionpoint
[    0.125639] drivers/pci/probe.c 2288 pci_scan_slot -- functionpoint -- fn = 0, devfn = 40, fn+devfn = 40
[    0.125642] drivers/pci/probe.c 2281 pci_scan_slot -- functionpoint
[    0.125642] drivers/pci/probe.c 2196 pci_scan_single_device -- functionpoint
[    0.125644] drivers/pci/search.c 206 pci_get_slot -- functionpoint
[    0.125646] drivers/pci/probe.c 2035 pci_scan_device -- functionpoint
[    0.125647] drivers/pci/probe.c 2009 pci_bus_read_dev_vendor_id -- functionpoint
[    0.125664] drivers/pci/probe.c 2288 pci_scan_slot -- functionpoint -- fn = 0, devfn = 48, fn+devfn = 48
[    0.125667] drivers/pci/probe.c 2281 pci_scan_slot -- functionpoint
[    0.125667] drivers/pci/probe.c 2196 pci_scan_single_device -- functionpoint
[    0.125669] drivers/pci/search.c 206 pci_get_slot -- functionpoint
[    0.125670] drivers/pci/probe.c 2035 pci_scan_device -- functionpoint
[    0.125672] drivers/pci/probe.c 2009 pci_bus_read_dev_vendor_id -- functionpoint
[    0.125689] drivers/pci/probe.c 2288 pci_scan_slot -- functionpoint -- fn = 0, devfn = 56, fn+devfn = 56
[    0.125692] drivers/pci/probe.c 2281 pci_scan_slot -- functionpoint
[    0.125692] drivers/pci/probe.c 2196 pci_scan_single_device -- functionpoint
[    0.125694] drivers/pci/search.c 206 pci_get_slot -- functionpoint
[    0.125696] drivers/pci/probe.c 2035 pci_scan_device -- functionpoint
[    0.125697] drivers/pci/probe.c 2009 pci_bus_read_dev_vendor_id -- functionpoint
[    0.125714] drivers/pci/probe.c 2288 pci_scan_slot -- functionpoint -- fn = 0, devfn = 64, fn+devfn = 64
[    0.125717] drivers/pci/probe.c 2281 pci_scan_slot -- functionpoint
[    0.125717] drivers/pci/probe.c 2196 pci_scan_single_device -- functionpoint
[    0.125719] drivers/pci/search.c 206 pci_get_slot -- functionpoint
[    0.125721] drivers/pci/probe.c 2035 pci_scan_device -- functionpoint
[    0.125722] drivers/pci/probe.c 2009 pci_bus_read_dev_vendor_id -- functionpoint
[    0.125739] drivers/pci/probe.c 2288 pci_scan_slot -- functionpoint -- fn = 0, devfn = 72, fn+devfn = 72
[    0.125742] drivers/pci/probe.c 2281 pci_scan_slot -- functionpoint
[    0.125742] drivers/pci/probe.c 2196 pci_scan_single_device -- functionpoint
[    0.125744] drivers/pci/search.c 206 pci_get_slot -- functionpoint
[    0.125745] drivers/pci/probe.c 2035 pci_scan_device -- functionpoint
[    0.125747] drivers/pci/probe.c 2009 pci_bus_read_dev_vendor_id -- functionpoint
[    0.125764] drivers/pci/probe.c 2288 pci_scan_slot -- functionpoint -- fn = 0, devfn = 80, fn+devfn = 80
[    0.125767] drivers/pci/probe.c 2281 pci_scan_slot -- functionpoint
[    0.125767] drivers/pci/probe.c 2196 pci_scan_single_device -- functionpoint
[    0.125769] drivers/pci/search.c 206 pci_get_slot -- functionpoint
[    0.125771] drivers/pci/probe.c 2035 pci_scan_device -- functionpoint
[    0.125772] drivers/pci/probe.c 2009 pci_bus_read_dev_vendor_id -- functionpoint
[    0.125789] drivers/pci/probe.c 2288 pci_scan_slot -- functionpoint -- fn = 0, devfn = 88, fn+devfn = 88
[    0.125792] drivers/pci/probe.c 2281 pci_scan_slot -- functionpoint
[    0.125792] drivers/pci/probe.c 2196 pci_scan_single_device -- functionpoint
[    0.125794] drivers/pci/search.c 206 pci_get_slot -- functionpoint
[    0.125795] drivers/pci/probe.c 2035 pci_scan_device -- functionpoint
[    0.125797] drivers/pci/probe.c 2009 pci_bus_read_dev_vendor_id -- functionpoint
[    0.125814] drivers/pci/probe.c 2288 pci_scan_slot -- functionpoint -- fn = 0, devfn = 96, fn+devfn = 96
[    0.125817] drivers/pci/probe.c 2281 pci_scan_slot -- functionpoint
[    0.125817] drivers/pci/probe.c 2196 pci_scan_single_device -- functionpoint
[    0.125819] drivers/pci/search.c 206 pci_get_slot -- functionpoint
[    0.125821] drivers/pci/probe.c 2035 pci_scan_device -- functionpoint
[    0.125822] drivers/pci/probe.c 2009 pci_bus_read_dev_vendor_id -- functionpoint
[    0.125839] drivers/pci/probe.c 2288 pci_scan_slot -- functionpoint -- fn = 0, devfn = 104, fn+devfn = 104
[    0.125842] drivers/pci/probe.c 2281 pci_scan_slot -- functionpoint
[    0.125843] drivers/pci/probe.c 2196 pci_scan_single_device -- functionpoint
[    0.125844] drivers/pci/search.c 206 pci_get_slot -- functionpoint
[    0.125846] drivers/pci/probe.c 2035 pci_scan_device -- functionpoint
[    0.125847] drivers/pci/probe.c 2009 pci_bus_read_dev_vendor_id -- functionpoint
[    0.125864] drivers/pci/probe.c 2288 pci_scan_slot -- functionpoint -- fn = 0, devfn = 112, fn+devfn = 112
[    0.125867] drivers/pci/probe.c 2281 pci_scan_slot -- functionpoint
[    0.125868] drivers/pci/probe.c 2196 pci_scan_single_device -- functionpoint
[    0.125869] drivers/pci/search.c 206 pci_get_slot -- functionpoint
[    0.125871] drivers/pci/probe.c 2035 pci_scan_device -- functionpoint
[    0.125872] drivers/pci/probe.c 2009 pci_bus_read_dev_vendor_id -- functionpoint
[    0.125889] drivers/pci/probe.c 2288 pci_scan_slot -- functionpoint -- fn = 0, devfn = 120, fn+devfn = 120
[    0.125892] drivers/pci/probe.c 2281 pci_scan_slot -- functionpoint
[    0.125893] drivers/pci/probe.c 2196 pci_scan_single_device -- functionpoint
[    0.125894] drivers/pci/search.c 206 pci_get_slot -- functionpoint
[    0.125896] drivers/pci/probe.c 2035 pci_scan_device -- functionpoint
[    0.125897] drivers/pci/probe.c 2009 pci_bus_read_dev_vendor_id -- functionpoint
[    0.125914] drivers/pci/probe.c 2288 pci_scan_slot -- functionpoint -- fn = 0, devfn = 128, fn+devfn = 128
[    0.125917] drivers/pci/probe.c 2281 pci_scan_slot -- functionpoint
[    0.125918] drivers/pci/probe.c 2196 pci_scan_single_device -- functionpoint
[    0.125919] drivers/pci/search.c 206 pci_get_slot -- functionpoint
[    0.125921] drivers/pci/probe.c 2035 pci_scan_device -- functionpoint
[    0.125922] drivers/pci/probe.c 2009 pci_bus_read_dev_vendor_id -- functionpoint
[    0.125939] drivers/pci/probe.c 2288 pci_scan_slot -- functionpoint -- fn = 0, devfn = 136, fn+devfn = 136
[    0.125942] drivers/pci/probe.c 2281 pci_scan_slot -- functionpoint
[    0.125943] drivers/pci/probe.c 2196 pci_scan_single_device -- functionpoint
[    0.125944] drivers/pci/search.c 206 pci_get_slot -- functionpoint
[    0.125946] drivers/pci/probe.c 2035 pci_scan_device -- functionpoint
[    0.125947] drivers/pci/probe.c 2009 pci_bus_read_dev_vendor_id -- functionpoint
[    0.125952] drivers/pci/probe.c 2048 pci_scan_device -- functionpoint -- dev_vendor: 8086, dev_device: a379
[    0.125956] drivers/pci/probe.c 1453 pci_setup_device -- functionpoint
[    0.125967] pci 0000:00:12.0: [8086:a379] type 00 class 0x118000
[    0.125970] pci 0000:00:12.0: drivers/pci/probe.c 1482 pci_setup_device functionpoint -- [8086:a379] type 00 class 0x118000
[    0.125984] drivers/pci/probe.c 1513 pci_setup_device  switch case PCI_HEADER_TYPE_NORMAL -- functionpoint
[    0.126001] pci 0000:00:12.0: reg 0x10: [mem 0x4000107000-0x4000107fff 64bit]
[    0.126047] drivers/pci/probe.c 2145 pci_device_add -- functionpoint
[    0.127094] drivers/pci/probe.c 2288 pci_scan_slot -- functionpoint -- fn = 0, devfn = 144, fn+devfn = 144
[    0.127097] drivers/pci/probe.c 2220 next_fn -- functionpoint
[    0.127098] drivers/pci/probe.c 2196 pci_scan_single_device -- functionpoint
[    0.127099] drivers/pci/search.c 206 pci_get_slot -- functionpoint
[    0.127101] drivers/pci/probe.c 2035 pci_scan_device -- functionpoint
[    0.127102] drivers/pci/probe.c 2009 pci_bus_read_dev_vendor_id -- functionpoint
[    0.127114] drivers/pci/probe.c 2298 pci_scan_slot -- functionpoint -- fn = 1, devfn = 144, fn+devfn = 145
[    0.127117] drivers/pci/probe.c 2220 next_fn -- functionpoint
[    0.127118] drivers/pci/probe.c 2196 pci_scan_single_device -- functionpoint
[    0.127119] drivers/pci/search.c 206 pci_get_slot -- functionpoint
[    0.127121] drivers/pci/probe.c 2035 pci_scan_device -- functionpoint
[    0.127122] drivers/pci/probe.c 2009 pci_bus_read_dev_vendor_id -- functionpoint
[    0.127131] drivers/pci/probe.c 2298 pci_scan_slot -- functionpoint -- fn = 2, devfn = 144, fn+devfn = 146
[    0.127134] drivers/pci/probe.c 2220 next_fn -- functionpoint
[    0.127135] drivers/pci/probe.c 2196 pci_scan_single_device -- functionpoint
[    0.127136] drivers/pci/search.c 206 pci_get_slot -- functionpoint
[    0.127138] drivers/pci/probe.c 2035 pci_scan_device -- functionpoint
[    0.127139] drivers/pci/probe.c 2009 pci_bus_read_dev_vendor_id -- functionpoint
[    0.127148] drivers/pci/probe.c 2298 pci_scan_slot -- functionpoint -- fn = 3, devfn = 144, fn+devfn = 147
[    0.127152] drivers/pci/probe.c 2220 next_fn -- functionpoint
[    0.127152] drivers/pci/probe.c 2196 pci_scan_single_device -- functionpoint
[    0.127153] drivers/pci/search.c 206 pci_get_slot -- functionpoint
[    0.127155] drivers/pci/probe.c 2035 pci_scan_device -- functionpoint
[    0.127157] drivers/pci/probe.c 2009 pci_bus_read_dev_vendor_id -- functionpoint
[    0.127165] drivers/pci/probe.c 2298 pci_scan_slot -- functionpoint -- fn = 4, devfn = 144, fn+devfn = 148
[    0.127169] drivers/pci/probe.c 2220 next_fn -- functionpoint
[    0.127169] drivers/pci/probe.c 2196 pci_scan_single_device -- functionpoint
[    0.127170] drivers/pci/search.c 206 pci_get_slot -- functionpoint
[    0.127172] drivers/pci/probe.c 2035 pci_scan_device -- functionpoint
[    0.127174] drivers/pci/probe.c 2009 pci_bus_read_dev_vendor_id -- functionpoint
[    0.127182] drivers/pci/probe.c 2298 pci_scan_slot -- functionpoint -- fn = 5, devfn = 144, fn+devfn = 149
[    0.127186] drivers/pci/probe.c 2220 next_fn -- functionpoint
[    0.127186] drivers/pci/probe.c 2196 pci_scan_single_device -- functionpoint
[    0.127187] drivers/pci/search.c 206 pci_get_slot -- functionpoint
[    0.127189] drivers/pci/probe.c 2035 pci_scan_device -- functionpoint
[    0.127191] drivers/pci/probe.c 2009 pci_bus_read_dev_vendor_id -- functionpoint
[    0.127202] drivers/pci/probe.c 2298 pci_scan_slot -- functionpoint -- fn = 6, devfn = 144, fn+devfn = 150
[    0.127205] drivers/pci/probe.c 2220 next_fn -- functionpoint
[    0.127205] drivers/pci/probe.c 2196 pci_scan_single_device -- functionpoint
[    0.127207] drivers/pci/search.c 206 pci_get_slot -- functionpoint
[    0.127208] drivers/pci/probe.c 2035 pci_scan_device -- functionpoint
[    0.127210] drivers/pci/probe.c 2009 pci_bus_read_dev_vendor_id -- functionpoint
[    0.127228] drivers/pci/probe.c 2298 pci_scan_slot -- functionpoint -- fn = 7, devfn = 144, fn+devfn = 151
[    0.127231] drivers/pci/probe.c 2220 next_fn -- functionpoint
[    0.127232] drivers/pci/probe.c 2281 pci_scan_slot -- functionpoint
[    0.127233] drivers/pci/probe.c 2196 pci_scan_single_device -- functionpoint
[    0.127235] drivers/pci/search.c 206 pci_get_slot -- functionpoint
[    0.127236] drivers/pci/probe.c 2035 pci_scan_device -- functionpoint
[    0.127238] drivers/pci/probe.c 2009 pci_bus_read_dev_vendor_id -- functionpoint
[    0.127248] drivers/pci/probe.c 2288 pci_scan_slot -- functionpoint -- fn = 0, devfn = 152, fn+devfn = 152
[    0.127251] drivers/pci/probe.c 2281 pci_scan_slot -- functionpoint
[    0.127251] drivers/pci/probe.c 2196 pci_scan_single_device -- functionpoint
[    0.127253] drivers/pci/search.c 206 pci_get_slot -- functionpoint
[    0.127254] drivers/pci/probe.c 2035 pci_scan_device -- functionpoint
[    0.127256] drivers/pci/probe.c 2009 pci_bus_read_dev_vendor_id -- functionpoint
[    0.127263] drivers/pci/probe.c 2048 pci_scan_device -- functionpoint -- dev_vendor: 8086, dev_device: a36d
[    0.127266] drivers/pci/probe.c 1453 pci_setup_device -- functionpoint
[    0.127279] pci 0000:00:14.0: [8086:a36d] type 00 class 0x0c0330
[    0.127281] pci 0000:00:14.0: drivers/pci/probe.c 1482 pci_setup_device functionpoint -- [8086:a36d] type 00 class 0x0c0330
[    0.127297] drivers/pci/probe.c 1513 pci_setup_device  switch case PCI_HEADER_TYPE_NORMAL -- functionpoint
[    0.127317] pci 0000:00:14.0: reg 0x10: [mem 0xf1220000-0xf122ffff 64bit]
[    0.127373] drivers/pci/probe.c 2145 pci_device_add -- functionpoint
[    0.127423] pci 0000:00:14.0: PME# supported from D3hot D3cold
[    0.128507] drivers/pci/probe.c 2288 pci_scan_slot -- functionpoint -- fn = 0, devfn = 160, fn+devfn = 160
[    0.128510] drivers/pci/probe.c 2220 next_fn -- functionpoint
[    0.128510] drivers/pci/probe.c 2196 pci_scan_single_device -- functionpoint
[    0.128511] drivers/pci/search.c 206 pci_get_slot -- functionpoint
[    0.128513] drivers/pci/probe.c 2035 pci_scan_device -- functionpoint
[    0.128515] drivers/pci/probe.c 2009 pci_bus_read_dev_vendor_id -- functionpoint
[    0.128525] drivers/pci/probe.c 2298 pci_scan_slot -- functionpoint -- fn = 1, devfn = 160, fn+devfn = 161
[    0.128529] drivers/pci/probe.c 2220 next_fn -- functionpoint
[    0.128529] drivers/pci/probe.c 2196 pci_scan_single_device -- functionpoint
[    0.128531] drivers/pci/search.c 206 pci_get_slot -- functionpoint
[    0.128532] drivers/pci/probe.c 2035 pci_scan_device -- functionpoint
[    0.128534] drivers/pci/probe.c 2009 pci_bus_read_dev_vendor_id -- functionpoint
[    0.128537] drivers/pci/probe.c 2048 pci_scan_device -- functionpoint -- dev_vendor: 8086, dev_device: a36f
[    0.128541] drivers/pci/probe.c 1453 pci_setup_device -- functionpoint
[    0.128550] pci 0000:00:14.2: [8086:a36f] type 00 class 0x050000
[    0.128553] pci 0000:00:14.2: drivers/pci/probe.c 1482 pci_setup_device functionpoint -- [8086:a36f] type 00 class 0x050000
[    0.128566] drivers/pci/probe.c 1513 pci_setup_device  switch case PCI_HEADER_TYPE_NORMAL -- functionpoint
[    0.128582] pci 0000:00:14.2: reg 0x10: [mem 0xf1232000-0xf1233fff 64bit]
[    0.128598] pci 0000:00:14.2: reg 0x18: [mem 0x4000106000-0x4000106fff 64bit]
[    0.128623] drivers/pci/probe.c 2145 pci_device_add -- functionpoint
[    0.129660] drivers/pci/probe.c 2298 pci_scan_slot -- functionpoint -- fn = 2, devfn = 160, fn+devfn = 162
[    0.129663] drivers/pci/probe.c 2220 next_fn -- functionpoint
[    0.129664] drivers/pci/probe.c 2196 pci_scan_single_device -- functionpoint
[    0.129665] drivers/pci/search.c 206 pci_get_slot -- functionpoint
[    0.129667] drivers/pci/probe.c 2035 pci_scan_device -- functionpoint
[    0.129668] drivers/pci/probe.c 2009 pci_bus_read_dev_vendor_id -- functionpoint
[    0.129674] drivers/pci/probe.c 2298 pci_scan_slot -- functionpoint -- fn = 3, devfn = 160, fn+devfn = 163
[    0.129678] drivers/pci/probe.c 2220 next_fn -- functionpoint
[    0.129678] drivers/pci/probe.c 2196 pci_scan_single_device -- functionpoint
[    0.129679] drivers/pci/search.c 206 pci_get_slot -- functionpoint
[    0.129681] drivers/pci/probe.c 2035 pci_scan_device -- functionpoint
[    0.129683] drivers/pci/probe.c 2009 pci_bus_read_dev_vendor_id -- functionpoint
[    0.129701] drivers/pci/probe.c 2298 pci_scan_slot -- functionpoint -- fn = 4, devfn = 160, fn+devfn = 164
[    0.129705] drivers/pci/probe.c 2220 next_fn -- functionpoint
[    0.129705] drivers/pci/probe.c 2196 pci_scan_single_device -- functionpoint
[    0.129707] drivers/pci/search.c 206 pci_get_slot -- functionpoint
[    0.129708] drivers/pci/probe.c 2035 pci_scan_device -- functionpoint
[    0.129710] drivers/pci/probe.c 2009 pci_bus_read_dev_vendor_id -- functionpoint
[    0.129726] drivers/pci/probe.c 2298 pci_scan_slot -- functionpoint -- fn = 5, devfn = 160, fn+devfn = 165
[    0.129730] drivers/pci/probe.c 2220 next_fn -- functionpoint
[    0.129730] drivers/pci/probe.c 2196 pci_scan_single_device -- functionpoint
[    0.129732] drivers/pci/search.c 206 pci_get_slot -- functionpoint
[    0.129733] drivers/pci/probe.c 2035 pci_scan_device -- functionpoint
[    0.129735] drivers/pci/probe.c 2009 pci_bus_read_dev_vendor_id -- functionpoint
[    0.129751] drivers/pci/probe.c 2298 pci_scan_slot -- functionpoint -- fn = 6, devfn = 160, fn+devfn = 166
[    0.129755] drivers/pci/probe.c 2220 next_fn -- functionpoint
[    0.129755] drivers/pci/probe.c 2196 pci_scan_single_device -- functionpoint
[    0.129756] drivers/pci/search.c 206 pci_get_slot -- functionpoint
[    0.129758] drivers/pci/probe.c 2035 pci_scan_device -- functionpoint
[    0.129760] drivers/pci/probe.c 2009 pci_bus_read_dev_vendor_id -- functionpoint
[    0.129776] drivers/pci/probe.c 2298 pci_scan_slot -- functionpoint -- fn = 7, devfn = 160, fn+devfn = 167
[    0.129780] drivers/pci/probe.c 2220 next_fn -- functionpoint
[    0.129780] drivers/pci/probe.c 2281 pci_scan_slot -- functionpoint
[    0.129782] drivers/pci/probe.c 2196 pci_scan_single_device -- functionpoint
[    0.129783] drivers/pci/search.c 206 pci_get_slot -- functionpoint
[    0.129785] drivers/pci/probe.c 2035 pci_scan_device -- functionpoint
[    0.129786] drivers/pci/probe.c 2009 pci_bus_read_dev_vendor_id -- functionpoint
[    0.129796] drivers/pci/probe.c 2288 pci_scan_slot -- functionpoint -- fn = 0, devfn = 168, fn+devfn = 168
[    0.129799] drivers/pci/probe.c 2281 pci_scan_slot -- functionpoint
[    0.129800] drivers/pci/probe.c 2196 pci_scan_single_device -- functionpoint
[    0.129801] drivers/pci/search.c 206 pci_get_slot -- functionpoint
[    0.129803] drivers/pci/probe.c 2035 pci_scan_device -- functionpoint
[    0.129804] drivers/pci/probe.c 2009 pci_bus_read_dev_vendor_id -- functionpoint
[    0.129816] drivers/pci/probe.c 2048 pci_scan_device -- functionpoint -- dev_vendor: 8086, dev_device: a360
[    0.129819] drivers/pci/probe.c 1453 pci_setup_device -- functionpoint
[    0.129832] pci 0000:00:16.0: [8086:a360] type 00 class 0x078000
[    0.129834] pci 0000:00:16.0: drivers/pci/probe.c 1482 pci_setup_device functionpoint -- [8086:a360] type 00 class 0x078000
[    0.129850] drivers/pci/probe.c 1513 pci_setup_device  switch case PCI_HEADER_TYPE_NORMAL -- functionpoint
[    0.129867] pci 0000:00:16.0: reg 0x10: [mem 0x4000105000-0x4000105fff 64bit]
[    0.129909] drivers/pci/probe.c 2145 pci_device_add -- functionpoint
[    0.129958] pci 0000:00:16.0: PME# supported from D3hot
[    0.131026] drivers/pci/probe.c 2288 pci_scan_slot -- functionpoint -- fn = 0, devfn = 176, fn+devfn = 176
[    0.131028] drivers/pci/probe.c 2220 next_fn -- functionpoint
[    0.131029] drivers/pci/probe.c 2196 pci_scan_single_device -- functionpoint
[    0.131030] drivers/pci/search.c 206 pci_get_slot -- functionpoint
[    0.131032] drivers/pci/probe.c 2035 pci_scan_device -- functionpoint
[    0.131033] drivers/pci/probe.c 2009 pci_bus_read_dev_vendor_id -- functionpoint
[    0.131045] drivers/pci/probe.c 2298 pci_scan_slot -- functionpoint -- fn = 1, devfn = 176, fn+devfn = 177
[    0.131048] drivers/pci/probe.c 2220 next_fn -- functionpoint
[    0.131049] drivers/pci/probe.c 2196 pci_scan_single_device -- functionpoint
[    0.131050] drivers/pci/search.c 206 pci_get_slot -- functionpoint
[    0.131052] drivers/pci/probe.c 2035 pci_scan_device -- functionpoint
[    0.131053] drivers/pci/probe.c 2009 pci_bus_read_dev_vendor_id -- functionpoint
[    0.131070] drivers/pci/probe.c 2298 pci_scan_slot -- functionpoint -- fn = 2, devfn = 176, fn+devfn = 178
[    0.131073] drivers/pci/probe.c 2220 next_fn -- functionpoint
[    0.131073] drivers/pci/probe.c 2196 pci_scan_single_device -- functionpoint
[    0.131075] drivers/pci/search.c 206 pci_get_slot -- functionpoint
[    0.131077] drivers/pci/probe.c 2035 pci_scan_device -- functionpoint
[    0.131078] drivers/pci/probe.c 2009 pci_bus_read_dev_vendor_id -- functionpoint
[    0.131087] drivers/pci/probe.c 2048 pci_scan_device -- functionpoint -- dev_vendor: 8086, dev_device: a363
[    0.131090] drivers/pci/probe.c 1453 pci_setup_device -- functionpoint
[    0.131101] pci 0000:00:16.3: [8086:a363] type 00 class 0x070002
[    0.131104] pci 0000:00:16.3: drivers/pci/probe.c 1482 pci_setup_device functionpoint -- [8086:a363] type 00 class 0x070002
[    0.131118] drivers/pci/probe.c 1513 pci_setup_device  switch case PCI_HEADER_TYPE_NORMAL -- functionpoint
[    0.131130] pci 0000:00:16.3: reg 0x10: [io  0x4088-0x408f]
[    0.131140] pci 0000:00:16.3: reg 0x14: [mem 0xf1237000-0xf1237fff]
[    0.131179] drivers/pci/probe.c 2145 pci_device_add -- functionpoint
[    0.132225] drivers/pci/probe.c 2298 pci_scan_slot -- functionpoint -- fn = 3, devfn = 176, fn+devfn = 179
[    0.132229] drivers/pci/probe.c 2220 next_fn -- functionpoint
[    0.132229] drivers/pci/probe.c 2196 pci_scan_single_device -- functionpoint
[    0.132231] drivers/pci/search.c 206 pci_get_slot -- functionpoint
[    0.132232] drivers/pci/probe.c 2035 pci_scan_device -- functionpoint
[    0.132234] drivers/pci/probe.c 2009 pci_bus_read_dev_vendor_id -- functionpoint
[    0.132246] drivers/pci/probe.c 2298 pci_scan_slot -- functionpoint -- fn = 4, devfn = 176, fn+devfn = 180
[    0.132249] drivers/pci/probe.c 2220 next_fn -- functionpoint
[    0.132249] drivers/pci/probe.c 2196 pci_scan_single_device -- functionpoint
[    0.132251] drivers/pci/search.c 206 pci_get_slot -- functionpoint
[    0.132252] drivers/pci/probe.c 2035 pci_scan_device -- functionpoint
[    0.132254] drivers/pci/probe.c 2009 pci_bus_read_dev_vendor_id -- functionpoint
[    0.132270] drivers/pci/probe.c 2298 pci_scan_slot -- functionpoint -- fn = 5, devfn = 176, fn+devfn = 181
[    0.132273] drivers/pci/probe.c 2220 next_fn -- functionpoint
[    0.132274] drivers/pci/probe.c 2196 pci_scan_single_device -- functionpoint
[    0.132275] drivers/pci/search.c 206 pci_get_slot -- functionpoint
[    0.132277] drivers/pci/probe.c 2035 pci_scan_device -- functionpoint
[    0.132278] drivers/pci/probe.c 2009 pci_bus_read_dev_vendor_id -- functionpoint
[    0.132295] drivers/pci/probe.c 2298 pci_scan_slot -- functionpoint -- fn = 6, devfn = 176, fn+devfn = 182
[    0.132298] drivers/pci/probe.c 2220 next_fn -- functionpoint
[    0.132299] drivers/pci/probe.c 2196 pci_scan_single_device -- functionpoint
[    0.132300] drivers/pci/search.c 206 pci_get_slot -- functionpoint
[    0.132302] drivers/pci/probe.c 2035 pci_scan_device -- functionpoint
[    0.132303] drivers/pci/probe.c 2009 pci_bus_read_dev_vendor_id -- functionpoint
[    0.132320] drivers/pci/probe.c 2298 pci_scan_slot -- functionpoint -- fn = 7, devfn = 176, fn+devfn = 183
[    0.132324] drivers/pci/probe.c 2220 next_fn -- functionpoint
[    0.132324] drivers/pci/probe.c 2281 pci_scan_slot -- functionpoint
[    0.132325] drivers/pci/probe.c 2196 pci_scan_single_device -- functionpoint
[    0.132327] drivers/pci/search.c 206 pci_get_slot -- functionpoint
[    0.132329] drivers/pci/probe.c 2035 pci_scan_device -- functionpoint
[    0.132330] drivers/pci/probe.c 2009 pci_bus_read_dev_vendor_id -- functionpoint
[    0.132341] drivers/pci/probe.c 2048 pci_scan_device -- functionpoint -- dev_vendor: 8086, dev_device: a352
[    0.132345] drivers/pci/probe.c 1453 pci_setup_device -- functionpoint
[    0.132357] pci 0000:00:17.0: [8086:a352] type 00 class 0x010601
[    0.132360] pci 0000:00:17.0: drivers/pci/probe.c 1482 pci_setup_device functionpoint -- [8086:a352] type 00 class 0x010601
[    0.132375] drivers/pci/probe.c 1513 pci_setup_device  switch case PCI_HEADER_TYPE_NORMAL -- functionpoint
[    0.132390] pci 0000:00:17.0: reg 0x10: [mem 0xf1230000-0xf1231fff]
[    0.132403] pci 0000:00:17.0: reg 0x14: [mem 0xf1236000-0xf12360ff]
[    0.132414] pci 0000:00:17.0: reg 0x18: [io  0x4080-0x4087]
[    0.132425] pci 0000:00:17.0: reg 0x1c: [io  0x4090-0x4093]
[    0.132436] pci 0000:00:17.0: reg 0x20: [io  0x4060-0x407f]
[    0.132448] pci 0000:00:17.0: reg 0x24: [mem 0xf1235000-0xf12357ff]
[    0.132461] drivers/pci/probe.c 2145 pci_device_add -- functionpoint
[    0.132510] pci 0000:00:17.0: PME# supported from D3hot
[    0.133606] drivers/pci/probe.c 2288 pci_scan_slot -- functionpoint -- fn = 0, devfn = 184, fn+devfn = 184
[    0.133608] drivers/pci/probe.c 2220 next_fn -- functionpoint
[    0.133609] drivers/pci/probe.c 2281 pci_scan_slot -- functionpoint
[    0.133610] drivers/pci/probe.c 2196 pci_scan_single_device -- functionpoint
[    0.133612] drivers/pci/search.c 206 pci_get_slot -- functionpoint
[    0.133613] drivers/pci/probe.c 2035 pci_scan_device -- functionpoint
[    0.133615] drivers/pci/probe.c 2009 pci_bus_read_dev_vendor_id -- functionpoint
[    0.133633] drivers/pci/probe.c 2288 pci_scan_slot -- functionpoint -- fn = 0, devfn = 192, fn+devfn = 192
[    0.133636] drivers/pci/probe.c 2281 pci_scan_slot -- functionpoint
[    0.133636] drivers/pci/probe.c 2196 pci_scan_single_device -- functionpoint
[    0.133638] drivers/pci/search.c 206 pci_get_slot -- functionpoint
[    0.133640] drivers/pci/probe.c 2035 pci_scan_device -- functionpoint
[    0.133641] drivers/pci/probe.c 2009 pci_bus_read_dev_vendor_id -- functionpoint
[    0.133658] drivers/pci/probe.c 2288 pci_scan_slot -- functionpoint -- fn = 0, devfn = 200, fn+devfn = 200
[    0.133661] drivers/pci/probe.c 2281 pci_scan_slot -- functionpoint
[    0.133661] drivers/pci/probe.c 2196 pci_scan_single_device -- functionpoint
[    0.133663] drivers/pci/search.c 206 pci_get_slot -- functionpoint
[    0.133664] drivers/pci/probe.c 2035 pci_scan_device -- functionpoint
[    0.133666] drivers/pci/probe.c 2009 pci_bus_read_dev_vendor_id -- functionpoint
[    0.133683] drivers/pci/probe.c 2288 pci_scan_slot -- functionpoint -- fn = 0, devfn = 208, fn+devfn = 208
[    0.133686] drivers/pci/probe.c 2281 pci_scan_slot -- functionpoint
[    0.133686] drivers/pci/probe.c 2196 pci_scan_single_device -- functionpoint
[    0.133688] drivers/pci/search.c 206 pci_get_slot -- functionpoint
[    0.133689] drivers/pci/probe.c 2035 pci_scan_device -- functionpoint
[    0.133691] drivers/pci/probe.c 2009 pci_bus_read_dev_vendor_id -- functionpoint
[    0.133699] drivers/pci/probe.c 2048 pci_scan_device -- functionpoint -- dev_vendor: 8086, dev_device: a32c
[    0.133703] drivers/pci/probe.c 1453 pci_setup_device -- functionpoint
[    0.133715] pci 0000:00:1b.0: [8086:a32c] type 01 class 0x060400
[    0.133718] pci 0000:00:1b.0: drivers/pci/probe.c 1482 pci_setup_device functionpoint -- [8086:a32c] type 01 class 0x060400
[    0.133739] drivers/pci/probe.c 1566 pci_setup_device switch case PCI_HEADER_TYPE_BRIDGE -- functionpoint
[    0.133785] drivers/pci/probe.c 2145 pci_device_add -- functionpoint
[    0.133869] pci 0000:00:1b.0: PME# supported from D0 D3hot D3cold
[    0.133905] pci 0000:00:1b.0: PTM enabled (root), 4dns granularity
[    0.134992] drivers/pci/probe.c 2288 pci_scan_slot -- functionpoint -- fn = 0, devfn = 216, fn+devfn = 216
[    0.134994] drivers/pci/probe.c 2220 next_fn -- functionpoint
[    0.134995] drivers/pci/probe.c 2196 pci_scan_single_device -- functionpoint
[    0.134996] drivers/pci/search.c 206 pci_get_slot -- functionpoint
[    0.134998] drivers/pci/probe.c 2035 pci_scan_device -- functionpoint
[    0.134999] drivers/pci/probe.c 2009 pci_bus_read_dev_vendor_id -- functionpoint
[    0.135011] drivers/pci/probe.c 2298 pci_scan_slot -- functionpoint -- fn = 1, devfn = 216, fn+devfn = 217
[    0.135015] drivers/pci/probe.c 2220 next_fn -- functionpoint
[    0.135015] drivers/pci/probe.c 2196 pci_scan_single_device -- functionpoint
[    0.135016] drivers/pci/search.c 206 pci_get_slot -- functionpoint
[    0.135018] drivers/pci/probe.c 2035 pci_scan_device -- functionpoint
[    0.135019] drivers/pci/probe.c 2009 pci_bus_read_dev_vendor_id -- functionpoint
[    0.135028] drivers/pci/probe.c 2298 pci_scan_slot -- functionpoint -- fn = 2, devfn = 216, fn+devfn = 218
[    0.135032] drivers/pci/probe.c 2220 next_fn -- functionpoint
[    0.135032] drivers/pci/probe.c 2196 pci_scan_single_device -- functionpoint
[    0.135033] drivers/pci/search.c 206 pci_get_slot -- functionpoint
[    0.135035] drivers/pci/probe.c 2035 pci_scan_device -- functionpoint
[    0.135037] drivers/pci/probe.c 2009 pci_bus_read_dev_vendor_id -- functionpoint
[    0.135053] drivers/pci/probe.c 2298 pci_scan_slot -- functionpoint -- fn = 3, devfn = 216, fn+devfn = 219
[    0.135057] drivers/pci/probe.c 2220 next_fn -- functionpoint
[    0.135057] drivers/pci/probe.c 2196 pci_scan_single_device -- functionpoint
[    0.135058] drivers/pci/search.c 206 pci_get_slot -- functionpoint
[    0.135060] drivers/pci/probe.c 2035 pci_scan_device -- functionpoint
[    0.135062] drivers/pci/probe.c 2009 pci_bus_read_dev_vendor_id -- functionpoint
[    0.135071] drivers/pci/probe.c 2298 pci_scan_slot -- functionpoint -- fn = 4, devfn = 216, fn+devfn = 220
[    0.135074] drivers/pci/probe.c 2220 next_fn -- functionpoint
[    0.135074] drivers/pci/probe.c 2196 pci_scan_single_device -- functionpoint
[    0.135076] drivers/pci/search.c 206 pci_get_slot -- functionpoint
[    0.135077] drivers/pci/probe.c 2035 pci_scan_device -- functionpoint
[    0.135079] drivers/pci/probe.c 2009 pci_bus_read_dev_vendor_id -- functionpoint
[    0.135096] drivers/pci/probe.c 2298 pci_scan_slot -- functionpoint -- fn = 5, devfn = 216, fn+devfn = 221
[    0.135099] drivers/pci/probe.c 2220 next_fn -- functionpoint
[    0.135100] drivers/pci/probe.c 2196 pci_scan_single_device -- functionpoint
[    0.135101] drivers/pci/search.c 206 pci_get_slot -- functionpoint
[    0.135103] drivers/pci/probe.c 2035 pci_scan_device -- functionpoint
[    0.135104] drivers/pci/probe.c 2009 pci_bus_read_dev_vendor_id -- functionpoint
[    0.135122] drivers/pci/probe.c 2298 pci_scan_slot -- functionpoint -- fn = 6, devfn = 216, fn+devfn = 222
[    0.135125] drivers/pci/probe.c 2220 next_fn -- functionpoint
[    0.135126] drivers/pci/probe.c 2196 pci_scan_single_device -- functionpoint
[    0.135127] drivers/pci/search.c 206 pci_get_slot -- functionpoint
[    0.135129] drivers/pci/probe.c 2035 pci_scan_device -- functionpoint
[    0.135130] drivers/pci/probe.c 2009 pci_bus_read_dev_vendor_id -- functionpoint
[    0.135138] drivers/pci/probe.c 2298 pci_scan_slot -- functionpoint -- fn = 7, devfn = 216, fn+devfn = 223
[    0.135142] drivers/pci/probe.c 2220 next_fn -- functionpoint
[    0.135142] drivers/pci/probe.c 2281 pci_scan_slot -- functionpoint
[    0.135143] drivers/pci/probe.c 2196 pci_scan_single_device -- functionpoint
[    0.135145] drivers/pci/search.c 206 pci_get_slot -- functionpoint
[    0.135147] drivers/pci/probe.c 2035 pci_scan_device -- functionpoint
[    0.135148] drivers/pci/probe.c 2009 pci_bus_read_dev_vendor_id -- functionpoint
[    0.135157] drivers/pci/probe.c 2048 pci_scan_device -- functionpoint -- dev_vendor: 8086, dev_device: a33e
[    0.135160] drivers/pci/probe.c 1453 pci_setup_device -- functionpoint
[    0.135173] pci 0000:00:1c.0: [8086:a33e] type 01 class 0x060400
[    0.135175] pci 0000:00:1c.0: drivers/pci/probe.c 1482 pci_setup_device functionpoint -- [8086:a33e] type 01 class 0x060400
[    0.135196] drivers/pci/probe.c 1566 pci_setup_device switch case PCI_HEADER_TYPE_BRIDGE -- functionpoint
[    0.135241] drivers/pci/probe.c 2145 pci_device_add -- functionpoint
[    0.135322] pci 0000:00:1c.0: PME# supported from D0 D3hot D3cold
[    0.135357] pci 0000:00:1c.0: PTM enabled (root), 4dns granularity
[    0.136444] drivers/pci/probe.c 2288 pci_scan_slot -- functionpoint -- fn = 0, devfn = 224, fn+devfn = 224
[    0.136447] drivers/pci/probe.c 2220 next_fn -- functionpoint
[    0.136447] drivers/pci/probe.c 2196 pci_scan_single_device -- functionpoint
[    0.136449] drivers/pci/search.c 206 pci_get_slot -- functionpoint
[    0.136450] drivers/pci/probe.c 2035 pci_scan_device -- functionpoint
[    0.136452] drivers/pci/probe.c 2009 pci_bus_read_dev_vendor_id -- functionpoint
[    0.136464] drivers/pci/probe.c 2298 pci_scan_slot -- functionpoint -- fn = 1, devfn = 224, fn+devfn = 225
[    0.136467] drivers/pci/probe.c 2220 next_fn -- functionpoint
[    0.136467] drivers/pci/probe.c 2196 pci_scan_single_device -- functionpoint
[    0.136469] drivers/pci/search.c 206 pci_get_slot -- functionpoint
[    0.136470] drivers/pci/probe.c 2035 pci_scan_device -- functionpoint
[    0.136472] drivers/pci/probe.c 2009 pci_bus_read_dev_vendor_id -- functionpoint
[    0.136489] drivers/pci/probe.c 2298 pci_scan_slot -- functionpoint -- fn = 2, devfn = 224, fn+devfn = 226
[    0.136492] drivers/pci/probe.c 2220 next_fn -- functionpoint
[    0.136493] drivers/pci/probe.c 2196 pci_scan_single_device -- functionpoint
[    0.136494] drivers/pci/search.c 206 pci_get_slot -- functionpoint
[    0.136496] drivers/pci/probe.c 2035 pci_scan_device -- functionpoint
[    0.136497] drivers/pci/probe.c 2009 pci_bus_read_dev_vendor_id -- functionpoint
[    0.136514] drivers/pci/probe.c 2298 pci_scan_slot -- functionpoint -- fn = 3, devfn = 224, fn+devfn = 227
[    0.136518] drivers/pci/probe.c 2220 next_fn -- functionpoint
[    0.136518] drivers/pci/probe.c 2196 pci_scan_single_device -- functionpoint
[    0.136519] drivers/pci/search.c 206 pci_get_slot -- functionpoint
[    0.136521] drivers/pci/probe.c 2035 pci_scan_device -- functionpoint
[    0.136523] drivers/pci/probe.c 2009 pci_bus_read_dev_vendor_id -- functionpoint
[    0.136539] drivers/pci/probe.c 2298 pci_scan_slot -- functionpoint -- fn = 4, devfn = 224, fn+devfn = 228
[    0.136543] drivers/pci/probe.c 2220 next_fn -- functionpoint
[    0.136543] drivers/pci/probe.c 2196 pci_scan_single_device -- functionpoint
[    0.136545] drivers/pci/search.c 206 pci_get_slot -- functionpoint
[    0.136546] drivers/pci/probe.c 2035 pci_scan_device -- functionpoint
[    0.136548] drivers/pci/probe.c 2009 pci_bus_read_dev_vendor_id -- functionpoint
[    0.136564] drivers/pci/probe.c 2298 pci_scan_slot -- functionpoint -- fn = 5, devfn = 224, fn+devfn = 229
[    0.136568] drivers/pci/probe.c 2220 next_fn -- functionpoint
[    0.136568] drivers/pci/probe.c 2196 pci_scan_single_device -- functionpoint
[    0.136570] drivers/pci/search.c 206 pci_get_slot -- functionpoint
[    0.136571] drivers/pci/probe.c 2035 pci_scan_device -- functionpoint
[    0.136573] drivers/pci/probe.c 2009 pci_bus_read_dev_vendor_id -- functionpoint
[    0.136589] drivers/pci/probe.c 2298 pci_scan_slot -- functionpoint -- fn = 6, devfn = 224, fn+devfn = 230
[    0.136593] drivers/pci/probe.c 2220 next_fn -- functionpoint
[    0.136593] drivers/pci/probe.c 2196 pci_scan_single_device -- functionpoint
[    0.136595] drivers/pci/search.c 206 pci_get_slot -- functionpoint
[    0.136596] drivers/pci/probe.c 2035 pci_scan_device -- functionpoint
[    0.136598] drivers/pci/probe.c 2009 pci_bus_read_dev_vendor_id -- functionpoint
[    0.136614] drivers/pci/probe.c 2298 pci_scan_slot -- functionpoint -- fn = 7, devfn = 224, fn+devfn = 231
[    0.136618] drivers/pci/probe.c 2220 next_fn -- functionpoint
[    0.136618] drivers/pci/probe.c 2281 pci_scan_slot -- functionpoint
[    0.136620] drivers/pci/probe.c 2196 pci_scan_single_device -- functionpoint
[    0.136621] drivers/pci/search.c 206 pci_get_slot -- functionpoint
[    0.136623] drivers/pci/probe.c 2035 pci_scan_device -- functionpoint
[    0.136624] drivers/pci/probe.c 2009 pci_bus_read_dev_vendor_id -- functionpoint
[    0.136639] drivers/pci/probe.c 2288 pci_scan_slot -- functionpoint -- fn = 0, devfn = 232, fn+devfn = 232
[    0.136643] drivers/pci/probe.c 2281 pci_scan_slot -- functionpoint
[    0.136643] drivers/pci/probe.c 2196 pci_scan_single_device -- functionpoint
[    0.136645] drivers/pci/search.c 206 pci_get_slot -- functionpoint
[    0.136646] drivers/pci/probe.c 2035 pci_scan_device -- functionpoint
[    0.136648] drivers/pci/probe.c 2009 pci_bus_read_dev_vendor_id -- functionpoint
[    0.136659] drivers/pci/probe.c 2288 pci_scan_slot -- functionpoint -- fn = 0, devfn = 240, fn+devfn = 240
[    0.136662] drivers/pci/probe.c 2281 pci_scan_slot -- functionpoint
[    0.136662] drivers/pci/probe.c 2196 pci_scan_single_device -- functionpoint
[    0.136664] drivers/pci/search.c 206 pci_get_slot -- functionpoint
[    0.136665] drivers/pci/probe.c 2035 pci_scan_device -- functionpoint
[    0.136667] drivers/pci/probe.c 2009 pci_bus_read_dev_vendor_id -- functionpoint
[    0.136684] drivers/pci/probe.c 2048 pci_scan_device -- functionpoint -- dev_vendor: 8086, dev_device: a306
[    0.136688] drivers/pci/probe.c 1453 pci_setup_device -- functionpoint
[    0.136694] pci 0000:00:1f.0: [8086:a306] type 00 class 0x060100
[    0.136697] pci 0000:00:1f.0: drivers/pci/probe.c 1482 pci_setup_device functionpoint -- [8086:a306] type 00 class 0x060100
[    0.136707] drivers/pci/probe.c 1513 pci_setup_device  switch case PCI_HEADER_TYPE_NORMAL -- functionpoint
[    0.136783] drivers/pci/probe.c 2145 pci_device_add -- functionpoint
[    0.137830] drivers/pci/probe.c 2288 pci_scan_slot -- functionpoint -- fn = 0, devfn = 248, fn+devfn = 248
[    0.137833] drivers/pci/probe.c 2220 next_fn -- functionpoint
[    0.137834] drivers/pci/probe.c 2196 pci_scan_single_device -- functionpoint
[    0.137835] drivers/pci/search.c 206 pci_get_slot -- functionpoint
[    0.137837] drivers/pci/probe.c 2035 pci_scan_device -- functionpoint
[    0.137838] drivers/pci/probe.c 2009 pci_bus_read_dev_vendor_id -- functionpoint
[    0.137850] drivers/pci/probe.c 2298 pci_scan_slot -- functionpoint -- fn = 1, devfn = 248, fn+devfn = 249
[    0.137853] drivers/pci/probe.c 2220 next_fn -- functionpoint
[    0.137853] drivers/pci/probe.c 2196 pci_scan_single_device -- functionpoint
[    0.137855] drivers/pci/search.c 206 pci_get_slot -- functionpoint
[    0.137856] drivers/pci/probe.c 2035 pci_scan_device -- functionpoint
[    0.137858] drivers/pci/probe.c 2009 pci_bus_read_dev_vendor_id -- functionpoint
[    0.137875] drivers/pci/probe.c 2298 pci_scan_slot -- functionpoint -- fn = 2, devfn = 248, fn+devfn = 250
[    0.137879] drivers/pci/probe.c 2220 next_fn -- functionpoint
[    0.137879] drivers/pci/probe.c 2196 pci_scan_single_device -- functionpoint
[    0.137880] drivers/pci/search.c 206 pci_get_slot -- functionpoint
[    0.137882] drivers/pci/probe.c 2035 pci_scan_device -- functionpoint
[    0.137883] drivers/pci/probe.c 2009 pci_bus_read_dev_vendor_id -- functionpoint
[    0.137896] drivers/pci/probe.c 2048 pci_scan_device -- functionpoint -- dev_vendor: 8086, dev_device: a348
[    0.137899] drivers/pci/probe.c 1453 pci_setup_device -- functionpoint
[    0.137926] pci 0000:00:1f.3: [8086:a348] type 00 class 0x040300
[    0.137929] pci 0000:00:1f.3: drivers/pci/probe.c 1482 pci_setup_device functionpoint -- [8086:a348] type 00 class 0x040300
[    0.137962] drivers/pci/probe.c 1513 pci_setup_device  switch case PCI_HEADER_TYPE_NORMAL -- functionpoint
[    0.138004] pci 0000:00:1f.3: reg 0x10: [mem 0x4000100000-0x4000103fff 64bit]
[    0.138070] pci 0000:00:1f.3: reg 0x20: [mem 0x4000000000-0x40000fffff 64bit]
[    0.138095] drivers/pci/probe.c 2145 pci_device_add -- functionpoint
[    0.138193] pci 0000:00:1f.3: PME# supported from D3hot D3cold
[    0.139338] drivers/pci/probe.c 2298 pci_scan_slot -- functionpoint -- fn = 3, devfn = 248, fn+devfn = 251
[    0.139340] drivers/pci/probe.c 2220 next_fn -- functionpoint
[    0.139341] drivers/pci/probe.c 2196 pci_scan_single_device -- functionpoint
[    0.139342] drivers/pci/search.c 206 pci_get_slot -- functionpoint
[    0.139344] drivers/pci/probe.c 2035 pci_scan_device -- functionpoint
[    0.139346] drivers/pci/probe.c 2009 pci_bus_read_dev_vendor_id -- functionpoint
[    0.139357] drivers/pci/probe.c 2048 pci_scan_device -- functionpoint -- dev_vendor: 8086, dev_device: a323
[    0.139360] drivers/pci/probe.c 1453 pci_setup_device -- functionpoint
[    0.139380] pci 0000:00:1f.4: [8086:a323] type 00 class 0x0c0500
[    0.139383] pci 0000:00:1f.4: drivers/pci/probe.c 1482 pci_setup_device functionpoint -- [8086:a323] type 00 class 0x0c0500
[    0.139395] drivers/pci/probe.c 1513 pci_setup_device  switch case PCI_HEADER_TYPE_NORMAL -- functionpoint
[    0.139406] pci 0000:00:1f.4: reg 0x10: [mem 0x4000104000-0x40001040ff 64bit]
[    0.139467] pci 0000:00:1f.4: reg 0x20: [io  0xefa0-0xefbf]
[    0.139480] drivers/pci/probe.c 2145 pci_device_add -- functionpoint
[    0.140534] drivers/pci/probe.c 2298 pci_scan_slot -- functionpoint -- fn = 4, devfn = 248, fn+devfn = 252
[    0.140537] drivers/pci/probe.c 2220 next_fn -- functionpoint
[    0.140538] drivers/pci/probe.c 2196 pci_scan_single_device -- functionpoint
[    0.140539] drivers/pci/search.c 206 pci_get_slot -- functionpoint
[    0.140541] drivers/pci/probe.c 2035 pci_scan_device -- functionpoint
[    0.140542] drivers/pci/probe.c 2009 pci_bus_read_dev_vendor_id -- functionpoint
[    0.140559] drivers/pci/probe.c 2048 pci_scan_device -- functionpoint -- dev_vendor: 8086, dev_device: a324
[    0.140563] drivers/pci/probe.c 1453 pci_setup_device -- functionpoint
[    0.140569] pci 0000:00:1f.5: [8086:a324] type 00 class 0x0c8000
[    0.140571] pci 0000:00:1f.5: drivers/pci/probe.c 1482 pci_setup_device functionpoint -- [8086:a324] type 00 class 0x0c8000
[    0.140581] drivers/pci/probe.c 1513 pci_setup_device  switch case PCI_HEADER_TYPE_NORMAL -- functionpoint
[    0.140591] pci 0000:00:1f.5: reg 0x10: [mem 0xfe010000-0xfe010fff]
[    0.140648] drivers/pci/probe.c 2145 pci_device_add -- functionpoint
[    0.141657] drivers/pci/probe.c 2298 pci_scan_slot -- functionpoint -- fn = 5, devfn = 248, fn+devfn = 253
[    0.141660] drivers/pci/probe.c 2220 next_fn -- functionpoint
[    0.141661] drivers/pci/probe.c 2196 pci_scan_single_device -- functionpoint
[    0.141662] drivers/pci/search.c 206 pci_get_slot -- functionpoint
[    0.141664] drivers/pci/probe.c 2035 pci_scan_device -- functionpoint
[    0.141666] drivers/pci/probe.c 2009 pci_bus_read_dev_vendor_id -- functionpoint
[    0.141670] drivers/pci/probe.c 2048 pci_scan_device -- functionpoint -- dev_vendor: 8086, dev_device: 15bb
[    0.141674] drivers/pci/probe.c 1453 pci_setup_device -- functionpoint
[    0.141694] pci 0000:00:1f.6: [8086:15bb] type 00 class 0x020000
[    0.141696] pci 0000:00:1f.6: drivers/pci/probe.c 1482 pci_setup_device functionpoint -- [8086:15bb] type 00 class 0x020000
[    0.141711] drivers/pci/search.c 206 pci_get_slot -- functionpoint
[    0.141722] drivers/pci/probe.c 1513 pci_setup_device  switch case PCI_HEADER_TYPE_NORMAL -- functionpoint
[    0.141751] pci 0000:00:1f.6: reg 0x10: [mem 0xf1200000-0xf121ffff]
[    0.141886] drivers/pci/probe.c 2145 pci_device_add -- functionpoint
[    0.141970] pci 0000:00:1f.6: PME# supported from D0 D3hot D3cold
[    0.142987] drivers/pci/probe.c 2298 pci_scan_slot -- functionpoint -- fn = 6, devfn = 248, fn+devfn = 254
[    0.142989] drivers/pci/probe.c 2220 next_fn -- functionpoint
[    0.142990] drivers/pci/probe.c 2196 pci_scan_single_device -- functionpoint
[    0.142991] drivers/pci/search.c 206 pci_get_slot -- functionpoint
[    0.142993] drivers/pci/probe.c 2035 pci_scan_device -- functionpoint
[    0.142994] drivers/pci/probe.c 2009 pci_bus_read_dev_vendor_id -- functionpoint
[    0.143006] drivers/pci/probe.c 2298 pci_scan_slot -- functionpoint -- fn = 7, devfn = 248, fn+devfn = 255
[    0.143009] drivers/pci/probe.c 2220 next_fn -- functionpoint
[    0.143009] drivers/pci/probe.c 463 pci_read_bridge_bases -- functionpoint
[    0.143017] drivers/pci/search.c 144 pci_find_bus -- functionpoint
[    0.143019] drivers/pci/search.c 145 pci_find_bus functionpoint -- domain_num = 0, bus_num = 1
[    0.143022] drivers/pci/search.c 176 pci_find_next_bus -- functionpoint
[    0.143023] drivers/pci/search.c 176 pci_find_next_bus -- functionpoint
[    0.143024] drivers/pci/search.c 157 pci_find_bus not found bus -- functionpoint
[    0.143082] drivers/pci/probe.c 2009 pci_bus_read_dev_vendor_id -- functionpoint
[    0.143097] drivers/pci/probe.c 2497 pci_scan_child_bus_extend -- functionpoint
[    0.143100] pci_bus 0000:01: drivers/pci/probe.c 2501 pci_scan_child_bus_extend-- functionpoint -- scanning bus
[    0.143104] drivers/pci/probe.c 2281 pci_scan_slot -- functionpoint
[    0.143104] drivers/pci/probe.c 2196 pci_scan_single_device -- functionpoint
[    0.143106] drivers/pci/search.c 206 pci_get_slot -- functionpoint
[    0.143107] drivers/pci/probe.c 2035 pci_scan_device -- functionpoint
[    0.143109] drivers/pci/probe.c 2009 pci_bus_read_dev_vendor_id -- functionpoint
[    0.143117] drivers/pci/probe.c 2048 pci_scan_device -- functionpoint -- dev_vendor: 1c5c, dev_device: 1339
[    0.143120] drivers/pci/probe.c 1453 pci_setup_device -- functionpoint
[    0.143137] pci 0000:01:00.0: [1c5c:1339] type 00 class 0x010802
[    0.143140] pci 0000:01:00.0: drivers/pci/probe.c 1482 pci_setup_device functionpoint -- [1c5c:1339] type 00 class 0x010802
[    0.143166] drivers/pci/probe.c 1513 pci_setup_device  switch case PCI_HEADER_TYPE_NORMAL -- functionpoint
[    0.143187] pci 0000:01:00.0: reg 0x10: [mem 0xf1100000-0xf1103fff 64bit]
[    0.143243] drivers/pci/probe.c 2145 pci_device_add -- functionpoint
[    0.143340] pci 0000:01:00.0: supports D1
[    0.143343] pci 0000:01:00.0: PME# supported from D0 D1 D3hot
[    0.143436] drivers/pci/probe.c 2288 pci_scan_slot -- functionpoint -- fn = 0, devfn = 0, fn+devfn = 0
[    0.143438] drivers/pci/probe.c 2220 next_fn -- functionpoint
[    0.152072] drivers/pci/probe.c 2281 pci_scan_slot -- functionpoint
[    0.152074] drivers/pci/probe.c 2281 pci_scan_slot -- functionpoint
[    0.152075] drivers/pci/probe.c 2281 pci_scan_slot -- functionpoint
[    0.152077] drivers/pci/probe.c 2281 pci_scan_slot -- functionpoint
[    0.152078] drivers/pci/probe.c 2281 pci_scan_slot -- functionpoint
[    0.152080] drivers/pci/probe.c 2281 pci_scan_slot -- functionpoint
[    0.152081] drivers/pci/probe.c 2281 pci_scan_slot -- functionpoint
[    0.152083] drivers/pci/probe.c 2281 pci_scan_slot -- functionpoint
[    0.152084] drivers/pci/probe.c 2281 pci_scan_slot -- functionpoint
[    0.152086] drivers/pci/probe.c 2281 pci_scan_slot -- functionpoint
[    0.152087] drivers/pci/probe.c 2281 pci_scan_slot -- functionpoint
[    0.152089] drivers/pci/probe.c 2281 pci_scan_slot -- functionpoint
[    0.152090] drivers/pci/probe.c 2281 pci_scan_slot -- functionpoint
[    0.152092] drivers/pci/probe.c 2281 pci_scan_slot -- functionpoint
[    0.152094] drivers/pci/probe.c 2281 pci_scan_slot -- functionpoint
[    0.152095] drivers/pci/probe.c 2281 pci_scan_slot -- functionpoint
[    0.152097] drivers/pci/probe.c 2281 pci_scan_slot -- functionpoint
[    0.152098] drivers/pci/probe.c 2281 pci_scan_slot -- functionpoint
[    0.152100] drivers/pci/probe.c 2281 pci_scan_slot -- functionpoint
[    0.152101] drivers/pci/probe.c 2281 pci_scan_slot -- functionpoint
[    0.152103] drivers/pci/probe.c 2281 pci_scan_slot -- functionpoint
[    0.152104] drivers/pci/probe.c 2281 pci_scan_slot -- functionpoint
[    0.152106] drivers/pci/probe.c 2281 pci_scan_slot -- functionpoint
[    0.152107] drivers/pci/probe.c 2281 pci_scan_slot -- functionpoint
[    0.152108] drivers/pci/probe.c 2281 pci_scan_slot -- functionpoint
[    0.152110] drivers/pci/probe.c 2281 pci_scan_slot -- functionpoint
[    0.152111] drivers/pci/probe.c 2281 pci_scan_slot -- functionpoint
[    0.152113] drivers/pci/probe.c 2281 pci_scan_slot -- functionpoint
[    0.152115] drivers/pci/probe.c 2281 pci_scan_slot -- functionpoint
[    0.152116] drivers/pci/probe.c 2281 pci_scan_slot -- functionpoint
[    0.152117] drivers/pci/probe.c 2281 pci_scan_slot -- functionpoint
[    0.152119] drivers/pci/probe.c 463 pci_read_bridge_bases -- functionpoint
[    0.152122] pci 0000:00:1b.0: PCI bridge to [bus 01]
[    0.152134] pci 0000:00:1b.0:   bridge window [mem 0xf1100000-0xf11fffff]
[    0.152141] pci_bus 0000:01: drivers/pci/probe.c 2599 pci_scan_child_bus_extend -- functionpoint -- bus scan returning with max=01
[    0.152151] drivers/pci/search.c 144 pci_find_bus -- functionpoint
[    0.152152] drivers/pci/search.c 145 pci_find_bus functionpoint -- domain_num = 0, bus_num = 2
[    0.152155] drivers/pci/search.c 176 pci_find_next_bus -- functionpoint
[    0.152155] drivers/pci/search.c 176 pci_find_next_bus -- functionpoint
[    0.152157] drivers/pci/search.c 157 pci_find_bus not found bus -- functionpoint
[    0.152205] drivers/pci/probe.c 2009 pci_bus_read_dev_vendor_id -- functionpoint
[    0.152221] drivers/pci/probe.c 2497 pci_scan_child_bus_extend -- functionpoint
[    0.152223] pci_bus 0000:02: drivers/pci/probe.c 2501 pci_scan_child_bus_extend-- functionpoint -- scanning bus
[    0.152226] drivers/pci/probe.c 2281 pci_scan_slot -- functionpoint
[    0.152227] drivers/pci/probe.c 2196 pci_scan_single_device -- functionpoint
[    0.152228] drivers/pci/search.c 206 pci_get_slot -- functionpoint
[    0.152230] drivers/pci/probe.c 2035 pci_scan_device -- functionpoint
[    0.152231] drivers/pci/probe.c 2009 pci_bus_read_dev_vendor_id -- functionpoint
[    0.152245] drivers/pci/probe.c 2048 pci_scan_device -- functionpoint -- dev_vendor: 1283, dev_device: 8893
[    0.152248] drivers/pci/probe.c 1453 pci_setup_device -- functionpoint
[    0.152287] pci 0000:02:00.0: [1283:8893] type 01 class 0x060401
[    0.152290] pci 0000:02:00.0: drivers/pci/probe.c 1482 pci_setup_device functionpoint -- [1283:8893] type 01 class 0x060401
[    0.152346] drivers/pci/probe.c 1566 pci_setup_device switch case PCI_HEADER_TYPE_BRIDGE -- functionpoint
[    0.152542] drivers/pci/probe.c 2145 pci_device_add -- functionpoint
[    0.152720] pci 0000:02:00.0: supports D1 D2
[    0.152722] pci 0000:02:00.0: PME# supported from D0 D1 D2 D3hot D3cold
[    0.152837] drivers/pci/probe.c 2288 pci_scan_slot -- functionpoint -- fn = 0, devfn = 0, fn+devfn = 0
[    0.152840] drivers/pci/probe.c 2220 next_fn -- functionpoint
[    0.152848] drivers/pci/probe.c 2281 pci_scan_slot -- functionpoint
[    0.152850] drivers/pci/probe.c 2281 pci_scan_slot -- functionpoint
[    0.152851] drivers/pci/probe.c 2281 pci_scan_slot -- functionpoint
[    0.152853] drivers/pci/probe.c 2281 pci_scan_slot -- functionpoint
[    0.152854] drivers/pci/probe.c 2281 pci_scan_slot -- functionpoint
[    0.152856] drivers/pci/probe.c 2281 pci_scan_slot -- functionpoint
[    0.152857] drivers/pci/probe.c 2281 pci_scan_slot -- functionpoint
[    0.152859] drivers/pci/probe.c 2281 pci_scan_slot -- functionpoint
[    0.152860] drivers/pci/probe.c 2281 pci_scan_slot -- functionpoint
[    0.152862] drivers/pci/probe.c 2281 pci_scan_slot -- functionpoint
[    0.152863] drivers/pci/probe.c 2281 pci_scan_slot -- functionpoint
[    0.152865] drivers/pci/probe.c 2281 pci_scan_slot -- functionpoint
[    0.152866] drivers/pci/probe.c 2281 pci_scan_slot -- functionpoint
[    0.152868] drivers/pci/probe.c 2281 pci_scan_slot -- functionpoint
[    0.152869] drivers/pci/probe.c 2281 pci_scan_slot -- functionpoint
[    0.152871] drivers/pci/probe.c 2281 pci_scan_slot -- functionpoint
[    0.152872] drivers/pci/probe.c 2281 pci_scan_slot -- functionpoint
[    0.152874] drivers/pci/probe.c 2281 pci_scan_slot -- functionpoint
[    0.152875] drivers/pci/probe.c 2281 pci_scan_slot -- functionpoint
[    0.152877] drivers/pci/probe.c 2281 pci_scan_slot -- functionpoint
[    0.152878] drivers/pci/probe.c 2281 pci_scan_slot -- functionpoint
[    0.152880] drivers/pci/probe.c 2281 pci_scan_slot -- functionpoint
[    0.152881] drivers/pci/probe.c 2281 pci_scan_slot -- functionpoint
[    0.152883] drivers/pci/probe.c 2281 pci_scan_slot -- functionpoint
[    0.152884] drivers/pci/probe.c 2281 pci_scan_slot -- functionpoint
[    0.152885] drivers/pci/probe.c 2281 pci_scan_slot -- functionpoint
[    0.152887] drivers/pci/probe.c 2281 pci_scan_slot -- functionpoint
[    0.152888] drivers/pci/probe.c 2281 pci_scan_slot -- functionpoint
[    0.152890] drivers/pci/probe.c 2281 pci_scan_slot -- functionpoint
[    0.152891] drivers/pci/probe.c 2281 pci_scan_slot -- functionpoint
[    0.152893] drivers/pci/probe.c 2281 pci_scan_slot -- functionpoint
[    0.152895] drivers/pci/probe.c 463 pci_read_bridge_bases -- functionpoint
[    0.152897] pci 0000:00:1c.0: PCI bridge to [bus 02-03]
[    0.152907] pci 0000:00:1c.0:   bridge window [io  0x3000-0x3fff]
[    0.152911] pci 0000:00:1c.0:   bridge window [mem 0xf1000000-0xf10fffff]
[    0.152925] drivers/pci/search.c 144 pci_find_bus -- functionpoint
[    0.152926] drivers/pci/search.c 145 pci_find_bus functionpoint -- domain_num = 0, bus_num = 3
[    0.152929] drivers/pci/search.c 176 pci_find_next_bus -- functionpoint
[    0.152930] drivers/pci/search.c 176 pci_find_next_bus -- functionpoint
[    0.152931] drivers/pci/search.c 157 pci_find_bus not found bus -- functionpoint
[    0.152984] drivers/pci/probe.c 2497 pci_scan_child_bus_extend -- functionpoint
[    0.152987] pci_bus 0000:03: drivers/pci/probe.c 2501 pci_scan_child_bus_extend-- functionpoint -- scanning bus
[    0.152990] drivers/pci/probe.c 2281 pci_scan_slot -- functionpoint
[    0.152991] drivers/pci/probe.c 2196 pci_scan_single_device -- functionpoint
[    0.152992] drivers/pci/search.c 206 pci_get_slot -- functionpoint
[    0.152994] drivers/pci/probe.c 2035 pci_scan_device -- functionpoint
[    0.152995] drivers/pci/probe.c 2009 pci_bus_read_dev_vendor_id -- functionpoint
[    0.153005] drivers/pci/probe.c 2048 pci_scan_device -- functionpoint -- dev_vendor: 1317, dev_device: 985
[    0.153008] drivers/pci/probe.c 1453 pci_setup_device -- functionpoint
[    0.153025] pci 0000:03:00.0: [1317:0985] type 00 class 0x020000
[    0.153028] pci 0000:03:00.0: drivers/pci/probe.c 1482 pci_setup_device functionpoint -- [1317:0985] type 00 class 0x020000
[    0.153052] drivers/pci/probe.c 1513 pci_setup_device  switch case PCI_HEADER_TYPE_NORMAL -- functionpoint
[    0.153074] pci 0000:03:00.0: reg 0x10: [io  0x3000-0x30ff]
[    0.153092] pci 0000:03:00.0: reg 0x14: [mem 0xf1000000-0xf10003ff]
[    0.153169] pci 0000:03:00.0: reg 0x30: [mem 0xfffe0000-0xffffffff pref]
[    0.153176] drivers/pci/probe.c 2145 pci_device_add -- functionpoint
[    0.153242] pci 0000:03:00.0: supports D1 D2
[    0.153244] pci 0000:03:00.0: PME# supported from D0 D1 D2 D3hot D3cold
[    0.153280] drivers/pci/probe.c 2288 pci_scan_slot -- functionpoint -- fn = 0, devfn = 0, fn+devfn = 0
[    0.153282] drivers/pci/probe.c 2220 next_fn -- functionpoint
[    0.153282] drivers/pci/probe.c 2281 pci_scan_slot -- functionpoint
[    0.153284] drivers/pci/probe.c 2196 pci_scan_single_device -- functionpoint
[    0.153285] drivers/pci/search.c 206 pci_get_slot -- functionpoint
[    0.153287] drivers/pci/probe.c 2035 pci_scan_device -- functionpoint
[    0.153289] drivers/pci/probe.c 2009 pci_bus_read_dev_vendor_id -- functionpoint
[    0.153294] drivers/pci/probe.c 2288 pci_scan_slot -- functionpoint -- fn = 0, devfn = 8, fn+devfn = 8
[    0.153297] drivers/pci/probe.c 2281 pci_scan_slot -- functionpoint
[    0.153297] drivers/pci/probe.c 2196 pci_scan_single_device -- functionpoint
[    0.153299] drivers/pci/search.c 206 pci_get_slot -- functionpoint
[    0.153300] drivers/pci/probe.c 2035 pci_scan_device -- functionpoint
[    0.153302] drivers/pci/probe.c 2009 pci_bus_read_dev_vendor_id -- functionpoint
[    0.153313] drivers/pci/probe.c 2288 pci_scan_slot -- functionpoint -- fn = 0, devfn = 16, fn+devfn = 16
[    0.153317] drivers/pci/probe.c 2281 pci_scan_slot -- functionpoint
[    0.153317] drivers/pci/probe.c 2196 pci_scan_single_device -- functionpoint
[    0.153319] drivers/pci/search.c 206 pci_get_slot -- functionpoint
[    0.153320] drivers/pci/probe.c 2035 pci_scan_device -- functionpoint
[    0.153322] drivers/pci/probe.c 2009 pci_bus_read_dev_vendor_id -- functionpoint
[    0.153333] drivers/pci/probe.c 2288 pci_scan_slot -- functionpoint -- fn = 0, devfn = 24, fn+devfn = 24
[    0.153336] drivers/pci/probe.c 2281 pci_scan_slot -- functionpoint
[    0.153336] drivers/pci/probe.c 2196 pci_scan_single_device -- functionpoint
[    0.153338] drivers/pci/search.c 206 pci_get_slot -- functionpoint
[    0.153340] drivers/pci/probe.c 2035 pci_scan_device -- functionpoint
[    0.153341] drivers/pci/probe.c 2009 pci_bus_read_dev_vendor_id -- functionpoint
[    0.153345] drivers/pci/probe.c 2288 pci_scan_slot -- functionpoint -- fn = 0, devfn = 32, fn+devfn = 32
[    0.153349] drivers/pci/probe.c 2281 pci_scan_slot -- functionpoint
[    0.153349] drivers/pci/probe.c 2196 pci_scan_single_device -- functionpoint
[    0.153351] drivers/pci/search.c 206 pci_get_slot -- functionpoint
[    0.153352] drivers/pci/probe.c 2035 pci_scan_device -- functionpoint
[    0.153354] drivers/pci/probe.c 2009 pci_bus_read_dev_vendor_id -- functionpoint
[    0.153359] drivers/pci/probe.c 2288 pci_scan_slot -- functionpoint -- fn = 0, devfn = 40, fn+devfn = 40
[    0.153362] drivers/pci/probe.c 2281 pci_scan_slot -- functionpoint
[    0.153362] drivers/pci/probe.c 2196 pci_scan_single_device -- functionpoint
[    0.153364] drivers/pci/search.c 206 pci_get_slot -- functionpoint
[    0.153365] drivers/pci/probe.c 2035 pci_scan_device -- functionpoint
[    0.153367] drivers/pci/probe.c 2009 pci_bus_read_dev_vendor_id -- functionpoint
[    0.153372] drivers/pci/probe.c 2288 pci_scan_slot -- functionpoint -- fn = 0, devfn = 48, fn+devfn = 48
[    0.153375] drivers/pci/probe.c 2281 pci_scan_slot -- functionpoint
[    0.153375] drivers/pci/probe.c 2196 pci_scan_single_device -- functionpoint
[    0.153377] drivers/pci/search.c 206 pci_get_slot -- functionpoint
[    0.153378] drivers/pci/probe.c 2035 pci_scan_device -- functionpoint
[    0.153380] drivers/pci/probe.c 2009 pci_bus_read_dev_vendor_id -- functionpoint
[    0.153385] drivers/pci/probe.c 2288 pci_scan_slot -- functionpoint -- fn = 0, devfn = 56, fn+devfn = 56
[    0.153388] drivers/pci/probe.c 2281 pci_scan_slot -- functionpoint
[    0.153388] drivers/pci/probe.c 2196 pci_scan_single_device -- functionpoint
[    0.153390] drivers/pci/search.c 206 pci_get_slot -- functionpoint
[    0.153392] drivers/pci/probe.c 2035 pci_scan_device -- functionpoint
[    0.153393] drivers/pci/probe.c 2009 pci_bus_read_dev_vendor_id -- functionpoint
[    0.153398] drivers/pci/probe.c 2288 pci_scan_slot -- functionpoint -- fn = 0, devfn = 64, fn+devfn = 64
[    0.153401] drivers/pci/probe.c 2281 pci_scan_slot -- functionpoint
[    0.153402] drivers/pci/probe.c 2196 pci_scan_single_device -- functionpoint
[    0.153403] drivers/pci/search.c 206 pci_get_slot -- functionpoint
[    0.153405] drivers/pci/probe.c 2035 pci_scan_device -- functionpoint
[    0.153406] drivers/pci/probe.c 2009 pci_bus_read_dev_vendor_id -- functionpoint
[    0.153417] drivers/pci/probe.c 2288 pci_scan_slot -- functionpoint -- fn = 0, devfn = 72, fn+devfn = 72
[    0.153420] drivers/pci/probe.c 2281 pci_scan_slot -- functionpoint
[    0.153421] drivers/pci/probe.c 2196 pci_scan_single_device -- functionpoint
[    0.153422] drivers/pci/search.c 206 pci_get_slot -- functionpoint
[    0.153424] drivers/pci/probe.c 2035 pci_scan_device -- functionpoint
[    0.153425] drivers/pci/probe.c 2009 pci_bus_read_dev_vendor_id -- functionpoint
[    0.153430] drivers/pci/probe.c 2288 pci_scan_slot -- functionpoint -- fn = 0, devfn = 80, fn+devfn = 80
[    0.153433] drivers/pci/probe.c 2281 pci_scan_slot -- functionpoint
[    0.153434] drivers/pci/probe.c 2196 pci_scan_single_device -- functionpoint
[    0.153435] drivers/pci/search.c 206 pci_get_slot -- functionpoint
[    0.153437] drivers/pci/probe.c 2035 pci_scan_device -- functionpoint
[    0.153438] drivers/pci/probe.c 2009 pci_bus_read_dev_vendor_id -- functionpoint
[    0.153450] drivers/pci/probe.c 2288 pci_scan_slot -- functionpoint -- fn = 0, devfn = 88, fn+devfn = 88
[    0.153453] drivers/pci/probe.c 2281 pci_scan_slot -- functionpoint
[    0.153453] drivers/pci/probe.c 2196 pci_scan_single_device -- functionpoint
[    0.153455] drivers/pci/search.c 206 pci_get_slot -- functionpoint
[    0.153456] drivers/pci/probe.c 2035 pci_scan_device -- functionpoint
[    0.153458] drivers/pci/probe.c 2009 pci_bus_read_dev_vendor_id -- functionpoint
[    0.153469] drivers/pci/probe.c 2288 pci_scan_slot -- functionpoint -- fn = 0, devfn = 96, fn+devfn = 96
[    0.153472] drivers/pci/probe.c 2281 pci_scan_slot -- functionpoint
[    0.153473] drivers/pci/probe.c 2196 pci_scan_single_device -- functionpoint
[    0.153474] drivers/pci/search.c 206 pci_get_slot -- functionpoint
[    0.153476] drivers/pci/probe.c 2035 pci_scan_device -- functionpoint
[    0.153477] drivers/pci/probe.c 2009 pci_bus_read_dev_vendor_id -- functionpoint
[    0.153482] drivers/pci/probe.c 2288 pci_scan_slot -- functionpoint -- fn = 0, devfn = 104, fn+devfn = 104
[    0.153486] drivers/pci/probe.c 2281 pci_scan_slot -- functionpoint
[    0.153486] drivers/pci/probe.c 2196 pci_scan_single_device -- functionpoint
[    0.153487] drivers/pci/search.c 206 pci_get_slot -- functionpoint
[    0.153489] drivers/pci/probe.c 2035 pci_scan_device -- functionpoint
[    0.153491] drivers/pci/probe.c 2009 pci_bus_read_dev_vendor_id -- functionpoint
[    0.153500] drivers/pci/probe.c 2288 pci_scan_slot -- functionpoint -- fn = 0, devfn = 112, fn+devfn = 112
[    0.153504] drivers/pci/probe.c 2281 pci_scan_slot -- functionpoint
[    0.153504] drivers/pci/probe.c 2196 pci_scan_single_device -- functionpoint
[    0.153506] drivers/pci/search.c 206 pci_get_slot -- functionpoint
[    0.153507] drivers/pci/probe.c 2035 pci_scan_device -- functionpoint
[    0.153509] drivers/pci/probe.c 2009 pci_bus_read_dev_vendor_id -- functionpoint
[    0.153514] drivers/pci/probe.c 2288 pci_scan_slot -- functionpoint -- fn = 0, devfn = 120, fn+devfn = 120
[    0.153517] drivers/pci/probe.c 2281 pci_scan_slot -- functionpoint
[    0.153517] drivers/pci/probe.c 2196 pci_scan_single_device -- functionpoint
[    0.153519] drivers/pci/search.c 206 pci_get_slot -- functionpoint
[    0.153520] drivers/pci/probe.c 2035 pci_scan_device -- functionpoint
[    0.153522] drivers/pci/probe.c 2009 pci_bus_read_dev_vendor_id -- functionpoint
[    0.153534] drivers/pci/probe.c 2288 pci_scan_slot -- functionpoint -- fn = 0, devfn = 128, fn+devfn = 128
[    0.153537] drivers/pci/probe.c 2281 pci_scan_slot -- functionpoint
[    0.153538] drivers/pci/probe.c 2196 pci_scan_single_device -- functionpoint
[    0.153539] drivers/pci/search.c 206 pci_get_slot -- functionpoint
[    0.153541] drivers/pci/probe.c 2035 pci_scan_device -- functionpoint
[    0.153542] drivers/pci/probe.c 2009 pci_bus_read_dev_vendor_id -- functionpoint
[    0.153554] drivers/pci/probe.c 2288 pci_scan_slot -- functionpoint -- fn = 0, devfn = 136, fn+devfn = 136
[    0.153557] drivers/pci/probe.c 2281 pci_scan_slot -- functionpoint
[    0.153557] drivers/pci/probe.c 2196 pci_scan_single_device -- functionpoint
[    0.153559] drivers/pci/search.c 206 pci_get_slot -- functionpoint
[    0.153560] drivers/pci/probe.c 2035 pci_scan_device -- functionpoint
[    0.153562] drivers/pci/probe.c 2009 pci_bus_read_dev_vendor_id -- functionpoint
[    0.153567] drivers/pci/probe.c 2288 pci_scan_slot -- functionpoint -- fn = 0, devfn = 144, fn+devfn = 144
[    0.153570] drivers/pci/probe.c 2281 pci_scan_slot -- functionpoint
[    0.153570] drivers/pci/probe.c 2196 pci_scan_single_device -- functionpoint
[    0.153572] drivers/pci/search.c 206 pci_get_slot -- functionpoint
