[    0.000000] microcode: microcode updated early to revision 0xd6, date = 2020-04-23
[    0.000000] Linux version 4.15.9+ (root@Yee-680G4) (gcc version 5.5.0 20171010 (Ubuntu 5.5.0-12ubuntu1~16.04)) #29 SMP Tue Oct 13 11:19:15 CST 2020
[    0.000000] Command line: BOOT_IMAGE=/boot/vmlinuz-4.15.9+ root=UUID=da0e40f1-3840-43a9-b61a-7b465a7673d3 ro quiet splash vt.handoff=7
[    0.000000] KERNEL supported cpus:
[    0.000000]   Intel GenuineIntel
[    0.000000]   AMD AuthenticAMD
[    0.000000]   Centaur CentaurHauls
[    0.000000] x86/fpu: Supporting XSAVE feature 0x001: 'x87 floating point registers'
[    0.000000] x86/fpu: Supporting XSAVE feature 0x002: 'SSE registers'
[    0.000000] x86/fpu: Supporting XSAVE feature 0x004: 'AVX registers'
[    0.000000] x86/fpu: Supporting XSAVE feature 0x008: 'MPX bounds registers'
[    0.000000] x86/fpu: Supporting XSAVE feature 0x010: 'MPX CSR'
[    0.000000] x86/fpu: xstate_offset[2]:  576, xstate_sizes[2]:  256
[    0.000000] x86/fpu: xstate_offset[3]:  832, xstate_sizes[3]:   64
[    0.000000] x86/fpu: xstate_offset[4]:  896, xstate_sizes[4]:   64
[    0.000000] x86/fpu: Enabled xstate features 0x1f, context size is 960 bytes, using 'compacted' format.
[    0.000000] e820: BIOS-provided physical RAM map:
[    0.000000] BIOS-e820: [mem 0x0000000000000000-0x000000000009efff] usable
[    0.000000] BIOS-e820: [mem 0x000000000009f000-0x00000000000fffff] reserved
[    0.000000] BIOS-e820: [mem 0x0000000000100000-0x00000000be6aafff] usable
[    0.000000] BIOS-e820: [mem 0x00000000be6ab000-0x00000000bf98efff] reserved
[    0.000000] BIOS-e820: [mem 0x00000000bf98f000-0x00000000bfb8efff] ACPI NVS
[    0.000000] BIOS-e820: [mem 0x00000000bfb8f000-0x00000000bfc0efff] ACPI data
[    0.000000] BIOS-e820: [mem 0x00000000bfc0f000-0x00000000bfc0ffff] usable
[    0.000000] BIOS-e820: [mem 0x00000000bfc10000-0x00000000d47fffff] reserved
[    0.000000] BIOS-e820: [mem 0x00000000fe010000-0x00000000fe010fff] reserved
[    0.000000] BIOS-e820: [mem 0x00000000ff000000-0x00000000ffffffff] reserved
[    0.000000] BIOS-e820: [mem 0x0000000100000000-0x00000004277fffff] usable
[    0.000000] NX (Execute Disable) protection: active
[    0.000000] efi: EFI v2.60 by HP
[    0.000000] efi:  ACPI=0xbfc0e000  ACPI 2.0=0xbfc0e014  SMBIOS=0xbee75000  ESRT=0xbee76018  MEMATTR=0xaf753018 
[    0.000000] random: fast init done
[    0.000000] SMBIOS 3.1 present.
[    0.000000] DMI: HP HP ProDesk 680 G4 MT/8580, BIOS R04 Ver. 02.11.01 04/27/2020
[    0.000000] e820: update [mem 0x00000000-0x00000fff] usable ==> reserved
[    0.000000] e820: remove [mem 0x000a0000-0x000fffff] usable
[    0.000000] e820: last_pfn = 0x427800 max_arch_pfn = 0x400000000
[    0.000000] MTRR default type: write-back
[    0.000000] MTRR fixed ranges enabled:
[    0.000000]   00000-9FFFF write-back
[    0.000000]   A0000-BFFFF uncachable
[    0.000000]   C0000-FFFFF write-protect
[    0.000000] MTRR variable ranges enabled:
[    0.000000]   0 base 00E0000000 mask 7FE0000000 uncachable
[    0.000000]   1 base 00D0000000 mask 7FF0000000 uncachable
[    0.000000]   2 base 00C8000000 mask 7FF8000000 uncachable
[    0.000000]   3 base 00C4000000 mask 7FFC000000 uncachable
[    0.000000]   4 base 2000000000 mask 6000000000 uncachable
[    0.000000]   5 base 1000000000 mask 7000000000 uncachable
[    0.000000]   6 base 0800000000 mask 7800000000 uncachable
[    0.000000]   7 base 4000000000 mask 4000000000 uncachable
[    0.000000]   8 disabled
[    0.000000]   9 disabled
[    0.000000] x86/PAT: Configuration [0-7]: WB  WC  UC- UC  WB  WP  UC- WT  
[    0.000000] e820: last_pfn = 0xbfc10 max_arch_pfn = 0x400000000
[    0.000000] esrt: Reserving ESRT space from 0x00000000bee76018 to 0x00000000bee76050.
[    0.000000] Scanning 1 areas for low memory corruption
[    0.000000] Base memory trampoline at [        (ptrval)] 99000 size 24576
[    0.000000] Using GB pages for direct mapping
[    0.000000] BRK [0x169f3a000, 0x169f3afff] PGTABLE
[    0.000000] BRK [0x169f3b000, 0x169f3bfff] PGTABLE
[    0.000000] BRK [0x169f3c000, 0x169f3cfff] PGTABLE
[    0.000000] BRK [0x169f3d000, 0x169f3dfff] PGTABLE
[    0.000000] BRK [0x169f3e000, 0x169f3efff] PGTABLE
[    0.000000] BRK [0x169f3f000, 0x169f3ffff] PGTABLE
[    0.000000] BRK [0x169f40000, 0x169f40fff] PGTABLE
[    0.000000] BRK [0x169f41000, 0x169f41fff] PGTABLE
[    0.000000] Secure boot could not be determined
[    0.000000] RAMDISK: [mem 0x23329000-0x3e1b0fff]
[    0.000000] ACPI: Early table checksum verification disabled
[    0.000000] ACPI: RSDP 0x00000000BFC0E014 000024 (v02 HPQOEM)
[    0.000000] ACPI: XSDT 0x00000000BFBC7188 0000DC (v01 HPQOEM SLIC-BPC 00000000 INTL 20160422)
[    0.000000] ACPI: FACP 0x00000000BFC08000 000114 (v06 HPQOEM SLIC-BPC 00000000 HP   00000001)
[    0.000000] ACPI: DSDT 0x00000000BFBE5000 01E092 (v02 HPQOEM 8580     00000000 INTL 20160527)
[    0.000000] ACPI: FACS 0x00000000BFB3F000 000040
[    0.000000] ACPI: SSDT 0x00000000BFC0C000 00012A (v02 HP     ShmTable 00000001 INTL 20160527)
[    0.000000] ACPI: SSDT 0x00000000BFC0A000 001B5F (v02 CpuRef CpuSsdt  00003000 INTL 20160527)
[    0.000000] ACPI: SSDT 0x00000000BFC09000 0009CF (v02 CtdpB  CtdpB    00001000 INTL 20160527)
[    0.000000] ACPI: HPET 0x00000000BFC07000 000038 (v01 HPQOEM 8580     00000001 HP   00000001)
[    0.000000] ACPI: APIC 0x00000000BFC06000 00012C (v03 HPQOEM 8580     00000001 HP   00000001)
[    0.000000] ACPI: MCFG 0x00000000BFC05000 00003C (v01 HPQOEM 8580     00000001 HP   00000001)
[    0.000000] ACPI: WSMT 0x00000000BFC04000 000028 (v01 HPQOEM 8580     00000001 HP   00000001)
[    0.000000] ACPI: SSDT 0x00000000BFBE4000 000734 (v01 HPQOEM PtidDevc 00001000 INTL 20160527)
[    0.000000] ACPI: SSDT 0x00000000BFBE3000 000B27 (v02 HPQOEM HP_XHC_P 00000000 INTL 20160527)
[    0.000000] ACPI: SSDT 0x00000000BFBDF000 0030ED (v02 SaSsdt SaSsdt   00003000 INTL 20160527)
[    0.000000] ACPI: LPIT 0x00000000BFBDE000 000094 (v01 INTEL  CFL      20170001 INTL 20160422)
[    0.000000] ACPI: WSMT 0x00000000BFBDD000 000028 (v01 INTEL  CFL      20170001 INTL 20160422)
[    0.000000] ACPI: SSDT 0x00000000BFBDC000 00044C (v02 INTEL  Wwan     00000001 INTL 20160527)
[    0.000000] ACPI: UEFI 0x00000000BFB39000 000042 (v01 INTEL  CFL      20170001 INTL 20160422)
[    0.000000] ACPI: OEML 0x00000000BFBDB000 000028 (v03 INTEL  CFL      20170001 INTL 20160422)
[    0.000000] ACPI: DMAR 0x00000000BFBDA000 0000C8 (v01 INTEL  CFL      00000002      01000013)
[    0.000000] ACPI: SSDT 0x00000000BFBCB000 00E899 (v01 HP     HPINDTWL 00001000 INTL 20160527)
[    0.000000] ACPI: SSDT 0x00000000BFBCA000 000032 (v01 HP     HPCONDEV 00001000 INTL 20160527)
[    0.000000] ACPI: SSDT 0x00000000BFBC9000 000069 (v01 HP     HPCAHWID 00001000 INTL 20160527)
[    0.000000] ACPI: ASF! 0x00000000BFBC8000 0000A0 (v32 HPQOEM  UYA     20170001 INTL 20160422)
[    0.000000] ACPI: FPDT 0x00000000BFC0D000 000044 (v01 INTEL  CFL      20170001 INTL 20160422)
[    0.000000] ACPI: BGRT 0x00000000BFBC6000 000038 (v01 INTEL  CFL      20170001 INTL 20160422)
[    0.000000] ACPI: Local APIC address 0xfee00000
[    0.000000] No NUMA configuration found
[    0.000000] Faking a node at [mem 0x0000000000000000-0x00000004277fffff]
[    0.000000] NODE_DATA(0) allocated [mem 0x4277d5000-0x4277fffff]
[    0.000000] Zone ranges:
[    0.000000]   DMA      [mem 0x0000000000001000-0x0000000000ffffff]
[    0.000000]   DMA32    [mem 0x0000000001000000-0x00000000ffffffff]
[    0.000000]   Normal   [mem 0x0000000100000000-0x00000004277fffff]
[    0.000000]   Device   empty
[    0.000000] Movable zone start for each node
[    0.000000] Early memory node ranges
[    0.000000]   node   0: [mem 0x0000000000001000-0x000000000009efff]
[    0.000000]   node   0: [mem 0x0000000000100000-0x00000000be6aafff]
[    0.000000]   node   0: [mem 0x00000000bfc0f000-0x00000000bfc0ffff]
[    0.000000]   node   0: [mem 0x0000000100000000-0x00000004277fffff]
[    0.000000] Initmem setup node 0 [mem 0x0000000000001000-0x00000004277fffff]
[    0.000000] On node 0 totalpages: 4087370
[    0.000000]   DMA zone: 64 pages used for memmap
[    0.000000]   DMA zone: 21 pages reserved
[    0.000000]   DMA zone: 3998 pages, LIFO batch:0
[    0.000000]   DMA32 zone: 12123 pages used for memmap
[    0.000000]   DMA32 zone: 775852 pages, LIFO batch:31
[    0.000000]   Normal zone: 51680 pages used for memmap
[    0.000000]   Normal zone: 3307520 pages, LIFO batch:31
[    0.000000] Reserved but unavailable: 99 pages
[    0.000000] tboot: non-0 tboot_addr but it is not of type E820_TYPE_RESERVED
[    0.000000] ACPI: PM-Timer IO Port: 0x1808
[    0.000000] ACPI: Local APIC address 0xfee00000
[    0.000000] ACPI: LAPIC_NMI (acpi_id[0x01] high edge lint[0x1])
[    0.000000] ACPI: LAPIC_NMI (acpi_id[0x02] high edge lint[0x1])
[    0.000000] ACPI: LAPIC_NMI (acpi_id[0x03] high edge lint[0x1])
[    0.000000] ACPI: LAPIC_NMI (acpi_id[0x04] high edge lint[0x1])
[    0.000000] ACPI: LAPIC_NMI (acpi_id[0x05] high edge lint[0x1])
[    0.000000] ACPI: LAPIC_NMI (acpi_id[0x06] high edge lint[0x1])
[    0.000000] ACPI: LAPIC_NMI (acpi_id[0x07] high edge lint[0x1])
[    0.000000] ACPI: LAPIC_NMI (acpi_id[0x08] high edge lint[0x1])
[    0.000000] ACPI: LAPIC_NMI (acpi_id[0x09] high edge lint[0x1])
[    0.000000] ACPI: LAPIC_NMI (acpi_id[0x0a] high edge lint[0x1])
[    0.000000] ACPI: LAPIC_NMI (acpi_id[0x0b] high edge lint[0x1])
[    0.000000] ACPI: LAPIC_NMI (acpi_id[0x0c] high edge lint[0x1])
[    0.000000] ACPI: LAPIC_NMI (acpi_id[0x0d] high edge lint[0x1])
[    0.000000] ACPI: LAPIC_NMI (acpi_id[0x0e] high edge lint[0x1])
[    0.000000] ACPI: LAPIC_NMI (acpi_id[0x0f] high edge lint[0x1])
[    0.000000] ACPI: LAPIC_NMI (acpi_id[0x10] high edge lint[0x1])
[    0.000000] IOAPIC[0]: apic_id 2, version 32, address 0xfec00000, GSI 0-119
[    0.000000] ACPI: INT_SRC_OVR (bus 0 bus_irq 0 global_irq 2 dfl dfl)
[    0.000000] ACPI: INT_SRC_OVR (bus 0 bus_irq 9 global_irq 9 high level)
[    0.000000] ACPI: IRQ0 used by override.
[    0.000000] ACPI: IRQ9 used by override.
[    0.000000] Using ACPI (MADT) for SMP configuration information
[    0.000000] ACPI: HPET id: 0x8086a201 base: 0xfed00000
[    0.000000] smpboot: Allowing 8 CPUs, 0 hotplug CPUs
[    0.000000] PM: Registered nosave memory: [mem 0x00000000-0x00000fff]
[    0.000000] PM: Registered nosave memory: [mem 0x0009f000-0x000fffff]
[    0.000000] PM: Registered nosave memory: [mem 0xbe6ab000-0xbf98efff]
[    0.000000] PM: Registered nosave memory: [mem 0xbf98f000-0xbfb8efff]
[    0.000000] PM: Registered nosave memory: [mem 0xbfb8f000-0xbfc0efff]
[    0.000000] PM: Registered nosave memory: [mem 0xbfc10000-0xd47fffff]
[    0.000000] PM: Registered nosave memory: [mem 0xd4800000-0xfe00ffff]
[    0.000000] PM: Registered nosave memory: [mem 0xfe010000-0xfe010fff]
[    0.000000] PM: Registered nosave memory: [mem 0xfe011000-0xfeffffff]
[    0.000000] PM: Registered nosave memory: [mem 0xff000000-0xffffffff]
[    0.000000] e820: [mem 0xd4800000-0xfe00ffff] available for PCI devices
[    0.000000] Booting paravirtualized kernel on bare hardware
[    0.000000] clocksource: refined-jiffies: mask: 0xffffffff max_cycles: 0xffffffff, max_idle_ns: 7645519600211568 ns
[    0.000000] setup_percpu: NR_CPUS:8192 nr_cpumask_bits:8 nr_cpu_ids:8 nr_node_ids:1
[    0.000000] percpu: Embedded 46 pages/cpu @        (ptrval) s151552 r8192 d28672 u262144
[    0.000000] pcpu-alloc: s151552 r8192 d28672 u262144 alloc=1*2097152
[    0.000000] pcpu-alloc: [0] 0 1 2 3 4 5 6 7 
[    0.000000] Built 1 zonelists, mobility grouping on.  Total pages: 4023482
[    0.000000] Policy zone: Normal
[    0.000000] Kernel command line: BOOT_IMAGE=/boot/vmlinuz-4.15.9+ root=UUID=da0e40f1-3840-43a9-b61a-7b465a7673d3 ro quiet splash vt.handoff=7
[    0.000000] Calgary: detecting Calgary via BIOS EBDA area
[    0.000000] Calgary: Unable to locate Rio Grande table in EBDA - bailing!
[    0.000000] Memory: 15485632K/16349480K available (12300K kernel code, 2470K rwdata, 4196K rodata, 2388K init, 2416K bss, 863848K reserved, 0K cma-reserved)
[    0.000000] SLUB: HWalign=64, Order=0-3, MinObjects=0, CPUs=8, Nodes=1
[    0.000000] ftrace: allocating 38976 entries in 153 pages
[    0.000000] Hierarchical RCU implementation.
[    0.000000] 	RCU restricting CPUs from NR_CPUS=8192 to nr_cpu_ids=8.
[    0.000000] 	Tasks RCU enabled.
[    0.000000] RCU: Adjusting geometry for rcu_fanout_leaf=16, nr_cpu_ids=8
[    0.000000] NR_IRQS: 524544, nr_irqs: 2048, preallocated irqs: 16
[    0.000000] Console: colour dummy device 80x25
[    0.000000] console [tty0] enabled
[    0.000000] ACPI: Core revision 20170831
[    0.000000] ACPI Error: [\_SB_.PCI0.XHC_.RHUB.HS11] Namespace lookup failure, AE_NOT_FOUND (20170831/dswload-210)
[    0.000000] ACPI Exception: AE_NOT_FOUND, During name lookup/catalog (20170831/psobject-252)
[    0.000000] ACPI Exception: AE_NOT_FOUND, (SSDT:HP_XHC_P) while loading table (20170831/tbxfload-228)
[    0.000000] ACPI Error: 1 table load failures, 10 successful (20170831/tbxfload-246)
[    0.000000] clocksource: hpet: mask: 0xffffffff max_cycles: 0xffffffff, max_idle_ns: 79635855245 ns
[    0.000000] hpet clockevent registered
[    0.004000] APIC: Switch to symmetric I/O mode setup
[    0.004000] DMAR: Host address width 39
[    0.004000] DMAR: DRHD base: 0x000000fed90000 flags: 0x0
[    0.004000] DMAR: dmar0: reg_base_addr fed90000 ver 1:0 cap 1c0000c40660462 ecap 19e2ff0505e
[    0.004000] DMAR: DRHD base: 0x000000fed91000 flags: 0x1
[    0.004000] DMAR: dmar1: reg_base_addr fed91000 ver 1:0 cap d2008c40660462 ecap f050da
[    0.004000] DMAR: RMRR base: 0x000000bf81d000 end: 0x000000bf83cfff
[    0.004000] DMAR: RMRR base: 0x000000c4000000 end: 0x000000d47fffff
[    0.004000] DMAR: RMRR base: 0x000000bf86e000 end: 0x000000bf8edfff
[    0.004000] DMAR-IR: IOAPIC id 2 under DRHD base  0xfed91000 IOMMU 1
[    0.004000] DMAR-IR: HPET id 0 under DRHD base 0xfed91000
[    0.004000] DMAR-IR: Queued invalidation will be enabled to support x2apic and Intr-remapping.
[    0.004000] DMAR-IR: Enabled IRQ remapping in x2apic mode
[    0.004000] x2apic enabled
[    0.004000] Switched APIC routing to cluster x2apic.
[    0.016000] ..TIMER: vector=0x30 apic1=0 pin1=2 apic2=-1 pin2=-1
[    0.036000] tsc: Detected 3000.000 MHz processor
[    0.036000] Calibrating delay loop (skipped), value calculated using timer frequency.. 6000.00 BogoMIPS (lpj=12000000)
[    0.036000] pid_max: default: 32768 minimum: 301
[    0.036000] Security Framework initialized
[    0.036000] Yama: becoming mindful.
[    0.036000] AppArmor: AppArmor initialized
[    0.036000] Dentry cache hash table entries: 2097152 (order: 12, 16777216 bytes)
[    0.036000] Inode-cache hash table entries: 1048576 (order: 11, 8388608 bytes)
[    0.036000] Mount-cache hash table entries: 32768 (order: 6, 262144 bytes)
[    0.036000] Mountpoint-cache hash table entries: 32768 (order: 6, 262144 bytes)
[    0.036000] CPU: Physical Processor ID: 0
[    0.036000] CPU: Processor Core ID: 0
[    0.036000] ENERGY_PERF_BIAS: Set to 'normal', was 'performance'
[    0.036000] ENERGY_PERF_BIAS: View and update with x86_energy_perf_policy(8)
[    0.036000] mce: CPU supports 14 MCE banks
[    0.036000] CPU0: Thermal monitoring enabled (TM1)
[    0.036000] process: using mwait in idle threads
[    0.036000] Last level iTLB entries: 4KB 128, 2MB 8, 4MB 8
[    0.036000] Last level dTLB entries: 4KB 64, 2MB 0, 4MB 0, 1GB 4
[    0.036000] Spectre V2 : Mitigation: Full generic retpoline
[    0.036000] Spectre V2 : Spectre v2 mitigation: Filling RSB on context switch
[    0.036000] Spectre V2 : Spectre v2 mitigation: Enabling Indirect Branch Prediction Barrier
[    0.036000] Freeing SMP alternatives memory: 36K
[    0.042330] TSC deadline timer enabled
[    0.042341] smpboot: CPU0: Intel(R) Core(TM) i7-9700 CPU @ 3.00GHz (family: 0x6, model: 0x9e, stepping: 0xd)
[    0.042392] Performance Events: PEBS fmt3+, Skylake events, 32-deep LBR, full-width counters, Intel PMU driver.
[    0.042421] ... version:                4
[    0.042421] ... bit width:              48
[    0.042421] ... generic registers:      8
[    0.042422] ... value mask:             0000ffffffffffff
[    0.042423] ... max period:             00007fffffffffff
[    0.042423] ... fixed-purpose events:   3
[    0.042424] ... event mask:             00000007000000ff
[    0.042453] Hierarchical SRCU implementation.
[    0.043386] NMI watchdog: Enabled. Permanently consumes one hw-PMU counter.
[    0.043396] smp: Bringing up secondary CPUs ...
[    0.043456] x86: Booting SMP configuration:
[    0.043456] .... node  #0, CPUs:      #1 #2 #3 #4 #5 #6 #7
[    0.053437] smp: Brought up 1 node, 8 CPUs
[    0.053437] smpboot: Max logical packages: 1
[    0.053437] smpboot: Total of 8 processors activated (48000.00 BogoMIPS)
[    0.056288] devtmpfs: initialized
[    0.056288] x86/mm: Memory block size: 128MB
[    0.057021] evm: security.selinux
[    0.057022] evm: security.SMACK64
[    0.057022] evm: security.SMACK64EXEC
[    0.057022] evm: security.SMACK64TRANSMUTE
[    0.057023] evm: security.SMACK64MMAP
[    0.057023] evm: security.apparmor
[    0.057023] evm: security.ima
[    0.057024] evm: security.capability
[    0.057037] PM: Registering ACPI NVS region [mem 0xbf98f000-0xbfb8efff] (2097152 bytes)
[    0.057037] clocksource: jiffies: mask: 0xffffffff max_cycles: 0xffffffff, max_idle_ns: 7645041785100000 ns
[    0.057037] futex hash table entries: 2048 (order: 5, 131072 bytes)
[    0.057037] pinctrl core: initialized pinctrl subsystem
[    0.057037] driver_register -- functionpoint
[    0.057037] bus_add_driver -- functionpoint
[    0.057037] functionpoint -- bus: 'platform': add driver reg-dummy
[    0.057037] really_probe -- functionpoint
[    0.057037] functionpoint -- bus: 'platform': really_probe: probing driver reg-dummy with device reg-dummy
[    0.057037] if drv->probe use drv->probe(dev) -- functionpoint
[    0.057037] RTC time:  5:56:30, date: 10/13/20
[    0.057037] NET: Registered protocol family 16
[    0.057037] audit: initializing netlink subsys (disabled)
[    0.057037] audit: type=2000 audit(1602568590.056:1): state=initialized audit_enabled=0 res=1
[    0.057037] driver_register -- functionpoint
[    0.057037] bus_add_driver -- functionpoint
[    0.057037] functionpoint -- bus: 'platform': add driver sram
[    0.057037] driver_register -- functionpoint
[    0.057037] bus_add_driver -- functionpoint
[    0.057037] functionpoint -- bus: 'platform': add driver syscon
[    0.057037] driver_register -- functionpoint
[    0.057037] bus_add_driver -- functionpoint
[    0.057037] functionpoint -- bus: 'i2c': add driver dummy
[    0.057037] cpuidle: using governor ladder
[    0.057037] cpuidle: using governor menu
[    0.057037] ACPI FADT declares the system doesn't support PCIe ASPM, so disable it
[    0.057037] ACPI: bus type PCI registered
[    0.057037] acpiphp: ACPI Hot Plug PCI Controller Driver version: 0.5
[    0.057037] start pci_arch_init -- functionpoint
[    0.057037] PCI: MMCONFIG for domain 0000 [bus 00-3f] at [mem 0xf8000000-0xfbffffff] (base 0xf8000000)
[    0.057037] PCI: not using MMCONFIG
[    0.057037] PCI: Using configuration type 1 for base access
[    0.057037] end pci_arch_init -- functionpoint
[    0.057120] HugeTLB registered 1.00 GiB page size, pre-allocated 0 pages
[    0.057120] HugeTLB registered 2.00 MiB page size, pre-allocated 0 pages
[    0.057121] driver_register -- functionpoint
[    0.057121] bus_add_driver -- functionpoint
[    0.057121] functionpoint -- bus: 'i2c': add driver sx150x-pinctrl
[    0.057121] driver_register -- functionpoint
[    0.057121] bus_add_driver -- functionpoint
[    0.057121] functionpoint -- bus: 'platform': add driver byt_gpio
[    0.057121] driver_register -- functionpoint
[    0.057121] bus_add_driver -- functionpoint
[    0.057121] functionpoint -- bus: 'platform': add driver cherryview-pinctrl
[    0.057121] driver_register -- functionpoint
[    0.057121] bus_add_driver -- functionpoint
[    0.057121] functionpoint -- bus: 'platform': add driver lp_gpio
[    0.057121] driver_register -- functionpoint
[    0.057121] bus_add_driver -- functionpoint
[    0.057121] functionpoint -- bus: 'platform': add driver rc5t583-gpio
[    0.057121] driver_register -- functionpoint
[    0.057121] bus_add_driver -- functionpoint
[    0.057121] functionpoint -- bus: 'platform': add driver palmas-gpio
[    0.057121] driver_register -- functionpoint
[    0.057121] bus_add_driver -- functionpoint
[    0.057121] functionpoint -- bus: 'platform': add driver tps6586x-gpio
[    0.057121] driver_register -- functionpoint
[    0.057121] bus_add_driver -- functionpoint
[    0.057121] functionpoint -- bus: 'platform': add driver tps65910-gpio
[    0.057121] ACPI: Added _OSI(Module Device)
[    0.057121] ACPI: Added _OSI(Processor Device)
[    0.057121] ACPI: Added _OSI(3.0 _SCP Extensions)
[    0.057121] ACPI: Added _OSI(Processor Aggregator Device)
[    0.061875] ACPI: Executed 30 blocks of module-level executable AML code
[    0.072038] ACPI: [Firmware Bug]: BIOS _OSI(Linux) query ignored
[    0.080363] ACPI: Dynamic OEM Table Load:
[    0.080374] ACPI: SSDT 0xFFFF9D5A14FB2A00 0000F4 (v02 PmRef  Cpu0Psd  00003000 INTL 20160527)
[    0.080605] ACPI: Executed 1 blocks of module-level executable AML code
[    0.080728] ACPI: \_SB_.PR00: _OSC native thermal LVT Acked
[    0.081692] ACPI: Dynamic OEM Table Load:
[    0.081698] ACPI: SSDT 0xFFFF9D5A14FB8000 000400 (v02 PmRef  Cpu0Cst  00003001 INTL 20160527)
[    0.081927] ACPI: Executed 1 blocks of module-level executable AML code
[    0.082160] ACPI: Dynamic OEM Table Load:
[    0.082166] ACPI: SSDT 0xFFFF9D5A14EF2800 000605 (v02 PmRef  Cpu0Ist  00003000 INTL 20160527)
[    0.082373] ACPI: Executed 1 blocks of module-level executable AML code
[    0.082567] ACPI: Dynamic OEM Table Load:
[    0.082571] ACPI: SSDT 0xFFFF9D5A14F37A00 000149 (v02 PmRef  Cpu0Hwp  00003000 INTL 20160527)
[    0.082767] ACPI: Executed 2 blocks of module-level executable AML code
[    0.082936] ACPI: Dynamic OEM Table Load:
[    0.082942] ACPI: SSDT 0xFFFF9D5A14EF2000 000724 (v02 PmRef  HwpLvt   00003000 INTL 20160527)
[    0.083123] ACPI: Executed 1 blocks of module-level executable AML code
[    0.083619] ACPI: Dynamic OEM Table Load:
[    0.083625] ACPI: SSDT 0xFFFF9D5A14EF5800 0005FC (v02 PmRef  ApIst    00003000 INTL 20160527)
[    0.084026] ACPI: Executed 1 blocks of module-level executable AML code
[    0.084223] ACPI: Dynamic OEM Table Load:
[    0.084228] ACPI: SSDT 0xFFFF9D5A14FBD800 000317 (v02 PmRef  ApHwp    00003000 INTL 20160527)
[    0.084507] ACPI: Executed 1 blocks of module-level executable AML code
[    0.084825] ACPI: Dynamic OEM Table Load:
[    0.084831] ACPI: SSDT 0xFFFF9D5A17145000 000AB0 (v02 PmRef  ApPsd    00003000 INTL 20160527)
[    0.085679] ACPI: Executed 1 blocks of module-level executable AML code
[    0.085878] ACPI: Dynamic OEM Table Load:
[    0.085883] ACPI: SSDT 0xFFFF9D5A14FBA800 00030A (v02 PmRef  ApCst    00003000 INTL 20160527)
[    0.086158] ACPI: Executed 1 blocks of module-level executable AML code
[    0.089134] ACPI: EC: EC started
[    0.089134] ACPI: EC: interrupt blocked
[    0.089150] ACPI: \_SB_.PCI0.LPCB.EC0_: Used as first EC
[    0.089152] ACPI: \_SB_.PCI0.LPCB.EC0_: GPE=0x6e, EC_CMD/EC_SC=0x66, EC_DATA=0x62
[    0.089153] ACPI: \_SB_.PCI0.LPCB.EC0_: Used as boot DSDT EC to handle transactions
[    0.089153] ACPI: Interpreter enabled
[    0.089203] ACPI: (supports S0 S3 S4 S5)
[    0.089204] ACPI: Using IOAPIC for interrupt routing
[    0.089243] PCI: MMCONFIG for domain 0000 [bus 00-3f] at [mem 0xf8000000-0xfbffffff] (base 0xf8000000)
[    0.091919] PCI: MMCONFIG at [mem 0xf8000000-0xfbffffff] reserved in ACPI motherboard resources
[    0.091924] acpi_pci_root_init --functionpoint
[    0.091925] acpi_hest_init -- functionpoint
[    0.091929] PCI: Using host bridge windows from ACPI; if necessary, use "pci=nocrs" and report a bug
[    0.092327] driver_register -- functionpoint
[    0.092328] bus_add_driver -- functionpoint
[    0.092330] functionpoint -- bus: 'platform': add driver clk-lpt
[    0.092388] ACPI: Enabled 4 GPEs in block 00 to 7F
[    0.092390] acpi_bus_scan -- functionpoint
[    0.099383] ACPI: Power Resource [USBC] (on)
[    0.100218] ACPI: Power Resource [WRST] (on)
[    0.100630] ACPI: Power Resource [WRST] (on)
[    0.101033] ACPI: Power Resource [WRST] (on)
[    0.101442] ACPI: Power Resource [WRST] (on)
[    0.101856] ACPI: Power Resource [WRST] (on)
[    0.102258] ACPI: Power Resource [WRST] (on)
[    0.102663] ACPI: Power Resource [WRST] (on)
[    0.103071] ACPI: Power Resource [WRST] (on)
[    0.103479] ACPI: Power Resource [WRST] (on)
[    0.103881] ACPI: Power Resource [WRST] (on)
[    0.104289] ACPI: Power Resource [WRST] (on)
[    0.104694] ACPI: Power Resource [WRST] (on)
[    0.105097] ACPI: Power Resource [WRST] (on)
[    0.105503] ACPI: Power Resource [WRST] (on)
[    0.105916] ACPI: Power Resource [WRST] (on)
[    0.106319] ACPI: Power Resource [WRST] (on)
[    0.106724] ACPI: Power Resource [WRST] (on)
[    0.107134] ACPI: Power Resource [WRST] (on)
[    0.107544] ACPI: Power Resource [WRST] (on)
[    0.107959] ACPI: Power Resource [WRST] (on)
[    0.109681] ACPI: Power Resource [V0PR] (on)
[    0.109896] ACPI: Power Resource [V1PR] (on)
[    0.110105] ACPI: Power Resource [V2PR] (on)
[    0.114755] ACPI: Power Resource [WRST] (on)
[    0.116990] acpi_pci_root_add -- functionpoint
[    0.117380] ACPI: PCI Root Bridge [PCI0] (domain 0000 [bus 00-3e])
[    0.117383] ACPI: functionpoint -- PCI Root Bridge [PCI0] (domain 0000 [bus 00-3e])
[    0.117390] acpi PNP0A08:00: _OSC: OS supports [ExtendedConfig ASPM ClockPM Segments MSI]
[    0.120759] acpi PNP0A08:00: _OSC: OS now controls [PCIeHotplug PME AER PCIeCapability]
[    0.120760] acpi PNP0A08:00: FADT indicates ASPM is unsupported, using BIOS configuration
[    0.120775] pci_acpi_scan_root -- functionpoint
[    0.120776] pci_find_bus -- functionpoint
[    0.120778] functionpoint -- domain_num = 0, bus_num = 0
[    0.120781] pci_find_next_bus -- functionpoint
[    0.120781] not found bus -- functionpoint
[    0.120794] acpi_pci_root_create -- functionpoint
[    0.121177] pci_create_root_bus -- functionpoint
[    0.121179] pci_alloc_host_bridge -- functionpoint
[    0.121181] pci_register_host_bridge -- functionpoint
[    0.121183] pci_find_bus -- functionpoint
[    0.121184] functionpoint -- domain_num = 0, bus_num = 0
[    0.121187] pci_find_next_bus -- functionpoint
[    0.121187] not found bus -- functionpoint
[    0.122269] pci_bus_read_dev_vendor_id -- functionpoint
[    0.122280] pci_bus_read_dev_vendor_id -- functionpoint
[    0.122294] pci_bus_read_dev_vendor_id -- functionpoint
[    0.122306] pci_bus_read_dev_vendor_id -- functionpoint
[    0.122317] pci_bus_read_dev_vendor_id -- functionpoint
[    0.122331] pci_bus_read_dev_vendor_id -- functionpoint
[    0.122338] pci_bus_read_dev_vendor_id -- functionpoint
[    0.122348] pci_bus_read_dev_vendor_id -- functionpoint
[    0.122361] pci_bus_read_dev_vendor_id -- functionpoint
[    0.122366] pci_bus_read_dev_vendor_id -- functionpoint
[    0.122377] pci_bus_read_dev_vendor_id -- functionpoint
[    0.122426] pci_bus_read_dev_vendor_id -- functionpoint
[    0.122479] pci_bus_read_dev_vendor_id -- functionpoint
[    0.122532] pci_bus_read_dev_vendor_id -- functionpoint
[    0.122585] pci_bus_read_dev_vendor_id -- functionpoint
[    0.122638] pci_bus_read_dev_vendor_id -- functionpoint
[    0.122691] pci_bus_read_dev_vendor_id -- functionpoint
[    0.122744] pci_bus_read_dev_vendor_id -- functionpoint
[    0.122794] pci_bus_read_dev_vendor_id -- functionpoint
[    0.122848] pci_bus_read_dev_vendor_id -- functionpoint
[    0.122900] pci_bus_read_dev_vendor_id -- functionpoint
[    0.122953] pci_bus_read_dev_vendor_id -- functionpoint
[    0.123006] pci_bus_read_dev_vendor_id -- functionpoint
[    0.123059] pci_bus_read_dev_vendor_id -- functionpoint
[    0.123112] pci_bus_read_dev_vendor_id -- functionpoint
[    0.123165] pci_bus_read_dev_vendor_id -- functionpoint
[    0.123218] pci_bus_read_dev_vendor_id -- functionpoint
[    0.123273] pci_bus_read_dev_vendor_id -- functionpoint
[    0.123326] pci_bus_read_dev_vendor_id -- functionpoint
[    0.123380] pci_bus_read_dev_vendor_id -- functionpoint
[    0.123433] pci_bus_read_dev_vendor_id -- functionpoint
[    0.123486] pci_bus_read_dev_vendor_id -- functionpoint
[    0.123536] pci_bus_read_dev_vendor_id -- functionpoint
[    0.123590] pci_bus_read_dev_vendor_id -- functionpoint
[    0.123643] pci_bus_read_dev_vendor_id -- functionpoint
[    0.123658] pci_bus_read_dev_vendor_id -- functionpoint
[    0.123676] pci_bus_read_dev_vendor_id -- functionpoint
[    0.123690] pci_bus_read_dev_vendor_id -- functionpoint
[    0.123701] pci_bus_read_dev_vendor_id -- functionpoint
[    0.123713] pci_bus_read_dev_vendor_id -- functionpoint
[    0.123718] pci_bus_read_dev_vendor_id -- functionpoint
[    0.123725] pci_bus_read_dev_vendor_id -- functionpoint
[    0.123733] PCI host bridge to bus 0000:00
[    0.123736] pci_bus 0000:00: root bus resource [io  0x0000-0x0cf7 window]
[    0.123738] pci_bus 0000:00: root bus resource [io  0x0d00-0xffff window]
[    0.123739] pci_bus 0000:00: root bus resource [mem 0x000a0000-0x000bffff window]
[    0.123740] pci_bus 0000:00: root bus resource [mem 0xd4800000-0xf7ffffff window]
[    0.123741] pci_bus 0000:00: root bus resource [mem 0x4000000000-0x7fffffffff window]
[    0.123742] pci_bus 0000:00: root bus resource [mem 0xfc800000-0xfe7fffff window]
[    0.123743] pci_bus 0000:00: root bus resource [bus 00-3e]
[    0.123744] pci_scan_child_bus_extend -- functionpoint
[    0.123745] pci_bus 0000:00: functionpoint -- scanning bus
[    0.123747] pci_scan_slot -- functionpoint
[    0.123748] pci_scan_single_device -- functionpoint
[    0.123749] pci_get_slot -- functionpoint
[    0.123751] pci_scan_device -- functionpoint
[    0.123752] pci_bus_read_dev_vendor_id -- functionpoint
[    0.123754] functionpoint -- dev_vendor: 8086, dev_device: 3e30
[    0.123757] pci_setup_device -- functionpoint
[    0.123762] pci 0000:00:00.0: [8086:3e30] type 00 class 0x060000
[    0.123765] pci 0000:00:00.0: functionpoint -- [8086:3e30] type 00 class 0x060000
[    0.123779] switch case PCI_HEADER_TYPE_NORMAL -- functionpoint
[    0.123791] pci_device_add -- functionpoint
[    0.124822] functionpoint -- fn = 0, devfn = 0, fn+devfn = 0
[    0.124825] next_fn -- functionpoint
[    0.124826] pci_scan_slot -- functionpoint
[    0.124827] pci_scan_single_device -- functionpoint
[    0.124828] pci_get_slot -- functionpoint
[    0.124830] pci_scan_device -- functionpoint
[    0.124831] pci_bus_read_dev_vendor_id -- functionpoint
[    0.124842] functionpoint -- fn = 0, devfn = 8, fn+devfn = 8
[    0.124845] pci_scan_slot -- functionpoint
[    0.124845] pci_scan_single_device -- functionpoint
[    0.124846] pci_get_slot -- functionpoint
[    0.124848] pci_scan_device -- functionpoint
[    0.124849] pci_bus_read_dev_vendor_id -- functionpoint
[    0.124851] functionpoint -- dev_vendor: 8086, dev_device: 3e98
[    0.124854] pci_setup_device -- functionpoint
[    0.124859] pci 0000:00:02.0: [8086:3e98] type 00 class 0x030000
[    0.124861] pci 0000:00:02.0: functionpoint -- [8086:3e98] type 00 class 0x030000
[    0.124866] switch case PCI_HEADER_TYPE_NORMAL -- functionpoint
[    0.124872] pci 0000:00:02.0: reg 0x10: [mem 0xf0000000-0xf0ffffff 64bit]
[    0.124878] pci 0000:00:02.0: reg 0x18: [mem 0xe0000000-0xefffffff 64bit pref]
[    0.124882] pci 0000:00:02.0: reg 0x20: [io  0x4000-0x403f]
[    0.124887] pci_device_add -- functionpoint
[    0.124894] pci 0000:00:02.0: BAR 2: assigned to efifb
[    0.125944] functionpoint -- fn = 0, devfn = 16, fn+devfn = 16
[    0.125946] next_fn -- functionpoint
[    0.125947] pci_scan_slot -- functionpoint
[    0.125948] pci_scan_single_device -- functionpoint
[    0.125949] pci_get_slot -- functionpoint
[    0.125951] pci_scan_device -- functionpoint
[    0.125952] pci_bus_read_dev_vendor_id -- functionpoint
[    0.125961] functionpoint -- fn = 0, devfn = 24, fn+devfn = 24
[    0.125963] pci_scan_slot -- functionpoint
[    0.125964] pci_scan_single_device -- functionpoint
[    0.125965] pci_get_slot -- functionpoint
[    0.125966] pci_scan_device -- functionpoint
[    0.125968] pci_bus_read_dev_vendor_id -- functionpoint
[    0.125975] functionpoint -- fn = 0, devfn = 32, fn+devfn = 32
[    0.125977] pci_scan_slot -- functionpoint
[    0.125978] pci_scan_single_device -- functionpoint
[    0.125979] pci_get_slot -- functionpoint
[    0.125980] pci_scan_device -- functionpoint
[    0.125982] pci_bus_read_dev_vendor_id -- functionpoint
[    0.125990] functionpoint -- fn = 0, devfn = 40, fn+devfn = 40
[    0.125993] pci_scan_slot -- functionpoint
[    0.125993] pci_scan_single_device -- functionpoint
[    0.125994] pci_get_slot -- functionpoint
[    0.125996] pci_scan_device -- functionpoint
[    0.125997] pci_bus_read_dev_vendor_id -- functionpoint
[    0.126004] functionpoint -- fn = 0, devfn = 48, fn+devfn = 48
[    0.126007] pci_scan_slot -- functionpoint
[    0.126007] pci_scan_single_device -- functionpoint
[    0.126009] pci_get_slot -- functionpoint
[    0.126010] pci_scan_device -- functionpoint
[    0.126011] pci_bus_read_dev_vendor_id -- functionpoint
[    0.126020] functionpoint -- fn = 0, devfn = 56, fn+devfn = 56
[    0.126022] pci_scan_slot -- functionpoint
[    0.126023] pci_scan_single_device -- functionpoint
[    0.126024] pci_get_slot -- functionpoint
[    0.126025] pci_scan_device -- functionpoint
[    0.126026] pci_bus_read_dev_vendor_id -- functionpoint
[    0.126034] functionpoint -- fn = 0, devfn = 64, fn+devfn = 64
[    0.126037] pci_scan_slot -- functionpoint
[    0.126037] pci_scan_single_device -- functionpoint
[    0.126038] pci_get_slot -- functionpoint
[    0.126039] pci_scan_device -- functionpoint
[    0.126041] pci_bus_read_dev_vendor_id -- functionpoint
[    0.126049] functionpoint -- fn = 0, devfn = 72, fn+devfn = 72
[    0.126052] pci_scan_slot -- functionpoint
[    0.126052] pci_scan_single_device -- functionpoint
[    0.126053] pci_get_slot -- functionpoint
[    0.126055] pci_scan_device -- functionpoint
[    0.126056] pci_bus_read_dev_vendor_id -- functionpoint
[    0.126064] functionpoint -- fn = 0, devfn = 80, fn+devfn = 80
[    0.126066] pci_scan_slot -- functionpoint
[    0.126066] pci_scan_single_device -- functionpoint
[    0.126068] pci_get_slot -- functionpoint
[    0.126069] pci_scan_device -- functionpoint
[    0.126070] pci_bus_read_dev_vendor_id -- functionpoint
[    0.126079] functionpoint -- fn = 0, devfn = 88, fn+devfn = 88
[    0.126081] pci_scan_slot -- functionpoint
[    0.126082] pci_scan_single_device -- functionpoint
[    0.126083] pci_get_slot -- functionpoint
[    0.126084] pci_scan_device -- functionpoint
[    0.126086] pci_bus_read_dev_vendor_id -- functionpoint
[    0.126093] functionpoint -- fn = 0, devfn = 96, fn+devfn = 96
[    0.126096] pci_scan_slot -- functionpoint
[    0.126096] pci_scan_single_device -- functionpoint
[    0.126097] pci_get_slot -- functionpoint
[    0.126099] pci_scan_device -- functionpoint
[    0.126100] pci_bus_read_dev_vendor_id -- functionpoint
[    0.126109] functionpoint -- fn = 0, devfn = 104, fn+devfn = 104
[    0.126111] pci_scan_slot -- functionpoint
[    0.126112] pci_scan_single_device -- functionpoint
[    0.126113] pci_get_slot -- functionpoint
[    0.126114] pci_scan_device -- functionpoint
[    0.126116] pci_bus_read_dev_vendor_id -- functionpoint
[    0.126134] functionpoint -- fn = 0, devfn = 112, fn+devfn = 112
[    0.126136] pci_scan_slot -- functionpoint
[    0.126137] pci_scan_single_device -- functionpoint
[    0.126138] pci_get_slot -- functionpoint
[    0.126139] pci_scan_device -- functionpoint
[    0.126140] pci_bus_read_dev_vendor_id -- functionpoint
[    0.126148] functionpoint -- fn = 0, devfn = 120, fn+devfn = 120
[    0.126151] pci_scan_slot -- functionpoint
[    0.126151] pci_scan_single_device -- functionpoint
[    0.126152] pci_get_slot -- functionpoint
[    0.126154] pci_scan_device -- functionpoint
[    0.126155] pci_bus_read_dev_vendor_id -- functionpoint
[    0.126163] functionpoint -- fn = 0, devfn = 128, fn+devfn = 128
[    0.126165] pci_scan_slot -- functionpoint
[    0.126165] pci_scan_single_device -- functionpoint
[    0.126167] pci_get_slot -- functionpoint
[    0.126168] pci_scan_device -- functionpoint
[    0.126169] pci_bus_read_dev_vendor_id -- functionpoint
[    0.126177] functionpoint -- fn = 0, devfn = 136, fn+devfn = 136
[    0.126179] pci_scan_slot -- functionpoint
[    0.126180] pci_scan_single_device -- functionpoint
[    0.126181] pci_get_slot -- functionpoint
[    0.126182] pci_scan_device -- functionpoint
[    0.126184] pci_bus_read_dev_vendor_id -- functionpoint
[    0.126187] functionpoint -- dev_vendor: 8086, dev_device: a379
[    0.126189] pci_setup_device -- functionpoint
[    0.126198] pci 0000:00:12.0: [8086:a379] type 00 class 0x118000
[    0.126200] pci 0000:00:12.0: functionpoint -- [8086:a379] type 00 class 0x118000
[    0.126213] switch case PCI_HEADER_TYPE_NORMAL -- functionpoint
[    0.126228] pci 0000:00:12.0: reg 0x10: [mem 0x4000107000-0x4000107fff 64bit]
[    0.126261] pci_device_add -- functionpoint
[    0.127315] functionpoint -- fn = 0, devfn = 144, fn+devfn = 144
[    0.127318] next_fn -- functionpoint
[    0.127318] pci_scan_single_device -- functionpoint
[    0.127319] pci_get_slot -- functionpoint
[    0.127321] pci_scan_device -- functionpoint
[    0.127322] pci_bus_read_dev_vendor_id -- functionpoint
[    0.127333] functionpoint -- fn = 1, devfn = 144, fn+devfn = 145
[    0.127335] next_fn -- functionpoint
[    0.127336] pci_scan_single_device -- functionpoint
[    0.127337] pci_get_slot -- functionpoint
[    0.127338] pci_scan_device -- functionpoint
[    0.127340] pci_bus_read_dev_vendor_id -- functionpoint
[    0.127359] functionpoint -- fn = 2, devfn = 144, fn+devfn = 146
[    0.127361] next_fn -- functionpoint
[    0.127361] pci_scan_single_device -- functionpoint
[    0.127363] pci_get_slot -- functionpoint
[    0.127364] pci_scan_device -- functionpoint
[    0.127365] pci_bus_read_dev_vendor_id -- functionpoint
[    0.127383] functionpoint -- fn = 3, devfn = 144, fn+devfn = 147
[    0.127385] next_fn -- functionpoint
[    0.127385] pci_scan_single_device -- functionpoint
[    0.127387] pci_get_slot -- functionpoint
[    0.127388] pci_scan_device -- functionpoint
[    0.127389] pci_bus_read_dev_vendor_id -- functionpoint
[    0.127408] functionpoint -- fn = 4, devfn = 144, fn+devfn = 148
[    0.127411] next_fn -- functionpoint
[    0.127411] pci_scan_single_device -- functionpoint
[    0.127412] pci_get_slot -- functionpoint
[    0.127414] pci_scan_device -- functionpoint
[    0.127415] pci_bus_read_dev_vendor_id -- functionpoint
[    0.127433] functionpoint -- fn = 5, devfn = 144, fn+devfn = 149
[    0.127436] next_fn -- functionpoint
[    0.127436] pci_scan_single_device -- functionpoint
[    0.127438] pci_get_slot -- functionpoint
[    0.127439] pci_scan_device -- functionpoint
[    0.127440] pci_bus_read_dev_vendor_id -- functionpoint
[    0.127443] functionpoint -- fn = 6, devfn = 144, fn+devfn = 150
[    0.127445] next_fn -- functionpoint
[    0.127445] pci_scan_single_device -- functionpoint
[    0.127447] pci_get_slot -- functionpoint
[    0.127448] pci_scan_device -- functionpoint
[    0.127449] pci_bus_read_dev_vendor_id -- functionpoint
[    0.127458] functionpoint -- fn = 7, devfn = 144, fn+devfn = 151
[    0.127460] next_fn -- functionpoint
[    0.127461] pci_scan_slot -- functionpoint
[    0.127462] pci_scan_single_device -- functionpoint
[    0.127463] pci_get_slot -- functionpoint
[    0.127465] pci_scan_device -- functionpoint
[    0.127466] pci_bus_read_dev_vendor_id -- functionpoint
[    0.127477] functionpoint -- fn = 0, devfn = 152, fn+devfn = 152
[    0.127479] pci_scan_slot -- functionpoint
[    0.127480] pci_scan_single_device -- functionpoint
[    0.127481] pci_get_slot -- functionpoint
[    0.127482] pci_scan_device -- functionpoint
[    0.127484] pci_bus_read_dev_vendor_id -- functionpoint
[    0.127486] functionpoint -- dev_vendor: 8086, dev_device: a36d
[    0.127489] pci_setup_device -- functionpoint
[    0.127501] pci 0000:00:14.0: [8086:a36d] type 00 class 0x0c0330
[    0.127503] pci 0000:00:14.0: functionpoint -- [8086:a36d] type 00 class 0x0c0330
[    0.127512] switch case PCI_HEADER_TYPE_NORMAL -- functionpoint
[    0.127525] pci 0000:00:14.0: reg 0x10: [mem 0xf1220000-0xf122ffff 64bit]
[    0.127563] pci_device_add -- functionpoint
[    0.127595] pci 0000:00:14.0: PME# supported from D3hot D3cold
[    0.128692] functionpoint -- fn = 0, devfn = 160, fn+devfn = 160
[    0.128694] next_fn -- functionpoint
[    0.128694] pci_scan_single_device -- functionpoint
[    0.128695] pci_get_slot -- functionpoint
[    0.128697] pci_scan_device -- functionpoint
[    0.128698] pci_bus_read_dev_vendor_id -- functionpoint
[    0.128707] functionpoint -- fn = 1, devfn = 160, fn+devfn = 161
[    0.128709] next_fn -- functionpoint
[    0.128709] pci_scan_single_device -- functionpoint
[    0.128711] pci_get_slot -- functionpoint
[    0.128712] pci_scan_device -- functionpoint
[    0.128713] pci_bus_read_dev_vendor_id -- functionpoint
[    0.128716] functionpoint -- dev_vendor: 8086, dev_device: a36f
[    0.128719] pci_setup_device -- functionpoint
[    0.128730] pci 0000:00:14.2: [8086:a36f] type 00 class 0x050000
[    0.128732] pci 0000:00:14.2: functionpoint -- [8086:a36f] type 00 class 0x050000
[    0.128745] switch case PCI_HEADER_TYPE_NORMAL -- functionpoint
[    0.128762] pci 0000:00:14.2: reg 0x10: [mem 0xf1232000-0xf1233fff 64bit]
[    0.128780] pci 0000:00:14.2: reg 0x18: [mem 0x4000106000-0x4000106fff 64bit]
[    0.128808] pci_device_add -- functionpoint
[    0.129859] functionpoint -- fn = 2, devfn = 160, fn+devfn = 162
[    0.129862] next_fn -- functionpoint
[    0.129862] pci_scan_single_device -- functionpoint
[    0.129863] pci_get_slot -- functionpoint
[    0.129865] pci_scan_device -- functionpoint
[    0.129866] pci_bus_read_dev_vendor_id -- functionpoint
[    0.129872] functionpoint -- fn = 3, devfn = 160, fn+devfn = 163
[    0.129874] next_fn -- functionpoint
[    0.129875] pci_scan_single_device -- functionpoint
[    0.129876] pci_get_slot -- functionpoint
[    0.129877] pci_scan_device -- functionpoint
[    0.129878] pci_bus_read_dev_vendor_id -- functionpoint
[    0.129887] functionpoint -- fn = 4, devfn = 160, fn+devfn = 164
[    0.129889] next_fn -- functionpoint
[    0.129890] pci_scan_single_device -- functionpoint
[    0.129891] pci_get_slot -- functionpoint
[    0.129892] pci_scan_device -- functionpoint
[    0.129893] pci_bus_read_dev_vendor_id -- functionpoint
[    0.129909] functionpoint -- fn = 5, devfn = 160, fn+devfn = 165
[    0.129912] next_fn -- functionpoint
[    0.129912] pci_scan_single_device -- functionpoint
[    0.129913] pci_get_slot -- functionpoint
[    0.129915] pci_scan_device -- functionpoint
[    0.129916] pci_bus_read_dev_vendor_id -- functionpoint
[    0.129935] functionpoint -- fn = 6, devfn = 160, fn+devfn = 166
[    0.129937] next_fn -- functionpoint
[    0.129937] pci_scan_single_device -- functionpoint
[    0.129939] pci_get_slot -- functionpoint
[    0.129940] pci_scan_device -- functionpoint
[    0.129941] pci_bus_read_dev_vendor_id -- functionpoint
[    0.129958] functionpoint -- fn = 7, devfn = 160, fn+devfn = 167
[    0.129960] next_fn -- functionpoint
[    0.129961] pci_scan_slot -- functionpoint
[    0.129962] pci_scan_single_device -- functionpoint
[    0.129963] pci_get_slot -- functionpoint
[    0.129965] pci_scan_device -- functionpoint
[    0.129966] pci_bus_read_dev_vendor_id -- functionpoint
[    0.129978] functionpoint -- fn = 0, devfn = 168, fn+devfn = 168
[    0.129981] pci_scan_slot -- functionpoint
[    0.129981] pci_scan_single_device -- functionpoint
[    0.129982] pci_get_slot -- functionpoint
[    0.129984] pci_scan_device -- functionpoint
[    0.129985] pci_bus_read_dev_vendor_id -- functionpoint
[    0.129991] functionpoint -- dev_vendor: 8086, dev_device: a360
[    0.129993] pci_setup_device -- functionpoint
[    0.130006] pci 0000:00:16.0: [8086:a360] type 00 class 0x078000
[    0.130008] pci 0000:00:16.0: functionpoint -- [8086:a360] type 00 class 0x078000
[    0.130023] switch case PCI_HEADER_TYPE_NORMAL -- functionpoint
[    0.130041] pci 0000:00:16.0: reg 0x10: [mem 0x4000105000-0x4000105fff 64bit]
[    0.130082] pci_device_add -- functionpoint
[    0.130132] pci 0000:00:16.0: PME# supported from D3hot
[    0.131212] functionpoint -- fn = 0, devfn = 176, fn+devfn = 176
[    0.131214] next_fn -- functionpoint
[    0.131214] pci_scan_single_device -- functionpoint
[    0.131216] pci_get_slot -- functionpoint
[    0.131217] pci_scan_device -- functionpoint
[    0.131219] pci_bus_read_dev_vendor_id -- functionpoint
[    0.131229] functionpoint -- fn = 1, devfn = 176, fn+devfn = 177
[    0.131232] next_fn -- functionpoint
[    0.131232] pci_scan_single_device -- functionpoint
[    0.131233] pci_get_slot -- functionpoint
[    0.131235] pci_scan_device -- functionpoint
[    0.131236] pci_bus_read_dev_vendor_id -- functionpoint
[    0.131255] functionpoint -- fn = 2, devfn = 176, fn+devfn = 178
[    0.131257] next_fn -- functionpoint
[    0.131258] pci_scan_single_device -- functionpoint
[    0.131259] pci_get_slot -- functionpoint
[    0.131260] pci_scan_device -- functionpoint
[    0.131262] pci_bus_read_dev_vendor_id -- functionpoint
[    0.131273] functionpoint -- dev_vendor: 8086, dev_device: a363
[    0.131276] pci_setup_device -- functionpoint
[    0.131287] pci 0000:00:16.3: [8086:a363] type 00 class 0x070002
[    0.131289] pci 0000:00:16.3: functionpoint -- [8086:a363] type 00 class 0x070002
[    0.131303] switch case PCI_HEADER_TYPE_NORMAL -- functionpoint
[    0.131315] pci 0000:00:16.3: reg 0x10: [io  0x4088-0x408f]
[    0.131324] pci 0000:00:16.3: reg 0x14: [mem 0xf1237000-0xf1237fff]
[    0.131364] pci_device_add -- functionpoint
[    0.132424] functionpoint -- fn = 3, devfn = 176, fn+devfn = 179
[    0.132427] next_fn -- functionpoint
[    0.132428] pci_scan_single_device -- functionpoint
[    0.132429] pci_get_slot -- functionpoint
[    0.132430] pci_scan_device -- functionpoint
[    0.132432] pci_bus_read_dev_vendor_id -- functionpoint
[    0.132443] functionpoint -- fn = 4, devfn = 176, fn+devfn = 180
[    0.132445] next_fn -- functionpoint
[    0.132445] pci_scan_single_device -- functionpoint
[    0.132447] pci_get_slot -- functionpoint
[    0.132448] pci_scan_device -- functionpoint
[    0.132450] pci_bus_read_dev_vendor_id -- functionpoint
[    0.132468] functionpoint -- fn = 5, devfn = 176, fn+devfn = 181
[    0.132471] next_fn -- functionpoint
[    0.132471] pci_scan_single_device -- functionpoint
[    0.132472] pci_get_slot -- functionpoint
[    0.132474] pci_scan_device -- functionpoint
[    0.132475] pci_bus_read_dev_vendor_id -- functionpoint
[    0.132492] functionpoint -- fn = 6, devfn = 176, fn+devfn = 182
[    0.132494] next_fn -- functionpoint
[    0.132495] pci_scan_single_device -- functionpoint
[    0.132496] pci_get_slot -- functionpoint
[    0.132497] pci_scan_device -- functionpoint
[    0.132499] pci_bus_read_dev_vendor_id -- functionpoint
[    0.132516] functionpoint -- fn = 7, devfn = 176, fn+devfn = 183
[    0.132518] next_fn -- functionpoint
[    0.132519] pci_scan_slot -- functionpoint
[    0.132520] pci_scan_single_device -- functionpoint
[    0.132521] pci_get_slot -- functionpoint
[    0.132523] pci_scan_device -- functionpoint
[    0.132524] pci_bus_read_dev_vendor_id -- functionpoint
[    0.132537] functionpoint -- dev_vendor: 8086, dev_device: a352
[    0.132540] pci_setup_device -- functionpoint
[    0.132552] pci 0000:00:17.0: [8086:a352] type 00 class 0x010601
[    0.132555] pci 0000:00:17.0: functionpoint -- [8086:a352] type 00 class 0x010601
[    0.132570] switch case PCI_HEADER_TYPE_NORMAL -- functionpoint
[    0.132584] pci 0000:00:17.0: reg 0x10: [mem 0xf1230000-0xf1231fff]
[    0.132597] pci 0000:00:17.0: reg 0x14: [mem 0xf1236000-0xf12360ff]
[    0.132608] pci 0000:00:17.0: reg 0x18: [io  0x4080-0x4087]
[    0.132619] pci 0000:00:17.0: reg 0x1c: [io  0x4090-0x4093]
[    0.132630] pci 0000:00:17.0: reg 0x20: [io  0x4060-0x407f]
[    0.132642] pci 0000:00:17.0: reg 0x24: [mem 0xf1235000-0xf12357ff]
[    0.132655] pci_device_add -- functionpoint
[    0.132704] pci 0000:00:17.0: PME# supported from D3hot
[    0.133811] functionpoint -- fn = 0, devfn = 184, fn+devfn = 184
[    0.133814] next_fn -- functionpoint
[    0.133814] pci_scan_slot -- functionpoint
[    0.133815] pci_scan_single_device -- functionpoint
[    0.133816] pci_get_slot -- functionpoint
[    0.133818] pci_scan_device -- functionpoint
[    0.133819] pci_bus_read_dev_vendor_id -- functionpoint
[    0.133830] functionpoint -- fn = 0, devfn = 192, fn+devfn = 192
[    0.133833] pci_scan_slot -- functionpoint
[    0.133833] pci_scan_single_device -- functionpoint
[    0.133834] pci_get_slot -- functionpoint
[    0.133836] pci_scan_device -- functionpoint
[    0.133837] pci_bus_read_dev_vendor_id -- functionpoint
[    0.133855] functionpoint -- fn = 0, devfn = 200, fn+devfn = 200
[    0.133858] pci_scan_slot -- functionpoint
[    0.133858] pci_scan_single_device -- functionpoint
[    0.133859] pci_get_slot -- functionpoint
[    0.133861] pci_scan_device -- functionpoint
[    0.133862] pci_bus_read_dev_vendor_id -- functionpoint
[    0.133879] functionpoint -- fn = 0, devfn = 208, fn+devfn = 208
[    0.133881] pci_scan_slot -- functionpoint
[    0.133881] pci_scan_single_device -- functionpoint
[    0.133883] pci_get_slot -- functionpoint
[    0.133884] pci_scan_device -- functionpoint
[    0.133885] pci_bus_read_dev_vendor_id -- functionpoint
[    0.133895] functionpoint -- dev_vendor: 8086, dev_device: a32c
[    0.133898] pci_setup_device -- functionpoint
[    0.133910] pci 0000:00:1b.0: [8086:a32c] type 01 class 0x060400
[    0.133913] pci 0000:00:1b.0: functionpoint -- [8086:a32c] type 01 class 0x060400
[    0.133934] switch case PCI_HEADER_TYPE_BRIDGE -- functionpoint
[    0.133979] pci_device_add -- functionpoint
[    0.134064] pci 0000:00:1b.0: PME# supported from D0 D3hot D3cold
[    0.134100] pci 0000:00:1b.0: PTM enabled (root), 4dns granularity
[    0.135198] functionpoint -- fn = 0, devfn = 216, fn+devfn = 216
[    0.135200] next_fn -- functionpoint
[    0.135200] pci_scan_single_device -- functionpoint
[    0.135201] pci_get_slot -- functionpoint
[    0.135203] pci_scan_device -- functionpoint
[    0.135204] pci_bus_read_dev_vendor_id -- functionpoint
[    0.135215] functionpoint -- fn = 1, devfn = 216, fn+devfn = 217
[    0.135218] next_fn -- functionpoint
[    0.135218] pci_scan_single_device -- functionpoint
[    0.135219] pci_get_slot -- functionpoint
[    0.135221] pci_scan_device -- functionpoint
[    0.135222] pci_bus_read_dev_vendor_id -- functionpoint
[    0.135240] functionpoint -- fn = 2, devfn = 216, fn+devfn = 218
[    0.135242] next_fn -- functionpoint
[    0.135243] pci_scan_single_device -- functionpoint
[    0.135244] pci_get_slot -- functionpoint
[    0.135245] pci_scan_device -- functionpoint
[    0.135247] pci_bus_read_dev_vendor_id -- functionpoint
[    0.135265] functionpoint -- fn = 3, devfn = 216, fn+devfn = 219
[    0.135268] next_fn -- functionpoint
[    0.135268] pci_scan_single_device -- functionpoint
[    0.135269] pci_get_slot -- functionpoint
[    0.135270] pci_scan_device -- functionpoint
[    0.135272] pci_bus_read_dev_vendor_id -- functionpoint
[    0.135290] functionpoint -- fn = 4, devfn = 216, fn+devfn = 220
[    0.135293] next_fn -- functionpoint
[    0.135293] pci_scan_single_device -- functionpoint
[    0.135294] pci_get_slot -- functionpoint
[    0.135296] pci_scan_device -- functionpoint
[    0.135297] pci_bus_read_dev_vendor_id -- functionpoint
[    0.135315] functionpoint -- fn = 5, devfn = 216, fn+devfn = 221
[    0.135318] next_fn -- functionpoint
[    0.135318] pci_scan_single_device -- functionpoint
[    0.135319] pci_get_slot -- functionpoint
[    0.135320] pci_scan_device -- functionpoint
[    0.135322] pci_bus_read_dev_vendor_id -- functionpoint
[    0.135340] functionpoint -- fn = 6, devfn = 216, fn+devfn = 222
[    0.135343] next_fn -- functionpoint
[    0.135343] pci_scan_single_device -- functionpoint
[    0.135344] pci_get_slot -- functionpoint
[    0.135345] pci_scan_device -- functionpoint
[    0.135347] pci_bus_read_dev_vendor_id -- functionpoint
[    0.135365] functionpoint -- fn = 7, devfn = 216, fn+devfn = 223
[    0.135368] next_fn -- functionpoint
[    0.135368] pci_scan_slot -- functionpoint
[    0.135369] pci_scan_single_device -- functionpoint
[    0.135370] pci_get_slot -- functionpoint
[    0.135372] pci_scan_device -- functionpoint
[    0.135373] pci_bus_read_dev_vendor_id -- functionpoint
[    0.135381] functionpoint -- dev_vendor: 8086, dev_device: a33e
[    0.135383] pci_setup_device -- functionpoint
[    0.135396] pci 0000:00:1c.0: [8086:a33e] type 01 class 0x060400
[    0.135398] pci 0000:00:1c.0: functionpoint -- [8086:a33e] type 01 class 0x060400
[    0.135418] switch case PCI_HEADER_TYPE_BRIDGE -- functionpoint
[    0.135464] pci_device_add -- functionpoint
[    0.135547] pci 0000:00:1c.0: PME# supported from D0 D3hot D3cold
[    0.135580] pci 0000:00:1c.0: PTM enabled (root), 4dns granularity
[    0.136682] functionpoint -- fn = 0, devfn = 224, fn+devfn = 224
[    0.136684] next_fn -- functionpoint
[    0.136684] pci_scan_single_device -- functionpoint
[    0.136685] pci_get_slot -- functionpoint
[    0.136687] pci_scan_device -- functionpoint
[    0.136688] pci_bus_read_dev_vendor_id -- functionpoint
[    0.136699] functionpoint -- fn = 1, devfn = 224, fn+devfn = 225
[    0.136702] next_fn -- functionpoint
[    0.136702] pci_scan_single_device -- functionpoint
[    0.136704] pci_get_slot -- functionpoint
[    0.136705] pci_scan_device -- functionpoint
[    0.136706] pci_bus_read_dev_vendor_id -- functionpoint
[    0.136723] functionpoint -- fn = 2, devfn = 224, fn+devfn = 226
[    0.136726] next_fn -- functionpoint
[    0.136726] pci_scan_single_device -- functionpoint
[    0.136727] pci_get_slot -- functionpoint
[    0.136728] pci_scan_device -- functionpoint
[    0.136730] pci_bus_read_dev_vendor_id -- functionpoint
[    0.136748] functionpoint -- fn = 3, devfn = 224, fn+devfn = 227
[    0.136751] next_fn -- functionpoint
[    0.136751] pci_scan_single_device -- functionpoint
[    0.136752] pci_get_slot -- functionpoint
[    0.136754] pci_scan_device -- functionpoint
[    0.136755] pci_bus_read_dev_vendor_id -- functionpoint
[    0.136773] functionpoint -- fn = 4, devfn = 224, fn+devfn = 228
[    0.136776] next_fn -- functionpoint
[    0.136776] pci_scan_single_device -- functionpoint
[    0.136778] pci_get_slot -- functionpoint
[    0.136779] pci_scan_device -- functionpoint
[    0.136780] pci_bus_read_dev_vendor_id -- functionpoint
[    0.136797] functionpoint -- fn = 5, devfn = 224, fn+devfn = 229
[    0.136799] next_fn -- functionpoint
[    0.136800] pci_scan_single_device -- functionpoint
[    0.136801] pci_get_slot -- functionpoint
[    0.136802] pci_scan_device -- functionpoint
[    0.136803] pci_bus_read_dev_vendor_id -- functionpoint
[    0.136822] functionpoint -- fn = 6, devfn = 224, fn+devfn = 230
[    0.136825] next_fn -- functionpoint
[    0.136825] pci_scan_single_device -- functionpoint
[    0.136826] pci_get_slot -- functionpoint
[    0.136828] pci_scan_device -- functionpoint
[    0.136829] pci_bus_read_dev_vendor_id -- functionpoint
[    0.136847] functionpoint -- fn = 7, devfn = 224, fn+devfn = 231
[    0.136850] next_fn -- functionpoint
[    0.136850] pci_scan_slot -- functionpoint
[    0.136852] pci_scan_single_device -- functionpoint
[    0.136853] pci_get_slot -- functionpoint
[    0.136854] pci_scan_device -- functionpoint
[    0.136856] pci_bus_read_dev_vendor_id -- functionpoint
[    0.136873] functionpoint -- fn = 0, devfn = 232, fn+devfn = 232
[    0.136875] pci_scan_slot -- functionpoint
[    0.136875] pci_scan_single_device -- functionpoint
[    0.136877] pci_get_slot -- functionpoint
[    0.136878] pci_scan_device -- functionpoint
[    0.136879] pci_bus_read_dev_vendor_id -- functionpoint
[    0.136892] functionpoint -- fn = 0, devfn = 240, fn+devfn = 240
[    0.136894] pci_scan_slot -- functionpoint
[    0.136895] pci_scan_single_device -- functionpoint
[    0.136896] pci_get_slot -- functionpoint
[    0.136897] pci_scan_device -- functionpoint
[    0.136899] pci_bus_read_dev_vendor_id -- functionpoint
[    0.136906] functionpoint -- dev_vendor: 8086, dev_device: a306
[    0.136909] pci_setup_device -- functionpoint
[    0.136916] pci 0000:00:1f.0: [8086:a306] type 00 class 0x060100
[    0.136918] pci 0000:00:1f.0: functionpoint -- [8086:a306] type 00 class 0x060100
[    0.136928] switch case PCI_HEADER_TYPE_NORMAL -- functionpoint
[    0.137004] pci_device_add -- functionpoint
[    0.138065] functionpoint -- fn = 0, devfn = 248, fn+devfn = 248
[    0.138068] next_fn -- functionpoint
[    0.138068] pci_scan_single_device -- functionpoint
[    0.138069] pci_get_slot -- functionpoint
[    0.138071] pci_scan_device -- functionpoint
[    0.138072] pci_bus_read_dev_vendor_id -- functionpoint
[    0.138083] functionpoint -- fn = 1, devfn = 248, fn+devfn = 249
[    0.138086] next_fn -- functionpoint
[    0.138086] pci_scan_single_device -- functionpoint
[    0.138087] pci_get_slot -- functionpoint
[    0.138089] pci_scan_device -- functionpoint
[    0.138090] pci_bus_read_dev_vendor_id -- functionpoint
[    0.138109] functionpoint -- fn = 2, devfn = 248, fn+devfn = 250
[    0.138111] next_fn -- functionpoint
[    0.138112] pci_scan_single_device -- functionpoint
[    0.138113] pci_get_slot -- functionpoint
[    0.138114] pci_scan_device -- functionpoint
[    0.138116] pci_bus_read_dev_vendor_id -- functionpoint
[    0.138129] functionpoint -- dev_vendor: 8086, dev_device: a348
[    0.138132] pci_setup_device -- functionpoint
[    0.138157] pci 0000:00:1f.3: [8086:a348] type 00 class 0x040300
[    0.138160] pci 0000:00:1f.3: functionpoint -- [8086:a348] type 00 class 0x040300
[    0.138193] switch case PCI_HEADER_TYPE_NORMAL -- functionpoint
[    0.138234] pci 0000:00:1f.3: reg 0x10: [mem 0x4000100000-0x4000103fff 64bit]
[    0.138298] pci 0000:00:1f.3: reg 0x20: [mem 0x4000000000-0x40000fffff 64bit]
[    0.138324] pci_device_add -- functionpoint
[    0.138435] pci 0000:00:1f.3: PME# supported from D3hot D3cold
[    0.139597] functionpoint -- fn = 3, devfn = 248, fn+devfn = 251
[    0.139599] next_fn -- functionpoint
[    0.139600] pci_scan_single_device -- functionpoint
[    0.139601] pci_get_slot -- functionpoint
[    0.139603] pci_scan_device -- functionpoint
[    0.139604] pci_bus_read_dev_vendor_id -- functionpoint
[    0.139616] functionpoint -- dev_vendor: 8086, dev_device: a323
[    0.139618] pci_setup_device -- functionpoint
[    0.139639] pci 0000:00:1f.4: [8086:a323] type 00 class 0x0c0500
[    0.139641] pci 0000:00:1f.4: functionpoint -- [8086:a323] type 00 class 0x0c0500
[    0.139659] switch case PCI_HEADER_TYPE_NORMAL -- functionpoint
[    0.139705] pci 0000:00:1f.4: reg 0x10: [mem 0x4000104000-0x40001040ff 64bit]
[    0.139767] pci 0000:00:1f.4: reg 0x20: [io  0xefa0-0xefbf]
[    0.139814] pci_device_add -- functionpoint
[    0.140896] functionpoint -- fn = 4, devfn = 248, fn+devfn = 252
[    0.140899] next_fn -- functionpoint
[    0.140900] pci_scan_single_device -- functionpoint
[    0.140901] pci_get_slot -- functionpoint
[    0.140903] pci_scan_device -- functionpoint
[    0.140904] pci_bus_read_dev_vendor_id -- functionpoint
[    0.140914] functionpoint -- dev_vendor: 8086, dev_device: a324
[    0.140917] pci_setup_device -- functionpoint
[    0.140923] pci 0000:00:1f.5: [8086:a324] type 00 class 0x0c8000
[    0.140926] pci 0000:00:1f.5: functionpoint -- [8086:a324] type 00 class 0x0c8000
[    0.140935] switch case PCI_HEADER_TYPE_NORMAL -- functionpoint
[    0.140948] pci 0000:00:1f.5: reg 0x10: [mem 0xfe010000-0xfe010fff]
[    0.141014] pci_device_add -- functionpoint
[    0.142039] functionpoint -- fn = 5, devfn = 248, fn+devfn = 253
[    0.142042] next_fn -- functionpoint
[    0.142042] pci_scan_single_device -- functionpoint
[    0.142043] pci_get_slot -- functionpoint
[    0.142045] pci_scan_device -- functionpoint
[    0.142046] pci_bus_read_dev_vendor_id -- functionpoint
[    0.142050] functionpoint -- dev_vendor: 8086, dev_device: 15bb
[    0.142052] pci_setup_device -- functionpoint
[    0.142069] pci 0000:00:1f.6: [8086:15bb] type 00 class 0x020000
[    0.142071] pci 0000:00:1f.6: functionpoint -- [8086:15bb] type 00 class 0x020000
[    0.142083] pci_get_slot -- functionpoint
[    0.142093] switch case PCI_HEADER_TYPE_NORMAL -- functionpoint
[    0.142119] pci 0000:00:1f.6: reg 0x10: [mem 0xf1200000-0xf121ffff]
[    0.142224] pci_device_add -- functionpoint
[    0.142292] pci 0000:00:1f.6: PME# supported from D0 D3hot D3cold
[    0.143321] functionpoint -- fn = 6, devfn = 248, fn+devfn = 254
[    0.143323] next_fn -- functionpoint
[    0.143323] pci_scan_single_device -- functionpoint
[    0.143324] pci_get_slot -- functionpoint
[    0.143326] pci_scan_device -- functionpoint
[    0.143327] pci_bus_read_dev_vendor_id -- functionpoint
[    0.143335] functionpoint -- fn = 7, devfn = 248, fn+devfn = 255
[    0.143338] next_fn -- functionpoint
[    0.143338] pci_read_bridge_bases -- functionpoint
[    0.143344] pci_find_bus -- functionpoint
[    0.143346] functionpoint -- domain_num = 0, bus_num = 1
[    0.143348] pci_find_next_bus -- functionpoint
[    0.143349] pci_find_next_bus -- functionpoint
[    0.143350] not found bus -- functionpoint
[    0.143397] pci_bus_read_dev_vendor_id -- functionpoint
[    0.143408] pci_scan_child_bus_extend -- functionpoint
[    0.143410] pci_bus 0000:01: functionpoint -- scanning bus
[    0.143412] pci_scan_slot -- functionpoint
[    0.143413] pci_scan_single_device -- functionpoint
[    0.143414] pci_get_slot -- functionpoint
[    0.143416] pci_scan_device -- functionpoint
[    0.143417] pci_bus_read_dev_vendor_id -- functionpoint
[    0.143420] functionpoint -- dev_vendor: 1c5c, dev_device: 1339
[    0.143423] pci_setup_device -- functionpoint
[    0.143444] pci 0000:01:00.0: [1c5c:1339] type 00 class 0x010802
[    0.143446] pci 0000:01:00.0: functionpoint -- [1c5c:1339] type 00 class 0x010802
[    0.143475] switch case PCI_HEADER_TYPE_NORMAL -- functionpoint
[    0.143499] pci 0000:01:00.0: reg 0x10: [mem 0xf1100000-0xf1103fff 64bit]
[    0.143564] pci_device_add -- functionpoint
[    0.143679] pci 0000:01:00.0: supports D1
[    0.143681] pci 0000:01:00.0: PME# supported from D0 D1 D3hot
[    0.143784] functionpoint -- fn = 0, devfn = 0, fn+devfn = 0
[    0.143785] next_fn -- functionpoint
[    0.152059] pci_scan_slot -- functionpoint
[    0.152061] pci_scan_slot -- functionpoint
[    0.152062] pci_scan_slot -- functionpoint
[    0.152063] pci_scan_slot -- functionpoint
[    0.152065] pci_scan_slot -- functionpoint
[    0.152066] pci_scan_slot -- functionpoint
[    0.152067] pci_scan_slot -- functionpoint
[    0.152069] pci_scan_slot -- functionpoint
[    0.152070] pci_scan_slot -- functionpoint
[    0.152071] pci_scan_slot -- functionpoint
[    0.152072] pci_scan_slot -- functionpoint
[    0.152074] pci_scan_slot -- functionpoint
[    0.152075] pci_scan_slot -- functionpoint
[    0.152076] pci_scan_slot -- functionpoint
[    0.152077] pci_scan_slot -- functionpoint
[    0.152079] pci_scan_slot -- functionpoint
[    0.152080] pci_scan_slot -- functionpoint
[    0.152081] pci_scan_slot -- functionpoint
[    0.152083] pci_scan_slot -- functionpoint
[    0.152084] pci_scan_slot -- functionpoint
[    0.152085] pci_scan_slot -- functionpoint
[    0.152086] pci_scan_slot -- functionpoint
[    0.152088] pci_scan_slot -- functionpoint
[    0.152089] pci_scan_slot -- functionpoint
[    0.152090] pci_scan_slot -- functionpoint
[    0.152091] pci_scan_slot -- functionpoint
[    0.152093] pci_scan_slot -- functionpoint
[    0.152094] pci_scan_slot -- functionpoint
[    0.152095] pci_scan_slot -- functionpoint
[    0.152096] pci_scan_slot -- functionpoint
[    0.152098] pci_scan_slot -- functionpoint
[    0.152099] pci_read_bridge_bases -- functionpoint
[    0.152101] pci 0000:00:1b.0: PCI bridge to [bus 01]
[    0.152109] pci 0000:00:1b.0:   bridge window [mem 0xf1100000-0xf11fffff]
[    0.152115] pci_bus 0000:01: functionpoint -- bus scan returning with max=01
[    0.152124] pci_find_bus -- functionpoint
[    0.152125] functionpoint -- domain_num = 0, bus_num = 2
[    0.152128] pci_find_next_bus -- functionpoint
[    0.152128] pci_find_next_bus -- functionpoint
[    0.152129] not found bus -- functionpoint
[    0.152162] pci_bus_read_dev_vendor_id -- functionpoint
[    0.152175] pci_scan_child_bus_extend -- functionpoint
[    0.152177] pci_bus 0000:02: functionpoint -- scanning bus
[    0.152179] pci_scan_slot -- functionpoint
[    0.152179] pci_scan_single_device -- functionpoint
[    0.152181] pci_get_slot -- functionpoint
[    0.152182] pci_scan_device -- functionpoint
[    0.152183] pci_bus_read_dev_vendor_id -- functionpoint
[    0.152192] functionpoint -- dev_vendor: 1283, dev_device: 8893
[    0.152195] pci_setup_device -- functionpoint
[    0.152235] pci 0000:02:00.0: [1283:8893] type 01 class 0x060401
[    0.152237] pci 0000:02:00.0: functionpoint -- [1283:8893] type 01 class 0x060401
[    0.152289] switch case PCI_HEADER_TYPE_BRIDGE -- functionpoint
[    0.152464] pci_device_add -- functionpoint
[    0.152632] pci 0000:02:00.0: supports D1 D2
[    0.152635] pci 0000:02:00.0: PME# supported from D0 D1 D2 D3hot D3cold
[    0.152744] functionpoint -- fn = 0, devfn = 0, fn+devfn = 0
[    0.152745] next_fn -- functionpoint
[    0.152754] pci_scan_slot -- functionpoint
[    0.152755] pci_scan_slot -- functionpoint
[    0.152756] pci_scan_slot -- functionpoint
[    0.152758] pci_scan_slot -- functionpoint
[    0.152759] pci_scan_slot -- functionpoint
[    0.152760] pci_scan_slot -- functionpoint
[    0.152761] pci_scan_slot -- functionpoint
[    0.152763] pci_scan_slot -- functionpoint
[    0.152764] pci_scan_slot -- functionpoint
[    0.152765] pci_scan_slot -- functionpoint
[    0.152767] pci_scan_slot -- functionpoint
[    0.152768] pci_scan_slot -- functionpoint
[    0.152769] pci_scan_slot -- functionpoint
[    0.152770] pci_scan_slot -- functionpoint
[    0.152772] pci_scan_slot -- functionpoint
[    0.152773] pci_scan_slot -- functionpoint
[    0.152774] pci_scan_slot -- functionpoint
[    0.152775] pci_scan_slot -- functionpoint
[    0.152777] pci_scan_slot -- functionpoint
[    0.152778] pci_scan_slot -- functionpoint
[    0.152779] pci_scan_slot -- functionpoint
[    0.152780] pci_scan_slot -- functionpoint
[    0.152782] pci_scan_slot -- functionpoint
[    0.152783] pci_scan_slot -- functionpoint
[    0.152784] pci_scan_slot -- functionpoint
[    0.152786] pci_scan_slot -- functionpoint
[    0.152787] pci_scan_slot -- functionpoint
[    0.152788] pci_scan_slot -- functionpoint
[    0.152789] pci_scan_slot -- functionpoint
[    0.152791] pci_scan_slot -- functionpoint
[    0.152792] pci_scan_slot -- functionpoint
[    0.152793] pci_read_bridge_bases -- functionpoint
[    0.152795] pci 0000:00:1c.0: PCI bridge to [bus 02-03]
[    0.152804] pci 0000:00:1c.0:   bridge window [io  0x3000-0x3fff]
[    0.152806] pci 0000:00:1c.0:   bridge window [mem 0xf1000000-0xf10fffff]
[    0.152815] pci_find_bus -- functionpoint
[    0.152816] functionpoint -- domain_num = 0, bus_num = 3
[    0.152818] pci_find_next_bus -- functionpoint
[    0.152819] pci_find_next_bus -- functionpoint
[    0.152820] not found bus -- functionpoint
[    0.152859] pci_scan_child_bus_extend -- functionpoint
[    0.152861] pci_bus 0000:03: functionpoint -- scanning bus
[    0.152864] pci_scan_slot -- functionpoint
[    0.152864] pci_scan_single_device -- functionpoint
[    0.152865] pci_get_slot -- functionpoint
[    0.152867] pci_scan_device -- functionpoint
[    0.152868] pci_bus_read_dev_vendor_id -- functionpoint
[    0.152878] functionpoint -- dev_vendor: 1317, dev_device: 985
[    0.152881] pci_setup_device -- functionpoint
[    0.152896] pci 0000:03:00.0: [1317:0985] type 00 class 0x020000
[    0.152898] pci 0000:03:00.0: functionpoint -- [1317:0985] type 00 class 0x020000
[    0.152920] switch case PCI_HEADER_TYPE_NORMAL -- functionpoint
[    0.152943] pci 0000:03:00.0: reg 0x10: [io  0x3000-0x30ff]
[    0.152961] pci 0000:03:00.0: reg 0x14: [mem 0xf1000000-0xf10003ff]
[    0.153038] pci 0000:03:00.0: reg 0x30: [mem 0xfffe0000-0xffffffff pref]
[    0.153044] pci_device_add -- functionpoint
[    0.153110] pci 0000:03:00.0: supports D1 D2
[    0.153112] pci 0000:03:00.0: PME# supported from D0 D1 D2 D3hot D3cold
[    0.153148] functionpoint -- fn = 0, devfn = 0, fn+devfn = 0
[    0.153149] next_fn -- functionpoint
[    0.153150] pci_scan_slot -- functionpoint
[    0.153151] pci_scan_single_device -- functionpoint
[    0.153152] pci_get_slot -- functionpoint
[    0.153154] pci_scan_device -- functionpoint
[    0.153155] pci_bus_read_dev_vendor_id -- functionpoint
[    0.153162] functionpoint -- fn = 0, devfn = 8, fn+devfn = 8
[    0.153164] pci_scan_slot -- functionpoint
[    0.153165] pci_scan_single_device -- functionpoint
[    0.153166] pci_get_slot -- functionpoint
[    0.153167] pci_scan_device -- functionpoint
[    0.153169] pci_bus_read_dev_vendor_id -- functionpoint
[    0.153172] functionpoint -- fn = 0, devfn = 16, fn+devfn = 16
[    0.153175] pci_scan_slot -- functionpoint
[    0.153175] pci_scan_single_device -- functionpoint
[    0.153176] pci_get_slot -- functionpoint
[    0.153178] pci_scan_device -- functionpoint
[    0.153179] pci_bus_read_dev_vendor_id -- functionpoint
[    0.153184] functionpoint -- fn = 0, devfn = 24, fn+devfn = 24
[    0.153186] pci_scan_slot -- functionpoint
[    0.153187] pci_scan_single_device -- functionpoint
[    0.153188] pci_get_slot -- functionpoint
[    0.153189] pci_scan_device -- functionpoint
[    0.153190] pci_bus_read_dev_vendor_id -- functionpoint
[    0.153203] functionpoint -- fn = 0, devfn = 32, fn+devfn = 32
[    0.153206] pci_scan_slot -- functionpoint
[    0.153206] pci_scan_single_device -- functionpoint
[    0.153207] pci_get_slot -- functionpoint
[    0.153208] pci_scan_device -- functionpoint
[    0.153210] pci_bus_read_dev_vendor_id -- functionpoint
[    0.153214] functionpoint -- fn = 0, devfn = 40, fn+devfn = 40
[    0.153217] pci_scan_slot -- functionpoint
[    0.153217] pci_scan_single_device -- functionpoint
[    0.153218] pci_get_slot -- functionpoint
[    0.153220] pci_scan_device -- functionpoint
[    0.153221] pci_bus_read_dev_vendor_id -- functionpoint
[    0.153233] functionpoint -- fn = 0, devfn = 48, fn+devfn = 48
[    0.153235] pci_scan_slot -- functionpoint
[    0.153236] pci_scan_single_device -- functionpoint
[    0.153237] pci_get_slot -- functionpoint
[    0.153238] pci_scan_device -- functionpoint
[    0.153240] pci_bus_read_dev_vendor_id -- functionpoint
[    0.153244] functionpoint -- fn = 0, devfn = 56, fn+devfn = 56
[    0.153247] pci_scan_slot -- functionpoint
[    0.153247] pci_scan_single_device -- functionpoint
[    0.153248] pci_get_slot -- functionpoint
[    0.153250] pci_scan_device -- functionpoint
[    0.153251] pci_bus_read_dev_vendor_id -- functionpoint
[    0.153264] functionpoint -- fn = 0, devfn = 64, fn+devfn = 64
[    0.153266] pci_scan_slot -- functionpoint
[    0.153266] pci_scan_single_device -- functionpoint
[    0.153268] pci_get_slot -- functionpoint
[    0.153269] pci_scan_device -- functionpoint
[    0.153270] pci_bus_read_dev_vendor_id -- functionpoint
[    0.153275] functionpoint -- fn = 0, devfn = 72, fn+devfn = 72
[    0.153277] pci_scan_slot -- functionpoint
[    0.153278] pci_scan_single_device -- functionpoint
[    0.153279] pci_get_slot -- functionpoint
[    0.153280] pci_scan_device -- functionpoint
[    0.153282] pci_bus_read_dev_vendor_id -- functionpoint
[    0.153295] functionpoint -- fn = 0, devfn = 80, fn+devfn = 80
[    0.153297] pci_scan_slot -- functionpoint
[    0.153298] pci_scan_single_device -- functionpoint
[    0.153299] pci_get_slot -- functionpoint
[    0.153300] pci_scan_device -- functionpoint
[    0.153301] pci_bus_read_dev_vendor_id -- functionpoint
[    0.153306] functionpoint -- fn = 0, devfn = 88, fn+devfn = 88
[    0.153309] pci_scan_slot -- functionpoint
[    0.153309] pci_scan_single_device -- functionpoint
[    0.153310] pci_get_slot -- functionpoint
[    0.153312] pci_scan_device -- functionpoint
[    0.153313] pci_bus_read_dev_vendor_id -- functionpoint
[    0.153325] functionpoint -- fn = 0, devfn = 96, fn+devfn = 96
[    0.153327] pci_scan_slot -- functionpoint
[    0.153327] pci_scan_single_device -- functionpoint
[    0.153329] pci_get_slot -- functionpoint
[    0.153330] pci_scan_device -- functionpoint
[    0.153331] pci_bus_read_dev_vendor_id -- functionpoint
[    0.153335] functionpoint -- fn = 0, devfn = 104, fn+devfn = 104
[    0.153337] pci_scan_slot -- functionpoint
[    0.153338] pci_scan_single_device -- functionpoint
[    0.153339] pci_get_slot -- functionpoint
[    0.153340] pci_scan_device -- functionpoint
[    0.153342] pci_bus_read_dev_vendor_id -- functionpoint
[    0.153346] functionpoint -- fn = 0, devfn = 112, fn+devfn = 112
[    0.153349] pci_scan_slot -- functionpoint
[    0.153349] pci_scan_single_device -- functionpoint
[    0.153350] pci_get_slot -- functionpoint
[    0.153352] pci_scan_device -- functionpoint
[    0.153353] pci_bus_read_dev_vendor_id -- functionpoint
[    0.153364] functionpoint -- fn = 0, devfn = 120, fn+devfn = 120
[    0.153367] pci_scan_slot -- functionpoint
[    0.153367] pci_scan_single_device -- functionpoint
[    0.153368] pci_get_slot -- functionpoint
[    0.153370] pci_scan_device -- functionpoint
[    0.153371] pci_bus_read_dev_vendor_id -- functionpoint
[    0.153374] functionpoint -- fn = 0, devfn = 128, fn+devfn = 128
[    0.153377] pci_scan_slot -- functionpoint
[    0.153377] pci_scan_single_device -- functionpoint
[    0.153379] pci_get_slot -- functionpoint
[    0.153380] pci_scan_device -- functionpoint
[    0.153381] pci_bus_read_dev_vendor_id -- functionpoint
[    0.153386] functionpoint -- fn = 0, devfn = 136, fn+devfn = 136
[    0.153388] pci_scan_slot -- functionpoint
[    0.153389] pci_scan_single_device -- functionpoint
[    0.153390] pci_get_slot -- functionpoint
[    0.153391] pci_scan_device -- functionpoint
[    0.153392] pci_bus_read_dev_vendor_id -- functionpoint
[    0.153405] functionpoint -- fn = 0, devfn = 144, fn+devfn = 144
[    0.153408] pci_scan_slot -- functionpoint
[    0.153408] pci_scan_single_device -- functionpoint
[    0.153409] pci_get_slot -- functionpoint
[    0.153411] pci_scan_device -- functionpoint
[    0.153412] pci_bus_read_dev_vendor_id -- functionpoint
[    0.153416] functionpoint -- fn = 0, devfn = 152, fn+devfn = 152
[    0.153419] pci_scan_slot -- functionpoint
[    0.153419] pci_scan_single_device -- functionpoint
[    0.153420] pci_get_slot -- functionpoint
[    0.153422] pci_scan_device -- functionpoint
[    0.153423] pci_bus_read_dev_vendor_id -- functionpoint
[    0.153435] functionpoint -- fn = 0, devfn = 160, fn+devfn = 160
[    0.153438] pci_scan_slot -- functionpoint
[    0.153438] pci_scan_single_device -- functionpoint
[    0.153439] pci_get_slot -- functionpoint
[    0.153441] pci_scan_device -- functionpoint
[    0.153442] pci_bus_read_dev_vendor_id -- functionpoint
[    0.153447] functionpoint -- fn = 0, devfn = 168, fn+devfn = 168
[    0.153449] pci_scan_slot -- functionpoint
[    0.153449] pci_scan_single_device -- functionpoint
[    0.153451] pci_get_slot -- functionpoint
[    0.153452] pci_scan_device -- functionpoint
[    0.153453] pci_bus_read_dev_vendor_id -- functionpoint
[    0.153463] functionpoint -- fn = 0, devfn = 176, fn+devfn = 176
[    0.153465] pci_scan_slot -- functionpoint
[    0.153466] pci_scan_single_device -- functionpoint
[    0.153467] pci_get_slot -- functionpoint
[    0.153468] pci_scan_device -- functionpoint
[    0.153470] pci_bus_read_dev_vendor_id -- functionpoint
[    0.153474] functionpoint -- fn = 0, devfn = 184, fn+devfn = 184
[    0.153477] pci_scan_slot -- functionpoint
[    0.153477] pci_scan_single_device -- functionpoint
[    0.153478] pci_get_slot -- functionpoint
[    0.153480] pci_scan_device -- functionpoint
[    0.153481] pci_bus_read_dev_vendor_id -- functionpoint
[    0.153492] functionpoint -- fn = 0, devfn = 192, fn+devfn = 192
[    0.153495] pci_scan_slot -- functionpoint
[    0.153495] pci_scan_single_device -- functionpoint
[    0.153496] pci_get_slot -- functionpoint
[    0.153498] pci_scan_device -- functionpoint
[    0.153499] pci_bus_read_dev_vendor_id -- functionpoint
[    0.153504] functionpoint -- fn = 0, devfn = 200, fn+devfn = 200
[    0.153506] pci_scan_slot -- functionpoint
[    0.153507] pci_scan_single_device -- functionpoint
[    0.153508] pci_get_slot -- functionpoint
[    0.153509] pci_scan_device -- functionpoint
[    0.153510] pci_bus_read_dev_vendor_id -- functionpoint
[    0.153521] functionpoint -- fn = 0, devfn = 208, fn+devfn = 208
[    0.153524] pci_scan_slot -- functionpoint
[    0.153524] pci_scan_single_device -- functionpoint
[    0.153526] pci_get_slot -- functionpoint
[    0.153527] pci_scan_device -- functionpoint
[    0.153528] pci_bus_read_dev_vendor_id -- functionpoint
[    0.153533] functionpoint -- fn = 0, devfn = 216, fn+devfn = 216
[    0.153535] pci_scan_slot -- functionpoint
[    0.153536] pci_scan_single_device -- functionpoint
[    0.153537] pci_get_slot -- functionpoint
[    0.153538] pci_scan_device -- functionpoint
[    0.153539] pci_bus_read_dev_vendor_id -- functionpoint
[    0.153551] functionpoint -- fn = 0, devfn = 224, fn+devfn = 224
[    0.153553] pci_scan_slot -- functionpoint
[    0.153553] pci_scan_single_device -- functionpoint
[    0.153555] pci_get_slot -- functionpoint
[    0.153556] pci_scan_device -- functionpoint
[    0.153557] pci_bus_read_dev_vendor_id -- functionpoint
[    0.153562] functionpoint -- fn = 0, devfn = 232, fn+devfn = 232
[    0.153564] pci_scan_slot -- functionpoint
[    0.153565] pci_scan_single_device -- functionpoint
[    0.153566] pci_get_slot -- functionpoint
[    0.153567] pci_scan_device -- functionpoint
[    0.153569] pci_bus_read_dev_vendor_id -- functionpoint
[    0.153580] functionpoint -- fn = 0, devfn = 240, fn+devfn = 240
[    0.153582] pci_scan_slot -- functionpoint
[    0.153583] pci_scan_single_device -- functionpoint
[    0.153584] pci_get_slot -- functionpoint
[    0.153585] pci_scan_device -- functionpoint
[    0.153587] pci_bus_read_dev_vendor_id -- functionpoint
[    0.153591] functionpoint -- fn = 0, devfn = 248, fn+devfn = 248
[    0.153594] pci_read_bridge_bases -- functionpoint
[    0.153595] pci 0000:02:00.0: PCI bridge to [bus 03] (subtractive decode)
[    0.153605] pci 0000:02:00.0:   bridge window [io  0x3000-0x3fff]
[    0.153609] pci 0000:02:00.0:   bridge window [mem 0xf1000000-0xf10fffff]
[    0.153622] pci 0000:02:00.0:   bridge window [io  0x3000-0x3fff] (subtractive decode)
[    0.153623] pci 0000:02:00.0:   bridge window [mem 0xf1000000-0xf10fffff] (subtractive decode)
[    0.153624] pci_bus 0000:03: functionpoint -- bus scan returning with max=03
[    0.153640] pci_bus 0000:02: functionpoint -- bus scan returning with max=03
[    0.153650] pci_bus 0000:00: functionpoint -- bus scan returning with max=03
[    0.155960] driver_register -- functionpoint
[    0.155961] bus_add_driver -- functionpoint
[    0.155964] functionpoint -- bus: 'acpi': add driver ec
[    0.155970] really_probe -- functionpoint
[    0.155971] functionpoint -- bus: 'acpi': really_probe: probing driver ec with device PNP0C09:01
[    0.155976] if dev->bus->probe use dev->bus->probe(dev) -- functionpoint
[    0.155986] ACPI: EC: interrupt unblocked
[    0.155995] ACPI: EC: event unblocked
[    0.156002] ACPI: \_SB_.PCI0.LPCB.EC0_: GPE=0x6e, EC_CMD/EC_SC=0x66, EC_DATA=0x62
[    0.156004] ACPI: \_SB_.PCI0.LPCB.EC0_: Used as boot DSDT EC to handle transactions and events
[    0.156057] pci 0000:00:02.0: vgaarb: setting as boot VGA device
[    0.156057] pci 0000:00:02.0: vgaarb: VGA device added: decodes=io+mem,owns=io+mem,locks=none
[    0.156057] pci 0000:00:02.0: vgaarb: bridge control possible
[    0.156057] vgaarb: loaded
[    0.156057] driver_register -- functionpoint
[    0.156057] bus_add_driver -- functionpoint
[    0.156057] functionpoint -- bus: 'i2c': add driver 88PM860x
[    0.156057] driver_register -- functionpoint
[    0.156057] bus_add_driver -- functionpoint
[    0.156057] functionpoint -- bus: 'i2c': add driver WM8400
[    0.156057] driver_register -- functionpoint
[    0.156057] bus_add_driver -- functionpoint
[    0.156057] functionpoint -- bus: 'i2c': add driver wm831x
[    0.156057] driver_register -- functionpoint
[    0.156057] bus_add_driver -- functionpoint
[    0.156057] functionpoint -- bus: 'spi': add driver wm831x
[    0.156057] driver_register -- functionpoint
[    0.156057] bus_add_driver -- functionpoint
[    0.156057] functionpoint -- bus: 'i2c': add driver wm8350
[    0.156057] driver_register -- functionpoint
[    0.156057] bus_add_driver -- functionpoint
[    0.156057] functionpoint -- bus: 'i2c': add driver tps65910
[    0.156057] driver_register -- functionpoint
[    0.156057] bus_add_driver -- functionpoint
[    0.156057] functionpoint -- bus: 'i2c': add driver tps80031
[    0.156059] driver_register -- functionpoint
[    0.156060] bus_add_driver -- functionpoint
[    0.156062] functionpoint -- bus: 'spi': add driver ezx-pcap
[    0.156066] driver_register -- functionpoint
[    0.156066] bus_add_driver -- functionpoint
[    0.156068] functionpoint -- bus: 'i2c': add driver da903x
[    0.156072] driver_register -- functionpoint
[    0.156072] bus_add_driver -- functionpoint
[    0.156074] functionpoint -- bus: 'spi': add driver da9052
[    0.156078] driver_register -- functionpoint
[    0.156078] bus_add_driver -- functionpoint
[    0.156080] functionpoint -- bus: 'i2c': add driver da9052
[    0.156084] driver_register -- functionpoint
[    0.156084] bus_add_driver -- functionpoint
[    0.156086] functionpoint -- bus: 'i2c': add driver lp8788
[    0.156090] driver_register -- functionpoint
[    0.156090] bus_add_driver -- functionpoint
[    0.156092] functionpoint -- bus: 'i2c': add driver da9055-pmic
[    0.156096] driver_register -- functionpoint
[    0.156097] bus_add_driver -- functionpoint
[    0.156098] functionpoint -- bus: 'i2c': add driver max77843
[    0.156102] driver_register -- functionpoint
[    0.156102] bus_add_driver -- functionpoint
[    0.156104] functionpoint -- bus: 'i2c': add driver max8925
[    0.156110] driver_register -- functionpoint
[    0.156110] bus_add_driver -- functionpoint
[    0.156112] functionpoint -- bus: 'i2c': add driver max8997
[    0.156116] driver_register -- functionpoint
[    0.156116] bus_add_driver -- functionpoint
[    0.156118] functionpoint -- bus: 'i2c': add driver max8998
[    0.156121] driver_register -- functionpoint
[    0.156122] bus_add_driver -- functionpoint
[    0.156123] functionpoint -- bus: 'i2c': add driver ab3100
[    0.156132] driver_register -- functionpoint
[    0.156133] bus_add_driver -- functionpoint
[    0.156134] functionpoint -- bus: 'i2c': add driver tps6586x
[    0.156139] driver_register -- functionpoint
[    0.156139] bus_add_driver -- functionpoint
[    0.156141] functionpoint -- bus: 'i2c': add driver tps65090
[    0.156145] driver_register -- functionpoint
[    0.156145] bus_add_driver -- functionpoint
[    0.156147] functionpoint -- bus: 'i2c': add driver aat2870
[    0.156151] driver_register -- functionpoint
[    0.156151] bus_add_driver -- functionpoint
[    0.156153] functionpoint -- bus: 'i2c': add driver palmas
[    0.156157] driver_register -- functionpoint
[    0.156158] bus_add_driver -- functionpoint
[    0.156159] functionpoint -- bus: 'i2c': add driver rc5t583
[    0.156163] driver_register -- functionpoint
[    0.156164] bus_add_driver -- functionpoint
[    0.156165] functionpoint -- bus: 'i2c': add driver sec_pmic
[    0.156171] driver_register -- functionpoint
[    0.156172] bus_add_driver -- functionpoint
[    0.156173] functionpoint -- bus: 'i2c': add driver as3711
[    0.156184] driver_register -- functionpoint
[    0.156184] bus_add_driver -- functionpoint
[    0.156186] functionpoint -- bus: 'nd': add driver nd_bus
[    0.156191] driver_register -- functionpoint
[    0.156191] bus_add_driver -- functionpoint
[    0.156193] functionpoint -- bus: 'nd': add driver nvdimm
[    0.156197] driver_register -- functionpoint
[    0.156198] bus_add_driver -- functionpoint
[    0.156199] functionpoint -- bus: 'nd': add driver nd_region
[    0.156258] SCSI subsystem initialized
[    0.156270] libata version 3.00 loaded.
[    0.156270] driver_register -- functionpoint
[    0.156270] bus_add_driver -- functionpoint
[    0.156270] functionpoint -- bus: 'mdio_bus': add driver Generic 10G PHY
[    0.156270] driver_register -- functionpoint
[    0.156270] bus_add_driver -- functionpoint
[    0.156270] functionpoint -- bus: 'mdio_bus': add driver Generic PHY
[    0.156270] ACPI: bus type USB registered
[    0.156270] driver_register -- functionpoint
[    0.156270] bus_add_driver -- functionpoint
[    0.156270] functionpoint -- bus: 'usb': add driver usbfs
[    0.156270] usbcore: registered new interface driver usbfs
[    0.156270] driver_register -- functionpoint
[    0.156270] bus_add_driver -- functionpoint
[    0.156270] functionpoint -- bus: 'usb': add driver hub
[    0.156270] usbcore: registered new interface driver hub
[    0.156270] driver_register -- functionpoint
[    0.156270] bus_add_driver -- functionpoint
[    0.156270] functionpoint -- bus: 'usb': add driver usb
[    0.156270] usbcore: registered new device driver usb
[    0.156270] driver_register -- functionpoint
[    0.156270] bus_add_driver -- functionpoint
[    0.156270] functionpoint -- bus: 'platform': add driver i2c_designware
[    0.156270] EDAC MC: Ver: 3.0.0
[    0.156270] Registered efivars operations
[    0.189522] start pci_subsys_init -- functionpoint
[    0.189522] PCI: Using ACPI for IRQ routing
[    0.189522] pci_find_bus -- functionpoint
[    0.189522] functionpoint -- domain_num = 0, bus_num = 0
[    0.189522] pci_find_next_bus -- functionpoint
[    0.189522] found bus -- functionpoint
[    0.189522] pci_find_bus -- functionpoint
[    0.189522] functionpoint -- domain_num = 0, bus_num = 1
[    0.189522] pci_find_next_bus -- functionpoint
[    0.189522] found bus -- functionpoint
[    0.189522] pci_find_bus -- functionpoint
[    0.189522] functionpoint -- domain_num = 0, bus_num = 2
[    0.189522] pci_find_next_bus -- functionpoint
[    0.189522] found bus -- functionpoint
[    0.189522] pci_find_bus -- functionpoint
[    0.189522] functionpoint -- domain_num = 0, bus_num = 3
[    0.189522] pci_find_next_bus -- functionpoint
[    0.189522] found bus -- functionpoint
[    0.189522] pci_find_bus -- functionpoint
[    0.189522] functionpoint -- domain_num = 0, bus_num = 4
[    0.189522] pci_find_next_bus -- functionpoint
[    0.189522] pci_find_next_bus -- functionpoint
[    0.189522] not found bus -- functionpoint
[    0.189522] pci_find_bus -- functionpoint
[    0.189522] functionpoint -- domain_num = 0, bus_num = 5
[    0.189522] pci_find_next_bus -- functionpoint
[    0.189522] pci_find_next_bus -- functionpoint
[    0.189522] not found bus -- functionpoint
[    0.189522] pci_find_bus -- functionpoint
[    0.189522] functionpoint -- domain_num = 0, bus_num = 6
[    0.189522] pci_find_next_bus -- functionpoint
[    0.189522] pci_find_next_bus -- functionpoint
[    0.189522] not found bus -- functionpoint
[    0.189522] pci_find_bus -- functionpoint
[    0.189522] functionpoint -- domain_num = 0, bus_num = 7
[    0.189522] pci_find_next_bus -- functionpoint
[    0.189522] pci_find_next_bus -- functionpoint
[    0.189522] not found bus -- functionpoint
[    0.189522] pci_find_bus -- functionpoint
[    0.189522] functionpoint -- domain_num = 0, bus_num = 8
[    0.189522] pci_find_next_bus -- functionpoint
[    0.189522] pci_find_next_bus -- functionpoint
[    0.189522] not found bus -- functionpoint
[    0.189712] pci_find_bus -- functionpoint
[    0.189713] functionpoint -- domain_num = 0, bus_num = 9
[    0.189715] pci_find_next_bus -- functionpoint
[    0.189716] pci_find_next_bus -- functionpoint
[    0.189717] not found bus -- functionpoint
[    0.190046] pci_find_bus -- functionpoint
[    0.190047] functionpoint -- domain_num = 0, bus_num = 10
[    0.190049] pci_find_next_bus -- functionpoint
[    0.190050] pci_find_next_bus -- functionpoint
[    0.190051] not found bus -- functionpoint
[    0.190380] pci_find_bus -- functionpoint
[    0.190381] functionpoint -- domain_num = 0, bus_num = 11
[    0.190383] pci_find_next_bus -- functionpoint
[    0.190384] pci_find_next_bus -- functionpoint
[    0.190385] not found bus -- functionpoint
[    0.192238] pci_find_bus -- functionpoint
[    0.192239] functionpoint -- domain_num = 0, bus_num = 12
[    0.192242] pci_find_next_bus -- functionpoint
[    0.192242] pci_find_next_bus -- functionpoint
[    0.192243] not found bus -- functionpoint
[    0.192572] pci_find_bus -- functionpoint
[    0.192573] functionpoint -- domain_num = 0, bus_num = 13
[    0.192576] pci_find_next_bus -- functionpoint
[    0.192576] pci_find_next_bus -- functionpoint
[    0.192577] not found bus -- functionpoint
[    0.192905] pci_find_bus -- functionpoint
[    0.192907] functionpoint -- domain_num = 0, bus_num = 14
[    0.192909] pci_find_next_bus -- functionpoint
[    0.192910] pci_find_next_bus -- functionpoint
[    0.192911] not found bus -- functionpoint
[    0.193239] pci_find_bus -- functionpoint
[    0.193240] functionpoint -- domain_num = 0, bus_num = 15
[    0.193243] pci_find_next_bus -- functionpoint
[    0.193243] pci_find_next_bus -- functionpoint
[    0.193245] not found bus -- functionpoint
[    0.193573] pci_find_bus -- functionpoint
[    0.193574] functionpoint -- domain_num = 0, bus_num = 16
[    0.193577] pci_find_next_bus -- functionpoint
[    0.193577] pci_find_next_bus -- functionpoint
[    0.193578] not found bus -- functionpoint
[    0.193906] pci_find_bus -- functionpoint
[    0.193908] functionpoint -- domain_num = 0, bus_num = 17
[    0.193910] pci_find_next_bus -- functionpoint
[    0.193911] pci_find_next_bus -- functionpoint
[    0.193912] not found bus -- functionpoint
[    0.194240] pci_find_bus -- functionpoint
[    0.194242] functionpoint -- domain_num = 0, bus_num = 18
[    0.194244] pci_find_next_bus -- functionpoint
[    0.194244] pci_find_next_bus -- functionpoint
[    0.194246] not found bus -- functionpoint
[    0.194567] pci_find_bus -- functionpoint
[    0.194569] functionpoint -- domain_num = 0, bus_num = 19
[    0.194571] pci_find_next_bus -- functionpoint
[    0.194572] pci_find_next_bus -- functionpoint
[    0.194573] not found bus -- functionpoint
[    0.194894] pci_find_bus -- functionpoint
[    0.194896] functionpoint -- domain_num = 0, bus_num = 20
[    0.194898] pci_find_next_bus -- functionpoint
[    0.194898] pci_find_next_bus -- functionpoint
[    0.194900] not found bus -- functionpoint
[    0.195231] pci_find_bus -- functionpoint
[    0.195233] functionpoint -- domain_num = 0, bus_num = 21
[    0.195235] pci_find_next_bus -- functionpoint
[    0.195235] pci_find_next_bus -- functionpoint
[    0.195237] not found bus -- functionpoint
[    0.195565] pci_find_bus -- functionpoint
[    0.195567] functionpoint -- domain_num = 0, bus_num = 22
[    0.195569] pci_find_next_bus -- functionpoint
[    0.195569] pci_find_next_bus -- functionpoint
[    0.195571] not found bus -- functionpoint
[    0.195899] pci_find_bus -- functionpoint
[    0.195900] functionpoint -- domain_num = 0, bus_num = 23
[    0.195903] pci_find_next_bus -- functionpoint
[    0.195903] pci_find_next_bus -- functionpoint
[    0.195904] not found bus -- functionpoint
[    0.196223] pci_find_bus -- functionpoint
[    0.196225] functionpoint -- domain_num = 0, bus_num = 24
[    0.196227] pci_find_next_bus -- functionpoint
[    0.196227] pci_find_next_bus -- functionpoint
[    0.196229] not found bus -- functionpoint
[    0.196550] pci_find_bus -- functionpoint
[    0.196552] functionpoint -- domain_num = 0, bus_num = 25
[    0.196554] pci_find_next_bus -- functionpoint
[    0.196554] pci_find_next_bus -- functionpoint
[    0.196556] not found bus -- functionpoint
[    0.196878] pci_find_bus -- functionpoint
[    0.196879] functionpoint -- domain_num = 0, bus_num = 26
[    0.196881] pci_find_next_bus -- functionpoint
[    0.196882] pci_find_next_bus -- functionpoint
[    0.196883] not found bus -- functionpoint
[    0.197204] pci_find_bus -- functionpoint
[    0.197206] functionpoint -- domain_num = 0, bus_num = 27
[    0.197208] pci_find_next_bus -- functionpoint
[    0.197208] pci_find_next_bus -- functionpoint
[    0.197210] not found bus -- functionpoint
[    0.197539] pci_find_bus -- functionpoint
[    0.197540] functionpoint -- domain_num = 0, bus_num = 28
[    0.197542] pci_find_next_bus -- functionpoint
[    0.197543] pci_find_next_bus -- functionpoint
[    0.197544] not found bus -- functionpoint
[    0.197873] pci_find_bus -- functionpoint
[    0.197874] functionpoint -- domain_num = 0, bus_num = 29
[    0.197877] pci_find_next_bus -- functionpoint
[    0.197877] pci_find_next_bus -- functionpoint
[    0.197878] not found bus -- functionpoint
[    0.198207] pci_find_bus -- functionpoint
[    0.198208] functionpoint -- domain_num = 0, bus_num = 30
[    0.198211] pci_find_next_bus -- functionpoint
[    0.198211] pci_find_next_bus -- functionpoint
[    0.198212] not found bus -- functionpoint
[    0.198541] pci_find_bus -- functionpoint
[    0.198542] functionpoint -- domain_num = 0, bus_num = 31
[    0.198544] pci_find_next_bus -- functionpoint
[    0.198545] pci_find_next_bus -- functionpoint
[    0.198546] not found bus -- functionpoint
[    0.198874] pci_find_bus -- functionpoint
[    0.198876] functionpoint -- domain_num = 0, bus_num = 32
[    0.198878] pci_find_next_bus -- functionpoint
[    0.198878] pci_find_next_bus -- functionpoint
[    0.198879] not found bus -- functionpoint
[    0.199208] pci_find_bus -- functionpoint
[    0.199210] functionpoint -- domain_num = 0, bus_num = 33
[    0.199212] pci_find_next_bus -- functionpoint
[    0.199212] pci_find_next_bus -- functionpoint
[    0.199214] not found bus -- functionpoint
[    0.199552] pci_find_bus -- functionpoint
[    0.199554] functionpoint -- domain_num = 0, bus_num = 34
[    0.199556] pci_find_next_bus -- functionpoint
[    0.199556] pci_find_next_bus -- functionpoint
[    0.199558] not found bus -- functionpoint
[    0.199886] pci_find_bus -- functionpoint
[    0.199888] functionpoint -- domain_num = 0, bus_num = 35
[    0.199890] pci_find_next_bus -- functionpoint
[    0.199890] pci_find_next_bus -- functionpoint
[    0.199891] not found bus -- functionpoint
[    0.200213] pci_find_bus -- functionpoint
[    0.200214] functionpoint -- domain_num = 0, bus_num = 36
[    0.200216] pci_find_next_bus -- functionpoint
[    0.200217] pci_find_next_bus -- functionpoint
[    0.200218] not found bus -- functionpoint
[    0.200529] pci_find_bus -- functionpoint
[    0.200531] functionpoint -- domain_num = 0, bus_num = 37
[    0.200533] pci_find_next_bus -- functionpoint
[    0.200533] pci_find_next_bus -- functionpoint
[    0.200535] not found bus -- functionpoint
[    0.200864] pci_find_bus -- functionpoint
[    0.200865] functionpoint -- domain_num = 0, bus_num = 38
[    0.200867] pci_find_next_bus -- functionpoint
[    0.200868] pci_find_next_bus -- functionpoint
[    0.200869] not found bus -- functionpoint
[    0.201191] pci_find_bus -- functionpoint
[    0.201192] functionpoint -- domain_num = 0, bus_num = 39
[    0.201195] pci_find_next_bus -- functionpoint
[    0.201195] pci_find_next_bus -- functionpoint
[    0.201196] not found bus -- functionpoint
[    0.201525] pci_find_bus -- functionpoint
[    0.201527] functionpoint -- domain_num = 0, bus_num = 40
[    0.201529] pci_find_next_bus -- functionpoint
[    0.201529] pci_find_next_bus -- functionpoint
[    0.201531] not found bus -- functionpoint
[    0.201869] pci_find_bus -- functionpoint
[    0.201871] functionpoint -- domain_num = 0, bus_num = 41
[    0.201873] pci_find_next_bus -- functionpoint
[    0.201874] pci_find_next_bus -- functionpoint
[    0.201875] not found bus -- functionpoint
[    0.202203] pci_find_bus -- functionpoint
[    0.202204] functionpoint -- domain_num = 0, bus_num = 42
[    0.202207] pci_find_next_bus -- functionpoint
[    0.202207] pci_find_next_bus -- functionpoint
[    0.202208] not found bus -- functionpoint
[    0.202537] pci_find_bus -- functionpoint
[    0.202538] functionpoint -- domain_num = 0, bus_num = 43
[    0.202540] pci_find_next_bus -- functionpoint
[    0.202541] pci_find_next_bus -- functionpoint
[    0.202542] not found bus -- functionpoint
[    0.202871] pci_find_bus -- functionpoint
[    0.202872] functionpoint -- domain_num = 0, bus_num = 44
[    0.202874] pci_find_next_bus -- functionpoint
[    0.202875] pci_find_next_bus -- functionpoint
[    0.202876] not found bus -- functionpoint
[    0.203215] pci_find_bus -- functionpoint
[    0.203217] functionpoint -- domain_num = 0, bus_num = 45
[    0.203219] pci_find_next_bus -- functionpoint
[    0.203219] pci_find_next_bus -- functionpoint
[    0.203221] not found bus -- functionpoint
[    0.203549] pci_find_bus -- functionpoint
[    0.203551] functionpoint -- domain_num = 0, bus_num = 46
[    0.203553] pci_find_next_bus -- functionpoint
[    0.203554] pci_find_next_bus -- functionpoint
[    0.203555] not found bus -- functionpoint
[    0.203894] pci_find_bus -- functionpoint
[    0.203896] functionpoint -- domain_num = 0, bus_num = 47
[    0.203898] pci_find_next_bus -- functionpoint
[    0.203898] pci_find_next_bus -- functionpoint
[    0.203899] not found bus -- functionpoint
[    0.204224] pci_find_bus -- functionpoint
[    0.204225] functionpoint -- domain_num = 0, bus_num = 48
[    0.204227] pci_find_next_bus -- functionpoint
[    0.204228] pci_find_next_bus -- functionpoint
[    0.204229] not found bus -- functionpoint
[    0.204568] pci_find_bus -- functionpoint
[    0.204570] functionpoint -- domain_num = 0, bus_num = 49
[    0.204572] pci_find_next_bus -- functionpoint
[    0.204572] pci_find_next_bus -- functionpoint
[    0.204574] not found bus -- functionpoint
[    0.204896] pci_find_bus -- functionpoint
[    0.204897] functionpoint -- domain_num = 0, bus_num = 50
[    0.204899] pci_find_next_bus -- functionpoint
[    0.204900] pci_find_next_bus -- functionpoint
[    0.204901] not found bus -- functionpoint
[    0.205229] pci_find_bus -- functionpoint
[    0.205231] functionpoint -- domain_num = 0, bus_num = 51
[    0.205233] pci_find_next_bus -- functionpoint
[    0.205234] pci_find_next_bus -- functionpoint
[    0.205235] not found bus -- functionpoint
[    0.205564] pci_find_bus -- functionpoint
[    0.205565] functionpoint -- domain_num = 0, bus_num = 52
[    0.205567] pci_find_next_bus -- functionpoint
[    0.205568] pci_find_next_bus -- functionpoint
[    0.205569] not found bus -- functionpoint
[    0.205881] pci_find_bus -- functionpoint
[    0.205882] functionpoint -- domain_num = 0, bus_num = 53
[    0.205884] pci_find_next_bus -- functionpoint
