[    0.000000] microcode: microcode updated early to revision 0xd6, date = 2020-04-23
[    0.000000] Linux version 4.15.9+ (root@Yee-680G4) (gcc version 5.5.0 20171010 (Ubuntu 5.5.0-12ubuntu1~16.04)) #31 SMP Wed Oct 14 15:21:20 CST 2020
[    0.000000] Command line: BOOT_IMAGE=/boot/vmlinuz-4.15.9+ root=UUID=da0e40f1-3840-43a9-b61a-7b465a7673d3 ro quiet splash vt.handoff=7
[    0.000000] KERNEL supported cpus:
[    0.000000]   Intel GenuineIntel
[    0.000000]   AMD AuthenticAMD
[    0.000000]   Centaur CentaurHauls
[    0.000000] x86/fpu: Supporting XSAVE feature 0x001: 'x87 floating point registers'
[    0.000000] x86/fpu: Supporting XSAVE feature 0x002: 'SSE registers'
[    0.000000] x86/fpu: Supporting XSAVE feature 0x004: 'AVX registers'
[    0.000000] x86/fpu: Supporting XSAVE feature 0x008: 'MPX bounds registers'
[    0.000000] x86/fpu: Supporting XSAVE feature 0x010: 'MPX CSR'
[    0.000000] x86/fpu: xstate_offset[2]:  576, xstate_sizes[2]:  256
[    0.000000] x86/fpu: xstate_offset[3]:  832, xstate_sizes[3]:   64
[    0.000000] x86/fpu: xstate_offset[4]:  896, xstate_sizes[4]:   64
[    0.000000] x86/fpu: Enabled xstate features 0x1f, context size is 960 bytes, using 'compacted' format.
[    0.000000] e820: BIOS-provided physical RAM map:
[    0.000000] BIOS-e820: [mem 0x0000000000000000-0x000000000009efff] usable
[    0.000000] BIOS-e820: [mem 0x000000000009f000-0x00000000000fffff] reserved
[    0.000000] BIOS-e820: [mem 0x0000000000100000-0x00000000be6aafff] usable
[    0.000000] BIOS-e820: [mem 0x00000000be6ab000-0x00000000bf98efff] reserved
[    0.000000] BIOS-e820: [mem 0x00000000bf98f000-0x00000000bfb8efff] ACPI NVS
[    0.000000] BIOS-e820: [mem 0x00000000bfb8f000-0x00000000bfc0efff] ACPI data
[    0.000000] BIOS-e820: [mem 0x00000000bfc0f000-0x00000000bfc0ffff] usable
[    0.000000] BIOS-e820: [mem 0x00000000bfc10000-0x00000000d47fffff] reserved
[    0.000000] BIOS-e820: [mem 0x00000000fe010000-0x00000000fe010fff] reserved
[    0.000000] BIOS-e820: [mem 0x00000000ff000000-0x00000000ffffffff] reserved
[    0.000000] BIOS-e820: [mem 0x0000000100000000-0x00000004277fffff] usable
[    0.000000] NX (Execute Disable) protection: active
[    0.000000] efi: EFI v2.60 by HP
[    0.000000] efi:  ACPI=0xbfc0e000  ACPI 2.0=0xbfc0e014  SMBIOS=0xbee75000  ESRT=0xbee76018  MEMATTR=0xaf753018 
[    0.000000] random: fast init done
[    0.000000] SMBIOS 3.1 present.
[    0.000000] DMI: HP HP ProDesk 680 G4 MT/8580, BIOS R04 Ver. 02.11.01 04/27/2020
[    0.000000] e820: update [mem 0x00000000-0x00000fff] usable ==> reserved
[    0.000000] e820: remove [mem 0x000a0000-0x000fffff] usable
[    0.000000] e820: last_pfn = 0x427800 max_arch_pfn = 0x400000000
[    0.000000] MTRR default type: write-back
[    0.000000] MTRR fixed ranges enabled:
[    0.000000]   00000-9FFFF write-back
[    0.000000]   A0000-BFFFF uncachable
[    0.000000]   C0000-FFFFF write-protect
[    0.000000] MTRR variable ranges enabled:
[    0.000000]   0 base 00E0000000 mask 7FE0000000 uncachable
[    0.000000]   1 base 00D0000000 mask 7FF0000000 uncachable
[    0.000000]   2 base 00C8000000 mask 7FF8000000 uncachable
[    0.000000]   3 base 00C4000000 mask 7FFC000000 uncachable
[    0.000000]   4 base 2000000000 mask 6000000000 uncachable
[    0.000000]   5 base 1000000000 mask 7000000000 uncachable
[    0.000000]   6 base 0800000000 mask 7800000000 uncachable
[    0.000000]   7 base 4000000000 mask 4000000000 uncachable
[    0.000000]   8 disabled
[    0.000000]   9 disabled
[    0.000000] x86/PAT: Configuration [0-7]: WB  WC  UC- UC  WB  WP  UC- WT  
[    0.000000] e820: last_pfn = 0xbfc10 max_arch_pfn = 0x400000000
[    0.000000] esrt: Reserving ESRT space from 0x00000000bee76018 to 0x00000000bee76050.
[    0.000000] Scanning 1 areas for low memory corruption
[    0.000000] Base memory trampoline at [        (ptrval)] 99000 size 24576
[    0.000000] Using GB pages for direct mapping
[    0.000000] BRK [0x24f33a000, 0x24f33afff] PGTABLE
[    0.000000] BRK [0x24f33b000, 0x24f33bfff] PGTABLE
[    0.000000] BRK [0x24f33c000, 0x24f33cfff] PGTABLE
[    0.000000] BRK [0x24f33d000, 0x24f33dfff] PGTABLE
[    0.000000] BRK [0x24f33e000, 0x24f33efff] PGTABLE
[    0.000000] BRK [0x24f33f000, 0x24f33ffff] PGTABLE
[    0.000000] BRK [0x24f340000, 0x24f340fff] PGTABLE
[    0.000000] BRK [0x24f341000, 0x24f341fff] PGTABLE
[    0.000000] Secure boot could not be determined
[    0.000000] RAMDISK: [mem 0x23329000-0x3e1b0fff]
[    0.000000] ACPI: Early table checksum verification disabled
[    0.000000] ACPI: RSDP 0x00000000BFC0E014 000024 (v02 HPQOEM)
[    0.000000] ACPI: XSDT 0x00000000BFBC7188 0000DC (v01 HPQOEM SLIC-BPC 00000000 INTL 20160422)
[    0.000000] ACPI: FACP 0x00000000BFC08000 000114 (v06 HPQOEM SLIC-BPC 00000000 HP   00000001)
[    0.000000] ACPI: DSDT 0x00000000BFBE5000 01E092 (v02 HPQOEM 8580     00000000 INTL 20160527)
[    0.000000] ACPI: FACS 0x00000000BFB3F000 000040
[    0.000000] ACPI: SSDT 0x00000000BFC0C000 00012A (v02 HP     ShmTable 00000001 INTL 20160527)
[    0.000000] ACPI: SSDT 0x00000000BFC0A000 001B5F (v02 CpuRef CpuSsdt  00003000 INTL 20160527)
[    0.000000] ACPI: SSDT 0x00000000BFC09000 0009CF (v02 CtdpB  CtdpB    00001000 INTL 20160527)
[    0.000000] ACPI: HPET 0x00000000BFC07000 000038 (v01 HPQOEM 8580     00000001 HP   00000001)
[    0.000000] ACPI: APIC 0x00000000BFC06000 00012C (v03 HPQOEM 8580     00000001 HP   00000001)
[    0.000000] ACPI: MCFG 0x00000000BFC05000 00003C (v01 HPQOEM 8580     00000001 HP   00000001)
[    0.000000] ACPI: WSMT 0x00000000BFC04000 000028 (v01 HPQOEM 8580     00000001 HP   00000001)
[    0.000000] ACPI: SSDT 0x00000000BFBE4000 000734 (v01 HPQOEM PtidDevc 00001000 INTL 20160527)
[    0.000000] ACPI: SSDT 0x00000000BFBE3000 000B27 (v02 HPQOEM HP_XHC_P 00000000 INTL 20160527)
[    0.000000] ACPI: SSDT 0x00000000BFBDF000 0030ED (v02 SaSsdt SaSsdt   00003000 INTL 20160527)
[    0.000000] ACPI: LPIT 0x00000000BFBDE000 000094 (v01 INTEL  CFL      20170001 INTL 20160422)
[    0.000000] ACPI: WSMT 0x00000000BFBDD000 000028 (v01 INTEL  CFL      20170001 INTL 20160422)
[    0.000000] ACPI: SSDT 0x00000000BFBDC000 00044C (v02 INTEL  Wwan     00000001 INTL 20160527)
[    0.000000] ACPI: UEFI 0x00000000BFB39000 000042 (v01 INTEL  CFL      20170001 INTL 20160422)
[    0.000000] ACPI: OEML 0x00000000BFBDB000 000028 (v03 INTEL  CFL      20170001 INTL 20160422)
[    0.000000] ACPI: DMAR 0x00000000BFBDA000 0000C8 (v01 INTEL  CFL      00000002      01000013)
[    0.000000] ACPI: SSDT 0x00000000BFBCB000 00E899 (v01 HP     HPINDTWL 00001000 INTL 20160527)
[    0.000000] ACPI: SSDT 0x00000000BFBCA000 000032 (v01 HP     HPCONDEV 00001000 INTL 20160527)
[    0.000000] ACPI: SSDT 0x00000000BFBC9000 000069 (v01 HP     HPCAHWID 00001000 INTL 20160527)
[    0.000000] ACPI: ASF! 0x00000000BFBC8000 0000A0 (v32 HPQOEM  UYA     20170001 INTL 20160422)
[    0.000000] ACPI: FPDT 0x00000000BFC0D000 000044 (v01 INTEL  CFL      20170001 INTL 20160422)
[    0.000000] ACPI: BGRT 0x00000000BFBC6000 000038 (v01 INTEL  CFL      20170001 INTL 20160422)
[    0.000000] ACPI: Local APIC address 0xfee00000
[    0.000000] No NUMA configuration found
[    0.000000] Faking a node at [mem 0x0000000000000000-0x00000004277fffff]
[    0.000000] NODE_DATA(0) allocated [mem 0x4277d5000-0x4277fffff]
[    0.000000] Zone ranges:
[    0.000000]   DMA      [mem 0x0000000000001000-0x0000000000ffffff]
[    0.000000]   DMA32    [mem 0x0000000001000000-0x00000000ffffffff]
[    0.000000]   Normal   [mem 0x0000000100000000-0x00000004277fffff]
[    0.000000]   Device   empty
[    0.000000] Movable zone start for each node
[    0.000000] Early memory node ranges
[    0.000000]   node   0: [mem 0x0000000000001000-0x000000000009efff]
[    0.000000]   node   0: [mem 0x0000000000100000-0x00000000be6aafff]
[    0.000000]   node   0: [mem 0x00000000bfc0f000-0x00000000bfc0ffff]
[    0.000000]   node   0: [mem 0x0000000100000000-0x00000004277fffff]
[    0.000000] Initmem setup node 0 [mem 0x0000000000001000-0x00000004277fffff]
[    0.000000] On node 0 totalpages: 4087370
[    0.000000]   DMA zone: 64 pages used for memmap
[    0.000000]   DMA zone: 21 pages reserved
[    0.000000]   DMA zone: 3998 pages, LIFO batch:0
[    0.000000]   DMA32 zone: 12123 pages used for memmap
[    0.000000]   DMA32 zone: 775852 pages, LIFO batch:31
[    0.000000]   Normal zone: 51680 pages used for memmap
[    0.000000]   Normal zone: 3307520 pages, LIFO batch:31
[    0.000000] Reserved but unavailable: 99 pages
[    0.000000] tboot: non-0 tboot_addr but it is not of type E820_TYPE_RESERVED
[    0.000000] ACPI: PM-Timer IO Port: 0x1808
[    0.000000] ACPI: Local APIC address 0xfee00000
[    0.000000] ACPI: LAPIC_NMI (acpi_id[0x01] high edge lint[0x1])
[    0.000000] ACPI: LAPIC_NMI (acpi_id[0x02] high edge lint[0x1])
[    0.000000] ACPI: LAPIC_NMI (acpi_id[0x03] high edge lint[0x1])
[    0.000000] ACPI: LAPIC_NMI (acpi_id[0x04] high edge lint[0x1])
[    0.000000] ACPI: LAPIC_NMI (acpi_id[0x05] high edge lint[0x1])
[    0.000000] ACPI: LAPIC_NMI (acpi_id[0x06] high edge lint[0x1])
[    0.000000] ACPI: LAPIC_NMI (acpi_id[0x07] high edge lint[0x1])
[    0.000000] ACPI: LAPIC_NMI (acpi_id[0x08] high edge lint[0x1])
[    0.000000] ACPI: LAPIC_NMI (acpi_id[0x09] high edge lint[0x1])
[    0.000000] ACPI: LAPIC_NMI (acpi_id[0x0a] high edge lint[0x1])
[    0.000000] ACPI: LAPIC_NMI (acpi_id[0x0b] high edge lint[0x1])
[    0.000000] ACPI: LAPIC_NMI (acpi_id[0x0c] high edge lint[0x1])
[    0.000000] ACPI: LAPIC_NMI (acpi_id[0x0d] high edge lint[0x1])
[    0.000000] ACPI: LAPIC_NMI (acpi_id[0x0e] high edge lint[0x1])
[    0.000000] ACPI: LAPIC_NMI (acpi_id[0x0f] high edge lint[0x1])
[    0.000000] ACPI: LAPIC_NMI (acpi_id[0x10] high edge lint[0x1])
[    0.000000] IOAPIC[0]: apic_id 2, version 32, address 0xfec00000, GSI 0-119
[    0.000000] ACPI: INT_SRC_OVR (bus 0 bus_irq 0 global_irq 2 dfl dfl)
[    0.000000] ACPI: INT_SRC_OVR (bus 0 bus_irq 9 global_irq 9 high level)
[    0.000000] ACPI: IRQ0 used by override.
[    0.000000] ACPI: IRQ9 used by override.
[    0.000000] Using ACPI (MADT) for SMP configuration information
[    0.000000] ACPI: HPET id: 0x8086a201 base: 0xfed00000
[    0.000000] smpboot: Allowing 8 CPUs, 0 hotplug CPUs
[    0.000000] PM: Registered nosave memory: [mem 0x00000000-0x00000fff]
[    0.000000] PM: Registered nosave memory: [mem 0x0009f000-0x000fffff]
[    0.000000] PM: Registered nosave memory: [mem 0xbe6ab000-0xbf98efff]
[    0.000000] PM: Registered nosave memory: [mem 0xbf98f000-0xbfb8efff]
[    0.000000] PM: Registered nosave memory: [mem 0xbfb8f000-0xbfc0efff]
[    0.000000] PM: Registered nosave memory: [mem 0xbfc10000-0xd47fffff]
[    0.000000] PM: Registered nosave memory: [mem 0xd4800000-0xfe00ffff]
[    0.000000] PM: Registered nosave memory: [mem 0xfe010000-0xfe010fff]
[    0.000000] PM: Registered nosave memory: [mem 0xfe011000-0xfeffffff]
[    0.000000] PM: Registered nosave memory: [mem 0xff000000-0xffffffff]
[    0.000000] e820: [mem 0xd4800000-0xfe00ffff] available for PCI devices
[    0.000000] Booting paravirtualized kernel on bare hardware
[    0.000000] clocksource: refined-jiffies: mask: 0xffffffff max_cycles: 0xffffffff, max_idle_ns: 7645519600211568 ns
[    0.000000] setup_percpu: NR_CPUS:8192 nr_cpumask_bits:8 nr_cpu_ids:8 nr_node_ids:1
[    0.000000] percpu: Embedded 46 pages/cpu @        (ptrval) s151552 r8192 d28672 u262144
[    0.000000] pcpu-alloc: s151552 r8192 d28672 u262144 alloc=1*2097152
[    0.000000] pcpu-alloc: [0] 0 1 2 3 4 5 6 7 
[    0.000000] Built 1 zonelists, mobility grouping on.  Total pages: 4023482
[    0.000000] Policy zone: Normal
[    0.000000] Kernel command line: BOOT_IMAGE=/boot/vmlinuz-4.15.9+ root=UUID=da0e40f1-3840-43a9-b61a-7b465a7673d3 ro quiet splash vt.handoff=7
[    0.000000] Calgary: detecting Calgary via BIOS EBDA area
[    0.000000] Calgary: Unable to locate Rio Grande table in EBDA - bailing!
[    0.000000] Memory: 15485632K/16349480K available (12300K kernel code, 2470K rwdata, 4196K rodata, 2388K init, 2416K bss, 863848K reserved, 0K cma-reserved)
[    0.000000] SLUB: HWalign=64, Order=0-3, MinObjects=0, CPUs=8, Nodes=1
[    0.000000] ftrace: allocating 38976 entries in 153 pages
[    0.000000] Hierarchical RCU implementation.
[    0.000000] 	RCU restricting CPUs from NR_CPUS=8192 to nr_cpu_ids=8.
[    0.000000] 	Tasks RCU enabled.
[    0.000000] RCU: Adjusting geometry for rcu_fanout_leaf=16, nr_cpu_ids=8
[    0.000000] NR_IRQS: 524544, nr_irqs: 2048, preallocated irqs: 16
[    0.000000] Console: colour dummy device 80x25
[    0.000000] console [tty0] enabled
[    0.000000] ACPI: Core revision 20170831
[    0.000000] ACPI Error: [\_SB_.PCI0.XHC_.RHUB.HS11] Namespace lookup failure, AE_NOT_FOUND (20170831/dswload-210)
[    0.000000] ACPI Exception: AE_NOT_FOUND, During name lookup/catalog (20170831/psobject-252)
[    0.000000] ACPI Exception: AE_NOT_FOUND, (SSDT:HP_XHC_P) while loading table (20170831/tbxfload-228)
[    0.000000] ACPI Error: 1 table load failures, 10 successful (20170831/tbxfload-246)
[    0.000000] clocksource: hpet: mask: 0xffffffff max_cycles: 0xffffffff, max_idle_ns: 79635855245 ns
[    0.000000] hpet clockevent registered
[    0.004000] APIC: Switch to symmetric I/O mode setup
[    0.004000] DMAR: Host address width 39
[    0.004000] DMAR: DRHD base: 0x000000fed90000 flags: 0x0
[    0.004000] DMAR: dmar0: reg_base_addr fed90000 ver 1:0 cap 1c0000c40660462 ecap 19e2ff0505e
[    0.004000] DMAR: DRHD base: 0x000000fed91000 flags: 0x1
[    0.004000] DMAR: dmar1: reg_base_addr fed91000 ver 1:0 cap d2008c40660462 ecap f050da
[    0.004000] DMAR: RMRR base: 0x000000bf81d000 end: 0x000000bf83cfff
[    0.004000] DMAR: RMRR base: 0x000000c4000000 end: 0x000000d47fffff
[    0.004000] DMAR: RMRR base: 0x000000bf86e000 end: 0x000000bf8edfff
[    0.004000] DMAR-IR: IOAPIC id 2 under DRHD base  0xfed91000 IOMMU 1
[    0.004000] DMAR-IR: HPET id 0 under DRHD base 0xfed91000
[    0.004000] DMAR-IR: Queued invalidation will be enabled to support x2apic and Intr-remapping.
[    0.004000] DMAR-IR: Enabled IRQ remapping in x2apic mode
[    0.004000] x2apic enabled
[    0.004000] Switched APIC routing to cluster x2apic.
[    0.016000] ..TIMER: vector=0x30 apic1=0 pin1=2 apic2=-1 pin2=-1
[    0.036000] tsc: Detected 3000.000 MHz processor
[    0.036000] Calibrating delay loop (skipped), value calculated using timer frequency.. 6000.00 BogoMIPS (lpj=12000000)
[    0.036000] pid_max: default: 32768 minimum: 301
[    0.036000] Security Framework initialized
[    0.036000] Yama: becoming mindful.
[    0.036000] AppArmor: AppArmor initialized
[    0.036000] Dentry cache hash table entries: 2097152 (order: 12, 16777216 bytes)
[    0.036000] Inode-cache hash table entries: 1048576 (order: 11, 8388608 bytes)
[    0.036000] Mount-cache hash table entries: 32768 (order: 6, 262144 bytes)
[    0.036000] Mountpoint-cache hash table entries: 32768 (order: 6, 262144 bytes)
[    0.036000] CPU: Physical Processor ID: 0
[    0.036000] CPU: Processor Core ID: 0
[    0.036000] ENERGY_PERF_BIAS: Set to 'normal', was 'performance'
[    0.036000] ENERGY_PERF_BIAS: View and update with x86_energy_perf_policy(8)
[    0.036000] mce: CPU supports 14 MCE banks
[    0.036000] CPU0: Thermal monitoring enabled (TM1)
[    0.036000] process: using mwait in idle threads
[    0.036000] Last level iTLB entries: 4KB 128, 2MB 8, 4MB 8
[    0.036000] Last level dTLB entries: 4KB 64, 2MB 0, 4MB 0, 1GB 4
[    0.036000] Spectre V2 : Mitigation: Full generic retpoline
[    0.036000] Spectre V2 : Spectre v2 mitigation: Filling RSB on context switch
[    0.036000] Spectre V2 : Spectre v2 mitigation: Enabling Indirect Branch Prediction Barrier
[    0.036000] Freeing SMP alternatives memory: 36K
[    0.042007] TSC deadline timer enabled
[    0.042018] smpboot: CPU0: Intel(R) Core(TM) i7-9700 CPU @ 3.00GHz (family: 0x6, model: 0x9e, stepping: 0xd)
[    0.042071] Performance Events: PEBS fmt3+, Skylake events, 32-deep LBR, full-width counters, Intel PMU driver.
[    0.042099] ... version:                4
[    0.042099] ... bit width:              48
[    0.042100] ... generic registers:      8
[    0.042100] ... value mask:             0000ffffffffffff
[    0.042101] ... max period:             00007fffffffffff
[    0.042101] ... fixed-purpose events:   3
[    0.042102] ... event mask:             00000007000000ff
[    0.042132] Hierarchical SRCU implementation.
[    0.043063] NMI watchdog: Enabled. Permanently consumes one hw-PMU counter.
[    0.043074] smp: Bringing up secondary CPUs ...
[    0.043133] x86: Booting SMP configuration:
[    0.043134] .... node  #0, CPUs:      #1 #2 #3 #4 #5 #6 #7
[    0.053430] smp: Brought up 1 node, 8 CPUs
[    0.053430] smpboot: Max logical packages: 1
[    0.053430] smpboot: Total of 8 processors activated (48000.00 BogoMIPS)
[    0.056288] devtmpfs: initialized
[    0.056288] x86/mm: Memory block size: 128MB
[    0.057021] evm: security.selinux
[    0.057021] evm: security.SMACK64
[    0.057022] evm: security.SMACK64EXEC
[    0.057022] evm: security.SMACK64TRANSMUTE
[    0.057022] evm: security.SMACK64MMAP
[    0.057023] evm: security.apparmor
[    0.057023] evm: security.ima
[    0.057023] evm: security.capability
[    0.057036] PM: Registering ACPI NVS region [mem 0xbf98f000-0xbfb8efff] (2097152 bytes)
[    0.057036] clocksource: jiffies: mask: 0xffffffff max_cycles: 0xffffffff, max_idle_ns: 7645041785100000 ns
[    0.057036] futex hash table entries: 2048 (order: 5, 131072 bytes)
[    0.057036] pinctrl core: initialized pinctrl subsystem
[    0.057036] drivers/base/bus.c 153 driver_register -- functionpoint
[    0.057036] drivers/base/bus.c 642 bus_add_driver -- functionpoint
[    0.057036] drivers/base/bus.c 649 bus_add_driver -- functionpoint -- bus: 'platform': add driver reg-dummy
[    0.057036] drivers/base/dd.c 369 really_probe -- functionpoint
[    0.057036] drivers/base/dd.c 392 really_probe -- functionpoint -- bus: 'platform': really_probe: probing driver reg-dummy with device reg-dummy
[    0.057036] drivers/base/dd.c 435 really_probe -- if drv->probe use drv->probe(dev) -- functionpoint
[    0.057036] RTC time:  7:43:01, date: 10/14/20
[    0.057036] NET: Registered protocol family 16
[    0.057036] audit: initializing netlink subsys (disabled)
[    0.057036] audit: type=2000 audit(1602661381.056:1): state=initialized audit_enabled=0 res=1
[    0.057036] drivers/base/bus.c 153 driver_register -- functionpoint
[    0.057036] drivers/base/bus.c 642 bus_add_driver -- functionpoint
[    0.057036] drivers/base/bus.c 649 bus_add_driver -- functionpoint -- bus: 'platform': add driver sram
[    0.057036] drivers/base/bus.c 153 driver_register -- functionpoint
[    0.057036] drivers/base/bus.c 642 bus_add_driver -- functionpoint
[    0.057036] drivers/base/bus.c 649 bus_add_driver -- functionpoint -- bus: 'platform': add driver syscon
[    0.057036] drivers/base/bus.c 153 driver_register -- functionpoint
[    0.057036] drivers/base/bus.c 642 bus_add_driver -- functionpoint
[    0.057036] drivers/base/bus.c 649 bus_add_driver -- functionpoint -- bus: 'i2c': add driver dummy
[    0.057036] cpuidle: using governor ladder
[    0.057036] cpuidle: using governor menu
[    0.057036] ACPI FADT declares the system doesn't support PCIe ASPM, so disable it
[    0.057036] ACPI: bus type PCI registered
[    0.057036] acpiphp: ACPI Hot Plug PCI Controller Driver version: 0.5
[    0.057036] arch/x86/pci/init.c 11 start pci_arch_init -- functionpoint
[    0.057036] PCI: MMCONFIG for domain 0000 [bus 00-3f] at [mem 0xf8000000-0xfbffffff] (base 0xf8000000)
[    0.057036] PCI: not using MMCONFIG
[    0.057036] PCI: Using configuration type 1 for base access
[    0.057036] arch/x86/pci/init.c 44 end pci_arch_init -- functionpoint
[    0.057117] HugeTLB registered 1.00 GiB page size, pre-allocated 0 pages
[    0.057117] HugeTLB registered 2.00 MiB page size, pre-allocated 0 pages
[    0.057119] drivers/base/bus.c 153 driver_register -- functionpoint
[    0.057119] drivers/base/bus.c 642 bus_add_driver -- functionpoint
[    0.057119] drivers/base/bus.c 649 bus_add_driver -- functionpoint -- bus: 'i2c': add driver sx150x-pinctrl
[    0.057119] drivers/base/bus.c 153 driver_register -- functionpoint
[    0.057119] drivers/base/bus.c 642 bus_add_driver -- functionpoint
[    0.057119] drivers/base/bus.c 649 bus_add_driver -- functionpoint -- bus: 'platform': add driver byt_gpio
[    0.057119] drivers/base/bus.c 153 driver_register -- functionpoint
[    0.057119] drivers/base/bus.c 642 bus_add_driver -- functionpoint
[    0.057119] drivers/base/bus.c 649 bus_add_driver -- functionpoint -- bus: 'platform': add driver cherryview-pinctrl
[    0.057119] drivers/base/bus.c 153 driver_register -- functionpoint
[    0.057119] drivers/base/bus.c 642 bus_add_driver -- functionpoint
[    0.057119] drivers/base/bus.c 649 bus_add_driver -- functionpoint -- bus: 'platform': add driver lp_gpio
[    0.057119] drivers/base/bus.c 153 driver_register -- functionpoint
[    0.057119] drivers/base/bus.c 642 bus_add_driver -- functionpoint
[    0.057119] drivers/base/bus.c 649 bus_add_driver -- functionpoint -- bus: 'platform': add driver rc5t583-gpio
[    0.057119] drivers/base/bus.c 153 driver_register -- functionpoint
[    0.057119] drivers/base/bus.c 642 bus_add_driver -- functionpoint
[    0.057119] drivers/base/bus.c 649 bus_add_driver -- functionpoint -- bus: 'platform': add driver palmas-gpio
[    0.057119] drivers/base/bus.c 153 driver_register -- functionpoint
[    0.057119] drivers/base/bus.c 642 bus_add_driver -- functionpoint
[    0.057119] drivers/base/bus.c 649 bus_add_driver -- functionpoint -- bus: 'platform': add driver tps6586x-gpio
[    0.057119] drivers/base/bus.c 153 driver_register -- functionpoint
[    0.057119] drivers/base/bus.c 642 bus_add_driver -- functionpoint
[    0.057119] drivers/base/bus.c 649 bus_add_driver -- functionpoint -- bus: 'platform': add driver tps65910-gpio
[    0.057119] ACPI: Added _OSI(Module Device)
[    0.057119] ACPI: Added _OSI(Processor Device)
[    0.057119] ACPI: Added _OSI(3.0 _SCP Extensions)
[    0.057119] ACPI: Added _OSI(Processor Aggregator Device)
[    0.061848] ACPI: Executed 30 blocks of module-level executable AML code
[    0.072037] ACPI: [Firmware Bug]: BIOS _OSI(Linux) query ignored
[    0.080195] ACPI: Dynamic OEM Table Load:
[    0.080207] ACPI: SSDT 0xFFFF9A6F14FB3700 0000F4 (v02 PmRef  Cpu0Psd  00003000 INTL 20160527)
[    0.080439] ACPI: Executed 1 blocks of module-level executable AML code
[    0.080559] ACPI: \_SB_.PR00: _OSC native thermal LVT Acked
[    0.081512] ACPI: Dynamic OEM Table Load:
[    0.081518] ACPI: SSDT 0xFFFF9A6F14FBD000 000400 (v02 PmRef  Cpu0Cst  00003001 INTL 20160527)
[    0.081743] ACPI: Executed 1 blocks of module-level executable AML code
[    0.081972] ACPI: Dynamic OEM Table Load:
[    0.081978] ACPI: SSDT 0xFFFF9A6F14EF2800 000605 (v02 PmRef  Cpu0Ist  00003000 INTL 20160527)
[    0.082184] ACPI: Executed 1 blocks of module-level executable AML code
[    0.082374] ACPI: Dynamic OEM Table Load:
[    0.082378] ACPI: SSDT 0xFFFF9A6F14F35600 000149 (v02 PmRef  Cpu0Hwp  00003000 INTL 20160527)
[    0.082573] ACPI: Executed 2 blocks of module-level executable AML code
[    0.082743] ACPI: Dynamic OEM Table Load:
[    0.082748] ACPI: SSDT 0xFFFF9A6F14EF2000 000724 (v02 PmRef  HwpLvt   00003000 INTL 20160527)
[    0.082926] ACPI: Executed 1 blocks of module-level executable AML code
[    0.083415] ACPI: Dynamic OEM Table Load:
[    0.083420] ACPI: SSDT 0xFFFF9A6F14EF3000 0005FC (v02 PmRef  ApIst    00003000 INTL 20160527)
[    0.083818] ACPI: Executed 1 blocks of module-level executable AML code
[    0.084012] ACPI: Dynamic OEM Table Load:
[    0.084016] ACPI: SSDT 0xFFFF9A6F14FB8800 000317 (v02 PmRef  ApHwp    00003000 INTL 20160527)
[    0.084291] ACPI: Executed 1 blocks of module-level executable AML code
[    0.084608] ACPI: Dynamic OEM Table Load:
[    0.084613] ACPI: SSDT 0xFFFF9A6F17140000 000AB0 (v02 PmRef  ApPsd    00003000 INTL 20160527)
[    0.085454] ACPI: Executed 1 blocks of module-level executable AML code
[    0.085649] ACPI: Dynamic OEM Table Load:
[    0.085654] ACPI: SSDT 0xFFFF9A6F14FBC000 00030A (v02 PmRef  ApCst    00003000 INTL 20160527)
[    0.085931] ACPI: Executed 1 blocks of module-level executable AML code
[    0.088842] ACPI: EC: EC started
[    0.088842] ACPI: EC: interrupt blocked
[    0.088858] ACPI: \_SB_.PCI0.LPCB.EC0_: Used as first EC
[    0.088860] ACPI: \_SB_.PCI0.LPCB.EC0_: GPE=0x6e, EC_CMD/EC_SC=0x66, EC_DATA=0x62
[    0.088861] ACPI: \_SB_.PCI0.LPCB.EC0_: Used as boot DSDT EC to handle transactions
[    0.088861] ACPI: Interpreter enabled
[    0.088910] ACPI: (supports S0 S3 S4 S5)
[    0.088910] ACPI: Using IOAPIC for interrupt routing
[    0.088950] PCI: MMCONFIG for domain 0000 [bus 00-3f] at [mem 0xf8000000-0xfbffffff] (base 0xf8000000)
[    0.091568] PCI: MMCONFIG at [mem 0xf8000000-0xfbffffff] reserved in ACPI motherboard resources
[    0.091573] drivers/acpi/pci_root.c 920 acpi_pci_root_init --functionpoint
[    0.091573] drivers/acpi/apei/hest.c 228 acpi_hest_init -- functionpoint
[    0.091578] PCI: Using host bridge windows from ACPI; if necessary, use "pci=nocrs" and report a bug
[    0.091969] drivers/base/bus.c 153 driver_register -- functionpoint
[    0.091969] drivers/base/bus.c 642 bus_add_driver -- functionpoint
[    0.091972] drivers/base/bus.c 649 bus_add_driver -- functionpoint -- bus: 'platform': add driver clk-lpt
[    0.092000] ACPI: Enabled 4 GPEs in block 00 to 7F
[    0.092001] drivers/acpi/scan.c 2010 acpi_bus_scan -- functionpoint
[    0.098868] ACPI: Power Resource [USBC] (on)
[    0.099684] ACPI: Power Resource [WRST] (on)
[    0.100097] ACPI: Power Resource [WRST] (on)
[    0.100494] ACPI: Power Resource [WRST] (on)
[    0.100895] ACPI: Power Resource [WRST] (on)
[    0.101301] ACPI: Power Resource [WRST] (on)
[    0.101698] ACPI: Power Resource [WRST] (on)
[    0.102096] ACPI: Power Resource [WRST] (on)
[    0.102496] ACPI: Power Resource [WRST] (on)
[    0.102896] ACPI: Power Resource [WRST] (on)
[    0.103293] ACPI: Power Resource [WRST] (on)
[    0.103690] ACPI: Power Resource [WRST] (on)
[    0.104092] ACPI: Power Resource [WRST] (on)
[    0.104489] ACPI: Power Resource [WRST] (on)
[    0.104887] ACPI: Power Resource [WRST] (on)
[    0.105294] ACPI: Power Resource [WRST] (on)
[    0.105689] ACPI: Power Resource [WRST] (on)
[    0.106088] ACPI: Power Resource [WRST] (on)
[    0.106492] ACPI: Power Resource [WRST] (on)
[    0.106896] ACPI: Power Resource [WRST] (on)
[    0.107305] ACPI: Power Resource [WRST] (on)
[    0.109004] ACPI: Power Resource [V0PR] (on)
[    0.109216] ACPI: Power Resource [V1PR] (on)
[    0.109424] ACPI: Power Resource [V2PR] (on)
[    0.113977] ACPI: Power Resource [WRST] (on)
[    0.116188] drivers/acpi/pci_root.c 528 acpi_pci_root_add -- functionpoint
[    0.116575] ACPI: PCI Root Bridge [PCI0] (domain 0000 [bus 00-3e])
[    0.116578] ACPI: drivers/acpi/pci_root.c 584 acpi_pci_root_add --  functionpoint -- PCI Root Bridge [PCI0] (domain 0000 [bus 00-3e])
[    0.116585] acpi PNP0A08:00: _OSC: OS supports [ExtendedConfig ASPM ClockPM Segments MSI]
[    0.119941] acpi PNP0A08:00: _OSC: OS now controls [PCIeHotplug PME AER PCIeCapability]
[    0.119942] acpi PNP0A08:00: FADT indicates ASPM is unsupported, using BIOS configuration
[    0.119955] arch/x86/pci/acpi.c 335 pci_acpi_scan_root -- functionpoint
[    0.119956] drivers/pci/search.c 144 pci_find_bus -- functionpoint
[    0.119958] drivers/pci/search.c 145 pci_find_bus functionpoint -- domain_num = 0, bus_num = 0
[    0.119962] drivers/pci/search.c 176 pci_find_next_bus -- functionpoint
[    0.119962] drivers/pci/search.c 157 pci_find_bus not found bus -- functionpoint
[    0.119975] drivers/acpi/pci_root.c 881 acpi_pci_root_create -- functionpoint
[    0.120358] drivers/pci/probe.c 2643 pci_create_root_bus -- functionpoint
[    0.120360] drivers/pci/probe.c 533 pci_alloc_host_bridge -- functionpoint
[    0.120362] drivers/pci/probe.c 765 pci_register_host_bridge -- functionpoint
[    0.120364] drivers/pci/search.c 144 pci_find_bus -- functionpoint
[    0.120366] drivers/pci/search.c 145 pci_find_bus functionpoint -- domain_num = 0, bus_num = 0
[    0.120369] drivers/pci/search.c 176 pci_find_next_bus -- functionpoint
[    0.120369] drivers/pci/search.c 157 pci_find_bus not found bus -- functionpoint
[    0.121414] drivers/pci/probe.c 2009 pci_bus_read_dev_vendor_id -- functionpoint
[    0.121428] drivers/pci/probe.c 2009 pci_bus_read_dev_vendor_id -- functionpoint
[    0.121444] drivers/pci/probe.c 2009 pci_bus_read_dev_vendor_id -- functionpoint
[    0.121456] drivers/pci/probe.c 2009 pci_bus_read_dev_vendor_id -- functionpoint
[    0.121467] drivers/pci/probe.c 2009 pci_bus_read_dev_vendor_id -- functionpoint
[    0.121483] drivers/pci/probe.c 2009 pci_bus_read_dev_vendor_id -- functionpoint
[    0.121491] drivers/pci/probe.c 2009 pci_bus_read_dev_vendor_id -- functionpoint
[    0.121503] drivers/pci/probe.c 2009 pci_bus_read_dev_vendor_id -- functionpoint
[    0.121517] drivers/pci/probe.c 2009 pci_bus_read_dev_vendor_id -- functionpoint
[    0.121523] drivers/pci/probe.c 2009 pci_bus_read_dev_vendor_id -- functionpoint
[    0.121534] drivers/pci/probe.c 2009 pci_bus_read_dev_vendor_id -- functionpoint
[    0.121582] drivers/pci/probe.c 2009 pci_bus_read_dev_vendor_id -- functionpoint
[    0.121633] drivers/pci/probe.c 2009 pci_bus_read_dev_vendor_id -- functionpoint
[    0.121685] drivers/pci/probe.c 2009 pci_bus_read_dev_vendor_id -- functionpoint
[    0.121736] drivers/pci/probe.c 2009 pci_bus_read_dev_vendor_id -- functionpoint
[    0.121788] drivers/pci/probe.c 2009 pci_bus_read_dev_vendor_id -- functionpoint
[    0.121839] drivers/pci/probe.c 2009 pci_bus_read_dev_vendor_id -- functionpoint
[    0.121891] drivers/pci/probe.c 2009 pci_bus_read_dev_vendor_id -- functionpoint
[    0.121939] drivers/pci/probe.c 2009 pci_bus_read_dev_vendor_id -- functionpoint
[    0.121992] drivers/pci/probe.c 2009 pci_bus_read_dev_vendor_id -- functionpoint
[    0.122044] drivers/pci/probe.c 2009 pci_bus_read_dev_vendor_id -- functionpoint
[    0.122095] drivers/pci/probe.c 2009 pci_bus_read_dev_vendor_id -- functionpoint
[    0.122147] drivers/pci/probe.c 2009 pci_bus_read_dev_vendor_id -- functionpoint
[    0.122198] drivers/pci/probe.c 2009 pci_bus_read_dev_vendor_id -- functionpoint
[    0.122250] drivers/pci/probe.c 2009 pci_bus_read_dev_vendor_id -- functionpoint
[    0.122302] drivers/pci/probe.c 2009 pci_bus_read_dev_vendor_id -- functionpoint
[    0.122353] drivers/pci/probe.c 2009 pci_bus_read_dev_vendor_id -- functionpoint
[    0.122406] drivers/pci/probe.c 2009 pci_bus_read_dev_vendor_id -- functionpoint
[    0.122458] drivers/pci/probe.c 2009 pci_bus_read_dev_vendor_id -- functionpoint
[    0.122510] drivers/pci/probe.c 2009 pci_bus_read_dev_vendor_id -- functionpoint
[    0.122561] drivers/pci/probe.c 2009 pci_bus_read_dev_vendor_id -- functionpoint
[    0.122613] drivers/pci/probe.c 2009 pci_bus_read_dev_vendor_id -- functionpoint
[    0.122661] drivers/pci/probe.c 2009 pci_bus_read_dev_vendor_id -- functionpoint
[    0.122713] drivers/pci/probe.c 2009 pci_bus_read_dev_vendor_id -- functionpoint
[    0.122765] drivers/pci/probe.c 2009 pci_bus_read_dev_vendor_id -- functionpoint
[    0.122781] drivers/pci/probe.c 2009 pci_bus_read_dev_vendor_id -- functionpoint
[    0.122799] drivers/pci/probe.c 2009 pci_bus_read_dev_vendor_id -- functionpoint
[    0.122813] drivers/pci/probe.c 2009 pci_bus_read_dev_vendor_id -- functionpoint
[    0.122824] drivers/pci/probe.c 2009 pci_bus_read_dev_vendor_id -- functionpoint
[    0.122838] drivers/pci/probe.c 2009 pci_bus_read_dev_vendor_id -- functionpoint
[    0.122843] drivers/pci/probe.c 2009 pci_bus_read_dev_vendor_id -- functionpoint
[    0.122850] drivers/pci/probe.c 2009 pci_bus_read_dev_vendor_id -- functionpoint
[    0.122858] PCI host bridge to bus 0000:00
[    0.122862] pci_bus 0000:00: root bus resource [io  0x0000-0x0cf7 window]
[    0.122863] pci_bus 0000:00: root bus resource [io  0x0d00-0xffff window]
[    0.122864] pci_bus 0000:00: root bus resource [mem 0x000a0000-0x000bffff window]
[    0.122865] pci_bus 0000:00: root bus resource [mem 0xd4800000-0xf7ffffff window]
[    0.122866] pci_bus 0000:00: root bus resource [mem 0x4000000000-0x7fffffffff window]
[    0.122867] pci_bus 0000:00: root bus resource [mem 0xfc800000-0xfe7fffff window]
[    0.122869] pci_bus 0000:00: root bus resource [bus 00-3e]
[    0.122869] drivers/pci/probe.c 2497 pci_scan_child_bus_extend -- functionpoint
[    0.122870] pci_bus 0000:00: drivers/pci/probe.c 2501 pci_scan_child_bus_extend-- functionpoint -- scanning bus
[    0.122874] drivers/pci/probe.c 2281 pci_scan_slot -- functionpoint
[    0.122874] drivers/pci/probe.c 2196 pci_scan_single_device -- functionpoint
[    0.122876] drivers/pci/search.c 206 pci_get_slot -- functionpoint
[    0.122877] drivers/pci/probe.c 2035 pci_scan_device -- functionpoint
[    0.122879] drivers/pci/probe.c 2009 pci_bus_read_dev_vendor_id -- functionpoint
[    0.122881] drivers/pci/probe.c 2048 pci_scan_device -- functionpoint -- dev_vendor: 8086, dev_device: 3e30
[    0.122885] drivers/pci/probe.c 1453 pci_setup_device -- functionpoint
[    0.122890] pci 0000:00:00.0: [8086:3e30] type 00 class 0x060000
[    0.122893] pci 0000:00:00.0: drivers/pci/probe.c 1482 pci_setup_device functionpoint -- [8086:3e30] type 00 class 0x060000
[    0.122907] drivers/pci/probe.c 1513 pci_setup_device  switch case PCI_HEADER_TYPE_NORMAL -- functionpoint
[    0.122919] drivers/pci/probe.c 2145 pci_device_add -- functionpoint
[    0.123915] drivers/pci/probe.c 2288 pci_scan_slot -- functionpoint -- fn = 0, devfn = 0, fn+devfn = 0
[    0.123918] drivers/pci/probe.c 2220 next_fn -- functionpoint
[    0.123919] drivers/pci/probe.c 2281 pci_scan_slot -- functionpoint
[    0.123920] drivers/pci/probe.c 2196 pci_scan_single_device -- functionpoint
[    0.123922] drivers/pci/search.c 206 pci_get_slot -- functionpoint
[    0.123923] drivers/pci/probe.c 2035 pci_scan_device -- functionpoint
[    0.123925] drivers/pci/probe.c 2009 pci_bus_read_dev_vendor_id -- functionpoint
[    0.123936] drivers/pci/probe.c 2288 pci_scan_slot -- functionpoint -- fn = 0, devfn = 8, fn+devfn = 8
[    0.123940] drivers/pci/probe.c 2281 pci_scan_slot -- functionpoint
[    0.123940] drivers/pci/probe.c 2196 pci_scan_single_device -- functionpoint
[    0.123942] drivers/pci/search.c 206 pci_get_slot -- functionpoint
[    0.123943] drivers/pci/probe.c 2035 pci_scan_device -- functionpoint
[    0.123945] drivers/pci/probe.c 2009 pci_bus_read_dev_vendor_id -- functionpoint
[    0.123947] drivers/pci/probe.c 2048 pci_scan_device -- functionpoint -- dev_vendor: 8086, dev_device: 3e98
[    0.123950] drivers/pci/probe.c 1453 pci_setup_device -- functionpoint
[    0.123956] pci 0000:00:02.0: [8086:3e98] type 00 class 0x030000
[    0.123958] pci 0000:00:02.0: drivers/pci/probe.c 1482 pci_setup_device functionpoint -- [8086:3e98] type 00 class 0x030000
[    0.123964] drivers/pci/probe.c 1513 pci_setup_device  switch case PCI_HEADER_TYPE_NORMAL -- functionpoint
[    0.123970] pci 0000:00:02.0: reg 0x10: [mem 0xf0000000-0xf0ffffff 64bit]
[    0.123976] pci 0000:00:02.0: reg 0x18: [mem 0xe0000000-0xefffffff 64bit pref]
[    0.123979] pci 0000:00:02.0: reg 0x20: [io  0x4000-0x403f]
[    0.123985] drivers/pci/probe.c 2145 pci_device_add -- functionpoint
[    0.123992] pci 0000:00:02.0: BAR 2: assigned to efifb
[    0.125010] drivers/pci/probe.c 2288 pci_scan_slot -- functionpoint -- fn = 0, devfn = 16, fn+devfn = 16
[    0.125013] drivers/pci/probe.c 2220 next_fn -- functionpoint
[    0.125013] drivers/pci/probe.c 2281 pci_scan_slot -- functionpoint
[    0.125014] drivers/pci/probe.c 2196 pci_scan_single_device -- functionpoint
[    0.125016] drivers/pci/search.c 206 pci_get_slot -- functionpoint
[    0.125018] drivers/pci/probe.c 2035 pci_scan_device -- functionpoint
[    0.125019] drivers/pci/probe.c 2009 pci_bus_read_dev_vendor_id -- functionpoint
[    0.125031] drivers/pci/probe.c 2288 pci_scan_slot -- functionpoint -- fn = 0, devfn = 24, fn+devfn = 24
[    0.125034] drivers/pci/probe.c 2281 pci_scan_slot -- functionpoint
[    0.125034] drivers/pci/probe.c 2196 pci_scan_single_device -- functionpoint
[    0.125036] drivers/pci/search.c 206 pci_get_slot -- functionpoint
[    0.125038] drivers/pci/probe.c 2035 pci_scan_device -- functionpoint
[    0.125039] drivers/pci/probe.c 2009 pci_bus_read_dev_vendor_id -- functionpoint
[    0.125056] drivers/pci/probe.c 2288 pci_scan_slot -- functionpoint -- fn = 0, devfn = 32, fn+devfn = 32
[    0.125059] drivers/pci/probe.c 2281 pci_scan_slot -- functionpoint
[    0.125060] drivers/pci/probe.c 2196 pci_scan_single_device -- functionpoint
[    0.125061] drivers/pci/search.c 206 pci_get_slot -- functionpoint
[    0.125063] drivers/pci/probe.c 2035 pci_scan_device -- functionpoint
[    0.125064] drivers/pci/probe.c 2009 pci_bus_read_dev_vendor_id -- functionpoint
[    0.125081] drivers/pci/probe.c 2288 pci_scan_slot -- functionpoint -- fn = 0, devfn = 40, fn+devfn = 40
[    0.125084] drivers/pci/probe.c 2281 pci_scan_slot -- functionpoint
[    0.125085] drivers/pci/probe.c 2196 pci_scan_single_device -- functionpoint
[    0.125086] drivers/pci/search.c 206 pci_get_slot -- functionpoint
[    0.125088] drivers/pci/probe.c 2035 pci_scan_device -- functionpoint
[    0.125089] drivers/pci/probe.c 2009 pci_bus_read_dev_vendor_id -- functionpoint
[    0.125106] drivers/pci/probe.c 2288 pci_scan_slot -- functionpoint -- fn = 0, devfn = 48, fn+devfn = 48
[    0.125109] drivers/pci/probe.c 2281 pci_scan_slot -- functionpoint
[    0.125110] drivers/pci/probe.c 2196 pci_scan_single_device -- functionpoint
[    0.125111] drivers/pci/search.c 206 pci_get_slot -- functionpoint
[    0.125113] drivers/pci/probe.c 2035 pci_scan_device -- functionpoint
[    0.125114] drivers/pci/probe.c 2009 pci_bus_read_dev_vendor_id -- functionpoint
[    0.125131] drivers/pci/probe.c 2288 pci_scan_slot -- functionpoint -- fn = 0, devfn = 56, fn+devfn = 56
[    0.125134] drivers/pci/probe.c 2281 pci_scan_slot -- functionpoint
[    0.125135] drivers/pci/probe.c 2196 pci_scan_single_device -- functionpoint
[    0.125136] drivers/pci/search.c 206 pci_get_slot -- functionpoint
[    0.125138] drivers/pci/probe.c 2035 pci_scan_device -- functionpoint
[    0.125139] drivers/pci/probe.c 2009 pci_bus_read_dev_vendor_id -- functionpoint
[    0.125156] drivers/pci/probe.c 2288 pci_scan_slot -- functionpoint -- fn = 0, devfn = 64, fn+devfn = 64
[    0.125159] drivers/pci/probe.c 2281 pci_scan_slot -- functionpoint
[    0.125160] drivers/pci/probe.c 2196 pci_scan_single_device -- functionpoint
[    0.125161] drivers/pci/search.c 206 pci_get_slot -- functionpoint
[    0.125163] drivers/pci/probe.c 2035 pci_scan_device -- functionpoint
[    0.125164] drivers/pci/probe.c 2009 pci_bus_read_dev_vendor_id -- functionpoint
[    0.125181] drivers/pci/probe.c 2288 pci_scan_slot -- functionpoint -- fn = 0, devfn = 72, fn+devfn = 72
[    0.125184] drivers/pci/probe.c 2281 pci_scan_slot -- functionpoint
[    0.125185] drivers/pci/probe.c 2196 pci_scan_single_device -- functionpoint
[    0.125186] drivers/pci/search.c 206 pci_get_slot -- functionpoint
[    0.125188] drivers/pci/probe.c 2035 pci_scan_device -- functionpoint
[    0.125189] drivers/pci/probe.c 2009 pci_bus_read_dev_vendor_id -- functionpoint
[    0.125206] drivers/pci/probe.c 2288 pci_scan_slot -- functionpoint -- fn = 0, devfn = 80, fn+devfn = 80
[    0.125209] drivers/pci/probe.c 2281 pci_scan_slot -- functionpoint
[    0.125210] drivers/pci/probe.c 2196 pci_scan_single_device -- functionpoint
[    0.125211] drivers/pci/search.c 206 pci_get_slot -- functionpoint
[    0.125213] drivers/pci/probe.c 2035 pci_scan_device -- functionpoint
[    0.125214] drivers/pci/probe.c 2009 pci_bus_read_dev_vendor_id -- functionpoint
[    0.125231] drivers/pci/probe.c 2288 pci_scan_slot -- functionpoint -- fn = 0, devfn = 88, fn+devfn = 88
[    0.125234] drivers/pci/probe.c 2281 pci_scan_slot -- functionpoint
[    0.125235] drivers/pci/probe.c 2196 pci_scan_single_device -- functionpoint
[    0.125236] drivers/pci/search.c 206 pci_get_slot -- functionpoint
[    0.125238] drivers/pci/probe.c 2035 pci_scan_device -- functionpoint
[    0.125239] drivers/pci/probe.c 2009 pci_bus_read_dev_vendor_id -- functionpoint
[    0.125256] drivers/pci/probe.c 2288 pci_scan_slot -- functionpoint -- fn = 0, devfn = 96, fn+devfn = 96
[    0.125259] drivers/pci/probe.c 2281 pci_scan_slot -- functionpoint
[    0.125260] drivers/pci/probe.c 2196 pci_scan_single_device -- functionpoint
[    0.125261] drivers/pci/search.c 206 pci_get_slot -- functionpoint
[    0.125263] drivers/pci/probe.c 2035 pci_scan_device -- functionpoint
[    0.125264] drivers/pci/probe.c 2009 pci_bus_read_dev_vendor_id -- functionpoint
[    0.125281] drivers/pci/probe.c 2288 pci_scan_slot -- functionpoint -- fn = 0, devfn = 104, fn+devfn = 104
[    0.125285] drivers/pci/probe.c 2281 pci_scan_slot -- functionpoint
[    0.125285] drivers/pci/probe.c 2196 pci_scan_single_device -- functionpoint
[    0.125286] drivers/pci/search.c 206 pci_get_slot -- functionpoint
[    0.125288] drivers/pci/probe.c 2035 pci_scan_device -- functionpoint
[    0.125290] drivers/pci/probe.c 2009 pci_bus_read_dev_vendor_id -- functionpoint
[    0.125306] drivers/pci/probe.c 2288 pci_scan_slot -- functionpoint -- fn = 0, devfn = 112, fn+devfn = 112
[    0.125310] drivers/pci/probe.c 2281 pci_scan_slot -- functionpoint
[    0.125310] drivers/pci/probe.c 2196 pci_scan_single_device -- functionpoint
[    0.125311] drivers/pci/search.c 206 pci_get_slot -- functionpoint
[    0.125313] drivers/pci/probe.c 2035 pci_scan_device -- functionpoint
[    0.125315] drivers/pci/probe.c 2009 pci_bus_read_dev_vendor_id -- functionpoint
[    0.125331] drivers/pci/probe.c 2288 pci_scan_slot -- functionpoint -- fn = 0, devfn = 120, fn+devfn = 120
[    0.125335] drivers/pci/probe.c 2281 pci_scan_slot -- functionpoint
[    0.125335] drivers/pci/probe.c 2196 pci_scan_single_device -- functionpoint
[    0.125336] drivers/pci/search.c 206 pci_get_slot -- functionpoint
[    0.125338] drivers/pci/probe.c 2035 pci_scan_device -- functionpoint
[    0.125340] drivers/pci/probe.c 2009 pci_bus_read_dev_vendor_id -- functionpoint
[    0.125356] drivers/pci/probe.c 2288 pci_scan_slot -- functionpoint -- fn = 0, devfn = 128, fn+devfn = 128
[    0.125360] drivers/pci/probe.c 2281 pci_scan_slot -- functionpoint
[    0.125360] drivers/pci/probe.c 2196 pci_scan_single_device -- functionpoint
[    0.125361] drivers/pci/search.c 206 pci_get_slot -- functionpoint
[    0.125363] drivers/pci/probe.c 2035 pci_scan_device -- functionpoint
[    0.125365] drivers/pci/probe.c 2009 pci_bus_read_dev_vendor_id -- functionpoint
[    0.125381] drivers/pci/probe.c 2288 pci_scan_slot -- functionpoint -- fn = 0, devfn = 136, fn+devfn = 136
[    0.125384] drivers/pci/probe.c 2281 pci_scan_slot -- functionpoint
[    0.125385] drivers/pci/probe.c 2196 pci_scan_single_device -- functionpoint
[    0.125386] drivers/pci/search.c 206 pci_get_slot -- functionpoint
[    0.125388] drivers/pci/probe.c 2035 pci_scan_device -- functionpoint
[    0.125389] drivers/pci/probe.c 2009 pci_bus_read_dev_vendor_id -- functionpoint
[    0.125395] drivers/pci/probe.c 2048 pci_scan_device -- functionpoint -- dev_vendor: 8086, dev_device: a379
[    0.125398] drivers/pci/probe.c 1453 pci_setup_device -- functionpoint
[    0.125409] pci 0000:00:12.0: [8086:a379] type 00 class 0x118000
[    0.125412] pci 0000:00:12.0: drivers/pci/probe.c 1482 pci_setup_device functionpoint -- [8086:a379] type 00 class 0x118000
[    0.125426] drivers/pci/probe.c 1513 pci_setup_device  switch case PCI_HEADER_TYPE_NORMAL -- functionpoint
[    0.125445] pci 0000:00:12.0: reg 0x10: [mem 0x4000107000-0x4000107fff 64bit]
[    0.125490] drivers/pci/probe.c 2145 pci_device_add -- functionpoint
[    0.126515] drivers/pci/probe.c 2288 pci_scan_slot -- functionpoint -- fn = 0, devfn = 144, fn+devfn = 144
[    0.126519] drivers/pci/probe.c 2220 next_fn -- functionpoint
[    0.126519] drivers/pci/probe.c 2196 pci_scan_single_device -- functionpoint
[    0.126521] drivers/pci/search.c 206 pci_get_slot -- functionpoint
[    0.126522] drivers/pci/probe.c 2035 pci_scan_device -- functionpoint
[    0.126524] drivers/pci/probe.c 2009 pci_bus_read_dev_vendor_id -- functionpoint
[    0.126536] drivers/pci/probe.c 2298 pci_scan_slot -- functionpoint -- fn = 1, devfn = 144, fn+devfn = 145
[    0.126539] drivers/pci/probe.c 2220 next_fn -- functionpoint
[    0.126539] drivers/pci/probe.c 2196 pci_scan_single_device -- functionpoint
[    0.126541] drivers/pci/search.c 206 pci_get_slot -- functionpoint
[    0.126542] drivers/pci/probe.c 2035 pci_scan_device -- functionpoint
[    0.126544] drivers/pci/probe.c 2009 pci_bus_read_dev_vendor_id -- functionpoint
[    0.126561] drivers/pci/probe.c 2298 pci_scan_slot -- functionpoint -- fn = 2, devfn = 144, fn+devfn = 146
[    0.126564] drivers/pci/probe.c 2220 next_fn -- functionpoint
[    0.126564] drivers/pci/probe.c 2196 pci_scan_single_device -- functionpoint
[    0.126566] drivers/pci/search.c 206 pci_get_slot -- functionpoint
[    0.126567] drivers/pci/probe.c 2035 pci_scan_device -- functionpoint
[    0.126569] drivers/pci/probe.c 2009 pci_bus_read_dev_vendor_id -- functionpoint
[    0.126586] drivers/pci/probe.c 2298 pci_scan_slot -- functionpoint -- fn = 3, devfn = 144, fn+devfn = 147
[    0.126589] drivers/pci/probe.c 2220 next_fn -- functionpoint
[    0.126589] drivers/pci/probe.c 2196 pci_scan_single_device -- functionpoint
[    0.126591] drivers/pci/search.c 206 pci_get_slot -- functionpoint
[    0.126592] drivers/pci/probe.c 2035 pci_scan_device -- functionpoint
[    0.126594] drivers/pci/probe.c 2009 pci_bus_read_dev_vendor_id -- functionpoint
[    0.126611] drivers/pci/probe.c 2298 pci_scan_slot -- functionpoint -- fn = 4, devfn = 144, fn+devfn = 148
[    0.126614] drivers/pci/probe.c 2220 next_fn -- functionpoint
[    0.126614] drivers/pci/probe.c 2196 pci_scan_single_device -- functionpoint
[    0.126616] drivers/pci/search.c 206 pci_get_slot -- functionpoint
[    0.126618] drivers/pci/probe.c 2035 pci_scan_device -- functionpoint
[    0.126619] drivers/pci/probe.c 2009 pci_bus_read_dev_vendor_id -- functionpoint
[    0.126636] drivers/pci/probe.c 2298 pci_scan_slot -- functionpoint -- fn = 5, devfn = 144, fn+devfn = 149
[    0.126639] drivers/pci/probe.c 2220 next_fn -- functionpoint
[    0.126639] drivers/pci/probe.c 2196 pci_scan_single_device -- functionpoint
[    0.126641] drivers/pci/search.c 206 pci_get_slot -- functionpoint
[    0.126643] drivers/pci/probe.c 2035 pci_scan_device -- functionpoint
[    0.126644] drivers/pci/probe.c 2009 pci_bus_read_dev_vendor_id -- functionpoint
[    0.126656] drivers/pci/probe.c 2298 pci_scan_slot -- functionpoint -- fn = 6, devfn = 144, fn+devfn = 150
[    0.126659] drivers/pci/probe.c 2220 next_fn -- functionpoint
[    0.126659] drivers/pci/probe.c 2196 pci_scan_single_device -- functionpoint
[    0.126661] drivers/pci/search.c 206 pci_get_slot -- functionpoint
[    0.126662] drivers/pci/probe.c 2035 pci_scan_device -- functionpoint
[    0.126664] drivers/pci/probe.c 2009 pci_bus_read_dev_vendor_id -- functionpoint
[    0.126682] drivers/pci/probe.c 2298 pci_scan_slot -- functionpoint -- fn = 7, devfn = 144, fn+devfn = 151
[    0.126685] drivers/pci/probe.c 2220 next_fn -- functionpoint
[    0.126686] drivers/pci/probe.c 2281 pci_scan_slot -- functionpoint
[    0.126687] drivers/pci/probe.c 2196 pci_scan_single_device -- functionpoint
[    0.126689] drivers/pci/search.c 206 pci_get_slot -- functionpoint
[    0.126690] drivers/pci/probe.c 2035 pci_scan_device -- functionpoint
[    0.126692] drivers/pci/probe.c 2009 pci_bus_read_dev_vendor_id -- functionpoint
[    0.126701] drivers/pci/probe.c 2288 pci_scan_slot -- functionpoint -- fn = 0, devfn = 152, fn+devfn = 152
[    0.126705] drivers/pci/probe.c 2281 pci_scan_slot -- functionpoint
[    0.126705] drivers/pci/probe.c 2196 pci_scan_single_device -- functionpoint
[    0.126707] drivers/pci/search.c 206 pci_get_slot -- functionpoint
[    0.126708] drivers/pci/probe.c 2035 pci_scan_device -- functionpoint
[    0.126710] drivers/pci/probe.c 2009 pci_bus_read_dev_vendor_id -- functionpoint
[    0.126716] drivers/pci/probe.c 2048 pci_scan_device -- functionpoint -- dev_vendor: 8086, dev_device: a36d
[    0.126720] drivers/pci/probe.c 1453 pci_setup_device -- functionpoint
[    0.126732] pci 0000:00:14.0: [8086:a36d] type 00 class 0x0c0330
[    0.126735] pci 0000:00:14.0: drivers/pci/probe.c 1482 pci_setup_device functionpoint -- [8086:a36d] type 00 class 0x0c0330
[    0.126750] drivers/pci/probe.c 1513 pci_setup_device  switch case PCI_HEADER_TYPE_NORMAL -- functionpoint
[    0.126771] pci 0000:00:14.0: reg 0x10: [mem 0xf1220000-0xf122ffff 64bit]
[    0.126826] drivers/pci/probe.c 2145 pci_device_add -- functionpoint
[    0.126875] pci 0000:00:14.0: PME# supported from D3hot D3cold
[    0.127936] drivers/pci/probe.c 2288 pci_scan_slot -- functionpoint -- fn = 0, devfn = 160, fn+devfn = 160
[    0.127938] drivers/pci/probe.c 2220 next_fn -- functionpoint
[    0.127939] drivers/pci/probe.c 2196 pci_scan_single_device -- functionpoint
[    0.127940] drivers/pci/search.c 206 pci_get_slot -- functionpoint
[    0.127942] drivers/pci/probe.c 2035 pci_scan_device -- functionpoint
[    0.127943] drivers/pci/probe.c 2009 pci_bus_read_dev_vendor_id -- functionpoint
[    0.127955] drivers/pci/probe.c 2298 pci_scan_slot -- functionpoint -- fn = 1, devfn = 160, fn+devfn = 161
[    0.127958] drivers/pci/probe.c 2220 next_fn -- functionpoint
[    0.127959] drivers/pci/probe.c 2196 pci_scan_single_device -- functionpoint
[    0.127960] drivers/pci/search.c 206 pci_get_slot -- functionpoint
[    0.127962] drivers/pci/probe.c 2035 pci_scan_device -- functionpoint
[    0.127963] drivers/pci/probe.c 2009 pci_bus_read_dev_vendor_id -- functionpoint
[    0.127976] drivers/pci/probe.c 2048 pci_scan_device -- functionpoint -- dev_vendor: 8086, dev_device: a36f
[    0.127979] drivers/pci/probe.c 1453 pci_setup_device -- functionpoint
[    0.127989] pci 0000:00:14.2: [8086:a36f] type 00 class 0x050000
[    0.127991] pci 0000:00:14.2: drivers/pci/probe.c 1482 pci_setup_device functionpoint -- [8086:a36f] type 00 class 0x050000
[    0.128004] drivers/pci/probe.c 1513 pci_setup_device  switch case PCI_HEADER_TYPE_NORMAL -- functionpoint
[    0.128020] pci 0000:00:14.2: reg 0x10: [mem 0xf1232000-0xf1233fff 64bit]
[    0.128036] pci 0000:00:14.2: reg 0x18: [mem 0x4000106000-0x4000106fff 64bit]
[    0.128062] drivers/pci/probe.c 2145 pci_device_add -- functionpoint
[    0.129079] drivers/pci/probe.c 2298 pci_scan_slot -- functionpoint -- fn = 2, devfn = 160, fn+devfn = 162
[    0.129082] drivers/pci/probe.c 2220 next_fn -- functionpoint
[    0.129082] drivers/pci/probe.c 2196 pci_scan_single_device -- functionpoint
[    0.129084] drivers/pci/search.c 206 pci_get_slot -- functionpoint
[    0.129086] drivers/pci/probe.c 2035 pci_scan_device -- functionpoint
[    0.129087] drivers/pci/probe.c 2009 pci_bus_read_dev_vendor_id -- functionpoint
[    0.129093] drivers/pci/probe.c 2298 pci_scan_slot -- functionpoint -- fn = 3, devfn = 160, fn+devfn = 163
[    0.129096] drivers/pci/probe.c 2220 next_fn -- functionpoint
[    0.129097] drivers/pci/probe.c 2196 pci_scan_single_device -- functionpoint
[    0.129098] drivers/pci/search.c 206 pci_get_slot -- functionpoint
[    0.129100] drivers/pci/probe.c 2035 pci_scan_device -- functionpoint
[    0.129101] drivers/pci/probe.c 2009 pci_bus_read_dev_vendor_id -- functionpoint
[    0.129120] drivers/pci/probe.c 2298 pci_scan_slot -- functionpoint -- fn = 4, devfn = 160, fn+devfn = 164
[    0.129123] drivers/pci/probe.c 2220 next_fn -- functionpoint
[    0.129123] drivers/pci/probe.c 2196 pci_scan_single_device -- functionpoint
[    0.129125] drivers/pci/search.c 206 pci_get_slot -- functionpoint
[    0.129126] drivers/pci/probe.c 2035 pci_scan_device -- functionpoint
[    0.129128] drivers/pci/probe.c 2009 pci_bus_read_dev_vendor_id -- functionpoint
[    0.129145] drivers/pci/probe.c 2298 pci_scan_slot -- functionpoint -- fn = 5, devfn = 160, fn+devfn = 165
[    0.129148] drivers/pci/probe.c 2220 next_fn -- functionpoint
[    0.129149] drivers/pci/probe.c 2196 pci_scan_single_device -- functionpoint
[    0.129150] drivers/pci/search.c 206 pci_get_slot -- functionpoint
[    0.129152] drivers/pci/probe.c 2035 pci_scan_device -- functionpoint
[    0.129153] drivers/pci/probe.c 2009 pci_bus_read_dev_vendor_id -- functionpoint
[    0.129170] drivers/pci/probe.c 2298 pci_scan_slot -- functionpoint -- fn = 6, devfn = 160, fn+devfn = 166
[    0.129173] drivers/pci/probe.c 2220 next_fn -- functionpoint
[    0.129174] drivers/pci/probe.c 2196 pci_scan_single_device -- functionpoint
[    0.129175] drivers/pci/search.c 206 pci_get_slot -- functionpoint
[    0.129177] drivers/pci/probe.c 2035 pci_scan_device -- functionpoint
[    0.129178] drivers/pci/probe.c 2009 pci_bus_read_dev_vendor_id -- functionpoint
[    0.129195] drivers/pci/probe.c 2298 pci_scan_slot -- functionpoint -- fn = 7, devfn = 160, fn+devfn = 167
[    0.129198] drivers/pci/probe.c 2220 next_fn -- functionpoint
[    0.129199] drivers/pci/probe.c 2281 pci_scan_slot -- functionpoint
[    0.129200] drivers/pci/probe.c 2196 pci_scan_single_device -- functionpoint
[    0.129202] drivers/pci/search.c 206 pci_get_slot -- functionpoint
[    0.129203] drivers/pci/probe.c 2035 pci_scan_device -- functionpoint
[    0.129205] drivers/pci/probe.c 2009 pci_bus_read_dev_vendor_id -- functionpoint
[    0.129214] drivers/pci/probe.c 2288 pci_scan_slot -- functionpoint -- fn = 0, devfn = 168, fn+devfn = 168
[    0.129218] drivers/pci/probe.c 2281 pci_scan_slot -- functionpoint
[    0.129218] drivers/pci/probe.c 2196 pci_scan_single_device -- functionpoint
[    0.129220] drivers/pci/search.c 206 pci_get_slot -- functionpoint
[    0.129221] drivers/pci/probe.c 2035 pci_scan_device -- functionpoint
[    0.129223] drivers/pci/probe.c 2009 pci_bus_read_dev_vendor_id -- functionpoint
[    0.129234] drivers/pci/probe.c 2048 pci_scan_device -- functionpoint -- dev_vendor: 8086, dev_device: a360
[    0.129238] drivers/pci/probe.c 1453 pci_setup_device -- functionpoint
[    0.129250] pci 0000:00:16.0: [8086:a360] type 00 class 0x078000
[    0.129253] pci 0000:00:16.0: drivers/pci/probe.c 1482 pci_setup_device functionpoint -- [8086:a360] type 00 class 0x078000
[    0.129268] drivers/pci/probe.c 1513 pci_setup_device  switch case PCI_HEADER_TYPE_NORMAL -- functionpoint
[    0.129286] pci 0000:00:16.0: reg 0x10: [mem 0x4000105000-0x4000105fff 64bit]
[    0.129328] drivers/pci/probe.c 2145 pci_device_add -- functionpoint
[    0.129377] pci 0000:00:16.0: PME# supported from D3hot
[    0.130427] drivers/pci/probe.c 2288 pci_scan_slot -- functionpoint -- fn = 0, devfn = 176, fn+devfn = 176
[    0.130429] drivers/pci/probe.c 2220 next_fn -- functionpoint
[    0.130429] drivers/pci/probe.c 2196 pci_scan_single_device -- functionpoint
[    0.130431] drivers/pci/search.c 206 pci_get_slot -- functionpoint
[    0.130433] drivers/pci/probe.c 2035 pci_scan_device -- functionpoint
[    0.130434] drivers/pci/probe.c 2009 pci_bus_read_dev_vendor_id -- functionpoint
[    0.130446] drivers/pci/probe.c 2298 pci_scan_slot -- functionpoint -- fn = 1, devfn = 176, fn+devfn = 177
[    0.130449] drivers/pci/probe.c 2220 next_fn -- functionpoint
[    0.130449] drivers/pci/probe.c 2196 pci_scan_single_device -- functionpoint
[    0.130451] drivers/pci/search.c 206 pci_get_slot -- functionpoint
[    0.130452] drivers/pci/probe.c 2035 pci_scan_device -- functionpoint
[    0.130454] drivers/pci/probe.c 2009 pci_bus_read_dev_vendor_id -- functionpoint
[    0.130471] drivers/pci/probe.c 2298 pci_scan_slot -- functionpoint -- fn = 2, devfn = 176, fn+devfn = 178
[    0.130474] drivers/pci/probe.c 2220 next_fn -- functionpoint
[    0.130474] drivers/pci/probe.c 2196 pci_scan_single_device -- functionpoint
[    0.130476] drivers/pci/search.c 206 pci_get_slot -- functionpoint
[    0.130477] drivers/pci/probe.c 2035 pci_scan_device -- functionpoint
[    0.130479] drivers/pci/probe.c 2009 pci_bus_read_dev_vendor_id -- functionpoint
[    0.130482] drivers/pci/probe.c 2048 pci_scan_device -- functionpoint -- dev_vendor: 8086, dev_device: a363
[    0.130486] drivers/pci/probe.c 1453 pci_setup_device -- functionpoint
[    0.130497] pci 0000:00:16.3: [8086:a363] type 00 class 0x070002
[    0.130499] pci 0000:00:16.3: drivers/pci/probe.c 1482 pci_setup_device functionpoint -- [8086:a363] type 00 class 0x070002
[    0.130513] drivers/pci/probe.c 1513 pci_setup_device  switch case PCI_HEADER_TYPE_NORMAL -- functionpoint
[    0.130525] pci 0000:00:16.3: reg 0x10: [io  0x4088-0x408f]
[    0.130535] pci 0000:00:16.3: reg 0x14: [mem 0xf1237000-0xf1237fff]
[    0.130575] drivers/pci/probe.c 2145 pci_device_add -- functionpoint
[    0.131600] drivers/pci/probe.c 2298 pci_scan_slot -- functionpoint -- fn = 3, devfn = 176, fn+devfn = 179
[    0.131603] drivers/pci/probe.c 2220 next_fn -- functionpoint
[    0.131604] drivers/pci/probe.c 2196 pci_scan_single_device -- functionpoint
[    0.131605] drivers/pci/search.c 206 pci_get_slot -- functionpoint
[    0.131607] drivers/pci/probe.c 2035 pci_scan_device -- functionpoint
[    0.131608] drivers/pci/probe.c 2009 pci_bus_read_dev_vendor_id -- functionpoint
[    0.131620] drivers/pci/probe.c 2298 pci_scan_slot -- functionpoint -- fn = 4, devfn = 176, fn+devfn = 180
[    0.131623] drivers/pci/probe.c 2220 next_fn -- functionpoint
[    0.131624] drivers/pci/probe.c 2196 pci_scan_single_device -- functionpoint
[    0.131625] drivers/pci/search.c 206 pci_get_slot -- functionpoint
[    0.131627] drivers/pci/probe.c 2035 pci_scan_device -- functionpoint
[    0.131628] drivers/pci/probe.c 2009 pci_bus_read_dev_vendor_id -- functionpoint
[    0.131645] drivers/pci/probe.c 2298 pci_scan_slot -- functionpoint -- fn = 5, devfn = 176, fn+devfn = 181
[    0.131648] drivers/pci/probe.c 2220 next_fn -- functionpoint
[    0.131648] drivers/pci/probe.c 2196 pci_scan_single_device -- functionpoint
[    0.131650] drivers/pci/search.c 206 pci_get_slot -- functionpoint
[    0.131651] drivers/pci/probe.c 2035 pci_scan_device -- functionpoint
[    0.131653] drivers/pci/probe.c 2009 pci_bus_read_dev_vendor_id -- functionpoint
[    0.131670] drivers/pci/probe.c 2298 pci_scan_slot -- functionpoint -- fn = 6, devfn = 176, fn+devfn = 182
[    0.131673] drivers/pci/probe.c 2220 next_fn -- functionpoint
[    0.131673] drivers/pci/probe.c 2196 pci_scan_single_device -- functionpoint
[    0.131675] drivers/pci/search.c 206 pci_get_slot -- functionpoint
[    0.131676] drivers/pci/probe.c 2035 pci_scan_device -- functionpoint
[    0.131678] drivers/pci/probe.c 2009 pci_bus_read_dev_vendor_id -- functionpoint
[    0.131695] drivers/pci/probe.c 2298 pci_scan_slot -- functionpoint -- fn = 7, devfn = 176, fn+devfn = 183
[    0.131698] drivers/pci/probe.c 2220 next_fn -- functionpoint
[    0.131698] drivers/pci/probe.c 2281 pci_scan_slot -- functionpoint
[    0.131700] drivers/pci/probe.c 2196 pci_scan_single_device -- functionpoint
[    0.131701] drivers/pci/search.c 206 pci_get_slot -- functionpoint
[    0.131703] drivers/pci/probe.c 2035 pci_scan_device -- functionpoint
[    0.131705] drivers/pci/probe.c 2009 pci_bus_read_dev_vendor_id -- functionpoint
[    0.131715] drivers/pci/probe.c 2048 pci_scan_device -- functionpoint -- dev_vendor: 8086, dev_device: a352
[    0.131718] drivers/pci/probe.c 1453 pci_setup_device -- functionpoint
[    0.131731] pci 0000:00:17.0: [8086:a352] type 00 class 0x010601
[    0.131733] pci 0000:00:17.0: drivers/pci/probe.c 1482 pci_setup_device functionpoint -- [8086:a352] type 00 class 0x010601
[    0.131749] drivers/pci/probe.c 1513 pci_setup_device  switch case PCI_HEADER_TYPE_NORMAL -- functionpoint
[    0.131763] pci 0000:00:17.0: reg 0x10: [mem 0xf1230000-0xf1231fff]
[    0.131776] pci 0000:00:17.0: reg 0x14: [mem 0xf1236000-0xf12360ff]
[    0.131788] pci 0000:00:17.0: reg 0x18: [io  0x4080-0x4087]
[    0.131799] pci 0000:00:17.0: reg 0x1c: [io  0x4090-0x4093]
[    0.131810] pci 0000:00:17.0: reg 0x20: [io  0x4060-0x407f]
[    0.131821] pci 0000:00:17.0: reg 0x24: [mem 0xf1235000-0xf12357ff]
[    0.131834] drivers/pci/probe.c 2145 pci_device_add -- functionpoint
[    0.131884] pci 0000:00:17.0: PME# supported from D3hot
[    0.132960] drivers/pci/probe.c 2288 pci_scan_slot -- functionpoint -- fn = 0, devfn = 184, fn+devfn = 184
[    0.132963] drivers/pci/probe.c 2220 next_fn -- functionpoint
[    0.132963] drivers/pci/probe.c 2281 pci_scan_slot -- functionpoint
[    0.132965] drivers/pci/probe.c 2196 pci_scan_single_device -- functionpoint
[    0.132966] drivers/pci/search.c 206 pci_get_slot -- functionpoint
[    0.132968] drivers/pci/probe.c 2035 pci_scan_device -- functionpoint
[    0.132969] drivers/pci/probe.c 2009 pci_bus_read_dev_vendor_id -- functionpoint
[    0.132981] drivers/pci/probe.c 2288 pci_scan_slot -- functionpoint -- fn = 0, devfn = 192, fn+devfn = 192
[    0.132984] drivers/pci/probe.c 2281 pci_scan_slot -- functionpoint
[    0.132985] drivers/pci/probe.c 2196 pci_scan_single_device -- functionpoint
[    0.132986] drivers/pci/search.c 206 pci_get_slot -- functionpoint
[    0.132988] drivers/pci/probe.c 2035 pci_scan_device -- functionpoint
[    0.132989] drivers/pci/probe.c 2009 pci_bus_read_dev_vendor_id -- functionpoint
[    0.133006] drivers/pci/probe.c 2288 pci_scan_slot -- functionpoint -- fn = 0, devfn = 200, fn+devfn = 200
[    0.133009] drivers/pci/probe.c 2281 pci_scan_slot -- functionpoint
[    0.133009] drivers/pci/probe.c 2196 pci_scan_single_device -- functionpoint
[    0.133011] drivers/pci/search.c 206 pci_get_slot -- functionpoint
[    0.133012] drivers/pci/probe.c 2035 pci_scan_device -- functionpoint
[    0.133014] drivers/pci/probe.c 2009 pci_bus_read_dev_vendor_id -- functionpoint
[    0.133031] drivers/pci/probe.c 2288 pci_scan_slot -- functionpoint -- fn = 0, devfn = 208, fn+devfn = 208
[    0.133034] drivers/pci/probe.c 2281 pci_scan_slot -- functionpoint
[    0.133035] drivers/pci/probe.c 2196 pci_scan_single_device -- functionpoint
[    0.133036] drivers/pci/search.c 206 pci_get_slot -- functionpoint
[    0.133038] drivers/pci/probe.c 2035 pci_scan_device -- functionpoint
[    0.133039] drivers/pci/probe.c 2009 pci_bus_read_dev_vendor_id -- functionpoint
[    0.133048] drivers/pci/probe.c 2048 pci_scan_device -- functionpoint -- dev_vendor: 8086, dev_device: a32c
[    0.133051] drivers/pci/probe.c 1453 pci_setup_device -- functionpoint
[    0.133064] pci 0000:00:1b.0: [8086:a32c] type 01 class 0x060400
[    0.133066] pci 0000:00:1b.0: drivers/pci/probe.c 1482 pci_setup_device functionpoint -- [8086:a32c] type 01 class 0x060400
[    0.133087] drivers/pci/probe.c 1566 pci_setup_device switch case PCI_HEADER_TYPE_BRIDGE -- functionpoint
[    0.133133] drivers/pci/probe.c 2145 pci_device_add -- functionpoint
[    0.133215] pci 0000:00:1b.0: PME# supported from D0 D3hot D3cold
[    0.133253] pci 0000:00:1b.0: PTM enabled (root), 4dns granularity
[    0.134319] drivers/pci/probe.c 2288 pci_scan_slot -- functionpoint -- fn = 0, devfn = 216, fn+devfn = 216
[    0.134321] drivers/pci/probe.c 2220 next_fn -- functionpoint
[    0.134322] drivers/pci/probe.c 2196 pci_scan_single_device -- functionpoint
[    0.134323] drivers/pci/search.c 206 pci_get_slot -- functionpoint
[    0.134325] drivers/pci/probe.c 2035 pci_scan_device -- functionpoint
[    0.134326] drivers/pci/probe.c 2009 pci_bus_read_dev_vendor_id -- functionpoint
[    0.134338] drivers/pci/probe.c 2298 pci_scan_slot -- functionpoint -- fn = 1, devfn = 216, fn+devfn = 217
[    0.134341] drivers/pci/probe.c 2220 next_fn -- functionpoint
[    0.134341] drivers/pci/probe.c 2196 pci_scan_single_device -- functionpoint
[    0.134343] drivers/pci/search.c 206 pci_get_slot -- functionpoint
[    0.134345] drivers/pci/probe.c 2035 pci_scan_device -- functionpoint
[    0.134346] drivers/pci/probe.c 2009 pci_bus_read_dev_vendor_id -- functionpoint
[    0.134363] drivers/pci/probe.c 2298 pci_scan_slot -- functionpoint -- fn = 2, devfn = 216, fn+devfn = 218
[    0.134366] drivers/pci/probe.c 2220 next_fn -- functionpoint
[    0.134366] drivers/pci/probe.c 2196 pci_scan_single_device -- functionpoint
[    0.134368] drivers/pci/search.c 206 pci_get_slot -- functionpoint
[    0.134369] drivers/pci/probe.c 2035 pci_scan_device -- functionpoint
[    0.134371] drivers/pci/probe.c 2009 pci_bus_read_dev_vendor_id -- functionpoint
[    0.134388] drivers/pci/probe.c 2298 pci_scan_slot -- functionpoint -- fn = 3, devfn = 216, fn+devfn = 219
[    0.134391] drivers/pci/probe.c 2220 next_fn -- functionpoint
[    0.134392] drivers/pci/probe.c 2196 pci_scan_single_device -- functionpoint
[    0.134393] drivers/pci/search.c 206 pci_get_slot -- functionpoint
[    0.134395] drivers/pci/probe.c 2035 pci_scan_device -- functionpoint
[    0.134396] drivers/pci/probe.c 2009 pci_bus_read_dev_vendor_id -- functionpoint
[    0.134413] drivers/pci/probe.c 2298 pci_scan_slot -- functionpoint -- fn = 4, devfn = 216, fn+devfn = 220
[    0.134417] drivers/pci/probe.c 2220 next_fn -- functionpoint
[    0.134417] drivers/pci/probe.c 2196 pci_scan_single_device -- functionpoint
[    0.134418] drivers/pci/search.c 206 pci_get_slot -- functionpoint
[    0.134420] drivers/pci/probe.c 2035 pci_scan_device -- functionpoint
[    0.134421] drivers/pci/probe.c 2009 pci_bus_read_dev_vendor_id -- functionpoint
[    0.134438] drivers/pci/probe.c 2298 pci_scan_slot -- functionpoint -- fn = 5, devfn = 216, fn+devfn = 221
[    0.134442] drivers/pci/probe.c 2220 next_fn -- functionpoint
[    0.134442] drivers/pci/probe.c 2196 pci_scan_single_device -- functionpoint
[    0.134443] drivers/pci/search.c 206 pci_get_slot -- functionpoint
[    0.134445] drivers/pci/probe.c 2035 pci_scan_device -- functionpoint
[    0.134447] drivers/pci/probe.c 2009 pci_bus_read_dev_vendor_id -- functionpoint
[    0.134463] drivers/pci/probe.c 2298 pci_scan_slot -- functionpoint -- fn = 6, devfn = 216, fn+devfn = 222
[    0.134466] drivers/pci/probe.c 2220 next_fn -- functionpoint
[    0.134467] drivers/pci/probe.c 2196 pci_scan_single_device -- functionpoint
[    0.134468] drivers/pci/search.c 206 pci_get_slot -- functionpoint
[    0.134470] drivers/pci/probe.c 2035 pci_scan_device -- functionpoint
[    0.134471] drivers/pci/probe.c 2009 pci_bus_read_dev_vendor_id -- functionpoint
[    0.134488] drivers/pci/probe.c 2298 pci_scan_slot -- functionpoint -- fn = 7, devfn = 216, fn+devfn = 223
[    0.134492] drivers/pci/probe.c 2220 next_fn -- functionpoint
[    0.134492] drivers/pci/probe.c 2281 pci_scan_slot -- functionpoint
[    0.134493] drivers/pci/probe.c 2196 pci_scan_single_device -- functionpoint
[    0.134495] drivers/pci/search.c 206 pci_get_slot -- functionpoint
[    0.134497] drivers/pci/probe.c 2035 pci_scan_device -- functionpoint
[    0.134498] drivers/pci/probe.c 2009 pci_bus_read_dev_vendor_id -- functionpoint
[    0.134506] drivers/pci/probe.c 2048 pci_scan_device -- functionpoint -- dev_vendor: 8086, dev_device: a33e
[    0.134510] drivers/pci/probe.c 1453 pci_setup_device -- functionpoint
[    0.134522] pci 0000:00:1c.0: [8086:a33e] type 01 class 0x060400
[    0.134525] pci 0000:00:1c.0: drivers/pci/probe.c 1482 pci_setup_device functionpoint -- [8086:a33e] type 01 class 0x060400
[    0.134546] drivers/pci/probe.c 1566 pci_setup_device switch case PCI_HEADER_TYPE_BRIDGE -- functionpoint
[    0.134592] drivers/pci/probe.c 2145 pci_device_add -- functionpoint
[    0.134673] pci 0000:00:1c.0: PME# supported from D0 D3hot D3cold
[    0.134710] pci 0000:00:1c.0: PTM enabled (root), 4dns granularity
[    0.135771] drivers/pci/probe.c 2288 pci_scan_slot -- functionpoint -- fn = 0, devfn = 224, fn+devfn = 224
[    0.135773] drivers/pci/probe.c 2220 next_fn -- functionpoint
[    0.135774] drivers/pci/probe.c 2196 pci_scan_single_device -- functionpoint
[    0.135775] drivers/pci/search.c 206 pci_get_slot -- functionpoint
[    0.135777] drivers/pci/probe.c 2035 pci_scan_device -- functionpoint
[    0.135779] drivers/pci/probe.c 2009 pci_bus_read_dev_vendor_id -- functionpoint
[    0.135790] drivers/pci/probe.c 2298 pci_scan_slot -- functionpoint -- fn = 1, devfn = 224, fn+devfn = 225
[    0.135793] drivers/pci/probe.c 2220 next_fn -- functionpoint
[    0.135793] drivers/pci/probe.c 2196 pci_scan_single_device -- functionpoint
[    0.135795] drivers/pci/search.c 206 pci_get_slot -- functionpoint
[    0.135796] drivers/pci/probe.c 2035 pci_scan_device -- functionpoint
[    0.135798] drivers/pci/probe.c 2009 pci_bus_read_dev_vendor_id -- functionpoint
[    0.135815] drivers/pci/probe.c 2298 pci_scan_slot -- functionpoint -- fn = 2, devfn = 224, fn+devfn = 226
[    0.135818] drivers/pci/probe.c 2220 next_fn -- functionpoint
[    0.135819] drivers/pci/probe.c 2196 pci_scan_single_device -- functionpoint
[    0.135820] drivers/pci/search.c 206 pci_get_slot -- functionpoint
[    0.135822] drivers/pci/probe.c 2035 pci_scan_device -- functionpoint
[    0.135823] drivers/pci/probe.c 2009 pci_bus_read_dev_vendor_id -- functionpoint
[    0.135840] drivers/pci/probe.c 2298 pci_scan_slot -- functionpoint -- fn = 3, devfn = 224, fn+devfn = 227
[    0.135843] drivers/pci/probe.c 2220 next_fn -- functionpoint
[    0.135844] drivers/pci/probe.c 2196 pci_scan_single_device -- functionpoint
[    0.135845] drivers/pci/search.c 206 pci_get_slot -- functionpoint
[    0.135847] drivers/pci/probe.c 2035 pci_scan_device -- functionpoint
[    0.135848] drivers/pci/probe.c 2009 pci_bus_read_dev_vendor_id -- functionpoint
[    0.135865] drivers/pci/probe.c 2298 pci_scan_slot -- functionpoint -- fn = 4, devfn = 224, fn+devfn = 228
[    0.135868] drivers/pci/probe.c 2220 next_fn -- functionpoint
[    0.135869] drivers/pci/probe.c 2196 pci_scan_single_device -- functionpoint
[    0.135870] drivers/pci/search.c 206 pci_get_slot -- functionpoint
[    0.135872] drivers/pci/probe.c 2035 pci_scan_device -- functionpoint
[    0.135873] drivers/pci/probe.c 2009 pci_bus_read_dev_vendor_id -- functionpoint
[    0.135890] drivers/pci/probe.c 2298 pci_scan_slot -- functionpoint -- fn = 5, devfn = 224, fn+devfn = 229
[    0.135893] drivers/pci/probe.c 2220 next_fn -- functionpoint
[    0.135894] drivers/pci/probe.c 2196 pci_scan_single_device -- functionpoint
[    0.135895] drivers/pci/search.c 206 pci_get_slot -- functionpoint
[    0.135897] drivers/pci/probe.c 2035 pci_scan_device -- functionpoint
[    0.135898] drivers/pci/probe.c 2009 pci_bus_read_dev_vendor_id -- functionpoint
[    0.135915] drivers/pci/probe.c 2298 pci_scan_slot -- functionpoint -- fn = 6, devfn = 224, fn+devfn = 230
[    0.135918] drivers/pci/probe.c 2220 next_fn -- functionpoint
[    0.135919] drivers/pci/probe.c 2196 pci_scan_single_device -- functionpoint
[    0.135920] drivers/pci/search.c 206 pci_get_slot -- functionpoint
[    0.135922] drivers/pci/probe.c 2035 pci_scan_device -- functionpoint
[    0.135923] drivers/pci/probe.c 2009 pci_bus_read_dev_vendor_id -- functionpoint
[    0.135940] drivers/pci/probe.c 2298 pci_scan_slot -- functionpoint -- fn = 7, devfn = 224, fn+devfn = 231
[    0.135943] drivers/pci/probe.c 2220 next_fn -- functionpoint
[    0.135944] drivers/pci/probe.c 2281 pci_scan_slot -- functionpoint
[    0.135945] drivers/pci/probe.c 2196 pci_scan_single_device -- functionpoint
[    0.135947] drivers/pci/search.c 206 pci_get_slot -- functionpoint
[    0.135948] drivers/pci/probe.c 2035 pci_scan_device -- functionpoint
[    0.135950] drivers/pci/probe.c 2009 pci_bus_read_dev_vendor_id -- functionpoint
[    0.135965] drivers/pci/probe.c 2288 pci_scan_slot -- functionpoint -- fn = 0, devfn = 232, fn+devfn = 232
[    0.135968] drivers/pci/probe.c 2281 pci_scan_slot -- functionpoint
[    0.135969] drivers/pci/probe.c 2196 pci_scan_single_device -- functionpoint
[    0.135970] drivers/pci/search.c 206 pci_get_slot -- functionpoint
[    0.135972] drivers/pci/probe.c 2035 pci_scan_device -- functionpoint
[    0.135973] drivers/pci/probe.c 2009 pci_bus_read_dev_vendor_id -- functionpoint
[    0.135976] drivers/pci/probe.c 2288 pci_scan_slot -- functionpoint -- fn = 0, devfn = 240, fn+devfn = 240
[    0.135980] drivers/pci/probe.c 2281 pci_scan_slot -- functionpoint
[    0.135980] drivers/pci/probe.c 2196 pci_scan_single_device -- functionpoint
[    0.135982] drivers/pci/search.c 206 pci_get_slot -- functionpoint
[    0.135983] drivers/pci/probe.c 2035 pci_scan_device -- functionpoint
[    0.135985] drivers/pci/probe.c 2009 pci_bus_read_dev_vendor_id -- functionpoint
[    0.135993] drivers/pci/probe.c 2048 pci_scan_device -- functionpoint -- dev_vendor: 8086, dev_device: a306
[    0.135996] drivers/pci/probe.c 1453 pci_setup_device -- functionpoint
[    0.136004] pci 0000:00:1f.0: [8086:a306] type 00 class 0x060100
[    0.136006] pci 0000:00:1f.0: drivers/pci/probe.c 1482 pci_setup_device functionpoint -- [8086:a306] type 00 class 0x060100
[    0.136016] drivers/pci/probe.c 1513 pci_setup_device  switch case PCI_HEADER_TYPE_NORMAL -- functionpoint
[    0.136087] drivers/pci/probe.c 2145 pci_device_add -- functionpoint
[    0.137114] drivers/pci/probe.c 2288 pci_scan_slot -- functionpoint -- fn = 0, devfn = 248, fn+devfn = 248
[    0.137117] drivers/pci/probe.c 2220 next_fn -- functionpoint
[    0.137118] drivers/pci/probe.c 2196 pci_scan_single_device -- functionpoint
[    0.137119] drivers/pci/search.c 206 pci_get_slot -- functionpoint
[    0.137121] drivers/pci/probe.c 2035 pci_scan_device -- functionpoint
[    0.137122] drivers/pci/probe.c 2009 pci_bus_read_dev_vendor_id -- functionpoint
[    0.137132] drivers/pci/probe.c 2298 pci_scan_slot -- functionpoint -- fn = 1, devfn = 248, fn+devfn = 249
[    0.137136] drivers/pci/probe.c 2220 next_fn -- functionpoint
[    0.137136] drivers/pci/probe.c 2196 pci_scan_single_device -- functionpoint
[    0.137137] drivers/pci/search.c 206 pci_get_slot -- functionpoint
[    0.137139] drivers/pci/probe.c 2035 pci_scan_device -- functionpoint
[    0.137141] drivers/pci/probe.c 2009 pci_bus_read_dev_vendor_id -- functionpoint
[    0.137149] drivers/pci/probe.c 2298 pci_scan_slot -- functionpoint -- fn = 2, devfn = 248, fn+devfn = 250
[    0.137153] drivers/pci/probe.c 2220 next_fn -- functionpoint
[    0.137153] drivers/pci/probe.c 2196 pci_scan_single_device -- functionpoint
[    0.137154] drivers/pci/search.c 206 pci_get_slot -- functionpoint
[    0.137156] drivers/pci/probe.c 2035 pci_scan_device -- functionpoint
[    0.137157] drivers/pci/probe.c 2009 pci_bus_read_dev_vendor_id -- functionpoint
[    0.137161] drivers/pci/probe.c 2048 pci_scan_device -- functionpoint -- dev_vendor: 8086, dev_device: a348
[    0.137165] drivers/pci/probe.c 1453 pci_setup_device -- functionpoint
[    0.137186] pci 0000:00:1f.3: [8086:a348] type 00 class 0x040300
[    0.137188] pci 0000:00:1f.3: drivers/pci/probe.c 1482 pci_setup_device functionpoint -- [8086:a348] type 00 class 0x040300
[    0.137213] drivers/pci/probe.c 1513 pci_setup_device  switch case PCI_HEADER_TYPE_NORMAL -- functionpoint
[    0.137240] pci 0000:00:1f.3: reg 0x10: [mem 0x4000100000-0x4000103fff 64bit]
[    0.137287] pci 0000:00:1f.3: reg 0x20: [mem 0x4000000000-0x40000fffff 64bit]
[    0.137313] drivers/pci/probe.c 2145 pci_device_add -- functionpoint
[    0.137396] pci 0000:00:1f.3: PME# supported from D3hot D3cold
[    0.138509] drivers/pci/probe.c 2298 pci_scan_slot -- functionpoint -- fn = 3, devfn = 248, fn+devfn = 251
[    0.138512] drivers/pci/probe.c 2220 next_fn -- functionpoint
[    0.138512] drivers/pci/probe.c 2196 pci_scan_single_device -- functionpoint
[    0.138514] drivers/pci/search.c 206 pci_get_slot -- functionpoint
[    0.138516] drivers/pci/probe.c 2035 pci_scan_device -- functionpoint
[    0.138517] drivers/pci/probe.c 2009 pci_bus_read_dev_vendor_id -- functionpoint
[    0.138526] drivers/pci/probe.c 2048 pci_scan_device -- functionpoint -- dev_vendor: 8086, dev_device: a323
[    0.138530] drivers/pci/probe.c 1453 pci_setup_device -- functionpoint
[    0.138550] pci 0000:00:1f.4: [8086:a323] type 00 class 0x0c0500
[    0.138553] pci 0000:00:1f.4: drivers/pci/probe.c 1482 pci_setup_device functionpoint -- [8086:a323] type 00 class 0x0c0500
[    0.138578] drivers/pci/probe.c 1513 pci_setup_device  switch case PCI_HEADER_TYPE_NORMAL -- functionpoint
[    0.138601] pci 0000:00:1f.4: reg 0x10: [mem 0x4000104000-0x40001040ff 64bit]
[    0.138637] pci 0000:00:1f.4: reg 0x20: [io  0xefa0-0xefbf]
[    0.138670] drivers/pci/probe.c 2145 pci_device_add -- functionpoint
[    0.139710] drivers/pci/probe.c 2298 pci_scan_slot -- functionpoint -- fn = 4, devfn = 248, fn+devfn = 252
[    0.139714] drivers/pci/probe.c 2220 next_fn -- functionpoint
[    0.139714] drivers/pci/probe.c 2196 pci_scan_single_device -- functionpoint
[    0.139716] drivers/pci/search.c 206 pci_get_slot -- functionpoint
[    0.139718] drivers/pci/probe.c 2035 pci_scan_device -- functionpoint
[    0.139719] drivers/pci/probe.c 2009 pci_bus_read_dev_vendor_id -- functionpoint
[    0.139727] drivers/pci/probe.c 2048 pci_scan_device -- functionpoint -- dev_vendor: 8086, dev_device: a324
[    0.139730] drivers/pci/probe.c 1453 pci_setup_device -- functionpoint
[    0.139737] pci 0000:00:1f.5: [8086:a324] type 00 class 0x0c8000
[    0.139739] pci 0000:00:1f.5: drivers/pci/probe.c 1482 pci_setup_device functionpoint -- [8086:a324] type 00 class 0x0c8000
[    0.139747] drivers/pci/probe.c 1513 pci_setup_device  switch case PCI_HEADER_TYPE_NORMAL -- functionpoint
[    0.139759] pci 0000:00:1f.5: reg 0x10: [mem 0xfe010000-0xfe010fff]
[    0.139819] drivers/pci/probe.c 2145 pci_device_add -- functionpoint
[    0.140810] drivers/pci/probe.c 2298 pci_scan_slot -- functionpoint -- fn = 5, devfn = 248, fn+devfn = 253
[    0.140814] drivers/pci/probe.c 2220 next_fn -- functionpoint
[    0.140814] drivers/pci/probe.c 2196 pci_scan_single_device -- functionpoint
[    0.140816] drivers/pci/search.c 206 pci_get_slot -- functionpoint
[    0.140818] drivers/pci/probe.c 2035 pci_scan_device -- functionpoint
[    0.140819] drivers/pci/probe.c 2009 pci_bus_read_dev_vendor_id -- functionpoint
[    0.140824] drivers/pci/probe.c 2048 pci_scan_device -- functionpoint -- dev_vendor: 8086, dev_device: 15bb
[    0.140827] drivers/pci/probe.c 1453 pci_setup_device -- functionpoint
[    0.140846] pci 0000:00:1f.6: [8086:15bb] type 00 class 0x020000
[    0.140848] pci 0000:00:1f.6: drivers/pci/probe.c 1482 pci_setup_device functionpoint -- [8086:15bb] type 00 class 0x020000
[    0.140863] drivers/pci/search.c 206 pci_get_slot -- functionpoint
[    0.140874] drivers/pci/probe.c 1513 pci_setup_device  switch case PCI_HEADER_TYPE_NORMAL -- functionpoint
[    0.140901] pci 0000:00:1f.6: reg 0x10: [mem 0xf1200000-0xf121ffff]
[    0.141033] drivers/pci/probe.c 2145 pci_device_add -- functionpoint
[    0.141119] pci 0000:00:1f.6: PME# supported from D0 D3hot D3cold
[    0.142119] drivers/pci/probe.c 2298 pci_scan_slot -- functionpoint -- fn = 6, devfn = 248, fn+devfn = 254
[    0.142121] drivers/pci/probe.c 2220 next_fn -- functionpoint
[    0.142122] drivers/pci/probe.c 2196 pci_scan_single_device -- functionpoint
[    0.142123] drivers/pci/search.c 206 pci_get_slot -- functionpoint
[    0.142125] drivers/pci/probe.c 2035 pci_scan_device -- functionpoint
[    0.142126] drivers/pci/probe.c 2009 pci_bus_read_dev_vendor_id -- functionpoint
[    0.142137] drivers/pci/probe.c 2298 pci_scan_slot -- functionpoint -- fn = 7, devfn = 248, fn+devfn = 255
[    0.142141] drivers/pci/probe.c 2220 next_fn -- functionpoint
[    0.142141] drivers/pci/probe.c 463 pci_read_bridge_bases -- functionpoint
[    0.142149] drivers/pci/search.c 144 pci_find_bus -- functionpoint
[    0.142151] drivers/pci/search.c 145 pci_find_bus functionpoint -- domain_num = 0, bus_num = 1
[    0.142154] drivers/pci/search.c 176 pci_find_next_bus -- functionpoint
[    0.142155] drivers/pci/search.c 176 pci_find_next_bus -- functionpoint
[    0.142156] drivers/pci/search.c 157 pci_find_bus not found bus -- functionpoint
[    0.142214] drivers/pci/probe.c 2009 pci_bus_read_dev_vendor_id -- functionpoint
[    0.142230] drivers/pci/probe.c 2497 pci_scan_child_bus_extend -- functionpoint
[    0.142233] pci_bus 0000:01: drivers/pci/probe.c 2501 pci_scan_child_bus_extend-- functionpoint -- scanning bus
[    0.142236] drivers/pci/probe.c 2281 pci_scan_slot -- functionpoint
[    0.142236] drivers/pci/probe.c 2196 pci_scan_single_device -- functionpoint
[    0.142238] drivers/pci/search.c 206 pci_get_slot -- functionpoint
[    0.142239] drivers/pci/probe.c 2035 pci_scan_device -- functionpoint
[    0.142241] drivers/pci/probe.c 2009 pci_bus_read_dev_vendor_id -- functionpoint
[    0.142249] drivers/pci/probe.c 2048 pci_scan_device -- functionpoint -- dev_vendor: 1c5c, dev_device: 1339
[    0.142252] drivers/pci/probe.c 1453 pci_setup_device -- functionpoint
[    0.142269] pci 0000:01:00.0: [1c5c:1339] type 00 class 0x010802
[    0.142271] pci 0000:01:00.0: drivers/pci/probe.c 1482 pci_setup_device functionpoint -- [1c5c:1339] type 00 class 0x010802
[    0.142298] drivers/pci/probe.c 1513 pci_setup_device  switch case PCI_HEADER_TYPE_NORMAL -- functionpoint
[    0.142318] pci 0000:01:00.0: reg 0x10: [mem 0xf1100000-0xf1103fff 64bit]
[    0.142374] drivers/pci/probe.c 2145 pci_device_add -- functionpoint
[    0.142470] pci 0000:01:00.0: supports D1
[    0.142473] pci 0000:01:00.0: PME# supported from D0 D1 D3hot
[    0.142566] drivers/pci/probe.c 2288 pci_scan_slot -- functionpoint -- fn = 0, devfn = 0, fn+devfn = 0
[    0.142568] drivers/pci/probe.c 2220 next_fn -- functionpoint
[    0.152042] drivers/pci/probe.c 2281 pci_scan_slot -- functionpoint
[    0.152044] drivers/pci/probe.c 2281 pci_scan_slot -- functionpoint
[    0.152045] drivers/pci/probe.c 2281 pci_scan_slot -- functionpoint
[    0.152047] drivers/pci/probe.c 2281 pci_scan_slot -- functionpoint
[    0.152048] drivers/pci/probe.c 2281 pci_scan_slot -- functionpoint
[    0.152050] drivers/pci/probe.c 2281 pci_scan_slot -- functionpoint
[    0.152051] drivers/pci/probe.c 2281 pci_scan_slot -- functionpoint
[    0.152053] drivers/pci/probe.c 2281 pci_scan_slot -- functionpoint
[    0.152054] drivers/pci/probe.c 2281 pci_scan_slot -- functionpoint
[    0.152056] drivers/pci/probe.c 2281 pci_scan_slot -- functionpoint
[    0.152057] drivers/pci/probe.c 2281 pci_scan_slot -- functionpoint
[    0.152059] drivers/pci/probe.c 2281 pci_scan_slot -- functionpoint
[    0.152060] drivers/pci/probe.c 2281 pci_scan_slot -- functionpoint
[    0.152062] drivers/pci/probe.c 2281 pci_scan_slot -- functionpoint
[    0.152063] drivers/pci/probe.c 2281 pci_scan_slot -- functionpoint
[    0.152065] drivers/pci/probe.c 2281 pci_scan_slot -- functionpoint
[    0.152066] drivers/pci/probe.c 2281 pci_scan_slot -- functionpoint
[    0.152068] drivers/pci/probe.c 2281 pci_scan_slot -- functionpoint
[    0.152069] drivers/pci/probe.c 2281 pci_scan_slot -- functionpoint
[    0.152071] drivers/pci/probe.c 2281 pci_scan_slot -- functionpoint
[    0.152072] drivers/pci/probe.c 2281 pci_scan_slot -- functionpoint
[    0.152074] drivers/pci/probe.c 2281 pci_scan_slot -- functionpoint
[    0.152075] drivers/pci/probe.c 2281 pci_scan_slot -- functionpoint
[    0.152076] drivers/pci/probe.c 2281 pci_scan_slot -- functionpoint
[    0.152078] drivers/pci/probe.c 2281 pci_scan_slot -- functionpoint
[    0.152079] drivers/pci/probe.c 2281 pci_scan_slot -- functionpoint
[    0.152081] drivers/pci/probe.c 2281 pci_scan_slot -- functionpoint
[    0.152082] drivers/pci/probe.c 2281 pci_scan_slot -- functionpoint
[    0.152084] drivers/pci/probe.c 2281 pci_scan_slot -- functionpoint
[    0.152085] drivers/pci/probe.c 2281 pci_scan_slot -- functionpoint
[    0.152087] drivers/pci/probe.c 2281 pci_scan_slot -- functionpoint
[    0.152088] drivers/pci/probe.c 463 pci_read_bridge_bases -- functionpoint
[    0.152091] pci 0000:00:1b.0: PCI bridge to [bus 01]
[    0.152104] pci 0000:00:1b.0:   bridge window [mem 0xf1100000-0xf11fffff]
[    0.152110] pci_bus 0000:01: drivers/pci/probe.c 2599 pci_scan_child_bus_extend -- functionpoint -- bus scan returning with max=01
[    0.152121] drivers/pci/search.c 144 pci_find_bus -- functionpoint
[    0.152121] drivers/pci/search.c 145 pci_find_bus functionpoint -- domain_num = 0, bus_num = 2
[    0.152124] drivers/pci/search.c 176 pci_find_next_bus -- functionpoint
[    0.152125] drivers/pci/search.c 176 pci_find_next_bus -- functionpoint
[    0.152126] drivers/pci/search.c 157 pci_find_bus not found bus -- functionpoint
[    0.152174] drivers/pci/probe.c 2009 pci_bus_read_dev_vendor_id -- functionpoint
[    0.152181] drivers/pci/probe.c 2497 pci_scan_child_bus_extend -- functionpoint
[    0.152183] pci_bus 0000:02: drivers/pci/probe.c 2501 pci_scan_child_bus_extend-- functionpoint -- scanning bus
[    0.152187] drivers/pci/probe.c 2281 pci_scan_slot -- functionpoint
[    0.152187] drivers/pci/probe.c 2196 pci_scan_single_device -- functionpoint
[    0.152189] drivers/pci/search.c 206 pci_get_slot -- functionpoint
[    0.152190] drivers/pci/probe.c 2035 pci_scan_device -- functionpoint
[    0.152192] drivers/pci/probe.c 2009 pci_bus_read_dev_vendor_id -- functionpoint
[    0.152204] drivers/pci/probe.c 2048 pci_scan_device -- functionpoint -- dev_vendor: 1283, dev_device: 8893
[    0.152208] drivers/pci/probe.c 1453 pci_setup_device -- functionpoint
[    0.152250] pci 0000:02:00.0: [1283:8893] type 01 class 0x060401
[    0.152253] pci 0000:02:00.0: drivers/pci/probe.c 1482 pci_setup_device functionpoint -- [1283:8893] type 01 class 0x060401
[    0.152309] drivers/pci/probe.c 1566 pci_setup_device switch case PCI_HEADER_TYPE_BRIDGE -- functionpoint
[    0.152503] drivers/pci/probe.c 2145 pci_device_add -- functionpoint
[    0.152675] pci 0000:02:00.0: supports D1 D2
[    0.152678] pci 0000:02:00.0: PME# supported from D0 D1 D2 D3hot D3cold
[    0.152791] drivers/pci/probe.c 2288 pci_scan_slot -- functionpoint -- fn = 0, devfn = 0, fn+devfn = 0
[    0.152794] drivers/pci/probe.c 2220 next_fn -- functionpoint
[    0.152796] drivers/pci/probe.c 2281 pci_scan_slot -- functionpoint
[    0.152798] drivers/pci/probe.c 2281 pci_scan_slot -- functionpoint
[    0.152799] drivers/pci/probe.c 2281 pci_scan_slot -- functionpoint
[    0.152801] drivers/pci/probe.c 2281 pci_scan_slot -- functionpoint
[    0.152802] drivers/pci/probe.c 2281 pci_scan_slot -- functionpoint
[    0.152804] drivers/pci/probe.c 2281 pci_scan_slot -- functionpoint
[    0.152805] drivers/pci/probe.c 2281 pci_scan_slot -- functionpoint
[    0.152807] drivers/pci/probe.c 2281 pci_scan_slot -- functionpoint
[    0.152808] drivers/pci/probe.c 2281 pci_scan_slot -- functionpoint
[    0.152810] drivers/pci/probe.c 2281 pci_scan_slot -- functionpoint
[    0.152811] drivers/pci/probe.c 2281 pci_scan_slot -- functionpoint
[    0.152813] drivers/pci/probe.c 2281 pci_scan_slot -- functionpoint
[    0.152814] drivers/pci/probe.c 2281 pci_scan_slot -- functionpoint
[    0.152816] drivers/pci/probe.c 2281 pci_scan_slot -- functionpoint
[    0.152817] drivers/pci/probe.c 2281 pci_scan_slot -- functionpoint
[    0.152819] drivers/pci/probe.c 2281 pci_scan_slot -- functionpoint
[    0.152820] drivers/pci/probe.c 2281 pci_scan_slot -- functionpoint
[    0.152822] drivers/pci/probe.c 2281 pci_scan_slot -- functionpoint
[    0.152823] drivers/pci/probe.c 2281 pci_scan_slot -- functionpoint
[    0.152825] drivers/pci/probe.c 2281 pci_scan_slot -- functionpoint
[    0.152826] drivers/pci/probe.c 2281 pci_scan_slot -- functionpoint
[    0.152828] drivers/pci/probe.c 2281 pci_scan_slot -- functionpoint
[    0.152829] drivers/pci/probe.c 2281 pci_scan_slot -- functionpoint
[    0.152831] drivers/pci/probe.c 2281 pci_scan_slot -- functionpoint
[    0.152832] drivers/pci/probe.c 2281 pci_scan_slot -- functionpoint
[    0.152833] drivers/pci/probe.c 2281 pci_scan_slot -- functionpoint
[    0.152835] drivers/pci/probe.c 2281 pci_scan_slot -- functionpoint
[    0.152836] drivers/pci/probe.c 2281 pci_scan_slot -- functionpoint
[    0.152838] drivers/pci/probe.c 2281 pci_scan_slot -- functionpoint
[    0.152839] drivers/pci/probe.c 2281 pci_scan_slot -- functionpoint
[    0.152841] drivers/pci/probe.c 2281 pci_scan_slot -- functionpoint
[    0.152843] drivers/pci/probe.c 463 pci_read_bridge_bases -- functionpoint
[    0.152845] pci 0000:00:1c.0: PCI bridge to [bus 02-03]
[    0.152850] pci 0000:00:1c.0:   bridge window [io  0x3000-0x3fff]
[    0.152852] pci 0000:00:1c.0:   bridge window [mem 0xf1000000-0xf10fffff]
[    0.152863] drivers/pci/search.c 144 pci_find_bus -- functionpoint
[    0.152864] drivers/pci/search.c 145 pci_find_bus functionpoint -- domain_num = 0, bus_num = 3
[    0.152867] drivers/pci/search.c 176 pci_find_next_bus -- functionpoint
[    0.152867] drivers/pci/search.c 176 pci_find_next_bus -- functionpoint
[    0.152869] drivers/pci/search.c 157 pci_find_bus not found bus -- functionpoint
[    0.152907] drivers/pci/probe.c 2497 pci_scan_child_bus_extend -- functionpoint
[    0.152909] pci_bus 0000:03: drivers/pci/probe.c 2501 pci_scan_child_bus_extend-- functionpoint -- scanning bus
[    0.152912] drivers/pci/probe.c 2281 pci_scan_slot -- functionpoint
[    0.152913] drivers/pci/probe.c 2196 pci_scan_single_device -- functionpoint
[    0.152914] drivers/pci/search.c 206 pci_get_slot -- functionpoint
[    0.152916] drivers/pci/probe.c 2035 pci_scan_device -- functionpoint
[    0.152917] drivers/pci/probe.c 2009 pci_bus_read_dev_vendor_id -- functionpoint
[    0.152923] drivers/pci/probe.c 2048 pci_scan_device -- functionpoint -- dev_vendor: 1317, dev_device: 985
[    0.152926] drivers/pci/probe.c 1453 pci_setup_device -- functionpoint
[    0.152940] pci 0000:03:00.0: [1317:0985] type 00 class 0x020000
[    0.152943] pci 0000:03:00.0: drivers/pci/probe.c 1482 pci_setup_device functionpoint -- [1317:0985] type 00 class 0x020000
[    0.152963] drivers/pci/probe.c 1513 pci_setup_device  switch case PCI_HEADER_TYPE_NORMAL -- functionpoint
[    0.152981] pci 0000:03:00.0: reg 0x10: [io  0x3000-0x30ff]
[    0.152996] pci 0000:03:00.0: reg 0x14: [mem 0xf1000000-0xf10003ff]
[    0.153057] pci 0000:03:00.0: reg 0x30: [mem 0xfffe0000-0xffffffff pref]
[    0.153062] drivers/pci/probe.c 2145 pci_device_add -- functionpoint
[    0.153115] pci 0000:03:00.0: supports D1 D2
[    0.153117] pci 0000:03:00.0: PME# supported from D0 D1 D2 D3hot D3cold
[    0.153149] drivers/pci/probe.c 2288 pci_scan_slot -- functionpoint -- fn = 0, devfn = 0, fn+devfn = 0
[    0.153151] drivers/pci/probe.c 2220 next_fn -- functionpoint
[    0.153152] drivers/pci/probe.c 2281 pci_scan_slot -- functionpoint
[    0.153153] drivers/pci/probe.c 2196 pci_scan_single_device -- functionpoint
[    0.153155] drivers/pci/search.c 206 pci_get_slot -- functionpoint
[    0.153156] drivers/pci/probe.c 2035 pci_scan_device -- functionpoint
[    0.153158] drivers/pci/probe.c 2009 pci_bus_read_dev_vendor_id -- functionpoint
[    0.153163] drivers/pci/probe.c 2288 pci_scan_slot -- functionpoint -- fn = 0, devfn = 8, fn+devfn = 8
[    0.153166] drivers/pci/probe.c 2281 pci_scan_slot -- functionpoint
[    0.153166] drivers/pci/probe.c 2196 pci_scan_single_device -- functionpoint
[    0.153168] drivers/pci/search.c 206 pci_get_slot -- functionpoint
[    0.153170] drivers/pci/probe.c 2035 pci_scan_device -- functionpoint
[    0.153171] drivers/pci/probe.c 2009 pci_bus_read_dev_vendor_id -- functionpoint
[    0.153176] drivers/pci/probe.c 2288 pci_scan_slot -- functionpoint -- fn = 0, devfn = 16, fn+devfn = 16
[    0.153179] drivers/pci/probe.c 2281 pci_scan_slot -- functionpoint
[    0.153179] drivers/pci/probe.c 2196 pci_scan_single_device -- functionpoint
[    0.153181] drivers/pci/search.c 206 pci_get_slot -- functionpoint
[    0.153183] drivers/pci/probe.c 2035 pci_scan_device -- functionpoint
[    0.153184] drivers/pci/probe.c 2009 pci_bus_read_dev_vendor_id -- functionpoint
[    0.153189] drivers/pci/probe.c 2288 pci_scan_slot -- functionpoint -- fn = 0, devfn = 24, fn+devfn = 24
[    0.153192] drivers/pci/probe.c 2281 pci_scan_slot -- functionpoint
[    0.153192] drivers/pci/probe.c 2196 pci_scan_single_device -- functionpoint
[    0.153194] drivers/pci/search.c 206 pci_get_slot -- functionpoint
[    0.153196] drivers/pci/probe.c 2035 pci_scan_device -- functionpoint
[    0.153197] drivers/pci/probe.c 2009 pci_bus_read_dev_vendor_id -- functionpoint
[    0.153202] drivers/pci/probe.c 2288 pci_scan_slot -- functionpoint -- fn = 0, devfn = 32, fn+devfn = 32
[    0.153205] drivers/pci/probe.c 2281 pci_scan_slot -- functionpoint
[    0.153205] drivers/pci/probe.c 2196 pci_scan_single_device -- functionpoint
[    0.153207] drivers/pci/search.c 206 pci_get_slot -- functionpoint
[    0.153209] drivers/pci/probe.c 2035 pci_scan_device -- functionpoint
[    0.153210] drivers/pci/probe.c 2009 pci_bus_read_dev_vendor_id -- functionpoint
[    0.153215] drivers/pci/probe.c 2288 pci_scan_slot -- functionpoint -- fn = 0, devfn = 40, fn+devfn = 40
[    0.153218] drivers/pci/probe.c 2281 pci_scan_slot -- functionpoint
[    0.153218] drivers/pci/probe.c 2196 pci_scan_single_device -- functionpoint
[    0.153220] drivers/pci/search.c 206 pci_get_slot -- functionpoint
[    0.153221] drivers/pci/probe.c 2035 pci_scan_device -- functionpoint
[    0.153223] drivers/pci/probe.c 2009 pci_bus_read_dev_vendor_id -- functionpoint
[    0.153228] drivers/pci/probe.c 2288 pci_scan_slot -- functionpoint -- fn = 0, devfn = 48, fn+devfn = 48
[    0.153231] drivers/pci/probe.c 2281 pci_scan_slot -- functionpoint
[    0.153231] drivers/pci/probe.c 2196 pci_scan_single_device -- functionpoint
[    0.153233] drivers/pci/search.c 206 pci_get_slot -- functionpoint
[    0.153234] drivers/pci/probe.c 2035 pci_scan_device -- functionpoint
[    0.153236] drivers/pci/probe.c 2009 pci_bus_read_dev_vendor_id -- functionpoint
[    0.153240] drivers/pci/probe.c 2288 pci_scan_slot -- functionpoint -- fn = 0, devfn = 56, fn+devfn = 56
[    0.153244] drivers/pci/probe.c 2281 pci_scan_slot -- functionpoint
[    0.153244] drivers/pci/probe.c 2196 pci_scan_single_device -- functionpoint
[    0.153245] drivers/pci/search.c 206 pci_get_slot -- functionpoint
[    0.153247] drivers/pci/probe.c 2035 pci_scan_device -- functionpoint
[    0.153249] drivers/pci/probe.c 2009 pci_bus_read_dev_vendor_id -- functionpoint
[    0.153253] drivers/pci/probe.c 2288 pci_scan_slot -- functionpoint -- fn = 0, devfn = 64, fn+devfn = 64
[    0.153257] drivers/pci/probe.c 2281 pci_scan_slot -- functionpoint
[    0.153257] drivers/pci/probe.c 2196 pci_scan_single_device -- functionpoint
[    0.153258] drivers/pci/search.c 206 pci_get_slot -- functionpoint
[    0.153260] drivers/pci/probe.c 2035 pci_scan_device -- functionpoint
[    0.153261] drivers/pci/probe.c 2009 pci_bus_read_dev_vendor_id -- functionpoint
[    0.153266] drivers/pci/probe.c 2288 pci_scan_slot -- functionpoint -- fn = 0, devfn = 72, fn+devfn = 72
[    0.153269] drivers/pci/probe.c 2281 pci_scan_slot -- functionpoint
[    0.153270] drivers/pci/probe.c 2196 pci_scan_single_device -- functionpoint
[    0.153271] drivers/pci/search.c 206 pci_get_slot -- functionpoint
[    0.153273] drivers/pci/probe.c 2035 pci_scan_device -- functionpoint
[    0.153274] drivers/pci/probe.c 2009 pci_bus_read_dev_vendor_id -- functionpoint
[    0.153279] drivers/pci/probe.c 2288 pci_scan_slot -- functionpoint -- fn = 0, devfn = 80, fn+devfn = 80
[    0.153283] drivers/pci/probe.c 2281 pci_scan_slot -- functionpoint
[    0.153283] drivers/pci/probe.c 2196 pci_scan_single_device -- functionpoint
[    0.153284] drivers/pci/search.c 206 pci_get_slot -- functionpoint
[    0.153286] drivers/pci/probe.c 2035 pci_scan_device -- functionpoint
[    0.153287] drivers/pci/probe.c 2009 pci_bus_read_dev_vendor_id -- functionpoint
[    0.153292] drivers/pci/probe.c 2288 pci_scan_slot -- functionpoint -- fn = 0, devfn = 88, fn+devfn = 88
[    0.153296] drivers/pci/probe.c 2281 pci_scan_slot -- functionpoint
[    0.153296] drivers/pci/probe.c 2196 pci_scan_single_device -- functionpoint
[    0.153297] drivers/pci/search.c 206 pci_get_slot -- functionpoint
[    0.153299] drivers/pci/probe.c 2035 pci_scan_device -- functionpoint
[    0.153300] drivers/pci/probe.c 2009 pci_bus_read_dev_vendor_id -- functionpoint
[    0.153305] drivers/pci/probe.c 2288 pci_scan_slot -- functionpoint -- fn = 0, devfn = 96, fn+devfn = 96
[    0.153308] drivers/pci/probe.c 2281 pci_scan_slot -- functionpoint
[    0.153309] drivers/pci/probe.c 2196 pci_scan_single_device -- functionpoint
[    0.153310] drivers/pci/search.c 206 pci_get_slot -- functionpoint
[    0.153312] drivers/pci/probe.c 2035 pci_scan_device -- functionpoint
[    0.153313] drivers/pci/probe.c 2009 pci_bus_read_dev_vendor_id -- functionpoint
[    0.153318] drivers/pci/probe.c 2288 pci_scan_slot -- functionpoint -- fn = 0, devfn = 104, fn+devfn = 104
[    0.153321] drivers/pci/probe.c 2281 pci_scan_slot -- functionpoint
[    0.153322] drivers/pci/probe.c 2196 pci_scan_single_device -- functionpoint
[    0.153323] drivers/pci/search.c 206 pci_get_slot -- functionpoint
[    0.153325] drivers/pci/probe.c 2035 pci_scan_device -- functionpoint
[    0.153326] drivers/pci/probe.c 2009 pci_bus_read_dev_vendor_id -- functionpoint
[    0.153331] drivers/pci/probe.c 2288 pci_scan_slot -- functionpoint -- fn = 0, devfn = 112, fn+devfn = 112
[    0.153334] drivers/pci/probe.c 2281 pci_scan_slot -- functionpoint
[    0.153335] drivers/pci/probe.c 2196 pci_scan_single_device -- functionpoint
[    0.153336] drivers/pci/search.c 206 pci_get_slot -- functionpoint
[    0.153338] drivers/pci/probe.c 2035 pci_scan_device -- functionpoint
[    0.153339] drivers/pci/probe.c 2009 pci_bus_read_dev_vendor_id -- functionpoint
[    0.153344] drivers/pci/probe.c 2288 pci_scan_slot -- functionpoint -- fn = 0, devfn = 120, fn+devfn = 120
[    0.153347] drivers/pci/probe.c 2281 pci_scan_slot -- functionpoint
[    0.153348] drivers/pci/probe.c 2196 pci_scan_single_device -- functionpoint
[    0.153349] drivers/pci/search.c 206 pci_get_slot -- functionpoint
[    0.153351] drivers/pci/probe.c 2035 pci_scan_device -- functionpoint
[    0.153352] drivers/pci/probe.c 2009 pci_bus_read_dev_vendor_id -- functionpoint
[    0.153357] drivers/pci/probe.c 2288 pci_scan_slot -- functionpoint -- fn = 0, devfn = 128, fn+devfn = 128
[    0.153360] drivers/pci/probe.c 2281 pci_scan_slot -- functionpoint
[    0.153361] drivers/pci/probe.c 2196 pci_scan_single_device -- functionpoint
[    0.153362] drivers/pci/search.c 206 pci_get_slot -- functionpoint
[    0.153364] drivers/pci/probe.c 2035 pci_scan_device -- functionpoint
[    0.153365] drivers/pci/probe.c 2009 pci_bus_read_dev_vendor_id -- functionpoint
[    0.153370] drivers/pci/probe.c 2288 pci_scan_slot -- functionpoint -- fn = 0, devfn = 136, fn+devfn = 136
[    0.153373] drivers/pci/probe.c 2281 pci_scan_slot -- functionpoint
[    0.153374] drivers/pci/probe.c 2196 pci_scan_single_device -- functionpoint
[    0.153375] drivers/pci/search.c 206 pci_get_slot -- functionpoint
[    0.153377] drivers/pci/probe.c 2035 pci_scan_device -- functionpoint
[    0.153378] drivers/pci/probe.c 2009 pci_bus_read_dev_vendor_id -- functionpoint
[    0.153383] drivers/pci/probe.c 2288 pci_scan_slot -- functionpoint -- fn = 0, devfn = 144, fn+devfn = 144
[    0.153386] drivers/pci/probe.c 2281 pci_scan_slot -- functionpoint
[    0.153387] drivers/pci/probe.c 2196 pci_scan_single_device -- functionpoint
[    0.153388] drivers/pci/search.c 206 pci_get_slot -- functionpoint
