[    0.000000] microcode: microcode updated early to revision 0xd6, date = 2020-04-23
[    0.000000] Linux version 4.15.9+ (root@Yee-680G4) (gcc version 5.5.0 20171010 (Ubuntu 5.5.0-12ubuntu1~16.04)) #32 SMP Fri Oct 16 15:45:03 CST 2020
[    0.000000] Command line: BOOT_IMAGE=/boot/vmlinuz-4.15.9+ root=UUID=da0e40f1-3840-43a9-b61a-7b465a7673d3 ro quiet splash vt.handoff=7
[    0.000000] KERNEL supported cpus:
[    0.000000]   Intel GenuineIntel
[    0.000000]   AMD AuthenticAMD
[    0.000000]   Centaur CentaurHauls
[    0.000000] x86/fpu: Supporting XSAVE feature 0x001: 'x87 floating point registers'
[    0.000000] x86/fpu: Supporting XSAVE feature 0x002: 'SSE registers'
[    0.000000] x86/fpu: Supporting XSAVE feature 0x004: 'AVX registers'
[    0.000000] x86/fpu: Supporting XSAVE feature 0x008: 'MPX bounds registers'
[    0.000000] x86/fpu: Supporting XSAVE feature 0x010: 'MPX CSR'
[    0.000000] x86/fpu: xstate_offset[2]:  576, xstate_sizes[2]:  256
[    0.000000] x86/fpu: xstate_offset[3]:  832, xstate_sizes[3]:   64
[    0.000000] x86/fpu: xstate_offset[4]:  896, xstate_sizes[4]:   64
[    0.000000] x86/fpu: Enabled xstate features 0x1f, context size is 960 bytes, using 'compacted' format.
[    0.000000] e820: BIOS-provided physical RAM map:
[    0.000000] BIOS-e820: [mem 0x0000000000000000-0x000000000009efff] usable
[    0.000000] BIOS-e820: [mem 0x000000000009f000-0x00000000000fffff] reserved
[    0.000000] BIOS-e820: [mem 0x0000000000100000-0x00000000be6aafff] usable
[    0.000000] BIOS-e820: [mem 0x00000000be6ab000-0x00000000bf98efff] reserved
[    0.000000] BIOS-e820: [mem 0x00000000bf98f000-0x00000000bfb8efff] ACPI NVS
[    0.000000] BIOS-e820: [mem 0x00000000bfb8f000-0x00000000bfc0efff] ACPI data
[    0.000000] BIOS-e820: [mem 0x00000000bfc0f000-0x00000000bfc0ffff] usable
[    0.000000] BIOS-e820: [mem 0x00000000bfc10000-0x00000000d47fffff] reserved
[    0.000000] BIOS-e820: [mem 0x00000000fe010000-0x00000000fe010fff] reserved
[    0.000000] BIOS-e820: [mem 0x00000000ff000000-0x00000000ffffffff] reserved
[    0.000000] BIOS-e820: [mem 0x0000000100000000-0x00000004277fffff] usable
[    0.000000] NX (Execute Disable) protection: active
[    0.000000] efi: EFI v2.60 by HP
[    0.000000] efi:  ACPI=0xbfc0e000  ACPI 2.0=0xbfc0e014  SMBIOS=0xbee75000  ESRT=0xbee76018  MEMATTR=0xaf752018 
[    0.000000] random: fast init done
[    0.000000] SMBIOS 3.1 present.
[    0.000000] DMI: HP HP ProDesk 680 G4 MT/8580, BIOS R04 Ver. 02.11.01 04/27/2020
[    0.000000] e820: update [mem 0x00000000-0x00000fff] usable ==> reserved
[    0.000000] e820: remove [mem 0x000a0000-0x000fffff] usable
[    0.000000] e820: last_pfn = 0x427800 max_arch_pfn = 0x400000000
[    0.000000] MTRR default type: write-back
[    0.000000] MTRR fixed ranges enabled:
[    0.000000]   00000-9FFFF write-back
[    0.000000]   A0000-BFFFF uncachable
[    0.000000]   C0000-FFFFF write-protect
[    0.000000] MTRR variable ranges enabled:
[    0.000000]   0 base 00E0000000 mask 7FE0000000 uncachable
[    0.000000]   1 base 00D0000000 mask 7FF0000000 uncachable
[    0.000000]   2 base 00C8000000 mask 7FF8000000 uncachable
[    0.000000]   3 base 00C4000000 mask 7FFC000000 uncachable
[    0.000000]   4 base 2000000000 mask 6000000000 uncachable
[    0.000000]   5 base 1000000000 mask 7000000000 uncachable
[    0.000000]   6 base 0800000000 mask 7800000000 uncachable
[    0.000000]   7 base 4000000000 mask 4000000000 uncachable
[    0.000000]   8 disabled
[    0.000000]   9 disabled
[    0.000000] x86/PAT: Configuration [0-7]: WB  WC  UC- UC  WB  WP  UC- WT  
[    0.000000] e820: last_pfn = 0xbfc10 max_arch_pfn = 0x400000000
[    0.000000] esrt: Reserving ESRT space from 0x00000000bee76018 to 0x00000000bee76050.
[    0.000000] Scanning 1 areas for low memory corruption
[    0.000000] Base memory trampoline at [        (ptrval)] 99000 size 24576
[    0.000000] Using GB pages for direct mapping
[    0.000000] BRK [0x2c633a000, 0x2c633afff] PGTABLE
[    0.000000] BRK [0x2c633b000, 0x2c633bfff] PGTABLE
[    0.000000] BRK [0x2c633c000, 0x2c633cfff] PGTABLE
[    0.000000] BRK [0x2c633d000, 0x2c633dfff] PGTABLE
[    0.000000] BRK [0x2c633e000, 0x2c633efff] PGTABLE
[    0.000000] BRK [0x2c633f000, 0x2c633ffff] PGTABLE
[    0.000000] BRK [0x2c6340000, 0x2c6340fff] PGTABLE
[    0.000000] BRK [0x2c6341000, 0x2c6341fff] PGTABLE
[    0.000000] BRK [0x2c6342000, 0x2c6342fff] PGTABLE
[    0.000000] Secure boot could not be determined
[    0.000000] RAMDISK: [mem 0x23329000-0x3e1b0fff]
[    0.000000] ACPI: Early table checksum verification disabled
[    0.000000] ACPI: RSDP 0x00000000BFC0E014 000024 (v02 HPQOEM)
[    0.000000] ACPI: XSDT 0x00000000BFBC7188 0000DC (v01 HPQOEM SLIC-BPC 00000000 INTL 20160422)
[    0.000000] ACPI: FACP 0x00000000BFC08000 000114 (v06 HPQOEM SLIC-BPC 00000000 HP   00000001)
[    0.000000] ACPI: DSDT 0x00000000BFBE5000 01E092 (v02 HPQOEM 8580     00000000 INTL 20160527)
[    0.000000] ACPI: FACS 0x00000000BFB3F000 000040
[    0.000000] ACPI: SSDT 0x00000000BFC0C000 00012A (v02 HP     ShmTable 00000001 INTL 20160527)
[    0.000000] ACPI: SSDT 0x00000000BFC0A000 001B5F (v02 CpuRef CpuSsdt  00003000 INTL 20160527)
[    0.000000] ACPI: SSDT 0x00000000BFC09000 0009CF (v02 CtdpB  CtdpB    00001000 INTL 20160527)
[    0.000000] ACPI: HPET 0x00000000BFC07000 000038 (v01 HPQOEM 8580     00000001 HP   00000001)
[    0.000000] ACPI: APIC 0x00000000BFC06000 00012C (v03 HPQOEM 8580     00000001 HP   00000001)
[    0.000000] ACPI: MCFG 0x00000000BFC05000 00003C (v01 HPQOEM 8580     00000001 HP   00000001)
[    0.000000] ACPI: WSMT 0x00000000BFC04000 000028 (v01 HPQOEM 8580     00000001 HP   00000001)
[    0.000000] ACPI: SSDT 0x00000000BFBE4000 000734 (v01 HPQOEM PtidDevc 00001000 INTL 20160527)
[    0.000000] ACPI: SSDT 0x00000000BFBE3000 000B27 (v02 HPQOEM HP_XHC_P 00000000 INTL 20160527)
[    0.000000] ACPI: SSDT 0x00000000BFBDF000 0030ED (v02 SaSsdt SaSsdt   00003000 INTL 20160527)
[    0.000000] ACPI: LPIT 0x00000000BFBDE000 000094 (v01 INTEL  CFL      20170001 INTL 20160422)
[    0.000000] ACPI: WSMT 0x00000000BFBDD000 000028 (v01 INTEL  CFL      20170001 INTL 20160422)
[    0.000000] ACPI: SSDT 0x00000000BFBDC000 00044C (v02 INTEL  Wwan     00000001 INTL 20160527)
[    0.000000] ACPI: UEFI 0x00000000BFB39000 000042 (v01 INTEL  CFL      20170001 INTL 20160422)
[    0.000000] ACPI: OEML 0x00000000BFBDB000 000028 (v03 INTEL  CFL      20170001 INTL 20160422)
[    0.000000] ACPI: DMAR 0x00000000BFBDA000 0000C8 (v01 INTEL  CFL      00000002      01000013)
[    0.000000] ACPI: SSDT 0x00000000BFBCB000 00E899 (v01 HP     HPINDTWL 00001000 INTL 20160527)
[    0.000000] ACPI: SSDT 0x00000000BFBCA000 000032 (v01 HP     HPCONDEV 00001000 INTL 20160527)
[    0.000000] ACPI: SSDT 0x00000000BFBC9000 000069 (v01 HP     HPCAHWID 00001000 INTL 20160527)
[    0.000000] ACPI: ASF! 0x00000000BFBC8000 0000A0 (v32 HPQOEM  UYA     20170001 INTL 20160422)
[    0.000000] ACPI: FPDT 0x00000000BFC0D000 000044 (v01 INTEL  CFL      20170001 INTL 20160422)
[    0.000000] ACPI: BGRT 0x00000000BFBC6000 000038 (v01 INTEL  CFL      20170001 INTL 20160422)
[    0.000000] ACPI: Local APIC address 0xfee00000
[    0.000000] No NUMA configuration found
[    0.000000] Faking a node at [mem 0x0000000000000000-0x00000004277fffff]
[    0.000000] NODE_DATA(0) allocated [mem 0x4277d5000-0x4277fffff]
[    0.000000] Zone ranges:
[    0.000000]   DMA      [mem 0x0000000000001000-0x0000000000ffffff]
[    0.000000]   DMA32    [mem 0x0000000001000000-0x00000000ffffffff]
[    0.000000]   Normal   [mem 0x0000000100000000-0x00000004277fffff]
[    0.000000]   Device   empty
[    0.000000] Movable zone start for each node
[    0.000000] Early memory node ranges
[    0.000000]   node   0: [mem 0x0000000000001000-0x000000000009efff]
[    0.000000]   node   0: [mem 0x0000000000100000-0x00000000be6aafff]
[    0.000000]   node   0: [mem 0x00000000bfc0f000-0x00000000bfc0ffff]
[    0.000000]   node   0: [mem 0x0000000100000000-0x00000004277fffff]
[    0.000000] Initmem setup node 0 [mem 0x0000000000001000-0x00000004277fffff]
[    0.000000] On node 0 totalpages: 4087370
[    0.000000]   DMA zone: 64 pages used for memmap
[    0.000000]   DMA zone: 21 pages reserved
[    0.000000]   DMA zone: 3998 pages, LIFO batch:0
[    0.000000]   DMA32 zone: 12123 pages used for memmap
[    0.000000]   DMA32 zone: 775852 pages, LIFO batch:31
[    0.000000]   Normal zone: 51680 pages used for memmap
[    0.000000]   Normal zone: 3307520 pages, LIFO batch:31
[    0.000000] Reserved but unavailable: 99 pages
[    0.000000] tboot: non-0 tboot_addr but it is not of type E820_TYPE_RESERVED
[    0.000000] ACPI: PM-Timer IO Port: 0x1808
[    0.000000] ACPI: Local APIC address 0xfee00000
[    0.000000] ACPI: LAPIC_NMI (acpi_id[0x01] high edge lint[0x1])
[    0.000000] ACPI: LAPIC_NMI (acpi_id[0x02] high edge lint[0x1])
[    0.000000] ACPI: LAPIC_NMI (acpi_id[0x03] high edge lint[0x1])
[    0.000000] ACPI: LAPIC_NMI (acpi_id[0x04] high edge lint[0x1])
[    0.000000] ACPI: LAPIC_NMI (acpi_id[0x05] high edge lint[0x1])
[    0.000000] ACPI: LAPIC_NMI (acpi_id[0x06] high edge lint[0x1])
[    0.000000] ACPI: LAPIC_NMI (acpi_id[0x07] high edge lint[0x1])
[    0.000000] ACPI: LAPIC_NMI (acpi_id[0x08] high edge lint[0x1])
[    0.000000] ACPI: LAPIC_NMI (acpi_id[0x09] high edge lint[0x1])
[    0.000000] ACPI: LAPIC_NMI (acpi_id[0x0a] high edge lint[0x1])
[    0.000000] ACPI: LAPIC_NMI (acpi_id[0x0b] high edge lint[0x1])
[    0.000000] ACPI: LAPIC_NMI (acpi_id[0x0c] high edge lint[0x1])
[    0.000000] ACPI: LAPIC_NMI (acpi_id[0x0d] high edge lint[0x1])
[    0.000000] ACPI: LAPIC_NMI (acpi_id[0x0e] high edge lint[0x1])
[    0.000000] ACPI: LAPIC_NMI (acpi_id[0x0f] high edge lint[0x1])
[    0.000000] ACPI: LAPIC_NMI (acpi_id[0x10] high edge lint[0x1])
[    0.000000] IOAPIC[0]: apic_id 2, version 32, address 0xfec00000, GSI 0-119
[    0.000000] ACPI: INT_SRC_OVR (bus 0 bus_irq 0 global_irq 2 dfl dfl)
[    0.000000] ACPI: INT_SRC_OVR (bus 0 bus_irq 9 global_irq 9 high level)
[    0.000000] ACPI: IRQ0 used by override.
[    0.000000] ACPI: IRQ9 used by override.
[    0.000000] Using ACPI (MADT) for SMP configuration information
[    0.000000] ACPI: HPET id: 0x8086a201 base: 0xfed00000
[    0.000000] smpboot: Allowing 8 CPUs, 0 hotplug CPUs
[    0.000000] PM: Registered nosave memory: [mem 0x00000000-0x00000fff]
[    0.000000] PM: Registered nosave memory: [mem 0x0009f000-0x000fffff]
[    0.000000] PM: Registered nosave memory: [mem 0xbe6ab000-0xbf98efff]
[    0.000000] PM: Registered nosave memory: [mem 0xbf98f000-0xbfb8efff]
[    0.000000] PM: Registered nosave memory: [mem 0xbfb8f000-0xbfc0efff]
[    0.000000] PM: Registered nosave memory: [mem 0xbfc10000-0xd47fffff]
[    0.000000] PM: Registered nosave memory: [mem 0xd4800000-0xfe00ffff]
[    0.000000] PM: Registered nosave memory: [mem 0xfe010000-0xfe010fff]
[    0.000000] PM: Registered nosave memory: [mem 0xfe011000-0xfeffffff]
[    0.000000] PM: Registered nosave memory: [mem 0xff000000-0xffffffff]
[    0.000000] e820: [mem 0xd4800000-0xfe00ffff] available for PCI devices
[    0.000000] Booting paravirtualized kernel on bare hardware
[    0.000000] clocksource: refined-jiffies: mask: 0xffffffff max_cycles: 0xffffffff, max_idle_ns: 7645519600211568 ns
[    0.000000] setup_percpu: NR_CPUS:8192 nr_cpumask_bits:8 nr_cpu_ids:8 nr_node_ids:1
[    0.000000] percpu: Embedded 46 pages/cpu @        (ptrval) s151552 r8192 d28672 u262144
[    0.000000] pcpu-alloc: s151552 r8192 d28672 u262144 alloc=1*2097152
[    0.000000] pcpu-alloc: [0] 0 1 2 3 4 5 6 7 
[    0.000000] Built 1 zonelists, mobility grouping on.  Total pages: 4023482
[    0.000000] Policy zone: Normal
[    0.000000] Kernel command line: BOOT_IMAGE=/boot/vmlinuz-4.15.9+ root=UUID=da0e40f1-3840-43a9-b61a-7b465a7673d3 ro quiet splash vt.handoff=7
[    0.000000] Calgary: detecting Calgary via BIOS EBDA area
[    0.000000] Calgary: Unable to locate Rio Grande table in EBDA - bailing!
[    0.000000] Memory: 15453824K/16349480K available (12300K kernel code, 2470K rwdata, 4196K rodata, 2388K init, 2416K bss, 895656K reserved, 0K cma-reserved)
[    0.000000] SLUB: HWalign=64, Order=0-3, MinObjects=0, CPUs=8, Nodes=1
[    0.000000] ftrace: allocating 38976 entries in 153 pages
[    0.000000] Hierarchical RCU implementation.
[    0.000000] 	RCU restricting CPUs from NR_CPUS=8192 to nr_cpu_ids=8.
[    0.000000] 	Tasks RCU enabled.
[    0.000000] RCU: Adjusting geometry for rcu_fanout_leaf=16, nr_cpu_ids=8
[    0.000000] NR_IRQS: 524544, nr_irqs: 2048, preallocated irqs: 16
[    0.000000] Console: colour dummy device 80x25
[    0.000000] console [tty0] enabled
[    0.000000] ACPI: Core revision 20170831
[    0.000000] ACPI Error: [\_SB_.PCI0.XHC_.RHUB.HS11] Namespace lookup failure, AE_NOT_FOUND (20170831/dswload-210)
[    0.000000] ACPI Exception: AE_NOT_FOUND, During name lookup/catalog (20170831/psobject-252)
[    0.000000] ACPI Exception: AE_NOT_FOUND, (SSDT:HP_XHC_P) while loading table (20170831/tbxfload-228)
[    0.000000] ACPI Error: 1 table load failures, 10 successful (20170831/tbxfload-246)
[    0.000000] clocksource: hpet: mask: 0xffffffff max_cycles: 0xffffffff, max_idle_ns: 79635855245 ns
[    0.000000] hpet clockevent registered
[    0.004000] APIC: Switch to symmetric I/O mode setup
[    0.004000] DMAR: Host address width 39
[    0.004000] DMAR: DRHD base: 0x000000fed90000 flags: 0x0
[    0.004000] DMAR: dmar0: reg_base_addr fed90000 ver 1:0 cap 1c0000c40660462 ecap 19e2ff0505e
[    0.004000] DMAR: DRHD base: 0x000000fed91000 flags: 0x1
[    0.004000] DMAR: dmar1: reg_base_addr fed91000 ver 1:0 cap d2008c40660462 ecap f050da
[    0.004000] DMAR: RMRR base: 0x000000bf81d000 end: 0x000000bf83cfff
[    0.004000] DMAR: RMRR base: 0x000000c4000000 end: 0x000000d47fffff
[    0.004000] DMAR: RMRR base: 0x000000bf86e000 end: 0x000000bf8edfff
[    0.004000] DMAR-IR: IOAPIC id 2 under DRHD base  0xfed91000 IOMMU 1
[    0.004000] DMAR-IR: HPET id 0 under DRHD base 0xfed91000
[    0.004000] DMAR-IR: Queued invalidation will be enabled to support x2apic and Intr-remapping.
[    0.004000] DMAR-IR: Enabled IRQ remapping in x2apic mode
[    0.004000] x2apic enabled
[    0.004000] Switched APIC routing to cluster x2apic.
[    0.016000] ..TIMER: vector=0x30 apic1=0 pin1=2 apic2=-1 pin2=-1
[    0.036000] tsc: Detected 3000.000 MHz processor
[    0.036000] Calibrating delay loop (skipped), value calculated using timer frequency.. 6000.00 BogoMIPS (lpj=12000000)
[    0.036000] pid_max: default: 32768 minimum: 301
[    0.036000] Security Framework initialized
[    0.036000] Yama: becoming mindful.
[    0.036000] AppArmor: AppArmor initialized
[    0.036000] Dentry cache hash table entries: 2097152 (order: 12, 16777216 bytes)
[    0.036000] Inode-cache hash table entries: 1048576 (order: 11, 8388608 bytes)
[    0.036000] Mount-cache hash table entries: 32768 (order: 6, 262144 bytes)
[    0.036000] Mountpoint-cache hash table entries: 32768 (order: 6, 262144 bytes)
[    0.036000] CPU: Physical Processor ID: 0
[    0.036000] CPU: Processor Core ID: 0
[    0.036000] ENERGY_PERF_BIAS: Set to 'normal', was 'performance'
[    0.036000] ENERGY_PERF_BIAS: View and update with x86_energy_perf_policy(8)
[    0.036000] mce: CPU supports 14 MCE banks
[    0.036000] CPU0: Thermal monitoring enabled (TM1)
[    0.036000] process: using mwait in idle threads
[    0.036000] Last level iTLB entries: 4KB 128, 2MB 8, 4MB 8
[    0.036000] Last level dTLB entries: 4KB 64, 2MB 0, 4MB 0, 1GB 4
[    0.036000] Spectre V2 : Mitigation: Full generic retpoline
[    0.036000] Spectre V2 : Spectre v2 mitigation: Filling RSB on context switch
[    0.036000] Spectre V2 : Spectre v2 mitigation: Enabling Indirect Branch Prediction Barrier
[    0.036000] Freeing SMP alternatives memory: 36K
[    0.042500] TSC deadline timer enabled
[    0.042511] smpboot: CPU0: Intel(R) Core(TM) i7-9700 CPU @ 3.00GHz (family: 0x6, model: 0x9e, stepping: 0xd)
[    0.042563] Performance Events: PEBS fmt3+, Skylake events, 32-deep LBR, full-width counters, Intel PMU driver.
[    0.042592] ... version:                4
[    0.042592] ... bit width:              48
[    0.042593] ... generic registers:      8
[    0.042593] ... value mask:             0000ffffffffffff
[    0.042594] ... max period:             00007fffffffffff
[    0.042594] ... fixed-purpose events:   3
[    0.042595] ... event mask:             00000007000000ff
[    0.042625] Hierarchical SRCU implementation.
[    0.043561] NMI watchdog: Enabled. Permanently consumes one hw-PMU counter.
[    0.043571] smp: Bringing up secondary CPUs ...
[    0.043630] x86: Booting SMP configuration:
[    0.043631] .... node  #0, CPUs:      #1 #2 #3 #4 #5 #6 #7
[    0.053465] smp: Brought up 1 node, 8 CPUs
[    0.053465] smpboot: Max logical packages: 1
[    0.053465] smpboot: Total of 8 processors activated (48000.00 BogoMIPS)
[    0.056282] devtmpfs: initialized
[    0.056282] x86/mm: Memory block size: 128MB
[    0.057020] evm: security.selinux
[    0.057020] evm: security.SMACK64
[    0.057021] evm: security.SMACK64EXEC
[    0.057021] evm: security.SMACK64TRANSMUTE
[    0.057021] evm: security.SMACK64MMAP
[    0.057022] evm: security.apparmor
[    0.057022] evm: security.ima
[    0.057023] evm: security.capability
[    0.057036] PM: Registering ACPI NVS region [mem 0xbf98f000-0xbfb8efff] (2097152 bytes)
[    0.057036] clocksource: jiffies: mask: 0xffffffff max_cycles: 0xffffffff, max_idle_ns: 7645041785100000 ns
[    0.057036] futex hash table entries: 2048 (order: 5, 131072 bytes)
[    0.057036] pinctrl core: initialized pinctrl subsystem
[    0.057036] drivers/base/bus.c 153 driver_register -- functionpoint
[    0.057036] drivers/base/bus.c 642 bus_add_driver -- functionpoint
[    0.057036] drivers/base/bus.c 649 bus_add_driver -- functionpoint -- bus: 'platform': add driver reg-dummy
[    0.057036] drivers/base/dd.c 369 really_probe -- functionpoint
[    0.057036] drivers/base/dd.c 392 really_probe -- functionpoint -- bus: 'platform': really_probe: probing driver reg-dummy with device reg-dummy
[    0.057036] drivers/base/dd.c 435 really_probe -- if drv->probe use drv->probe(dev) -- functionpoint
[    0.057036] RTC time: 11:32:51, date: 10/16/20
[    0.057036] NET: Registered protocol family 16
[    0.057036] audit: initializing netlink subsys (disabled)
[    0.057036] audit: type=2000 audit(1602847971.056:1): state=initialized audit_enabled=0 res=1
[    0.057036] drivers/base/bus.c 153 driver_register -- functionpoint
[    0.057036] drivers/base/bus.c 642 bus_add_driver -- functionpoint
[    0.057036] drivers/base/bus.c 649 bus_add_driver -- functionpoint -- bus: 'platform': add driver sram
[    0.057036] drivers/base/bus.c 153 driver_register -- functionpoint
[    0.057036] drivers/base/bus.c 642 bus_add_driver -- functionpoint
[    0.057036] drivers/base/bus.c 649 bus_add_driver -- functionpoint -- bus: 'platform': add driver syscon
[    0.057036] drivers/base/bus.c 153 driver_register -- functionpoint
[    0.057036] drivers/base/bus.c 642 bus_add_driver -- functionpoint
[    0.057036] drivers/base/bus.c 649 bus_add_driver -- functionpoint -- bus: 'i2c': add driver dummy
[    0.057036] cpuidle: using governor ladder
[    0.057036] cpuidle: using governor menu
[    0.057036] ACPI FADT declares the system doesn't support PCIe ASPM, so disable it
[    0.057036] ACPI: bus type PCI registered
[    0.057036] acpiphp: ACPI Hot Plug PCI Controller Driver version: 0.5
[    0.057036] arch/x86/pci/init.c 11 start pci_arch_init -- functionpoint
[    0.057036] PCI: MMCONFIG for domain 0000 [bus 00-3f] at [mem 0xf8000000-0xfbffffff] (base 0xf8000000)
[    0.057036] PCI: not using MMCONFIG
[    0.057036] PCI: Using configuration type 1 for base access
[    0.057036] arch/x86/pci/init.c 44 end pci_arch_init -- functionpoint
[    0.057123] HugeTLB registered 1.00 GiB page size, pre-allocated 0 pages
[    0.057123] HugeTLB registered 2.00 MiB page size, pre-allocated 0 pages
[    0.057124] drivers/base/bus.c 153 driver_register -- functionpoint
[    0.057124] drivers/base/bus.c 642 bus_add_driver -- functionpoint
[    0.057124] drivers/base/bus.c 649 bus_add_driver -- functionpoint -- bus: 'i2c': add driver sx150x-pinctrl
[    0.057124] drivers/base/bus.c 153 driver_register -- functionpoint
[    0.057124] drivers/base/bus.c 642 bus_add_driver -- functionpoint
[    0.057124] drivers/base/bus.c 649 bus_add_driver -- functionpoint -- bus: 'platform': add driver byt_gpio
[    0.057124] drivers/base/bus.c 153 driver_register -- functionpoint
[    0.057124] drivers/base/bus.c 642 bus_add_driver -- functionpoint
[    0.057124] drivers/base/bus.c 649 bus_add_driver -- functionpoint -- bus: 'platform': add driver cherryview-pinctrl
[    0.057124] drivers/base/bus.c 153 driver_register -- functionpoint
[    0.057124] drivers/base/bus.c 642 bus_add_driver -- functionpoint
[    0.057124] drivers/base/bus.c 649 bus_add_driver -- functionpoint -- bus: 'platform': add driver lp_gpio
[    0.057124] drivers/base/bus.c 153 driver_register -- functionpoint
[    0.057124] drivers/base/bus.c 642 bus_add_driver -- functionpoint
[    0.057124] drivers/base/bus.c 649 bus_add_driver -- functionpoint -- bus: 'platform': add driver rc5t583-gpio
[    0.057124] drivers/base/bus.c 153 driver_register -- functionpoint
[    0.057124] drivers/base/bus.c 642 bus_add_driver -- functionpoint
[    0.057124] drivers/base/bus.c 649 bus_add_driver -- functionpoint -- bus: 'platform': add driver palmas-gpio
[    0.057124] drivers/base/bus.c 153 driver_register -- functionpoint
[    0.057124] drivers/base/bus.c 642 bus_add_driver -- functionpoint
[    0.057124] drivers/base/bus.c 649 bus_add_driver -- functionpoint -- bus: 'platform': add driver tps6586x-gpio
[    0.057124] drivers/base/bus.c 153 driver_register -- functionpoint
[    0.057124] drivers/base/bus.c 642 bus_add_driver -- functionpoint
[    0.057124] drivers/base/bus.c 649 bus_add_driver -- functionpoint -- bus: 'platform': add driver tps65910-gpio
[    0.057124] ACPI: Added _OSI(Module Device)
[    0.057124] ACPI: Added _OSI(Processor Device)
[    0.057124] ACPI: Added _OSI(3.0 _SCP Extensions)
[    0.057124] ACPI: Added _OSI(Processor Aggregator Device)
[    0.061857] ACPI: Executed 30 blocks of module-level executable AML code
[    0.072037] ACPI: [Firmware Bug]: BIOS _OSI(Linux) query ignored
[    0.080069] ACPI: Dynamic OEM Table Load:
[    0.080083] ACPI: SSDT 0xFFFF9D81D4FB3500 0000F4 (v02 PmRef  Cpu0Psd  00003000 INTL 20160527)
[    0.080312] ACPI: Executed 1 blocks of module-level executable AML code
[    0.080433] ACPI: \_SB_.PR00: _OSC native thermal LVT Acked
[    0.081391] ACPI: Dynamic OEM Table Load:
[    0.081397] ACPI: SSDT 0xFFFF9D81D4FBFC00 000400 (v02 PmRef  Cpu0Cst  00003001 INTL 20160527)
[    0.081622] ACPI: Executed 1 blocks of module-level executable AML code
[    0.081855] ACPI: Dynamic OEM Table Load:
[    0.081860] ACPI: SSDT 0xFFFF9D81D4EF2800 000605 (v02 PmRef  Cpu0Ist  00003000 INTL 20160527)
[    0.082066] ACPI: Executed 1 blocks of module-level executable AML code
[    0.082259] ACPI: Dynamic OEM Table Load:
[    0.082263] ACPI: SSDT 0xFFFF9D81D4F37600 000149 (v02 PmRef  Cpu0Hwp  00003000 INTL 20160527)
[    0.082454] ACPI: Executed 2 blocks of module-level executable AML code
[    0.082625] ACPI: Dynamic OEM Table Load:
[    0.082631] ACPI: SSDT 0xFFFF9D81D4EF3800 000724 (v02 PmRef  HwpLvt   00003000 INTL 20160527)
[    0.082813] ACPI: Executed 1 blocks of module-level executable AML code
[    0.083307] ACPI: Dynamic OEM Table Load:
[    0.083312] ACPI: SSDT 0xFFFF9D81D4EF1800 0005FC (v02 PmRef  ApIst    00003000 INTL 20160527)
[    0.083711] ACPI: Executed 1 blocks of module-level executable AML code
[    0.083905] ACPI: Dynamic OEM Table Load:
[    0.083909] ACPI: SSDT 0xFFFF9D81D4FBA800 000317 (v02 PmRef  ApHwp    00003000 INTL 20160527)
[    0.084187] ACPI: Executed 1 blocks of module-level executable AML code
[    0.084501] ACPI: Dynamic OEM Table Load:
[    0.084507] ACPI: SSDT 0xFFFF9D81D7144000 000AB0 (v02 PmRef  ApPsd    00003000 INTL 20160527)
[    0.085355] ACPI: Executed 1 blocks of module-level executable AML code
[    0.085552] ACPI: Dynamic OEM Table Load:
[    0.085556] ACPI: SSDT 0xFFFF9D81D4FB9C00 00030A (v02 PmRef  ApCst    00003000 INTL 20160527)
[    0.085831] ACPI: Executed 1 blocks of module-level executable AML code
[    0.088774] ACPI: EC: EC started
[    0.088775] ACPI: EC: interrupt blocked
[    0.088791] ACPI: \_SB_.PCI0.LPCB.EC0_: Used as first EC
[    0.088793] ACPI: \_SB_.PCI0.LPCB.EC0_: GPE=0x6e, EC_CMD/EC_SC=0x66, EC_DATA=0x62
[    0.088794] ACPI: \_SB_.PCI0.LPCB.EC0_: Used as boot DSDT EC to handle transactions
[    0.088794] ACPI: Interpreter enabled
[    0.088843] ACPI: (supports S0 S3 S4 S5)
[    0.088844] ACPI: Using IOAPIC for interrupt routing
[    0.088884] PCI: MMCONFIG for domain 0000 [bus 00-3f] at [mem 0xf8000000-0xfbffffff] (base 0xf8000000)
[    0.091520] PCI: MMCONFIG at [mem 0xf8000000-0xfbffffff] reserved in ACPI motherboard resources
[    0.091526] drivers/acpi/pci_root.c 920 acpi_pci_root_init --functionpoint
[    0.091526] drivers/acpi/apei/hest.c 228 acpi_hest_init -- functionpoint
[    0.091531] PCI: Using host bridge windows from ACPI; if necessary, use "pci=nocrs" and report a bug
[    0.091923] drivers/base/bus.c 153 driver_register -- functionpoint
[    0.091924] drivers/base/bus.c 642 bus_add_driver -- functionpoint
[    0.091927] drivers/base/bus.c 649 bus_add_driver -- functionpoint -- bus: 'platform': add driver clk-lpt
[    0.091985] ACPI: Enabled 4 GPEs in block 00 to 7F
[    0.091987] drivers/acpi/scan.c 2010 acpi_bus_scan -- functionpoint
[    0.098879] ACPI: Power Resource [USBC] (on)
[    0.099700] ACPI: Power Resource [WRST] (on)
[    0.100117] ACPI: Power Resource [WRST] (on)
[    0.100517] ACPI: Power Resource [WRST] (on)
[    0.100922] ACPI: Power Resource [WRST] (on)
[    0.101332] ACPI: Power Resource [WRST] (on)
[    0.101731] ACPI: Power Resource [WRST] (on)
[    0.102132] ACPI: Power Resource [WRST] (on)
[    0.102536] ACPI: Power Resource [WRST] (on)
[    0.102939] ACPI: Power Resource [WRST] (on)
[    0.103339] ACPI: Power Resource [WRST] (on)
[    0.103740] ACPI: Power Resource [WRST] (on)
[    0.104145] ACPI: Power Resource [WRST] (on)
[    0.104545] ACPI: Power Resource [WRST] (on)
[    0.104948] ACPI: Power Resource [WRST] (on)
[    0.105357] ACPI: Power Resource [WRST] (on)
[    0.105756] ACPI: Power Resource [WRST] (on)
[    0.106158] ACPI: Power Resource [WRST] (on)
[    0.106563] ACPI: Power Resource [WRST] (on)
[    0.106971] ACPI: Power Resource [WRST] (on)
[    0.107382] ACPI: Power Resource [WRST] (on)
[    0.109088] ACPI: Power Resource [V0PR] (on)
[    0.109300] ACPI: Power Resource [V1PR] (on)
[    0.109508] ACPI: Power Resource [V2PR] (on)
[    0.114098] ACPI: Power Resource [WRST] (on)
[    0.116312] drivers/acpi/pci_root.c 528 acpi_pci_root_add -- functionpoint
[    0.116700] ACPI: PCI Root Bridge [PCI0] (domain 0000 [bus 00-3e])
[    0.116703] ACPI: drivers/acpi/pci_root.c 584 acpi_pci_root_add --  functionpoint -- PCI Root Bridge [PCI0] (domain 0000 [bus 00-3e])
[    0.116711] acpi PNP0A08:00: _OSC: OS supports [ExtendedConfig ASPM ClockPM Segments MSI]
[    0.120088] acpi PNP0A08:00: _OSC: OS now controls [PCIeHotplug PME AER PCIeCapability]
[    0.120089] acpi PNP0A08:00: FADT indicates ASPM is unsupported, using BIOS configuration
[    0.120103] arch/x86/pci/acpi.c 335 pci_acpi_scan_root -- functionpoint
[    0.120103] drivers/pci/search.c 144 pci_find_bus -- functionpoint
[    0.120106] drivers/pci/search.c 145 pci_find_bus functionpoint -- domain_num = 0, bus_num = 0
[    0.120109] drivers/pci/search.c 176 pci_find_next_bus -- functionpoint
[    0.120110] drivers/pci/search.c 157 pci_find_bus not found bus -- functionpoint
[    0.120123] drivers/acpi/pci_root.c 881 acpi_pci_root_create -- functionpoint
[    0.120505] drivers/pci/probe.c 2643 pci_create_root_bus -- functionpoint
[    0.120507] drivers/pci/probe.c 533 pci_alloc_host_bridge -- functionpoint
[    0.120509] drivers/pci/probe.c 765 pci_register_host_bridge -- functionpoint
[    0.120511] drivers/pci/search.c 144 pci_find_bus -- functionpoint
[    0.120512] drivers/pci/search.c 145 pci_find_bus functionpoint -- domain_num = 0, bus_num = 0
[    0.120515] drivers/pci/search.c 176 pci_find_next_bus -- functionpoint
[    0.120516] drivers/pci/search.c 157 pci_find_bus not found bus -- functionpoint
[    0.121580] drivers/pci/probe.c 2009 pci_bus_read_dev_vendor_id -- functionpoint
[    0.121595] drivers/pci/probe.c 2009 pci_bus_read_dev_vendor_id -- functionpoint
[    0.121610] drivers/pci/probe.c 2009 pci_bus_read_dev_vendor_id -- functionpoint
[    0.121633] drivers/pci/probe.c 2009 pci_bus_read_dev_vendor_id -- functionpoint
[    0.121644] drivers/pci/probe.c 2009 pci_bus_read_dev_vendor_id -- functionpoint
[    0.121659] drivers/pci/probe.c 2009 pci_bus_read_dev_vendor_id -- functionpoint
[    0.121667] drivers/pci/probe.c 2009 pci_bus_read_dev_vendor_id -- functionpoint
[    0.121680] drivers/pci/probe.c 2009 pci_bus_read_dev_vendor_id -- functionpoint
[    0.121694] drivers/pci/probe.c 2009 pci_bus_read_dev_vendor_id -- functionpoint
[    0.121700] drivers/pci/probe.c 2009 pci_bus_read_dev_vendor_id -- functionpoint
[    0.121711] drivers/pci/probe.c 2009 pci_bus_read_dev_vendor_id -- functionpoint
[    0.121760] drivers/pci/probe.c 2009 pci_bus_read_dev_vendor_id -- functionpoint
[    0.121812] drivers/pci/probe.c 2009 pci_bus_read_dev_vendor_id -- functionpoint
[    0.121865] drivers/pci/probe.c 2009 pci_bus_read_dev_vendor_id -- functionpoint
[    0.121918] drivers/pci/probe.c 2009 pci_bus_read_dev_vendor_id -- functionpoint
[    0.121970] drivers/pci/probe.c 2009 pci_bus_read_dev_vendor_id -- functionpoint
[    0.122023] drivers/pci/probe.c 2009 pci_bus_read_dev_vendor_id -- functionpoint
[    0.122076] drivers/pci/probe.c 2009 pci_bus_read_dev_vendor_id -- functionpoint
[    0.122124] drivers/pci/probe.c 2009 pci_bus_read_dev_vendor_id -- functionpoint
[    0.122178] drivers/pci/probe.c 2009 pci_bus_read_dev_vendor_id -- functionpoint
[    0.122229] drivers/pci/probe.c 2009 pci_bus_read_dev_vendor_id -- functionpoint
[    0.122281] drivers/pci/probe.c 2009 pci_bus_read_dev_vendor_id -- functionpoint
[    0.122334] drivers/pci/probe.c 2009 pci_bus_read_dev_vendor_id -- functionpoint
[    0.122387] drivers/pci/probe.c 2009 pci_bus_read_dev_vendor_id -- functionpoint
[    0.122439] drivers/pci/probe.c 2009 pci_bus_read_dev_vendor_id -- functionpoint
[    0.122492] drivers/pci/probe.c 2009 pci_bus_read_dev_vendor_id -- functionpoint
[    0.122544] drivers/pci/probe.c 2009 pci_bus_read_dev_vendor_id -- functionpoint
[    0.122599] drivers/pci/probe.c 2009 pci_bus_read_dev_vendor_id -- functionpoint
[    0.122651] drivers/pci/probe.c 2009 pci_bus_read_dev_vendor_id -- functionpoint
[    0.122704] drivers/pci/probe.c 2009 pci_bus_read_dev_vendor_id -- functionpoint
[    0.122757] drivers/pci/probe.c 2009 pci_bus_read_dev_vendor_id -- functionpoint
[    0.122810] drivers/pci/probe.c 2009 pci_bus_read_dev_vendor_id -- functionpoint
[    0.122860] drivers/pci/probe.c 2009 pci_bus_read_dev_vendor_id -- functionpoint
[    0.122913] drivers/pci/probe.c 2009 pci_bus_read_dev_vendor_id -- functionpoint
[    0.122966] drivers/pci/probe.c 2009 pci_bus_read_dev_vendor_id -- functionpoint
[    0.122982] drivers/pci/probe.c 2009 pci_bus_read_dev_vendor_id -- functionpoint
[    0.122999] drivers/pci/probe.c 2009 pci_bus_read_dev_vendor_id -- functionpoint
[    0.123014] drivers/pci/probe.c 2009 pci_bus_read_dev_vendor_id -- functionpoint
[    0.123025] drivers/pci/probe.c 2009 pci_bus_read_dev_vendor_id -- functionpoint
[    0.123039] drivers/pci/probe.c 2009 pci_bus_read_dev_vendor_id -- functionpoint
[    0.123044] drivers/pci/probe.c 2009 pci_bus_read_dev_vendor_id -- functionpoint
[    0.123051] drivers/pci/probe.c 2009 pci_bus_read_dev_vendor_id -- functionpoint
[    0.123059] PCI host bridge to bus 0000:00
[    0.123062] pci_bus 0000:00: root bus resource [io  0x0000-0x0cf7 window]
[    0.123064] pci_bus 0000:00: root bus resource [io  0x0d00-0xffff window]
[    0.123065] pci_bus 0000:00: root bus resource [mem 0x000a0000-0x000bffff window]
[    0.123066] pci_bus 0000:00: root bus resource [mem 0xd4800000-0xf7ffffff window]
[    0.123067] pci_bus 0000:00: root bus resource [mem 0x4000000000-0x7fffffffff window]
[    0.123068] pci_bus 0000:00: root bus resource [mem 0xfc800000-0xfe7fffff window]
[    0.123069] pci_bus 0000:00: root bus resource [bus 00-3e]
[    0.123070] drivers/pci/probe.c 2497 pci_scan_child_bus_extend -- functionpoint
[    0.123071] pci_bus 0000:00: drivers/pci/probe.c 2501 pci_scan_child_bus_extend-- functionpoint -- scanning bus
[    0.123074] drivers/pci/probe.c 2281 pci_scan_slot -- functionpoint
[    0.123075] drivers/pci/probe.c 2196 pci_scan_single_device -- functionpoint
[    0.123076] drivers/pci/search.c 206 pci_get_slot -- functionpoint
[    0.123078] drivers/pci/probe.c 2035 pci_scan_device -- functionpoint
[    0.123080] drivers/pci/probe.c 2009 pci_bus_read_dev_vendor_id -- functionpoint
[    0.123082] drivers/pci/probe.c 2048 pci_scan_device -- functionpoint -- dev_vendor: 8086, dev_device: 3e30
[    0.123086] drivers/pci/probe.c 1453 pci_setup_device -- functionpoint
[    0.123091] pci 0000:00:00.0: [8086:3e30] type 00 class 0x060000
[    0.123094] pci 0000:00:00.0: drivers/pci/probe.c 1482 pci_setup_device functionpoint -- [8086:3e30] type 00 class 0x060000
[    0.123108] drivers/pci/probe.c 1513 pci_setup_device  switch case PCI_HEADER_TYPE_NORMAL -- functionpoint
[    0.123120] drivers/pci/probe.c 2145 pci_device_add -- functionpoint
[    0.124136] drivers/pci/probe.c 2288 pci_scan_slot -- functionpoint -- fn = 0, devfn = 0, fn+devfn = 0
[    0.124140] drivers/pci/probe.c 2220 next_fn -- functionpoint
[    0.124140] drivers/pci/probe.c 2281 pci_scan_slot -- functionpoint
[    0.124142] drivers/pci/probe.c 2196 pci_scan_single_device -- functionpoint
[    0.124143] drivers/pci/search.c 206 pci_get_slot -- functionpoint
[    0.124145] drivers/pci/probe.c 2035 pci_scan_device -- functionpoint
[    0.124146] drivers/pci/probe.c 2009 pci_bus_read_dev_vendor_id -- functionpoint
[    0.124158] drivers/pci/probe.c 2288 pci_scan_slot -- functionpoint -- fn = 0, devfn = 8, fn+devfn = 8
[    0.124161] drivers/pci/probe.c 2281 pci_scan_slot -- functionpoint
[    0.124161] drivers/pci/probe.c 2196 pci_scan_single_device -- functionpoint
[    0.124163] drivers/pci/search.c 206 pci_get_slot -- functionpoint
[    0.124165] drivers/pci/probe.c 2035 pci_scan_device -- functionpoint
[    0.124166] drivers/pci/probe.c 2009 pci_bus_read_dev_vendor_id -- functionpoint
[    0.124168] drivers/pci/probe.c 2048 pci_scan_device -- functionpoint -- dev_vendor: 8086, dev_device: 3e98
[    0.124172] drivers/pci/probe.c 1453 pci_setup_device -- functionpoint
[    0.124177] pci 0000:00:02.0: [8086:3e98] type 00 class 0x030000
[    0.124180] pci 0000:00:02.0: drivers/pci/probe.c 1482 pci_setup_device functionpoint -- [8086:3e98] type 00 class 0x030000
[    0.124185] drivers/pci/probe.c 1513 pci_setup_device  switch case PCI_HEADER_TYPE_NORMAL -- functionpoint
[    0.124191] pci 0000:00:02.0: reg 0x10: [mem 0xf0000000-0xf0ffffff 64bit]
[    0.124197] pci 0000:00:02.0: reg 0x18: [mem 0xe0000000-0xefffffff 64bit pref]
[    0.124201] pci 0000:00:02.0: reg 0x20: [io  0x4000-0x403f]
[    0.124206] drivers/pci/probe.c 2145 pci_device_add -- functionpoint
[    0.124213] pci 0000:00:02.0: BAR 2: assigned to efifb
[    0.125247] drivers/pci/probe.c 2288 pci_scan_slot -- functionpoint -- fn = 0, devfn = 16, fn+devfn = 16
[    0.125249] drivers/pci/probe.c 2220 next_fn -- functionpoint
[    0.125250] drivers/pci/probe.c 2281 pci_scan_slot -- functionpoint
[    0.125251] drivers/pci/probe.c 2196 pci_scan_single_device -- functionpoint
[    0.125253] drivers/pci/search.c 206 pci_get_slot -- functionpoint
[    0.125255] drivers/pci/probe.c 2035 pci_scan_device -- functionpoint
[    0.125256] drivers/pci/probe.c 2009 pci_bus_read_dev_vendor_id -- functionpoint
[    0.125268] drivers/pci/probe.c 2288 pci_scan_slot -- functionpoint -- fn = 0, devfn = 24, fn+devfn = 24
[    0.125271] drivers/pci/probe.c 2281 pci_scan_slot -- functionpoint
[    0.125271] drivers/pci/probe.c 2196 pci_scan_single_device -- functionpoint
[    0.125273] drivers/pci/search.c 206 pci_get_slot -- functionpoint
[    0.125274] drivers/pci/probe.c 2035 pci_scan_device -- functionpoint
[    0.125276] drivers/pci/probe.c 2009 pci_bus_read_dev_vendor_id -- functionpoint
[    0.125293] drivers/pci/probe.c 2288 pci_scan_slot -- functionpoint -- fn = 0, devfn = 32, fn+devfn = 32
[    0.125296] drivers/pci/probe.c 2281 pci_scan_slot -- functionpoint
[    0.125297] drivers/pci/probe.c 2196 pci_scan_single_device -- functionpoint
[    0.125298] drivers/pci/search.c 206 pci_get_slot -- functionpoint
[    0.125300] drivers/pci/probe.c 2035 pci_scan_device -- functionpoint
[    0.125301] drivers/pci/probe.c 2009 pci_bus_read_dev_vendor_id -- functionpoint
[    0.125318] drivers/pci/probe.c 2288 pci_scan_slot -- functionpoint -- fn = 0, devfn = 40, fn+devfn = 40
[    0.125322] drivers/pci/probe.c 2281 pci_scan_slot -- functionpoint
[    0.125322] drivers/pci/probe.c 2196 pci_scan_single_device -- functionpoint
[    0.125324] drivers/pci/search.c 206 pci_get_slot -- functionpoint
[    0.125325] drivers/pci/probe.c 2035 pci_scan_device -- functionpoint
[    0.125327] drivers/pci/probe.c 2009 pci_bus_read_dev_vendor_id -- functionpoint
[    0.125343] drivers/pci/probe.c 2288 pci_scan_slot -- functionpoint -- fn = 0, devfn = 48, fn+devfn = 48
[    0.125346] drivers/pci/probe.c 2281 pci_scan_slot -- functionpoint
[    0.125347] drivers/pci/probe.c 2196 pci_scan_single_device -- functionpoint
[    0.125348] drivers/pci/search.c 206 pci_get_slot -- functionpoint
[    0.125350] drivers/pci/probe.c 2035 pci_scan_device -- functionpoint
[    0.125351] drivers/pci/probe.c 2009 pci_bus_read_dev_vendor_id -- functionpoint
[    0.125368] drivers/pci/probe.c 2288 pci_scan_slot -- functionpoint -- fn = 0, devfn = 56, fn+devfn = 56
[    0.125372] drivers/pci/probe.c 2281 pci_scan_slot -- functionpoint
[    0.125372] drivers/pci/probe.c 2196 pci_scan_single_device -- functionpoint
[    0.125373] drivers/pci/search.c 206 pci_get_slot -- functionpoint
[    0.125375] drivers/pci/probe.c 2035 pci_scan_device -- functionpoint
[    0.125376] drivers/pci/probe.c 2009 pci_bus_read_dev_vendor_id -- functionpoint
[    0.125393] drivers/pci/probe.c 2288 pci_scan_slot -- functionpoint -- fn = 0, devfn = 64, fn+devfn = 64
[    0.125397] drivers/pci/probe.c 2281 pci_scan_slot -- functionpoint
[    0.125397] drivers/pci/probe.c 2196 pci_scan_single_device -- functionpoint
[    0.125398] drivers/pci/search.c 206 pci_get_slot -- functionpoint
[    0.125400] drivers/pci/probe.c 2035 pci_scan_device -- functionpoint
[    0.125401] drivers/pci/probe.c 2009 pci_bus_read_dev_vendor_id -- functionpoint
[    0.125418] drivers/pci/probe.c 2288 pci_scan_slot -- functionpoint -- fn = 0, devfn = 72, fn+devfn = 72
[    0.125422] drivers/pci/probe.c 2281 pci_scan_slot -- functionpoint
[    0.125422] drivers/pci/probe.c 2196 pci_scan_single_device -- functionpoint
[    0.125423] drivers/pci/search.c 206 pci_get_slot -- functionpoint
[    0.125425] drivers/pci/probe.c 2035 pci_scan_device -- functionpoint
[    0.125427] drivers/pci/probe.c 2009 pci_bus_read_dev_vendor_id -- functionpoint
[    0.125443] drivers/pci/probe.c 2288 pci_scan_slot -- functionpoint -- fn = 0, devfn = 80, fn+devfn = 80
[    0.125447] drivers/pci/probe.c 2281 pci_scan_slot -- functionpoint
[    0.125447] drivers/pci/probe.c 2196 pci_scan_single_device -- functionpoint
[    0.125448] drivers/pci/search.c 206 pci_get_slot -- functionpoint
[    0.125450] drivers/pci/probe.c 2035 pci_scan_device -- functionpoint
[    0.125452] drivers/pci/probe.c 2009 pci_bus_read_dev_vendor_id -- functionpoint
[    0.125468] drivers/pci/probe.c 2288 pci_scan_slot -- functionpoint -- fn = 0, devfn = 88, fn+devfn = 88
[    0.125472] drivers/pci/probe.c 2281 pci_scan_slot -- functionpoint
[    0.125472] drivers/pci/probe.c 2196 pci_scan_single_device -- functionpoint
[    0.125474] drivers/pci/search.c 206 pci_get_slot -- functionpoint
[    0.125475] drivers/pci/probe.c 2035 pci_scan_device -- functionpoint
[    0.125477] drivers/pci/probe.c 2009 pci_bus_read_dev_vendor_id -- functionpoint
[    0.125493] drivers/pci/probe.c 2288 pci_scan_slot -- functionpoint -- fn = 0, devfn = 96, fn+devfn = 96
[    0.125497] drivers/pci/probe.c 2281 pci_scan_slot -- functionpoint
[    0.125497] drivers/pci/probe.c 2196 pci_scan_single_device -- functionpoint
[    0.125499] drivers/pci/search.c 206 pci_get_slot -- functionpoint
[    0.125500] drivers/pci/probe.c 2035 pci_scan_device -- functionpoint
[    0.125502] drivers/pci/probe.c 2009 pci_bus_read_dev_vendor_id -- functionpoint
[    0.125519] drivers/pci/probe.c 2288 pci_scan_slot -- functionpoint -- fn = 0, devfn = 104, fn+devfn = 104
[    0.125522] drivers/pci/probe.c 2281 pci_scan_slot -- functionpoint
[    0.125522] drivers/pci/probe.c 2196 pci_scan_single_device -- functionpoint
[    0.125524] drivers/pci/search.c 206 pci_get_slot -- functionpoint
[    0.125525] drivers/pci/probe.c 2035 pci_scan_device -- functionpoint
[    0.125527] drivers/pci/probe.c 2009 pci_bus_read_dev_vendor_id -- functionpoint
[    0.125544] drivers/pci/probe.c 2288 pci_scan_slot -- functionpoint -- fn = 0, devfn = 112, fn+devfn = 112
[    0.125547] drivers/pci/probe.c 2281 pci_scan_slot -- functionpoint
[    0.125547] drivers/pci/probe.c 2196 pci_scan_single_device -- functionpoint
[    0.125549] drivers/pci/search.c 206 pci_get_slot -- functionpoint
[    0.125550] drivers/pci/probe.c 2035 pci_scan_device -- functionpoint
[    0.125552] drivers/pci/probe.c 2009 pci_bus_read_dev_vendor_id -- functionpoint
[    0.125569] drivers/pci/probe.c 2288 pci_scan_slot -- functionpoint -- fn = 0, devfn = 120, fn+devfn = 120
[    0.125572] drivers/pci/probe.c 2281 pci_scan_slot -- functionpoint
[    0.125572] drivers/pci/probe.c 2196 pci_scan_single_device -- functionpoint
[    0.125574] drivers/pci/search.c 206 pci_get_slot -- functionpoint
[    0.125575] drivers/pci/probe.c 2035 pci_scan_device -- functionpoint
[    0.125577] drivers/pci/probe.c 2009 pci_bus_read_dev_vendor_id -- functionpoint
[    0.125594] drivers/pci/probe.c 2288 pci_scan_slot -- functionpoint -- fn = 0, devfn = 128, fn+devfn = 128
[    0.125597] drivers/pci/probe.c 2281 pci_scan_slot -- functionpoint
[    0.125597] drivers/pci/probe.c 2196 pci_scan_single_device -- functionpoint
[    0.125599] drivers/pci/search.c 206 pci_get_slot -- functionpoint
[    0.125600] drivers/pci/probe.c 2035 pci_scan_device -- functionpoint
[    0.125602] drivers/pci/probe.c 2009 pci_bus_read_dev_vendor_id -- functionpoint
[    0.125619] drivers/pci/probe.c 2288 pci_scan_slot -- functionpoint -- fn = 0, devfn = 136, fn+devfn = 136
[    0.125622] drivers/pci/probe.c 2281 pci_scan_slot -- functionpoint
[    0.125622] drivers/pci/probe.c 2196 pci_scan_single_device -- functionpoint
[    0.125624] drivers/pci/search.c 206 pci_get_slot -- functionpoint
[    0.125625] drivers/pci/probe.c 2035 pci_scan_device -- functionpoint
[    0.125627] drivers/pci/probe.c 2009 pci_bus_read_dev_vendor_id -- functionpoint
[    0.125632] drivers/pci/probe.c 2048 pci_scan_device -- functionpoint -- dev_vendor: 8086, dev_device: a379
[    0.125635] drivers/pci/probe.c 1453 pci_setup_device -- functionpoint
[    0.125647] pci 0000:00:12.0: [8086:a379] type 00 class 0x118000
[    0.125649] pci 0000:00:12.0: drivers/pci/probe.c 1482 pci_setup_device functionpoint -- [8086:a379] type 00 class 0x118000
[    0.125664] drivers/pci/probe.c 1513 pci_setup_device  switch case PCI_HEADER_TYPE_NORMAL -- functionpoint
[    0.125683] pci 0000:00:12.0: reg 0x10: [mem 0x4000107000-0x4000107fff 64bit]
[    0.125724] drivers/pci/probe.c 2145 pci_device_add -- functionpoint
[    0.126768] drivers/pci/probe.c 2288 pci_scan_slot -- functionpoint -- fn = 0, devfn = 144, fn+devfn = 144
[    0.126772] drivers/pci/probe.c 2220 next_fn -- functionpoint
[    0.126772] drivers/pci/probe.c 2196 pci_scan_single_device -- functionpoint
[    0.126774] drivers/pci/search.c 206 pci_get_slot -- functionpoint
[    0.126775] drivers/pci/probe.c 2035 pci_scan_device -- functionpoint
[    0.126777] drivers/pci/probe.c 2009 pci_bus_read_dev_vendor_id -- functionpoint
[    0.126788] drivers/pci/probe.c 2298 pci_scan_slot -- functionpoint -- fn = 1, devfn = 144, fn+devfn = 145
[    0.126792] drivers/pci/probe.c 2220 next_fn -- functionpoint
[    0.126792] drivers/pci/probe.c 2196 pci_scan_single_device -- functionpoint
[    0.126794] drivers/pci/search.c 206 pci_get_slot -- functionpoint
[    0.126795] drivers/pci/probe.c 2035 pci_scan_device -- functionpoint
[    0.126797] drivers/pci/probe.c 2009 pci_bus_read_dev_vendor_id -- functionpoint
[    0.126814] drivers/pci/probe.c 2298 pci_scan_slot -- functionpoint -- fn = 2, devfn = 144, fn+devfn = 146
[    0.126817] drivers/pci/probe.c 2220 next_fn -- functionpoint
[    0.126817] drivers/pci/probe.c 2196 pci_scan_single_device -- functionpoint
[    0.126819] drivers/pci/search.c 206 pci_get_slot -- functionpoint
[    0.126820] drivers/pci/probe.c 2035 pci_scan_device -- functionpoint
[    0.126822] drivers/pci/probe.c 2009 pci_bus_read_dev_vendor_id -- functionpoint
[    0.126839] drivers/pci/probe.c 2298 pci_scan_slot -- functionpoint -- fn = 3, devfn = 144, fn+devfn = 147
[    0.126842] drivers/pci/probe.c 2220 next_fn -- functionpoint
[    0.126842] drivers/pci/probe.c 2196 pci_scan_single_device -- functionpoint
[    0.126844] drivers/pci/search.c 206 pci_get_slot -- functionpoint
[    0.126845] drivers/pci/probe.c 2035 pci_scan_device -- functionpoint
[    0.126847] drivers/pci/probe.c 2009 pci_bus_read_dev_vendor_id -- functionpoint
[    0.126855] drivers/pci/probe.c 2298 pci_scan_slot -- functionpoint -- fn = 4, devfn = 144, fn+devfn = 148
[    0.126859] drivers/pci/probe.c 2220 next_fn -- functionpoint
[    0.126859] drivers/pci/probe.c 2196 pci_scan_single_device -- functionpoint
[    0.126860] drivers/pci/search.c 206 pci_get_slot -- functionpoint
[    0.126862] drivers/pci/probe.c 2035 pci_scan_device -- functionpoint
[    0.126864] drivers/pci/probe.c 2009 pci_bus_read_dev_vendor_id -- functionpoint
[    0.126880] drivers/pci/probe.c 2298 pci_scan_slot -- functionpoint -- fn = 5, devfn = 144, fn+devfn = 149
[    0.126884] drivers/pci/probe.c 2220 next_fn -- functionpoint
[    0.126884] drivers/pci/probe.c 2196 pci_scan_single_device -- functionpoint
[    0.126885] drivers/pci/search.c 206 pci_get_slot -- functionpoint
[    0.126887] drivers/pci/probe.c 2035 pci_scan_device -- functionpoint
[    0.126889] drivers/pci/probe.c 2009 pci_bus_read_dev_vendor_id -- functionpoint
[    0.126892] drivers/pci/probe.c 2298 pci_scan_slot -- functionpoint -- fn = 6, devfn = 144, fn+devfn = 150
[    0.126895] drivers/pci/probe.c 2220 next_fn -- functionpoint
[    0.126895] drivers/pci/probe.c 2196 pci_scan_single_device -- functionpoint
[    0.126897] drivers/pci/search.c 206 pci_get_slot -- functionpoint
[    0.126898] drivers/pci/probe.c 2035 pci_scan_device -- functionpoint
[    0.126900] drivers/pci/probe.c 2009 pci_bus_read_dev_vendor_id -- functionpoint
[    0.126918] drivers/pci/probe.c 2298 pci_scan_slot -- functionpoint -- fn = 7, devfn = 144, fn+devfn = 151
[    0.126921] drivers/pci/probe.c 2220 next_fn -- functionpoint
[    0.126922] drivers/pci/probe.c 2281 pci_scan_slot -- functionpoint
[    0.126923] drivers/pci/probe.c 2196 pci_scan_single_device -- functionpoint
[    0.126925] drivers/pci/search.c 206 pci_get_slot -- functionpoint
[    0.126926] drivers/pci/probe.c 2035 pci_scan_device -- functionpoint
[    0.126928] drivers/pci/probe.c 2009 pci_bus_read_dev_vendor_id -- functionpoint
[    0.126931] drivers/pci/probe.c 2288 pci_scan_slot -- functionpoint -- fn = 0, devfn = 152, fn+devfn = 152
[    0.126934] drivers/pci/probe.c 2281 pci_scan_slot -- functionpoint
[    0.126935] drivers/pci/probe.c 2196 pci_scan_single_device -- functionpoint
[    0.126936] drivers/pci/search.c 206 pci_get_slot -- functionpoint
[    0.126938] drivers/pci/probe.c 2035 pci_scan_device -- functionpoint
[    0.126939] drivers/pci/probe.c 2009 pci_bus_read_dev_vendor_id -- functionpoint
[    0.126942] drivers/pci/probe.c 2048 pci_scan_device -- functionpoint -- dev_vendor: 8086, dev_device: a36d
[    0.126946] drivers/pci/probe.c 1453 pci_setup_device -- functionpoint
[    0.126958] pci 0000:00:14.0: [8086:a36d] type 00 class 0x0c0330
[    0.126961] pci 0000:00:14.0: drivers/pci/probe.c 1482 pci_setup_device functionpoint -- [8086:a36d] type 00 class 0x0c0330
[    0.126976] drivers/pci/probe.c 1513 pci_setup_device  switch case PCI_HEADER_TYPE_NORMAL -- functionpoint
[    0.126997] pci 0000:00:14.0: reg 0x10: [mem 0xf1220000-0xf122ffff 64bit]
[    0.127053] drivers/pci/probe.c 2145 pci_device_add -- functionpoint
[    0.127102] pci 0000:00:14.0: PME# supported from D3hot D3cold
[    0.128185] drivers/pci/probe.c 2288 pci_scan_slot -- functionpoint -- fn = 0, devfn = 160, fn+devfn = 160
[    0.128187] drivers/pci/probe.c 2220 next_fn -- functionpoint
[    0.128188] drivers/pci/probe.c 2196 pci_scan_single_device -- functionpoint
[    0.128189] drivers/pci/search.c 206 pci_get_slot -- functionpoint
[    0.128191] drivers/pci/probe.c 2035 pci_scan_device -- functionpoint
[    0.128193] drivers/pci/probe.c 2009 pci_bus_read_dev_vendor_id -- functionpoint
[    0.128201] drivers/pci/probe.c 2298 pci_scan_slot -- functionpoint -- fn = 1, devfn = 160, fn+devfn = 161
[    0.128205] drivers/pci/probe.c 2220 next_fn -- functionpoint
[    0.128205] drivers/pci/probe.c 2196 pci_scan_single_device -- functionpoint
[    0.128207] drivers/pci/search.c 206 pci_get_slot -- functionpoint
[    0.128208] drivers/pci/probe.c 2035 pci_scan_device -- functionpoint
[    0.128210] drivers/pci/probe.c 2009 pci_bus_read_dev_vendor_id -- functionpoint
[    0.128222] drivers/pci/probe.c 2048 pci_scan_device -- functionpoint -- dev_vendor: 8086, dev_device: a36f
[    0.128225] drivers/pci/probe.c 1453 pci_setup_device -- functionpoint
[    0.128235] pci 0000:00:14.2: [8086:a36f] type 00 class 0x050000
[    0.128238] pci 0000:00:14.2: drivers/pci/probe.c 1482 pci_setup_device functionpoint -- [8086:a36f] type 00 class 0x050000
[    0.128250] drivers/pci/probe.c 1513 pci_setup_device  switch case PCI_HEADER_TYPE_NORMAL -- functionpoint
[    0.128266] pci 0000:00:14.2: reg 0x10: [mem 0xf1232000-0xf1233fff 64bit]
[    0.128282] pci 0000:00:14.2: reg 0x18: [mem 0x4000106000-0x4000106fff 64bit]
[    0.128307] drivers/pci/probe.c 2145 pci_device_add -- functionpoint
[    0.129343] drivers/pci/probe.c 2298 pci_scan_slot -- functionpoint -- fn = 2, devfn = 160, fn+devfn = 162
[    0.129347] drivers/pci/probe.c 2220 next_fn -- functionpoint
[    0.129347] drivers/pci/probe.c 2196 pci_scan_single_device -- functionpoint
[    0.129349] drivers/pci/search.c 206 pci_get_slot -- functionpoint
[    0.129350] drivers/pci/probe.c 2035 pci_scan_device -- functionpoint
[    0.129352] drivers/pci/probe.c 2009 pci_bus_read_dev_vendor_id -- functionpoint
[    0.129358] drivers/pci/probe.c 2298 pci_scan_slot -- functionpoint -- fn = 3, devfn = 160, fn+devfn = 163
[    0.129361] drivers/pci/probe.c 2220 next_fn -- functionpoint
[    0.129361] drivers/pci/probe.c 2196 pci_scan_single_device -- functionpoint
[    0.129363] drivers/pci/search.c 206 pci_get_slot -- functionpoint
[    0.129365] drivers/pci/probe.c 2035 pci_scan_device -- functionpoint
[    0.129366] drivers/pci/probe.c 2009 pci_bus_read_dev_vendor_id -- functionpoint
[    0.129385] drivers/pci/probe.c 2298 pci_scan_slot -- functionpoint -- fn = 4, devfn = 160, fn+devfn = 164
[    0.129388] drivers/pci/probe.c 2220 next_fn -- functionpoint
[    0.129388] drivers/pci/probe.c 2196 pci_scan_single_device -- functionpoint
[    0.129390] drivers/pci/search.c 206 pci_get_slot -- functionpoint
[    0.129391] drivers/pci/probe.c 2035 pci_scan_device -- functionpoint
[    0.129393] drivers/pci/probe.c 2009 pci_bus_read_dev_vendor_id -- functionpoint
[    0.129410] drivers/pci/probe.c 2298 pci_scan_slot -- functionpoint -- fn = 5, devfn = 160, fn+devfn = 165
[    0.129413] drivers/pci/probe.c 2220 next_fn -- functionpoint
[    0.129413] drivers/pci/probe.c 2196 pci_scan_single_device -- functionpoint
[    0.129415] drivers/pci/search.c 206 pci_get_slot -- functionpoint
[    0.129417] drivers/pci/probe.c 2035 pci_scan_device -- functionpoint
[    0.129418] drivers/pci/probe.c 2009 pci_bus_read_dev_vendor_id -- functionpoint
[    0.129435] drivers/pci/probe.c 2298 pci_scan_slot -- functionpoint -- fn = 6, devfn = 160, fn+devfn = 166
[    0.129438] drivers/pci/probe.c 2220 next_fn -- functionpoint
[    0.129438] drivers/pci/probe.c 2196 pci_scan_single_device -- functionpoint
[    0.129440] drivers/pci/search.c 206 pci_get_slot -- functionpoint
[    0.129441] drivers/pci/probe.c 2035 pci_scan_device -- functionpoint
[    0.129443] drivers/pci/probe.c 2009 pci_bus_read_dev_vendor_id -- functionpoint
[    0.129460] drivers/pci/probe.c 2298 pci_scan_slot -- functionpoint -- fn = 7, devfn = 160, fn+devfn = 167
[    0.129463] drivers/pci/probe.c 2220 next_fn -- functionpoint
[    0.129464] drivers/pci/probe.c 2281 pci_scan_slot -- functionpoint
[    0.129465] drivers/pci/probe.c 2196 pci_scan_single_device -- functionpoint
[    0.129467] drivers/pci/search.c 206 pci_get_slot -- functionpoint
[    0.129468] drivers/pci/probe.c 2035 pci_scan_device -- functionpoint
[    0.129470] drivers/pci/probe.c 2009 pci_bus_read_dev_vendor_id -- functionpoint
[    0.129479] drivers/pci/probe.c 2288 pci_scan_slot -- functionpoint -- fn = 0, devfn = 168, fn+devfn = 168
[    0.129483] drivers/pci/probe.c 2281 pci_scan_slot -- functionpoint
[    0.129483] drivers/pci/probe.c 2196 pci_scan_single_device -- functionpoint
[    0.129485] drivers/pci/search.c 206 pci_get_slot -- functionpoint
[    0.129486] drivers/pci/probe.c 2035 pci_scan_device -- functionpoint
[    0.129488] drivers/pci/probe.c 2009 pci_bus_read_dev_vendor_id -- functionpoint
[    0.129498] drivers/pci/probe.c 2048 pci_scan_device -- functionpoint -- dev_vendor: 8086, dev_device: a360
[    0.129501] drivers/pci/probe.c 1453 pci_setup_device -- functionpoint
[    0.129514] pci 0000:00:16.0: [8086:a360] type 00 class 0x078000
[    0.129516] pci 0000:00:16.0: drivers/pci/probe.c 1482 pci_setup_device functionpoint -- [8086:a360] type 00 class 0x078000
[    0.129532] drivers/pci/probe.c 1513 pci_setup_device  switch case PCI_HEADER_TYPE_NORMAL -- functionpoint
[    0.129549] pci 0000:00:16.0: reg 0x10: [mem 0x4000105000-0x4000105fff 64bit]
[    0.129591] drivers/pci/probe.c 2145 pci_device_add -- functionpoint
[    0.129640] pci 0000:00:16.0: PME# supported from D3hot
[    0.130708] drivers/pci/probe.c 2288 pci_scan_slot -- functionpoint -- fn = 0, devfn = 176, fn+devfn = 176
[    0.130710] drivers/pci/probe.c 2220 next_fn -- functionpoint
[    0.130711] drivers/pci/probe.c 2196 pci_scan_single_device -- functionpoint
[    0.130712] drivers/pci/search.c 206 pci_get_slot -- functionpoint
[    0.130714] drivers/pci/probe.c 2035 pci_scan_device -- functionpoint
[    0.130715] drivers/pci/probe.c 2009 pci_bus_read_dev_vendor_id -- functionpoint
[    0.130727] drivers/pci/probe.c 2298 pci_scan_slot -- functionpoint -- fn = 1, devfn = 176, fn+devfn = 177
[    0.130730] drivers/pci/probe.c 2220 next_fn -- functionpoint
[    0.130730] drivers/pci/probe.c 2196 pci_scan_single_device -- functionpoint
[    0.130732] drivers/pci/search.c 206 pci_get_slot -- functionpoint
[    0.130733] drivers/pci/probe.c 2035 pci_scan_device -- functionpoint
[    0.130735] drivers/pci/probe.c 2009 pci_bus_read_dev_vendor_id -- functionpoint
[    0.130752] drivers/pci/probe.c 2298 pci_scan_slot -- functionpoint -- fn = 2, devfn = 176, fn+devfn = 178
[    0.130756] drivers/pci/probe.c 2220 next_fn -- functionpoint
[    0.130756] drivers/pci/probe.c 2196 pci_scan_single_device -- functionpoint
[    0.130757] drivers/pci/search.c 206 pci_get_slot -- functionpoint
[    0.130759] drivers/pci/probe.c 2035 pci_scan_device -- functionpoint
[    0.130760] drivers/pci/probe.c 2009 pci_bus_read_dev_vendor_id -- functionpoint
[    0.130771] drivers/pci/probe.c 2048 pci_scan_device -- functionpoint -- dev_vendor: 8086, dev_device: a363
[    0.130774] drivers/pci/probe.c 1453 pci_setup_device -- functionpoint
[    0.130786] pci 0000:00:16.3: [8086:a363] type 00 class 0x070002
[    0.130788] pci 0000:00:16.3: drivers/pci/probe.c 1482 pci_setup_device functionpoint -- [8086:a363] type 00 class 0x070002
[    0.130802] drivers/pci/probe.c 1513 pci_setup_device  switch case PCI_HEADER_TYPE_NORMAL -- functionpoint
[    0.130814] pci 0000:00:16.3: reg 0x10: [io  0x4088-0x408f]
[    0.130824] pci 0000:00:16.3: reg 0x14: [mem 0xf1237000-0xf1237fff]
[    0.130864] drivers/pci/probe.c 2145 pci_device_add -- functionpoint
[    0.131908] drivers/pci/probe.c 2298 pci_scan_slot -- functionpoint -- fn = 3, devfn = 176, fn+devfn = 179
[    0.131912] drivers/pci/probe.c 2220 next_fn -- functionpoint
[    0.131912] drivers/pci/probe.c 2196 pci_scan_single_device -- functionpoint
[    0.131914] drivers/pci/search.c 206 pci_get_slot -- functionpoint
[    0.131915] drivers/pci/probe.c 2035 pci_scan_device -- functionpoint
[    0.131917] drivers/pci/probe.c 2009 pci_bus_read_dev_vendor_id -- functionpoint
[    0.131928] drivers/pci/probe.c 2298 pci_scan_slot -- functionpoint -- fn = 4, devfn = 176, fn+devfn = 180
[    0.131932] drivers/pci/probe.c 2220 next_fn -- functionpoint
[    0.131932] drivers/pci/probe.c 2196 pci_scan_single_device -- functionpoint
[    0.131933] drivers/pci/search.c 206 pci_get_slot -- functionpoint
[    0.131935] drivers/pci/probe.c 2035 pci_scan_device -- functionpoint
[    0.131937] drivers/pci/probe.c 2009 pci_bus_read_dev_vendor_id -- functionpoint
[    0.131954] drivers/pci/probe.c 2298 pci_scan_slot -- functionpoint -- fn = 5, devfn = 176, fn+devfn = 181
[    0.131957] drivers/pci/probe.c 2220 next_fn -- functionpoint
[    0.131958] drivers/pci/probe.c 2196 pci_scan_single_device -- functionpoint
[    0.131959] drivers/pci/search.c 206 pci_get_slot -- functionpoint
[    0.131961] drivers/pci/probe.c 2035 pci_scan_device -- functionpoint
[    0.131962] drivers/pci/probe.c 2009 pci_bus_read_dev_vendor_id -- functionpoint
[    0.131979] drivers/pci/probe.c 2298 pci_scan_slot -- functionpoint -- fn = 6, devfn = 176, fn+devfn = 182
[    0.131982] drivers/pci/probe.c 2220 next_fn -- functionpoint
[    0.131983] drivers/pci/probe.c 2196 pci_scan_single_device -- functionpoint
[    0.131984] drivers/pci/search.c 206 pci_get_slot -- functionpoint
[    0.131986] drivers/pci/probe.c 2035 pci_scan_device -- functionpoint
[    0.131987] drivers/pci/probe.c 2009 pci_bus_read_dev_vendor_id -- functionpoint
[    0.132001] drivers/pci/probe.c 2298 pci_scan_slot -- functionpoint -- fn = 7, devfn = 176, fn+devfn = 183
[    0.132005] drivers/pci/probe.c 2220 next_fn -- functionpoint
[    0.132005] drivers/pci/probe.c 2281 pci_scan_slot -- functionpoint
[    0.132007] drivers/pci/probe.c 2196 pci_scan_single_device -- functionpoint
[    0.132008] drivers/pci/search.c 206 pci_get_slot -- functionpoint
[    0.132010] drivers/pci/probe.c 2035 pci_scan_device -- functionpoint
[    0.132011] drivers/pci/probe.c 2009 pci_bus_read_dev_vendor_id -- functionpoint
[    0.132018] drivers/pci/probe.c 2048 pci_scan_device -- functionpoint -- dev_vendor: 8086, dev_device: a352
[    0.132021] drivers/pci/probe.c 1453 pci_setup_device -- functionpoint
[    0.132034] pci 0000:00:17.0: [8086:a352] type 00 class 0x010601
[    0.132036] pci 0000:00:17.0: drivers/pci/probe.c 1482 pci_setup_device functionpoint -- [8086:a352] type 00 class 0x010601
[    0.132052] drivers/pci/probe.c 1513 pci_setup_device  switch case PCI_HEADER_TYPE_NORMAL -- functionpoint
[    0.132066] pci 0000:00:17.0: reg 0x10: [mem 0xf1230000-0xf1231fff]
[    0.132079] pci 0000:00:17.0: reg 0x14: [mem 0xf1236000-0xf12360ff]
[    0.132091] pci 0000:00:17.0: reg 0x18: [io  0x4080-0x4087]
[    0.132102] pci 0000:00:17.0: reg 0x1c: [io  0x4090-0x4093]
[    0.132113] pci 0000:00:17.0: reg 0x20: [io  0x4060-0x407f]
[    0.132124] pci 0000:00:17.0: reg 0x24: [mem 0xf1235000-0xf12357ff]
[    0.132138] drivers/pci/probe.c 2145 pci_device_add -- functionpoint
[    0.132186] pci 0000:00:17.0: PME# supported from D3hot
[    0.133282] drivers/pci/probe.c 2288 pci_scan_slot -- functionpoint -- fn = 0, devfn = 184, fn+devfn = 184
[    0.133284] drivers/pci/probe.c 2220 next_fn -- functionpoint
[    0.133285] drivers/pci/probe.c 2281 pci_scan_slot -- functionpoint
[    0.133286] drivers/pci/probe.c 2196 pci_scan_single_device -- functionpoint
[    0.133288] drivers/pci/search.c 206 pci_get_slot -- functionpoint
[    0.133289] drivers/pci/probe.c 2035 pci_scan_device -- functionpoint
[    0.133291] drivers/pci/probe.c 2009 pci_bus_read_dev_vendor_id -- functionpoint
[    0.133302] drivers/pci/probe.c 2288 pci_scan_slot -- functionpoint -- fn = 0, devfn = 192, fn+devfn = 192
[    0.133306] drivers/pci/probe.c 2281 pci_scan_slot -- functionpoint
[    0.133306] drivers/pci/probe.c 2196 pci_scan_single_device -- functionpoint
[    0.133308] drivers/pci/search.c 206 pci_get_slot -- functionpoint
[    0.133309] drivers/pci/probe.c 2035 pci_scan_device -- functionpoint
[    0.133311] drivers/pci/probe.c 2009 pci_bus_read_dev_vendor_id -- functionpoint
[    0.133329] drivers/pci/probe.c 2288 pci_scan_slot -- functionpoint -- fn = 0, devfn = 200, fn+devfn = 200
[    0.133333] drivers/pci/probe.c 2281 pci_scan_slot -- functionpoint
[    0.133333] drivers/pci/probe.c 2196 pci_scan_single_device -- functionpoint
[    0.133334] drivers/pci/search.c 206 pci_get_slot -- functionpoint
[    0.133336] drivers/pci/probe.c 2035 pci_scan_device -- functionpoint
[    0.133338] drivers/pci/probe.c 2009 pci_bus_read_dev_vendor_id -- functionpoint
[    0.133354] drivers/pci/probe.c 2288 pci_scan_slot -- functionpoint -- fn = 0, devfn = 208, fn+devfn = 208
[    0.133358] drivers/pci/probe.c 2281 pci_scan_slot -- functionpoint
[    0.133358] drivers/pci/probe.c 2196 pci_scan_single_device -- functionpoint
[    0.133359] drivers/pci/search.c 206 pci_get_slot -- functionpoint
[    0.133361] drivers/pci/probe.c 2035 pci_scan_device -- functionpoint
[    0.133362] drivers/pci/probe.c 2009 pci_bus_read_dev_vendor_id -- functionpoint
[    0.133372] drivers/pci/probe.c 2048 pci_scan_device -- functionpoint -- dev_vendor: 8086, dev_device: a32c
[    0.133375] drivers/pci/probe.c 1453 pci_setup_device -- functionpoint
[    0.133388] pci 0000:00:1b.0: [8086:a32c] type 01 class 0x060400
[    0.133390] pci 0000:00:1b.0: drivers/pci/probe.c 1482 pci_setup_device functionpoint -- [8086:a32c] type 01 class 0x060400
[    0.133411] drivers/pci/probe.c 1566 pci_setup_device switch case PCI_HEADER_TYPE_BRIDGE -- functionpoint
[    0.133456] drivers/pci/probe.c 2145 pci_device_add -- functionpoint
[    0.133539] pci 0000:00:1b.0: PME# supported from D0 D3hot D3cold
[    0.133576] pci 0000:00:1b.0: PTM enabled (root), 4dns granularity
[    0.134661] drivers/pci/probe.c 2288 pci_scan_slot -- functionpoint -- fn = 0, devfn = 216, fn+devfn = 216
[    0.134664] drivers/pci/probe.c 2220 next_fn -- functionpoint
[    0.134664] drivers/pci/probe.c 2196 pci_scan_single_device -- functionpoint
[    0.134666] drivers/pci/search.c 206 pci_get_slot -- functionpoint
[    0.134667] drivers/pci/probe.c 2035 pci_scan_device -- functionpoint
[    0.134669] drivers/pci/probe.c 2009 pci_bus_read_dev_vendor_id -- functionpoint
[    0.134679] drivers/pci/probe.c 2298 pci_scan_slot -- functionpoint -- fn = 1, devfn = 216, fn+devfn = 217
[    0.134682] drivers/pci/probe.c 2220 next_fn -- functionpoint
[    0.134682] drivers/pci/probe.c 2196 pci_scan_single_device -- functionpoint
[    0.134684] drivers/pci/search.c 206 pci_get_slot -- functionpoint
[    0.134685] drivers/pci/probe.c 2035 pci_scan_device -- functionpoint
[    0.134687] drivers/pci/probe.c 2009 pci_bus_read_dev_vendor_id -- functionpoint
[    0.134704] drivers/pci/probe.c 2298 pci_scan_slot -- functionpoint -- fn = 2, devfn = 216, fn+devfn = 218
[    0.134707] drivers/pci/probe.c 2220 next_fn -- functionpoint
[    0.134707] drivers/pci/probe.c 2196 pci_scan_single_device -- functionpoint
[    0.134709] drivers/pci/search.c 206 pci_get_slot -- functionpoint
[    0.134710] drivers/pci/probe.c 2035 pci_scan_device -- functionpoint
[    0.134712] drivers/pci/probe.c 2009 pci_bus_read_dev_vendor_id -- functionpoint
[    0.134729] drivers/pci/probe.c 2298 pci_scan_slot -- functionpoint -- fn = 3, devfn = 216, fn+devfn = 219
[    0.134732] drivers/pci/probe.c 2220 next_fn -- functionpoint
[    0.134732] drivers/pci/probe.c 2196 pci_scan_single_device -- functionpoint
[    0.134734] drivers/pci/search.c 206 pci_get_slot -- functionpoint
[    0.134735] drivers/pci/probe.c 2035 pci_scan_device -- functionpoint
[    0.134737] drivers/pci/probe.c 2009 pci_bus_read_dev_vendor_id -- functionpoint
[    0.134746] drivers/pci/probe.c 2298 pci_scan_slot -- functionpoint -- fn = 4, devfn = 216, fn+devfn = 220
[    0.134749] drivers/pci/probe.c 2220 next_fn -- functionpoint
[    0.134749] drivers/pci/probe.c 2196 pci_scan_single_device -- functionpoint
[    0.134751] drivers/pci/search.c 206 pci_get_slot -- functionpoint
[    0.134752] drivers/pci/probe.c 2035 pci_scan_device -- functionpoint
[    0.134754] drivers/pci/probe.c 2009 pci_bus_read_dev_vendor_id -- functionpoint
[    0.134771] drivers/pci/probe.c 2298 pci_scan_slot -- functionpoint -- fn = 5, devfn = 216, fn+devfn = 221
[    0.134774] drivers/pci/probe.c 2220 next_fn -- functionpoint
[    0.134775] drivers/pci/probe.c 2196 pci_scan_single_device -- functionpoint
[    0.134776] drivers/pci/search.c 206 pci_get_slot -- functionpoint
[    0.134778] drivers/pci/probe.c 2035 pci_scan_device -- functionpoint
[    0.134779] drivers/pci/probe.c 2009 pci_bus_read_dev_vendor_id -- functionpoint
[    0.134788] drivers/pci/probe.c 2298 pci_scan_slot -- functionpoint -- fn = 6, devfn = 216, fn+devfn = 222
[    0.134791] drivers/pci/probe.c 2220 next_fn -- functionpoint
[    0.134792] drivers/pci/probe.c 2196 pci_scan_single_device -- functionpoint
[    0.134793] drivers/pci/search.c 206 pci_get_slot -- functionpoint
[    0.134795] drivers/pci/probe.c 2035 pci_scan_device -- functionpoint
[    0.134796] drivers/pci/probe.c 2009 pci_bus_read_dev_vendor_id -- functionpoint
[    0.134814] drivers/pci/probe.c 2298 pci_scan_slot -- functionpoint -- fn = 7, devfn = 216, fn+devfn = 223
[    0.134817] drivers/pci/probe.c 2220 next_fn -- functionpoint
[    0.134817] drivers/pci/probe.c 2281 pci_scan_slot -- functionpoint
[    0.134819] drivers/pci/probe.c 2196 pci_scan_single_device -- functionpoint
[    0.134820] drivers/pci/search.c 206 pci_get_slot -- functionpoint
[    0.134822] drivers/pci/probe.c 2035 pci_scan_device -- functionpoint
[    0.134824] drivers/pci/probe.c 2009 pci_bus_read_dev_vendor_id -- functionpoint
[    0.134832] drivers/pci/probe.c 2048 pci_scan_device -- functionpoint -- dev_vendor: 8086, dev_device: a33e
[    0.134835] drivers/pci/probe.c 1453 pci_setup_device -- functionpoint
[    0.134848] pci 0000:00:1c.0: [8086:a33e] type 01 class 0x060400
[    0.134850] pci 0000:00:1c.0: drivers/pci/probe.c 1482 pci_setup_device functionpoint -- [8086:a33e] type 01 class 0x060400
[    0.134871] drivers/pci/probe.c 1566 pci_setup_device switch case PCI_HEADER_TYPE_BRIDGE -- functionpoint
[    0.134916] drivers/pci/probe.c 2145 pci_device_add -- functionpoint
[    0.134997] pci 0000:00:1c.0: PME# supported from D0 D3hot D3cold
[    0.135032] pci 0000:00:1c.0: PTM enabled (root), 4dns granularity
[    0.136115] drivers/pci/probe.c 2288 pci_scan_slot -- functionpoint -- fn = 0, devfn = 224, fn+devfn = 224
[    0.136118] drivers/pci/probe.c 2220 next_fn -- functionpoint
[    0.136118] drivers/pci/probe.c 2196 pci_scan_single_device -- functionpoint
[    0.136120] drivers/pci/search.c 206 pci_get_slot -- functionpoint
[    0.136122] drivers/pci/probe.c 2035 pci_scan_device -- functionpoint
[    0.136123] drivers/pci/probe.c 2009 pci_bus_read_dev_vendor_id -- functionpoint
[    0.136134] drivers/pci/probe.c 2298 pci_scan_slot -- functionpoint -- fn = 1, devfn = 224, fn+devfn = 225
[    0.136138] drivers/pci/probe.c 2220 next_fn -- functionpoint
[    0.136138] drivers/pci/probe.c 2196 pci_scan_single_device -- functionpoint
[    0.136140] drivers/pci/search.c 206 pci_get_slot -- functionpoint
[    0.136141] drivers/pci/probe.c 2035 pci_scan_device -- functionpoint
[    0.136143] drivers/pci/probe.c 2009 pci_bus_read_dev_vendor_id -- functionpoint
[    0.136160] drivers/pci/probe.c 2298 pci_scan_slot -- functionpoint -- fn = 2, devfn = 224, fn+devfn = 226
[    0.136163] drivers/pci/probe.c 2220 next_fn -- functionpoint
[    0.136164] drivers/pci/probe.c 2196 pci_scan_single_device -- functionpoint
[    0.136165] drivers/pci/search.c 206 pci_get_slot -- functionpoint
[    0.136167] drivers/pci/probe.c 2035 pci_scan_device -- functionpoint
[    0.136168] drivers/pci/probe.c 2009 pci_bus_read_dev_vendor_id -- functionpoint
[    0.136185] drivers/pci/probe.c 2298 pci_scan_slot -- functionpoint -- fn = 3, devfn = 224, fn+devfn = 227
[    0.136188] drivers/pci/probe.c 2220 next_fn -- functionpoint
[    0.136189] drivers/pci/probe.c 2196 pci_scan_single_device -- functionpoint
[    0.136190] drivers/pci/search.c 206 pci_get_slot -- functionpoint
[    0.136192] drivers/pci/probe.c 2035 pci_scan_device -- functionpoint
[    0.136193] drivers/pci/probe.c 2009 pci_bus_read_dev_vendor_id -- functionpoint
[    0.136210] drivers/pci/probe.c 2298 pci_scan_slot -- functionpoint -- fn = 4, devfn = 224, fn+devfn = 228
[    0.136213] drivers/pci/probe.c 2220 next_fn -- functionpoint
[    0.136214] drivers/pci/probe.c 2196 pci_scan_single_device -- functionpoint
[    0.136215] drivers/pci/search.c 206 pci_get_slot -- functionpoint
[    0.136217] drivers/pci/probe.c 2035 pci_scan_device -- functionpoint
[    0.136218] drivers/pci/probe.c 2009 pci_bus_read_dev_vendor_id -- functionpoint
[    0.136235] drivers/pci/probe.c 2298 pci_scan_slot -- functionpoint -- fn = 5, devfn = 224, fn+devfn = 229
[    0.136238] drivers/pci/probe.c 2220 next_fn -- functionpoint
[    0.136239] drivers/pci/probe.c 2196 pci_scan_single_device -- functionpoint
[    0.136240] drivers/pci/search.c 206 pci_get_slot -- functionpoint
[    0.136242] drivers/pci/probe.c 2035 pci_scan_device -- functionpoint
[    0.136243] drivers/pci/probe.c 2009 pci_bus_read_dev_vendor_id -- functionpoint
[    0.136260] drivers/pci/probe.c 2298 pci_scan_slot -- functionpoint -- fn = 6, devfn = 224, fn+devfn = 230
[    0.136263] drivers/pci/probe.c 2220 next_fn -- functionpoint
[    0.136264] drivers/pci/probe.c 2196 pci_scan_single_device -- functionpoint
[    0.136265] drivers/pci/search.c 206 pci_get_slot -- functionpoint
[    0.136267] drivers/pci/probe.c 2035 pci_scan_device -- functionpoint
[    0.136268] drivers/pci/probe.c 2009 pci_bus_read_dev_vendor_id -- functionpoint
[    0.136285] drivers/pci/probe.c 2298 pci_scan_slot -- functionpoint -- fn = 7, devfn = 224, fn+devfn = 231
[    0.136288] drivers/pci/probe.c 2220 next_fn -- functionpoint
[    0.136289] drivers/pci/probe.c 2281 pci_scan_slot -- functionpoint
[    0.136290] drivers/pci/probe.c 2196 pci_scan_single_device -- functionpoint
[    0.136292] drivers/pci/search.c 206 pci_get_slot -- functionpoint
[    0.136293] drivers/pci/probe.c 2035 pci_scan_device -- functionpoint
[    0.136295] drivers/pci/probe.c 2009 pci_bus_read_dev_vendor_id -- functionpoint
[    0.136310] drivers/pci/probe.c 2288 pci_scan_slot -- functionpoint -- fn = 0, devfn = 232, fn+devfn = 232
[    0.136313] drivers/pci/probe.c 2281 pci_scan_slot -- functionpoint
[    0.136314] drivers/pci/probe.c 2196 pci_scan_single_device -- functionpoint
[    0.136315] drivers/pci/search.c 206 pci_get_slot -- functionpoint
[    0.136317] drivers/pci/probe.c 2035 pci_scan_device -- functionpoint
[    0.136318] drivers/pci/probe.c 2009 pci_bus_read_dev_vendor_id -- functionpoint
[    0.136329] drivers/pci/probe.c 2288 pci_scan_slot -- functionpoint -- fn = 0, devfn = 240, fn+devfn = 240
[    0.136333] drivers/pci/probe.c 2281 pci_scan_slot -- functionpoint
[    0.136333] drivers/pci/probe.c 2196 pci_scan_single_device -- functionpoint
[    0.136334] drivers/pci/search.c 206 pci_get_slot -- functionpoint
[    0.136336] drivers/pci/probe.c 2035 pci_scan_device -- functionpoint
[    0.136338] drivers/pci/probe.c 2009 pci_bus_read_dev_vendor_id -- functionpoint
[    0.136355] drivers/pci/probe.c 2048 pci_scan_device -- functionpoint -- dev_vendor: 8086, dev_device: a306
[    0.136358] drivers/pci/probe.c 1453 pci_setup_device -- functionpoint
[    0.136365] pci 0000:00:1f.0: [8086:a306] type 00 class 0x060100
[    0.136368] pci 0000:00:1f.0: drivers/pci/probe.c 1482 pci_setup_device functionpoint -- [8086:a306] type 00 class 0x060100
[    0.136378] drivers/pci/probe.c 1513 pci_setup_device  switch case PCI_HEADER_TYPE_NORMAL -- functionpoint
[    0.136454] drivers/pci/probe.c 2145 pci_device_add -- functionpoint
[    0.137499] drivers/pci/probe.c 2288 pci_scan_slot -- functionpoint -- fn = 0, devfn = 248, fn+devfn = 248
[    0.137502] drivers/pci/probe.c 2220 next_fn -- functionpoint
[    0.137503] drivers/pci/probe.c 2196 pci_scan_single_device -- functionpoint
[    0.137504] drivers/pci/search.c 206 pci_get_slot -- functionpoint
[    0.137506] drivers/pci/probe.c 2035 pci_scan_device -- functionpoint
[    0.137507] drivers/pci/probe.c 2009 pci_bus_read_dev_vendor_id -- functionpoint
[    0.137519] drivers/pci/probe.c 2298 pci_scan_slot -- functionpoint -- fn = 1, devfn = 248, fn+devfn = 249
[    0.137522] drivers/pci/probe.c 2220 next_fn -- functionpoint
[    0.137523] drivers/pci/probe.c 2196 pci_scan_single_device -- functionpoint
[    0.137524] drivers/pci/search.c 206 pci_get_slot -- functionpoint
[    0.137526] drivers/pci/probe.c 2035 pci_scan_device -- functionpoint
[    0.137527] drivers/pci/probe.c 2009 pci_bus_read_dev_vendor_id -- functionpoint
[    0.137545] drivers/pci/probe.c 2298 pci_scan_slot -- functionpoint -- fn = 2, devfn = 248, fn+devfn = 250
[    0.137548] drivers/pci/probe.c 2220 next_fn -- functionpoint
[    0.137548] drivers/pci/probe.c 2196 pci_scan_single_device -- functionpoint
[    0.137550] drivers/pci/search.c 206 pci_get_slot -- functionpoint
[    0.137551] drivers/pci/probe.c 2035 pci_scan_device -- functionpoint
[    0.137553] drivers/pci/probe.c 2009 pci_bus_read_dev_vendor_id -- functionpoint
[    0.137565] drivers/pci/probe.c 2048 pci_scan_device -- functionpoint -- dev_vendor: 8086, dev_device: a348
[    0.137568] drivers/pci/probe.c 1453 pci_setup_device -- functionpoint
[    0.137594] pci 0000:00:1f.3: [8086:a348] type 00 class 0x040300
[    0.137597] pci 0000:00:1f.3: drivers/pci/probe.c 1482 pci_setup_device functionpoint -- [8086:a348] type 00 class 0x040300
[    0.137630] drivers/pci/probe.c 1513 pci_setup_device  switch case PCI_HEADER_TYPE_NORMAL -- functionpoint
[    0.137672] pci 0000:00:1f.3: reg 0x10: [mem 0x4000100000-0x4000103fff 64bit]
[    0.137737] pci 0000:00:1f.3: reg 0x20: [mem 0x4000000000-0x40000fffff 64bit]
[    0.137761] drivers/pci/probe.c 2145 pci_device_add -- functionpoint
[    0.137872] pci 0000:00:1f.3: PME# supported from D3hot D3cold
[    0.139016] drivers/pci/probe.c 2298 pci_scan_slot -- functionpoint -- fn = 3, devfn = 248, fn+devfn = 251
[    0.139019] drivers/pci/probe.c 2220 next_fn -- functionpoint
[    0.139019] drivers/pci/probe.c 2196 pci_scan_single_device -- functionpoint
[    0.139021] drivers/pci/search.c 206 pci_get_slot -- functionpoint
[    0.139023] drivers/pci/probe.c 2035 pci_scan_device -- functionpoint
[    0.139024] drivers/pci/probe.c 2009 pci_bus_read_dev_vendor_id -- functionpoint
[    0.139033] drivers/pci/probe.c 2048 pci_scan_device -- functionpoint -- dev_vendor: 8086, dev_device: a323
[    0.139037] drivers/pci/probe.c 1453 pci_setup_device -- functionpoint
[    0.139057] pci 0000:00:1f.4: [8086:a323] type 00 class 0x0c0500
[    0.139059] pci 0000:00:1f.4: drivers/pci/probe.c 1482 pci_setup_device functionpoint -- [8086:a323] type 00 class 0x0c0500
[    0.139071] drivers/pci/probe.c 1513 pci_setup_device  switch case PCI_HEADER_TYPE_NORMAL -- functionpoint
[    0.139082] pci 0000:00:1f.4: reg 0x10: [mem 0x4000104000-0x40001040ff 64bit]
[    0.139106] pci 0000:00:1f.4: reg 0x20: [io  0xefa0-0xefbf]
[    0.139150] drivers/pci/probe.c 2145 pci_device_add -- functionpoint
[    0.140213] drivers/pci/probe.c 2298 pci_scan_slot -- functionpoint -- fn = 4, devfn = 248, fn+devfn = 252
[    0.140217] drivers/pci/probe.c 2220 next_fn -- functionpoint
[    0.140217] drivers/pci/probe.c 2196 pci_scan_single_device -- functionpoint
[    0.140218] drivers/pci/search.c 206 pci_get_slot -- functionpoint
[    0.140220] drivers/pci/probe.c 2035 pci_scan_device -- functionpoint
[    0.140222] drivers/pci/probe.c 2009 pci_bus_read_dev_vendor_id -- functionpoint
[    0.140233] drivers/pci/probe.c 2048 pci_scan_device -- functionpoint -- dev_vendor: 8086, dev_device: a324
[    0.140236] drivers/pci/probe.c 1453 pci_setup_device -- functionpoint
[    0.140243] pci 0000:00:1f.5: [8086:a324] type 00 class 0x0c8000
[    0.140245] pci 0000:00:1f.5: drivers/pci/probe.c 1482 pci_setup_device functionpoint -- [8086:a324] type 00 class 0x0c8000
[    0.140255] drivers/pci/probe.c 1513 pci_setup_device  switch case PCI_HEADER_TYPE_NORMAL -- functionpoint
[    0.140268] pci 0000:00:1f.5: reg 0x10: [mem 0xfe010000-0xfe010fff]
[    0.140322] drivers/pci/probe.c 2145 pci_device_add -- functionpoint
[    0.141331] drivers/pci/probe.c 2298 pci_scan_slot -- functionpoint -- fn = 5, devfn = 248, fn+devfn = 253
[    0.141334] drivers/pci/probe.c 2220 next_fn -- functionpoint
[    0.141335] drivers/pci/probe.c 2196 pci_scan_single_device -- functionpoint
[    0.141336] drivers/pci/search.c 206 pci_get_slot -- functionpoint
[    0.141338] drivers/pci/probe.c 2035 pci_scan_device -- functionpoint
[    0.141339] drivers/pci/probe.c 2009 pci_bus_read_dev_vendor_id -- functionpoint
[    0.141344] drivers/pci/probe.c 2048 pci_scan_device -- functionpoint -- dev_vendor: 8086, dev_device: 15bb
[    0.141347] drivers/pci/probe.c 1453 pci_setup_device -- functionpoint
[    0.141367] pci 0000:00:1f.6: [8086:15bb] type 00 class 0x020000
[    0.141370] pci 0000:00:1f.6: drivers/pci/probe.c 1482 pci_setup_device functionpoint -- [8086:15bb] type 00 class 0x020000
[    0.141384] drivers/pci/search.c 206 pci_get_slot -- functionpoint
[    0.141395] drivers/pci/probe.c 1513 pci_setup_device  switch case PCI_HEADER_TYPE_NORMAL -- functionpoint
[    0.141423] pci 0000:00:1f.6: reg 0x10: [mem 0xf1200000-0xf121ffff]
[    0.141557] drivers/pci/probe.c 2145 pci_device_add -- functionpoint
[    0.141641] pci 0000:00:1f.6: PME# supported from D0 D3hot D3cold
[    0.142657] drivers/pci/probe.c 2298 pci_scan_slot -- functionpoint -- fn = 6, devfn = 248, fn+devfn = 254
[    0.142659] drivers/pci/probe.c 2220 next_fn -- functionpoint
[    0.142659] drivers/pci/probe.c 2196 pci_scan_single_device -- functionpoint
[    0.142661] drivers/pci/search.c 206 pci_get_slot -- functionpoint
[    0.142663] drivers/pci/probe.c 2035 pci_scan_device -- functionpoint
[    0.142664] drivers/pci/probe.c 2009 pci_bus_read_dev_vendor_id -- functionpoint
[    0.142676] drivers/pci/probe.c 2298 pci_scan_slot -- functionpoint -- fn = 7, devfn = 248, fn+devfn = 255
[    0.142679] drivers/pci/probe.c 2220 next_fn -- functionpoint
[    0.142680] drivers/pci/probe.c 463 pci_read_bridge_bases -- functionpoint
[    0.142687] drivers/pci/search.c 144 pci_find_bus -- functionpoint
[    0.142689] drivers/pci/search.c 145 pci_find_bus functionpoint -- domain_num = 0, bus_num = 1
[    0.142692] drivers/pci/search.c 176 pci_find_next_bus -- functionpoint
[    0.142693] drivers/pci/search.c 176 pci_find_next_bus -- functionpoint
[    0.142694] drivers/pci/search.c 157 pci_find_bus not found bus -- functionpoint
[    0.142752] drivers/pci/probe.c 2009 pci_bus_read_dev_vendor_id -- functionpoint
[    0.142768] drivers/pci/probe.c 2497 pci_scan_child_bus_extend -- functionpoint
[    0.142770] pci_bus 0000:01: drivers/pci/probe.c 2501 pci_scan_child_bus_extend-- functionpoint -- scanning bus
[    0.142774] drivers/pci/probe.c 2281 pci_scan_slot -- functionpoint
[    0.142774] drivers/pci/probe.c 2196 pci_scan_single_device -- functionpoint
[    0.142776] drivers/pci/search.c 206 pci_get_slot -- functionpoint
[    0.142777] drivers/pci/probe.c 2035 pci_scan_device -- functionpoint
[    0.142779] drivers/pci/probe.c 2009 pci_bus_read_dev_vendor_id -- functionpoint
[    0.142787] drivers/pci/probe.c 2048 pci_scan_device -- functionpoint -- dev_vendor: 1c5c, dev_device: 1339
[    0.142790] drivers/pci/probe.c 1453 pci_setup_device -- functionpoint
[    0.142807] pci 0000:01:00.0: [1c5c:1339] type 00 class 0x010802
[    0.142810] pci 0000:01:00.0: drivers/pci/probe.c 1482 pci_setup_device functionpoint -- [1c5c:1339] type 00 class 0x010802
[    0.142836] drivers/pci/probe.c 1513 pci_setup_device  switch case PCI_HEADER_TYPE_NORMAL -- functionpoint
[    0.142857] pci 0000:01:00.0: reg 0x10: [mem 0xf1100000-0xf1103fff 64bit]
[    0.142913] drivers/pci/probe.c 2145 pci_device_add -- functionpoint
[    0.143010] pci 0000:01:00.0: supports D1
[    0.143012] pci 0000:01:00.0: PME# supported from D0 D1 D3hot
[    0.143107] drivers/pci/probe.c 2288 pci_scan_slot -- functionpoint -- fn = 0, devfn = 0, fn+devfn = 0
[    0.143109] drivers/pci/probe.c 2220 next_fn -- functionpoint
[    0.152073] drivers/pci/probe.c 2281 pci_scan_slot -- functionpoint
[    0.152075] drivers/pci/probe.c 2281 pci_scan_slot -- functionpoint
[    0.152077] drivers/pci/probe.c 2281 pci_scan_slot -- functionpoint
[    0.152078] drivers/pci/probe.c 2281 pci_scan_slot -- functionpoint
[    0.152080] drivers/pci/probe.c 2281 pci_scan_slot -- functionpoint
[    0.152081] drivers/pci/probe.c 2281 pci_scan_slot -- functionpoint
[    0.152082] drivers/pci/probe.c 2281 pci_scan_slot -- functionpoint
[    0.152084] drivers/pci/probe.c 2281 pci_scan_slot -- functionpoint
[    0.152086] drivers/pci/probe.c 2281 pci_scan_slot -- functionpoint
[    0.152087] drivers/pci/probe.c 2281 pci_scan_slot -- functionpoint
[    0.152088] drivers/pci/probe.c 2281 pci_scan_slot -- functionpoint
[    0.152090] drivers/pci/probe.c 2281 pci_scan_slot -- functionpoint
[    0.152091] drivers/pci/probe.c 2281 pci_scan_slot -- functionpoint
[    0.152093] drivers/pci/probe.c 2281 pci_scan_slot -- functionpoint
[    0.152094] drivers/pci/probe.c 2281 pci_scan_slot -- functionpoint
[    0.152096] drivers/pci/probe.c 2281 pci_scan_slot -- functionpoint
[    0.152097] drivers/pci/probe.c 2281 pci_scan_slot -- functionpoint
[    0.152099] drivers/pci/probe.c 2281 pci_scan_slot -- functionpoint
[    0.152100] drivers/pci/probe.c 2281 pci_scan_slot -- functionpoint
[    0.152102] drivers/pci/probe.c 2281 pci_scan_slot -- functionpoint
[    0.152103] drivers/pci/probe.c 2281 pci_scan_slot -- functionpoint
[    0.152105] drivers/pci/probe.c 2281 pci_scan_slot -- functionpoint
[    0.152106] drivers/pci/probe.c 2281 pci_scan_slot -- functionpoint
[    0.152108] drivers/pci/probe.c 2281 pci_scan_slot -- functionpoint
[    0.152109] drivers/pci/probe.c 2281 pci_scan_slot -- functionpoint
[    0.152111] drivers/pci/probe.c 2281 pci_scan_slot -- functionpoint
[    0.152112] drivers/pci/probe.c 2281 pci_scan_slot -- functionpoint
[    0.152114] drivers/pci/probe.c 2281 pci_scan_slot -- functionpoint
[    0.152115] drivers/pci/probe.c 2281 pci_scan_slot -- functionpoint
[    0.152117] drivers/pci/probe.c 2281 pci_scan_slot -- functionpoint
[    0.152118] drivers/pci/probe.c 2281 pci_scan_slot -- functionpoint
[    0.152120] drivers/pci/probe.c 463 pci_read_bridge_bases -- functionpoint
[    0.152122] pci 0000:00:1b.0: PCI bridge to [bus 01]
[    0.152135] pci 0000:00:1b.0:   bridge window [mem 0xf1100000-0xf11fffff]
[    0.152141] pci_bus 0000:01: drivers/pci/probe.c 2599 pci_scan_child_bus_extend -- functionpoint -- bus scan returning with max=01
[    0.152151] drivers/pci/search.c 144 pci_find_bus -- functionpoint
[    0.152152] drivers/pci/search.c 145 pci_find_bus functionpoint -- domain_num = 0, bus_num = 2
[    0.152155] drivers/pci/search.c 176 pci_find_next_bus -- functionpoint
[    0.152155] drivers/pci/search.c 176 pci_find_next_bus -- functionpoint
[    0.152157] drivers/pci/search.c 157 pci_find_bus not found bus -- functionpoint
[    0.152212] drivers/pci/probe.c 2009 pci_bus_read_dev_vendor_id -- functionpoint
[    0.152225] drivers/pci/probe.c 2497 pci_scan_child_bus_extend -- functionpoint
[    0.152228] pci_bus 0000:02: drivers/pci/probe.c 2501 pci_scan_child_bus_extend-- functionpoint -- scanning bus
[    0.152231] drivers/pci/probe.c 2281 pci_scan_slot -- functionpoint
[    0.152232] drivers/pci/probe.c 2196 pci_scan_single_device -- functionpoint
[    0.152233] drivers/pci/search.c 206 pci_get_slot -- functionpoint
[    0.152235] drivers/pci/probe.c 2035 pci_scan_device -- functionpoint
[    0.152236] drivers/pci/probe.c 2009 pci_bus_read_dev_vendor_id -- functionpoint
[    0.152249] drivers/pci/probe.c 2048 pci_scan_device -- functionpoint -- dev_vendor: 1283, dev_device: 8893
[    0.152252] drivers/pci/probe.c 1453 pci_setup_device -- functionpoint
[    0.152291] pci 0000:02:00.0: [1283:8893] type 01 class 0x060401
[    0.152293] pci 0000:02:00.0: drivers/pci/probe.c 1482 pci_setup_device functionpoint -- [1283:8893] type 01 class 0x060401
[    0.152349] drivers/pci/probe.c 1566 pci_setup_device switch case PCI_HEADER_TYPE_BRIDGE -- functionpoint
[    0.152547] drivers/pci/probe.c 2145 pci_device_add -- functionpoint
[    0.152717] pci 0000:02:00.0: supports D1 D2
[    0.152719] pci 0000:02:00.0: PME# supported from D0 D1 D2 D3hot D3cold
[    0.152834] drivers/pci/probe.c 2288 pci_scan_slot -- functionpoint -- fn = 0, devfn = 0, fn+devfn = 0
[    0.152836] drivers/pci/probe.c 2220 next_fn -- functionpoint
[    0.152845] drivers/pci/probe.c 2281 pci_scan_slot -- functionpoint
[    0.152846] drivers/pci/probe.c 2281 pci_scan_slot -- functionpoint
[    0.152848] drivers/pci/probe.c 2281 pci_scan_slot -- functionpoint
[    0.152849] drivers/pci/probe.c 2281 pci_scan_slot -- functionpoint
[    0.152851] drivers/pci/probe.c 2281 pci_scan_slot -- functionpoint
[    0.152852] drivers/pci/probe.c 2281 pci_scan_slot -- functionpoint
[    0.152854] drivers/pci/probe.c 2281 pci_scan_slot -- functionpoint
[    0.152855] drivers/pci/probe.c 2281 pci_scan_slot -- functionpoint
[    0.152857] drivers/pci/probe.c 2281 pci_scan_slot -- functionpoint
[    0.152858] drivers/pci/probe.c 2281 pci_scan_slot -- functionpoint
[    0.152860] drivers/pci/probe.c 2281 pci_scan_slot -- functionpoint
[    0.152861] drivers/pci/probe.c 2281 pci_scan_slot -- functionpoint
[    0.152863] drivers/pci/probe.c 2281 pci_scan_slot -- functionpoint
[    0.152864] drivers/pci/probe.c 2281 pci_scan_slot -- functionpoint
[    0.152866] drivers/pci/probe.c 2281 pci_scan_slot -- functionpoint
[    0.152867] drivers/pci/probe.c 2281 pci_scan_slot -- functionpoint
[    0.152869] drivers/pci/probe.c 2281 pci_scan_slot -- functionpoint
[    0.152870] drivers/pci/probe.c 2281 pci_scan_slot -- functionpoint
[    0.152872] drivers/pci/probe.c 2281 pci_scan_slot -- functionpoint
[    0.152873] drivers/pci/probe.c 2281 pci_scan_slot -- functionpoint
[    0.152875] drivers/pci/probe.c 2281 pci_scan_slot -- functionpoint
[    0.152876] drivers/pci/probe.c 2281 pci_scan_slot -- functionpoint
[    0.152878] drivers/pci/probe.c 2281 pci_scan_slot -- functionpoint
[    0.152879] drivers/pci/probe.c 2281 pci_scan_slot -- functionpoint
[    0.152881] drivers/pci/probe.c 2281 pci_scan_slot -- functionpoint
[    0.152882] drivers/pci/probe.c 2281 pci_scan_slot -- functionpoint
[    0.152884] drivers/pci/probe.c 2281 pci_scan_slot -- functionpoint
[    0.152885] drivers/pci/probe.c 2281 pci_scan_slot -- functionpoint
[    0.152887] drivers/pci/probe.c 2281 pci_scan_slot -- functionpoint
[    0.152888] drivers/pci/probe.c 2281 pci_scan_slot -- functionpoint
[    0.152890] drivers/pci/probe.c 2281 pci_scan_slot -- functionpoint
[    0.152891] drivers/pci/probe.c 463 pci_read_bridge_bases -- functionpoint
[    0.152894] pci 0000:00:1c.0: PCI bridge to [bus 02-03]
[    0.152903] pci 0000:00:1c.0:   bridge window [io  0x3000-0x3fff]
[    0.152907] pci 0000:00:1c.0:   bridge window [mem 0xf1000000-0xf10fffff]
[    0.152922] drivers/pci/search.c 144 pci_find_bus -- functionpoint
[    0.152923] drivers/pci/search.c 145 pci_find_bus functionpoint -- domain_num = 0, bus_num = 3
[    0.152926] drivers/pci/search.c 176 pci_find_next_bus -- functionpoint
[    0.152926] drivers/pci/search.c 176 pci_find_next_bus -- functionpoint
[    0.152928] drivers/pci/search.c 157 pci_find_bus not found bus -- functionpoint
[    0.152981] drivers/pci/probe.c 2497 pci_scan_child_bus_extend -- functionpoint
[    0.152983] pci_bus 0000:03: drivers/pci/probe.c 2501 pci_scan_child_bus_extend-- functionpoint -- scanning bus
[    0.152987] drivers/pci/probe.c 2281 pci_scan_slot -- functionpoint
[    0.152987] drivers/pci/probe.c 2196 pci_scan_single_device -- functionpoint
[    0.152988] drivers/pci/search.c 206 pci_get_slot -- functionpoint
[    0.152990] drivers/pci/probe.c 2035 pci_scan_device -- functionpoint
[    0.152992] drivers/pci/probe.c 2009 pci_bus_read_dev_vendor_id -- functionpoint
[    0.153001] drivers/pci/probe.c 2048 pci_scan_device -- functionpoint -- dev_vendor: 1317, dev_device: 985
[    0.153004] drivers/pci/probe.c 1453 pci_setup_device -- functionpoint
[    0.153022] pci 0000:03:00.0: [1317:0985] type 00 class 0x020000
[    0.153024] pci 0000:03:00.0: drivers/pci/probe.c 1482 pci_setup_device functionpoint -- [1317:0985] type 00 class 0x020000
[    0.153048] drivers/pci/probe.c 1513 pci_setup_device  switch case PCI_HEADER_TYPE_NORMAL -- functionpoint
[    0.153070] pci 0000:03:00.0: reg 0x10: [io  0x3000-0x30ff]
[    0.153088] pci 0000:03:00.0: reg 0x14: [mem 0xf1000000-0xf10003ff]
[    0.153165] pci 0000:03:00.0: reg 0x30: [mem 0xfffe0000-0xffffffff pref]
[    0.153172] drivers/pci/probe.c 2145 pci_device_add -- functionpoint
[    0.153238] pci 0000:03:00.0: supports D1 D2
[    0.153240] pci 0000:03:00.0: PME# supported from D0 D1 D2 D3hot D3cold
[    0.153275] drivers/pci/probe.c 2288 pci_scan_slot -- functionpoint -- fn = 0, devfn = 0, fn+devfn = 0
[    0.153278] drivers/pci/probe.c 2220 next_fn -- functionpoint
[    0.153278] drivers/pci/probe.c 2281 pci_scan_slot -- functionpoint
[    0.153280] drivers/pci/probe.c 2196 pci_scan_single_device -- functionpoint
[    0.153281] drivers/pci/search.c 206 pci_get_slot -- functionpoint
[    0.153283] drivers/pci/probe.c 2035 pci_scan_device -- functionpoint
[    0.153284] drivers/pci/probe.c 2009 pci_bus_read_dev_vendor_id -- functionpoint
[    0.153293] drivers/pci/probe.c 2288 pci_scan_slot -- functionpoint -- fn = 0, devfn = 8, fn+devfn = 8
[    0.153297] drivers/pci/probe.c 2281 pci_scan_slot -- functionpoint
[    0.153297] drivers/pci/probe.c 2196 pci_scan_single_device -- functionpoint
[    0.153299] drivers/pci/search.c 206 pci_get_slot -- functionpoint
[    0.153300] drivers/pci/probe.c 2035 pci_scan_device -- functionpoint
[    0.153302] drivers/pci/probe.c 2009 pci_bus_read_dev_vendor_id -- functionpoint
[    0.153313] drivers/pci/probe.c 2288 pci_scan_slot -- functionpoint -- fn = 0, devfn = 16, fn+devfn = 16
[    0.153316] drivers/pci/probe.c 2281 pci_scan_slot -- functionpoint
[    0.153316] drivers/pci/probe.c 2196 pci_scan_single_device -- functionpoint
[    0.153318] drivers/pci/search.c 206 pci_get_slot -- functionpoint
[    0.153319] drivers/pci/probe.c 2035 pci_scan_device -- functionpoint
[    0.153321] drivers/pci/probe.c 2009 pci_bus_read_dev_vendor_id -- functionpoint
[    0.153332] drivers/pci/probe.c 2288 pci_scan_slot -- functionpoint -- fn = 0, devfn = 24, fn+devfn = 24
[    0.153335] drivers/pci/probe.c 2281 pci_scan_slot -- functionpoint
[    0.153336] drivers/pci/probe.c 2196 pci_scan_single_device -- functionpoint
[    0.153337] drivers/pci/search.c 206 pci_get_slot -- functionpoint
[    0.153339] drivers/pci/probe.c 2035 pci_scan_device -- functionpoint
[    0.153340] drivers/pci/probe.c 2009 pci_bus_read_dev_vendor_id -- functionpoint
[    0.153345] drivers/pci/probe.c 2288 pci_scan_slot -- functionpoint -- fn = 0, devfn = 32, fn+devfn = 32
[    0.153348] drivers/pci/probe.c 2281 pci_scan_slot -- functionpoint
[    0.153349] drivers/pci/probe.c 2196 pci_scan_single_device -- functionpoint
[    0.153350] drivers/pci/search.c 206 pci_get_slot -- functionpoint
[    0.153352] drivers/pci/probe.c 2035 pci_scan_device -- functionpoint
[    0.153353] drivers/pci/probe.c 2009 pci_bus_read_dev_vendor_id -- functionpoint
[    0.153363] drivers/pci/probe.c 2288 pci_scan_slot -- functionpoint -- fn = 0, devfn = 40, fn+devfn = 40
[    0.153366] drivers/pci/probe.c 2281 pci_scan_slot -- functionpoint
[    0.153367] drivers/pci/probe.c 2196 pci_scan_single_device -- functionpoint
[    0.153368] drivers/pci/search.c 206 pci_get_slot -- functionpoint
[    0.153370] drivers/pci/probe.c 2035 pci_scan_device -- functionpoint
[    0.153371] drivers/pci/probe.c 2009 pci_bus_read_dev_vendor_id -- functionpoint
[    0.153376] drivers/pci/probe.c 2288 pci_scan_slot -- functionpoint -- fn = 0, devfn = 48, fn+devfn = 48
[    0.153379] drivers/pci/probe.c 2281 pci_scan_slot -- functionpoint
[    0.153380] drivers/pci/probe.c 2196 pci_scan_single_device -- functionpoint
[    0.153381] drivers/pci/search.c 206 pci_get_slot -- functionpoint
[    0.153383] drivers/pci/probe.c 2035 pci_scan_device -- functionpoint
[    0.153384] drivers/pci/probe.c 2009 pci_bus_read_dev_vendor_id -- functionpoint
[    0.153394] drivers/pci/probe.c 2288 pci_scan_slot -- functionpoint -- fn = 0, devfn = 56, fn+devfn = 56
[    0.153398] drivers/pci/probe.c 2281 pci_scan_slot -- functionpoint
[    0.153398] drivers/pci/probe.c 2196 pci_scan_single_device -- functionpoint
[    0.153400] drivers/pci/search.c 206 pci_get_slot -- functionpoint
[    0.153401] drivers/pci/probe.c 2035 pci_scan_device -- functionpoint
[    0.153403] drivers/pci/probe.c 2009 pci_bus_read_dev_vendor_id -- functionpoint
[    0.153407] drivers/pci/probe.c 2288 pci_scan_slot -- functionpoint -- fn = 0, devfn = 64, fn+devfn = 64
[    0.153411] drivers/pci/probe.c 2281 pci_scan_slot -- functionpoint
[    0.153411] drivers/pci/probe.c 2196 pci_scan_single_device -- functionpoint
[    0.153413] drivers/pci/search.c 206 pci_get_slot -- functionpoint
[    0.153414] drivers/pci/probe.c 2035 pci_scan_device -- functionpoint
[    0.153416] drivers/pci/probe.c 2009 pci_bus_read_dev_vendor_id -- functionpoint
[    0.153426] drivers/pci/probe.c 2288 pci_scan_slot -- functionpoint -- fn = 0, devfn = 72, fn+devfn = 72
[    0.153429] drivers/pci/probe.c 2281 pci_scan_slot -- functionpoint
[    0.153429] drivers/pci/probe.c 2196 pci_scan_single_device -- functionpoint
[    0.153431] drivers/pci/search.c 206 pci_get_slot -- functionpoint
[    0.153432] drivers/pci/probe.c 2035 pci_scan_device -- functionpoint
[    0.153434] drivers/pci/probe.c 2009 pci_bus_read_dev_vendor_id -- functionpoint
[    0.153439] drivers/pci/probe.c 2288 pci_scan_slot -- functionpoint -- fn = 0, devfn = 80, fn+devfn = 80
[    0.153442] drivers/pci/probe.c 2281 pci_scan_slot -- functionpoint
[    0.153442] drivers/pci/probe.c 2196 pci_scan_single_device -- functionpoint
[    0.153444] drivers/pci/search.c 206 pci_get_slot -- functionpoint
[    0.153445] drivers/pci/probe.c 2035 pci_scan_device -- functionpoint
[    0.153447] drivers/pci/probe.c 2009 pci_bus_read_dev_vendor_id -- functionpoint
[    0.153458] drivers/pci/probe.c 2288 pci_scan_slot -- functionpoint -- fn = 0, devfn = 88, fn+devfn = 88
[    0.153462] drivers/pci/probe.c 2281 pci_scan_slot -- functionpoint
[    0.153462] drivers/pci/probe.c 2196 pci_scan_single_device -- functionpoint
[    0.153464] drivers/pci/search.c 206 pci_get_slot -- functionpoint
[    0.153465] drivers/pci/probe.c 2035 pci_scan_device -- functionpoint
[    0.153467] drivers/pci/probe.c 2009 pci_bus_read_dev_vendor_id -- functionpoint
[    0.153478] drivers/pci/probe.c 2288 pci_scan_slot -- functionpoint -- fn = 0, devfn = 96, fn+devfn = 96
[    0.153481] drivers/pci/probe.c 2281 pci_scan_slot -- functionpoint
[    0.153481] drivers/pci/probe.c 2196 pci_scan_single_device -- functionpoint
[    0.153483] drivers/pci/search.c 206 pci_get_slot -- functionpoint
[    0.153484] drivers/pci/probe.c 2035 pci_scan_device -- functionpoint
[    0.153486] drivers/pci/probe.c 2009 pci_bus_read_dev_vendor_id -- functionpoint
[    0.153491] drivers/pci/probe.c 2288 pci_scan_slot -- functionpoint -- fn = 0, devfn = 104, fn+devfn = 104
[    0.153494] drivers/pci/probe.c 2281 pci_scan_slot -- functionpoint
[    0.153494] drivers/pci/probe.c 2196 pci_scan_single_device -- functionpoint
[    0.153496] drivers/pci/search.c 206 pci_get_slot -- functionpoint
[    0.153497] drivers/pci/probe.c 2035 pci_scan_device -- functionpoint
[    0.153499] drivers/pci/probe.c 2009 pci_bus_read_dev_vendor_id -- functionpoint
[    0.153511] drivers/pci/probe.c 2288 pci_scan_slot -- functionpoint -- fn = 0, devfn = 112, fn+devfn = 112
[    0.153514] drivers/pci/probe.c 2281 pci_scan_slot -- functionpoint
[    0.153514] drivers/pci/probe.c 2196 pci_scan_single_device -- functionpoint
[    0.153516] drivers/pci/search.c 206 pci_get_slot -- functionpoint
[    0.153517] drivers/pci/probe.c 2035 pci_scan_device -- functionpoint
[    0.153519] drivers/pci/probe.c 2009 pci_bus_read_dev_vendor_id -- functionpoint
[    0.153531] drivers/pci/probe.c 2288 pci_scan_slot -- functionpoint -- fn = 0, devfn = 120, fn+devfn = 120
[    0.153535] drivers/pci/probe.c 2281 pci_scan_slot -- functionpoint
[    0.153535] drivers/pci/probe.c 2196 pci_scan_single_device -- functionpoint
[    0.153536] drivers/pci/search.c 206 pci_get_slot -- functionpoint
[    0.153538] drivers/pci/probe.c 2035 pci_scan_device -- functionpoint
[    0.153540] drivers/pci/probe.c 2009 pci_bus_read_dev_vendor_id -- functionpoint
[    0.153551] drivers/pci/probe.c 2288 pci_scan_slot -- functionpoint -- fn = 0, devfn = 128, fn+devfn = 128
[    0.153554] drivers/pci/probe.c 2281 pci_scan_slot -- functionpoint
[    0.153554] drivers/pci/probe.c 2196 pci_scan_single_device -- functionpoint
[    0.153556] drivers/pci/search.c 206 pci_get_slot -- functionpoint
[    0.153557] drivers/pci/probe.c 2035 pci_scan_device -- functionpoint
[    0.153559] drivers/pci/probe.c 2009 pci_bus_read_dev_vendor_id -- functionpoint
[    0.153564] drivers/pci/probe.c 2288 pci_scan_slot -- functionpoint -- fn = 0, devfn = 136, fn+devfn = 136
[    0.153567] drivers/pci/probe.c 2281 pci_scan_slot -- functionpoint
[    0.153567] drivers/pci/probe.c 2196 pci_scan_single_device -- functionpoint
[    0.153569] drivers/pci/search.c 206 pci_get_slot -- functionpoint
[    0.153570] drivers/pci/probe.c 2035 pci_scan_device -- functionpoint
[    0.153572] drivers/pci/probe.c 2009 pci_bus_read_dev_vendor_id -- functionpoint
[    0.153582] drivers/pci/probe.c 2288 pci_scan_slot -- functionpoint -- fn = 0, devfn = 144, fn+devfn = 144
[    0.153585] drivers/pci/probe.c 2281 pci_scan_slot -- functionpoint
[    0.153586] drivers/pci/probe.c 2196 pci_scan_single_device -- functionpoint
