[    0.000000] microcode: microcode updated early to revision 0xd6, date = 2020-04-23
[    0.000000] Linux version 4.15.9+ (root@Yee-680G4) (gcc version 5.5.0 20171010 (Ubuntu 5.5.0-12ubuntu1~16.04)) #32 SMP Fri Oct 16 15:45:03 CST 2020
[    0.000000] Command line: BOOT_IMAGE=/boot/vmlinuz-4.15.9+ root=UUID=da0e40f1-3840-43a9-b61a-7b465a7673d3 ro quiet splash vt.handoff=7
[    0.000000] KERNEL supported cpus:
[    0.000000]   Intel GenuineIntel
[    0.000000]   AMD AuthenticAMD
[    0.000000]   Centaur CentaurHauls
[    0.000000] x86/fpu: Supporting XSAVE feature 0x001: 'x87 floating point registers'
[    0.000000] x86/fpu: Supporting XSAVE feature 0x002: 'SSE registers'
[    0.000000] x86/fpu: Supporting XSAVE feature 0x004: 'AVX registers'
[    0.000000] x86/fpu: Supporting XSAVE feature 0x008: 'MPX bounds registers'
[    0.000000] x86/fpu: Supporting XSAVE feature 0x010: 'MPX CSR'
[    0.000000] x86/fpu: xstate_offset[2]:  576, xstate_sizes[2]:  256
[    0.000000] x86/fpu: xstate_offset[3]:  832, xstate_sizes[3]:   64
[    0.000000] x86/fpu: xstate_offset[4]:  896, xstate_sizes[4]:   64
[    0.000000] x86/fpu: Enabled xstate features 0x1f, context size is 960 bytes, using 'compacted' format.
[    0.000000] e820: BIOS-provided physical RAM map:
[    0.000000] BIOS-e820: [mem 0x0000000000000000-0x000000000009efff] usable
[    0.000000] BIOS-e820: [mem 0x000000000009f000-0x00000000000fffff] reserved
[    0.000000] BIOS-e820: [mem 0x0000000000100000-0x00000000be6aafff] usable
[    0.000000] BIOS-e820: [mem 0x00000000be6ab000-0x00000000bf98efff] reserved
[    0.000000] BIOS-e820: [mem 0x00000000bf98f000-0x00000000bfb8efff] ACPI NVS
[    0.000000] BIOS-e820: [mem 0x00000000bfb8f000-0x00000000bfc0efff] ACPI data
[    0.000000] BIOS-e820: [mem 0x00000000bfc0f000-0x00000000bfc0ffff] usable
[    0.000000] BIOS-e820: [mem 0x00000000bfc10000-0x00000000d47fffff] reserved
[    0.000000] BIOS-e820: [mem 0x00000000fe010000-0x00000000fe010fff] reserved
[    0.000000] BIOS-e820: [mem 0x00000000ff000000-0x00000000ffffffff] reserved
[    0.000000] BIOS-e820: [mem 0x0000000100000000-0x00000004277fffff] usable
[    0.000000] NX (Execute Disable) protection: active
[    0.000000] efi: EFI v2.60 by HP
[    0.000000] efi:  ACPI=0xbfc0e000  ACPI 2.0=0xbfc0e014  SMBIOS=0xbee75000  ESRT=0xbee76018  MEMATTR=0xaf752018 
[    0.000000] random: fast init done
[    0.000000] SMBIOS 3.1 present.
[    0.000000] DMI: HP HP ProDesk 680 G4 MT/8580, BIOS R04 Ver. 02.11.01 04/27/2020
[    0.000000] e820: update [mem 0x00000000-0x00000fff] usable ==> reserved
[    0.000000] e820: remove [mem 0x000a0000-0x000fffff] usable
[    0.000000] e820: last_pfn = 0x427800 max_arch_pfn = 0x400000000
[    0.000000] MTRR default type: write-back
[    0.000000] MTRR fixed ranges enabled:
[    0.000000]   00000-9FFFF write-back
[    0.000000]   A0000-BFFFF uncachable
[    0.000000]   C0000-FFFFF write-protect
[    0.000000] MTRR variable ranges enabled:
[    0.000000]   0 base 00E0000000 mask 7FE0000000 uncachable
[    0.000000]   1 base 00D0000000 mask 7FF0000000 uncachable
[    0.000000]   2 base 00C8000000 mask 7FF8000000 uncachable
[    0.000000]   3 base 00C4000000 mask 7FFC000000 uncachable
[    0.000000]   4 base 2000000000 mask 6000000000 uncachable
[    0.000000]   5 base 1000000000 mask 7000000000 uncachable
[    0.000000]   6 base 0800000000 mask 7800000000 uncachable
[    0.000000]   7 base 4000000000 mask 4000000000 uncachable
[    0.000000]   8 disabled
[    0.000000]   9 disabled
[    0.000000] x86/PAT: Configuration [0-7]: WB  WC  UC- UC  WB  WP  UC- WT  
[    0.000000] e820: last_pfn = 0xbfc10 max_arch_pfn = 0x400000000
[    0.000000] esrt: Reserving ESRT space from 0x00000000bee76018 to 0x00000000bee76050.
[    0.000000] Scanning 1 areas for low memory corruption
[    0.000000] Base memory trampoline at [        (ptrval)] 99000 size 24576
[    0.000000] Using GB pages for direct mapping
[    0.000000] BRK [0x2f953a000, 0x2f953afff] PGTABLE
[    0.000000] BRK [0x2f953b000, 0x2f953bfff] PGTABLE
[    0.000000] BRK [0x2f953c000, 0x2f953cfff] PGTABLE
[    0.000000] BRK [0x2f953d000, 0x2f953dfff] PGTABLE
[    0.000000] BRK [0x2f953e000, 0x2f953efff] PGTABLE
[    0.000000] BRK [0x2f953f000, 0x2f953ffff] PGTABLE
[    0.000000] BRK [0x2f9540000, 0x2f9540fff] PGTABLE
[    0.000000] BRK [0x2f9541000, 0x2f9541fff] PGTABLE
[    0.000000] Secure boot could not be determined
[    0.000000] RAMDISK: [mem 0x2332a000-0x3e1b0fff]
[    0.000000] ACPI: Early table checksum verification disabled
[    0.000000] ACPI: RSDP 0x00000000BFC0E014 000024 (v02 HPQOEM)
[    0.000000] ACPI: XSDT 0x00000000BFBC7188 0000DC (v01 HPQOEM SLIC-BPC 00000000 INTL 20160422)
[    0.000000] ACPI: FACP 0x00000000BFC08000 000114 (v06 HPQOEM SLIC-BPC 00000000 HP   00000001)
[    0.000000] ACPI: DSDT 0x00000000BFBE5000 01E092 (v02 HPQOEM 8580     00000000 INTL 20160527)
[    0.000000] ACPI: FACS 0x00000000BFB3F000 000040
[    0.000000] ACPI: SSDT 0x00000000BFC0C000 00012A (v02 HP     ShmTable 00000001 INTL 20160527)
[    0.000000] ACPI: SSDT 0x00000000BFC0A000 001B5F (v02 CpuRef CpuSsdt  00003000 INTL 20160527)
[    0.000000] ACPI: SSDT 0x00000000BFC09000 0009CF (v02 CtdpB  CtdpB    00001000 INTL 20160527)
[    0.000000] ACPI: HPET 0x00000000BFC07000 000038 (v01 HPQOEM 8580     00000001 HP   00000001)
[    0.000000] ACPI: APIC 0x00000000BFC06000 00012C (v03 HPQOEM 8580     00000001 HP   00000001)
[    0.000000] ACPI: MCFG 0x00000000BFC05000 00003C (v01 HPQOEM 8580     00000001 HP   00000001)
[    0.000000] ACPI: WSMT 0x00000000BFC04000 000028 (v01 HPQOEM 8580     00000001 HP   00000001)
[    0.000000] ACPI: SSDT 0x00000000BFBE4000 000734 (v01 HPQOEM PtidDevc 00001000 INTL 20160527)
[    0.000000] ACPI: SSDT 0x00000000BFBE3000 000B27 (v02 HPQOEM HP_XHC_P 00000000 INTL 20160527)
[    0.000000] ACPI: SSDT 0x00000000BFBDF000 0030ED (v02 SaSsdt SaSsdt   00003000 INTL 20160527)
[    0.000000] ACPI: LPIT 0x00000000BFBDE000 000094 (v01 INTEL  CFL      20170001 INTL 20160422)
[    0.000000] ACPI: WSMT 0x00000000BFBDD000 000028 (v01 INTEL  CFL      20170001 INTL 20160422)
[    0.000000] ACPI: SSDT 0x00000000BFBDC000 00044C (v02 INTEL  Wwan     00000001 INTL 20160527)
[    0.000000] ACPI: UEFI 0x00000000BFB39000 000042 (v01 INTEL  CFL      20170001 INTL 20160422)
[    0.000000] ACPI: OEML 0x00000000BFBDB000 000028 (v03 INTEL  CFL      20170001 INTL 20160422)
[    0.000000] ACPI: DMAR 0x00000000BFBDA000 0000C8 (v01 INTEL  CFL      00000002      01000013)
[    0.000000] ACPI: SSDT 0x00000000BFBCB000 00E899 (v01 HP     HPINDTWL 00001000 INTL 20160527)
[    0.000000] ACPI: SSDT 0x00000000BFBCA000 000032 (v01 HP     HPCONDEV 00001000 INTL 20160527)
[    0.000000] ACPI: SSDT 0x00000000BFBC9000 000069 (v01 HP     HPCAHWID 00001000 INTL 20160527)
[    0.000000] ACPI: ASF! 0x00000000BFBC8000 0000A0 (v32 HPQOEM  UYA     20170001 INTL 20160422)
[    0.000000] ACPI: FPDT 0x00000000BFC0D000 000044 (v01 INTEL  CFL      20170001 INTL 20160422)
[    0.000000] ACPI: BGRT 0x00000000BFBC6000 000038 (v01 INTEL  CFL      20170001 INTL 20160422)
[    0.000000] ACPI: Local APIC address 0xfee00000
[    0.000000] No NUMA configuration found
[    0.000000] Faking a node at [mem 0x0000000000000000-0x00000004277fffff]
[    0.000000] NODE_DATA(0) allocated [mem 0x4277d5000-0x4277fffff]
[    0.000000] Zone ranges:
[    0.000000]   DMA      [mem 0x0000000000001000-0x0000000000ffffff]
[    0.000000]   DMA32    [mem 0x0000000001000000-0x00000000ffffffff]
[    0.000000]   Normal   [mem 0x0000000100000000-0x00000004277fffff]
[    0.000000]   Device   empty
[    0.000000] Movable zone start for each node
[    0.000000] Early memory node ranges
[    0.000000]   node   0: [mem 0x0000000000001000-0x000000000009efff]
[    0.000000]   node   0: [mem 0x0000000000100000-0x00000000be6aafff]
[    0.000000]   node   0: [mem 0x00000000bfc0f000-0x00000000bfc0ffff]
[    0.000000]   node   0: [mem 0x0000000100000000-0x00000004277fffff]
[    0.000000] Initmem setup node 0 [mem 0x0000000000001000-0x00000004277fffff]
[    0.000000] On node 0 totalpages: 4087370
[    0.000000]   DMA zone: 64 pages used for memmap
[    0.000000]   DMA zone: 21 pages reserved
[    0.000000]   DMA zone: 3998 pages, LIFO batch:0
[    0.000000]   DMA32 zone: 12123 pages used for memmap
[    0.000000]   DMA32 zone: 775852 pages, LIFO batch:31
[    0.000000]   Normal zone: 51680 pages used for memmap
[    0.000000]   Normal zone: 3307520 pages, LIFO batch:31
[    0.000000] Reserved but unavailable: 99 pages
[    0.000000] tboot: non-0 tboot_addr but it is not of type E820_TYPE_RESERVED
[    0.000000] ACPI: PM-Timer IO Port: 0x1808
[    0.000000] ACPI: Local APIC address 0xfee00000
[    0.000000] ACPI: LAPIC_NMI (acpi_id[0x01] high edge lint[0x1])
[    0.000000] ACPI: LAPIC_NMI (acpi_id[0x02] high edge lint[0x1])
[    0.000000] ACPI: LAPIC_NMI (acpi_id[0x03] high edge lint[0x1])
[    0.000000] ACPI: LAPIC_NMI (acpi_id[0x04] high edge lint[0x1])
[    0.000000] ACPI: LAPIC_NMI (acpi_id[0x05] high edge lint[0x1])
[    0.000000] ACPI: LAPIC_NMI (acpi_id[0x06] high edge lint[0x1])
[    0.000000] ACPI: LAPIC_NMI (acpi_id[0x07] high edge lint[0x1])
[    0.000000] ACPI: LAPIC_NMI (acpi_id[0x08] high edge lint[0x1])
[    0.000000] ACPI: LAPIC_NMI (acpi_id[0x09] high edge lint[0x1])
[    0.000000] ACPI: LAPIC_NMI (acpi_id[0x0a] high edge lint[0x1])
[    0.000000] ACPI: LAPIC_NMI (acpi_id[0x0b] high edge lint[0x1])
[    0.000000] ACPI: LAPIC_NMI (acpi_id[0x0c] high edge lint[0x1])
[    0.000000] ACPI: LAPIC_NMI (acpi_id[0x0d] high edge lint[0x1])
[    0.000000] ACPI: LAPIC_NMI (acpi_id[0x0e] high edge lint[0x1])
[    0.000000] ACPI: LAPIC_NMI (acpi_id[0x0f] high edge lint[0x1])
[    0.000000] ACPI: LAPIC_NMI (acpi_id[0x10] high edge lint[0x1])
[    0.000000] IOAPIC[0]: apic_id 2, version 32, address 0xfec00000, GSI 0-119
[    0.000000] ACPI: INT_SRC_OVR (bus 0 bus_irq 0 global_irq 2 dfl dfl)
[    0.000000] ACPI: INT_SRC_OVR (bus 0 bus_irq 9 global_irq 9 high level)
[    0.000000] ACPI: IRQ0 used by override.
[    0.000000] ACPI: IRQ9 used by override.
[    0.000000] Using ACPI (MADT) for SMP configuration information
[    0.000000] ACPI: HPET id: 0x8086a201 base: 0xfed00000
[    0.000000] smpboot: Allowing 8 CPUs, 0 hotplug CPUs
[    0.000000] PM: Registered nosave memory: [mem 0x00000000-0x00000fff]
[    0.000000] PM: Registered nosave memory: [mem 0x0009f000-0x000fffff]
[    0.000000] PM: Registered nosave memory: [mem 0xbe6ab000-0xbf98efff]
[    0.000000] PM: Registered nosave memory: [mem 0xbf98f000-0xbfb8efff]
[    0.000000] PM: Registered nosave memory: [mem 0xbfb8f000-0xbfc0efff]
[    0.000000] PM: Registered nosave memory: [mem 0xbfc10000-0xd47fffff]
[    0.000000] PM: Registered nosave memory: [mem 0xd4800000-0xfe00ffff]
[    0.000000] PM: Registered nosave memory: [mem 0xfe010000-0xfe010fff]
[    0.000000] PM: Registered nosave memory: [mem 0xfe011000-0xfeffffff]
[    0.000000] PM: Registered nosave memory: [mem 0xff000000-0xffffffff]
[    0.000000] e820: [mem 0xd4800000-0xfe00ffff] available for PCI devices
[    0.000000] Booting paravirtualized kernel on bare hardware
[    0.000000] clocksource: refined-jiffies: mask: 0xffffffff max_cycles: 0xffffffff, max_idle_ns: 7645519600211568 ns
[    0.000000] setup_percpu: NR_CPUS:8192 nr_cpumask_bits:8 nr_cpu_ids:8 nr_node_ids:1
[    0.000000] percpu: Embedded 46 pages/cpu @        (ptrval) s151552 r8192 d28672 u262144
[    0.000000] pcpu-alloc: s151552 r8192 d28672 u262144 alloc=1*2097152
[    0.000000] pcpu-alloc: [0] 0 1 2 3 4 5 6 7 
[    0.000000] Built 1 zonelists, mobility grouping on.  Total pages: 4023482
[    0.000000] Policy zone: Normal
[    0.000000] Kernel command line: BOOT_IMAGE=/boot/vmlinuz-4.15.9+ root=UUID=da0e40f1-3840-43a9-b61a-7b465a7673d3 ro quiet splash vt.handoff=7
[    0.000000] Calgary: detecting Calgary via BIOS EBDA area
[    0.000000] Calgary: Unable to locate Rio Grande table in EBDA - bailing!
[    0.000000] Memory: 15453832K/16349480K available (12300K kernel code, 2470K rwdata, 4196K rodata, 2388K init, 2416K bss, 895648K reserved, 0K cma-reserved)
[    0.000000] SLUB: HWalign=64, Order=0-3, MinObjects=0, CPUs=8, Nodes=1
[    0.000000] ftrace: allocating 38976 entries in 153 pages
[    0.000000] Hierarchical RCU implementation.
[    0.000000] 	RCU restricting CPUs from NR_CPUS=8192 to nr_cpu_ids=8.
[    0.000000] 	Tasks RCU enabled.
[    0.000000] RCU: Adjusting geometry for rcu_fanout_leaf=16, nr_cpu_ids=8
[    0.000000] NR_IRQS: 524544, nr_irqs: 2048, preallocated irqs: 16
[    0.000000] Console: colour dummy device 80x25
[    0.000000] console [tty0] enabled
[    0.000000] ACPI: Core revision 20170831
[    0.000000] ACPI Error: [\_SB_.PCI0.XHC_.RHUB.HS11] Namespace lookup failure, AE_NOT_FOUND (20170831/dswload-210)
[    0.000000] ACPI Exception: AE_NOT_FOUND, During name lookup/catalog (20170831/psobject-252)
[    0.000000] ACPI Exception: AE_NOT_FOUND, (SSDT:HP_XHC_P) while loading table (20170831/tbxfload-228)
[    0.000000] ACPI Error: 1 table load failures, 10 successful (20170831/tbxfload-246)
[    0.000000] clocksource: hpet: mask: 0xffffffff max_cycles: 0xffffffff, max_idle_ns: 79635855245 ns
[    0.000000] hpet clockevent registered
[    0.004000] APIC: Switch to symmetric I/O mode setup
[    0.004000] DMAR: Host address width 39
[    0.004000] DMAR: DRHD base: 0x000000fed90000 flags: 0x0
[    0.004000] DMAR: dmar0: reg_base_addr fed90000 ver 1:0 cap 1c0000c40660462 ecap 19e2ff0505e
[    0.004000] DMAR: DRHD base: 0x000000fed91000 flags: 0x1
[    0.004000] DMAR: dmar1: reg_base_addr fed91000 ver 1:0 cap d2008c40660462 ecap f050da
[    0.004000] DMAR: RMRR base: 0x000000bf81d000 end: 0x000000bf83cfff
[    0.004000] DMAR: RMRR base: 0x000000c4000000 end: 0x000000d47fffff
[    0.004000] DMAR: RMRR base: 0x000000bf86e000 end: 0x000000bf8edfff
[    0.004000] DMAR-IR: IOAPIC id 2 under DRHD base  0xfed91000 IOMMU 1
[    0.004000] DMAR-IR: HPET id 0 under DRHD base 0xfed91000
[    0.004000] DMAR-IR: Queued invalidation will be enabled to support x2apic and Intr-remapping.
[    0.004000] DMAR-IR: Enabled IRQ remapping in x2apic mode
[    0.004000] x2apic enabled
[    0.004000] Switched APIC routing to cluster x2apic.
[    0.016000] ..TIMER: vector=0x30 apic1=0 pin1=2 apic2=-1 pin2=-1
[    0.036000] tsc: Detected 3000.000 MHz processor
[    0.036000] Calibrating delay loop (skipped), value calculated using timer frequency.. 6000.00 BogoMIPS (lpj=12000000)
[    0.036000] pid_max: default: 32768 minimum: 301
[    0.036000] Security Framework initialized
[    0.036000] Yama: becoming mindful.
[    0.036000] AppArmor: AppArmor initialized
[    0.036000] Dentry cache hash table entries: 2097152 (order: 12, 16777216 bytes)
[    0.036000] Inode-cache hash table entries: 1048576 (order: 11, 8388608 bytes)
[    0.036000] Mount-cache hash table entries: 32768 (order: 6, 262144 bytes)
[    0.036000] Mountpoint-cache hash table entries: 32768 (order: 6, 262144 bytes)
[    0.036000] CPU: Physical Processor ID: 0
[    0.036000] CPU: Processor Core ID: 0
[    0.036000] ENERGY_PERF_BIAS: Set to 'normal', was 'performance'
[    0.036000] ENERGY_PERF_BIAS: View and update with x86_energy_perf_policy(8)
[    0.036000] mce: CPU supports 14 MCE banks
[    0.036000] CPU0: Thermal monitoring enabled (TM1)
[    0.036000] process: using mwait in idle threads
[    0.036000] Last level iTLB entries: 4KB 128, 2MB 8, 4MB 8
[    0.036000] Last level dTLB entries: 4KB 64, 2MB 0, 4MB 0, 1GB 4
[    0.036000] Spectre V2 : Mitigation: Full generic retpoline
[    0.036000] Spectre V2 : Spectre v2 mitigation: Filling RSB on context switch
[    0.036000] Spectre V2 : Spectre v2 mitigation: Enabling Indirect Branch Prediction Barrier
[    0.036000] Freeing SMP alternatives memory: 36K
[    0.043149] TSC deadline timer enabled
[    0.043159] smpboot: CPU0: Intel(R) Core(TM) i7-9700 CPU @ 3.00GHz (family: 0x6, model: 0x9e, stepping: 0xd)
[    0.043211] Performance Events: PEBS fmt3+, Skylake events, 32-deep LBR, full-width counters, Intel PMU driver.
[    0.043239] ... version:                4
[    0.043240] ... bit width:              48
[    0.043240] ... generic registers:      8
[    0.043241] ... value mask:             0000ffffffffffff
[    0.043241] ... max period:             00007fffffffffff
[    0.043242] ... fixed-purpose events:   3
[    0.043242] ... event mask:             00000007000000ff
[    0.043272] Hierarchical SRCU implementation.
[    0.044000] smp: Bringing up secondary CPUs ...
[    0.044000] x86: Booting SMP configuration:
[    0.044000] .... node  #0, CPUs:      #1
[    0.044000] NMI watchdog: Enabled. Permanently consumes one hw-PMU counter.
[    0.044000]  #2 #3 #4 #5 #6 #7
[    0.053529] smp: Brought up 1 node, 8 CPUs
[    0.053529] smpboot: Max logical packages: 1
[    0.053529] smpboot: Total of 8 processors activated (48000.00 BogoMIPS)
[    0.056290] devtmpfs: initialized
[    0.056290] x86/mm: Memory block size: 128MB
[    0.057022] evm: security.selinux
[    0.057023] evm: security.SMACK64
[    0.057023] evm: security.SMACK64EXEC
[    0.057023] evm: security.SMACK64TRANSMUTE
[    0.057024] evm: security.SMACK64MMAP
[    0.057024] evm: security.apparmor
[    0.057025] evm: security.ima
[    0.057025] evm: security.capability
[    0.057039] PM: Registering ACPI NVS region [mem 0xbf98f000-0xbfb8efff] (2097152 bytes)
[    0.057039] clocksource: jiffies: mask: 0xffffffff max_cycles: 0xffffffff, max_idle_ns: 7645041785100000 ns
[    0.057039] futex hash table entries: 2048 (order: 5, 131072 bytes)
[    0.057039] pinctrl core: initialized pinctrl subsystem
[    0.057039] drivers/base/bus.c 153 driver_register -- functionpoint
[    0.057039] drivers/base/bus.c 642 bus_add_driver -- functionpoint
[    0.057039] drivers/base/bus.c 649 bus_add_driver -- functionpoint -- bus: 'platform': add driver reg-dummy
[    0.057039] drivers/base/dd.c 369 really_probe -- functionpoint
[    0.057039] drivers/base/dd.c 392 really_probe -- functionpoint -- bus: 'platform': really_probe: probing driver reg-dummy with device reg-dummy
[    0.057039] drivers/base/dd.c 435 really_probe -- if drv->probe use drv->probe(dev) -- functionpoint
[    0.057039] RTC time:  8:00:43, date: 10/16/20
[    0.057039] NET: Registered protocol family 16
[    0.057039] audit: initializing netlink subsys (disabled)
[    0.057039] audit: type=2000 audit(1602835242.056:1): state=initialized audit_enabled=0 res=1
[    0.057039] drivers/base/bus.c 153 driver_register -- functionpoint
[    0.057039] drivers/base/bus.c 642 bus_add_driver -- functionpoint
[    0.057039] drivers/base/bus.c 649 bus_add_driver -- functionpoint -- bus: 'platform': add driver sram
[    0.057039] drivers/base/bus.c 153 driver_register -- functionpoint
[    0.057039] drivers/base/bus.c 642 bus_add_driver -- functionpoint
[    0.057039] drivers/base/bus.c 649 bus_add_driver -- functionpoint -- bus: 'platform': add driver syscon
[    0.057039] drivers/base/bus.c 153 driver_register -- functionpoint
[    0.057039] drivers/base/bus.c 642 bus_add_driver -- functionpoint
[    0.057039] drivers/base/bus.c 649 bus_add_driver -- functionpoint -- bus: 'i2c': add driver dummy
[    0.057039] cpuidle: using governor ladder
[    0.057039] cpuidle: using governor menu
[    0.057039] ACPI FADT declares the system doesn't support PCIe ASPM, so disable it
[    0.057039] ACPI: bus type PCI registered
[    0.057039] acpiphp: ACPI Hot Plug PCI Controller Driver version: 0.5
[    0.057039] arch/x86/pci/init.c 11 start pci_arch_init -- functionpoint
[    0.057039] PCI: MMCONFIG for domain 0000 [bus 00-3f] at [mem 0xf8000000-0xfbffffff] (base 0xf8000000)
[    0.057039] PCI: not using MMCONFIG
[    0.057039] PCI: Using configuration type 1 for base access
[    0.057039] arch/x86/pci/init.c 44 end pci_arch_init -- functionpoint
[    0.057123] HugeTLB registered 1.00 GiB page size, pre-allocated 0 pages
[    0.057123] HugeTLB registered 2.00 MiB page size, pre-allocated 0 pages
[    0.057124] drivers/base/bus.c 153 driver_register -- functionpoint
[    0.057124] drivers/base/bus.c 642 bus_add_driver -- functionpoint
[    0.057124] drivers/base/bus.c 649 bus_add_driver -- functionpoint -- bus: 'i2c': add driver sx150x-pinctrl
[    0.057124] drivers/base/bus.c 153 driver_register -- functionpoint
[    0.057124] drivers/base/bus.c 642 bus_add_driver -- functionpoint
[    0.057124] drivers/base/bus.c 649 bus_add_driver -- functionpoint -- bus: 'platform': add driver byt_gpio
[    0.057124] drivers/base/bus.c 153 driver_register -- functionpoint
[    0.057124] drivers/base/bus.c 642 bus_add_driver -- functionpoint
[    0.057124] drivers/base/bus.c 649 bus_add_driver -- functionpoint -- bus: 'platform': add driver cherryview-pinctrl
[    0.057124] drivers/base/bus.c 153 driver_register -- functionpoint
[    0.057124] drivers/base/bus.c 642 bus_add_driver -- functionpoint
[    0.057124] drivers/base/bus.c 649 bus_add_driver -- functionpoint -- bus: 'platform': add driver lp_gpio
[    0.057124] drivers/base/bus.c 153 driver_register -- functionpoint
[    0.057124] drivers/base/bus.c 642 bus_add_driver -- functionpoint
[    0.057124] drivers/base/bus.c 649 bus_add_driver -- functionpoint -- bus: 'platform': add driver rc5t583-gpio
[    0.057124] drivers/base/bus.c 153 driver_register -- functionpoint
[    0.057124] drivers/base/bus.c 642 bus_add_driver -- functionpoint
[    0.057124] drivers/base/bus.c 649 bus_add_driver -- functionpoint -- bus: 'platform': add driver palmas-gpio
[    0.057124] drivers/base/bus.c 153 driver_register -- functionpoint
[    0.057124] drivers/base/bus.c 642 bus_add_driver -- functionpoint
[    0.057124] drivers/base/bus.c 649 bus_add_driver -- functionpoint -- bus: 'platform': add driver tps6586x-gpio
[    0.057124] drivers/base/bus.c 153 driver_register -- functionpoint
[    0.057124] drivers/base/bus.c 642 bus_add_driver -- functionpoint
[    0.057124] drivers/base/bus.c 649 bus_add_driver -- functionpoint -- bus: 'platform': add driver tps65910-gpio
[    0.057124] ACPI: Added _OSI(Module Device)
[    0.057124] ACPI: Added _OSI(Processor Device)
[    0.057124] ACPI: Added _OSI(3.0 _SCP Extensions)
[    0.057124] ACPI: Added _OSI(Processor Aggregator Device)
[    0.061860] ACPI: Executed 30 blocks of module-level executable AML code
[    0.072038] ACPI: [Firmware Bug]: BIOS _OSI(Linux) query ignored
[    0.080242] ACPI: Dynamic OEM Table Load:
[    0.080253] ACPI: SSDT 0xFFFF95BF14FB3600 0000F4 (v02 PmRef  Cpu0Psd  00003000 INTL 20160527)
[    0.080485] ACPI: Executed 1 blocks of module-level executable AML code
[    0.080607] ACPI: \_SB_.PR00: _OSC native thermal LVT Acked
[    0.081566] ACPI: Dynamic OEM Table Load:
[    0.081572] ACPI: SSDT 0xFFFF95BF14FBFC00 000400 (v02 PmRef  Cpu0Cst  00003001 INTL 20160527)
[    0.081796] ACPI: Executed 1 blocks of module-level executable AML code
[    0.082029] ACPI: Dynamic OEM Table Load:
[    0.082035] ACPI: SSDT 0xFFFF95BF14EF7800 000605 (v02 PmRef  Cpu0Ist  00003000 INTL 20160527)
[    0.082236] ACPI: Executed 1 blocks of module-level executable AML code
[    0.082429] ACPI: Dynamic OEM Table Load:
[    0.082434] ACPI: SSDT 0xFFFF95BF14F37800 000149 (v02 PmRef  Cpu0Hwp  00003000 INTL 20160527)
[    0.082631] ACPI: Executed 2 blocks of module-level executable AML code
[    0.082803] ACPI: Dynamic OEM Table Load:
[    0.082808] ACPI: SSDT 0xFFFF95BF14EF4800 000724 (v02 PmRef  HwpLvt   00003000 INTL 20160527)
[    0.082992] ACPI: Executed 1 blocks of module-level executable AML code
[    0.083483] ACPI: Dynamic OEM Table Load:
[    0.083488] ACPI: SSDT 0xFFFF95BF14EF6000 0005FC (v02 PmRef  ApIst    00003000 INTL 20160527)
[    0.083888] ACPI: Executed 1 blocks of module-level executable AML code
[    0.084085] ACPI: Dynamic OEM Table Load:
[    0.084090] ACPI: SSDT 0xFFFF95BF14FBF000 000317 (v02 PmRef  ApHwp    00003000 INTL 20160527)
[    0.084367] ACPI: Executed 1 blocks of module-level executable AML code
[    0.084682] ACPI: Dynamic OEM Table Load:
[    0.084688] ACPI: SSDT 0xFFFF95BF17143000 000AB0 (v02 PmRef  ApPsd    00003000 INTL 20160527)
[    0.085541] ACPI: Executed 1 blocks of module-level executable AML code
[    0.085739] ACPI: Dynamic OEM Table Load:
[    0.085744] ACPI: SSDT 0xFFFF95BF14FB9000 00030A (v02 PmRef  ApCst    00003000 INTL 20160527)
[    0.086026] ACPI: Executed 1 blocks of module-level executable AML code
[    0.088977] ACPI: EC: EC started
[    0.088977] ACPI: EC: interrupt blocked
[    0.088994] ACPI: \_SB_.PCI0.LPCB.EC0_: Used as first EC
[    0.088995] ACPI: \_SB_.PCI0.LPCB.EC0_: GPE=0x6e, EC_CMD/EC_SC=0x66, EC_DATA=0x62
[    0.088996] ACPI: \_SB_.PCI0.LPCB.EC0_: Used as boot DSDT EC to handle transactions
[    0.088997] ACPI: Interpreter enabled
[    0.089046] ACPI: (supports S0 S3 S4 S5)
[    0.089047] ACPI: Using IOAPIC for interrupt routing
[    0.089087] PCI: MMCONFIG for domain 0000 [bus 00-3f] at [mem 0xf8000000-0xfbffffff] (base 0xf8000000)
[    0.091727] PCI: MMCONFIG at [mem 0xf8000000-0xfbffffff] reserved in ACPI motherboard resources
[    0.091732] drivers/acpi/pci_root.c 920 acpi_pci_root_init --functionpoint
[    0.091732] drivers/acpi/apei/hest.c 228 acpi_hest_init -- functionpoint
[    0.091737] PCI: Using host bridge windows from ACPI; if necessary, use "pci=nocrs" and report a bug
[    0.092132] drivers/base/bus.c 153 driver_register -- functionpoint
[    0.092133] drivers/base/bus.c 642 bus_add_driver -- functionpoint
[    0.092136] drivers/base/bus.c 649 bus_add_driver -- functionpoint -- bus: 'platform': add driver clk-lpt
[    0.092194] ACPI: Enabled 4 GPEs in block 00 to 7F
[    0.092196] drivers/acpi/scan.c 2010 acpi_bus_scan -- functionpoint
[    0.099116] ACPI: Power Resource [USBC] (on)
[    0.099941] ACPI: Power Resource [WRST] (on)
[    0.100355] ACPI: Power Resource [WRST] (on)
[    0.100756] ACPI: Power Resource [WRST] (on)
[    0.101159] ACPI: Power Resource [WRST] (on)
[    0.101569] ACPI: Power Resource [WRST] (on)
[    0.101969] ACPI: Power Resource [WRST] (on)
[    0.102370] ACPI: Power Resource [WRST] (on)
[    0.102774] ACPI: Power Resource [WRST] (on)
[    0.103177] ACPI: Power Resource [WRST] (on)
[    0.103576] ACPI: Power Resource [WRST] (on)
[    0.103977] ACPI: Power Resource [WRST] (on)
[    0.104382] ACPI: Power Resource [WRST] (on)
[    0.104781] ACPI: Power Resource [WRST] (on)
[    0.105183] ACPI: Power Resource [WRST] (on)
[    0.105592] ACPI: Power Resource [WRST] (on)
[    0.105991] ACPI: Power Resource [WRST] (on)
[    0.106393] ACPI: Power Resource [WRST] (on)
[    0.106798] ACPI: Power Resource [WRST] (on)
[    0.107204] ACPI: Power Resource [WRST] (on)
[    0.107615] ACPI: Power Resource [WRST] (on)
[    0.109327] ACPI: Power Resource [V0PR] (on)
[    0.109540] ACPI: Power Resource [V1PR] (on)
[    0.109748] ACPI: Power Resource [V2PR] (on)
[    0.114333] ACPI: Power Resource [WRST] (on)
[    0.116547] drivers/acpi/pci_root.c 528 acpi_pci_root_add -- functionpoint
[    0.116936] ACPI: PCI Root Bridge [PCI0] (domain 0000 [bus 00-3e])
[    0.116939] ACPI: drivers/acpi/pci_root.c 584 acpi_pci_root_add --  functionpoint -- PCI Root Bridge [PCI0] (domain 0000 [bus 00-3e])
[    0.116946] acpi PNP0A08:00: _OSC: OS supports [ExtendedConfig ASPM ClockPM Segments MSI]
[    0.120298] acpi PNP0A08:00: _OSC: OS now controls [PCIeHotplug PME AER PCIeCapability]
[    0.120299] acpi PNP0A08:00: FADT indicates ASPM is unsupported, using BIOS configuration
[    0.120314] arch/x86/pci/acpi.c 335 pci_acpi_scan_root -- functionpoint
[    0.120314] drivers/pci/search.c 144 pci_find_bus -- functionpoint
[    0.120317] drivers/pci/search.c 145 pci_find_bus functionpoint -- domain_num = 0, bus_num = 0
[    0.120320] drivers/pci/search.c 176 pci_find_next_bus -- functionpoint
[    0.120321] drivers/pci/search.c 157 pci_find_bus not found bus -- functionpoint
[    0.120334] drivers/acpi/pci_root.c 881 acpi_pci_root_create -- functionpoint
[    0.120715] drivers/pci/probe.c 2643 pci_create_root_bus -- functionpoint
[    0.120717] drivers/pci/probe.c 533 pci_alloc_host_bridge -- functionpoint
[    0.120719] drivers/pci/probe.c 765 pci_register_host_bridge -- functionpoint
[    0.120721] drivers/pci/search.c 144 pci_find_bus -- functionpoint
[    0.120723] drivers/pci/search.c 145 pci_find_bus functionpoint -- domain_num = 0, bus_num = 0
[    0.120726] drivers/pci/search.c 176 pci_find_next_bus -- functionpoint
[    0.120726] drivers/pci/search.c 157 pci_find_bus not found bus -- functionpoint
[    0.121787] drivers/pci/probe.c 2009 pci_bus_read_dev_vendor_id -- functionpoint
[    0.121802] drivers/pci/probe.c 2009 pci_bus_read_dev_vendor_id -- functionpoint
[    0.121818] drivers/pci/probe.c 2009 pci_bus_read_dev_vendor_id -- functionpoint
[    0.121830] drivers/pci/probe.c 2009 pci_bus_read_dev_vendor_id -- functionpoint
[    0.121841] drivers/pci/probe.c 2009 pci_bus_read_dev_vendor_id -- functionpoint
[    0.121857] drivers/pci/probe.c 2009 pci_bus_read_dev_vendor_id -- functionpoint
[    0.121864] drivers/pci/probe.c 2009 pci_bus_read_dev_vendor_id -- functionpoint
[    0.121877] drivers/pci/probe.c 2009 pci_bus_read_dev_vendor_id -- functionpoint
[    0.121890] drivers/pci/probe.c 2009 pci_bus_read_dev_vendor_id -- functionpoint
[    0.121896] drivers/pci/probe.c 2009 pci_bus_read_dev_vendor_id -- functionpoint
[    0.121907] drivers/pci/probe.c 2009 pci_bus_read_dev_vendor_id -- functionpoint
[    0.121956] drivers/pci/probe.c 2009 pci_bus_read_dev_vendor_id -- functionpoint
[    0.122009] drivers/pci/probe.c 2009 pci_bus_read_dev_vendor_id -- functionpoint
[    0.122062] drivers/pci/probe.c 2009 pci_bus_read_dev_vendor_id -- functionpoint
[    0.122115] drivers/pci/probe.c 2009 pci_bus_read_dev_vendor_id -- functionpoint
[    0.122167] drivers/pci/probe.c 2009 pci_bus_read_dev_vendor_id -- functionpoint
[    0.122220] drivers/pci/probe.c 2009 pci_bus_read_dev_vendor_id -- functionpoint
[    0.122272] drivers/pci/probe.c 2009 pci_bus_read_dev_vendor_id -- functionpoint
[    0.122321] drivers/pci/probe.c 2009 pci_bus_read_dev_vendor_id -- functionpoint
[    0.122375] drivers/pci/probe.c 2009 pci_bus_read_dev_vendor_id -- functionpoint
[    0.122427] drivers/pci/probe.c 2009 pci_bus_read_dev_vendor_id -- functionpoint
[    0.122480] drivers/pci/probe.c 2009 pci_bus_read_dev_vendor_id -- functionpoint
[    0.122533] drivers/pci/probe.c 2009 pci_bus_read_dev_vendor_id -- functionpoint
[    0.122585] drivers/pci/probe.c 2009 pci_bus_read_dev_vendor_id -- functionpoint
[    0.122637] drivers/pci/probe.c 2009 pci_bus_read_dev_vendor_id -- functionpoint
[    0.122690] drivers/pci/probe.c 2009 pci_bus_read_dev_vendor_id -- functionpoint
[    0.122743] drivers/pci/probe.c 2009 pci_bus_read_dev_vendor_id -- functionpoint
[    0.122797] drivers/pci/probe.c 2009 pci_bus_read_dev_vendor_id -- functionpoint
[    0.122850] drivers/pci/probe.c 2009 pci_bus_read_dev_vendor_id -- functionpoint
[    0.122903] drivers/pci/probe.c 2009 pci_bus_read_dev_vendor_id -- functionpoint
[    0.122956] drivers/pci/probe.c 2009 pci_bus_read_dev_vendor_id -- functionpoint
[    0.123009] drivers/pci/probe.c 2009 pci_bus_read_dev_vendor_id -- functionpoint
[    0.123058] drivers/pci/probe.c 2009 pci_bus_read_dev_vendor_id -- functionpoint
[    0.123112] drivers/pci/probe.c 2009 pci_bus_read_dev_vendor_id -- functionpoint
[    0.123164] drivers/pci/probe.c 2009 pci_bus_read_dev_vendor_id -- functionpoint
[    0.123180] drivers/pci/probe.c 2009 pci_bus_read_dev_vendor_id -- functionpoint
[    0.123198] drivers/pci/probe.c 2009 pci_bus_read_dev_vendor_id -- functionpoint
[    0.123213] drivers/pci/probe.c 2009 pci_bus_read_dev_vendor_id -- functionpoint
[    0.123224] drivers/pci/probe.c 2009 pci_bus_read_dev_vendor_id -- functionpoint
[    0.123237] drivers/pci/probe.c 2009 pci_bus_read_dev_vendor_id -- functionpoint
[    0.123243] drivers/pci/probe.c 2009 pci_bus_read_dev_vendor_id -- functionpoint
[    0.123250] drivers/pci/probe.c 2009 pci_bus_read_dev_vendor_id -- functionpoint
[    0.123258] PCI host bridge to bus 0000:00
[    0.123261] pci_bus 0000:00: root bus resource [io  0x0000-0x0cf7 window]
[    0.123262] pci_bus 0000:00: root bus resource [io  0x0d00-0xffff window]
[    0.123264] pci_bus 0000:00: root bus resource [mem 0x000a0000-0x000bffff window]
[    0.123265] pci_bus 0000:00: root bus resource [mem 0xd4800000-0xf7ffffff window]
[    0.123266] pci_bus 0000:00: root bus resource [mem 0x4000000000-0x7fffffffff window]
[    0.123267] pci_bus 0000:00: root bus resource [mem 0xfc800000-0xfe7fffff window]
[    0.123268] pci_bus 0000:00: root bus resource [bus 00-3e]
[    0.123269] drivers/pci/probe.c 2497 pci_scan_child_bus_extend -- functionpoint
[    0.123270] pci_bus 0000:00: drivers/pci/probe.c 2501 pci_scan_child_bus_extend-- functionpoint -- scanning bus
[    0.123273] drivers/pci/probe.c 2281 pci_scan_slot -- functionpoint
[    0.123274] drivers/pci/probe.c 2196 pci_scan_single_device -- functionpoint
[    0.123275] drivers/pci/search.c 206 pci_get_slot -- functionpoint
[    0.123277] drivers/pci/probe.c 2035 pci_scan_device -- functionpoint
[    0.123279] drivers/pci/probe.c 2009 pci_bus_read_dev_vendor_id -- functionpoint
[    0.123281] drivers/pci/probe.c 2048 pci_scan_device -- functionpoint -- dev_vendor: 8086, dev_device: 3e30
[    0.123285] drivers/pci/probe.c 1453 pci_setup_device -- functionpoint
[    0.123290] pci 0000:00:00.0: [8086:3e30] type 00 class 0x060000
[    0.123293] pci 0000:00:00.0: drivers/pci/probe.c 1482 pci_setup_device functionpoint -- [8086:3e30] type 00 class 0x060000
[    0.123307] drivers/pci/probe.c 1513 pci_setup_device  switch case PCI_HEADER_TYPE_NORMAL -- functionpoint
[    0.123319] drivers/pci/probe.c 2145 pci_device_add -- functionpoint
[    0.124335] drivers/pci/probe.c 2288 pci_scan_slot -- functionpoint -- fn = 0, devfn = 0, fn+devfn = 0
[    0.124338] drivers/pci/probe.c 2220 next_fn -- functionpoint
[    0.124339] drivers/pci/probe.c 2281 pci_scan_slot -- functionpoint
[    0.124341] drivers/pci/probe.c 2196 pci_scan_single_device -- functionpoint
[    0.124342] drivers/pci/search.c 206 pci_get_slot -- functionpoint
[    0.124344] drivers/pci/probe.c 2035 pci_scan_device -- functionpoint
[    0.124345] drivers/pci/probe.c 2009 pci_bus_read_dev_vendor_id -- functionpoint
[    0.124357] drivers/pci/probe.c 2288 pci_scan_slot -- functionpoint -- fn = 0, devfn = 8, fn+devfn = 8
[    0.124360] drivers/pci/probe.c 2281 pci_scan_slot -- functionpoint
[    0.124360] drivers/pci/probe.c 2196 pci_scan_single_device -- functionpoint
[    0.124362] drivers/pci/search.c 206 pci_get_slot -- functionpoint
[    0.124364] drivers/pci/probe.c 2035 pci_scan_device -- functionpoint
[    0.124365] drivers/pci/probe.c 2009 pci_bus_read_dev_vendor_id -- functionpoint
[    0.124367] drivers/pci/probe.c 2048 pci_scan_device -- functionpoint -- dev_vendor: 8086, dev_device: 3e98
[    0.124371] drivers/pci/probe.c 1453 pci_setup_device -- functionpoint
[    0.124376] pci 0000:00:02.0: [8086:3e98] type 00 class 0x030000
[    0.124378] pci 0000:00:02.0: drivers/pci/probe.c 1482 pci_setup_device functionpoint -- [8086:3e98] type 00 class 0x030000
[    0.124383] drivers/pci/probe.c 1513 pci_setup_device  switch case PCI_HEADER_TYPE_NORMAL -- functionpoint
[    0.124389] pci 0000:00:02.0: reg 0x10: [mem 0xf0000000-0xf0ffffff 64bit]
[    0.124396] pci 0000:00:02.0: reg 0x18: [mem 0xe0000000-0xefffffff 64bit pref]
[    0.124400] pci 0000:00:02.0: reg 0x20: [io  0x4000-0x403f]
[    0.124405] drivers/pci/probe.c 2145 pci_device_add -- functionpoint
[    0.124412] pci 0000:00:02.0: BAR 2: assigned to efifb
[    0.125444] drivers/pci/probe.c 2288 pci_scan_slot -- functionpoint -- fn = 0, devfn = 16, fn+devfn = 16
[    0.125446] drivers/pci/probe.c 2220 next_fn -- functionpoint
[    0.125447] drivers/pci/probe.c 2281 pci_scan_slot -- functionpoint
[    0.125448] drivers/pci/probe.c 2196 pci_scan_single_device -- functionpoint
[    0.125450] drivers/pci/search.c 206 pci_get_slot -- functionpoint
[    0.125451] drivers/pci/probe.c 2035 pci_scan_device -- functionpoint
[    0.125453] drivers/pci/probe.c 2009 pci_bus_read_dev_vendor_id -- functionpoint
[    0.125465] drivers/pci/probe.c 2288 pci_scan_slot -- functionpoint -- fn = 0, devfn = 24, fn+devfn = 24
[    0.125468] drivers/pci/probe.c 2281 pci_scan_slot -- functionpoint
[    0.125468] drivers/pci/probe.c 2196 pci_scan_single_device -- functionpoint
[    0.125470] drivers/pci/search.c 206 pci_get_slot -- functionpoint
[    0.125471] drivers/pci/probe.c 2035 pci_scan_device -- functionpoint
[    0.125473] drivers/pci/probe.c 2009 pci_bus_read_dev_vendor_id -- functionpoint
[    0.125481] drivers/pci/probe.c 2288 pci_scan_slot -- functionpoint -- fn = 0, devfn = 32, fn+devfn = 32
[    0.125485] drivers/pci/probe.c 2281 pci_scan_slot -- functionpoint
[    0.125485] drivers/pci/probe.c 2196 pci_scan_single_device -- functionpoint
[    0.125487] drivers/pci/search.c 206 pci_get_slot -- functionpoint
[    0.125488] drivers/pci/probe.c 2035 pci_scan_device -- functionpoint
[    0.125490] drivers/pci/probe.c 2009 pci_bus_read_dev_vendor_id -- functionpoint
[    0.125507] drivers/pci/probe.c 2288 pci_scan_slot -- functionpoint -- fn = 0, devfn = 40, fn+devfn = 40
[    0.125510] drivers/pci/probe.c 2281 pci_scan_slot -- functionpoint
[    0.125510] drivers/pci/probe.c 2196 pci_scan_single_device -- functionpoint
[    0.125512] drivers/pci/search.c 206 pci_get_slot -- functionpoint
[    0.125514] drivers/pci/probe.c 2035 pci_scan_device -- functionpoint
[    0.125515] drivers/pci/probe.c 2009 pci_bus_read_dev_vendor_id -- functionpoint
[    0.125532] drivers/pci/probe.c 2288 pci_scan_slot -- functionpoint -- fn = 0, devfn = 48, fn+devfn = 48
[    0.125535] drivers/pci/probe.c 2281 pci_scan_slot -- functionpoint
[    0.125536] drivers/pci/probe.c 2196 pci_scan_single_device -- functionpoint
[    0.125537] drivers/pci/search.c 206 pci_get_slot -- functionpoint
[    0.125539] drivers/pci/probe.c 2035 pci_scan_device -- functionpoint
[    0.125540] drivers/pci/probe.c 2009 pci_bus_read_dev_vendor_id -- functionpoint
[    0.125557] drivers/pci/probe.c 2288 pci_scan_slot -- functionpoint -- fn = 0, devfn = 56, fn+devfn = 56
[    0.125560] drivers/pci/probe.c 2281 pci_scan_slot -- functionpoint
[    0.125561] drivers/pci/probe.c 2196 pci_scan_single_device -- functionpoint
[    0.125562] drivers/pci/search.c 206 pci_get_slot -- functionpoint
[    0.125564] drivers/pci/probe.c 2035 pci_scan_device -- functionpoint
[    0.125565] drivers/pci/probe.c 2009 pci_bus_read_dev_vendor_id -- functionpoint
[    0.125582] drivers/pci/probe.c 2288 pci_scan_slot -- functionpoint -- fn = 0, devfn = 64, fn+devfn = 64
[    0.125585] drivers/pci/probe.c 2281 pci_scan_slot -- functionpoint
[    0.125586] drivers/pci/probe.c 2196 pci_scan_single_device -- functionpoint
[    0.125587] drivers/pci/search.c 206 pci_get_slot -- functionpoint
[    0.125589] drivers/pci/probe.c 2035 pci_scan_device -- functionpoint
[    0.125590] drivers/pci/probe.c 2009 pci_bus_read_dev_vendor_id -- functionpoint
[    0.125607] drivers/pci/probe.c 2288 pci_scan_slot -- functionpoint -- fn = 0, devfn = 72, fn+devfn = 72
[    0.125610] drivers/pci/probe.c 2281 pci_scan_slot -- functionpoint
[    0.125610] drivers/pci/probe.c 2196 pci_scan_single_device -- functionpoint
[    0.125612] drivers/pci/search.c 206 pci_get_slot -- functionpoint
[    0.125614] drivers/pci/probe.c 2035 pci_scan_device -- functionpoint
[    0.125615] drivers/pci/probe.c 2009 pci_bus_read_dev_vendor_id -- functionpoint
[    0.125624] drivers/pci/probe.c 2288 pci_scan_slot -- functionpoint -- fn = 0, devfn = 80, fn+devfn = 80
[    0.125627] drivers/pci/probe.c 2281 pci_scan_slot -- functionpoint
[    0.125627] drivers/pci/probe.c 2196 pci_scan_single_device -- functionpoint
[    0.125629] drivers/pci/search.c 206 pci_get_slot -- functionpoint
[    0.125631] drivers/pci/probe.c 2035 pci_scan_device -- functionpoint
[    0.125632] drivers/pci/probe.c 2009 pci_bus_read_dev_vendor_id -- functionpoint
[    0.125650] drivers/pci/probe.c 2288 pci_scan_slot -- functionpoint -- fn = 0, devfn = 88, fn+devfn = 88
[    0.125653] drivers/pci/probe.c 2281 pci_scan_slot -- functionpoint
[    0.125653] drivers/pci/probe.c 2196 pci_scan_single_device -- functionpoint
[    0.125655] drivers/pci/search.c 206 pci_get_slot -- functionpoint
[    0.125656] drivers/pci/probe.c 2035 pci_scan_device -- functionpoint
[    0.125658] drivers/pci/probe.c 2009 pci_bus_read_dev_vendor_id -- functionpoint
[    0.125667] drivers/pci/probe.c 2288 pci_scan_slot -- functionpoint -- fn = 0, devfn = 96, fn+devfn = 96
[    0.125670] drivers/pci/probe.c 2281 pci_scan_slot -- functionpoint
[    0.125670] drivers/pci/probe.c 2196 pci_scan_single_device -- functionpoint
[    0.125672] drivers/pci/search.c 206 pci_get_slot -- functionpoint
[    0.125673] drivers/pci/probe.c 2035 pci_scan_device -- functionpoint
[    0.125675] drivers/pci/probe.c 2009 pci_bus_read_dev_vendor_id -- functionpoint
[    0.125684] drivers/pci/probe.c 2288 pci_scan_slot -- functionpoint -- fn = 0, devfn = 104, fn+devfn = 104
[    0.125687] drivers/pci/probe.c 2281 pci_scan_slot -- functionpoint
[    0.125687] drivers/pci/probe.c 2196 pci_scan_single_device -- functionpoint
[    0.125689] drivers/pci/search.c 206 pci_get_slot -- functionpoint
[    0.125690] drivers/pci/probe.c 2035 pci_scan_device -- functionpoint
[    0.125692] drivers/pci/probe.c 2009 pci_bus_read_dev_vendor_id -- functionpoint
[    0.125709] drivers/pci/probe.c 2288 pci_scan_slot -- functionpoint -- fn = 0, devfn = 112, fn+devfn = 112
[    0.125712] drivers/pci/probe.c 2281 pci_scan_slot -- functionpoint
[    0.125713] drivers/pci/probe.c 2196 pci_scan_single_device -- functionpoint
[    0.125714] drivers/pci/search.c 206 pci_get_slot -- functionpoint
[    0.125716] drivers/pci/probe.c 2035 pci_scan_device -- functionpoint
[    0.125717] drivers/pci/probe.c 2009 pci_bus_read_dev_vendor_id -- functionpoint
[    0.125734] drivers/pci/probe.c 2288 pci_scan_slot -- functionpoint -- fn = 0, devfn = 120, fn+devfn = 120
[    0.125737] drivers/pci/probe.c 2281 pci_scan_slot -- functionpoint
[    0.125738] drivers/pci/probe.c 2196 pci_scan_single_device -- functionpoint
[    0.125739] drivers/pci/search.c 206 pci_get_slot -- functionpoint
[    0.125741] drivers/pci/probe.c 2035 pci_scan_device -- functionpoint
[    0.125742] drivers/pci/probe.c 2009 pci_bus_read_dev_vendor_id -- functionpoint
[    0.125759] drivers/pci/probe.c 2288 pci_scan_slot -- functionpoint -- fn = 0, devfn = 128, fn+devfn = 128
[    0.125762] drivers/pci/probe.c 2281 pci_scan_slot -- functionpoint
[    0.125763] drivers/pci/probe.c 2196 pci_scan_single_device -- functionpoint
[    0.125764] drivers/pci/search.c 206 pci_get_slot -- functionpoint
[    0.125766] drivers/pci/probe.c 2035 pci_scan_device -- functionpoint
[    0.125767] drivers/pci/probe.c 2009 pci_bus_read_dev_vendor_id -- functionpoint
[    0.125784] drivers/pci/probe.c 2288 pci_scan_slot -- functionpoint -- fn = 0, devfn = 136, fn+devfn = 136
[    0.125787] drivers/pci/probe.c 2281 pci_scan_slot -- functionpoint
[    0.125788] drivers/pci/probe.c 2196 pci_scan_single_device -- functionpoint
[    0.125789] drivers/pci/search.c 206 pci_get_slot -- functionpoint
[    0.125791] drivers/pci/probe.c 2035 pci_scan_device -- functionpoint
[    0.125792] drivers/pci/probe.c 2009 pci_bus_read_dev_vendor_id -- functionpoint
[    0.125798] drivers/pci/probe.c 2048 pci_scan_device -- functionpoint -- dev_vendor: 8086, dev_device: a379
[    0.125801] drivers/pci/probe.c 1453 pci_setup_device -- functionpoint
[    0.125812] pci 0000:00:12.0: [8086:a379] type 00 class 0x118000
[    0.125815] pci 0000:00:12.0: drivers/pci/probe.c 1482 pci_setup_device functionpoint -- [8086:a379] type 00 class 0x118000
[    0.125829] drivers/pci/probe.c 1513 pci_setup_device  switch case PCI_HEADER_TYPE_NORMAL -- functionpoint
[    0.125847] pci 0000:00:12.0: reg 0x10: [mem 0x4000107000-0x4000107fff 64bit]
[    0.125889] drivers/pci/probe.c 2145 pci_device_add -- functionpoint
[    0.126932] drivers/pci/probe.c 2288 pci_scan_slot -- functionpoint -- fn = 0, devfn = 144, fn+devfn = 144
[    0.126935] drivers/pci/probe.c 2220 next_fn -- functionpoint
[    0.126936] drivers/pci/probe.c 2196 pci_scan_single_device -- functionpoint
[    0.126937] drivers/pci/search.c 206 pci_get_slot -- functionpoint
[    0.126939] drivers/pci/probe.c 2035 pci_scan_device -- functionpoint
[    0.126940] drivers/pci/probe.c 2009 pci_bus_read_dev_vendor_id -- functionpoint
[    0.126952] drivers/pci/probe.c 2298 pci_scan_slot -- functionpoint -- fn = 1, devfn = 144, fn+devfn = 145
[    0.126955] drivers/pci/probe.c 2220 next_fn -- functionpoint
[    0.126955] drivers/pci/probe.c 2196 pci_scan_single_device -- functionpoint
[    0.126957] drivers/pci/search.c 206 pci_get_slot -- functionpoint
[    0.126959] drivers/pci/probe.c 2035 pci_scan_device -- functionpoint
[    0.126960] drivers/pci/probe.c 2009 pci_bus_read_dev_vendor_id -- functionpoint
[    0.126976] drivers/pci/probe.c 2298 pci_scan_slot -- functionpoint -- fn = 2, devfn = 144, fn+devfn = 146
[    0.126980] drivers/pci/probe.c 2220 next_fn -- functionpoint
[    0.126980] drivers/pci/probe.c 2196 pci_scan_single_device -- functionpoint
[    0.126981] drivers/pci/search.c 206 pci_get_slot -- functionpoint
[    0.126983] drivers/pci/probe.c 2035 pci_scan_device -- functionpoint
[    0.126984] drivers/pci/probe.c 2009 pci_bus_read_dev_vendor_id -- functionpoint
[    0.127001] drivers/pci/probe.c 2298 pci_scan_slot -- functionpoint -- fn = 3, devfn = 144, fn+devfn = 147
[    0.127005] drivers/pci/probe.c 2220 next_fn -- functionpoint
[    0.127005] drivers/pci/probe.c 2196 pci_scan_single_device -- functionpoint
[    0.127006] drivers/pci/search.c 206 pci_get_slot -- functionpoint
[    0.127008] drivers/pci/probe.c 2035 pci_scan_device -- functionpoint
[    0.127010] drivers/pci/probe.c 2009 pci_bus_read_dev_vendor_id -- functionpoint
[    0.127026] drivers/pci/probe.c 2298 pci_scan_slot -- functionpoint -- fn = 4, devfn = 144, fn+devfn = 148
[    0.127030] drivers/pci/probe.c 2220 next_fn -- functionpoint
[    0.127030] drivers/pci/probe.c 2196 pci_scan_single_device -- functionpoint
[    0.127032] drivers/pci/search.c 206 pci_get_slot -- functionpoint
[    0.127033] drivers/pci/probe.c 2035 pci_scan_device -- functionpoint
[    0.127035] drivers/pci/probe.c 2009 pci_bus_read_dev_vendor_id -- functionpoint
[    0.127052] drivers/pci/probe.c 2298 pci_scan_slot -- functionpoint -- fn = 5, devfn = 144, fn+devfn = 149
[    0.127055] drivers/pci/probe.c 2220 next_fn -- functionpoint
[    0.127055] drivers/pci/probe.c 2196 pci_scan_single_device -- functionpoint
[    0.127057] drivers/pci/search.c 206 pci_get_slot -- functionpoint
[    0.127058] drivers/pci/probe.c 2035 pci_scan_device -- functionpoint
[    0.127060] drivers/pci/probe.c 2009 pci_bus_read_dev_vendor_id -- functionpoint
[    0.127071] drivers/pci/probe.c 2298 pci_scan_slot -- functionpoint -- fn = 6, devfn = 144, fn+devfn = 150
[    0.127074] drivers/pci/probe.c 2220 next_fn -- functionpoint
[    0.127075] drivers/pci/probe.c 2196 pci_scan_single_device -- functionpoint
[    0.127076] drivers/pci/search.c 206 pci_get_slot -- functionpoint
[    0.127078] drivers/pci/probe.c 2035 pci_scan_device -- functionpoint
[    0.127079] drivers/pci/probe.c 2009 pci_bus_read_dev_vendor_id -- functionpoint
[    0.127098] drivers/pci/probe.c 2298 pci_scan_slot -- functionpoint -- fn = 7, devfn = 144, fn+devfn = 151
[    0.127101] drivers/pci/probe.c 2220 next_fn -- functionpoint
[    0.127101] drivers/pci/probe.c 2281 pci_scan_slot -- functionpoint
[    0.127103] drivers/pci/probe.c 2196 pci_scan_single_device -- functionpoint
[    0.127104] drivers/pci/search.c 206 pci_get_slot -- functionpoint
[    0.127106] drivers/pci/probe.c 2035 pci_scan_device -- functionpoint
[    0.127107] drivers/pci/probe.c 2009 pci_bus_read_dev_vendor_id -- functionpoint
[    0.127117] drivers/pci/probe.c 2288 pci_scan_slot -- functionpoint -- fn = 0, devfn = 152, fn+devfn = 152
[    0.127120] drivers/pci/probe.c 2281 pci_scan_slot -- functionpoint
[    0.127121] drivers/pci/probe.c 2196 pci_scan_single_device -- functionpoint
[    0.127122] drivers/pci/search.c 206 pci_get_slot -- functionpoint
[    0.127124] drivers/pci/probe.c 2035 pci_scan_device -- functionpoint
[    0.127125] drivers/pci/probe.c 2009 pci_bus_read_dev_vendor_id -- functionpoint
[    0.127130] drivers/pci/probe.c 2048 pci_scan_device -- functionpoint -- dev_vendor: 8086, dev_device: a36d
[    0.127133] drivers/pci/probe.c 1453 pci_setup_device -- functionpoint
[    0.127146] pci 0000:00:14.0: [8086:a36d] type 00 class 0x0c0330
[    0.127148] pci 0000:00:14.0: drivers/pci/probe.c 1482 pci_setup_device functionpoint -- [8086:a36d] type 00 class 0x0c0330
[    0.127164] drivers/pci/probe.c 1513 pci_setup_device  switch case PCI_HEADER_TYPE_NORMAL -- functionpoint
[    0.127184] pci 0000:00:14.0: reg 0x10: [mem 0xf1220000-0xf122ffff 64bit]
[    0.127240] drivers/pci/probe.c 2145 pci_device_add -- functionpoint
[    0.127290] pci 0000:00:14.0: PME# supported from D3hot D3cold
[    0.128371] drivers/pci/probe.c 2288 pci_scan_slot -- functionpoint -- fn = 0, devfn = 160, fn+devfn = 160
[    0.128374] drivers/pci/probe.c 2220 next_fn -- functionpoint
[    0.128374] drivers/pci/probe.c 2196 pci_scan_single_device -- functionpoint
[    0.128376] drivers/pci/search.c 206 pci_get_slot -- functionpoint
[    0.128377] drivers/pci/probe.c 2035 pci_scan_device -- functionpoint
[    0.128379] drivers/pci/probe.c 2009 pci_bus_read_dev_vendor_id -- functionpoint
[    0.128390] drivers/pci/probe.c 2298 pci_scan_slot -- functionpoint -- fn = 1, devfn = 160, fn+devfn = 161
[    0.128394] drivers/pci/probe.c 2220 next_fn -- functionpoint
[    0.128394] drivers/pci/probe.c 2196 pci_scan_single_device -- functionpoint
[    0.128396] drivers/pci/search.c 206 pci_get_slot -- functionpoint
[    0.128397] drivers/pci/probe.c 2035 pci_scan_device -- functionpoint
[    0.128399] drivers/pci/probe.c 2009 pci_bus_read_dev_vendor_id -- functionpoint
[    0.128411] drivers/pci/probe.c 2048 pci_scan_device -- functionpoint -- dev_vendor: 8086, dev_device: a36f
[    0.128414] drivers/pci/probe.c 1453 pci_setup_device -- functionpoint
[    0.128424] pci 0000:00:14.2: [8086:a36f] type 00 class 0x050000
[    0.128427] pci 0000:00:14.2: drivers/pci/probe.c 1482 pci_setup_device functionpoint -- [8086:a36f] type 00 class 0x050000
[    0.128439] drivers/pci/probe.c 1513 pci_setup_device  switch case PCI_HEADER_TYPE_NORMAL -- functionpoint
[    0.128455] pci 0000:00:14.2: reg 0x10: [mem 0xf1232000-0xf1233fff 64bit]
[    0.128471] pci 0000:00:14.2: reg 0x18: [mem 0x4000106000-0x4000106fff 64bit]
[    0.128496] drivers/pci/probe.c 2145 pci_device_add -- functionpoint
[    0.129529] drivers/pci/probe.c 2298 pci_scan_slot -- functionpoint -- fn = 2, devfn = 160, fn+devfn = 162
[    0.129532] drivers/pci/probe.c 2220 next_fn -- functionpoint
[    0.129533] drivers/pci/probe.c 2196 pci_scan_single_device -- functionpoint
[    0.129534] drivers/pci/search.c 206 pci_get_slot -- functionpoint
[    0.129536] drivers/pci/probe.c 2035 pci_scan_device -- functionpoint
[    0.129537] drivers/pci/probe.c 2009 pci_bus_read_dev_vendor_id -- functionpoint
[    0.129543] drivers/pci/probe.c 2298 pci_scan_slot -- functionpoint -- fn = 3, devfn = 160, fn+devfn = 163
[    0.129546] drivers/pci/probe.c 2220 next_fn -- functionpoint
[    0.129547] drivers/pci/probe.c 2196 pci_scan_single_device -- functionpoint
[    0.129548] drivers/pci/search.c 206 pci_get_slot -- functionpoint
[    0.129550] drivers/pci/probe.c 2035 pci_scan_device -- functionpoint
[    0.129551] drivers/pci/probe.c 2009 pci_bus_read_dev_vendor_id -- functionpoint
[    0.129570] drivers/pci/probe.c 2298 pci_scan_slot -- functionpoint -- fn = 4, devfn = 160, fn+devfn = 164
[    0.129573] drivers/pci/probe.c 2220 next_fn -- functionpoint
[    0.129574] drivers/pci/probe.c 2196 pci_scan_single_device -- functionpoint
[    0.129575] drivers/pci/search.c 206 pci_get_slot -- functionpoint
[    0.129577] drivers/pci/probe.c 2035 pci_scan_device -- functionpoint
[    0.129578] drivers/pci/probe.c 2009 pci_bus_read_dev_vendor_id -- functionpoint
[    0.129595] drivers/pci/probe.c 2298 pci_scan_slot -- functionpoint -- fn = 5, devfn = 160, fn+devfn = 165
[    0.129598] drivers/pci/probe.c 2220 next_fn -- functionpoint
[    0.129598] drivers/pci/probe.c 2196 pci_scan_single_device -- functionpoint
[    0.129600] drivers/pci/search.c 206 pci_get_slot -- functionpoint
[    0.129601] drivers/pci/probe.c 2035 pci_scan_device -- functionpoint
[    0.129603] drivers/pci/probe.c 2009 pci_bus_read_dev_vendor_id -- functionpoint
[    0.129620] drivers/pci/probe.c 2298 pci_scan_slot -- functionpoint -- fn = 6, devfn = 160, fn+devfn = 166
[    0.129623] drivers/pci/probe.c 2220 next_fn -- functionpoint
[    0.129624] drivers/pci/probe.c 2196 pci_scan_single_device -- functionpoint
[    0.129625] drivers/pci/search.c 206 pci_get_slot -- functionpoint
[    0.129627] drivers/pci/probe.c 2035 pci_scan_device -- functionpoint
[    0.129628] drivers/pci/probe.c 2009 pci_bus_read_dev_vendor_id -- functionpoint
[    0.129645] drivers/pci/probe.c 2298 pci_scan_slot -- functionpoint -- fn = 7, devfn = 160, fn+devfn = 167
[    0.129648] drivers/pci/probe.c 2220 next_fn -- functionpoint
[    0.129649] drivers/pci/probe.c 2281 pci_scan_slot -- functionpoint
[    0.129650] drivers/pci/probe.c 2196 pci_scan_single_device -- functionpoint
[    0.129651] drivers/pci/search.c 206 pci_get_slot -- functionpoint
[    0.129653] drivers/pci/probe.c 2035 pci_scan_device -- functionpoint
[    0.129655] drivers/pci/probe.c 2009 pci_bus_read_dev_vendor_id -- functionpoint
[    0.129664] drivers/pci/probe.c 2288 pci_scan_slot -- functionpoint -- fn = 0, devfn = 168, fn+devfn = 168
[    0.129668] drivers/pci/probe.c 2281 pci_scan_slot -- functionpoint
[    0.129668] drivers/pci/probe.c 2196 pci_scan_single_device -- functionpoint
[    0.129669] drivers/pci/search.c 206 pci_get_slot -- functionpoint
[    0.129671] drivers/pci/probe.c 2035 pci_scan_device -- functionpoint
[    0.129673] drivers/pci/probe.c 2009 pci_bus_read_dev_vendor_id -- functionpoint
[    0.129684] drivers/pci/probe.c 2048 pci_scan_device -- functionpoint -- dev_vendor: 8086, dev_device: a360
[    0.129687] drivers/pci/probe.c 1453 pci_setup_device -- functionpoint
[    0.129701] pci 0000:00:16.0: [8086:a360] type 00 class 0x078000
[    0.129703] pci 0000:00:16.0: drivers/pci/probe.c 1482 pci_setup_device functionpoint -- [8086:a360] type 00 class 0x078000
[    0.129720] drivers/pci/probe.c 1513 pci_setup_device  switch case PCI_HEADER_TYPE_NORMAL -- functionpoint
[    0.129737] pci 0000:00:16.0: reg 0x10: [mem 0x4000105000-0x4000105fff 64bit]
[    0.129778] drivers/pci/probe.c 2145 pci_device_add -- functionpoint
[    0.129828] pci 0000:00:16.0: PME# supported from D3hot
[    0.130893] drivers/pci/probe.c 2288 pci_scan_slot -- functionpoint -- fn = 0, devfn = 176, fn+devfn = 176
[    0.130895] drivers/pci/probe.c 2220 next_fn -- functionpoint
[    0.130896] drivers/pci/probe.c 2196 pci_scan_single_device -- functionpoint
[    0.130897] drivers/pci/search.c 206 pci_get_slot -- functionpoint
[    0.130899] drivers/pci/probe.c 2035 pci_scan_device -- functionpoint
[    0.130900] drivers/pci/probe.c 2009 pci_bus_read_dev_vendor_id -- functionpoint
[    0.130912] drivers/pci/probe.c 2298 pci_scan_slot -- functionpoint -- fn = 1, devfn = 176, fn+devfn = 177
[    0.130915] drivers/pci/probe.c 2220 next_fn -- functionpoint
[    0.130916] drivers/pci/probe.c 2196 pci_scan_single_device -- functionpoint
[    0.130917] drivers/pci/search.c 206 pci_get_slot -- functionpoint
[    0.130919] drivers/pci/probe.c 2035 pci_scan_device -- functionpoint
[    0.130920] drivers/pci/probe.c 2009 pci_bus_read_dev_vendor_id -- functionpoint
[    0.130938] drivers/pci/probe.c 2298 pci_scan_slot -- functionpoint -- fn = 2, devfn = 176, fn+devfn = 178
[    0.130941] drivers/pci/probe.c 2220 next_fn -- functionpoint
[    0.130941] drivers/pci/probe.c 2196 pci_scan_single_device -- functionpoint
[    0.130943] drivers/pci/search.c 206 pci_get_slot -- functionpoint
[    0.130944] drivers/pci/probe.c 2035 pci_scan_device -- functionpoint
[    0.130946] drivers/pci/probe.c 2009 pci_bus_read_dev_vendor_id -- functionpoint
[    0.130955] drivers/pci/probe.c 2048 pci_scan_device -- functionpoint -- dev_vendor: 8086, dev_device: a363
[    0.130958] drivers/pci/probe.c 1453 pci_setup_device -- functionpoint
[    0.130969] pci 0000:00:16.3: [8086:a363] type 00 class 0x070002
[    0.130972] pci 0000:00:16.3: drivers/pci/probe.c 1482 pci_setup_device functionpoint -- [8086:a363] type 00 class 0x070002
[    0.130986] drivers/pci/probe.c 1513 pci_setup_device  switch case PCI_HEADER_TYPE_NORMAL -- functionpoint
[    0.130998] pci 0000:00:16.3: reg 0x10: [io  0x4088-0x408f]
[    0.131008] pci 0000:00:16.3: reg 0x14: [mem 0xf1237000-0xf1237fff]
[    0.131047] drivers/pci/probe.c 2145 pci_device_add -- functionpoint
[    0.132092] drivers/pci/probe.c 2298 pci_scan_slot -- functionpoint -- fn = 3, devfn = 176, fn+devfn = 179
[    0.132096] drivers/pci/probe.c 2220 next_fn -- functionpoint
[    0.132096] drivers/pci/probe.c 2196 pci_scan_single_device -- functionpoint
[    0.132097] drivers/pci/search.c 206 pci_get_slot -- functionpoint
[    0.132099] drivers/pci/probe.c 2035 pci_scan_device -- functionpoint
[    0.132101] drivers/pci/probe.c 2009 pci_bus_read_dev_vendor_id -- functionpoint
[    0.132110] drivers/pci/probe.c 2298 pci_scan_slot -- functionpoint -- fn = 4, devfn = 176, fn+devfn = 180
[    0.132113] drivers/pci/probe.c 2220 next_fn -- functionpoint
[    0.132113] drivers/pci/probe.c 2196 pci_scan_single_device -- functionpoint
[    0.132115] drivers/pci/search.c 206 pci_get_slot -- functionpoint
[    0.132116] drivers/pci/probe.c 2035 pci_scan_device -- functionpoint
[    0.132118] drivers/pci/probe.c 2009 pci_bus_read_dev_vendor_id -- functionpoint
[    0.132135] drivers/pci/probe.c 2298 pci_scan_slot -- functionpoint -- fn = 5, devfn = 176, fn+devfn = 181
[    0.132138] drivers/pci/probe.c 2220 next_fn -- functionpoint
[    0.132139] drivers/pci/probe.c 2196 pci_scan_single_device -- functionpoint
[    0.132140] drivers/pci/search.c 206 pci_get_slot -- functionpoint
[    0.132142] drivers/pci/probe.c 2035 pci_scan_device -- functionpoint
[    0.132143] drivers/pci/probe.c 2009 pci_bus_read_dev_vendor_id -- functionpoint
[    0.132160] drivers/pci/probe.c 2298 pci_scan_slot -- functionpoint -- fn = 6, devfn = 176, fn+devfn = 182
[    0.132164] drivers/pci/probe.c 2220 next_fn -- functionpoint
[    0.132164] drivers/pci/probe.c 2196 pci_scan_single_device -- functionpoint
[    0.132165] drivers/pci/search.c 206 pci_get_slot -- functionpoint
[    0.132167] drivers/pci/probe.c 2035 pci_scan_device -- functionpoint
[    0.132169] drivers/pci/probe.c 2009 pci_bus_read_dev_vendor_id -- functionpoint
[    0.132185] drivers/pci/probe.c 2298 pci_scan_slot -- functionpoint -- fn = 7, devfn = 176, fn+devfn = 183
[    0.132189] drivers/pci/probe.c 2220 next_fn -- functionpoint
[    0.132189] drivers/pci/probe.c 2281 pci_scan_slot -- functionpoint
[    0.132190] drivers/pci/probe.c 2196 pci_scan_single_device -- functionpoint
[    0.132192] drivers/pci/search.c 206 pci_get_slot -- functionpoint
[    0.132194] drivers/pci/probe.c 2035 pci_scan_device -- functionpoint
[    0.132195] drivers/pci/probe.c 2009 pci_bus_read_dev_vendor_id -- functionpoint
[    0.132206] drivers/pci/probe.c 2048 pci_scan_device -- functionpoint -- dev_vendor: 8086, dev_device: a352
[    0.132210] drivers/pci/probe.c 1453 pci_setup_device -- functionpoint
[    0.132222] pci 0000:00:17.0: [8086:a352] type 00 class 0x010601
[    0.132225] pci 0000:00:17.0: drivers/pci/probe.c 1482 pci_setup_device functionpoint -- [8086:a352] type 00 class 0x010601
[    0.132240] drivers/pci/probe.c 1513 pci_setup_device  switch case PCI_HEADER_TYPE_NORMAL -- functionpoint
[    0.132255] pci 0000:00:17.0: reg 0x10: [mem 0xf1230000-0xf1231fff]
[    0.132268] pci 0000:00:17.0: reg 0x14: [mem 0xf1236000-0xf12360ff]
[    0.132279] pci 0000:00:17.0: reg 0x18: [io  0x4080-0x4087]
[    0.132290] pci 0000:00:17.0: reg 0x1c: [io  0x4090-0x4093]
[    0.132301] pci 0000:00:17.0: reg 0x20: [io  0x4060-0x407f]
[    0.132312] pci 0000:00:17.0: reg 0x24: [mem 0xf1235000-0xf12357ff]
[    0.132325] drivers/pci/probe.c 2145 pci_device_add -- functionpoint
[    0.132375] pci 0000:00:17.0: PME# supported from D3hot
[    0.133467] drivers/pci/probe.c 2288 pci_scan_slot -- functionpoint -- fn = 0, devfn = 184, fn+devfn = 184
[    0.133470] drivers/pci/probe.c 2220 next_fn -- functionpoint
[    0.133470] drivers/pci/probe.c 2281 pci_scan_slot -- functionpoint
[    0.133471] drivers/pci/probe.c 2196 pci_scan_single_device -- functionpoint
[    0.133473] drivers/pci/search.c 206 pci_get_slot -- functionpoint
[    0.133475] drivers/pci/probe.c 2035 pci_scan_device -- functionpoint
[    0.133476] drivers/pci/probe.c 2009 pci_bus_read_dev_vendor_id -- functionpoint
[    0.133488] drivers/pci/probe.c 2288 pci_scan_slot -- functionpoint -- fn = 0, devfn = 192, fn+devfn = 192
[    0.133491] drivers/pci/probe.c 2281 pci_scan_slot -- functionpoint
[    0.133492] drivers/pci/probe.c 2196 pci_scan_single_device -- functionpoint
[    0.133493] drivers/pci/search.c 206 pci_get_slot -- functionpoint
[    0.133495] drivers/pci/probe.c 2035 pci_scan_device -- functionpoint
[    0.133496] drivers/pci/probe.c 2009 pci_bus_read_dev_vendor_id -- functionpoint
[    0.133513] drivers/pci/probe.c 2288 pci_scan_slot -- functionpoint -- fn = 0, devfn = 200, fn+devfn = 200
[    0.133516] drivers/pci/probe.c 2281 pci_scan_slot -- functionpoint
[    0.133517] drivers/pci/probe.c 2196 pci_scan_single_device -- functionpoint
[    0.133518] drivers/pci/search.c 206 pci_get_slot -- functionpoint
[    0.133520] drivers/pci/probe.c 2035 pci_scan_device -- functionpoint
[    0.133521] drivers/pci/probe.c 2009 pci_bus_read_dev_vendor_id -- functionpoint
[    0.133538] drivers/pci/probe.c 2288 pci_scan_slot -- functionpoint -- fn = 0, devfn = 208, fn+devfn = 208
[    0.133541] drivers/pci/probe.c 2281 pci_scan_slot -- functionpoint
[    0.133542] drivers/pci/probe.c 2196 pci_scan_single_device -- functionpoint
[    0.133543] drivers/pci/search.c 206 pci_get_slot -- functionpoint
[    0.133545] drivers/pci/probe.c 2035 pci_scan_device -- functionpoint
[    0.133546] drivers/pci/probe.c 2009 pci_bus_read_dev_vendor_id -- functionpoint
[    0.133556] drivers/pci/probe.c 2048 pci_scan_device -- functionpoint -- dev_vendor: 8086, dev_device: a32c
[    0.133559] drivers/pci/probe.c 1453 pci_setup_device -- functionpoint
[    0.133571] pci 0000:00:1b.0: [8086:a32c] type 01 class 0x060400
[    0.133574] pci 0000:00:1b.0: drivers/pci/probe.c 1482 pci_setup_device functionpoint -- [8086:a32c] type 01 class 0x060400
[    0.133594] drivers/pci/probe.c 1566 pci_setup_device switch case PCI_HEADER_TYPE_BRIDGE -- functionpoint
[    0.133640] drivers/pci/probe.c 2145 pci_device_add -- functionpoint
[    0.133721] pci 0000:00:1b.0: PME# supported from D0 D3hot D3cold
[    0.133755] pci 0000:00:1b.0: PTM enabled (root), 4dns granularity
[    0.134837] drivers/pci/probe.c 2288 pci_scan_slot -- functionpoint -- fn = 0, devfn = 216, fn+devfn = 216
[    0.134840] drivers/pci/probe.c 2220 next_fn -- functionpoint
[    0.134840] drivers/pci/probe.c 2196 pci_scan_single_device -- functionpoint
[    0.134842] drivers/pci/search.c 206 pci_get_slot -- functionpoint
[    0.134844] drivers/pci/probe.c 2035 pci_scan_device -- functionpoint
[    0.134845] drivers/pci/probe.c 2009 pci_bus_read_dev_vendor_id -- functionpoint
[    0.134856] drivers/pci/probe.c 2298 pci_scan_slot -- functionpoint -- fn = 1, devfn = 216, fn+devfn = 217
[    0.134860] drivers/pci/probe.c 2220 next_fn -- functionpoint
[    0.134860] drivers/pci/probe.c 2196 pci_scan_single_device -- functionpoint
[    0.134862] drivers/pci/search.c 206 pci_get_slot -- functionpoint
[    0.134863] drivers/pci/probe.c 2035 pci_scan_device -- functionpoint
[    0.134865] drivers/pci/probe.c 2009 pci_bus_read_dev_vendor_id -- functionpoint
[    0.134882] drivers/pci/probe.c 2298 pci_scan_slot -- functionpoint -- fn = 2, devfn = 216, fn+devfn = 218
[    0.134885] drivers/pci/probe.c 2220 next_fn -- functionpoint
[    0.134885] drivers/pci/probe.c 2196 pci_scan_single_device -- functionpoint
[    0.134887] drivers/pci/search.c 206 pci_get_slot -- functionpoint
[    0.134888] drivers/pci/probe.c 2035 pci_scan_device -- functionpoint
[    0.134890] drivers/pci/probe.c 2009 pci_bus_read_dev_vendor_id -- functionpoint
[    0.134907] drivers/pci/probe.c 2298 pci_scan_slot -- functionpoint -- fn = 3, devfn = 216, fn+devfn = 219
[    0.134910] drivers/pci/probe.c 2220 next_fn -- functionpoint
[    0.134910] drivers/pci/probe.c 2196 pci_scan_single_device -- functionpoint
[    0.134912] drivers/pci/search.c 206 pci_get_slot -- functionpoint
[    0.134913] drivers/pci/probe.c 2035 pci_scan_device -- functionpoint
[    0.134915] drivers/pci/probe.c 2009 pci_bus_read_dev_vendor_id -- functionpoint
[    0.134931] drivers/pci/probe.c 2298 pci_scan_slot -- functionpoint -- fn = 4, devfn = 216, fn+devfn = 220
[    0.134935] drivers/pci/probe.c 2220 next_fn -- functionpoint
[    0.134935] drivers/pci/probe.c 2196 pci_scan_single_device -- functionpoint
[    0.134936] drivers/pci/search.c 206 pci_get_slot -- functionpoint
[    0.134938] drivers/pci/probe.c 2035 pci_scan_device -- functionpoint
[    0.134940] drivers/pci/probe.c 2009 pci_bus_read_dev_vendor_id -- functionpoint
[    0.134956] drivers/pci/probe.c 2298 pci_scan_slot -- functionpoint -- fn = 5, devfn = 216, fn+devfn = 221
[    0.134959] drivers/pci/probe.c 2220 next_fn -- functionpoint
[    0.134959] drivers/pci/probe.c 2196 pci_scan_single_device -- functionpoint
[    0.134961] drivers/pci/search.c 206 pci_get_slot -- functionpoint
[    0.134963] drivers/pci/probe.c 2035 pci_scan_device -- functionpoint
[    0.134964] drivers/pci/probe.c 2009 pci_bus_read_dev_vendor_id -- functionpoint
[    0.134972] drivers/pci/probe.c 2298 pci_scan_slot -- functionpoint -- fn = 6, devfn = 216, fn+devfn = 222
[    0.134975] drivers/pci/probe.c 2220 next_fn -- functionpoint
[    0.134976] drivers/pci/probe.c 2196 pci_scan_single_device -- functionpoint
[    0.134977] drivers/pci/search.c 206 pci_get_slot -- functionpoint
[    0.134979] drivers/pci/probe.c 2035 pci_scan_device -- functionpoint
[    0.134980] drivers/pci/probe.c 2009 pci_bus_read_dev_vendor_id -- functionpoint
[    0.134998] drivers/pci/probe.c 2298 pci_scan_slot -- functionpoint -- fn = 7, devfn = 216, fn+devfn = 223
[    0.135001] drivers/pci/probe.c 2220 next_fn -- functionpoint
[    0.135002] drivers/pci/probe.c 2281 pci_scan_slot -- functionpoint
[    0.135003] drivers/pci/probe.c 2196 pci_scan_single_device -- functionpoint
[    0.135005] drivers/pci/search.c 206 pci_get_slot -- functionpoint
[    0.135006] drivers/pci/probe.c 2035 pci_scan_device -- functionpoint
[    0.135008] drivers/pci/probe.c 2009 pci_bus_read_dev_vendor_id -- functionpoint
[    0.135016] drivers/pci/probe.c 2048 pci_scan_device -- functionpoint -- dev_vendor: 8086, dev_device: a33e
[    0.135019] drivers/pci/probe.c 1453 pci_setup_device -- functionpoint
[    0.135032] pci 0000:00:1c.0: [8086:a33e] type 01 class 0x060400
[    0.135035] pci 0000:00:1c.0: drivers/pci/probe.c 1482 pci_setup_device functionpoint -- [8086:a33e] type 01 class 0x060400
[    0.135045] drivers/pci/probe.c 1566 pci_setup_device switch case PCI_HEADER_TYPE_BRIDGE -- functionpoint
[    0.135072] drivers/pci/probe.c 2145 pci_device_add -- functionpoint
[    0.135136] pci 0000:00:1c.0: PME# supported from D0 D3hot D3cold
[    0.135172] pci 0000:00:1c.0: PTM enabled (root), 4dns granularity
[    0.136257] drivers/pci/probe.c 2288 pci_scan_slot -- functionpoint -- fn = 0, devfn = 224, fn+devfn = 224
[    0.136260] drivers/pci/probe.c 2220 next_fn -- functionpoint
[    0.136260] drivers/pci/probe.c 2196 pci_scan_single_device -- functionpoint
[    0.136262] drivers/pci/search.c 206 pci_get_slot -- functionpoint
[    0.136264] drivers/pci/probe.c 2035 pci_scan_device -- functionpoint
[    0.136265] drivers/pci/probe.c 2009 pci_bus_read_dev_vendor_id -- functionpoint
[    0.136273] drivers/pci/probe.c 2298 pci_scan_slot -- functionpoint -- fn = 1, devfn = 224, fn+devfn = 225
[    0.136276] drivers/pci/probe.c 2220 next_fn -- functionpoint
[    0.136277] drivers/pci/probe.c 2196 pci_scan_single_device -- functionpoint
[    0.136278] drivers/pci/search.c 206 pci_get_slot -- functionpoint
[    0.136280] drivers/pci/probe.c 2035 pci_scan_device -- functionpoint
[    0.136281] drivers/pci/probe.c 2009 pci_bus_read_dev_vendor_id -- functionpoint
[    0.136290] drivers/pci/probe.c 2298 pci_scan_slot -- functionpoint -- fn = 2, devfn = 224, fn+devfn = 226
[    0.136293] drivers/pci/probe.c 2220 next_fn -- functionpoint
[    0.136294] drivers/pci/probe.c 2196 pci_scan_single_device -- functionpoint
[    0.136295] drivers/pci/search.c 206 pci_get_slot -- functionpoint
[    0.136297] drivers/pci/probe.c 2035 pci_scan_device -- functionpoint
[    0.136298] drivers/pci/probe.c 2009 pci_bus_read_dev_vendor_id -- functionpoint
[    0.136306] drivers/pci/probe.c 2298 pci_scan_slot -- functionpoint -- fn = 3, devfn = 224, fn+devfn = 227
[    0.136310] drivers/pci/probe.c 2220 next_fn -- functionpoint
[    0.136310] drivers/pci/probe.c 2196 pci_scan_single_device -- functionpoint
[    0.136311] drivers/pci/search.c 206 pci_get_slot -- functionpoint
[    0.136313] drivers/pci/probe.c 2035 pci_scan_device -- functionpoint
[    0.136315] drivers/pci/probe.c 2009 pci_bus_read_dev_vendor_id -- functionpoint
[    0.136322] drivers/pci/probe.c 2298 pci_scan_slot -- functionpoint -- fn = 4, devfn = 224, fn+devfn = 228
[    0.136326] drivers/pci/probe.c 2220 next_fn -- functionpoint
[    0.136326] drivers/pci/probe.c 2196 pci_scan_single_device -- functionpoint
[    0.136327] drivers/pci/search.c 206 pci_get_slot -- functionpoint
[    0.136329] drivers/pci/probe.c 2035 pci_scan_device -- functionpoint
[    0.136331] drivers/pci/probe.c 2009 pci_bus_read_dev_vendor_id -- functionpoint
[    0.136338] drivers/pci/probe.c 2298 pci_scan_slot -- functionpoint -- fn = 5, devfn = 224, fn+devfn = 229
[    0.136342] drivers/pci/probe.c 2220 next_fn -- functionpoint
[    0.136342] drivers/pci/probe.c 2196 pci_scan_single_device -- functionpoint
[    0.136343] drivers/pci/search.c 206 pci_get_slot -- functionpoint
[    0.136345] drivers/pci/probe.c 2035 pci_scan_device -- functionpoint
[    0.136347] drivers/pci/probe.c 2009 pci_bus_read_dev_vendor_id -- functionpoint
[    0.136364] drivers/pci/probe.c 2298 pci_scan_slot -- functionpoint -- fn = 6, devfn = 224, fn+devfn = 230
[    0.136367] drivers/pci/probe.c 2220 next_fn -- functionpoint
[    0.136367] drivers/pci/probe.c 2196 pci_scan_single_device -- functionpoint
[    0.136369] drivers/pci/search.c 206 pci_get_slot -- functionpoint
[    0.136370] drivers/pci/probe.c 2035 pci_scan_device -- functionpoint
[    0.136372] drivers/pci/probe.c 2009 pci_bus_read_dev_vendor_id -- functionpoint
[    0.136381] drivers/pci/probe.c 2298 pci_scan_slot -- functionpoint -- fn = 7, devfn = 224, fn+devfn = 231
[    0.136384] drivers/pci/probe.c 2220 next_fn -- functionpoint
[    0.136384] drivers/pci/probe.c 2281 pci_scan_slot -- functionpoint
[    0.136386] drivers/pci/probe.c 2196 pci_scan_single_device -- functionpoint
[    0.136387] drivers/pci/search.c 206 pci_get_slot -- functionpoint
[    0.136389] drivers/pci/probe.c 2035 pci_scan_device -- functionpoint
[    0.136390] drivers/pci/probe.c 2009 pci_bus_read_dev_vendor_id -- functionpoint
[    0.136405] drivers/pci/probe.c 2288 pci_scan_slot -- functionpoint -- fn = 0, devfn = 232, fn+devfn = 232
[    0.136409] drivers/pci/probe.c 2281 pci_scan_slot -- functionpoint
[    0.136409] drivers/pci/probe.c 2196 pci_scan_single_device -- functionpoint
[    0.136411] drivers/pci/search.c 206 pci_get_slot -- functionpoint
[    0.136412] drivers/pci/probe.c 2035 pci_scan_device -- functionpoint
[    0.136414] drivers/pci/probe.c 2009 pci_bus_read_dev_vendor_id -- functionpoint
[    0.136417] drivers/pci/probe.c 2288 pci_scan_slot -- functionpoint -- fn = 0, devfn = 240, fn+devfn = 240
[    0.136420] drivers/pci/probe.c 2281 pci_scan_slot -- functionpoint
[    0.136421] drivers/pci/probe.c 2196 pci_scan_single_device -- functionpoint
[    0.136422] drivers/pci/search.c 206 pci_get_slot -- functionpoint
[    0.136424] drivers/pci/probe.c 2035 pci_scan_device -- functionpoint
[    0.136425] drivers/pci/probe.c 2009 pci_bus_read_dev_vendor_id -- functionpoint
[    0.136441] drivers/pci/probe.c 2048 pci_scan_device -- functionpoint -- dev_vendor: 8086, dev_device: a306
[    0.136445] drivers/pci/probe.c 1453 pci_setup_device -- functionpoint
[    0.136451] pci 0000:00:1f.0: [8086:a306] type 00 class 0x060100
[    0.136453] pci 0000:00:1f.0: drivers/pci/probe.c 1482 pci_setup_device functionpoint -- [8086:a306] type 00 class 0x060100
[    0.136463] drivers/pci/probe.c 1513 pci_setup_device  switch case PCI_HEADER_TYPE_NORMAL -- functionpoint
[    0.136533] drivers/pci/probe.c 2145 pci_device_add -- functionpoint
[    0.137574] drivers/pci/probe.c 2288 pci_scan_slot -- functionpoint -- fn = 0, devfn = 248, fn+devfn = 248
[    0.137577] drivers/pci/probe.c 2220 next_fn -- functionpoint
[    0.137578] drivers/pci/probe.c 2196 pci_scan_single_device -- functionpoint
[    0.137579] drivers/pci/search.c 206 pci_get_slot -- functionpoint
[    0.137581] drivers/pci/probe.c 2035 pci_scan_device -- functionpoint
[    0.137583] drivers/pci/probe.c 2009 pci_bus_read_dev_vendor_id -- functionpoint
[    0.137590] drivers/pci/probe.c 2298 pci_scan_slot -- functionpoint -- fn = 1, devfn = 248, fn+devfn = 249
[    0.137594] drivers/pci/probe.c 2220 next_fn -- functionpoint
[    0.137594] drivers/pci/probe.c 2196 pci_scan_single_device -- functionpoint
[    0.137596] drivers/pci/search.c 206 pci_get_slot -- functionpoint
[    0.137597] drivers/pci/probe.c 2035 pci_scan_device -- functionpoint
[    0.137599] drivers/pci/probe.c 2009 pci_bus_read_dev_vendor_id -- functionpoint
[    0.137606] drivers/pci/probe.c 2298 pci_scan_slot -- functionpoint -- fn = 2, devfn = 248, fn+devfn = 250
[    0.137610] drivers/pci/probe.c 2220 next_fn -- functionpoint
[    0.137610] drivers/pci/probe.c 2196 pci_scan_single_device -- functionpoint
[    0.137611] drivers/pci/search.c 206 pci_get_slot -- functionpoint
[    0.137613] drivers/pci/probe.c 2035 pci_scan_device -- functionpoint
[    0.137615] drivers/pci/probe.c 2009 pci_bus_read_dev_vendor_id -- functionpoint
[    0.137618] drivers/pci/probe.c 2048 pci_scan_device -- functionpoint -- dev_vendor: 8086, dev_device: a348
[    0.137622] drivers/pci/probe.c 1453 pci_setup_device -- functionpoint
[    0.137643] pci 0000:00:1f.3: [8086:a348] type 00 class 0x040300
[    0.137646] pci 0000:00:1f.3: drivers/pci/probe.c 1482 pci_setup_device functionpoint -- [8086:a348] type 00 class 0x040300
[    0.137671] drivers/pci/probe.c 1513 pci_setup_device  switch case PCI_HEADER_TYPE_NORMAL -- functionpoint
[    0.137700] pci 0000:00:1f.3: reg 0x10: [mem 0x4000100000-0x4000103fff 64bit]
[    0.137745] pci 0000:00:1f.3: reg 0x20: [mem 0x4000000000-0x40000fffff 64bit]
[    0.137762] drivers/pci/probe.c 2145 pci_device_add -- functionpoint
[    0.137843] pci 0000:00:1f.3: PME# supported from D3hot D3cold
[    0.138976] drivers/pci/probe.c 2298 pci_scan_slot -- functionpoint -- fn = 3, devfn = 248, fn+devfn = 251
[    0.138979] drivers/pci/probe.c 2220 next_fn -- functionpoint
[    0.138979] drivers/pci/probe.c 2196 pci_scan_single_device -- functionpoint
[    0.138981] drivers/pci/search.c 206 pci_get_slot -- functionpoint
[    0.138983] drivers/pci/probe.c 2035 pci_scan_device -- functionpoint
[    0.138984] drivers/pci/probe.c 2009 pci_bus_read_dev_vendor_id -- functionpoint
[    0.138994] drivers/pci/probe.c 2048 pci_scan_device -- functionpoint -- dev_vendor: 8086, dev_device: a323
[    0.138997] drivers/pci/probe.c 1453 pci_setup_device -- functionpoint
[    0.139017] pci 0000:00:1f.4: [8086:a323] type 00 class 0x0c0500
[    0.139019] pci 0000:00:1f.4: drivers/pci/probe.c 1482 pci_setup_device functionpoint -- [8086:a323] type 00 class 0x0c0500
[    0.139053] drivers/pci/probe.c 1513 pci_setup_device  switch case PCI_HEADER_TYPE_NORMAL -- functionpoint
[    0.139106] pci 0000:00:1f.4: reg 0x10: [mem 0x4000104000-0x40001040ff 64bit]
[    0.139188] pci 0000:00:1f.4: reg 0x20: [io  0xefa0-0xefbf]
[    0.139225] drivers/pci/probe.c 2145 pci_device_add -- functionpoint
[    0.140286] drivers/pci/probe.c 2298 pci_scan_slot -- functionpoint -- fn = 4, devfn = 248, fn+devfn = 252
[    0.140289] drivers/pci/probe.c 2220 next_fn -- functionpoint
[    0.140290] drivers/pci/probe.c 2196 pci_scan_single_device -- functionpoint
[    0.140291] drivers/pci/search.c 206 pci_get_slot -- functionpoint
[    0.140293] drivers/pci/probe.c 2035 pci_scan_device -- functionpoint
[    0.140295] drivers/pci/probe.c 2009 pci_bus_read_dev_vendor_id -- functionpoint
[    0.140305] drivers/pci/probe.c 2048 pci_scan_device -- functionpoint -- dev_vendor: 8086, dev_device: a324
[    0.140309] drivers/pci/probe.c 1453 pci_setup_device -- functionpoint
[    0.140315] pci 0000:00:1f.5: [8086:a324] type 00 class 0x0c8000
[    0.140318] pci 0000:00:1f.5: drivers/pci/probe.c 1482 pci_setup_device functionpoint -- [8086:a324] type 00 class 0x0c8000
[    0.140328] drivers/pci/probe.c 1513 pci_setup_device  switch case PCI_HEADER_TYPE_NORMAL -- functionpoint
[    0.140341] pci 0000:00:1f.5: reg 0x10: [mem 0xfe010000-0xfe010fff]
[    0.140407] drivers/pci/probe.c 2145 pci_device_add -- functionpoint
[    0.141414] drivers/pci/probe.c 2298 pci_scan_slot -- functionpoint -- fn = 5, devfn = 248, fn+devfn = 253
[    0.141418] drivers/pci/probe.c 2220 next_fn -- functionpoint
[    0.141418] drivers/pci/probe.c 2196 pci_scan_single_device -- functionpoint
[    0.141419] drivers/pci/search.c 206 pci_get_slot -- functionpoint
[    0.141421] drivers/pci/probe.c 2035 pci_scan_device -- functionpoint
[    0.141423] drivers/pci/probe.c 2009 pci_bus_read_dev_vendor_id -- functionpoint
[    0.141430] drivers/pci/probe.c 2048 pci_scan_device -- functionpoint -- dev_vendor: 8086, dev_device: 15bb
[    0.141433] drivers/pci/probe.c 1453 pci_setup_device -- functionpoint
[    0.141454] pci 0000:00:1f.6: [8086:15bb] type 00 class 0x020000
[    0.141457] pci 0000:00:1f.6: drivers/pci/probe.c 1482 pci_setup_device functionpoint -- [8086:15bb] type 00 class 0x020000
[    0.141472] drivers/pci/search.c 206 pci_get_slot -- functionpoint
[    0.141486] drivers/pci/probe.c 1513 pci_setup_device  switch case PCI_HEADER_TYPE_NORMAL -- functionpoint
[    0.141518] pci 0000:00:1f.6: reg 0x10: [mem 0xf1200000-0xf121ffff]
[    0.141666] drivers/pci/probe.c 2145 pci_device_add -- functionpoint
[    0.141758] pci 0000:00:1f.6: PME# supported from D0 D3hot D3cold
[    0.142775] drivers/pci/probe.c 2298 pci_scan_slot -- functionpoint -- fn = 6, devfn = 248, fn+devfn = 254
[    0.142777] drivers/pci/probe.c 2220 next_fn -- functionpoint
[    0.142778] drivers/pci/probe.c 2196 pci_scan_single_device -- functionpoint
[    0.142779] drivers/pci/search.c 206 pci_get_slot -- functionpoint
[    0.142781] drivers/pci/probe.c 2035 pci_scan_device -- functionpoint
[    0.142783] drivers/pci/probe.c 2009 pci_bus_read_dev_vendor_id -- functionpoint
[    0.142794] drivers/pci/probe.c 2298 pci_scan_slot -- functionpoint -- fn = 7, devfn = 248, fn+devfn = 255
[    0.142797] drivers/pci/probe.c 2220 next_fn -- functionpoint
[    0.142798] drivers/pci/probe.c 463 pci_read_bridge_bases -- functionpoint
[    0.142806] drivers/pci/search.c 144 pci_find_bus -- functionpoint
[    0.142808] drivers/pci/search.c 145 pci_find_bus functionpoint -- domain_num = 0, bus_num = 1
[    0.142811] drivers/pci/search.c 176 pci_find_next_bus -- functionpoint
[    0.142811] drivers/pci/search.c 176 pci_find_next_bus -- functionpoint
[    0.142813] drivers/pci/search.c 157 pci_find_bus not found bus -- functionpoint
[    0.142870] drivers/pci/probe.c 2009 pci_bus_read_dev_vendor_id -- functionpoint
[    0.142886] drivers/pci/probe.c 2497 pci_scan_child_bus_extend -- functionpoint
[    0.142889] pci_bus 0000:01: drivers/pci/probe.c 2501 pci_scan_child_bus_extend-- functionpoint -- scanning bus
[    0.142892] drivers/pci/probe.c 2281 pci_scan_slot -- functionpoint
[    0.142892] drivers/pci/probe.c 2196 pci_scan_single_device -- functionpoint
[    0.142894] drivers/pci/search.c 206 pci_get_slot -- functionpoint
[    0.142895] drivers/pci/probe.c 2035 pci_scan_device -- functionpoint
[    0.142897] drivers/pci/probe.c 2009 pci_bus_read_dev_vendor_id -- functionpoint
[    0.142904] drivers/pci/probe.c 2048 pci_scan_device -- functionpoint -- dev_vendor: 1c5c, dev_device: 1339
[    0.142908] drivers/pci/probe.c 1453 pci_setup_device -- functionpoint
[    0.142925] pci 0000:01:00.0: [1c5c:1339] type 00 class 0x010802
[    0.142927] pci 0000:01:00.0: drivers/pci/probe.c 1482 pci_setup_device functionpoint -- [1c5c:1339] type 00 class 0x010802
[    0.142953] drivers/pci/probe.c 1513 pci_setup_device  switch case PCI_HEADER_TYPE_NORMAL -- functionpoint
[    0.142973] pci 0000:01:00.0: reg 0x10: [mem 0xf1100000-0xf1103fff 64bit]
[    0.143029] drivers/pci/probe.c 2145 pci_device_add -- functionpoint
[    0.143126] pci 0000:01:00.0: supports D1
[    0.143129] pci 0000:01:00.0: PME# supported from D0 D1 D3hot
[    0.143222] drivers/pci/probe.c 2288 pci_scan_slot -- functionpoint -- fn = 0, devfn = 0, fn+devfn = 0
[    0.143225] drivers/pci/probe.c 2220 next_fn -- functionpoint
[    0.152065] drivers/pci/probe.c 2281 pci_scan_slot -- functionpoint
[    0.152067] drivers/pci/probe.c 2281 pci_scan_slot -- functionpoint
[    0.152068] drivers/pci/probe.c 2281 pci_scan_slot -- functionpoint
[    0.152070] drivers/pci/probe.c 2281 pci_scan_slot -- functionpoint
[    0.152071] drivers/pci/probe.c 2281 pci_scan_slot -- functionpoint
[    0.152073] drivers/pci/probe.c 2281 pci_scan_slot -- functionpoint
[    0.152074] drivers/pci/probe.c 2281 pci_scan_slot -- functionpoint
[    0.152076] drivers/pci/probe.c 2281 pci_scan_slot -- functionpoint
[    0.152077] drivers/pci/probe.c 2281 pci_scan_slot -- functionpoint
[    0.152079] drivers/pci/probe.c 2281 pci_scan_slot -- functionpoint
[    0.152080] drivers/pci/probe.c 2281 pci_scan_slot -- functionpoint
[    0.152082] drivers/pci/probe.c 2281 pci_scan_slot -- functionpoint
[    0.152083] drivers/pci/probe.c 2281 pci_scan_slot -- functionpoint
[    0.152085] drivers/pci/probe.c 2281 pci_scan_slot -- functionpoint
[    0.152086] drivers/pci/probe.c 2281 pci_scan_slot -- functionpoint
[    0.152088] drivers/pci/probe.c 2281 pci_scan_slot -- functionpoint
[    0.152089] drivers/pci/probe.c 2281 pci_scan_slot -- functionpoint
[    0.152091] drivers/pci/probe.c 2281 pci_scan_slot -- functionpoint
[    0.152092] drivers/pci/probe.c 2281 pci_scan_slot -- functionpoint
[    0.152094] drivers/pci/probe.c 2281 pci_scan_slot -- functionpoint
[    0.152095] drivers/pci/probe.c 2281 pci_scan_slot -- functionpoint
[    0.152096] drivers/pci/probe.c 2281 pci_scan_slot -- functionpoint
[    0.152098] drivers/pci/probe.c 2281 pci_scan_slot -- functionpoint
[    0.152099] drivers/pci/probe.c 2281 pci_scan_slot -- functionpoint
[    0.152101] drivers/pci/probe.c 2281 pci_scan_slot -- functionpoint
[    0.152102] drivers/pci/probe.c 2281 pci_scan_slot -- functionpoint
[    0.152104] drivers/pci/probe.c 2281 pci_scan_slot -- functionpoint
[    0.152105] drivers/pci/probe.c 2281 pci_scan_slot -- functionpoint
[    0.152107] drivers/pci/probe.c 2281 pci_scan_slot -- functionpoint
[    0.152108] drivers/pci/probe.c 2281 pci_scan_slot -- functionpoint
[    0.152110] drivers/pci/probe.c 2281 pci_scan_slot -- functionpoint
[    0.152111] drivers/pci/probe.c 463 pci_read_bridge_bases -- functionpoint
[    0.152114] pci 0000:00:1b.0: PCI bridge to [bus 01]
[    0.152121] pci 0000:00:1b.0:   bridge window [mem 0xf1100000-0xf11fffff]
[    0.152126] pci_bus 0000:01: drivers/pci/probe.c 2599 pci_scan_child_bus_extend -- functionpoint -- bus scan returning with max=01
[    0.152134] drivers/pci/search.c 144 pci_find_bus -- functionpoint
[    0.152134] drivers/pci/search.c 145 pci_find_bus functionpoint -- domain_num = 0, bus_num = 2
[    0.152138] drivers/pci/search.c 176 pci_find_next_bus -- functionpoint
[    0.152138] drivers/pci/search.c 176 pci_find_next_bus -- functionpoint
[    0.152140] drivers/pci/search.c 157 pci_find_bus not found bus -- functionpoint
[    0.152180] drivers/pci/probe.c 2009 pci_bus_read_dev_vendor_id -- functionpoint
[    0.152188] drivers/pci/probe.c 2497 pci_scan_child_bus_extend -- functionpoint
[    0.152191] pci_bus 0000:02: drivers/pci/probe.c 2501 pci_scan_child_bus_extend-- functionpoint -- scanning bus
[    0.152194] drivers/pci/probe.c 2281 pci_scan_slot -- functionpoint
[    0.152195] drivers/pci/probe.c 2196 pci_scan_single_device -- functionpoint
[    0.152196] drivers/pci/search.c 206 pci_get_slot -- functionpoint
[    0.152198] drivers/pci/probe.c 2035 pci_scan_device -- functionpoint
[    0.152199] drivers/pci/probe.c 2009 pci_bus_read_dev_vendor_id -- functionpoint
[    0.152208] drivers/pci/probe.c 2048 pci_scan_device -- functionpoint -- dev_vendor: 1283, dev_device: 8893
[    0.152211] drivers/pci/probe.c 1453 pci_setup_device -- functionpoint
[    0.152253] pci 0000:02:00.0: [1283:8893] type 01 class 0x060401
[    0.152256] pci 0000:02:00.0: drivers/pci/probe.c 1482 pci_setup_device functionpoint -- [1283:8893] type 01 class 0x060401
[    0.152301] drivers/pci/probe.c 1566 pci_setup_device switch case PCI_HEADER_TYPE_BRIDGE -- functionpoint
[    0.152483] drivers/pci/probe.c 2145 pci_device_add -- functionpoint
[    0.152632] pci 0000:02:00.0: supports D1 D2
[    0.152635] pci 0000:02:00.0: PME# supported from D0 D1 D2 D3hot D3cold
[    0.152742] drivers/pci/probe.c 2288 pci_scan_slot -- functionpoint -- fn = 0, devfn = 0, fn+devfn = 0
[    0.152744] drivers/pci/probe.c 2220 next_fn -- functionpoint
[    0.152752] drivers/pci/probe.c 2281 pci_scan_slot -- functionpoint
[    0.152754] drivers/pci/probe.c 2281 pci_scan_slot -- functionpoint
[    0.152755] drivers/pci/probe.c 2281 pci_scan_slot -- functionpoint
[    0.152757] drivers/pci/probe.c 2281 pci_scan_slot -- functionpoint
[    0.152758] drivers/pci/probe.c 2281 pci_scan_slot -- functionpoint
[    0.152760] drivers/pci/probe.c 2281 pci_scan_slot -- functionpoint
[    0.152761] drivers/pci/probe.c 2281 pci_scan_slot -- functionpoint
[    0.152763] drivers/pci/probe.c 2281 pci_scan_slot -- functionpoint
[    0.152764] drivers/pci/probe.c 2281 pci_scan_slot -- functionpoint
[    0.152766] drivers/pci/probe.c 2281 pci_scan_slot -- functionpoint
[    0.152767] drivers/pci/probe.c 2281 pci_scan_slot -- functionpoint
[    0.152769] drivers/pci/probe.c 2281 pci_scan_slot -- functionpoint
[    0.152770] drivers/pci/probe.c 2281 pci_scan_slot -- functionpoint
[    0.152772] drivers/pci/probe.c 2281 pci_scan_slot -- functionpoint
[    0.152773] drivers/pci/probe.c 2281 pci_scan_slot -- functionpoint
[    0.152775] drivers/pci/probe.c 2281 pci_scan_slot -- functionpoint
[    0.152776] drivers/pci/probe.c 2281 pci_scan_slot -- functionpoint
[    0.152778] drivers/pci/probe.c 2281 pci_scan_slot -- functionpoint
[    0.152779] drivers/pci/probe.c 2281 pci_scan_slot -- functionpoint
[    0.152781] drivers/pci/probe.c 2281 pci_scan_slot -- functionpoint
[    0.152782] drivers/pci/probe.c 2281 pci_scan_slot -- functionpoint
[    0.152784] drivers/pci/probe.c 2281 pci_scan_slot -- functionpoint
[    0.152785] drivers/pci/probe.c 2281 pci_scan_slot -- functionpoint
[    0.152787] drivers/pci/probe.c 2281 pci_scan_slot -- functionpoint
[    0.152788] drivers/pci/probe.c 2281 pci_scan_slot -- functionpoint
[    0.152790] drivers/pci/probe.c 2281 pci_scan_slot -- functionpoint
[    0.152791] drivers/pci/probe.c 2281 pci_scan_slot -- functionpoint
[    0.152793] drivers/pci/probe.c 2281 pci_scan_slot -- functionpoint
[    0.152794] drivers/pci/probe.c 2281 pci_scan_slot -- functionpoint
[    0.152796] drivers/pci/probe.c 2281 pci_scan_slot -- functionpoint
[    0.152797] drivers/pci/probe.c 2281 pci_scan_slot -- functionpoint
[    0.152799] drivers/pci/probe.c 463 pci_read_bridge_bases -- functionpoint
[    0.152801] pci 0000:00:1c.0: PCI bridge to [bus 02-03]
[    0.152815] pci 0000:00:1c.0:   bridge window [io  0x3000-0x3fff]
[    0.152818] pci 0000:00:1c.0:   bridge window [mem 0xf1000000-0xf10fffff]
[    0.152833] drivers/pci/search.c 144 pci_find_bus -- functionpoint
[    0.152833] drivers/pci/search.c 145 pci_find_bus functionpoint -- domain_num = 0, bus_num = 3
[    0.152836] drivers/pci/search.c 176 pci_find_next_bus -- functionpoint
[    0.152837] drivers/pci/search.c 176 pci_find_next_bus -- functionpoint
[    0.152838] drivers/pci/search.c 157 pci_find_bus not found bus -- functionpoint
[    0.152885] drivers/pci/probe.c 2497 pci_scan_child_bus_extend -- functionpoint
[    0.152887] pci_bus 0000:03: drivers/pci/probe.c 2501 pci_scan_child_bus_extend-- functionpoint -- scanning bus
[    0.152891] drivers/pci/probe.c 2281 pci_scan_slot -- functionpoint
[    0.152891] drivers/pci/probe.c 2196 pci_scan_single_device -- functionpoint
[    0.152892] drivers/pci/search.c 206 pci_get_slot -- functionpoint
[    0.152894] drivers/pci/probe.c 2035 pci_scan_device -- functionpoint
[    0.152896] drivers/pci/probe.c 2009 pci_bus_read_dev_vendor_id -- functionpoint
[    0.152900] drivers/pci/probe.c 2048 pci_scan_device -- functionpoint -- dev_vendor: 1317, dev_device: 985
[    0.152903] drivers/pci/probe.c 1453 pci_setup_device -- functionpoint
[    0.152919] pci 0000:03:00.0: [1317:0985] type 00 class 0x020000
[    0.152921] pci 0000:03:00.0: drivers/pci/probe.c 1482 pci_setup_device functionpoint -- [1317:0985] type 00 class 0x020000
[    0.152939] drivers/pci/probe.c 1513 pci_setup_device  switch case PCI_HEADER_TYPE_NORMAL -- functionpoint
[    0.152962] pci 0000:03:00.0: reg 0x10: [io  0x3000-0x30ff]
[    0.152977] pci 0000:03:00.0: reg 0x14: [mem 0xf1000000-0xf10003ff]
[    0.153044] pci 0000:03:00.0: reg 0x30: [mem 0xfffe0000-0xffffffff pref]
[    0.153048] drivers/pci/probe.c 2145 pci_device_add -- functionpoint
[    0.153106] pci 0000:03:00.0: supports D1 D2
[    0.153109] pci 0000:03:00.0: PME# supported from D0 D1 D2 D3hot D3cold
[    0.153144] drivers/pci/probe.c 2288 pci_scan_slot -- functionpoint -- fn = 0, devfn = 0, fn+devfn = 0
[    0.153146] drivers/pci/probe.c 2220 next_fn -- functionpoint
[    0.153146] drivers/pci/probe.c 2281 pci_scan_slot -- functionpoint
[    0.153148] drivers/pci/probe.c 2196 pci_scan_single_device -- functionpoint
[    0.153149] drivers/pci/search.c 206 pci_get_slot -- functionpoint
[    0.153151] drivers/pci/probe.c 2035 pci_scan_device -- functionpoint
[    0.153152] drivers/pci/probe.c 2009 pci_bus_read_dev_vendor_id -- functionpoint
[    0.153160] drivers/pci/probe.c 2288 pci_scan_slot -- functionpoint -- fn = 0, devfn = 8, fn+devfn = 8
[    0.153163] drivers/pci/probe.c 2281 pci_scan_slot -- functionpoint
[    0.153164] drivers/pci/probe.c 2196 pci_scan_single_device -- functionpoint
[    0.153165] drivers/pci/search.c 206 pci_get_slot -- functionpoint
[    0.153167] drivers/pci/probe.c 2035 pci_scan_device -- functionpoint
[    0.153168] drivers/pci/probe.c 2009 pci_bus_read_dev_vendor_id -- functionpoint
[    0.153172] drivers/pci/probe.c 2288 pci_scan_slot -- functionpoint -- fn = 0, devfn = 16, fn+devfn = 16
[    0.153176] drivers/pci/probe.c 2281 pci_scan_slot -- functionpoint
[    0.153176] drivers/pci/probe.c 2196 pci_scan_single_device -- functionpoint
[    0.153177] drivers/pci/search.c 206 pci_get_slot -- functionpoint
[    0.153179] drivers/pci/probe.c 2035 pci_scan_device -- functionpoint
[    0.153181] drivers/pci/probe.c 2009 pci_bus_read_dev_vendor_id -- functionpoint
[    0.153185] drivers/pci/probe.c 2288 pci_scan_slot -- functionpoint -- fn = 0, devfn = 24, fn+devfn = 24
[    0.153189] drivers/pci/probe.c 2281 pci_scan_slot -- functionpoint
[    0.153189] drivers/pci/probe.c 2196 pci_scan_single_device -- functionpoint
[    0.153191] drivers/pci/search.c 206 pci_get_slot -- functionpoint
[    0.153192] drivers/pci/probe.c 2035 pci_scan_device -- functionpoint
[    0.153194] drivers/pci/probe.c 2009 pci_bus_read_dev_vendor_id -- functionpoint
[    0.153198] drivers/pci/probe.c 2288 pci_scan_slot -- functionpoint -- fn = 0, devfn = 32, fn+devfn = 32
[    0.153201] drivers/pci/probe.c 2281 pci_scan_slot -- functionpoint
[    0.153201] drivers/pci/probe.c 2196 pci_scan_single_device -- functionpoint
[    0.153203] drivers/pci/search.c 206 pci_get_slot -- functionpoint
[    0.153204] drivers/pci/probe.c 2035 pci_scan_device -- functionpoint
[    0.153206] drivers/pci/probe.c 2009 pci_bus_read_dev_vendor_id -- functionpoint
[    0.153210] drivers/pci/probe.c 2288 pci_scan_slot -- functionpoint -- fn = 0, devfn = 40, fn+devfn = 40
[    0.153213] drivers/pci/probe.c 2281 pci_scan_slot -- functionpoint
[    0.153214] drivers/pci/probe.c 2196 pci_scan_single_device -- functionpoint
[    0.153215] drivers/pci/search.c 206 pci_get_slot -- functionpoint
[    0.153217] drivers/pci/probe.c 2035 pci_scan_device -- functionpoint
[    0.153218] drivers/pci/probe.c 2009 pci_bus_read_dev_vendor_id -- functionpoint
[    0.153230] drivers/pci/probe.c 2288 pci_scan_slot -- functionpoint -- fn = 0, devfn = 48, fn+devfn = 48
[    0.153233] drivers/pci/probe.c 2281 pci_scan_slot -- functionpoint
[    0.153234] drivers/pci/probe.c 2196 pci_scan_single_device -- functionpoint
[    0.153235] drivers/pci/search.c 206 pci_get_slot -- functionpoint
[    0.153237] drivers/pci/probe.c 2035 pci_scan_device -- functionpoint
[    0.153238] drivers/pci/probe.c 2009 pci_bus_read_dev_vendor_id -- functionpoint
[    0.153242] drivers/pci/probe.c 2288 pci_scan_slot -- functionpoint -- fn = 0, devfn = 56, fn+devfn = 56
[    0.153245] drivers/pci/probe.c 2281 pci_scan_slot -- functionpoint
[    0.153246] drivers/pci/probe.c 2196 pci_scan_single_device -- functionpoint
[    0.153247] drivers/pci/search.c 206 pci_get_slot -- functionpoint
[    0.153249] drivers/pci/probe.c 2035 pci_scan_device -- functionpoint
[    0.153250] drivers/pci/probe.c 2009 pci_bus_read_dev_vendor_id -- functionpoint
[    0.153255] drivers/pci/probe.c 2288 pci_scan_slot -- functionpoint -- fn = 0, devfn = 64, fn+devfn = 64
[    0.153258] drivers/pci/probe.c 2281 pci_scan_slot -- functionpoint
[    0.153259] drivers/pci/probe.c 2196 pci_scan_single_device -- functionpoint
[    0.153260] drivers/pci/search.c 206 pci_get_slot -- functionpoint
[    0.153262] drivers/pci/probe.c 2035 pci_scan_device -- functionpoint
[    0.153263] drivers/pci/probe.c 2009 pci_bus_read_dev_vendor_id -- functionpoint
[    0.153273] drivers/pci/probe.c 2288 pci_scan_slot -- functionpoint -- fn = 0, devfn = 72, fn+devfn = 72
[    0.153277] drivers/pci/probe.c 2281 pci_scan_slot -- functionpoint
[    0.153277] drivers/pci/probe.c 2196 pci_scan_single_device -- functionpoint
[    0.153278] drivers/pci/search.c 206 pci_get_slot -- functionpoint
[    0.153280] drivers/pci/probe.c 2035 pci_scan_device -- functionpoint
[    0.153282] drivers/pci/probe.c 2009 pci_bus_read_dev_vendor_id -- functionpoint
[    0.153286] drivers/pci/probe.c 2288 pci_scan_slot -- functionpoint -- fn = 0, devfn = 80, fn+devfn = 80
[    0.153289] drivers/pci/probe.c 2281 pci_scan_slot -- functionpoint
[    0.153289] drivers/pci/probe.c 2196 pci_scan_single_device -- functionpoint
[    0.153291] drivers/pci/search.c 206 pci_get_slot -- functionpoint
[    0.153292] drivers/pci/probe.c 2035 pci_scan_device -- functionpoint
[    0.153294] drivers/pci/probe.c 2009 pci_bus_read_dev_vendor_id -- functionpoint
[    0.153299] drivers/pci/probe.c 2288 pci_scan_slot -- functionpoint -- fn = 0, devfn = 88, fn+devfn = 88
[    0.153302] drivers/pci/probe.c 2281 pci_scan_slot -- functionpoint
[    0.153302] drivers/pci/probe.c 2196 pci_scan_single_device -- functionpoint
[    0.153304] drivers/pci/search.c 206 pci_get_slot -- functionpoint
[    0.153305] drivers/pci/probe.c 2035 pci_scan_device -- functionpoint
[    0.153307] drivers/pci/probe.c 2009 pci_bus_read_dev_vendor_id -- functionpoint
[    0.153317] drivers/pci/probe.c 2288 pci_scan_slot -- functionpoint -- fn = 0, devfn = 96, fn+devfn = 96
[    0.153320] drivers/pci/probe.c 2281 pci_scan_slot -- functionpoint
[    0.153320] drivers/pci/probe.c 2196 pci_scan_single_device -- functionpoint
[    0.153322] drivers/pci/search.c 206 pci_get_slot -- functionpoint
[    0.153323] drivers/pci/probe.c 2035 pci_scan_device -- functionpoint
[    0.153325] drivers/pci/probe.c 2009 pci_bus_read_dev_vendor_id -- functionpoint
[    0.153329] drivers/pci/probe.c 2288 pci_scan_slot -- functionpoint -- fn = 0, devfn = 104, fn+devfn = 104
[    0.153332] drivers/pci/probe.c 2281 pci_scan_slot -- functionpoint
[    0.153332] drivers/pci/probe.c 2196 pci_scan_single_device -- functionpoint
[    0.153334] drivers/pci/search.c 206 pci_get_slot -- functionpoint
[    0.153335] drivers/pci/probe.c 2035 pci_scan_device -- functionpoint
[    0.153337] drivers/pci/probe.c 2009 pci_bus_read_dev_vendor_id -- functionpoint
[    0.153342] drivers/pci/probe.c 2288 pci_scan_slot -- functionpoint -- fn = 0, devfn = 112, fn+devfn = 112
[    0.153345] drivers/pci/probe.c 2281 pci_scan_slot -- functionpoint
[    0.153345] drivers/pci/probe.c 2196 pci_scan_single_device -- functionpoint
[    0.153347] drivers/pci/search.c 206 pci_get_slot -- functionpoint
[    0.153349] drivers/pci/probe.c 2035 pci_scan_device -- functionpoint
[    0.153350] drivers/pci/probe.c 2009 pci_bus_read_dev_vendor_id -- functionpoint
[    0.153360] drivers/pci/probe.c 2288 pci_scan_slot -- functionpoint -- fn = 0, devfn = 120, fn+devfn = 120
[    0.153364] drivers/pci/probe.c 2281 pci_scan_slot -- functionpoint
[    0.153364] drivers/pci/probe.c 2196 pci_scan_single_device -- functionpoint
[    0.153366] drivers/pci/search.c 206 pci_get_slot -- functionpoint
[    0.153367] drivers/pci/probe.c 2035 pci_scan_device -- functionpoint
[    0.153369] drivers/pci/probe.c 2009 pci_bus_read_dev_vendor_id -- functionpoint
[    0.153373] drivers/pci/probe.c 2288 pci_scan_slot -- functionpoint -- fn = 0, devfn = 128, fn+devfn = 128
[    0.153376] drivers/pci/probe.c 2281 pci_scan_slot -- functionpoint
[    0.153376] drivers/pci/probe.c 2196 pci_scan_single_device -- functionpoint
[    0.153378] drivers/pci/search.c 206 pci_get_slot -- functionpoint
[    0.153379] drivers/pci/probe.c 2035 pci_scan_device -- functionpoint
[    0.153381] drivers/pci/probe.c 2009 pci_bus_read_dev_vendor_id -- functionpoint
[    0.153386] drivers/pci/probe.c 2288 pci_scan_slot -- functionpoint -- fn = 0, devfn = 136, fn+devfn = 136
[    0.153389] drivers/pci/probe.c 2281 pci_scan_slot -- functionpoint
[    0.153389] drivers/pci/probe.c 2196 pci_scan_single_device -- functionpoint
[    0.153391] drivers/pci/search.c 206 pci_get_slot -- functionpoint
[    0.153392] drivers/pci/probe.c 2035 pci_scan_device -- functionpoint
[    0.153394] drivers/pci/probe.c 2009 pci_bus_read_dev_vendor_id -- functionpoint
[    0.153404] drivers/pci/probe.c 2288 pci_scan_slot -- functionpoint -- fn = 0, devfn = 144, fn+devfn = 144
[    0.153407] drivers/pci/probe.c 2281 pci_scan_slot -- functionpoint
[    0.153408] drivers/pci/probe.c 2196 pci_scan_single_device -- functionpoint
[    0.153409] drivers/pci/search.c 206 pci_get_slot -- functionpoint
