[    0.000000] microcode: microcode updated early to revision 0xd6, date = 2020-04-23
[    0.000000] Linux version 4.15.9+ (root@Yee-680G4) (gcc version 5.5.0 20171010 (Ubuntu 5.5.0-12ubuntu1~16.04)) #33 SMP Fri Oct 23 16:22:48 CST 2020
[    0.000000] Command line: BOOT_IMAGE=/boot/vmlinuz-4.15.9+ root=UUID=da0e40f1-3840-43a9-b61a-7b465a7673d3 ro quiet splash vt.handoff=7
[    0.000000] KERNEL supported cpus:
[    0.000000]   Intel GenuineIntel
[    0.000000]   AMD AuthenticAMD
[    0.000000]   Centaur CentaurHauls
[    0.000000] x86/fpu: Supporting XSAVE feature 0x001: 'x87 floating point registers'
[    0.000000] x86/fpu: Supporting XSAVE feature 0x002: 'SSE registers'
[    0.000000] x86/fpu: Supporting XSAVE feature 0x004: 'AVX registers'
[    0.000000] x86/fpu: Supporting XSAVE feature 0x008: 'MPX bounds registers'
[    0.000000] x86/fpu: Supporting XSAVE feature 0x010: 'MPX CSR'
[    0.000000] x86/fpu: xstate_offset[2]:  576, xstate_sizes[2]:  256
[    0.000000] x86/fpu: xstate_offset[3]:  832, xstate_sizes[3]:   64
[    0.000000] x86/fpu: xstate_offset[4]:  896, xstate_sizes[4]:   64
[    0.000000] x86/fpu: Enabled xstate features 0x1f, context size is 960 bytes, using 'compacted' format.
[    0.000000] e820: BIOS-provided physical RAM map:
[    0.000000] BIOS-e820: [mem 0x0000000000000000-0x000000000009efff] usable
[    0.000000] BIOS-e820: [mem 0x000000000009f000-0x00000000000fffff] reserved
[    0.000000] BIOS-e820: [mem 0x0000000000100000-0x00000000be6aafff] usable
[    0.000000] BIOS-e820: [mem 0x00000000be6ab000-0x00000000bf98efff] reserved
[    0.000000] BIOS-e820: [mem 0x00000000bf98f000-0x00000000bfb8efff] ACPI NVS
[    0.000000] BIOS-e820: [mem 0x00000000bfb8f000-0x00000000bfc0efff] ACPI data
[    0.000000] BIOS-e820: [mem 0x00000000bfc0f000-0x00000000bfc0ffff] usable
[    0.000000] BIOS-e820: [mem 0x00000000bfc10000-0x00000000d47fffff] reserved
[    0.000000] BIOS-e820: [mem 0x00000000fe010000-0x00000000fe010fff] reserved
[    0.000000] BIOS-e820: [mem 0x00000000ff000000-0x00000000ffffffff] reserved
[    0.000000] BIOS-e820: [mem 0x0000000100000000-0x00000004277fffff] usable
[    0.000000] NX (Execute Disable) protection: active
[    0.000000] efi: EFI v2.60 by HP
[    0.000000] efi:  ACPI=0xbfc0e000  ACPI 2.0=0xbfc0e014  SMBIOS=0xbee75000  ESRT=0xbee76018  MEMATTR=0xaf5c7418 
[    0.000000] random: fast init done
[    0.000000] SMBIOS 3.1 present.
[    0.000000] DMI: HP HP ProDesk 680 G4 MT/8580, BIOS R04 Ver. 02.11.01 04/27/2020
[    0.000000] e820: update [mem 0x00000000-0x00000fff] usable ==> reserved
[    0.000000] e820: remove [mem 0x000a0000-0x000fffff] usable
[    0.000000] e820: last_pfn = 0x427800 max_arch_pfn = 0x400000000
[    0.000000] MTRR default type: write-back
[    0.000000] MTRR fixed ranges enabled:
[    0.000000]   00000-9FFFF write-back
[    0.000000]   A0000-BFFFF uncachable
[    0.000000]   C0000-FFFFF write-protect
[    0.000000] MTRR variable ranges enabled:
[    0.000000]   0 base 00E0000000 mask 7FE0000000 uncachable
[    0.000000]   1 base 00D0000000 mask 7FF0000000 uncachable
[    0.000000]   2 base 00C8000000 mask 7FF8000000 uncachable
[    0.000000]   3 base 00C4000000 mask 7FFC000000 uncachable
[    0.000000]   4 base 2000000000 mask 6000000000 uncachable
[    0.000000]   5 base 1000000000 mask 7000000000 uncachable
[    0.000000]   6 base 0800000000 mask 7800000000 uncachable
[    0.000000]   7 base 4000000000 mask 4000000000 uncachable
[    0.000000]   8 disabled
[    0.000000]   9 disabled
[    0.000000] x86/PAT: Configuration [0-7]: WB  WC  UC- UC  WB  WP  UC- WT  
[    0.000000] e820: last_pfn = 0xbfc10 max_arch_pfn = 0x400000000
[    0.000000] esrt: Reserving ESRT space from 0x00000000bee76018 to 0x00000000bee76050.
[    0.000000] Scanning 1 areas for low memory corruption
[    0.000000] Base memory trampoline at [        (ptrval)] 99000 size 24576
[    0.000000] Using GB pages for direct mapping
[    0.000000] BRK [0x26973a000, 0x26973afff] PGTABLE
[    0.000000] BRK [0x26973b000, 0x26973bfff] PGTABLE
[    0.000000] BRK [0x26973c000, 0x26973cfff] PGTABLE
[    0.000000] BRK [0x26973d000, 0x26973dfff] PGTABLE
[    0.000000] BRK [0x26973e000, 0x26973efff] PGTABLE
[    0.000000] BRK [0x26973f000, 0x26973ffff] PGTABLE
[    0.000000] BRK [0x269740000, 0x269740fff] PGTABLE
[    0.000000] BRK [0x269741000, 0x269741fff] PGTABLE
[    0.000000] Secure boot could not be determined
[    0.000000] RAMDISK: [mem 0x23327000-0x3e1b0fff]
[    0.000000] ACPI: Early table checksum verification disabled
[    0.000000] ACPI: RSDP 0x00000000BFC0E014 000024 (v02 HPQOEM)
[    0.000000] ACPI: XSDT 0x00000000BFBC7188 0000DC (v01 HPQOEM SLIC-BPC 00000000 INTL 20160422)
[    0.000000] ACPI: FACP 0x00000000BFC08000 000114 (v06 HPQOEM SLIC-BPC 00000000 HP   00000001)
[    0.000000] ACPI: DSDT 0x00000000BFBE5000 01E092 (v02 HPQOEM 8580     00000000 INTL 20160527)
[    0.000000] ACPI: FACS 0x00000000BFB3F000 000040
[    0.000000] ACPI: SSDT 0x00000000BFC0C000 00012A (v02 HP     ShmTable 00000001 INTL 20160527)
[    0.000000] ACPI: SSDT 0x00000000BFC0A000 001B5F (v02 CpuRef CpuSsdt  00003000 INTL 20160527)
[    0.000000] ACPI: SSDT 0x00000000BFC09000 0009CF (v02 CtdpB  CtdpB    00001000 INTL 20160527)
[    0.000000] ACPI: HPET 0x00000000BFC07000 000038 (v01 HPQOEM 8580     00000001 HP   00000001)
[    0.000000] ACPI: APIC 0x00000000BFC06000 00012C (v03 HPQOEM 8580     00000001 HP   00000001)
[    0.000000] ACPI: MCFG 0x00000000BFC05000 00003C (v01 HPQOEM 8580     00000001 HP   00000001)
[    0.000000] ACPI: WSMT 0x00000000BFC04000 000028 (v01 HPQOEM 8580     00000001 HP   00000001)
[    0.000000] ACPI: SSDT 0x00000000BFBE4000 000734 (v01 HPQOEM PtidDevc 00001000 INTL 20160527)
[    0.000000] ACPI: SSDT 0x00000000BFBE3000 000B27 (v02 HPQOEM HP_XHC_P 00000000 INTL 20160527)
[    0.000000] ACPI: SSDT 0x00000000BFBDF000 0030ED (v02 SaSsdt SaSsdt   00003000 INTL 20160527)
[    0.000000] ACPI: LPIT 0x00000000BFBDE000 000094 (v01 INTEL  CFL      20170001 INTL 20160422)
[    0.000000] ACPI: WSMT 0x00000000BFBDD000 000028 (v01 INTEL  CFL      20170001 INTL 20160422)
[    0.000000] ACPI: SSDT 0x00000000BFBDC000 00044C (v02 INTEL  Wwan     00000001 INTL 20160527)
[    0.000000] ACPI: UEFI 0x00000000BFB39000 000042 (v01 INTEL  CFL      20170001 INTL 20160422)
[    0.000000] ACPI: OEML 0x00000000BFBDB000 000028 (v03 INTEL  CFL      20170001 INTL 20160422)
[    0.000000] ACPI: DMAR 0x00000000BFBDA000 0000C8 (v01 INTEL  CFL      00000002      01000013)
[    0.000000] ACPI: SSDT 0x00000000BFBCB000 00E899 (v01 HP     HPINDTWL 00001000 INTL 20160527)
[    0.000000] ACPI: SSDT 0x00000000BFBCA000 000032 (v01 HP     HPCONDEV 00001000 INTL 20160527)
[    0.000000] ACPI: SSDT 0x00000000BFBC9000 000069 (v01 HP     HPCAHWID 00001000 INTL 20160527)
[    0.000000] ACPI: ASF! 0x00000000BFBC8000 0000A0 (v32 HPQOEM  UYA     20170001 INTL 20160422)
[    0.000000] ACPI: FPDT 0x00000000BFC0D000 000044 (v01 INTEL  CFL      20170001 INTL 20160422)
[    0.000000] ACPI: BGRT 0x00000000BFBC6000 000038 (v01 INTEL  CFL      20170001 INTL 20160422)
[    0.000000] ACPI: Local APIC address 0xfee00000
[    0.000000] No NUMA configuration found
[    0.000000] Faking a node at [mem 0x0000000000000000-0x00000004277fffff]
[    0.000000] NODE_DATA(0) allocated [mem 0x4277d5000-0x4277fffff]
[    0.000000] Zone ranges:
[    0.000000]   DMA      [mem 0x0000000000001000-0x0000000000ffffff]
[    0.000000]   DMA32    [mem 0x0000000001000000-0x00000000ffffffff]
[    0.000000]   Normal   [mem 0x0000000100000000-0x00000004277fffff]
[    0.000000]   Device   empty
[    0.000000] Movable zone start for each node
[    0.000000] Early memory node ranges
[    0.000000]   node   0: [mem 0x0000000000001000-0x000000000009efff]
[    0.000000]   node   0: [mem 0x0000000000100000-0x00000000be6aafff]
[    0.000000]   node   0: [mem 0x00000000bfc0f000-0x00000000bfc0ffff]
[    0.000000]   node   0: [mem 0x0000000100000000-0x00000004277fffff]
[    0.000000] Initmem setup node 0 [mem 0x0000000000001000-0x00000004277fffff]
[    0.000000] On node 0 totalpages: 4087370
[    0.000000]   DMA zone: 64 pages used for memmap
[    0.000000]   DMA zone: 21 pages reserved
[    0.000000]   DMA zone: 3998 pages, LIFO batch:0
[    0.000000]   DMA32 zone: 12123 pages used for memmap
[    0.000000]   DMA32 zone: 775852 pages, LIFO batch:31
[    0.000000]   Normal zone: 51680 pages used for memmap
[    0.000000]   Normal zone: 3307520 pages, LIFO batch:31
[    0.000000] Reserved but unavailable: 99 pages
[    0.000000] tboot: non-0 tboot_addr but it is not of type E820_TYPE_RESERVED
[    0.000000] ACPI: PM-Timer IO Port: 0x1808
[    0.000000] ACPI: Local APIC address 0xfee00000
[    0.000000] ACPI: LAPIC_NMI (acpi_id[0x01] high edge lint[0x1])
[    0.000000] ACPI: LAPIC_NMI (acpi_id[0x02] high edge lint[0x1])
[    0.000000] ACPI: LAPIC_NMI (acpi_id[0x03] high edge lint[0x1])
[    0.000000] ACPI: LAPIC_NMI (acpi_id[0x04] high edge lint[0x1])
[    0.000000] ACPI: LAPIC_NMI (acpi_id[0x05] high edge lint[0x1])
[    0.000000] ACPI: LAPIC_NMI (acpi_id[0x06] high edge lint[0x1])
[    0.000000] ACPI: LAPIC_NMI (acpi_id[0x07] high edge lint[0x1])
[    0.000000] ACPI: LAPIC_NMI (acpi_id[0x08] high edge lint[0x1])
[    0.000000] ACPI: LAPIC_NMI (acpi_id[0x09] high edge lint[0x1])
[    0.000000] ACPI: LAPIC_NMI (acpi_id[0x0a] high edge lint[0x1])
[    0.000000] ACPI: LAPIC_NMI (acpi_id[0x0b] high edge lint[0x1])
[    0.000000] ACPI: LAPIC_NMI (acpi_id[0x0c] high edge lint[0x1])
[    0.000000] ACPI: LAPIC_NMI (acpi_id[0x0d] high edge lint[0x1])
[    0.000000] ACPI: LAPIC_NMI (acpi_id[0x0e] high edge lint[0x1])
[    0.000000] ACPI: LAPIC_NMI (acpi_id[0x0f] high edge lint[0x1])
[    0.000000] ACPI: LAPIC_NMI (acpi_id[0x10] high edge lint[0x1])
[    0.000000] IOAPIC[0]: apic_id 2, version 32, address 0xfec00000, GSI 0-119
[    0.000000] ACPI: INT_SRC_OVR (bus 0 bus_irq 0 global_irq 2 dfl dfl)
[    0.000000] ACPI: INT_SRC_OVR (bus 0 bus_irq 9 global_irq 9 high level)
[    0.000000] ACPI: IRQ0 used by override.
[    0.000000] ACPI: IRQ9 used by override.
[    0.000000] Using ACPI (MADT) for SMP configuration information
[    0.000000] ACPI: HPET id: 0x8086a201 base: 0xfed00000
[    0.000000] smpboot: Allowing 8 CPUs, 0 hotplug CPUs
[    0.000000] PM: Registered nosave memory: [mem 0x00000000-0x00000fff]
[    0.000000] PM: Registered nosave memory: [mem 0x0009f000-0x000fffff]
[    0.000000] PM: Registered nosave memory: [mem 0xbe6ab000-0xbf98efff]
[    0.000000] PM: Registered nosave memory: [mem 0xbf98f000-0xbfb8efff]
[    0.000000] PM: Registered nosave memory: [mem 0xbfb8f000-0xbfc0efff]
[    0.000000] PM: Registered nosave memory: [mem 0xbfc10000-0xd47fffff]
[    0.000000] PM: Registered nosave memory: [mem 0xd4800000-0xfe00ffff]
[    0.000000] PM: Registered nosave memory: [mem 0xfe010000-0xfe010fff]
[    0.000000] PM: Registered nosave memory: [mem 0xfe011000-0xfeffffff]
[    0.000000] PM: Registered nosave memory: [mem 0xff000000-0xffffffff]
[    0.000000] e820: [mem 0xd4800000-0xfe00ffff] available for PCI devices
[    0.000000] Booting paravirtualized kernel on bare hardware
[    0.000000] clocksource: refined-jiffies: mask: 0xffffffff max_cycles: 0xffffffff, max_idle_ns: 7645519600211568 ns
[    0.000000] setup_percpu: NR_CPUS:8192 nr_cpumask_bits:8 nr_cpu_ids:8 nr_node_ids:1
[    0.000000] percpu: Embedded 46 pages/cpu @        (ptrval) s151552 r8192 d28672 u262144
[    0.000000] pcpu-alloc: s151552 r8192 d28672 u262144 alloc=1*2097152
[    0.000000] pcpu-alloc: [0] 0 1 2 3 4 5 6 7 
[    0.000000] Built 1 zonelists, mobility grouping on.  Total pages: 4023482
[    0.000000] Policy zone: Normal
[    0.000000] Kernel command line: BOOT_IMAGE=/boot/vmlinuz-4.15.9+ root=UUID=da0e40f1-3840-43a9-b61a-7b465a7673d3 ro quiet splash vt.handoff=7
[    0.000000] Calgary: detecting Calgary via BIOS EBDA area
[    0.000000] Calgary: Unable to locate Rio Grande table in EBDA - bailing!
[    0.000000] Memory: 15455408K/16349480K available (12300K kernel code, 2470K rwdata, 4196K rodata, 2388K init, 2416K bss, 894072K reserved, 0K cma-reserved)
[    0.000000] SLUB: HWalign=64, Order=0-3, MinObjects=0, CPUs=8, Nodes=1
[    0.000000] ftrace: allocating 38976 entries in 153 pages
[    0.000000] Hierarchical RCU implementation.
[    0.000000] 	RCU restricting CPUs from NR_CPUS=8192 to nr_cpu_ids=8.
[    0.000000] 	Tasks RCU enabled.
[    0.000000] RCU: Adjusting geometry for rcu_fanout_leaf=16, nr_cpu_ids=8
[    0.000000] NR_IRQS: 524544, nr_irqs: 2048, preallocated irqs: 16
[    0.000000] Console: colour dummy device 80x25
[    0.000000] console [tty0] enabled
[    0.000000] ACPI: Core revision 20170831
[    0.000000] ACPI Error: [\_SB_.PCI0.XHC_.RHUB.HS11] Namespace lookup failure, AE_NOT_FOUND (20170831/dswload-210)
[    0.000000] ACPI Exception: AE_NOT_FOUND, During name lookup/catalog (20170831/psobject-252)
[    0.000000] ACPI Exception: AE_NOT_FOUND, (SSDT:HP_XHC_P) while loading table (20170831/tbxfload-228)
[    0.000000] ACPI Error: 1 table load failures, 10 successful (20170831/tbxfload-246)
[    0.000000] clocksource: hpet: mask: 0xffffffff max_cycles: 0xffffffff, max_idle_ns: 79635855245 ns
[    0.000000] hpet clockevent registered
[    0.004000] APIC: Switch to symmetric I/O mode setup
[    0.004000] DMAR: Host address width 39
[    0.004000] DMAR: DRHD base: 0x000000fed90000 flags: 0x0
[    0.004000] DMAR: dmar0: reg_base_addr fed90000 ver 1:0 cap 1c0000c40660462 ecap 19e2ff0505e
[    0.004000] DMAR: DRHD base: 0x000000fed91000 flags: 0x1
[    0.004000] DMAR: dmar1: reg_base_addr fed91000 ver 1:0 cap d2008c40660462 ecap f050da
[    0.004000] DMAR: RMRR base: 0x000000bf81d000 end: 0x000000bf83cfff
[    0.004000] DMAR: RMRR base: 0x000000c4000000 end: 0x000000d47fffff
[    0.004000] DMAR: RMRR base: 0x000000bf86e000 end: 0x000000bf8edfff
[    0.004000] DMAR-IR: IOAPIC id 2 under DRHD base  0xfed91000 IOMMU 1
[    0.004000] DMAR-IR: HPET id 0 under DRHD base 0xfed91000
[    0.004000] DMAR-IR: Queued invalidation will be enabled to support x2apic and Intr-remapping.
[    0.004000] DMAR-IR: Enabled IRQ remapping in x2apic mode
[    0.004000] x2apic enabled
[    0.004000] Switched APIC routing to cluster x2apic.
[    0.016000] ..TIMER: vector=0x30 apic1=0 pin1=2 apic2=-1 pin2=-1
[    0.036000] tsc: Detected 3000.000 MHz processor
[    0.036000] Calibrating delay loop (skipped), value calculated using timer frequency.. 6000.00 BogoMIPS (lpj=12000000)
[    0.036000] pid_max: default: 32768 minimum: 301
[    0.036000] Security Framework initialized
[    0.036000] Yama: becoming mindful.
[    0.036000] AppArmor: AppArmor initialized
[    0.036000] Dentry cache hash table entries: 2097152 (order: 12, 16777216 bytes)
[    0.036000] Inode-cache hash table entries: 1048576 (order: 11, 8388608 bytes)
[    0.036000] Mount-cache hash table entries: 32768 (order: 6, 262144 bytes)
[    0.036000] Mountpoint-cache hash table entries: 32768 (order: 6, 262144 bytes)
[    0.036000] CPU: Physical Processor ID: 0
[    0.036000] CPU: Processor Core ID: 0
[    0.036000] ENERGY_PERF_BIAS: Set to 'normal', was 'performance'
[    0.036000] ENERGY_PERF_BIAS: View and update with x86_energy_perf_policy(8)
[    0.036000] mce: CPU supports 14 MCE banks
[    0.036000] CPU0: Thermal monitoring enabled (TM1)
[    0.036000] process: using mwait in idle threads
[    0.036000] Last level iTLB entries: 4KB 128, 2MB 8, 4MB 8
[    0.036000] Last level dTLB entries: 4KB 64, 2MB 0, 4MB 0, 1GB 4
[    0.036000] Spectre V2 : Mitigation: Full generic retpoline
[    0.036000] Spectre V2 : Spectre v2 mitigation: Filling RSB on context switch
[    0.036000] Spectre V2 : Spectre v2 mitigation: Enabling Indirect Branch Prediction Barrier
[    0.036000] Freeing SMP alternatives memory: 36K
[    0.042930] TSC deadline timer enabled
[    0.042940] smpboot: CPU0: Intel(R) Core(TM) i7-9700 CPU @ 3.00GHz (family: 0x6, model: 0x9e, stepping: 0xd)
[    0.042991] Performance Events: PEBS fmt3+, Skylake events, 32-deep LBR, full-width counters, Intel PMU driver.
[    0.043020] ... version:                4
[    0.043021] ... bit width:              48
[    0.043021] ... generic registers:      8
[    0.043022] ... value mask:             0000ffffffffffff
[    0.043022] ... max period:             00007fffffffffff
[    0.043023] ... fixed-purpose events:   3
[    0.043023] ... event mask:             00000007000000ff
[    0.043054] Hierarchical SRCU implementation.
[    0.043986] NMI watchdog: Enabled. Permanently consumes one hw-PMU counter.
[    0.043997] smp: Bringing up secondary CPUs ...
[    0.044000] x86: Booting SMP configuration:
[    0.044000] .... node  #0, CPUs:      #1 #2 #3 #4 #5 #6 #7
[    0.053454] smp: Brought up 1 node, 8 CPUs
[    0.053454] smpboot: Max logical packages: 1
[    0.053454] smpboot: Total of 8 processors activated (48000.00 BogoMIPS)
[    0.056290] devtmpfs: initialized
[    0.056290] x86/mm: Memory block size: 128MB
[    0.057016] evm: security.selinux
[    0.057017] evm: security.SMACK64
[    0.057017] evm: security.SMACK64EXEC
[    0.057018] evm: security.SMACK64TRANSMUTE
[    0.057018] evm: security.SMACK64MMAP
[    0.057018] evm: security.apparmor
[    0.057019] evm: security.ima
[    0.057019] evm: security.capability
[    0.057032] PM: Registering ACPI NVS region [mem 0xbf98f000-0xbfb8efff] (2097152 bytes)
[    0.057032] clocksource: jiffies: mask: 0xffffffff max_cycles: 0xffffffff, max_idle_ns: 7645041785100000 ns
[    0.057032] futex hash table entries: 2048 (order: 5, 131072 bytes)
[    0.057032] pinctrl core: initialized pinctrl subsystem
[    0.057032] drivers/base/bus.c 153 driver_register -- functionpoint
[    0.057032] drivers/base/bus.c 642 bus_add_driver -- functionpoint
[    0.057032] drivers/base/bus.c 649 bus_add_driver -- functionpoint -- bus: 'platform': add driver reg-dummy
[    0.057032] drivers/base/dd.c 369 really_probe -- functionpoint
[    0.057032] drivers/base/dd.c 392 really_probe -- functionpoint -- bus: 'platform': really_probe: probing driver reg-dummy with device reg-dummy
[    0.057032] drivers/base/dd.c 435 really_probe -- if drv->probe use drv->probe(dev) -- functionpoint
[    0.057032] RTC time:  8:54:23, date: 10/23/20
[    0.057032] NET: Registered protocol family 16
[    0.057032] audit: initializing netlink subsys (disabled)
[    0.057032] audit: type=2000 audit(1603443262.056:1): state=initialized audit_enabled=0 res=1
[    0.057032] drivers/base/bus.c 153 driver_register -- functionpoint
[    0.057032] drivers/base/bus.c 642 bus_add_driver -- functionpoint
[    0.057032] drivers/base/bus.c 649 bus_add_driver -- functionpoint -- bus: 'platform': add driver sram
[    0.057032] drivers/base/bus.c 153 driver_register -- functionpoint
[    0.057032] drivers/base/bus.c 642 bus_add_driver -- functionpoint
[    0.057032] drivers/base/bus.c 649 bus_add_driver -- functionpoint -- bus: 'platform': add driver syscon
[    0.057032] drivers/base/bus.c 153 driver_register -- functionpoint
[    0.057032] drivers/base/bus.c 642 bus_add_driver -- functionpoint
[    0.057032] drivers/base/bus.c 649 bus_add_driver -- functionpoint -- bus: 'i2c': add driver dummy
[    0.057032] cpuidle: using governor ladder
[    0.057032] cpuidle: using governor menu
[    0.057032] ACPI FADT declares the system doesn't support PCIe ASPM, so disable it
[    0.057032] ACPI: bus type PCI registered
[    0.057032] acpiphp: ACPI Hot Plug PCI Controller Driver version: 0.5
[    0.057032] arch/x86/pci/init.c 11 start pci_arch_init -- functionpoint
[    0.057032] PCI: MMCONFIG for domain 0000 [bus 00-3f] at [mem 0xf8000000-0xfbffffff] (base 0xf8000000)
[    0.057032] PCI: not using MMCONFIG
[    0.057032] PCI: Using configuration type 1 for base access
[    0.057032] arch/x86/pci/init.c 44 end pci_arch_init -- functionpoint
[    0.057120] HugeTLB registered 1.00 GiB page size, pre-allocated 0 pages
[    0.057120] HugeTLB registered 2.00 MiB page size, pre-allocated 0 pages
[    0.057122] drivers/base/bus.c 153 driver_register -- functionpoint
[    0.057122] drivers/base/bus.c 642 bus_add_driver -- functionpoint
[    0.057122] drivers/base/bus.c 649 bus_add_driver -- functionpoint -- bus: 'i2c': add driver sx150x-pinctrl
[    0.057122] drivers/base/bus.c 153 driver_register -- functionpoint
[    0.057122] drivers/base/bus.c 642 bus_add_driver -- functionpoint
[    0.057122] drivers/base/bus.c 649 bus_add_driver -- functionpoint -- bus: 'platform': add driver byt_gpio
[    0.057122] drivers/base/bus.c 153 driver_register -- functionpoint
[    0.057122] drivers/base/bus.c 642 bus_add_driver -- functionpoint
[    0.057122] drivers/base/bus.c 649 bus_add_driver -- functionpoint -- bus: 'platform': add driver cherryview-pinctrl
[    0.057122] drivers/base/bus.c 153 driver_register -- functionpoint
[    0.057122] drivers/base/bus.c 642 bus_add_driver -- functionpoint
[    0.057122] drivers/base/bus.c 649 bus_add_driver -- functionpoint -- bus: 'platform': add driver lp_gpio
[    0.057122] drivers/base/bus.c 153 driver_register -- functionpoint
[    0.057122] drivers/base/bus.c 642 bus_add_driver -- functionpoint
[    0.057122] drivers/base/bus.c 649 bus_add_driver -- functionpoint -- bus: 'platform': add driver rc5t583-gpio
[    0.057122] drivers/base/bus.c 153 driver_register -- functionpoint
[    0.057122] drivers/base/bus.c 642 bus_add_driver -- functionpoint
[    0.057122] drivers/base/bus.c 649 bus_add_driver -- functionpoint -- bus: 'platform': add driver palmas-gpio
[    0.057122] drivers/base/bus.c 153 driver_register -- functionpoint
[    0.057122] drivers/base/bus.c 642 bus_add_driver -- functionpoint
[    0.057122] drivers/base/bus.c 649 bus_add_driver -- functionpoint -- bus: 'platform': add driver tps6586x-gpio
[    0.057122] drivers/base/bus.c 153 driver_register -- functionpoint
[    0.057122] drivers/base/bus.c 642 bus_add_driver -- functionpoint
[    0.057122] drivers/base/bus.c 649 bus_add_driver -- functionpoint -- bus: 'platform': add driver tps65910-gpio
[    0.060021] ACPI: Added _OSI(Module Device)
[    0.060021] ACPI: Added _OSI(Processor Device)
[    0.060022] ACPI: Added _OSI(3.0 _SCP Extensions)
[    0.060023] ACPI: Added _OSI(Processor Aggregator Device)
[    0.061868] ACPI: Executed 30 blocks of module-level executable AML code
[    0.072037] ACPI: [Firmware Bug]: BIOS _OSI(Linux) query ignored
[    0.080360] ACPI: Dynamic OEM Table Load:
[    0.080371] ACPI: SSDT 0xFFFF9CBB94FB3800 0000F4 (v02 PmRef  Cpu0Psd  00003000 INTL 20160527)
[    0.080593] ACPI: Executed 1 blocks of module-level executable AML code
[    0.080716] ACPI: \_SB_.PR00: _OSC native thermal LVT Acked
[    0.081685] ACPI: Dynamic OEM Table Load:
[    0.081691] ACPI: SSDT 0xFFFF9CBB94FBB000 000400 (v02 PmRef  Cpu0Cst  00003001 INTL 20160527)
[    0.081902] ACPI: Executed 1 blocks of module-level executable AML code
[    0.082138] ACPI: Dynamic OEM Table Load:
[    0.082144] ACPI: SSDT 0xFFFF9CBB94EF2000 000605 (v02 PmRef  Cpu0Ist  00003000 INTL 20160527)
[    0.082339] ACPI: Executed 1 blocks of module-level executable AML code
[    0.082534] ACPI: Dynamic OEM Table Load:
[    0.082539] ACPI: SSDT 0xFFFF9CBB94F37C00 000149 (v02 PmRef  Cpu0Hwp  00003000 INTL 20160527)
[    0.082726] ACPI: Executed 2 blocks of module-level executable AML code
[    0.082904] ACPI: Dynamic OEM Table Load:
[    0.082909] ACPI: SSDT 0xFFFF9CBB94EF0800 000724 (v02 PmRef  HwpLvt   00003000 INTL 20160527)
[    0.083080] ACPI: Executed 1 blocks of module-level executable AML code
[    0.083579] ACPI: Dynamic OEM Table Load:
[    0.083585] ACPI: SSDT 0xFFFF9CBB94EF3800 0005FC (v02 PmRef  ApIst    00003000 INTL 20160527)
[    0.083979] ACPI: Executed 1 blocks of module-level executable AML code
[    0.084179] ACPI: Dynamic OEM Table Load:
[    0.084184] ACPI: SSDT 0xFFFF9CBB94FB9000 000317 (v02 PmRef  ApHwp    00003000 INTL 20160527)
[    0.084451] ACPI: Executed 1 blocks of module-level executable AML code
[    0.084777] ACPI: Dynamic OEM Table Load:
[    0.084783] ACPI: SSDT 0xFFFF9CBB97142000 000AB0 (v02 PmRef  ApPsd    00003000 INTL 20160527)
[    0.085630] ACPI: Executed 1 blocks of module-level executable AML code
[    0.085829] ACPI: Dynamic OEM Table Load:
[    0.085834] ACPI: SSDT 0xFFFF9CBB94FBC400 00030A (v02 PmRef  ApCst    00003000 INTL 20160527)
[    0.086103] ACPI: Executed 1 blocks of module-level executable AML code
[    0.089068] ACPI: EC: EC started
[    0.089068] ACPI: EC: interrupt blocked
[    0.089085] ACPI: \_SB_.PCI0.LPCB.EC0_: Used as first EC
[    0.089086] ACPI: \_SB_.PCI0.LPCB.EC0_: GPE=0x6e, EC_CMD/EC_SC=0x66, EC_DATA=0x62
[    0.089087] ACPI: \_SB_.PCI0.LPCB.EC0_: Used as boot DSDT EC to handle transactions
[    0.089087] ACPI: Interpreter enabled
[    0.089136] ACPI: (supports S0 S3 S4 S5)
[    0.089137] ACPI: Using IOAPIC for interrupt routing
[    0.089177] PCI: MMCONFIG for domain 0000 [bus 00-3f] at [mem 0xf8000000-0xfbffffff] (base 0xf8000000)
[    0.091845] PCI: MMCONFIG at [mem 0xf8000000-0xfbffffff] reserved in ACPI motherboard resources
[    0.091851] drivers/acpi/pci_root.c 920 acpi_pci_root_init --functionpoint
[    0.091851] drivers/acpi/apei/hest.c 228 acpi_hest_init -- functionpoint
[    0.091856] PCI: Using host bridge windows from ACPI; if necessary, use "pci=nocrs" and report a bug
[    0.092253] drivers/base/bus.c 153 driver_register -- functionpoint
[    0.092254] drivers/base/bus.c 642 bus_add_driver -- functionpoint
[    0.092256] drivers/base/bus.c 649 bus_add_driver -- functionpoint -- bus: 'platform': add driver clk-lpt
[    0.092314] ACPI: Enabled 4 GPEs in block 00 to 7F
[    0.092316] drivers/acpi/scan.c 2010 acpi_bus_scan -- functionpoint
[    0.099298] ACPI: Power Resource [USBC] (on)
[    0.100131] ACPI: Power Resource [WRST] (on)
[    0.100543] ACPI: Power Resource [WRST] (on)
[    0.100946] ACPI: Power Resource [WRST] (on)
[    0.101352] ACPI: Power Resource [WRST] (on)
[    0.101765] ACPI: Power Resource [WRST] (on)
[    0.102168] ACPI: Power Resource [WRST] (on)
[    0.102574] ACPI: Power Resource [WRST] (on)
[    0.102981] ACPI: Power Resource [WRST] (on)
[    0.103387] ACPI: Power Resource [WRST] (on)
[    0.103789] ACPI: Power Resource [WRST] (on)
[    0.104196] ACPI: Power Resource [WRST] (on)
[    0.104601] ACPI: Power Resource [WRST] (on)
[    0.105003] ACPI: Power Resource [WRST] (on)
[    0.105409] ACPI: Power Resource [WRST] (on)
[    0.105820] ACPI: Power Resource [WRST] (on)
[    0.106221] ACPI: Power Resource [WRST] (on)
[    0.106626] ACPI: Power Resource [WRST] (on)
[    0.107035] ACPI: Power Resource [WRST] (on)
[    0.107444] ACPI: Power Resource [WRST] (on)
[    0.107858] ACPI: Power Resource [WRST] (on)
[    0.109580] ACPI: Power Resource [V0PR] (on)
[    0.109798] ACPI: Power Resource [V1PR] (on)
[    0.110010] ACPI: Power Resource [V2PR] (on)
[    0.114666] ACPI: Power Resource [WRST] (on)
[    0.116893] drivers/acpi/pci_root.c 528 acpi_pci_root_add -- functionpoint
[    0.117289] ACPI: PCI Root Bridge [PCI0] (domain 0000 [bus 00-3e])
[    0.117292] ACPI: drivers/acpi/pci_root.c 584 acpi_pci_root_add --  functionpoint -- PCI Root Bridge [PCI0] (domain 0000 [bus 00-3e])
[    0.117299] acpi PNP0A08:00: _OSC: OS supports [ExtendedConfig ASPM ClockPM Segments MSI]
[    0.120694] acpi PNP0A08:00: _OSC: OS now controls [PCIeHotplug PME AER PCIeCapability]
[    0.120695] acpi PNP0A08:00: FADT indicates ASPM is unsupported, using BIOS configuration
[    0.120709] arch/x86/pci/acpi.c 335 pci_acpi_scan_root -- functionpoint
[    0.120710] drivers/pci/search.c 144 pci_find_bus -- functionpoint
[    0.120713] drivers/pci/search.c 145 pci_find_bus functionpoint -- domain_num = 0, bus_num = 0
[    0.120716] drivers/pci/search.c 176 pci_find_next_bus -- functionpoint
[    0.120716] drivers/pci/search.c 157 pci_find_bus not found bus -- functionpoint
[    0.120730] drivers/acpi/pci_root.c 881 acpi_pci_root_create -- functionpoint
[    0.121119] drivers/pci/probe.c 2643 pci_create_root_bus -- functionpoint
[    0.121121] drivers/pci/probe.c 533 pci_alloc_host_bridge -- functionpoint
[    0.121123] drivers/pci/probe.c 765 pci_register_host_bridge -- functionpoint
[    0.121125] drivers/pci/search.c 144 pci_find_bus -- functionpoint
[    0.121126] drivers/pci/search.c 145 pci_find_bus functionpoint -- domain_num = 0, bus_num = 0
[    0.121129] drivers/pci/search.c 176 pci_find_next_bus -- functionpoint
[    0.121130] drivers/pci/search.c 157 pci_find_bus not found bus -- functionpoint
[    0.122200] drivers/pci/probe.c 2009 pci_bus_read_dev_vendor_id -- functionpoint
[    0.122214] drivers/pci/probe.c 2009 pci_bus_read_dev_vendor_id -- functionpoint
[    0.122229] drivers/pci/probe.c 2009 pci_bus_read_dev_vendor_id -- functionpoint
[    0.122241] drivers/pci/probe.c 2009 pci_bus_read_dev_vendor_id -- functionpoint
[    0.122252] drivers/pci/probe.c 2009 pci_bus_read_dev_vendor_id -- functionpoint
[    0.122268] drivers/pci/probe.c 2009 pci_bus_read_dev_vendor_id -- functionpoint
[    0.122276] drivers/pci/probe.c 2009 pci_bus_read_dev_vendor_id -- functionpoint
[    0.122289] drivers/pci/probe.c 2009 pci_bus_read_dev_vendor_id -- functionpoint
[    0.122302] drivers/pci/probe.c 2009 pci_bus_read_dev_vendor_id -- functionpoint
[    0.122308] drivers/pci/probe.c 2009 pci_bus_read_dev_vendor_id -- functionpoint
[    0.122319] drivers/pci/probe.c 2009 pci_bus_read_dev_vendor_id -- functionpoint
[    0.122368] drivers/pci/probe.c 2009 pci_bus_read_dev_vendor_id -- functionpoint
[    0.122421] drivers/pci/probe.c 2009 pci_bus_read_dev_vendor_id -- functionpoint
[    0.122474] drivers/pci/probe.c 2009 pci_bus_read_dev_vendor_id -- functionpoint
[    0.122526] drivers/pci/probe.c 2009 pci_bus_read_dev_vendor_id -- functionpoint
[    0.122579] drivers/pci/probe.c 2009 pci_bus_read_dev_vendor_id -- functionpoint
[    0.122631] drivers/pci/probe.c 2009 pci_bus_read_dev_vendor_id -- functionpoint
[    0.122683] drivers/pci/probe.c 2009 pci_bus_read_dev_vendor_id -- functionpoint
[    0.122733] drivers/pci/probe.c 2009 pci_bus_read_dev_vendor_id -- functionpoint
[    0.122787] drivers/pci/probe.c 2009 pci_bus_read_dev_vendor_id -- functionpoint
[    0.122839] drivers/pci/probe.c 2009 pci_bus_read_dev_vendor_id -- functionpoint
[    0.122892] drivers/pci/probe.c 2009 pci_bus_read_dev_vendor_id -- functionpoint
[    0.122945] drivers/pci/probe.c 2009 pci_bus_read_dev_vendor_id -- functionpoint
[    0.122998] drivers/pci/probe.c 2009 pci_bus_read_dev_vendor_id -- functionpoint
[    0.123051] drivers/pci/probe.c 2009 pci_bus_read_dev_vendor_id -- functionpoint
[    0.123104] drivers/pci/probe.c 2009 pci_bus_read_dev_vendor_id -- functionpoint
[    0.123157] drivers/pci/probe.c 2009 pci_bus_read_dev_vendor_id -- functionpoint
[    0.123212] drivers/pci/probe.c 2009 pci_bus_read_dev_vendor_id -- functionpoint
[    0.123264] drivers/pci/probe.c 2009 pci_bus_read_dev_vendor_id -- functionpoint
[    0.123317] drivers/pci/probe.c 2009 pci_bus_read_dev_vendor_id -- functionpoint
[    0.123370] drivers/pci/probe.c 2009 pci_bus_read_dev_vendor_id -- functionpoint
[    0.123423] drivers/pci/probe.c 2009 pci_bus_read_dev_vendor_id -- functionpoint
[    0.123473] drivers/pci/probe.c 2009 pci_bus_read_dev_vendor_id -- functionpoint
[    0.123526] drivers/pci/probe.c 2009 pci_bus_read_dev_vendor_id -- functionpoint
[    0.123580] drivers/pci/probe.c 2009 pci_bus_read_dev_vendor_id -- functionpoint
[    0.123595] drivers/pci/probe.c 2009 pci_bus_read_dev_vendor_id -- functionpoint
[    0.123613] drivers/pci/probe.c 2009 pci_bus_read_dev_vendor_id -- functionpoint
[    0.123627] drivers/pci/probe.c 2009 pci_bus_read_dev_vendor_id -- functionpoint
[    0.123638] drivers/pci/probe.c 2009 pci_bus_read_dev_vendor_id -- functionpoint
[    0.123652] drivers/pci/probe.c 2009 pci_bus_read_dev_vendor_id -- functionpoint
[    0.123657] drivers/pci/probe.c 2009 pci_bus_read_dev_vendor_id -- functionpoint
[    0.123664] drivers/pci/probe.c 2009 pci_bus_read_dev_vendor_id -- functionpoint
[    0.123672] PCI host bridge to bus 0000:00
[    0.123677] pci_bus 0000:00: root bus resource [io  0x0000-0x0cf7 window]
[    0.123678] pci_bus 0000:00: root bus resource [io  0x0d00-0xffff window]
[    0.123680] pci_bus 0000:00: root bus resource [mem 0x000a0000-0x000bffff window]
[    0.123681] pci_bus 0000:00: root bus resource [mem 0xd4800000-0xf7ffffff window]
[    0.123682] pci_bus 0000:00: root bus resource [mem 0x4000000000-0x7fffffffff window]
[    0.123683] pci_bus 0000:00: root bus resource [mem 0xfc800000-0xfe7fffff window]
[    0.123684] pci_bus 0000:00: root bus resource [bus 00-3e]
[    0.123685] drivers/pci/probe.c 2497 pci_scan_child_bus_extend -- functionpoint
[    0.123686] pci_bus 0000:00: drivers/pci/probe.c 2501 pci_scan_child_bus_extend-- functionpoint -- scanning bus
[    0.123689] drivers/pci/probe.c 2281 pci_scan_slot -- functionpoint
[    0.123690] drivers/pci/probe.c 2196 pci_scan_single_device -- functionpoint
[    0.123691] drivers/pci/search.c 206 pci_get_slot -- functionpoint
[    0.123693] drivers/pci/probe.c 2035 pci_scan_device -- functionpoint
[    0.123695] drivers/pci/probe.c 2009 pci_bus_read_dev_vendor_id -- functionpoint
[    0.123697] drivers/pci/probe.c 2048 pci_scan_device -- functionpoint -- dev_vendor: 8086, dev_device: 3e30
[    0.123701] drivers/pci/probe.c 1453 pci_setup_device -- functionpoint
[    0.123706] pci 0000:00:00.0: [8086:3e30] type 00 class 0x060000
[    0.123709] pci 0000:00:00.0: drivers/pci/probe.c 1482 pci_setup_device functionpoint -- [8086:3e30] type 00 class 0x060000 multifunction 00
[    0.123723] drivers/pci/probe.c 1513 pci_setup_device  switch case PCI_HEADER_TYPE_NORMAL -- functionpoint
[    0.123736] drivers/pci/probe.c 2145 pci_device_add -- functionpoint
[    0.124758] drivers/pci/probe.c 2288 pci_scan_slot -- functionpoint -- fn = 0, devfn = 0, fn+devfn = 0
[    0.124762] drivers/pci/probe.c 2220 next_fn -- functionpoint
[    0.124763] drivers/pci/probe.c 2281 pci_scan_slot -- functionpoint
[    0.124764] drivers/pci/probe.c 2196 pci_scan_single_device -- functionpoint
[    0.124766] drivers/pci/search.c 206 pci_get_slot -- functionpoint
[    0.124767] drivers/pci/probe.c 2035 pci_scan_device -- functionpoint
[    0.124769] drivers/pci/probe.c 2009 pci_bus_read_dev_vendor_id -- functionpoint
[    0.124780] drivers/pci/probe.c 2288 pci_scan_slot -- functionpoint -- fn = 0, devfn = 8, fn+devfn = 8
[    0.124783] drivers/pci/probe.c 2281 pci_scan_slot -- functionpoint
[    0.124784] drivers/pci/probe.c 2196 pci_scan_single_device -- functionpoint
[    0.124785] drivers/pci/search.c 206 pci_get_slot -- functionpoint
[    0.124787] drivers/pci/probe.c 2035 pci_scan_device -- functionpoint
[    0.124789] drivers/pci/probe.c 2009 pci_bus_read_dev_vendor_id -- functionpoint
[    0.124791] drivers/pci/probe.c 2048 pci_scan_device -- functionpoint -- dev_vendor: 8086, dev_device: 3e98
[    0.124794] drivers/pci/probe.c 1453 pci_setup_device -- functionpoint
[    0.124800] pci 0000:00:02.0: [8086:3e98] type 00 class 0x030000
[    0.124802] pci 0000:00:02.0: drivers/pci/probe.c 1482 pci_setup_device functionpoint -- [8086:3e98] type 00 class 0x030000 multifunction 00
[    0.124808] drivers/pci/probe.c 1513 pci_setup_device  switch case PCI_HEADER_TYPE_NORMAL -- functionpoint
[    0.124814] pci 0000:00:02.0: reg 0x10: [mem 0xf0000000-0xf0ffffff 64bit]
[    0.124820] pci 0000:00:02.0: reg 0x18: [mem 0xe0000000-0xefffffff 64bit pref]
[    0.124824] pci 0000:00:02.0: reg 0x20: [io  0x4000-0x403f]
[    0.124829] drivers/pci/probe.c 2145 pci_device_add -- functionpoint
[    0.124836] pci 0000:00:02.0: BAR 2: assigned to efifb
[    0.125877] drivers/pci/probe.c 2288 pci_scan_slot -- functionpoint -- fn = 0, devfn = 16, fn+devfn = 16
[    0.125880] drivers/pci/probe.c 2220 next_fn -- functionpoint
[    0.125881] drivers/pci/probe.c 2281 pci_scan_slot -- functionpoint
[    0.125882] drivers/pci/probe.c 2196 pci_scan_single_device -- functionpoint
[    0.125884] drivers/pci/search.c 206 pci_get_slot -- functionpoint
[    0.125885] drivers/pci/probe.c 2035 pci_scan_device -- functionpoint
[    0.125887] drivers/pci/probe.c 2009 pci_bus_read_dev_vendor_id -- functionpoint
[    0.125898] drivers/pci/probe.c 2288 pci_scan_slot -- functionpoint -- fn = 0, devfn = 24, fn+devfn = 24
[    0.125901] drivers/pci/probe.c 2281 pci_scan_slot -- functionpoint
[    0.125901] drivers/pci/probe.c 2196 pci_scan_single_device -- functionpoint
[    0.125903] drivers/pci/search.c 206 pci_get_slot -- functionpoint
[    0.125905] drivers/pci/probe.c 2035 pci_scan_device -- functionpoint
[    0.125906] drivers/pci/probe.c 2009 pci_bus_read_dev_vendor_id -- functionpoint
[    0.125915] drivers/pci/probe.c 2288 pci_scan_slot -- functionpoint -- fn = 0, devfn = 32, fn+devfn = 32
[    0.125918] drivers/pci/probe.c 2281 pci_scan_slot -- functionpoint
[    0.125919] drivers/pci/probe.c 2196 pci_scan_single_device -- functionpoint
[    0.125920] drivers/pci/search.c 206 pci_get_slot -- functionpoint
[    0.125922] drivers/pci/probe.c 2035 pci_scan_device -- functionpoint
[    0.125923] drivers/pci/probe.c 2009 pci_bus_read_dev_vendor_id -- functionpoint
[    0.125940] drivers/pci/probe.c 2288 pci_scan_slot -- functionpoint -- fn = 0, devfn = 40, fn+devfn = 40
[    0.125943] drivers/pci/probe.c 2281 pci_scan_slot -- functionpoint
[    0.125943] drivers/pci/probe.c 2196 pci_scan_single_device -- functionpoint
[    0.125945] drivers/pci/search.c 206 pci_get_slot -- functionpoint
[    0.125947] drivers/pci/probe.c 2035 pci_scan_device -- functionpoint
[    0.125948] drivers/pci/probe.c 2009 pci_bus_read_dev_vendor_id -- functionpoint
[    0.125957] drivers/pci/probe.c 2288 pci_scan_slot -- functionpoint -- fn = 0, devfn = 48, fn+devfn = 48
[    0.125960] drivers/pci/probe.c 2281 pci_scan_slot -- functionpoint
[    0.125960] drivers/pci/probe.c 2196 pci_scan_single_device -- functionpoint
[    0.125962] drivers/pci/search.c 206 pci_get_slot -- functionpoint
[    0.125963] drivers/pci/probe.c 2035 pci_scan_device -- functionpoint
[    0.125965] drivers/pci/probe.c 2009 pci_bus_read_dev_vendor_id -- functionpoint
[    0.125974] drivers/pci/probe.c 2288 pci_scan_slot -- functionpoint -- fn = 0, devfn = 56, fn+devfn = 56
[    0.125977] drivers/pci/probe.c 2281 pci_scan_slot -- functionpoint
[    0.125978] drivers/pci/probe.c 2196 pci_scan_single_device -- functionpoint
[    0.125979] drivers/pci/search.c 206 pci_get_slot -- functionpoint
[    0.125981] drivers/pci/probe.c 2035 pci_scan_device -- functionpoint
[    0.125982] drivers/pci/probe.c 2009 pci_bus_read_dev_vendor_id -- functionpoint
[    0.125991] drivers/pci/probe.c 2288 pci_scan_slot -- functionpoint -- fn = 0, devfn = 64, fn+devfn = 64
[    0.125994] drivers/pci/probe.c 2281 pci_scan_slot -- functionpoint
[    0.125995] drivers/pci/probe.c 2196 pci_scan_single_device -- functionpoint
[    0.125996] drivers/pci/search.c 206 pci_get_slot -- functionpoint
[    0.125998] drivers/pci/probe.c 2035 pci_scan_device -- functionpoint
[    0.125999] drivers/pci/probe.c 2009 pci_bus_read_dev_vendor_id -- functionpoint
[    0.126018] drivers/pci/probe.c 2288 pci_scan_slot -- functionpoint -- fn = 0, devfn = 72, fn+devfn = 72
[    0.126021] drivers/pci/probe.c 2281 pci_scan_slot -- functionpoint
[    0.126022] drivers/pci/probe.c 2196 pci_scan_single_device -- functionpoint
[    0.126023] drivers/pci/search.c 206 pci_get_slot -- functionpoint
[    0.126025] drivers/pci/probe.c 2035 pci_scan_device -- functionpoint
[    0.126026] drivers/pci/probe.c 2009 pci_bus_read_dev_vendor_id -- functionpoint
[    0.126043] drivers/pci/probe.c 2288 pci_scan_slot -- functionpoint -- fn = 0, devfn = 80, fn+devfn = 80
[    0.126046] drivers/pci/probe.c 2281 pci_scan_slot -- functionpoint
[    0.126047] drivers/pci/probe.c 2196 pci_scan_single_device -- functionpoint
[    0.126048] drivers/pci/search.c 206 pci_get_slot -- functionpoint
[    0.126050] drivers/pci/probe.c 2035 pci_scan_device -- functionpoint
[    0.126051] drivers/pci/probe.c 2009 pci_bus_read_dev_vendor_id -- functionpoint
[    0.126068] drivers/pci/probe.c 2288 pci_scan_slot -- functionpoint -- fn = 0, devfn = 88, fn+devfn = 88
[    0.126071] drivers/pci/probe.c 2281 pci_scan_slot -- functionpoint
[    0.126072] drivers/pci/probe.c 2196 pci_scan_single_device -- functionpoint
[    0.126073] drivers/pci/search.c 206 pci_get_slot -- functionpoint
[    0.126075] drivers/pci/probe.c 2035 pci_scan_device -- functionpoint
[    0.126076] drivers/pci/probe.c 2009 pci_bus_read_dev_vendor_id -- functionpoint
[    0.126093] drivers/pci/probe.c 2288 pci_scan_slot -- functionpoint -- fn = 0, devfn = 96, fn+devfn = 96
[    0.126096] drivers/pci/probe.c 2281 pci_scan_slot -- functionpoint
[    0.126097] drivers/pci/probe.c 2196 pci_scan_single_device -- functionpoint
[    0.126098] drivers/pci/search.c 206 pci_get_slot -- functionpoint
[    0.126100] drivers/pci/probe.c 2035 pci_scan_device -- functionpoint
[    0.126101] drivers/pci/probe.c 2009 pci_bus_read_dev_vendor_id -- functionpoint
[    0.126118] drivers/pci/probe.c 2288 pci_scan_slot -- functionpoint -- fn = 0, devfn = 104, fn+devfn = 104
[    0.126121] drivers/pci/probe.c 2281 pci_scan_slot -- functionpoint
[    0.126122] drivers/pci/probe.c 2196 pci_scan_single_device -- functionpoint
[    0.126123] drivers/pci/search.c 206 pci_get_slot -- functionpoint
[    0.126125] drivers/pci/probe.c 2035 pci_scan_device -- functionpoint
[    0.126126] drivers/pci/probe.c 2009 pci_bus_read_dev_vendor_id -- functionpoint
[    0.126143] drivers/pci/probe.c 2288 pci_scan_slot -- functionpoint -- fn = 0, devfn = 112, fn+devfn = 112
[    0.126146] drivers/pci/probe.c 2281 pci_scan_slot -- functionpoint
[    0.126147] drivers/pci/probe.c 2196 pci_scan_single_device -- functionpoint
[    0.126148] drivers/pci/search.c 206 pci_get_slot -- functionpoint
[    0.126150] drivers/pci/probe.c 2035 pci_scan_device -- functionpoint
[    0.126151] drivers/pci/probe.c 2009 pci_bus_read_dev_vendor_id -- functionpoint
[    0.126168] drivers/pci/probe.c 2288 pci_scan_slot -- functionpoint -- fn = 0, devfn = 120, fn+devfn = 120
[    0.126171] drivers/pci/probe.c 2281 pci_scan_slot -- functionpoint
[    0.126172] drivers/pci/probe.c 2196 pci_scan_single_device -- functionpoint
[    0.126173] drivers/pci/search.c 206 pci_get_slot -- functionpoint
[    0.126175] drivers/pci/probe.c 2035 pci_scan_device -- functionpoint
[    0.126176] drivers/pci/probe.c 2009 pci_bus_read_dev_vendor_id -- functionpoint
[    0.126193] drivers/pci/probe.c 2288 pci_scan_slot -- functionpoint -- fn = 0, devfn = 128, fn+devfn = 128
[    0.126196] drivers/pci/probe.c 2281 pci_scan_slot -- functionpoint
[    0.126197] drivers/pci/probe.c 2196 pci_scan_single_device -- functionpoint
[    0.126198] drivers/pci/search.c 206 pci_get_slot -- functionpoint
[    0.126200] drivers/pci/probe.c 2035 pci_scan_device -- functionpoint
[    0.126201] drivers/pci/probe.c 2009 pci_bus_read_dev_vendor_id -- functionpoint
[    0.126218] drivers/pci/probe.c 2288 pci_scan_slot -- functionpoint -- fn = 0, devfn = 136, fn+devfn = 136
[    0.126221] drivers/pci/probe.c 2281 pci_scan_slot -- functionpoint
[    0.126222] drivers/pci/probe.c 2196 pci_scan_single_device -- functionpoint
[    0.126223] drivers/pci/search.c 206 pci_get_slot -- functionpoint
[    0.126225] drivers/pci/probe.c 2035 pci_scan_device -- functionpoint
[    0.126226] drivers/pci/probe.c 2009 pci_bus_read_dev_vendor_id -- functionpoint
[    0.126231] drivers/pci/probe.c 2048 pci_scan_device -- functionpoint -- dev_vendor: 8086, dev_device: a379
[    0.126235] drivers/pci/probe.c 1453 pci_setup_device -- functionpoint
[    0.126247] pci 0000:00:12.0: [8086:a379] type 00 class 0x118000
[    0.126250] pci 0000:00:12.0: drivers/pci/probe.c 1482 pci_setup_device functionpoint -- [8086:a379] type 00 class 0x118000 multifunction 01
[    0.126266] drivers/pci/probe.c 1513 pci_setup_device  switch case PCI_HEADER_TYPE_NORMAL -- functionpoint
[    0.126283] pci 0000:00:12.0: reg 0x10: [mem 0x4000107000-0x4000107fff 64bit]
[    0.126326] drivers/pci/probe.c 2145 pci_device_add -- functionpoint
[    0.127376] drivers/pci/probe.c 2288 pci_scan_slot -- functionpoint -- fn = 0, devfn = 144, fn+devfn = 144
[    0.127380] drivers/pci/probe.c 2220 next_fn -- functionpoint
[    0.127380] drivers/pci/probe.c 2196 pci_scan_single_device -- functionpoint
[    0.127382] drivers/pci/search.c 206 pci_get_slot -- functionpoint
[    0.127383] drivers/pci/probe.c 2035 pci_scan_device -- functionpoint
[    0.127385] drivers/pci/probe.c 2009 pci_bus_read_dev_vendor_id -- functionpoint
[    0.127396] drivers/pci/probe.c 2298 pci_scan_slot -- functionpoint -- fn = 1, devfn = 144, fn+devfn = 145
[    0.127400] drivers/pci/probe.c 2220 next_fn -- functionpoint
[    0.127400] drivers/pci/probe.c 2196 pci_scan_single_device -- functionpoint
[    0.127402] drivers/pci/search.c 206 pci_get_slot -- functionpoint
[    0.127403] drivers/pci/probe.c 2035 pci_scan_device -- functionpoint
[    0.127405] drivers/pci/probe.c 2009 pci_bus_read_dev_vendor_id -- functionpoint
[    0.127414] drivers/pci/probe.c 2298 pci_scan_slot -- functionpoint -- fn = 2, devfn = 144, fn+devfn = 146
[    0.127417] drivers/pci/probe.c 2220 next_fn -- functionpoint
[    0.127417] drivers/pci/probe.c 2196 pci_scan_single_device -- functionpoint
[    0.127419] drivers/pci/search.c 206 pci_get_slot -- functionpoint
[    0.127420] drivers/pci/probe.c 2035 pci_scan_device -- functionpoint
[    0.127422] drivers/pci/probe.c 2009 pci_bus_read_dev_vendor_id -- functionpoint
[    0.127439] drivers/pci/probe.c 2298 pci_scan_slot -- functionpoint -- fn = 3, devfn = 144, fn+devfn = 147
[    0.127442] drivers/pci/probe.c 2220 next_fn -- functionpoint
[    0.127442] drivers/pci/probe.c 2196 pci_scan_single_device -- functionpoint
[    0.127444] drivers/pci/search.c 206 pci_get_slot -- functionpoint
[    0.127445] drivers/pci/probe.c 2035 pci_scan_device -- functionpoint
[    0.127447] drivers/pci/probe.c 2009 pci_bus_read_dev_vendor_id -- functionpoint
[    0.127464] drivers/pci/probe.c 2298 pci_scan_slot -- functionpoint -- fn = 4, devfn = 144, fn+devfn = 148
[    0.127467] drivers/pci/probe.c 2220 next_fn -- functionpoint
[    0.127467] drivers/pci/probe.c 2196 pci_scan_single_device -- functionpoint
[    0.127469] drivers/pci/search.c 206 pci_get_slot -- functionpoint
[    0.127470] drivers/pci/probe.c 2035 pci_scan_device -- functionpoint
[    0.127472] drivers/pci/probe.c 2009 pci_bus_read_dev_vendor_id -- functionpoint
[    0.127489] drivers/pci/probe.c 2298 pci_scan_slot -- functionpoint -- fn = 5, devfn = 144, fn+devfn = 149
[    0.127492] drivers/pci/probe.c 2220 next_fn -- functionpoint
[    0.127492] drivers/pci/probe.c 2196 pci_scan_single_device -- functionpoint
[    0.127494] drivers/pci/search.c 206 pci_get_slot -- functionpoint
[    0.127495] drivers/pci/probe.c 2035 pci_scan_device -- functionpoint
[    0.127497] drivers/pci/probe.c 2009 pci_bus_read_dev_vendor_id -- functionpoint
[    0.127508] drivers/pci/probe.c 2298 pci_scan_slot -- functionpoint -- fn = 6, devfn = 144, fn+devfn = 150
[    0.127512] drivers/pci/probe.c 2220 next_fn -- functionpoint
[    0.127512] drivers/pci/probe.c 2196 pci_scan_single_device -- functionpoint
[    0.127513] drivers/pci/search.c 206 pci_get_slot -- functionpoint
[    0.127515] drivers/pci/probe.c 2035 pci_scan_device -- functionpoint
[    0.127516] drivers/pci/probe.c 2009 pci_bus_read_dev_vendor_id -- functionpoint
[    0.127525] drivers/pci/probe.c 2298 pci_scan_slot -- functionpoint -- fn = 7, devfn = 144, fn+devfn = 151
[    0.127529] drivers/pci/probe.c 2220 next_fn -- functionpoint
[    0.127529] drivers/pci/probe.c 2281 pci_scan_slot -- functionpoint
[    0.127531] drivers/pci/probe.c 2196 pci_scan_single_device -- functionpoint
[    0.127532] drivers/pci/search.c 206 pci_get_slot -- functionpoint
[    0.127534] drivers/pci/probe.c 2035 pci_scan_device -- functionpoint
[    0.127535] drivers/pci/probe.c 2009 pci_bus_read_dev_vendor_id -- functionpoint
[    0.127548] drivers/pci/probe.c 2288 pci_scan_slot -- functionpoint -- fn = 0, devfn = 152, fn+devfn = 152
[    0.127551] drivers/pci/probe.c 2281 pci_scan_slot -- functionpoint
[    0.127551] drivers/pci/probe.c 2196 pci_scan_single_device -- functionpoint
[    0.127553] drivers/pci/search.c 206 pci_get_slot -- functionpoint
[    0.127555] drivers/pci/probe.c 2035 pci_scan_device -- functionpoint
[    0.127556] drivers/pci/probe.c 2009 pci_bus_read_dev_vendor_id -- functionpoint
[    0.127563] drivers/pci/probe.c 2048 pci_scan_device -- functionpoint -- dev_vendor: 8086, dev_device: a36d
[    0.127566] drivers/pci/probe.c 1453 pci_setup_device -- functionpoint
[    0.127579] pci 0000:00:14.0: [8086:a36d] type 00 class 0x0c0330
[    0.127581] pci 0000:00:14.0: drivers/pci/probe.c 1482 pci_setup_device functionpoint -- [8086:a36d] type 00 class 0x0c0330 multifunction 01
[    0.127597] drivers/pci/probe.c 1513 pci_setup_device  switch case PCI_HEADER_TYPE_NORMAL -- functionpoint
[    0.127617] pci 0000:00:14.0: reg 0x10: [mem 0xf1220000-0xf122ffff 64bit]
[    0.127673] drivers/pci/probe.c 2145 pci_device_add -- functionpoint
[    0.127723] pci 0000:00:14.0: PME# supported from D3hot D3cold
[    0.128810] drivers/pci/probe.c 2288 pci_scan_slot -- functionpoint -- fn = 0, devfn = 160, fn+devfn = 160
[    0.128813] drivers/pci/probe.c 2220 next_fn -- functionpoint
[    0.128814] drivers/pci/probe.c 2196 pci_scan_single_device -- functionpoint
[    0.128815] drivers/pci/search.c 206 pci_get_slot -- functionpoint
[    0.128817] drivers/pci/probe.c 2035 pci_scan_device -- functionpoint
[    0.128818] drivers/pci/probe.c 2009 pci_bus_read_dev_vendor_id -- functionpoint
[    0.128830] drivers/pci/probe.c 2298 pci_scan_slot -- functionpoint -- fn = 1, devfn = 160, fn+devfn = 161
[    0.128833] drivers/pci/probe.c 2220 next_fn -- functionpoint
[    0.128833] drivers/pci/probe.c 2196 pci_scan_single_device -- functionpoint
[    0.128835] drivers/pci/search.c 206 pci_get_slot -- functionpoint
[    0.128837] drivers/pci/probe.c 2035 pci_scan_device -- functionpoint
[    0.128838] drivers/pci/probe.c 2009 pci_bus_read_dev_vendor_id -- functionpoint
[    0.128850] drivers/pci/probe.c 2048 pci_scan_device -- functionpoint -- dev_vendor: 8086, dev_device: a36f
[    0.128853] drivers/pci/probe.c 1453 pci_setup_device -- functionpoint
[    0.128863] pci 0000:00:14.2: [8086:a36f] type 00 class 0x050000
[    0.128866] pci 0000:00:14.2: drivers/pci/probe.c 1482 pci_setup_device functionpoint -- [8086:a36f] type 00 class 0x050000 multifunction 00
[    0.128879] drivers/pci/probe.c 1513 pci_setup_device  switch case PCI_HEADER_TYPE_NORMAL -- functionpoint
[    0.128895] pci 0000:00:14.2: reg 0x10: [mem 0xf1232000-0xf1233fff 64bit]
[    0.128911] pci 0000:00:14.2: reg 0x18: [mem 0x4000106000-0x4000106fff 64bit]
[    0.128936] drivers/pci/probe.c 2145 pci_device_add -- functionpoint
[    0.129975] drivers/pci/probe.c 2298 pci_scan_slot -- functionpoint -- fn = 2, devfn = 160, fn+devfn = 162
[    0.129979] drivers/pci/probe.c 2220 next_fn -- functionpoint
[    0.129979] drivers/pci/probe.c 2196 pci_scan_single_device -- functionpoint
[    0.129981] drivers/pci/search.c 206 pci_get_slot -- functionpoint
[    0.129982] drivers/pci/probe.c 2035 pci_scan_device -- functionpoint
[    0.129984] drivers/pci/probe.c 2009 pci_bus_read_dev_vendor_id -- functionpoint
[    0.129990] drivers/pci/probe.c 2298 pci_scan_slot -- functionpoint -- fn = 3, devfn = 160, fn+devfn = 163
[    0.129993] drivers/pci/probe.c 2220 next_fn -- functionpoint
[    0.129993] drivers/pci/probe.c 2196 pci_scan_single_device -- functionpoint
[    0.129995] drivers/pci/search.c 206 pci_get_slot -- functionpoint
[    0.129997] drivers/pci/probe.c 2035 pci_scan_device -- functionpoint
[    0.129998] drivers/pci/probe.c 2009 pci_bus_read_dev_vendor_id -- functionpoint
[    0.130017] drivers/pci/probe.c 2298 pci_scan_slot -- functionpoint -- fn = 4, devfn = 160, fn+devfn = 164
[    0.130020] drivers/pci/probe.c 2220 next_fn -- functionpoint
[    0.130020] drivers/pci/probe.c 2196 pci_scan_single_device -- functionpoint
[    0.130022] drivers/pci/search.c 206 pci_get_slot -- functionpoint
[    0.130023] drivers/pci/probe.c 2035 pci_scan_device -- functionpoint
[    0.130025] drivers/pci/probe.c 2009 pci_bus_read_dev_vendor_id -- functionpoint
[    0.130042] drivers/pci/probe.c 2298 pci_scan_slot -- functionpoint -- fn = 5, devfn = 160, fn+devfn = 165
[    0.130045] drivers/pci/probe.c 2220 next_fn -- functionpoint
[    0.130045] drivers/pci/probe.c 2196 pci_scan_single_device -- functionpoint
[    0.130047] drivers/pci/search.c 206 pci_get_slot -- functionpoint
[    0.130048] drivers/pci/probe.c 2035 pci_scan_device -- functionpoint
[    0.130050] drivers/pci/probe.c 2009 pci_bus_read_dev_vendor_id -- functionpoint
[    0.130067] drivers/pci/probe.c 2298 pci_scan_slot -- functionpoint -- fn = 6, devfn = 160, fn+devfn = 166
[    0.130070] drivers/pci/probe.c 2220 next_fn -- functionpoint
[    0.130070] drivers/pci/probe.c 2196 pci_scan_single_device -- functionpoint
[    0.130072] drivers/pci/search.c 206 pci_get_slot -- functionpoint
[    0.130073] drivers/pci/probe.c 2035 pci_scan_device -- functionpoint
[    0.130075] drivers/pci/probe.c 2009 pci_bus_read_dev_vendor_id -- functionpoint
[    0.130092] drivers/pci/probe.c 2298 pci_scan_slot -- functionpoint -- fn = 7, devfn = 160, fn+devfn = 167
[    0.130095] drivers/pci/probe.c 2220 next_fn -- functionpoint
[    0.130095] drivers/pci/probe.c 2281 pci_scan_slot -- functionpoint
[    0.130097] drivers/pci/probe.c 2196 pci_scan_single_device -- functionpoint
[    0.130098] drivers/pci/search.c 206 pci_get_slot -- functionpoint
[    0.130100] drivers/pci/probe.c 2035 pci_scan_device -- functionpoint
[    0.130102] drivers/pci/probe.c 2009 pci_bus_read_dev_vendor_id -- functionpoint
[    0.130111] drivers/pci/probe.c 2288 pci_scan_slot -- functionpoint -- fn = 0, devfn = 168, fn+devfn = 168
[    0.130115] drivers/pci/probe.c 2281 pci_scan_slot -- functionpoint
[    0.130115] drivers/pci/probe.c 2196 pci_scan_single_device -- functionpoint
[    0.130116] drivers/pci/search.c 206 pci_get_slot -- functionpoint
[    0.130118] drivers/pci/probe.c 2035 pci_scan_device -- functionpoint
[    0.130120] drivers/pci/probe.c 2009 pci_bus_read_dev_vendor_id -- functionpoint
[    0.130130] drivers/pci/probe.c 2048 pci_scan_device -- functionpoint -- dev_vendor: 8086, dev_device: a360
[    0.130133] drivers/pci/probe.c 1453 pci_setup_device -- functionpoint
[    0.130146] pci 0000:00:16.0: [8086:a360] type 00 class 0x078000
[    0.130148] pci 0000:00:16.0: drivers/pci/probe.c 1482 pci_setup_device functionpoint -- [8086:a360] type 00 class 0x078000 multifunction 01
[    0.130164] drivers/pci/probe.c 1513 pci_setup_device  switch case PCI_HEADER_TYPE_NORMAL -- functionpoint
[    0.130181] pci 0000:00:16.0: reg 0x10: [mem 0x4000105000-0x4000105fff 64bit]
[    0.130223] drivers/pci/probe.c 2145 pci_device_add -- functionpoint
[    0.130273] pci 0000:00:16.0: PME# supported from D3hot
[    0.131347] drivers/pci/probe.c 2288 pci_scan_slot -- functionpoint -- fn = 0, devfn = 176, fn+devfn = 176
[    0.131350] drivers/pci/probe.c 2220 next_fn -- functionpoint
[    0.131350] drivers/pci/probe.c 2196 pci_scan_single_device -- functionpoint
[    0.131352] drivers/pci/search.c 206 pci_get_slot -- functionpoint
[    0.131353] drivers/pci/probe.c 2035 pci_scan_device -- functionpoint
[    0.131355] drivers/pci/probe.c 2009 pci_bus_read_dev_vendor_id -- functionpoint
[    0.131366] drivers/pci/probe.c 2298 pci_scan_slot -- functionpoint -- fn = 1, devfn = 176, fn+devfn = 177
[    0.131370] drivers/pci/probe.c 2220 next_fn -- functionpoint
[    0.131370] drivers/pci/probe.c 2196 pci_scan_single_device -- functionpoint
[    0.131371] drivers/pci/search.c 206 pci_get_slot -- functionpoint
[    0.131373] drivers/pci/probe.c 2035 pci_scan_device -- functionpoint
[    0.131375] drivers/pci/probe.c 2009 pci_bus_read_dev_vendor_id -- functionpoint
[    0.131392] drivers/pci/probe.c 2298 pci_scan_slot -- functionpoint -- fn = 2, devfn = 176, fn+devfn = 178
[    0.131395] drivers/pci/probe.c 2220 next_fn -- functionpoint
[    0.131396] drivers/pci/probe.c 2196 pci_scan_single_device -- functionpoint
[    0.131397] drivers/pci/search.c 206 pci_get_slot -- functionpoint
[    0.131399] drivers/pci/probe.c 2035 pci_scan_device -- functionpoint
[    0.131400] drivers/pci/probe.c 2009 pci_bus_read_dev_vendor_id -- functionpoint
[    0.131410] drivers/pci/probe.c 2048 pci_scan_device -- functionpoint -- dev_vendor: 8086, dev_device: a363
[    0.131413] drivers/pci/probe.c 1453 pci_setup_device -- functionpoint
[    0.131424] pci 0000:00:16.3: [8086:a363] type 00 class 0x070002
[    0.131427] pci 0000:00:16.3: drivers/pci/probe.c 1482 pci_setup_device functionpoint -- [8086:a363] type 00 class 0x070002 multifunction 01
[    0.131441] drivers/pci/probe.c 1513 pci_setup_device  switch case PCI_HEADER_TYPE_NORMAL -- functionpoint
[    0.131453] pci 0000:00:16.3: reg 0x10: [io  0x4088-0x408f]
[    0.131463] pci 0000:00:16.3: reg 0x14: [mem 0xf1237000-0xf1237fff]
[    0.131503] drivers/pci/probe.c 2145 pci_device_add -- functionpoint
[    0.132557] drivers/pci/probe.c 2298 pci_scan_slot -- functionpoint -- fn = 3, devfn = 176, fn+devfn = 179
[    0.132561] drivers/pci/probe.c 2220 next_fn -- functionpoint
[    0.132561] drivers/pci/probe.c 2196 pci_scan_single_device -- functionpoint
[    0.132563] drivers/pci/search.c 206 pci_get_slot -- functionpoint
[    0.132565] drivers/pci/probe.c 2035 pci_scan_device -- functionpoint
[    0.132566] drivers/pci/probe.c 2009 pci_bus_read_dev_vendor_id -- functionpoint
[    0.132575] drivers/pci/probe.c 2298 pci_scan_slot -- functionpoint -- fn = 4, devfn = 176, fn+devfn = 180
[    0.132578] drivers/pci/probe.c 2220 next_fn -- functionpoint
[    0.132579] drivers/pci/probe.c 2196 pci_scan_single_device -- functionpoint
[    0.132580] drivers/pci/search.c 206 pci_get_slot -- functionpoint
[    0.132582] drivers/pci/probe.c 2035 pci_scan_device -- functionpoint
[    0.132583] drivers/pci/probe.c 2009 pci_bus_read_dev_vendor_id -- functionpoint
[    0.132600] drivers/pci/probe.c 2298 pci_scan_slot -- functionpoint -- fn = 5, devfn = 176, fn+devfn = 181
[    0.132604] drivers/pci/probe.c 2220 next_fn -- functionpoint
[    0.132604] drivers/pci/probe.c 2196 pci_scan_single_device -- functionpoint
[    0.132605] drivers/pci/search.c 206 pci_get_slot -- functionpoint
[    0.132607] drivers/pci/probe.c 2035 pci_scan_device -- functionpoint
[    0.132609] drivers/pci/probe.c 2009 pci_bus_read_dev_vendor_id -- functionpoint
[    0.132625] drivers/pci/probe.c 2298 pci_scan_slot -- functionpoint -- fn = 6, devfn = 176, fn+devfn = 182
[    0.132629] drivers/pci/probe.c 2220 next_fn -- functionpoint
[    0.132629] drivers/pci/probe.c 2196 pci_scan_single_device -- functionpoint
[    0.132630] drivers/pci/search.c 206 pci_get_slot -- functionpoint
[    0.132632] drivers/pci/probe.c 2035 pci_scan_device -- functionpoint
[    0.132634] drivers/pci/probe.c 2009 pci_bus_read_dev_vendor_id -- functionpoint
[    0.132650] drivers/pci/probe.c 2298 pci_scan_slot -- functionpoint -- fn = 7, devfn = 176, fn+devfn = 183
[    0.132654] drivers/pci/probe.c 2220 next_fn -- functionpoint
[    0.132654] drivers/pci/probe.c 2281 pci_scan_slot -- functionpoint
[    0.132656] drivers/pci/probe.c 2196 pci_scan_single_device -- functionpoint
[    0.132657] drivers/pci/search.c 206 pci_get_slot -- functionpoint
[    0.132659] drivers/pci/probe.c 2035 pci_scan_device -- functionpoint
[    0.132660] drivers/pci/probe.c 2009 pci_bus_read_dev_vendor_id -- functionpoint
[    0.132671] drivers/pci/probe.c 2048 pci_scan_device -- functionpoint -- dev_vendor: 8086, dev_device: a352
[    0.132675] drivers/pci/probe.c 1453 pci_setup_device -- functionpoint
[    0.132687] pci 0000:00:17.0: [8086:a352] type 00 class 0x010601
[    0.132690] pci 0000:00:17.0: drivers/pci/probe.c 1482 pci_setup_device functionpoint -- [8086:a352] type 00 class 0x010601 multifunction 00
[    0.132706] drivers/pci/probe.c 1513 pci_setup_device  switch case PCI_HEADER_TYPE_NORMAL -- functionpoint
[    0.132720] pci 0000:00:17.0: reg 0x10: [mem 0xf1230000-0xf1231fff]
[    0.132733] pci 0000:00:17.0: reg 0x14: [mem 0xf1236000-0xf12360ff]
[    0.132744] pci 0000:00:17.0: reg 0x18: [io  0x4080-0x4087]
[    0.132755] pci 0000:00:17.0: reg 0x1c: [io  0x4090-0x4093]
[    0.132767] pci 0000:00:17.0: reg 0x20: [io  0x4060-0x407f]
[    0.132777] pci 0000:00:17.0: reg 0x24: [mem 0xf1235000-0xf12357ff]
[    0.132791] drivers/pci/probe.c 2145 pci_device_add -- functionpoint
[    0.132840] pci 0000:00:17.0: PME# supported from D3hot
[    0.133941] drivers/pci/probe.c 2288 pci_scan_slot -- functionpoint -- fn = 0, devfn = 184, fn+devfn = 184
[    0.133944] drivers/pci/probe.c 2220 next_fn -- functionpoint
[    0.133944] drivers/pci/probe.c 2281 pci_scan_slot -- functionpoint
[    0.133946] drivers/pci/probe.c 2196 pci_scan_single_device -- functionpoint
[    0.133947] drivers/pci/search.c 206 pci_get_slot -- functionpoint
[    0.133949] drivers/pci/probe.c 2035 pci_scan_device -- functionpoint
[    0.133951] drivers/pci/probe.c 2009 pci_bus_read_dev_vendor_id -- functionpoint
[    0.133959] drivers/pci/probe.c 2288 pci_scan_slot -- functionpoint -- fn = 0, devfn = 192, fn+devfn = 192
[    0.133963] drivers/pci/probe.c 2281 pci_scan_slot -- functionpoint
[    0.133963] drivers/pci/probe.c 2196 pci_scan_single_device -- functionpoint
[    0.133965] drivers/pci/search.c 206 pci_get_slot -- functionpoint
[    0.133966] drivers/pci/probe.c 2035 pci_scan_device -- functionpoint
[    0.133968] drivers/pci/probe.c 2009 pci_bus_read_dev_vendor_id -- functionpoint
[    0.133977] drivers/pci/probe.c 2288 pci_scan_slot -- functionpoint -- fn = 0, devfn = 200, fn+devfn = 200
[    0.133980] drivers/pci/probe.c 2281 pci_scan_slot -- functionpoint
[    0.133980] drivers/pci/probe.c 2196 pci_scan_single_device -- functionpoint
[    0.133982] drivers/pci/search.c 206 pci_get_slot -- functionpoint
[    0.133984] drivers/pci/probe.c 2035 pci_scan_device -- functionpoint
[    0.133985] drivers/pci/probe.c 2009 pci_bus_read_dev_vendor_id -- functionpoint
[    0.134002] drivers/pci/probe.c 2288 pci_scan_slot -- functionpoint -- fn = 0, devfn = 208, fn+devfn = 208
[    0.134006] drivers/pci/probe.c 2281 pci_scan_slot -- functionpoint
[    0.134006] drivers/pci/probe.c 2196 pci_scan_single_device -- functionpoint
[    0.134008] drivers/pci/search.c 206 pci_get_slot -- functionpoint
[    0.134009] drivers/pci/probe.c 2035 pci_scan_device -- functionpoint
[    0.134011] drivers/pci/probe.c 2009 pci_bus_read_dev_vendor_id -- functionpoint
[    0.134014] drivers/pci/probe.c 2048 pci_scan_device -- functionpoint -- dev_vendor: 8086, dev_device: a32c
[    0.134017] drivers/pci/probe.c 1453 pci_setup_device -- functionpoint
[    0.134030] pci 0000:00:1b.0: [8086:a32c] type 01 class 0x060400
[    0.134033] pci 0000:00:1b.0: drivers/pci/probe.c 1482 pci_setup_device functionpoint -- [8086:a32c] type 01 class 0x060400 multifunction 01
[    0.134052] drivers/pci/probe.c 1566 pci_setup_device switch case PCI_HEADER_TYPE_BRIDGE -- functionpoint
[    0.134097] drivers/pci/probe.c 2145 pci_device_add -- functionpoint
[    0.134181] pci 0000:00:1b.0: PME# supported from D0 D3hot D3cold
[    0.134217] pci 0000:00:1b.0: PTM enabled (root), 4dns granularity
[    0.135308] drivers/pci/probe.c 2288 pci_scan_slot -- functionpoint -- fn = 0, devfn = 216, fn+devfn = 216
[    0.135310] drivers/pci/probe.c 2220 next_fn -- functionpoint
[    0.135311] drivers/pci/probe.c 2196 pci_scan_single_device -- functionpoint
[    0.135312] drivers/pci/search.c 206 pci_get_slot -- functionpoint
[    0.135314] drivers/pci/probe.c 2035 pci_scan_device -- functionpoint
[    0.135316] drivers/pci/probe.c 2009 pci_bus_read_dev_vendor_id -- functionpoint
[    0.135327] drivers/pci/probe.c 2298 pci_scan_slot -- functionpoint -- fn = 1, devfn = 216, fn+devfn = 217
[    0.135331] drivers/pci/probe.c 2220 next_fn -- functionpoint
[    0.135331] drivers/pci/probe.c 2196 pci_scan_single_device -- functionpoint
[    0.135332] drivers/pci/search.c 206 pci_get_slot -- functionpoint
[    0.135334] drivers/pci/probe.c 2035 pci_scan_device -- functionpoint
[    0.135336] drivers/pci/probe.c 2009 pci_bus_read_dev_vendor_id -- functionpoint
[    0.135352] drivers/pci/probe.c 2298 pci_scan_slot -- functionpoint -- fn = 2, devfn = 216, fn+devfn = 218
[    0.135356] drivers/pci/probe.c 2220 next_fn -- functionpoint
[    0.135356] drivers/pci/probe.c 2196 pci_scan_single_device -- functionpoint
[    0.135358] drivers/pci/search.c 206 pci_get_slot -- functionpoint
[    0.135359] drivers/pci/probe.c 2035 pci_scan_device -- functionpoint
[    0.135361] drivers/pci/probe.c 2009 pci_bus_read_dev_vendor_id -- functionpoint
[    0.135377] drivers/pci/probe.c 2298 pci_scan_slot -- functionpoint -- fn = 3, devfn = 216, fn+devfn = 219
[    0.135381] drivers/pci/probe.c 2220 next_fn -- functionpoint
[    0.135381] drivers/pci/probe.c 2196 pci_scan_single_device -- functionpoint
[    0.135383] drivers/pci/search.c 206 pci_get_slot -- functionpoint
[    0.135384] drivers/pci/probe.c 2035 pci_scan_device -- functionpoint
[    0.135386] drivers/pci/probe.c 2009 pci_bus_read_dev_vendor_id -- functionpoint
[    0.135402] drivers/pci/probe.c 2298 pci_scan_slot -- functionpoint -- fn = 4, devfn = 216, fn+devfn = 220
[    0.135406] drivers/pci/probe.c 2220 next_fn -- functionpoint
[    0.135406] drivers/pci/probe.c 2196 pci_scan_single_device -- functionpoint
[    0.135408] drivers/pci/search.c 206 pci_get_slot -- functionpoint
[    0.135409] drivers/pci/probe.c 2035 pci_scan_device -- functionpoint
[    0.135411] drivers/pci/probe.c 2009 pci_bus_read_dev_vendor_id -- functionpoint
[    0.135428] drivers/pci/probe.c 2298 pci_scan_slot -- functionpoint -- fn = 5, devfn = 216, fn+devfn = 221
[    0.135431] drivers/pci/probe.c 2220 next_fn -- functionpoint
[    0.135431] drivers/pci/probe.c 2196 pci_scan_single_device -- functionpoint
[    0.135433] drivers/pci/search.c 206 pci_get_slot -- functionpoint
[    0.135434] drivers/pci/probe.c 2035 pci_scan_device -- functionpoint
[    0.135436] drivers/pci/probe.c 2009 pci_bus_read_dev_vendor_id -- functionpoint
[    0.135452] drivers/pci/probe.c 2298 pci_scan_slot -- functionpoint -- fn = 6, devfn = 216, fn+devfn = 222
[    0.135456] drivers/pci/probe.c 2220 next_fn -- functionpoint
[    0.135456] drivers/pci/probe.c 2196 pci_scan_single_device -- functionpoint
[    0.135458] drivers/pci/search.c 206 pci_get_slot -- functionpoint
[    0.135459] drivers/pci/probe.c 2035 pci_scan_device -- functionpoint
[    0.135461] drivers/pci/probe.c 2009 pci_bus_read_dev_vendor_id -- functionpoint
[    0.135478] drivers/pci/probe.c 2298 pci_scan_slot -- functionpoint -- fn = 7, devfn = 216, fn+devfn = 223
[    0.135481] drivers/pci/probe.c 2220 next_fn -- functionpoint
[    0.135481] drivers/pci/probe.c 2281 pci_scan_slot -- functionpoint
[    0.135483] drivers/pci/probe.c 2196 pci_scan_single_device -- functionpoint
[    0.135484] drivers/pci/search.c 206 pci_get_slot -- functionpoint
[    0.135486] drivers/pci/probe.c 2035 pci_scan_device -- functionpoint
[    0.135487] drivers/pci/probe.c 2009 pci_bus_read_dev_vendor_id -- functionpoint
[    0.135494] drivers/pci/probe.c 2048 pci_scan_device -- functionpoint -- dev_vendor: 8086, dev_device: a33e
[    0.135498] drivers/pci/probe.c 1453 pci_setup_device -- functionpoint
[    0.135510] pci 0000:00:1c.0: [8086:a33e] type 01 class 0x060400
[    0.135513] pci 0000:00:1c.0: drivers/pci/probe.c 1482 pci_setup_device functionpoint -- [8086:a33e] type 01 class 0x060400 multifunction 01
[    0.135531] drivers/pci/probe.c 1566 pci_setup_device switch case PCI_HEADER_TYPE_BRIDGE -- functionpoint
[    0.135577] drivers/pci/probe.c 2145 pci_device_add -- functionpoint
[    0.135660] pci 0000:00:1c.0: PME# supported from D0 D3hot D3cold
[    0.135696] pci 0000:00:1c.0: PTM enabled (root), 4dns granularity
[    0.136790] drivers/pci/probe.c 2288 pci_scan_slot -- functionpoint -- fn = 0, devfn = 224, fn+devfn = 224
[    0.136792] drivers/pci/probe.c 2220 next_fn -- functionpoint
[    0.136793] drivers/pci/probe.c 2196 pci_scan_single_device -- functionpoint
[    0.136794] drivers/pci/search.c 206 pci_get_slot -- functionpoint
[    0.136796] drivers/pci/probe.c 2035 pci_scan_device -- functionpoint
[    0.136798] drivers/pci/probe.c 2009 pci_bus_read_dev_vendor_id -- functionpoint
[    0.136816] drivers/pci/probe.c 2298 pci_scan_slot -- functionpoint -- fn = 1, devfn = 224, fn+devfn = 225
[    0.136819] drivers/pci/probe.c 2220 next_fn -- functionpoint
[    0.136819] drivers/pci/probe.c 2196 pci_scan_single_device -- functionpoint
[    0.136821] drivers/pci/search.c 206 pci_get_slot -- functionpoint
[    0.136823] drivers/pci/probe.c 2035 pci_scan_device -- functionpoint
[    0.136824] drivers/pci/probe.c 2009 pci_bus_read_dev_vendor_id -- functionpoint
[    0.136841] drivers/pci/probe.c 2298 pci_scan_slot -- functionpoint -- fn = 2, devfn = 224, fn+devfn = 226
[    0.136844] drivers/pci/probe.c 2220 next_fn -- functionpoint
[    0.136844] drivers/pci/probe.c 2196 pci_scan_single_device -- functionpoint
[    0.136846] drivers/pci/search.c 206 pci_get_slot -- functionpoint
[    0.136848] drivers/pci/probe.c 2035 pci_scan_device -- functionpoint
[    0.136849] drivers/pci/probe.c 2009 pci_bus_read_dev_vendor_id -- functionpoint
[    0.136866] drivers/pci/probe.c 2298 pci_scan_slot -- functionpoint -- fn = 3, devfn = 224, fn+devfn = 227
[    0.136869] drivers/pci/probe.c 2220 next_fn -- functionpoint
[    0.136869] drivers/pci/probe.c 2196 pci_scan_single_device -- functionpoint
[    0.136871] drivers/pci/search.c 206 pci_get_slot -- functionpoint
[    0.136872] drivers/pci/probe.c 2035 pci_scan_device -- functionpoint
[    0.136874] drivers/pci/probe.c 2009 pci_bus_read_dev_vendor_id -- functionpoint
[    0.136891] drivers/pci/probe.c 2298 pci_scan_slot -- functionpoint -- fn = 4, devfn = 224, fn+devfn = 228
[    0.136894] drivers/pci/probe.c 2220 next_fn -- functionpoint
[    0.136894] drivers/pci/probe.c 2196 pci_scan_single_device -- functionpoint
[    0.136896] drivers/pci/search.c 206 pci_get_slot -- functionpoint
[    0.136898] drivers/pci/probe.c 2035 pci_scan_device -- functionpoint
[    0.136899] drivers/pci/probe.c 2009 pci_bus_read_dev_vendor_id -- functionpoint
[    0.136916] drivers/pci/probe.c 2298 pci_scan_slot -- functionpoint -- fn = 5, devfn = 224, fn+devfn = 229
[    0.136919] drivers/pci/probe.c 2220 next_fn -- functionpoint
[    0.136919] drivers/pci/probe.c 2196 pci_scan_single_device -- functionpoint
[    0.136921] drivers/pci/search.c 206 pci_get_slot -- functionpoint
[    0.136922] drivers/pci/probe.c 2035 pci_scan_device -- functionpoint
[    0.136924] drivers/pci/probe.c 2009 pci_bus_read_dev_vendor_id -- functionpoint
[    0.136941] drivers/pci/probe.c 2298 pci_scan_slot -- functionpoint -- fn = 6, devfn = 224, fn+devfn = 230
[    0.136944] drivers/pci/probe.c 2220 next_fn -- functionpoint
[    0.136944] drivers/pci/probe.c 2196 pci_scan_single_device -- functionpoint
[    0.136946] drivers/pci/search.c 206 pci_get_slot -- functionpoint
[    0.136948] drivers/pci/probe.c 2035 pci_scan_device -- functionpoint
[    0.136949] drivers/pci/probe.c 2009 pci_bus_read_dev_vendor_id -- functionpoint
[    0.136966] drivers/pci/probe.c 2298 pci_scan_slot -- functionpoint -- fn = 7, devfn = 224, fn+devfn = 231
[    0.136969] drivers/pci/probe.c 2220 next_fn -- functionpoint
[    0.136969] drivers/pci/probe.c 2281 pci_scan_slot -- functionpoint
[    0.136971] drivers/pci/probe.c 2196 pci_scan_single_device -- functionpoint
[    0.136972] drivers/pci/search.c 206 pci_get_slot -- functionpoint
[    0.136974] drivers/pci/probe.c 2035 pci_scan_device -- functionpoint
[    0.136976] drivers/pci/probe.c 2009 pci_bus_read_dev_vendor_id -- functionpoint
[    0.136991] drivers/pci/probe.c 2288 pci_scan_slot -- functionpoint -- fn = 0, devfn = 232, fn+devfn = 232
[    0.136994] drivers/pci/probe.c 2281 pci_scan_slot -- functionpoint
[    0.136994] drivers/pci/probe.c 2196 pci_scan_single_device -- functionpoint
[    0.136996] drivers/pci/search.c 206 pci_get_slot -- functionpoint
[    0.136998] drivers/pci/probe.c 2035 pci_scan_device -- functionpoint
[    0.136999] drivers/pci/probe.c 2009 pci_bus_read_dev_vendor_id -- functionpoint
[    0.137002] drivers/pci/probe.c 2288 pci_scan_slot -- functionpoint -- fn = 0, devfn = 240, fn+devfn = 240
[    0.137005] drivers/pci/probe.c 2281 pci_scan_slot -- functionpoint
[    0.137005] drivers/pci/probe.c 2196 pci_scan_single_device -- functionpoint
[    0.137007] drivers/pci/search.c 206 pci_get_slot -- functionpoint
[    0.137009] drivers/pci/probe.c 2035 pci_scan_device -- functionpoint
[    0.137010] drivers/pci/probe.c 2009 pci_bus_read_dev_vendor_id -- functionpoint
[    0.137018] drivers/pci/probe.c 2048 pci_scan_device -- functionpoint -- dev_vendor: 8086, dev_device: a306
[    0.137022] drivers/pci/probe.c 1453 pci_setup_device -- functionpoint
[    0.137028] pci 0000:00:1f.0: [8086:a306] type 00 class 0x060100
[    0.137031] pci 0000:00:1f.0: drivers/pci/probe.c 1482 pci_setup_device functionpoint -- [8086:a306] type 00 class 0x060100 multifunction 01
[    0.137041] drivers/pci/probe.c 1513 pci_setup_device  switch case PCI_HEADER_TYPE_NORMAL -- functionpoint
[    0.137108] drivers/pci/probe.c 2145 pci_device_add -- functionpoint
[    0.138159] drivers/pci/probe.c 2288 pci_scan_slot -- functionpoint -- fn = 0, devfn = 248, fn+devfn = 248
[    0.138163] drivers/pci/probe.c 2220 next_fn -- functionpoint
[    0.138163] drivers/pci/probe.c 2196 pci_scan_single_device -- functionpoint
[    0.138165] drivers/pci/search.c 206 pci_get_slot -- functionpoint
[    0.138166] drivers/pci/probe.c 2035 pci_scan_device -- functionpoint
[    0.138168] drivers/pci/probe.c 2009 pci_bus_read_dev_vendor_id -- functionpoint
[    0.138182] drivers/pci/probe.c 2298 pci_scan_slot -- functionpoint -- fn = 1, devfn = 248, fn+devfn = 249
[    0.138185] drivers/pci/probe.c 2220 next_fn -- functionpoint
[    0.138185] drivers/pci/probe.c 2196 pci_scan_single_device -- functionpoint
[    0.138187] drivers/pci/search.c 206 pci_get_slot -- functionpoint
[    0.138189] drivers/pci/probe.c 2035 pci_scan_device -- functionpoint
[    0.138190] drivers/pci/probe.c 2009 pci_bus_read_dev_vendor_id -- functionpoint
[    0.138198] drivers/pci/probe.c 2298 pci_scan_slot -- functionpoint -- fn = 2, devfn = 248, fn+devfn = 250
[    0.138201] drivers/pci/probe.c 2220 next_fn -- functionpoint
[    0.138202] drivers/pci/probe.c 2196 pci_scan_single_device -- functionpoint
[    0.138203] drivers/pci/search.c 206 pci_get_slot -- functionpoint
[    0.138205] drivers/pci/probe.c 2035 pci_scan_device -- functionpoint
[    0.138206] drivers/pci/probe.c 2009 pci_bus_read_dev_vendor_id -- functionpoint
[    0.138210] drivers/pci/probe.c 2048 pci_scan_device -- functionpoint -- dev_vendor: 8086, dev_device: a348
[    0.138213] drivers/pci/probe.c 1453 pci_setup_device -- functionpoint
[    0.138234] pci 0000:00:1f.3: [8086:a348] type 00 class 0x040300
[    0.138236] pci 0000:00:1f.3: drivers/pci/probe.c 1482 pci_setup_device functionpoint -- [8086:a348] type 00 class 0x040300 multifunction 00
[    0.138267] drivers/pci/probe.c 1513 pci_setup_device  switch case PCI_HEADER_TYPE_NORMAL -- functionpoint
[    0.138306] pci 0000:00:1f.3: reg 0x10: [mem 0x4000100000-0x4000103fff 64bit]
[    0.138352] pci 0000:00:1f.3: reg 0x20: [mem 0x4000000000-0x40000fffff 64bit]
[    0.138368] drivers/pci/probe.c 2145 pci_device_add -- functionpoint
[    0.138452] pci 0000:00:1f.3: PME# supported from D3hot D3cold
[    0.139600] drivers/pci/probe.c 2298 pci_scan_slot -- functionpoint -- fn = 3, devfn = 248, fn+devfn = 251
[    0.139602] drivers/pci/probe.c 2220 next_fn -- functionpoint
[    0.139603] drivers/pci/probe.c 2196 pci_scan_single_device -- functionpoint
[    0.139604] drivers/pci/search.c 206 pci_get_slot -- functionpoint
[    0.139606] drivers/pci/probe.c 2035 pci_scan_device -- functionpoint
[    0.139607] drivers/pci/probe.c 2009 pci_bus_read_dev_vendor_id -- functionpoint
[    0.139617] drivers/pci/probe.c 2048 pci_scan_device -- functionpoint -- dev_vendor: 8086, dev_device: a323
[    0.139621] drivers/pci/probe.c 1453 pci_setup_device -- functionpoint
[    0.139640] pci 0000:00:1f.4: [8086:a323] type 00 class 0x0c0500
[    0.139643] pci 0000:00:1f.4: drivers/pci/probe.c 1482 pci_setup_device functionpoint -- [8086:a323] type 00 class 0x0c0500 multifunction 00
[    0.139661] drivers/pci/probe.c 1513 pci_setup_device  switch case PCI_HEADER_TYPE_NORMAL -- functionpoint
[    0.139681] pci 0000:00:1f.4: reg 0x10: [mem 0x4000104000-0x40001040ff 64bit]
[    0.139705] pci 0000:00:1f.4: reg 0x20: [io  0xefa0-0xefbf]
[    0.139735] drivers/pci/probe.c 2145 pci_device_add -- functionpoint
[    0.140794] drivers/pci/probe.c 2298 pci_scan_slot -- functionpoint -- fn = 4, devfn = 248, fn+devfn = 252
[    0.140798] drivers/pci/probe.c 2220 next_fn -- functionpoint
[    0.140798] drivers/pci/probe.c 2196 pci_scan_single_device -- functionpoint
[    0.140799] drivers/pci/search.c 206 pci_get_slot -- functionpoint
[    0.140801] drivers/pci/probe.c 2035 pci_scan_device -- functionpoint
[    0.140803] drivers/pci/probe.c 2009 pci_bus_read_dev_vendor_id -- functionpoint
[    0.140810] drivers/pci/probe.c 2048 pci_scan_device -- functionpoint -- dev_vendor: 8086, dev_device: a324
[    0.140814] drivers/pci/probe.c 1453 pci_setup_device -- functionpoint
[    0.140821] pci 0000:00:1f.5: [8086:a324] type 00 class 0x0c8000
[    0.140823] pci 0000:00:1f.5: drivers/pci/probe.c 1482 pci_setup_device functionpoint -- [8086:a324] type 00 class 0x0c8000 multifunction 00
[    0.140834] drivers/pci/probe.c 1513 pci_setup_device  switch case PCI_HEADER_TYPE_NORMAL -- functionpoint
[    0.140848] pci 0000:00:1f.5: reg 0x10: [mem 0xfe010000-0xfe010fff]
[    0.140921] drivers/pci/probe.c 2145 pci_device_add -- functionpoint
[    0.141938] drivers/pci/probe.c 2298 pci_scan_slot -- functionpoint -- fn = 5, devfn = 248, fn+devfn = 253
[    0.141942] drivers/pci/probe.c 2220 next_fn -- functionpoint
[    0.141942] drivers/pci/probe.c 2196 pci_scan_single_device -- functionpoint
[    0.141944] drivers/pci/search.c 206 pci_get_slot -- functionpoint
[    0.141946] drivers/pci/probe.c 2035 pci_scan_device -- functionpoint
[    0.141947] drivers/pci/probe.c 2009 pci_bus_read_dev_vendor_id -- functionpoint
[    0.141954] drivers/pci/probe.c 2048 pci_scan_device -- functionpoint -- dev_vendor: 8086, dev_device: 15bb
[    0.141958] drivers/pci/probe.c 1453 pci_setup_device -- functionpoint
[    0.141979] pci 0000:00:1f.6: [8086:15bb] type 00 class 0x020000
[    0.141982] pci 0000:00:1f.6: drivers/pci/probe.c 1482 pci_setup_device functionpoint -- [8086:15bb] type 00 class 0x020000 multifunction 00
[    0.141997] drivers/pci/search.c 206 pci_get_slot -- functionpoint
[    0.142011] drivers/pci/probe.c 1513 pci_setup_device  switch case PCI_HEADER_TYPE_NORMAL -- functionpoint
[    0.142043] pci 0000:00:1f.6: reg 0x10: [mem 0xf1200000-0xf121ffff]
[    0.142191] drivers/pci/probe.c 2145 pci_device_add -- functionpoint
[    0.142283] pci 0000:00:1f.6: PME# supported from D0 D3hot D3cold
[    0.143309] drivers/pci/probe.c 2298 pci_scan_slot -- functionpoint -- fn = 6, devfn = 248, fn+devfn = 254
[    0.143312] drivers/pci/probe.c 2220 next_fn -- functionpoint
[    0.143312] drivers/pci/probe.c 2196 pci_scan_single_device -- functionpoint
[    0.143314] drivers/pci/search.c 206 pci_get_slot -- functionpoint
[    0.143316] drivers/pci/probe.c 2035 pci_scan_device -- functionpoint
[    0.143317] drivers/pci/probe.c 2009 pci_bus_read_dev_vendor_id -- functionpoint
[    0.143329] drivers/pci/probe.c 2298 pci_scan_slot -- functionpoint -- fn = 7, devfn = 248, fn+devfn = 255
[    0.143332] drivers/pci/probe.c 2220 next_fn -- functionpoint
[    0.143333] drivers/pci/probe.c 463 pci_read_bridge_bases -- functionpoint
[    0.143340] drivers/pci/search.c 144 pci_find_bus -- functionpoint
[    0.143342] drivers/pci/search.c 145 pci_find_bus functionpoint -- domain_num = 0, bus_num = 1
[    0.143345] drivers/pci/search.c 176 pci_find_next_bus -- functionpoint
[    0.143346] drivers/pci/search.c 176 pci_find_next_bus -- functionpoint
[    0.143347] drivers/pci/search.c 157 pci_find_bus not found bus -- functionpoint
[    0.143405] drivers/pci/probe.c 2009 pci_bus_read_dev_vendor_id -- functionpoint
[    0.143421] drivers/pci/probe.c 2497 pci_scan_child_bus_extend -- functionpoint
[    0.143423] pci_bus 0000:01: drivers/pci/probe.c 2501 pci_scan_child_bus_extend-- functionpoint -- scanning bus
[    0.143427] drivers/pci/probe.c 2281 pci_scan_slot -- functionpoint
[    0.143427] drivers/pci/probe.c 2196 pci_scan_single_device -- functionpoint
[    0.143429] drivers/pci/search.c 206 pci_get_slot -- functionpoint
[    0.143430] drivers/pci/probe.c 2035 pci_scan_device -- functionpoint
[    0.143432] drivers/pci/probe.c 2009 pci_bus_read_dev_vendor_id -- functionpoint
[    0.143440] drivers/pci/probe.c 2048 pci_scan_device -- functionpoint -- dev_vendor: 1c5c, dev_device: 1339
[    0.143444] drivers/pci/probe.c 1453 pci_setup_device -- functionpoint
[    0.143461] pci 0000:01:00.0: [1c5c:1339] type 00 class 0x010802
[    0.143463] pci 0000:01:00.0: drivers/pci/probe.c 1482 pci_setup_device functionpoint -- [1c5c:1339] type 00 class 0x010802 multifunction 00
[    0.143491] drivers/pci/probe.c 1513 pci_setup_device  switch case PCI_HEADER_TYPE_NORMAL -- functionpoint
[    0.143511] pci 0000:01:00.0: reg 0x10: [mem 0xf1100000-0xf1103fff 64bit]
[    0.143567] drivers/pci/probe.c 2145 pci_device_add -- functionpoint
[    0.143665] pci 0000:01:00.0: supports D1
[    0.143667] pci 0000:01:00.0: PME# supported from D0 D1 D3hot
[    0.143762] drivers/pci/probe.c 2288 pci_scan_slot -- functionpoint -- fn = 0, devfn = 0, fn+devfn = 0
[    0.143764] drivers/pci/probe.c 2220 next_fn -- functionpoint
[    0.152072] drivers/pci/probe.c 2281 pci_scan_slot -- functionpoint
[    0.152074] drivers/pci/probe.c 2281 pci_scan_slot -- functionpoint
[    0.152076] drivers/pci/probe.c 2281 pci_scan_slot -- functionpoint
[    0.152077] drivers/pci/probe.c 2281 pci_scan_slot -- functionpoint
[    0.152079] drivers/pci/probe.c 2281 pci_scan_slot -- functionpoint
[    0.152080] drivers/pci/probe.c 2281 pci_scan_slot -- functionpoint
[    0.152082] drivers/pci/probe.c 2281 pci_scan_slot -- functionpoint
[    0.152083] drivers/pci/probe.c 2281 pci_scan_slot -- functionpoint
[    0.152085] drivers/pci/probe.c 2281 pci_scan_slot -- functionpoint
[    0.152086] drivers/pci/probe.c 2281 pci_scan_slot -- functionpoint
[    0.152088] drivers/pci/probe.c 2281 pci_scan_slot -- functionpoint
[    0.152089] drivers/pci/probe.c 2281 pci_scan_slot -- functionpoint
[    0.152091] drivers/pci/probe.c 2281 pci_scan_slot -- functionpoint
[    0.152092] drivers/pci/probe.c 2281 pci_scan_slot -- functionpoint
[    0.152094] drivers/pci/probe.c 2281 pci_scan_slot -- functionpoint
[    0.152095] drivers/pci/probe.c 2281 pci_scan_slot -- functionpoint
[    0.152097] drivers/pci/probe.c 2281 pci_scan_slot -- functionpoint
[    0.152098] drivers/pci/probe.c 2281 pci_scan_slot -- functionpoint
[    0.152100] drivers/pci/probe.c 2281 pci_scan_slot -- functionpoint
[    0.152101] drivers/pci/probe.c 2281 pci_scan_slot -- functionpoint
[    0.152103] drivers/pci/probe.c 2281 pci_scan_slot -- functionpoint
[    0.152104] drivers/pci/probe.c 2281 pci_scan_slot -- functionpoint
[    0.152106] drivers/pci/probe.c 2281 pci_scan_slot -- functionpoint
[    0.152107] drivers/pci/probe.c 2281 pci_scan_slot -- functionpoint
[    0.152109] drivers/pci/probe.c 2281 pci_scan_slot -- functionpoint
[    0.152110] drivers/pci/probe.c 2281 pci_scan_slot -- functionpoint
[    0.152112] drivers/pci/probe.c 2281 pci_scan_slot -- functionpoint
[    0.152113] drivers/pci/probe.c 2281 pci_scan_slot -- functionpoint
[    0.152115] drivers/pci/probe.c 2281 pci_scan_slot -- functionpoint
[    0.152116] drivers/pci/probe.c 2281 pci_scan_slot -- functionpoint
[    0.152118] drivers/pci/probe.c 2281 pci_scan_slot -- functionpoint
[    0.152119] drivers/pci/probe.c 463 pci_read_bridge_bases -- functionpoint
[    0.152122] pci 0000:00:1b.0: PCI bridge to [bus 01]
[    0.152135] pci 0000:00:1b.0:   bridge window [mem 0xf1100000-0xf11fffff]
[    0.152142] pci_bus 0000:01: drivers/pci/probe.c 2599 pci_scan_child_bus_extend -- functionpoint -- bus scan returning with max=01
[    0.152151] drivers/pci/search.c 144 pci_find_bus -- functionpoint
[    0.152151] drivers/pci/search.c 145 pci_find_bus functionpoint -- domain_num = 0, bus_num = 2
[    0.152154] drivers/pci/search.c 176 pci_find_next_bus -- functionpoint
[    0.152155] drivers/pci/search.c 176 pci_find_next_bus -- functionpoint
[    0.152157] drivers/pci/search.c 157 pci_find_bus not found bus -- functionpoint
[    0.152196] drivers/pci/probe.c 2009 pci_bus_read_dev_vendor_id -- functionpoint
[    0.152205] drivers/pci/probe.c 2497 pci_scan_child_bus_extend -- functionpoint
[    0.152208] pci_bus 0000:02: drivers/pci/probe.c 2501 pci_scan_child_bus_extend-- functionpoint -- scanning bus
[    0.152211] drivers/pci/probe.c 2281 pci_scan_slot -- functionpoint
[    0.152211] drivers/pci/probe.c 2196 pci_scan_single_device -- functionpoint
[    0.152213] drivers/pci/search.c 206 pci_get_slot -- functionpoint
[    0.152214] drivers/pci/probe.c 2035 pci_scan_device -- functionpoint
[    0.152216] drivers/pci/probe.c 2009 pci_bus_read_dev_vendor_id -- functionpoint
[    0.152225] drivers/pci/probe.c 2048 pci_scan_device -- functionpoint -- dev_vendor: 1283, dev_device: 8893
[    0.152228] drivers/pci/probe.c 1453 pci_setup_device -- functionpoint
[    0.152266] pci 0000:02:00.0: [1283:8893] type 01 class 0x060401
[    0.152269] pci 0000:02:00.0: drivers/pci/probe.c 1482 pci_setup_device functionpoint -- [1283:8893] type 01 class 0x060401 multifunction 00
[    0.152325] drivers/pci/probe.c 1566 pci_setup_device switch case PCI_HEADER_TYPE_BRIDGE -- functionpoint
[    0.152522] drivers/pci/probe.c 2145 pci_device_add -- functionpoint
[    0.152693] pci 0000:02:00.0: supports D1 D2
[    0.152695] pci 0000:02:00.0: PME# supported from D0 D1 D2 D3hot D3cold
[    0.152811] drivers/pci/probe.c 2288 pci_scan_slot -- functionpoint -- fn = 0, devfn = 0, fn+devfn = 0
[    0.152814] drivers/pci/probe.c 2220 next_fn -- functionpoint
[    0.152816] drivers/pci/probe.c 2281 pci_scan_slot -- functionpoint
[    0.152817] drivers/pci/probe.c 2281 pci_scan_slot -- functionpoint
[    0.152819] drivers/pci/probe.c 2281 pci_scan_slot -- functionpoint
[    0.152820] drivers/pci/probe.c 2281 pci_scan_slot -- functionpoint
[    0.152822] drivers/pci/probe.c 2281 pci_scan_slot -- functionpoint
[    0.152823] drivers/pci/probe.c 2281 pci_scan_slot -- functionpoint
[    0.152825] drivers/pci/probe.c 2281 pci_scan_slot -- functionpoint
[    0.152826] drivers/pci/probe.c 2281 pci_scan_slot -- functionpoint
[    0.152828] drivers/pci/probe.c 2281 pci_scan_slot -- functionpoint
[    0.152829] drivers/pci/probe.c 2281 pci_scan_slot -- functionpoint
[    0.152831] drivers/pci/probe.c 2281 pci_scan_slot -- functionpoint
[    0.152832] drivers/pci/probe.c 2281 pci_scan_slot -- functionpoint
[    0.152834] drivers/pci/probe.c 2281 pci_scan_slot -- functionpoint
[    0.152835] drivers/pci/probe.c 2281 pci_scan_slot -- functionpoint
[    0.152837] drivers/pci/probe.c 2281 pci_scan_slot -- functionpoint
[    0.152838] drivers/pci/probe.c 2281 pci_scan_slot -- functionpoint
[    0.152840] drivers/pci/probe.c 2281 pci_scan_slot -- functionpoint
[    0.152841] drivers/pci/probe.c 2281 pci_scan_slot -- functionpoint
[    0.152843] drivers/pci/probe.c 2281 pci_scan_slot -- functionpoint
[    0.152845] drivers/pci/probe.c 2281 pci_scan_slot -- functionpoint
[    0.152846] drivers/pci/probe.c 2281 pci_scan_slot -- functionpoint
[    0.152848] drivers/pci/probe.c 2281 pci_scan_slot -- functionpoint
[    0.152849] drivers/pci/probe.c 2281 pci_scan_slot -- functionpoint
[    0.152851] drivers/pci/probe.c 2281 pci_scan_slot -- functionpoint
[    0.152852] drivers/pci/probe.c 2281 pci_scan_slot -- functionpoint
[    0.152854] drivers/pci/probe.c 2281 pci_scan_slot -- functionpoint
[    0.152855] drivers/pci/probe.c 2281 pci_scan_slot -- functionpoint
[    0.152856] drivers/pci/probe.c 2281 pci_scan_slot -- functionpoint
[    0.152858] drivers/pci/probe.c 2281 pci_scan_slot -- functionpoint
[    0.152859] drivers/pci/probe.c 2281 pci_scan_slot -- functionpoint
[    0.152861] drivers/pci/probe.c 2281 pci_scan_slot -- functionpoint
[    0.152863] drivers/pci/probe.c 463 pci_read_bridge_bases -- functionpoint
[    0.152865] pci 0000:00:1c.0: PCI bridge to [bus 02-03]
[    0.152870] pci 0000:00:1c.0:   bridge window [io  0x3000-0x3fff]
[    0.152873] pci 0000:00:1c.0:   bridge window [mem 0xf1000000-0xf10fffff]
[    0.152883] drivers/pci/search.c 144 pci_find_bus -- functionpoint
[    0.152884] drivers/pci/search.c 145 pci_find_bus functionpoint -- domain_num = 0, bus_num = 3
[    0.152887] drivers/pci/search.c 176 pci_find_next_bus -- functionpoint
[    0.152887] drivers/pci/search.c 176 pci_find_next_bus -- functionpoint
[    0.152889] drivers/pci/search.c 157 pci_find_bus not found bus -- functionpoint
[    0.152927] drivers/pci/probe.c 2497 pci_scan_child_bus_extend -- functionpoint
[    0.152930] pci_bus 0000:03: drivers/pci/probe.c 2501 pci_scan_child_bus_extend-- functionpoint -- scanning bus
[    0.152933] drivers/pci/probe.c 2281 pci_scan_slot -- functionpoint
[    0.152933] drivers/pci/probe.c 2196 pci_scan_single_device -- functionpoint
[    0.152935] drivers/pci/search.c 206 pci_get_slot -- functionpoint
[    0.152937] drivers/pci/probe.c 2035 pci_scan_device -- functionpoint
[    0.152938] drivers/pci/probe.c 2009 pci_bus_read_dev_vendor_id -- functionpoint
[    0.152943] drivers/pci/probe.c 2048 pci_scan_device -- functionpoint -- dev_vendor: 1317, dev_device: 985
[    0.152946] drivers/pci/probe.c 1453 pci_setup_device -- functionpoint
[    0.152961] pci 0000:03:00.0: [1317:0985] type 00 class 0x020000
[    0.152964] pci 0000:03:00.0: drivers/pci/probe.c 1482 pci_setup_device functionpoint -- [1317:0985] type 00 class 0x020000 multifunction 00
[    0.152985] drivers/pci/probe.c 1513 pci_setup_device  switch case PCI_HEADER_TYPE_NORMAL -- functionpoint
[    0.153003] pci 0000:03:00.0: reg 0x10: [io  0x3000-0x30ff]
[    0.153017] pci 0000:03:00.0: reg 0x14: [mem 0xf1000000-0xf10003ff]
[    0.153076] pci 0000:03:00.0: reg 0x30: [mem 0xfffe0000-0xffffffff pref]
[    0.153081] drivers/pci/probe.c 2145 pci_device_add -- functionpoint
[    0.153134] pci 0000:03:00.0: supports D1 D2
[    0.153137] pci 0000:03:00.0: PME# supported from D0 D1 D2 D3hot D3cold
[    0.153169] drivers/pci/probe.c 2288 pci_scan_slot -- functionpoint -- fn = 0, devfn = 0, fn+devfn = 0
[    0.153171] drivers/pci/probe.c 2220 next_fn -- functionpoint
[    0.153171] drivers/pci/probe.c 2281 pci_scan_slot -- functionpoint
[    0.153173] drivers/pci/probe.c 2196 pci_scan_single_device -- functionpoint
[    0.153174] drivers/pci/search.c 206 pci_get_slot -- functionpoint
[    0.153176] drivers/pci/probe.c 2035 pci_scan_device -- functionpoint
[    0.153177] drivers/pci/probe.c 2009 pci_bus_read_dev_vendor_id -- functionpoint
[    0.153182] drivers/pci/probe.c 2288 pci_scan_slot -- functionpoint -- fn = 0, devfn = 8, fn+devfn = 8
[    0.153186] drivers/pci/probe.c 2281 pci_scan_slot -- functionpoint
[    0.153186] drivers/pci/probe.c 2196 pci_scan_single_device -- functionpoint
[    0.153188] drivers/pci/search.c 206 pci_get_slot -- functionpoint
[    0.153189] drivers/pci/probe.c 2035 pci_scan_device -- functionpoint
[    0.153191] drivers/pci/probe.c 2009 pci_bus_read_dev_vendor_id -- functionpoint
[    0.153196] drivers/pci/probe.c 2288 pci_scan_slot -- functionpoint -- fn = 0, devfn = 16, fn+devfn = 16
[    0.153199] drivers/pci/probe.c 2281 pci_scan_slot -- functionpoint
[    0.153199] drivers/pci/probe.c 2196 pci_scan_single_device -- functionpoint
[    0.153201] drivers/pci/search.c 206 pci_get_slot -- functionpoint
[    0.153203] drivers/pci/probe.c 2035 pci_scan_device -- functionpoint
[    0.153204] drivers/pci/probe.c 2009 pci_bus_read_dev_vendor_id -- functionpoint
[    0.153209] drivers/pci/probe.c 2288 pci_scan_slot -- functionpoint -- fn = 0, devfn = 24, fn+devfn = 24
[    0.153212] drivers/pci/probe.c 2281 pci_scan_slot -- functionpoint
[    0.153213] drivers/pci/probe.c 2196 pci_scan_single_device -- functionpoint
[    0.153214] drivers/pci/search.c 206 pci_get_slot -- functionpoint
[    0.153216] drivers/pci/probe.c 2035 pci_scan_device -- functionpoint
[    0.153217] drivers/pci/probe.c 2009 pci_bus_read_dev_vendor_id -- functionpoint
[    0.153222] drivers/pci/probe.c 2288 pci_scan_slot -- functionpoint -- fn = 0, devfn = 32, fn+devfn = 32
[    0.153225] drivers/pci/probe.c 2281 pci_scan_slot -- functionpoint
[    0.153226] drivers/pci/probe.c 2196 pci_scan_single_device -- functionpoint
[    0.153227] drivers/pci/search.c 206 pci_get_slot -- functionpoint
[    0.153229] drivers/pci/probe.c 2035 pci_scan_device -- functionpoint
[    0.153230] drivers/pci/probe.c 2009 pci_bus_read_dev_vendor_id -- functionpoint
[    0.153235] drivers/pci/probe.c 2288 pci_scan_slot -- functionpoint -- fn = 0, devfn = 40, fn+devfn = 40
[    0.153238] drivers/pci/probe.c 2281 pci_scan_slot -- functionpoint
[    0.153239] drivers/pci/probe.c 2196 pci_scan_single_device -- functionpoint
[    0.153240] drivers/pci/search.c 206 pci_get_slot -- functionpoint
[    0.153242] drivers/pci/probe.c 2035 pci_scan_device -- functionpoint
[    0.153243] drivers/pci/probe.c 2009 pci_bus_read_dev_vendor_id -- functionpoint
[    0.153248] drivers/pci/probe.c 2288 pci_scan_slot -- functionpoint -- fn = 0, devfn = 48, fn+devfn = 48
[    0.153251] drivers/pci/probe.c 2281 pci_scan_slot -- functionpoint
[    0.153251] drivers/pci/probe.c 2196 pci_scan_single_device -- functionpoint
[    0.153253] drivers/pci/search.c 206 pci_get_slot -- functionpoint
[    0.153255] drivers/pci/probe.c 2035 pci_scan_device -- functionpoint
[    0.153256] drivers/pci/probe.c 2009 pci_bus_read_dev_vendor_id -- functionpoint
[    0.153261] drivers/pci/probe.c 2288 pci_scan_slot -- functionpoint -- fn = 0, devfn = 56, fn+devfn = 56
[    0.153264] drivers/pci/probe.c 2281 pci_scan_slot -- functionpoint
[    0.153265] drivers/pci/probe.c 2196 pci_scan_single_device -- functionpoint
[    0.153266] drivers/pci/search.c 206 pci_get_slot -- functionpoint
[    0.153268] drivers/pci/probe.c 2035 pci_scan_device -- functionpoint
[    0.153269] drivers/pci/probe.c 2009 pci_bus_read_dev_vendor_id -- functionpoint
[    0.153274] drivers/pci/probe.c 2288 pci_scan_slot -- functionpoint -- fn = 0, devfn = 64, fn+devfn = 64
[    0.153277] drivers/pci/probe.c 2281 pci_scan_slot -- functionpoint
[    0.153277] drivers/pci/probe.c 2196 pci_scan_single_device -- functionpoint
[    0.153279] drivers/pci/search.c 206 pci_get_slot -- functionpoint
[    0.153280] drivers/pci/probe.c 2035 pci_scan_device -- functionpoint
[    0.153282] drivers/pci/probe.c 2009 pci_bus_read_dev_vendor_id -- functionpoint
[    0.153287] drivers/pci/probe.c 2288 pci_scan_slot -- functionpoint -- fn = 0, devfn = 72, fn+devfn = 72
[    0.153290] drivers/pci/probe.c 2281 pci_scan_slot -- functionpoint
[    0.153290] drivers/pci/probe.c 2196 pci_scan_single_device -- functionpoint
[    0.153292] drivers/pci/search.c 206 pci_get_slot -- functionpoint
[    0.153293] drivers/pci/probe.c 2035 pci_scan_device -- functionpoint
[    0.153295] drivers/pci/probe.c 2009 pci_bus_read_dev_vendor_id -- functionpoint
[    0.153300] drivers/pci/probe.c 2288 pci_scan_slot -- functionpoint -- fn = 0, devfn = 80, fn+devfn = 80
[    0.153303] drivers/pci/probe.c 2281 pci_scan_slot -- functionpoint
[    0.153303] drivers/pci/probe.c 2196 pci_scan_single_device -- functionpoint
[    0.153305] drivers/pci/search.c 206 pci_get_slot -- functionpoint
[    0.153306] drivers/pci/probe.c 2035 pci_scan_device -- functionpoint
[    0.153308] drivers/pci/probe.c 2009 pci_bus_read_dev_vendor_id -- functionpoint
[    0.153313] drivers/pci/probe.c 2288 pci_scan_slot -- functionpoint -- fn = 0, devfn = 88, fn+devfn = 88
[    0.153316] drivers/pci/probe.c 2281 pci_scan_slot -- functionpoint
[    0.153316] drivers/pci/probe.c 2196 pci_scan_single_device -- functionpoint
[    0.153318] drivers/pci/search.c 206 pci_get_slot -- functionpoint
[    0.153319] drivers/pci/probe.c 2035 pci_scan_device -- functionpoint
[    0.153321] drivers/pci/probe.c 2009 pci_bus_read_dev_vendor_id -- functionpoint
[    0.153326] drivers/pci/probe.c 2288 pci_scan_slot -- functionpoint -- fn = 0, devfn = 96, fn+devfn = 96
[    0.153329] drivers/pci/probe.c 2281 pci_scan_slot -- functionpoint
[    0.153329] drivers/pci/probe.c 2196 pci_scan_single_device -- functionpoint
[    0.153331] drivers/pci/search.c 206 pci_get_slot -- functionpoint
[    0.153333] drivers/pci/probe.c 2035 pci_scan_device -- functionpoint
[    0.153334] drivers/pci/probe.c 2009 pci_bus_read_dev_vendor_id -- functionpoint
[    0.153339] drivers/pci/probe.c 2288 pci_scan_slot -- functionpoint -- fn = 0, devfn = 104, fn+devfn = 104
[    0.153342] drivers/pci/probe.c 2281 pci_scan_slot -- functionpoint
[    0.153343] drivers/pci/probe.c 2196 pci_scan_single_device -- functionpoint
[    0.153344] drivers/pci/search.c 206 pci_get_slot -- functionpoint
[    0.153346] drivers/pci/probe.c 2035 pci_scan_device -- functionpoint
[    0.153347] drivers/pci/probe.c 2009 pci_bus_read_dev_vendor_id -- functionpoint
[    0.153352] drivers/pci/probe.c 2288 pci_scan_slot -- functionpoint -- fn = 0, devfn = 112, fn+devfn = 112
[    0.153355] drivers/pci/probe.c 2281 pci_scan_slot -- functionpoint
[    0.153355] drivers/pci/probe.c 2196 pci_scan_single_device -- functionpoint
[    0.153357] drivers/pci/search.c 206 pci_get_slot -- functionpoint
[    0.153358] drivers/pci/probe.c 2035 pci_scan_device -- functionpoint
[    0.153360] drivers/pci/probe.c 2009 pci_bus_read_dev_vendor_id -- functionpoint
[    0.153364] drivers/pci/probe.c 2288 pci_scan_slot -- functionpoint -- fn = 0, devfn = 120, fn+devfn = 120
[    0.153367] drivers/pci/probe.c 2281 pci_scan_slot -- functionpoint
[    0.153368] drivers/pci/probe.c 2196 pci_scan_single_device -- functionpoint
[    0.153369] drivers/pci/search.c 206 pci_get_slot -- functionpoint
[    0.153371] drivers/pci/probe.c 2035 pci_scan_device -- functionpoint
[    0.153372] drivers/pci/probe.c 2009 pci_bus_read_dev_vendor_id -- functionpoint
[    0.153377] drivers/pci/probe.c 2288 pci_scan_slot -- functionpoint -- fn = 0, devfn = 128, fn+devfn = 128
[    0.153381] drivers/pci/probe.c 2281 pci_scan_slot -- functionpoint
[    0.153381] drivers/pci/probe.c 2196 pci_scan_single_device -- functionpoint
[    0.153382] drivers/pci/search.c 206 pci_get_slot -- functionpoint
[    0.153384] drivers/pci/probe.c 2035 pci_scan_device -- functionpoint
[    0.153385] drivers/pci/probe.c 2009 pci_bus_read_dev_vendor_id -- functionpoint
[    0.153390] drivers/pci/probe.c 2288 pci_scan_slot -- functionpoint -- fn = 0, devfn = 136, fn+devfn = 136
[    0.153393] drivers/pci/probe.c 2281 pci_scan_slot -- functionpoint
[    0.153393] drivers/pci/probe.c 2196 pci_scan_single_device -- functionpoint
[    0.153395] drivers/pci/search.c 206 pci_get_slot -- functionpoint
[    0.153397] drivers/pci/probe.c 2035 pci_scan_device -- functionpoint
[    0.153398] drivers/pci/probe.c 2009 pci_bus_read_dev_vendor_id -- functionpoint
