[    0.000000] microcode: microcode updated early to revision 0xd6, date = 2020-04-23
[    0.000000] Linux version 4.15.9+ (root@Yee-680G4) (gcc version 5.5.0 20171010 (Ubuntu 5.5.0-12ubuntu1~16.04)) #34 SMP Mon Oct 26 10:58:44 CST 2020
[    0.000000] Command line: BOOT_IMAGE=/boot/vmlinuz-4.15.9+ root=UUID=da0e40f1-3840-43a9-b61a-7b465a7673d3 ro quiet splash vt.handoff=7
[    0.000000] KERNEL supported cpus:
[    0.000000]   Intel GenuineIntel
[    0.000000]   AMD AuthenticAMD
[    0.000000]   Centaur CentaurHauls
[    0.000000] x86/fpu: Supporting XSAVE feature 0x001: 'x87 floating point registers'
[    0.000000] x86/fpu: Supporting XSAVE feature 0x002: 'SSE registers'
[    0.000000] x86/fpu: Supporting XSAVE feature 0x004: 'AVX registers'
[    0.000000] x86/fpu: Supporting XSAVE feature 0x008: 'MPX bounds registers'
[    0.000000] x86/fpu: Supporting XSAVE feature 0x010: 'MPX CSR'
[    0.000000] x86/fpu: xstate_offset[2]:  576, xstate_sizes[2]:  256
[    0.000000] x86/fpu: xstate_offset[3]:  832, xstate_sizes[3]:   64
[    0.000000] x86/fpu: xstate_offset[4]:  896, xstate_sizes[4]:   64
[    0.000000] x86/fpu: Enabled xstate features 0x1f, context size is 960 bytes, using 'compacted' format.
[    0.000000] e820: BIOS-provided physical RAM map:
[    0.000000] BIOS-e820: [mem 0x0000000000000000-0x000000000009efff] usable
[    0.000000] BIOS-e820: [mem 0x000000000009f000-0x00000000000fffff] reserved
[    0.000000] BIOS-e820: [mem 0x0000000000100000-0x00000000be6aafff] usable
[    0.000000] BIOS-e820: [mem 0x00000000be6ab000-0x00000000bf98efff] reserved
[    0.000000] BIOS-e820: [mem 0x00000000bf98f000-0x00000000bfb8efff] ACPI NVS
[    0.000000] BIOS-e820: [mem 0x00000000bfb8f000-0x00000000bfc0efff] ACPI data
[    0.000000] BIOS-e820: [mem 0x00000000bfc0f000-0x00000000bfc0ffff] usable
[    0.000000] BIOS-e820: [mem 0x00000000bfc10000-0x00000000d47fffff] reserved
[    0.000000] BIOS-e820: [mem 0x00000000fe010000-0x00000000fe010fff] reserved
[    0.000000] BIOS-e820: [mem 0x00000000ff000000-0x00000000ffffffff] reserved
[    0.000000] BIOS-e820: [mem 0x0000000100000000-0x00000004277fffff] usable
[    0.000000] NX (Execute Disable) protection: active
[    0.000000] efi: EFI v2.60 by HP
[    0.000000] efi:  ACPI=0xbfc0e000  ACPI 2.0=0xbfc0e014  SMBIOS=0xbee75000  ESRT=0xbee76018  MEMATTR=0xaf753018 
[    0.000000] random: fast init done
[    0.000000] SMBIOS 3.1 present.
[    0.000000] DMI: HP HP ProDesk 680 G4 MT/8580, BIOS R04 Ver. 02.11.01 04/27/2020
[    0.000000] e820: update [mem 0x00000000-0x00000fff] usable ==> reserved
[    0.000000] e820: remove [mem 0x000a0000-0x000fffff] usable
[    0.000000] e820: last_pfn = 0x427800 max_arch_pfn = 0x400000000
[    0.000000] MTRR default type: write-back
[    0.000000] MTRR fixed ranges enabled:
[    0.000000]   00000-9FFFF write-back
[    0.000000]   A0000-BFFFF uncachable
[    0.000000]   C0000-FFFFF write-protect
[    0.000000] MTRR variable ranges enabled:
[    0.000000]   0 base 00E0000000 mask 7FE0000000 uncachable
[    0.000000]   1 base 00D0000000 mask 7FF0000000 uncachable
[    0.000000]   2 base 00C8000000 mask 7FF8000000 uncachable
[    0.000000]   3 base 00C4000000 mask 7FFC000000 uncachable
[    0.000000]   4 base 2000000000 mask 6000000000 uncachable
[    0.000000]   5 base 1000000000 mask 7000000000 uncachable
[    0.000000]   6 base 0800000000 mask 7800000000 uncachable
[    0.000000]   7 base 4000000000 mask 4000000000 uncachable
[    0.000000]   8 disabled
[    0.000000]   9 disabled
[    0.000000] x86/PAT: Configuration [0-7]: WB  WC  UC- UC  WB  WP  UC- WT  
[    0.000000] e820: last_pfn = 0xbfc10 max_arch_pfn = 0x400000000
[    0.000000] esrt: Reserving ESRT space from 0x00000000bee76018 to 0x00000000bee76050.
[    0.000000] Scanning 1 areas for low memory corruption
[    0.000000] Base memory trampoline at [        (ptrval)] 99000 size 24576
[    0.000000] Using GB pages for direct mapping
[    0.000000] BRK [0x2c293a000, 0x2c293afff] PGTABLE
[    0.000000] BRK [0x2c293b000, 0x2c293bfff] PGTABLE
[    0.000000] BRK [0x2c293c000, 0x2c293cfff] PGTABLE
[    0.000000] BRK [0x2c293d000, 0x2c293dfff] PGTABLE
[    0.000000] BRK [0x2c293e000, 0x2c293efff] PGTABLE
[    0.000000] BRK [0x2c293f000, 0x2c293ffff] PGTABLE
[    0.000000] BRK [0x2c2940000, 0x2c2940fff] PGTABLE
[    0.000000] BRK [0x2c2941000, 0x2c2941fff] PGTABLE
[    0.000000] Secure boot could not be determined
[    0.000000] RAMDISK: [mem 0x23327000-0x3e1b0fff]
[    0.000000] ACPI: Early table checksum verification disabled
[    0.000000] ACPI: RSDP 0x00000000BFC0E014 000024 (v02 HPQOEM)
[    0.000000] ACPI: XSDT 0x00000000BFBC7188 0000DC (v01 HPQOEM SLIC-BPC 00000000 INTL 20160422)
[    0.000000] ACPI: FACP 0x00000000BFC08000 000114 (v06 HPQOEM SLIC-BPC 00000000 HP   00000001)
[    0.000000] ACPI: DSDT 0x00000000BFBE5000 01E092 (v02 HPQOEM 8580     00000000 INTL 20160527)
[    0.000000] ACPI: FACS 0x00000000BFB3F000 000040
[    0.000000] ACPI: SSDT 0x00000000BFC0C000 00012A (v02 HP     ShmTable 00000001 INTL 20160527)
[    0.000000] ACPI: SSDT 0x00000000BFC0A000 001B5F (v02 CpuRef CpuSsdt  00003000 INTL 20160527)
[    0.000000] ACPI: SSDT 0x00000000BFC09000 0009CF (v02 CtdpB  CtdpB    00001000 INTL 20160527)
[    0.000000] ACPI: HPET 0x00000000BFC07000 000038 (v01 HPQOEM 8580     00000001 HP   00000001)
[    0.000000] ACPI: APIC 0x00000000BFC06000 00012C (v03 HPQOEM 8580     00000001 HP   00000001)
[    0.000000] ACPI: MCFG 0x00000000BFC05000 00003C (v01 HPQOEM 8580     00000001 HP   00000001)
[    0.000000] ACPI: WSMT 0x00000000BFC04000 000028 (v01 HPQOEM 8580     00000001 HP   00000001)
[    0.000000] ACPI: SSDT 0x00000000BFBE4000 000734 (v01 HPQOEM PtidDevc 00001000 INTL 20160527)
[    0.000000] ACPI: SSDT 0x00000000BFBE3000 000B27 (v02 HPQOEM HP_XHC_P 00000000 INTL 20160527)
[    0.000000] ACPI: SSDT 0x00000000BFBDF000 0030ED (v02 SaSsdt SaSsdt   00003000 INTL 20160527)
[    0.000000] ACPI: LPIT 0x00000000BFBDE000 000094 (v01 INTEL  CFL      20170001 INTL 20160422)
[    0.000000] ACPI: WSMT 0x00000000BFBDD000 000028 (v01 INTEL  CFL      20170001 INTL 20160422)
[    0.000000] ACPI: SSDT 0x00000000BFBDC000 00044C (v02 INTEL  Wwan     00000001 INTL 20160527)
[    0.000000] ACPI: UEFI 0x00000000BFB39000 000042 (v01 INTEL  CFL      20170001 INTL 20160422)
[    0.000000] ACPI: OEML 0x00000000BFBDB000 000028 (v03 INTEL  CFL      20170001 INTL 20160422)
[    0.000000] ACPI: DMAR 0x00000000BFBDA000 0000C8 (v01 INTEL  CFL      00000002      01000013)
[    0.000000] ACPI: SSDT 0x00000000BFBCB000 00E899 (v01 HP     HPINDTWL 00001000 INTL 20160527)
[    0.000000] ACPI: SSDT 0x00000000BFBCA000 000032 (v01 HP     HPCONDEV 00001000 INTL 20160527)
[    0.000000] ACPI: SSDT 0x00000000BFBC9000 000069 (v01 HP     HPCAHWID 00001000 INTL 20160527)
[    0.000000] ACPI: ASF! 0x00000000BFBC8000 0000A0 (v32 HPQOEM  UYA     20170001 INTL 20160422)
[    0.000000] ACPI: FPDT 0x00000000BFC0D000 000044 (v01 INTEL  CFL      20170001 INTL 20160422)
[    0.000000] ACPI: BGRT 0x00000000BFBC6000 000038 (v01 INTEL  CFL      20170001 INTL 20160422)
[    0.000000] ACPI: Local APIC address 0xfee00000
[    0.000000] No NUMA configuration found
[    0.000000] Faking a node at [mem 0x0000000000000000-0x00000004277fffff]
[    0.000000] NODE_DATA(0) allocated [mem 0x4277d5000-0x4277fffff]
[    0.000000] Zone ranges:
[    0.000000]   DMA      [mem 0x0000000000001000-0x0000000000ffffff]
[    0.000000]   DMA32    [mem 0x0000000001000000-0x00000000ffffffff]
[    0.000000]   Normal   [mem 0x0000000100000000-0x00000004277fffff]
[    0.000000]   Device   empty
[    0.000000] Movable zone start for each node
[    0.000000] Early memory node ranges
[    0.000000]   node   0: [mem 0x0000000000001000-0x000000000009efff]
[    0.000000]   node   0: [mem 0x0000000000100000-0x00000000be6aafff]
[    0.000000]   node   0: [mem 0x00000000bfc0f000-0x00000000bfc0ffff]
[    0.000000]   node   0: [mem 0x0000000100000000-0x00000004277fffff]
[    0.000000] Initmem setup node 0 [mem 0x0000000000001000-0x00000004277fffff]
[    0.000000] On node 0 totalpages: 4087370
[    0.000000]   DMA zone: 64 pages used for memmap
[    0.000000]   DMA zone: 21 pages reserved
[    0.000000]   DMA zone: 3998 pages, LIFO batch:0
[    0.000000]   DMA32 zone: 12123 pages used for memmap
[    0.000000]   DMA32 zone: 775852 pages, LIFO batch:31
[    0.000000]   Normal zone: 51680 pages used for memmap
[    0.000000]   Normal zone: 3307520 pages, LIFO batch:31
[    0.000000] Reserved but unavailable: 99 pages
[    0.000000] tboot: non-0 tboot_addr but it is not of type E820_TYPE_RESERVED
[    0.000000] ACPI: PM-Timer IO Port: 0x1808
[    0.000000] ACPI: Local APIC address 0xfee00000
[    0.000000] ACPI: LAPIC_NMI (acpi_id[0x01] high edge lint[0x1])
[    0.000000] ACPI: LAPIC_NMI (acpi_id[0x02] high edge lint[0x1])
[    0.000000] ACPI: LAPIC_NMI (acpi_id[0x03] high edge lint[0x1])
[    0.000000] ACPI: LAPIC_NMI (acpi_id[0x04] high edge lint[0x1])
[    0.000000] ACPI: LAPIC_NMI (acpi_id[0x05] high edge lint[0x1])
[    0.000000] ACPI: LAPIC_NMI (acpi_id[0x06] high edge lint[0x1])
[    0.000000] ACPI: LAPIC_NMI (acpi_id[0x07] high edge lint[0x1])
[    0.000000] ACPI: LAPIC_NMI (acpi_id[0x08] high edge lint[0x1])
[    0.000000] ACPI: LAPIC_NMI (acpi_id[0x09] high edge lint[0x1])
[    0.000000] ACPI: LAPIC_NMI (acpi_id[0x0a] high edge lint[0x1])
[    0.000000] ACPI: LAPIC_NMI (acpi_id[0x0b] high edge lint[0x1])
[    0.000000] ACPI: LAPIC_NMI (acpi_id[0x0c] high edge lint[0x1])
[    0.000000] ACPI: LAPIC_NMI (acpi_id[0x0d] high edge lint[0x1])
[    0.000000] ACPI: LAPIC_NMI (acpi_id[0x0e] high edge lint[0x1])
[    0.000000] ACPI: LAPIC_NMI (acpi_id[0x0f] high edge lint[0x1])
[    0.000000] ACPI: LAPIC_NMI (acpi_id[0x10] high edge lint[0x1])
[    0.000000] IOAPIC[0]: apic_id 2, version 32, address 0xfec00000, GSI 0-119
[    0.000000] ACPI: INT_SRC_OVR (bus 0 bus_irq 0 global_irq 2 dfl dfl)
[    0.000000] ACPI: INT_SRC_OVR (bus 0 bus_irq 9 global_irq 9 high level)
[    0.000000] ACPI: IRQ0 used by override.
[    0.000000] ACPI: IRQ9 used by override.
[    0.000000] Using ACPI (MADT) for SMP configuration information
[    0.000000] ACPI: HPET id: 0x8086a201 base: 0xfed00000
[    0.000000] smpboot: Allowing 8 CPUs, 0 hotplug CPUs
[    0.000000] PM: Registered nosave memory: [mem 0x00000000-0x00000fff]
[    0.000000] PM: Registered nosave memory: [mem 0x0009f000-0x000fffff]
[    0.000000] PM: Registered nosave memory: [mem 0xbe6ab000-0xbf98efff]
[    0.000000] PM: Registered nosave memory: [mem 0xbf98f000-0xbfb8efff]
[    0.000000] PM: Registered nosave memory: [mem 0xbfb8f000-0xbfc0efff]
[    0.000000] PM: Registered nosave memory: [mem 0xbfc10000-0xd47fffff]
[    0.000000] PM: Registered nosave memory: [mem 0xd4800000-0xfe00ffff]
[    0.000000] PM: Registered nosave memory: [mem 0xfe010000-0xfe010fff]
[    0.000000] PM: Registered nosave memory: [mem 0xfe011000-0xfeffffff]
[    0.000000] PM: Registered nosave memory: [mem 0xff000000-0xffffffff]
[    0.000000] e820: [mem 0xd4800000-0xfe00ffff] available for PCI devices
[    0.000000] Booting paravirtualized kernel on bare hardware
[    0.000000] clocksource: refined-jiffies: mask: 0xffffffff max_cycles: 0xffffffff, max_idle_ns: 7645519600211568 ns
[    0.000000] setup_percpu: NR_CPUS:8192 nr_cpumask_bits:8 nr_cpu_ids:8 nr_node_ids:1
[    0.000000] percpu: Embedded 46 pages/cpu @        (ptrval) s151552 r8192 d28672 u262144
[    0.000000] pcpu-alloc: s151552 r8192 d28672 u262144 alloc=1*2097152
[    0.000000] pcpu-alloc: [0] 0 1 2 3 4 5 6 7 
[    0.000000] Built 1 zonelists, mobility grouping on.  Total pages: 4023482
[    0.000000] Policy zone: Normal
[    0.000000] Kernel command line: BOOT_IMAGE=/boot/vmlinuz-4.15.9+ root=UUID=da0e40f1-3840-43a9-b61a-7b465a7673d3 ro quiet splash vt.handoff=7
[    0.000000] Calgary: detecting Calgary via BIOS EBDA area
[    0.000000] Calgary: Unable to locate Rio Grande table in EBDA - bailing!
[    0.000000] Memory: 15485624K/16349480K available (12300K kernel code, 2470K rwdata, 4196K rodata, 2388K init, 2416K bss, 863856K reserved, 0K cma-reserved)
[    0.000000] SLUB: HWalign=64, Order=0-3, MinObjects=0, CPUs=8, Nodes=1
[    0.000000] ftrace: allocating 38976 entries in 153 pages
[    0.000000] Hierarchical RCU implementation.
[    0.000000] 	RCU restricting CPUs from NR_CPUS=8192 to nr_cpu_ids=8.
[    0.000000] 	Tasks RCU enabled.
[    0.000000] RCU: Adjusting geometry for rcu_fanout_leaf=16, nr_cpu_ids=8
[    0.000000] NR_IRQS: 524544, nr_irqs: 2048, preallocated irqs: 16
[    0.000000] Console: colour dummy device 80x25
[    0.000000] console [tty0] enabled
[    0.000000] ACPI: Core revision 20170831
[    0.000000] ACPI Error: [\_SB_.PCI0.XHC_.RHUB.HS11] Namespace lookup failure, AE_NOT_FOUND (20170831/dswload-210)
[    0.000000] ACPI Exception: AE_NOT_FOUND, During name lookup/catalog (20170831/psobject-252)
[    0.000000] ACPI Exception: AE_NOT_FOUND, (SSDT:HP_XHC_P) while loading table (20170831/tbxfload-228)
[    0.000000] ACPI Error: 1 table load failures, 10 successful (20170831/tbxfload-246)
[    0.000000] clocksource: hpet: mask: 0xffffffff max_cycles: 0xffffffff, max_idle_ns: 79635855245 ns
[    0.000000] hpet clockevent registered
[    0.004000] APIC: Switch to symmetric I/O mode setup
[    0.004000] DMAR: Host address width 39
[    0.004000] DMAR: DRHD base: 0x000000fed90000 flags: 0x0
[    0.004000] DMAR: dmar0: reg_base_addr fed90000 ver 1:0 cap 1c0000c40660462 ecap 19e2ff0505e
[    0.004000] DMAR: DRHD base: 0x000000fed91000 flags: 0x1
[    0.004000] DMAR: dmar1: reg_base_addr fed91000 ver 1:0 cap d2008c40660462 ecap f050da
[    0.004000] DMAR: RMRR base: 0x000000bf81d000 end: 0x000000bf83cfff
[    0.004000] DMAR: RMRR base: 0x000000c4000000 end: 0x000000d47fffff
[    0.004000] DMAR: RMRR base: 0x000000bf86e000 end: 0x000000bf8edfff
[    0.004000] DMAR-IR: IOAPIC id 2 under DRHD base  0xfed91000 IOMMU 1
[    0.004000] DMAR-IR: HPET id 0 under DRHD base 0xfed91000
[    0.004000] DMAR-IR: Queued invalidation will be enabled to support x2apic and Intr-remapping.
[    0.004000] DMAR-IR: Enabled IRQ remapping in x2apic mode
[    0.004000] x2apic enabled
[    0.004000] Switched APIC routing to cluster x2apic.
[    0.016000] ..TIMER: vector=0x30 apic1=0 pin1=2 apic2=-1 pin2=-1
[    0.036000] tsc: Detected 3000.000 MHz processor
[    0.036000] Calibrating delay loop (skipped), value calculated using timer frequency.. 6000.00 BogoMIPS (lpj=12000000)
[    0.036000] pid_max: default: 32768 minimum: 301
[    0.036000] Security Framework initialized
[    0.036000] Yama: becoming mindful.
[    0.036000] AppArmor: AppArmor initialized
[    0.036000] Dentry cache hash table entries: 2097152 (order: 12, 16777216 bytes)
[    0.036000] Inode-cache hash table entries: 1048576 (order: 11, 8388608 bytes)
[    0.036000] Mount-cache hash table entries: 32768 (order: 6, 262144 bytes)
[    0.036000] Mountpoint-cache hash table entries: 32768 (order: 6, 262144 bytes)
[    0.036000] CPU: Physical Processor ID: 0
[    0.036000] CPU: Processor Core ID: 0
[    0.036000] ENERGY_PERF_BIAS: Set to 'normal', was 'performance'
[    0.036000] ENERGY_PERF_BIAS: View and update with x86_energy_perf_policy(8)
[    0.036000] mce: CPU supports 14 MCE banks
[    0.036000] CPU0: Thermal monitoring enabled (TM1)
[    0.036000] process: using mwait in idle threads
[    0.036000] Last level iTLB entries: 4KB 128, 2MB 8, 4MB 8
[    0.036000] Last level dTLB entries: 4KB 64, 2MB 0, 4MB 0, 1GB 4
[    0.036000] Spectre V2 : Mitigation: Full generic retpoline
[    0.036000] Spectre V2 : Spectre v2 mitigation: Filling RSB on context switch
[    0.036000] Spectre V2 : Spectre v2 mitigation: Enabling Indirect Branch Prediction Barrier
[    0.036000] Freeing SMP alternatives memory: 36K
[    0.041455] TSC deadline timer enabled
[    0.041466] smpboot: CPU0: Intel(R) Core(TM) i7-9700 CPU @ 3.00GHz (family: 0x6, model: 0x9e, stepping: 0xd)
[    0.041523] Performance Events: PEBS fmt3+, Skylake events, 32-deep LBR, full-width counters, Intel PMU driver.
[    0.041552] ... version:                4
[    0.041552] ... bit width:              48
[    0.041553] ... generic registers:      8
[    0.041553] ... value mask:             0000ffffffffffff
[    0.041554] ... max period:             00007fffffffffff
[    0.041554] ... fixed-purpose events:   3
[    0.041555] ... event mask:             00000007000000ff
[    0.041584] Hierarchical SRCU implementation.
[    0.042515] NMI watchdog: Enabled. Permanently consumes one hw-PMU counter.
[    0.042525] smp: Bringing up secondary CPUs ...
[    0.042584] x86: Booting SMP configuration:
[    0.042585] .... node  #0, CPUs:      #1 #2 #3 #4 #5 #6 #7
[    0.053437] smp: Brought up 1 node, 8 CPUs
[    0.053437] smpboot: Max logical packages: 1
[    0.053437] smpboot: Total of 8 processors activated (48000.00 BogoMIPS)
[    0.056288] devtmpfs: initialized
[    0.056288] x86/mm: Memory block size: 128MB
[    0.057016] evm: security.selinux
[    0.057016] evm: security.SMACK64
[    0.057017] evm: security.SMACK64EXEC
[    0.057017] evm: security.SMACK64TRANSMUTE
[    0.057018] evm: security.SMACK64MMAP
[    0.057018] evm: security.apparmor
[    0.057018] evm: security.ima
[    0.057019] evm: security.capability
[    0.057032] PM: Registering ACPI NVS region [mem 0xbf98f000-0xbfb8efff] (2097152 bytes)
[    0.057032] clocksource: jiffies: mask: 0xffffffff max_cycles: 0xffffffff, max_idle_ns: 7645041785100000 ns
[    0.057032] futex hash table entries: 2048 (order: 5, 131072 bytes)
[    0.057032] pinctrl core: initialized pinctrl subsystem
[    0.057032] drivers/base/bus.c 153 driver_register -- functionpoint
[    0.057032] drivers/base/bus.c 642 bus_add_driver -- functionpoint
[    0.057032] drivers/base/bus.c 649 bus_add_driver -- functionpoint -- bus: 'platform': add driver reg-dummy
[    0.057032] drivers/base/dd.c 369 really_probe -- functionpoint
[    0.057032] drivers/base/dd.c 392 really_probe -- functionpoint -- bus: 'platform': really_probe: probing driver reg-dummy with device reg-dummy
[    0.057032] drivers/base/dd.c 435 really_probe -- if drv->probe use drv->probe(dev) -- functionpoint
[    0.057032] RTC time:  3:07:12, date: 10/26/20
[    0.057032] NET: Registered protocol family 16
[    0.057032] audit: initializing netlink subsys (disabled)
[    0.057032] audit: type=2000 audit(1603681632.056:1): state=initialized audit_enabled=0 res=1
[    0.057032] drivers/base/bus.c 153 driver_register -- functionpoint
[    0.057032] drivers/base/bus.c 642 bus_add_driver -- functionpoint
[    0.057032] drivers/base/bus.c 649 bus_add_driver -- functionpoint -- bus: 'platform': add driver sram
[    0.057032] drivers/base/bus.c 153 driver_register -- functionpoint
[    0.057032] drivers/base/bus.c 642 bus_add_driver -- functionpoint
[    0.057032] drivers/base/bus.c 649 bus_add_driver -- functionpoint -- bus: 'platform': add driver syscon
[    0.057032] drivers/base/bus.c 153 driver_register -- functionpoint
[    0.057032] drivers/base/bus.c 642 bus_add_driver -- functionpoint
[    0.057032] drivers/base/bus.c 649 bus_add_driver -- functionpoint -- bus: 'i2c': add driver dummy
[    0.057032] cpuidle: using governor ladder
[    0.057032] cpuidle: using governor menu
[    0.057032] ACPI FADT declares the system doesn't support PCIe ASPM, so disable it
[    0.057032] ACPI: bus type PCI registered
[    0.057032] acpiphp: ACPI Hot Plug PCI Controller Driver version: 0.5
[    0.057032] arch/x86/pci/init.c 11 start pci_arch_init -- functionpoint
[    0.057032] PCI: MMCONFIG for domain 0000 [bus 00-3f] at [mem 0xf8000000-0xfbffffff] (base 0xf8000000)
[    0.057032] PCI: not using MMCONFIG
[    0.057032] PCI: Using configuration type 1 for base access
[    0.057032] arch/x86/pci/init.c 44 end pci_arch_init -- functionpoint
[    0.057118] HugeTLB registered 1.00 GiB page size, pre-allocated 0 pages
[    0.057118] HugeTLB registered 2.00 MiB page size, pre-allocated 0 pages
[    0.057119] drivers/base/bus.c 153 driver_register -- functionpoint
[    0.057119] drivers/base/bus.c 642 bus_add_driver -- functionpoint
[    0.057119] drivers/base/bus.c 649 bus_add_driver -- functionpoint -- bus: 'i2c': add driver sx150x-pinctrl
[    0.057119] drivers/base/bus.c 153 driver_register -- functionpoint
[    0.057119] drivers/base/bus.c 642 bus_add_driver -- functionpoint
[    0.057119] drivers/base/bus.c 649 bus_add_driver -- functionpoint -- bus: 'platform': add driver byt_gpio
[    0.057119] drivers/base/bus.c 153 driver_register -- functionpoint
[    0.057119] drivers/base/bus.c 642 bus_add_driver -- functionpoint
[    0.057119] drivers/base/bus.c 649 bus_add_driver -- functionpoint -- bus: 'platform': add driver cherryview-pinctrl
[    0.057119] drivers/base/bus.c 153 driver_register -- functionpoint
[    0.057119] drivers/base/bus.c 642 bus_add_driver -- functionpoint
[    0.057119] drivers/base/bus.c 649 bus_add_driver -- functionpoint -- bus: 'platform': add driver lp_gpio
[    0.057119] drivers/base/bus.c 153 driver_register -- functionpoint
[    0.057119] drivers/base/bus.c 642 bus_add_driver -- functionpoint
[    0.057119] drivers/base/bus.c 649 bus_add_driver -- functionpoint -- bus: 'platform': add driver rc5t583-gpio
[    0.057119] drivers/base/bus.c 153 driver_register -- functionpoint
[    0.057119] drivers/base/bus.c 642 bus_add_driver -- functionpoint
[    0.057119] drivers/base/bus.c 649 bus_add_driver -- functionpoint -- bus: 'platform': add driver palmas-gpio
[    0.057119] drivers/base/bus.c 153 driver_register -- functionpoint
[    0.057119] drivers/base/bus.c 642 bus_add_driver -- functionpoint
[    0.057119] drivers/base/bus.c 649 bus_add_driver -- functionpoint -- bus: 'platform': add driver tps6586x-gpio
[    0.057119] drivers/base/bus.c 153 driver_register -- functionpoint
[    0.057119] drivers/base/bus.c 642 bus_add_driver -- functionpoint
[    0.057119] drivers/base/bus.c 649 bus_add_driver -- functionpoint -- bus: 'platform': add driver tps65910-gpio
[    0.057119] ACPI: Added _OSI(Module Device)
[    0.057119] ACPI: Added _OSI(Processor Device)
[    0.057119] ACPI: Added _OSI(3.0 _SCP Extensions)
[    0.057119] ACPI: Added _OSI(Processor Aggregator Device)
[    0.061837] ACPI: Executed 30 blocks of module-level executable AML code
[    0.072037] ACPI: [Firmware Bug]: BIOS _OSI(Linux) query ignored
[    0.079895] ACPI: Dynamic OEM Table Load:
[    0.079906] ACPI: SSDT 0xFFFF9F9354FB3400 0000F4 (v02 PmRef  Cpu0Psd  00003000 INTL 20160527)
[    0.080145] ACPI: Executed 1 blocks of module-level executable AML code
[    0.080267] ACPI: \_SB_.PR00: _OSC native thermal LVT Acked
[    0.081222] ACPI: Dynamic OEM Table Load:
[    0.081228] ACPI: SSDT 0xFFFF9F9354FBF000 000400 (v02 PmRef  Cpu0Cst  00003001 INTL 20160527)
[    0.081457] ACPI: Executed 1 blocks of module-level executable AML code
[    0.081688] ACPI: Dynamic OEM Table Load:
[    0.081693] ACPI: SSDT 0xFFFF9F9354EF0000 000605 (v02 PmRef  Cpu0Ist  00003000 INTL 20160527)
[    0.081896] ACPI: Executed 1 blocks of module-level executable AML code
[    0.082088] ACPI: Dynamic OEM Table Load:
[    0.082092] ACPI: SSDT 0xFFFF9F9354F34800 000149 (v02 PmRef  Cpu0Hwp  00003000 INTL 20160527)
[    0.082284] ACPI: Executed 2 blocks of module-level executable AML code
[    0.082454] ACPI: Dynamic OEM Table Load:
[    0.082459] ACPI: SSDT 0xFFFF9F9354EF6800 000724 (v02 PmRef  HwpLvt   00003000 INTL 20160527)
[    0.082644] ACPI: Executed 1 blocks of module-level executable AML code
[    0.083137] ACPI: Dynamic OEM Table Load:
[    0.083142] ACPI: SSDT 0xFFFF9F9354EF3800 0005FC (v02 PmRef  ApIst    00003000 INTL 20160527)
[    0.083546] ACPI: Executed 1 blocks of module-level executable AML code
[    0.083740] ACPI: Dynamic OEM Table Load:
[    0.083744] ACPI: SSDT 0xFFFF9F9354FBB000 000317 (v02 PmRef  ApHwp    00003000 INTL 20160527)
[    0.084021] ACPI: Executed 1 blocks of module-level executable AML code
[    0.084338] ACPI: Dynamic OEM Table Load:
[    0.084343] ACPI: SSDT 0xFFFF9F9357146000 000AB0 (v02 PmRef  ApPsd    00003000 INTL 20160527)
[    0.085194] ACPI: Executed 1 blocks of module-level executable AML code
[    0.085390] ACPI: Dynamic OEM Table Load:
[    0.085395] ACPI: SSDT 0xFFFF9F9354FBAC00 00030A (v02 PmRef  ApCst    00003000 INTL 20160527)
[    0.085674] ACPI: Executed 1 blocks of module-level executable AML code
[    0.088603] ACPI: EC: EC started
[    0.088603] ACPI: EC: interrupt blocked
[    0.088619] ACPI: \_SB_.PCI0.LPCB.EC0_: Used as first EC
[    0.088621] ACPI: \_SB_.PCI0.LPCB.EC0_: GPE=0x6e, EC_CMD/EC_SC=0x66, EC_DATA=0x62
[    0.088622] ACPI: \_SB_.PCI0.LPCB.EC0_: Used as boot DSDT EC to handle transactions
[    0.088622] ACPI: Interpreter enabled
[    0.088671] ACPI: (supports S0 S3 S4 S5)
[    0.088672] ACPI: Using IOAPIC for interrupt routing
[    0.088711] PCI: MMCONFIG for domain 0000 [bus 00-3f] at [mem 0xf8000000-0xfbffffff] (base 0xf8000000)
[    0.091334] PCI: MMCONFIG at [mem 0xf8000000-0xfbffffff] reserved in ACPI motherboard resources
[    0.091339] drivers/acpi/pci_root.c 920 acpi_pci_root_init --functionpoint
[    0.091340] drivers/acpi/apei/hest.c 228 acpi_hest_init -- functionpoint
[    0.091344] PCI: Using host bridge windows from ACPI; if necessary, use "pci=nocrs" and report a bug
[    0.091735] drivers/base/bus.c 153 driver_register -- functionpoint
[    0.091736] drivers/base/bus.c 642 bus_add_driver -- functionpoint
[    0.091738] drivers/base/bus.c 649 bus_add_driver -- functionpoint -- bus: 'platform': add driver clk-lpt
[    0.091798] ACPI: Enabled 4 GPEs in block 00 to 7F
[    0.091800] drivers/acpi/scan.c 2010 acpi_bus_scan -- functionpoint
[    0.098691] ACPI: Power Resource [USBC] (on)
[    0.099512] ACPI: Power Resource [WRST] (on)
[    0.099919] ACPI: Power Resource [WRST] (on)
[    0.100320] ACPI: Power Resource [WRST] (on)
[    0.100723] ACPI: Power Resource [WRST] (on)
[    0.101131] ACPI: Power Resource [WRST] (on)
[    0.101528] ACPI: Power Resource [WRST] (on)
[    0.101928] ACPI: Power Resource [WRST] (on)
[    0.102331] ACPI: Power Resource [WRST] (on)
[    0.102733] ACPI: Power Resource [WRST] (on)
[    0.103130] ACPI: Power Resource [WRST] (on)
[    0.103529] ACPI: Power Resource [WRST] (on)
[    0.103929] ACPI: Power Resource [WRST] (on)
[    0.104329] ACPI: Power Resource [WRST] (on)
[    0.104728] ACPI: Power Resource [WRST] (on)
[    0.105135] ACPI: Power Resource [WRST] (on)
[    0.105531] ACPI: Power Resource [WRST] (on)
[    0.105930] ACPI: Power Resource [WRST] (on)
[    0.106335] ACPI: Power Resource [WRST] (on)
[    0.106741] ACPI: Power Resource [WRST] (on)
[    0.107150] ACPI: Power Resource [WRST] (on)
[    0.108853] ACPI: Power Resource [V0PR] (on)
[    0.109066] ACPI: Power Resource [V1PR] (on)
[    0.109273] ACPI: Power Resource [V2PR] (on)
[    0.113836] ACPI: Power Resource [WRST] (on)
[    0.116044] drivers/acpi/pci_root.c 528 acpi_pci_root_add -- functionpoint
[    0.116430] ACPI: PCI Root Bridge [PCI0] (domain 0000 [bus 00-3e])
[    0.116433] ACPI: drivers/acpi/pci_root.c 584 acpi_pci_root_add --  functionpoint -- PCI Root Bridge [PCI0] (domain 0000 [bus 00-3e])
[    0.116440] acpi PNP0A08:00: _OSC: OS supports [ExtendedConfig ASPM ClockPM Segments MSI]
[    0.119802] acpi PNP0A08:00: _OSC: OS now controls [PCIeHotplug PME AER PCIeCapability]
[    0.119803] acpi PNP0A08:00: FADT indicates ASPM is unsupported, using BIOS configuration
[    0.119816] arch/x86/pci/acpi.c 335 pci_acpi_scan_root -- functionpoint
[    0.119817] drivers/pci/search.c 144 pci_find_bus -- functionpoint
[    0.119820] drivers/pci/search.c 145 pci_find_bus functionpoint -- domain_num = 0, bus_num = 0
[    0.119823] drivers/pci/search.c 176 pci_find_next_bus -- functionpoint
[    0.119823] drivers/pci/search.c 157 pci_find_bus not found bus -- functionpoint
[    0.119836] drivers/acpi/pci_root.c 881 acpi_pci_root_create -- functionpoint
[    0.120219] drivers/pci/probe.c 2643 pci_create_root_bus -- functionpoint
[    0.120221] drivers/pci/probe.c 533 pci_alloc_host_bridge -- functionpoint
[    0.120223] drivers/pci/probe.c 765 pci_register_host_bridge -- functionpoint
[    0.120225] drivers/pci/search.c 144 pci_find_bus -- functionpoint
[    0.120227] drivers/pci/search.c 145 pci_find_bus functionpoint -- domain_num = 0, bus_num = 0
[    0.120230] drivers/pci/search.c 176 pci_find_next_bus -- functionpoint
[    0.120230] drivers/pci/search.c 157 pci_find_bus not found bus -- functionpoint
[    0.121278] drivers/pci/probe.c 2009 pci_bus_read_dev_vendor_id -- functionpoint
[    0.121293] drivers/pci/probe.c 2009 pci_bus_read_dev_vendor_id -- functionpoint
[    0.121308] drivers/pci/probe.c 2009 pci_bus_read_dev_vendor_id -- functionpoint
[    0.121331] drivers/pci/probe.c 2009 pci_bus_read_dev_vendor_id -- functionpoint
[    0.121341] drivers/pci/probe.c 2009 pci_bus_read_dev_vendor_id -- functionpoint
[    0.121356] drivers/pci/probe.c 2009 pci_bus_read_dev_vendor_id -- functionpoint
[    0.121364] drivers/pci/probe.c 2009 pci_bus_read_dev_vendor_id -- functionpoint
[    0.121376] drivers/pci/probe.c 2009 pci_bus_read_dev_vendor_id -- functionpoint
[    0.121390] drivers/pci/probe.c 2009 pci_bus_read_dev_vendor_id -- functionpoint
[    0.121395] drivers/pci/probe.c 2009 pci_bus_read_dev_vendor_id -- functionpoint
[    0.121406] drivers/pci/probe.c 2009 pci_bus_read_dev_vendor_id -- functionpoint
[    0.121454] drivers/pci/probe.c 2009 pci_bus_read_dev_vendor_id -- functionpoint
[    0.121507] drivers/pci/probe.c 2009 pci_bus_read_dev_vendor_id -- functionpoint
[    0.121559] drivers/pci/probe.c 2009 pci_bus_read_dev_vendor_id -- functionpoint
[    0.121610] drivers/pci/probe.c 2009 pci_bus_read_dev_vendor_id -- functionpoint
[    0.121662] drivers/pci/probe.c 2009 pci_bus_read_dev_vendor_id -- functionpoint
[    0.121714] drivers/pci/probe.c 2009 pci_bus_read_dev_vendor_id -- functionpoint
[    0.121765] drivers/pci/probe.c 2009 pci_bus_read_dev_vendor_id -- functionpoint
[    0.121813] drivers/pci/probe.c 2009 pci_bus_read_dev_vendor_id -- functionpoint
[    0.121866] drivers/pci/probe.c 2009 pci_bus_read_dev_vendor_id -- functionpoint
[    0.121918] drivers/pci/probe.c 2009 pci_bus_read_dev_vendor_id -- functionpoint
[    0.121970] drivers/pci/probe.c 2009 pci_bus_read_dev_vendor_id -- functionpoint
[    0.122022] drivers/pci/probe.c 2009 pci_bus_read_dev_vendor_id -- functionpoint
[    0.122074] drivers/pci/probe.c 2009 pci_bus_read_dev_vendor_id -- functionpoint
[    0.122126] drivers/pci/probe.c 2009 pci_bus_read_dev_vendor_id -- functionpoint
[    0.122178] drivers/pci/probe.c 2009 pci_bus_read_dev_vendor_id -- functionpoint
[    0.122230] drivers/pci/probe.c 2009 pci_bus_read_dev_vendor_id -- functionpoint
[    0.122283] drivers/pci/probe.c 2009 pci_bus_read_dev_vendor_id -- functionpoint
[    0.122335] drivers/pci/probe.c 2009 pci_bus_read_dev_vendor_id -- functionpoint
[    0.122387] drivers/pci/probe.c 2009 pci_bus_read_dev_vendor_id -- functionpoint
[    0.122439] drivers/pci/probe.c 2009 pci_bus_read_dev_vendor_id -- functionpoint
[    0.122491] drivers/pci/probe.c 2009 pci_bus_read_dev_vendor_id -- functionpoint
[    0.122540] drivers/pci/probe.c 2009 pci_bus_read_dev_vendor_id -- functionpoint
[    0.122592] drivers/pci/probe.c 2009 pci_bus_read_dev_vendor_id -- functionpoint
[    0.122644] drivers/pci/probe.c 2009 pci_bus_read_dev_vendor_id -- functionpoint
[    0.122660] drivers/pci/probe.c 2009 pci_bus_read_dev_vendor_id -- functionpoint
[    0.122677] drivers/pci/probe.c 2009 pci_bus_read_dev_vendor_id -- functionpoint
[    0.122692] drivers/pci/probe.c 2009 pci_bus_read_dev_vendor_id -- functionpoint
[    0.122703] drivers/pci/probe.c 2009 pci_bus_read_dev_vendor_id -- functionpoint
[    0.122716] drivers/pci/probe.c 2009 pci_bus_read_dev_vendor_id -- functionpoint
[    0.122722] drivers/pci/probe.c 2009 pci_bus_read_dev_vendor_id -- functionpoint
[    0.122729] drivers/pci/probe.c 2009 pci_bus_read_dev_vendor_id -- functionpoint
[    0.122737] PCI host bridge to bus 0000:00
[    0.122740] pci_bus 0000:00: root bus resource [io  0x0000-0x0cf7 window]
[    0.122741] pci_bus 0000:00: root bus resource [io  0x0d00-0xffff window]
[    0.122743] pci_bus 0000:00: root bus resource [mem 0x000a0000-0x000bffff window]
[    0.122744] pci_bus 0000:00: root bus resource [mem 0xd4800000-0xf7ffffff window]
[    0.122745] pci_bus 0000:00: root bus resource [mem 0x4000000000-0x7fffffffff window]
[    0.122746] pci_bus 0000:00: root bus resource [mem 0xfc800000-0xfe7fffff window]
[    0.122747] pci_bus 0000:00: root bus resource [bus 00-3e]
[    0.122748] drivers/pci/probe.c 2497 pci_scan_child_bus_extend -- functionpoint
[    0.122749] pci_bus 0000:00: drivers/pci/probe.c 2501 pci_scan_child_bus_extend-- functionpoint -- scanning bus
[    0.122752] drivers/pci/probe.c 2281 pci_scan_slot -- functionpoint
[    0.122753] drivers/pci/probe.c 2196 pci_scan_single_device -- functionpoint
[    0.122754] drivers/pci/search.c 206 pci_get_slot -- functionpoint
[    0.122756] drivers/pci/probe.c 2035 pci_scan_device -- functionpoint
[    0.122758] drivers/pci/probe.c 2009 pci_bus_read_dev_vendor_id -- functionpoint
[    0.122760] drivers/pci/probe.c 2048 pci_scan_device -- functionpoint -- dev_vendor: 8086, dev_device: 3e30
[    0.122763] drivers/pci/probe.c 1453 pci_setup_device -- functionpoint
[    0.122769] pci 0000:00:00.0: [8086:3e30] type 00 class 0x060000
[    0.122772] pci 0000:00:00.0: drivers/pci/probe.c 1482 pci_setup_device functionpoint -- [8086:3e30] type 00 class 0x060000 multifunction 00
[    0.122786] drivers/pci/probe.c 1513 pci_setup_device  switch case PCI_HEADER_TYPE_NORMAL -- functionpoint
[    0.122799] drivers/pci/probe.c 2145 pci_device_add -- functionpoint
[    0.123793] drivers/pci/probe.c 2288 pci_scan_slot -- functionpoint -- fn = 0, devfn = 0, fn+devfn = 0
[    0.123796] drivers/pci/probe.c 2220 next_fn -- functionpoint
[    0.123797] drivers/pci/probe.c 2281 pci_scan_slot -- functionpoint
[    0.123798] drivers/pci/probe.c 2196 pci_scan_single_device -- functionpoint
[    0.123800] drivers/pci/search.c 206 pci_get_slot -- functionpoint
[    0.123801] drivers/pci/probe.c 2035 pci_scan_device -- functionpoint
[    0.123803] drivers/pci/probe.c 2009 pci_bus_read_dev_vendor_id -- functionpoint
[    0.123815] drivers/pci/probe.c 2288 pci_scan_slot -- functionpoint -- fn = 0, devfn = 8, fn+devfn = 8
[    0.123818] drivers/pci/probe.c 2281 pci_scan_slot -- functionpoint
[    0.123818] drivers/pci/probe.c 2196 pci_scan_single_device -- functionpoint
[    0.123820] drivers/pci/search.c 206 pci_get_slot -- functionpoint
[    0.123821] drivers/pci/probe.c 2035 pci_scan_device -- functionpoint
[    0.123823] drivers/pci/probe.c 2009 pci_bus_read_dev_vendor_id -- functionpoint
[    0.123825] drivers/pci/probe.c 2048 pci_scan_device -- functionpoint -- dev_vendor: 8086, dev_device: 3e98
[    0.123828] drivers/pci/probe.c 1453 pci_setup_device -- functionpoint
[    0.123834] pci 0000:00:02.0: [8086:3e98] type 00 class 0x030000
[    0.123836] pci 0000:00:02.0: drivers/pci/probe.c 1482 pci_setup_device functionpoint -- [8086:3e98] type 00 class 0x030000 multifunction 00
[    0.123842] drivers/pci/probe.c 1513 pci_setup_device  switch case PCI_HEADER_TYPE_NORMAL -- functionpoint
[    0.123848] pci 0000:00:02.0: reg 0x10: [mem 0xf0000000-0xf0ffffff 64bit]
[    0.123854] pci 0000:00:02.0: reg 0x18: [mem 0xe0000000-0xefffffff 64bit pref]
[    0.123858] pci 0000:00:02.0: reg 0x20: [io  0x4000-0x403f]
[    0.123863] drivers/pci/probe.c 2145 pci_device_add -- functionpoint
[    0.123870] pci 0000:00:02.0: BAR 2: assigned to efifb
[    0.124889] drivers/pci/probe.c 2288 pci_scan_slot -- functionpoint -- fn = 0, devfn = 16, fn+devfn = 16
[    0.124892] drivers/pci/probe.c 2220 next_fn -- functionpoint
[    0.124892] drivers/pci/probe.c 2281 pci_scan_slot -- functionpoint
[    0.124893] drivers/pci/probe.c 2196 pci_scan_single_device -- functionpoint
[    0.124895] drivers/pci/search.c 206 pci_get_slot -- functionpoint
[    0.124897] drivers/pci/probe.c 2035 pci_scan_device -- functionpoint
[    0.124898] drivers/pci/probe.c 2009 pci_bus_read_dev_vendor_id -- functionpoint
[    0.124910] drivers/pci/probe.c 2288 pci_scan_slot -- functionpoint -- fn = 0, devfn = 24, fn+devfn = 24
[    0.124913] drivers/pci/probe.c 2281 pci_scan_slot -- functionpoint
[    0.124913] drivers/pci/probe.c 2196 pci_scan_single_device -- functionpoint
[    0.124915] drivers/pci/search.c 206 pci_get_slot -- functionpoint
[    0.124917] drivers/pci/probe.c 2035 pci_scan_device -- functionpoint
[    0.124918] drivers/pci/probe.c 2009 pci_bus_read_dev_vendor_id -- functionpoint
[    0.124935] drivers/pci/probe.c 2288 pci_scan_slot -- functionpoint -- fn = 0, devfn = 32, fn+devfn = 32
[    0.124938] drivers/pci/probe.c 2281 pci_scan_slot -- functionpoint
[    0.124939] drivers/pci/probe.c 2196 pci_scan_single_device -- functionpoint
[    0.124940] drivers/pci/search.c 206 pci_get_slot -- functionpoint
[    0.124942] drivers/pci/probe.c 2035 pci_scan_device -- functionpoint
[    0.124943] drivers/pci/probe.c 2009 pci_bus_read_dev_vendor_id -- functionpoint
[    0.124960] drivers/pci/probe.c 2288 pci_scan_slot -- functionpoint -- fn = 0, devfn = 40, fn+devfn = 40
[    0.124963] drivers/pci/probe.c 2281 pci_scan_slot -- functionpoint
[    0.124964] drivers/pci/probe.c 2196 pci_scan_single_device -- functionpoint
[    0.124965] drivers/pci/search.c 206 pci_get_slot -- functionpoint
[    0.124967] drivers/pci/probe.c 2035 pci_scan_device -- functionpoint
[    0.124968] drivers/pci/probe.c 2009 pci_bus_read_dev_vendor_id -- functionpoint
[    0.124985] drivers/pci/probe.c 2288 pci_scan_slot -- functionpoint -- fn = 0, devfn = 48, fn+devfn = 48
[    0.124989] drivers/pci/probe.c 2281 pci_scan_slot -- functionpoint
[    0.124989] drivers/pci/probe.c 2196 pci_scan_single_device -- functionpoint
[    0.124990] drivers/pci/search.c 206 pci_get_slot -- functionpoint
[    0.124992] drivers/pci/probe.c 2035 pci_scan_device -- functionpoint
[    0.124994] drivers/pci/probe.c 2009 pci_bus_read_dev_vendor_id -- functionpoint
[    0.125010] drivers/pci/probe.c 2288 pci_scan_slot -- functionpoint -- fn = 0, devfn = 56, fn+devfn = 56
[    0.125013] drivers/pci/probe.c 2281 pci_scan_slot -- functionpoint
[    0.125014] drivers/pci/probe.c 2196 pci_scan_single_device -- functionpoint
[    0.125015] drivers/pci/search.c 206 pci_get_slot -- functionpoint
[    0.125017] drivers/pci/probe.c 2035 pci_scan_device -- functionpoint
[    0.125018] drivers/pci/probe.c 2009 pci_bus_read_dev_vendor_id -- functionpoint
[    0.125035] drivers/pci/probe.c 2288 pci_scan_slot -- functionpoint -- fn = 0, devfn = 64, fn+devfn = 64
[    0.125038] drivers/pci/probe.c 2281 pci_scan_slot -- functionpoint
[    0.125039] drivers/pci/probe.c 2196 pci_scan_single_device -- functionpoint
[    0.125040] drivers/pci/search.c 206 pci_get_slot -- functionpoint
[    0.125042] drivers/pci/probe.c 2035 pci_scan_device -- functionpoint
[    0.125043] drivers/pci/probe.c 2009 pci_bus_read_dev_vendor_id -- functionpoint
[    0.125060] drivers/pci/probe.c 2288 pci_scan_slot -- functionpoint -- fn = 0, devfn = 72, fn+devfn = 72
[    0.125063] drivers/pci/probe.c 2281 pci_scan_slot -- functionpoint
[    0.125064] drivers/pci/probe.c 2196 pci_scan_single_device -- functionpoint
[    0.125065] drivers/pci/search.c 206 pci_get_slot -- functionpoint
[    0.125067] drivers/pci/probe.c 2035 pci_scan_device -- functionpoint
[    0.125068] drivers/pci/probe.c 2009 pci_bus_read_dev_vendor_id -- functionpoint
[    0.125085] drivers/pci/probe.c 2288 pci_scan_slot -- functionpoint -- fn = 0, devfn = 80, fn+devfn = 80
[    0.125088] drivers/pci/probe.c 2281 pci_scan_slot -- functionpoint
[    0.125089] drivers/pci/probe.c 2196 pci_scan_single_device -- functionpoint
[    0.125090] drivers/pci/search.c 206 pci_get_slot -- functionpoint
[    0.125092] drivers/pci/probe.c 2035 pci_scan_device -- functionpoint
[    0.125093] drivers/pci/probe.c 2009 pci_bus_read_dev_vendor_id -- functionpoint
[    0.125110] drivers/pci/probe.c 2288 pci_scan_slot -- functionpoint -- fn = 0, devfn = 88, fn+devfn = 88
[    0.125113] drivers/pci/probe.c 2281 pci_scan_slot -- functionpoint
[    0.125114] drivers/pci/probe.c 2196 pci_scan_single_device -- functionpoint
[    0.125115] drivers/pci/search.c 206 pci_get_slot -- functionpoint
[    0.125117] drivers/pci/probe.c 2035 pci_scan_device -- functionpoint
[    0.125118] drivers/pci/probe.c 2009 pci_bus_read_dev_vendor_id -- functionpoint
[    0.125135] drivers/pci/probe.c 2288 pci_scan_slot -- functionpoint -- fn = 0, devfn = 96, fn+devfn = 96
[    0.125138] drivers/pci/probe.c 2281 pci_scan_slot -- functionpoint
[    0.125139] drivers/pci/probe.c 2196 pci_scan_single_device -- functionpoint
[    0.125140] drivers/pci/search.c 206 pci_get_slot -- functionpoint
[    0.125142] drivers/pci/probe.c 2035 pci_scan_device -- functionpoint
[    0.125143] drivers/pci/probe.c 2009 pci_bus_read_dev_vendor_id -- functionpoint
[    0.125160] drivers/pci/probe.c 2288 pci_scan_slot -- functionpoint -- fn = 0, devfn = 104, fn+devfn = 104
[    0.125164] drivers/pci/probe.c 2281 pci_scan_slot -- functionpoint
[    0.125164] drivers/pci/probe.c 2196 pci_scan_single_device -- functionpoint
[    0.125165] drivers/pci/search.c 206 pci_get_slot -- functionpoint
[    0.125167] drivers/pci/probe.c 2035 pci_scan_device -- functionpoint
[    0.125168] drivers/pci/probe.c 2009 pci_bus_read_dev_vendor_id -- functionpoint
[    0.125185] drivers/pci/probe.c 2288 pci_scan_slot -- functionpoint -- fn = 0, devfn = 112, fn+devfn = 112
[    0.125188] drivers/pci/probe.c 2281 pci_scan_slot -- functionpoint
[    0.125189] drivers/pci/probe.c 2196 pci_scan_single_device -- functionpoint
[    0.125190] drivers/pci/search.c 206 pci_get_slot -- functionpoint
[    0.125192] drivers/pci/probe.c 2035 pci_scan_device -- functionpoint
[    0.125193] drivers/pci/probe.c 2009 pci_bus_read_dev_vendor_id -- functionpoint
[    0.125210] drivers/pci/probe.c 2288 pci_scan_slot -- functionpoint -- fn = 0, devfn = 120, fn+devfn = 120
[    0.125213] drivers/pci/probe.c 2281 pci_scan_slot -- functionpoint
[    0.125214] drivers/pci/probe.c 2196 pci_scan_single_device -- functionpoint
[    0.125215] drivers/pci/search.c 206 pci_get_slot -- functionpoint
[    0.125217] drivers/pci/probe.c 2035 pci_scan_device -- functionpoint
[    0.125218] drivers/pci/probe.c 2009 pci_bus_read_dev_vendor_id -- functionpoint
[    0.125235] drivers/pci/probe.c 2288 pci_scan_slot -- functionpoint -- fn = 0, devfn = 128, fn+devfn = 128
[    0.125238] drivers/pci/probe.c 2281 pci_scan_slot -- functionpoint
[    0.125239] drivers/pci/probe.c 2196 pci_scan_single_device -- functionpoint
[    0.125240] drivers/pci/search.c 206 pci_get_slot -- functionpoint
[    0.125242] drivers/pci/probe.c 2035 pci_scan_device -- functionpoint
[    0.125243] drivers/pci/probe.c 2009 pci_bus_read_dev_vendor_id -- functionpoint
[    0.125260] drivers/pci/probe.c 2288 pci_scan_slot -- functionpoint -- fn = 0, devfn = 136, fn+devfn = 136
[    0.125263] drivers/pci/probe.c 2281 pci_scan_slot -- functionpoint
[    0.125264] drivers/pci/probe.c 2196 pci_scan_single_device -- functionpoint
[    0.125265] drivers/pci/search.c 206 pci_get_slot -- functionpoint
[    0.125267] drivers/pci/probe.c 2035 pci_scan_device -- functionpoint
[    0.125268] drivers/pci/probe.c 2009 pci_bus_read_dev_vendor_id -- functionpoint
[    0.125273] drivers/pci/probe.c 2048 pci_scan_device -- functionpoint -- dev_vendor: 8086, dev_device: a379
[    0.125277] drivers/pci/probe.c 1453 pci_setup_device -- functionpoint
[    0.125288] pci 0000:00:12.0: [8086:a379] type 00 class 0x118000
[    0.125291] pci 0000:00:12.0: drivers/pci/probe.c 1482 pci_setup_device functionpoint -- [8086:a379] type 00 class 0x118000 multifunction 01
[    0.125305] drivers/pci/probe.c 1513 pci_setup_device  switch case PCI_HEADER_TYPE_NORMAL -- functionpoint
[    0.125323] pci 0000:00:12.0: reg 0x10: [mem 0x4000107000-0x4000107fff 64bit]
[    0.125367] drivers/pci/probe.c 2145 pci_device_add -- functionpoint
[    0.126392] drivers/pci/probe.c 2288 pci_scan_slot -- functionpoint -- fn = 0, devfn = 144, fn+devfn = 144
[    0.126395] drivers/pci/probe.c 2220 next_fn -- functionpoint
[    0.126396] drivers/pci/probe.c 2196 pci_scan_single_device -- functionpoint
[    0.126397] drivers/pci/search.c 206 pci_get_slot -- functionpoint
[    0.126399] drivers/pci/probe.c 2035 pci_scan_device -- functionpoint
[    0.126400] drivers/pci/probe.c 2009 pci_bus_read_dev_vendor_id -- functionpoint
[    0.126412] drivers/pci/probe.c 2298 pci_scan_slot -- functionpoint -- fn = 1, devfn = 144, fn+devfn = 145
[    0.126415] drivers/pci/probe.c 2220 next_fn -- functionpoint
[    0.126416] drivers/pci/probe.c 2196 pci_scan_single_device -- functionpoint
[    0.126417] drivers/pci/search.c 206 pci_get_slot -- functionpoint
[    0.126419] drivers/pci/probe.c 2035 pci_scan_device -- functionpoint
[    0.126420] drivers/pci/probe.c 2009 pci_bus_read_dev_vendor_id -- functionpoint
[    0.126438] drivers/pci/probe.c 2298 pci_scan_slot -- functionpoint -- fn = 2, devfn = 144, fn+devfn = 146
[    0.126441] drivers/pci/probe.c 2220 next_fn -- functionpoint
[    0.126441] drivers/pci/probe.c 2196 pci_scan_single_device -- functionpoint
[    0.126443] drivers/pci/search.c 206 pci_get_slot -- functionpoint
[    0.126444] drivers/pci/probe.c 2035 pci_scan_device -- functionpoint
[    0.126446] drivers/pci/probe.c 2009 pci_bus_read_dev_vendor_id -- functionpoint
[    0.126463] drivers/pci/probe.c 2298 pci_scan_slot -- functionpoint -- fn = 3, devfn = 144, fn+devfn = 147
[    0.126466] drivers/pci/probe.c 2220 next_fn -- functionpoint
[    0.126466] drivers/pci/probe.c 2196 pci_scan_single_device -- functionpoint
[    0.126468] drivers/pci/search.c 206 pci_get_slot -- functionpoint
[    0.126469] drivers/pci/probe.c 2035 pci_scan_device -- functionpoint
[    0.126471] drivers/pci/probe.c 2009 pci_bus_read_dev_vendor_id -- functionpoint
[    0.126488] drivers/pci/probe.c 2298 pci_scan_slot -- functionpoint -- fn = 4, devfn = 144, fn+devfn = 148
[    0.126491] drivers/pci/probe.c 2220 next_fn -- functionpoint
[    0.126491] drivers/pci/probe.c 2196 pci_scan_single_device -- functionpoint
[    0.126493] drivers/pci/search.c 206 pci_get_slot -- functionpoint
[    0.126495] drivers/pci/probe.c 2035 pci_scan_device -- functionpoint
[    0.126496] drivers/pci/probe.c 2009 pci_bus_read_dev_vendor_id -- functionpoint
[    0.126513] drivers/pci/probe.c 2298 pci_scan_slot -- functionpoint -- fn = 5, devfn = 144, fn+devfn = 149
[    0.126516] drivers/pci/probe.c 2220 next_fn -- functionpoint
[    0.126516] drivers/pci/probe.c 2196 pci_scan_single_device -- functionpoint
[    0.126518] drivers/pci/search.c 206 pci_get_slot -- functionpoint
[    0.126519] drivers/pci/probe.c 2035 pci_scan_device -- functionpoint
[    0.126521] drivers/pci/probe.c 2009 pci_bus_read_dev_vendor_id -- functionpoint
[    0.126532] drivers/pci/probe.c 2298 pci_scan_slot -- functionpoint -- fn = 6, devfn = 144, fn+devfn = 150
[    0.126535] drivers/pci/probe.c 2220 next_fn -- functionpoint
[    0.126536] drivers/pci/probe.c 2196 pci_scan_single_device -- functionpoint
[    0.126537] drivers/pci/search.c 206 pci_get_slot -- functionpoint
[    0.126539] drivers/pci/probe.c 2035 pci_scan_device -- functionpoint
[    0.126540] drivers/pci/probe.c 2009 pci_bus_read_dev_vendor_id -- functionpoint
[    0.126558] drivers/pci/probe.c 2298 pci_scan_slot -- functionpoint -- fn = 7, devfn = 144, fn+devfn = 151
[    0.126562] drivers/pci/probe.c 2220 next_fn -- functionpoint
[    0.126562] drivers/pci/probe.c 2281 pci_scan_slot -- functionpoint
[    0.126564] drivers/pci/probe.c 2196 pci_scan_single_device -- functionpoint
[    0.126565] drivers/pci/search.c 206 pci_get_slot -- functionpoint
[    0.126567] drivers/pci/probe.c 2035 pci_scan_device -- functionpoint
[    0.126568] drivers/pci/probe.c 2009 pci_bus_read_dev_vendor_id -- functionpoint
[    0.126578] drivers/pci/probe.c 2288 pci_scan_slot -- functionpoint -- fn = 0, devfn = 152, fn+devfn = 152
[    0.126581] drivers/pci/probe.c 2281 pci_scan_slot -- functionpoint
[    0.126582] drivers/pci/probe.c 2196 pci_scan_single_device -- functionpoint
[    0.126583] drivers/pci/search.c 206 pci_get_slot -- functionpoint
[    0.126585] drivers/pci/probe.c 2035 pci_scan_device -- functionpoint
[    0.126586] drivers/pci/probe.c 2009 pci_bus_read_dev_vendor_id -- functionpoint
[    0.126593] drivers/pci/probe.c 2048 pci_scan_device -- functionpoint -- dev_vendor: 8086, dev_device: a36d
[    0.126596] drivers/pci/probe.c 1453 pci_setup_device -- functionpoint
[    0.126609] pci 0000:00:14.0: [8086:a36d] type 00 class 0x0c0330
[    0.126611] pci 0000:00:14.0: drivers/pci/probe.c 1482 pci_setup_device functionpoint -- [8086:a36d] type 00 class 0x0c0330 multifunction 01
[    0.126627] drivers/pci/probe.c 1513 pci_setup_device  switch case PCI_HEADER_TYPE_NORMAL -- functionpoint
[    0.126647] pci 0000:00:14.0: reg 0x10: [mem 0xf1220000-0xf122ffff 64bit]
[    0.126703] drivers/pci/probe.c 2145 pci_device_add -- functionpoint
[    0.126751] pci 0000:00:14.0: PME# supported from D3hot D3cold
[    0.127812] drivers/pci/probe.c 2288 pci_scan_slot -- functionpoint -- fn = 0, devfn = 160, fn+devfn = 160
[    0.127814] drivers/pci/probe.c 2220 next_fn -- functionpoint
[    0.127815] drivers/pci/probe.c 2196 pci_scan_single_device -- functionpoint
[    0.127816] drivers/pci/search.c 206 pci_get_slot -- functionpoint
[    0.127818] drivers/pci/probe.c 2035 pci_scan_device -- functionpoint
[    0.127819] drivers/pci/probe.c 2009 pci_bus_read_dev_vendor_id -- functionpoint
[    0.127830] drivers/pci/probe.c 2298 pci_scan_slot -- functionpoint -- fn = 1, devfn = 160, fn+devfn = 161
[    0.127834] drivers/pci/probe.c 2220 next_fn -- functionpoint
[    0.127834] drivers/pci/probe.c 2196 pci_scan_single_device -- functionpoint
[    0.127835] drivers/pci/search.c 206 pci_get_slot -- functionpoint
[    0.127837] drivers/pci/probe.c 2035 pci_scan_device -- functionpoint
[    0.127839] drivers/pci/probe.c 2009 pci_bus_read_dev_vendor_id -- functionpoint
[    0.127851] drivers/pci/probe.c 2048 pci_scan_device -- functionpoint -- dev_vendor: 8086, dev_device: a36f
[    0.127854] drivers/pci/probe.c 1453 pci_setup_device -- functionpoint
[    0.127864] pci 0000:00:14.2: [8086:a36f] type 00 class 0x050000
[    0.127867] pci 0000:00:14.2: drivers/pci/probe.c 1482 pci_setup_device functionpoint -- [8086:a36f] type 00 class 0x050000 multifunction 00
[    0.127880] drivers/pci/probe.c 1513 pci_setup_device  switch case PCI_HEADER_TYPE_NORMAL -- functionpoint
[    0.127896] pci 0000:00:14.2: reg 0x10: [mem 0xf1232000-0xf1233fff 64bit]
[    0.127912] pci 0000:00:14.2: reg 0x18: [mem 0x4000106000-0x4000106fff 64bit]
[    0.127937] drivers/pci/probe.c 2145 pci_device_add -- functionpoint
[    0.128949] drivers/pci/probe.c 2298 pci_scan_slot -- functionpoint -- fn = 2, devfn = 160, fn+devfn = 162
[    0.128953] drivers/pci/probe.c 2220 next_fn -- functionpoint
[    0.128953] drivers/pci/probe.c 2196 pci_scan_single_device -- functionpoint
[    0.128955] drivers/pci/search.c 206 pci_get_slot -- functionpoint
[    0.128957] drivers/pci/probe.c 2035 pci_scan_device -- functionpoint
[    0.128958] drivers/pci/probe.c 2009 pci_bus_read_dev_vendor_id -- functionpoint
[    0.128964] drivers/pci/probe.c 2298 pci_scan_slot -- functionpoint -- fn = 3, devfn = 160, fn+devfn = 163
[    0.128967] drivers/pci/probe.c 2220 next_fn -- functionpoint
[    0.128968] drivers/pci/probe.c 2196 pci_scan_single_device -- functionpoint
[    0.128969] drivers/pci/search.c 206 pci_get_slot -- functionpoint
[    0.128971] drivers/pci/probe.c 2035 pci_scan_device -- functionpoint
[    0.128972] drivers/pci/probe.c 2009 pci_bus_read_dev_vendor_id -- functionpoint
[    0.128991] drivers/pci/probe.c 2298 pci_scan_slot -- functionpoint -- fn = 4, devfn = 160, fn+devfn = 164
[    0.128994] drivers/pci/probe.c 2220 next_fn -- functionpoint
[    0.128994] drivers/pci/probe.c 2196 pci_scan_single_device -- functionpoint
[    0.128996] drivers/pci/search.c 206 pci_get_slot -- functionpoint
[    0.128998] drivers/pci/probe.c 2035 pci_scan_device -- functionpoint
[    0.128999] drivers/pci/probe.c 2009 pci_bus_read_dev_vendor_id -- functionpoint
[    0.129016] drivers/pci/probe.c 2298 pci_scan_slot -- functionpoint -- fn = 5, devfn = 160, fn+devfn = 165
[    0.129019] drivers/pci/probe.c 2220 next_fn -- functionpoint
[    0.129019] drivers/pci/probe.c 2196 pci_scan_single_device -- functionpoint
[    0.129021] drivers/pci/search.c 206 pci_get_slot -- functionpoint
[    0.129023] drivers/pci/probe.c 2035 pci_scan_device -- functionpoint
[    0.129024] drivers/pci/probe.c 2009 pci_bus_read_dev_vendor_id -- functionpoint
[    0.129041] drivers/pci/probe.c 2298 pci_scan_slot -- functionpoint -- fn = 6, devfn = 160, fn+devfn = 166
[    0.129044] drivers/pci/probe.c 2220 next_fn -- functionpoint
[    0.129044] drivers/pci/probe.c 2196 pci_scan_single_device -- functionpoint
[    0.129046] drivers/pci/search.c 206 pci_get_slot -- functionpoint
[    0.129047] drivers/pci/probe.c 2035 pci_scan_device -- functionpoint
[    0.129049] drivers/pci/probe.c 2009 pci_bus_read_dev_vendor_id -- functionpoint
[    0.129066] drivers/pci/probe.c 2298 pci_scan_slot -- functionpoint -- fn = 7, devfn = 160, fn+devfn = 167
[    0.129069] drivers/pci/probe.c 2220 next_fn -- functionpoint
[    0.129069] drivers/pci/probe.c 2281 pci_scan_slot -- functionpoint
[    0.129071] drivers/pci/probe.c 2196 pci_scan_single_device -- functionpoint
[    0.129072] drivers/pci/search.c 206 pci_get_slot -- functionpoint
[    0.129074] drivers/pci/probe.c 2035 pci_scan_device -- functionpoint
[    0.129076] drivers/pci/probe.c 2009 pci_bus_read_dev_vendor_id -- functionpoint
[    0.129085] drivers/pci/probe.c 2288 pci_scan_slot -- functionpoint -- fn = 0, devfn = 168, fn+devfn = 168
[    0.129089] drivers/pci/probe.c 2281 pci_scan_slot -- functionpoint
[    0.129089] drivers/pci/probe.c 2196 pci_scan_single_device -- functionpoint
[    0.129091] drivers/pci/search.c 206 pci_get_slot -- functionpoint
[    0.129092] drivers/pci/probe.c 2035 pci_scan_device -- functionpoint
[    0.129094] drivers/pci/probe.c 2009 pci_bus_read_dev_vendor_id -- functionpoint
[    0.129105] drivers/pci/probe.c 2048 pci_scan_device -- functionpoint -- dev_vendor: 8086, dev_device: a360
[    0.129108] drivers/pci/probe.c 1453 pci_setup_device -- functionpoint
[    0.129121] pci 0000:00:16.0: [8086:a360] type 00 class 0x078000
[    0.129124] pci 0000:00:16.0: drivers/pci/probe.c 1482 pci_setup_device functionpoint -- [8086:a360] type 00 class 0x078000 multifunction 01
[    0.129139] drivers/pci/probe.c 1513 pci_setup_device  switch case PCI_HEADER_TYPE_NORMAL -- functionpoint
[    0.129157] pci 0000:00:16.0: reg 0x10: [mem 0x4000105000-0x4000105fff 64bit]
[    0.129198] drivers/pci/probe.c 2145 pci_device_add -- functionpoint
[    0.129247] pci 0000:00:16.0: PME# supported from D3hot
[    0.130293] drivers/pci/probe.c 2288 pci_scan_slot -- functionpoint -- fn = 0, devfn = 176, fn+devfn = 176
[    0.130295] drivers/pci/probe.c 2220 next_fn -- functionpoint
[    0.130296] drivers/pci/probe.c 2196 pci_scan_single_device -- functionpoint
[    0.130297] drivers/pci/search.c 206 pci_get_slot -- functionpoint
[    0.130299] drivers/pci/probe.c 2035 pci_scan_device -- functionpoint
[    0.130300] drivers/pci/probe.c 2009 pci_bus_read_dev_vendor_id -- functionpoint
[    0.130312] drivers/pci/probe.c 2298 pci_scan_slot -- functionpoint -- fn = 1, devfn = 176, fn+devfn = 177
[    0.130315] drivers/pci/probe.c 2220 next_fn -- functionpoint
[    0.130316] drivers/pci/probe.c 2196 pci_scan_single_device -- functionpoint
[    0.130317] drivers/pci/search.c 206 pci_get_slot -- functionpoint
[    0.130319] drivers/pci/probe.c 2035 pci_scan_device -- functionpoint
[    0.130320] drivers/pci/probe.c 2009 pci_bus_read_dev_vendor_id -- functionpoint
[    0.130337] drivers/pci/probe.c 2298 pci_scan_slot -- functionpoint -- fn = 2, devfn = 176, fn+devfn = 178
[    0.130340] drivers/pci/probe.c 2220 next_fn -- functionpoint
[    0.130341] drivers/pci/probe.c 2196 pci_scan_single_device -- functionpoint
[    0.130342] drivers/pci/search.c 206 pci_get_slot -- functionpoint
[    0.130344] drivers/pci/probe.c 2035 pci_scan_device -- functionpoint
[    0.130345] drivers/pci/probe.c 2009 pci_bus_read_dev_vendor_id -- functionpoint
[    0.130355] drivers/pci/probe.c 2048 pci_scan_device -- functionpoint -- dev_vendor: 8086, dev_device: a363
[    0.130359] drivers/pci/probe.c 1453 pci_setup_device -- functionpoint
[    0.130370] pci 0000:00:16.3: [8086:a363] type 00 class 0x070002
[    0.130372] pci 0000:00:16.3: drivers/pci/probe.c 1482 pci_setup_device functionpoint -- [8086:a363] type 00 class 0x070002 multifunction 01
[    0.130387] drivers/pci/probe.c 1513 pci_setup_device  switch case PCI_HEADER_TYPE_NORMAL -- functionpoint
[    0.130398] pci 0000:00:16.3: reg 0x10: [io  0x4088-0x408f]
[    0.130408] pci 0000:00:16.3: reg 0x14: [mem 0xf1237000-0xf1237fff]
[    0.130448] drivers/pci/probe.c 2145 pci_device_add -- functionpoint
[    0.131471] drivers/pci/probe.c 2298 pci_scan_slot -- functionpoint -- fn = 3, devfn = 176, fn+devfn = 179
[    0.131475] drivers/pci/probe.c 2220 next_fn -- functionpoint
[    0.131476] drivers/pci/probe.c 2196 pci_scan_single_device -- functionpoint
[    0.131477] drivers/pci/search.c 206 pci_get_slot -- functionpoint
[    0.131479] drivers/pci/probe.c 2035 pci_scan_device -- functionpoint
[    0.131480] drivers/pci/probe.c 2009 pci_bus_read_dev_vendor_id -- functionpoint
[    0.131500] drivers/pci/probe.c 2298 pci_scan_slot -- functionpoint -- fn = 4, devfn = 176, fn+devfn = 180
[    0.131503] drivers/pci/probe.c 2220 next_fn -- functionpoint
[    0.131503] drivers/pci/probe.c 2196 pci_scan_single_device -- functionpoint
[    0.131505] drivers/pci/search.c 206 pci_get_slot -- functionpoint
[    0.131507] drivers/pci/probe.c 2035 pci_scan_device -- functionpoint
[    0.131508] drivers/pci/probe.c 2009 pci_bus_read_dev_vendor_id -- functionpoint
[    0.131525] drivers/pci/probe.c 2298 pci_scan_slot -- functionpoint -- fn = 5, devfn = 176, fn+devfn = 181
[    0.131528] drivers/pci/probe.c 2220 next_fn -- functionpoint
[    0.131528] drivers/pci/probe.c 2196 pci_scan_single_device -- functionpoint
[    0.131530] drivers/pci/search.c 206 pci_get_slot -- functionpoint
[    0.131531] drivers/pci/probe.c 2035 pci_scan_device -- functionpoint
[    0.131533] drivers/pci/probe.c 2009 pci_bus_read_dev_vendor_id -- functionpoint
[    0.131542] drivers/pci/probe.c 2298 pci_scan_slot -- functionpoint -- fn = 6, devfn = 176, fn+devfn = 182
[    0.131545] drivers/pci/probe.c 2220 next_fn -- functionpoint
[    0.131545] drivers/pci/probe.c 2196 pci_scan_single_device -- functionpoint
[    0.131547] drivers/pci/search.c 206 pci_get_slot -- functionpoint
[    0.131548] drivers/pci/probe.c 2035 pci_scan_device -- functionpoint
[    0.131550] drivers/pci/probe.c 2009 pci_bus_read_dev_vendor_id -- functionpoint
[    0.131566] drivers/pci/probe.c 2298 pci_scan_slot -- functionpoint -- fn = 7, devfn = 176, fn+devfn = 183
[    0.131569] drivers/pci/probe.c 2220 next_fn -- functionpoint
[    0.131570] drivers/pci/probe.c 2281 pci_scan_slot -- functionpoint
[    0.131571] drivers/pci/probe.c 2196 pci_scan_single_device -- functionpoint
[    0.131573] drivers/pci/search.c 206 pci_get_slot -- functionpoint
[    0.131574] drivers/pci/probe.c 2035 pci_scan_device -- functionpoint
[    0.131576] drivers/pci/probe.c 2009 pci_bus_read_dev_vendor_id -- functionpoint
[    0.131587] drivers/pci/probe.c 2048 pci_scan_device -- functionpoint -- dev_vendor: 8086, dev_device: a352
[    0.131591] drivers/pci/probe.c 1453 pci_setup_device -- functionpoint
[    0.131603] pci 0000:00:17.0: [8086:a352] type 00 class 0x010601
[    0.131606] pci 0000:00:17.0: drivers/pci/probe.c 1482 pci_setup_device functionpoint -- [8086:a352] type 00 class 0x010601 multifunction 00
[    0.131621] drivers/pci/probe.c 1513 pci_setup_device  switch case PCI_HEADER_TYPE_NORMAL -- functionpoint
[    0.131636] pci 0000:00:17.0: reg 0x10: [mem 0xf1230000-0xf1231fff]
[    0.131649] pci 0000:00:17.0: reg 0x14: [mem 0xf1236000-0xf12360ff]
[    0.131660] pci 0000:00:17.0: reg 0x18: [io  0x4080-0x4087]
[    0.131671] pci 0000:00:17.0: reg 0x1c: [io  0x4090-0x4093]
[    0.131682] pci 0000:00:17.0: reg 0x20: [io  0x4060-0x407f]
[    0.131693] pci 0000:00:17.0: reg 0x24: [mem 0xf1235000-0xf12357ff]
[    0.131706] drivers/pci/probe.c 2145 pci_device_add -- functionpoint
[    0.131755] pci 0000:00:17.0: PME# supported from D3hot
[    0.132831] drivers/pci/probe.c 2288 pci_scan_slot -- functionpoint -- fn = 0, devfn = 184, fn+devfn = 184
[    0.132833] drivers/pci/probe.c 2220 next_fn -- functionpoint
[    0.132834] drivers/pci/probe.c 2281 pci_scan_slot -- functionpoint
[    0.132835] drivers/pci/probe.c 2196 pci_scan_single_device -- functionpoint
[    0.132837] drivers/pci/search.c 206 pci_get_slot -- functionpoint
[    0.132838] drivers/pci/probe.c 2035 pci_scan_device -- functionpoint
[    0.132840] drivers/pci/probe.c 2009 pci_bus_read_dev_vendor_id -- functionpoint
[    0.132851] drivers/pci/probe.c 2288 pci_scan_slot -- functionpoint -- fn = 0, devfn = 192, fn+devfn = 192
[    0.132855] drivers/pci/probe.c 2281 pci_scan_slot -- functionpoint
[    0.132855] drivers/pci/probe.c 2196 pci_scan_single_device -- functionpoint
[    0.132856] drivers/pci/search.c 206 pci_get_slot -- functionpoint
[    0.132858] drivers/pci/probe.c 2035 pci_scan_device -- functionpoint
[    0.132860] drivers/pci/probe.c 2009 pci_bus_read_dev_vendor_id -- functionpoint
[    0.132876] drivers/pci/probe.c 2288 pci_scan_slot -- functionpoint -- fn = 0, devfn = 200, fn+devfn = 200
[    0.132879] drivers/pci/probe.c 2281 pci_scan_slot -- functionpoint
[    0.132880] drivers/pci/probe.c 2196 pci_scan_single_device -- functionpoint
[    0.132881] drivers/pci/search.c 206 pci_get_slot -- functionpoint
[    0.132883] drivers/pci/probe.c 2035 pci_scan_device -- functionpoint
[    0.132884] drivers/pci/probe.c 2009 pci_bus_read_dev_vendor_id -- functionpoint
[    0.132901] drivers/pci/probe.c 2288 pci_scan_slot -- functionpoint -- fn = 0, devfn = 208, fn+devfn = 208
[    0.132905] drivers/pci/probe.c 2281 pci_scan_slot -- functionpoint
[    0.132905] drivers/pci/probe.c 2196 pci_scan_single_device -- functionpoint
[    0.132906] drivers/pci/search.c 206 pci_get_slot -- functionpoint
[    0.132908] drivers/pci/probe.c 2035 pci_scan_device -- functionpoint
[    0.132910] drivers/pci/probe.c 2009 pci_bus_read_dev_vendor_id -- functionpoint
[    0.132918] drivers/pci/probe.c 2048 pci_scan_device -- functionpoint -- dev_vendor: 8086, dev_device: a32c
[    0.132921] drivers/pci/probe.c 1453 pci_setup_device -- functionpoint
[    0.132934] pci 0000:00:1b.0: [8086:a32c] type 01 class 0x060400
[    0.132936] pci 0000:00:1b.0: drivers/pci/probe.c 1482 pci_setup_device functionpoint -- [8086:a32c] type 01 class 0x060400 multifunction 01
[    0.132957] drivers/pci/probe.c 1566 pci_setup_device switch case PCI_HEADER_TYPE_BRIDGE -- functionpoint
[    0.133003] drivers/pci/probe.c 2145 pci_device_add -- functionpoint
[    0.133087] pci 0000:00:1b.0: PME# supported from D0 D3hot D3cold
[    0.133122] pci 0000:00:1b.0: PTM enabled (root), 4dns granularity
[    0.134186] drivers/pci/probe.c 2288 pci_scan_slot -- functionpoint -- fn = 0, devfn = 216, fn+devfn = 216
[    0.134188] drivers/pci/probe.c 2220 next_fn -- functionpoint
[    0.134189] drivers/pci/probe.c 2196 pci_scan_single_device -- functionpoint
[    0.134190] drivers/pci/search.c 206 pci_get_slot -- functionpoint
[    0.134192] drivers/pci/probe.c 2035 pci_scan_device -- functionpoint
[    0.134193] drivers/pci/probe.c 2009 pci_bus_read_dev_vendor_id -- functionpoint
[    0.134205] drivers/pci/probe.c 2298 pci_scan_slot -- functionpoint -- fn = 1, devfn = 216, fn+devfn = 217
[    0.134208] drivers/pci/probe.c 2220 next_fn -- functionpoint
[    0.134209] drivers/pci/probe.c 2196 pci_scan_single_device -- functionpoint
[    0.134210] drivers/pci/search.c 206 pci_get_slot -- functionpoint
[    0.134212] drivers/pci/probe.c 2035 pci_scan_device -- functionpoint
[    0.134213] drivers/pci/probe.c 2009 pci_bus_read_dev_vendor_id -- functionpoint
[    0.134230] drivers/pci/probe.c 2298 pci_scan_slot -- functionpoint -- fn = 2, devfn = 216, fn+devfn = 218
[    0.134233] drivers/pci/probe.c 2220 next_fn -- functionpoint
[    0.134233] drivers/pci/probe.c 2196 pci_scan_single_device -- functionpoint
[    0.134235] drivers/pci/search.c 206 pci_get_slot -- functionpoint
[    0.134237] drivers/pci/probe.c 2035 pci_scan_device -- functionpoint
[    0.134238] drivers/pci/probe.c 2009 pci_bus_read_dev_vendor_id -- functionpoint
[    0.134255] drivers/pci/probe.c 2298 pci_scan_slot -- functionpoint -- fn = 3, devfn = 216, fn+devfn = 219
[    0.134258] drivers/pci/probe.c 2220 next_fn -- functionpoint
[    0.134259] drivers/pci/probe.c 2196 pci_scan_single_device -- functionpoint
[    0.134260] drivers/pci/search.c 206 pci_get_slot -- functionpoint
[    0.134262] drivers/pci/probe.c 2035 pci_scan_device -- functionpoint
[    0.134263] drivers/pci/probe.c 2009 pci_bus_read_dev_vendor_id -- functionpoint
[    0.134280] drivers/pci/probe.c 2298 pci_scan_slot -- functionpoint -- fn = 4, devfn = 216, fn+devfn = 220
[    0.134283] drivers/pci/probe.c 2220 next_fn -- functionpoint
[    0.134284] drivers/pci/probe.c 2196 pci_scan_single_device -- functionpoint
[    0.134285] drivers/pci/search.c 206 pci_get_slot -- functionpoint
[    0.134287] drivers/pci/probe.c 2035 pci_scan_device -- functionpoint
[    0.134288] drivers/pci/probe.c 2009 pci_bus_read_dev_vendor_id -- functionpoint
[    0.134305] drivers/pci/probe.c 2298 pci_scan_slot -- functionpoint -- fn = 5, devfn = 216, fn+devfn = 221
[    0.134308] drivers/pci/probe.c 2220 next_fn -- functionpoint
[    0.134309] drivers/pci/probe.c 2196 pci_scan_single_device -- functionpoint
[    0.134310] drivers/pci/search.c 206 pci_get_slot -- functionpoint
[    0.134312] drivers/pci/probe.c 2035 pci_scan_device -- functionpoint
[    0.134313] drivers/pci/probe.c 2009 pci_bus_read_dev_vendor_id -- functionpoint
[    0.134330] drivers/pci/probe.c 2298 pci_scan_slot -- functionpoint -- fn = 6, devfn = 216, fn+devfn = 222
[    0.134333] drivers/pci/probe.c 2220 next_fn -- functionpoint
[    0.134334] drivers/pci/probe.c 2196 pci_scan_single_device -- functionpoint
[    0.134335] drivers/pci/search.c 206 pci_get_slot -- functionpoint
[    0.134337] drivers/pci/probe.c 2035 pci_scan_device -- functionpoint
[    0.134338] drivers/pci/probe.c 2009 pci_bus_read_dev_vendor_id -- functionpoint
[    0.134355] drivers/pci/probe.c 2298 pci_scan_slot -- functionpoint -- fn = 7, devfn = 216, fn+devfn = 223
[    0.134358] drivers/pci/probe.c 2220 next_fn -- functionpoint
[    0.134359] drivers/pci/probe.c 2281 pci_scan_slot -- functionpoint
[    0.134360] drivers/pci/probe.c 2196 pci_scan_single_device -- functionpoint
[    0.134362] drivers/pci/search.c 206 pci_get_slot -- functionpoint
[    0.134363] drivers/pci/probe.c 2035 pci_scan_device -- functionpoint
[    0.134365] drivers/pci/probe.c 2009 pci_bus_read_dev_vendor_id -- functionpoint
[    0.134373] drivers/pci/probe.c 2048 pci_scan_device -- functionpoint -- dev_vendor: 8086, dev_device: a33e
[    0.134376] drivers/pci/probe.c 1453 pci_setup_device -- functionpoint
[    0.134389] pci 0000:00:1c.0: [8086:a33e] type 01 class 0x060400
[    0.134392] pci 0000:00:1c.0: drivers/pci/probe.c 1482 pci_setup_device functionpoint -- [8086:a33e] type 01 class 0x060400 multifunction 01
[    0.134412] drivers/pci/probe.c 1566 pci_setup_device switch case PCI_HEADER_TYPE_BRIDGE -- functionpoint
[    0.134458] drivers/pci/probe.c 2145 pci_device_add -- functionpoint
[    0.134540] pci 0000:00:1c.0: PME# supported from D0 D3hot D3cold
[    0.134577] pci 0000:00:1c.0: PTM enabled (root), 4dns granularity
[    0.135641] drivers/pci/probe.c 2288 pci_scan_slot -- functionpoint -- fn = 0, devfn = 224, fn+devfn = 224
[    0.135643] drivers/pci/probe.c 2220 next_fn -- functionpoint
[    0.135644] drivers/pci/probe.c 2196 pci_scan_single_device -- functionpoint
[    0.135645] drivers/pci/search.c 206 pci_get_slot -- functionpoint
[    0.135647] drivers/pci/probe.c 2035 pci_scan_device -- functionpoint
[    0.135648] drivers/pci/probe.c 2009 pci_bus_read_dev_vendor_id -- functionpoint
[    0.135660] drivers/pci/probe.c 2298 pci_scan_slot -- functionpoint -- fn = 1, devfn = 224, fn+devfn = 225
[    0.135663] drivers/pci/probe.c 2220 next_fn -- functionpoint
[    0.135664] drivers/pci/probe.c 2196 pci_scan_single_device -- functionpoint
[    0.135665] drivers/pci/search.c 206 pci_get_slot -- functionpoint
[    0.135667] drivers/pci/probe.c 2035 pci_scan_device -- functionpoint
[    0.135668] drivers/pci/probe.c 2009 pci_bus_read_dev_vendor_id -- functionpoint
[    0.135685] drivers/pci/probe.c 2298 pci_scan_slot -- functionpoint -- fn = 2, devfn = 224, fn+devfn = 226
[    0.135689] drivers/pci/probe.c 2220 next_fn -- functionpoint
[    0.135689] drivers/pci/probe.c 2196 pci_scan_single_device -- functionpoint
[    0.135690] drivers/pci/search.c 206 pci_get_slot -- functionpoint
[    0.135692] drivers/pci/probe.c 2035 pci_scan_device -- functionpoint
[    0.135694] drivers/pci/probe.c 2009 pci_bus_read_dev_vendor_id -- functionpoint
[    0.135710] drivers/pci/probe.c 2298 pci_scan_slot -- functionpoint -- fn = 3, devfn = 224, fn+devfn = 227
[    0.135714] drivers/pci/probe.c 2220 next_fn -- functionpoint
[    0.135714] drivers/pci/probe.c 2196 pci_scan_single_device -- functionpoint
[    0.135715] drivers/pci/search.c 206 pci_get_slot -- functionpoint
[    0.135717] drivers/pci/probe.c 2035 pci_scan_device -- functionpoint
[    0.135718] drivers/pci/probe.c 2009 pci_bus_read_dev_vendor_id -- functionpoint
[    0.135735] drivers/pci/probe.c 2298 pci_scan_slot -- functionpoint -- fn = 4, devfn = 224, fn+devfn = 228
[    0.135739] drivers/pci/probe.c 2220 next_fn -- functionpoint
[    0.135739] drivers/pci/probe.c 2196 pci_scan_single_device -- functionpoint
[    0.135740] drivers/pci/search.c 206 pci_get_slot -- functionpoint
[    0.135742] drivers/pci/probe.c 2035 pci_scan_device -- functionpoint
[    0.135743] drivers/pci/probe.c 2009 pci_bus_read_dev_vendor_id -- functionpoint
[    0.135760] drivers/pci/probe.c 2298 pci_scan_slot -- functionpoint -- fn = 5, devfn = 224, fn+devfn = 229
[    0.135764] drivers/pci/probe.c 2220 next_fn -- functionpoint
[    0.135764] drivers/pci/probe.c 2196 pci_scan_single_device -- functionpoint
[    0.135765] drivers/pci/search.c 206 pci_get_slot -- functionpoint
[    0.135767] drivers/pci/probe.c 2035 pci_scan_device -- functionpoint
[    0.135768] drivers/pci/probe.c 2009 pci_bus_read_dev_vendor_id -- functionpoint
[    0.135785] drivers/pci/probe.c 2298 pci_scan_slot -- functionpoint -- fn = 6, devfn = 224, fn+devfn = 230
[    0.135789] drivers/pci/probe.c 2220 next_fn -- functionpoint
[    0.135789] drivers/pci/probe.c 2196 pci_scan_single_device -- functionpoint
[    0.135790] drivers/pci/search.c 206 pci_get_slot -- functionpoint
[    0.135792] drivers/pci/probe.c 2035 pci_scan_device -- functionpoint
[    0.135793] drivers/pci/probe.c 2009 pci_bus_read_dev_vendor_id -- functionpoint
[    0.135810] drivers/pci/probe.c 2298 pci_scan_slot -- functionpoint -- fn = 7, devfn = 224, fn+devfn = 231
[    0.135813] drivers/pci/probe.c 2220 next_fn -- functionpoint
[    0.135814] drivers/pci/probe.c 2281 pci_scan_slot -- functionpoint
[    0.135815] drivers/pci/probe.c 2196 pci_scan_single_device -- functionpoint
[    0.135817] drivers/pci/search.c 206 pci_get_slot -- functionpoint
[    0.135819] drivers/pci/probe.c 2035 pci_scan_device -- functionpoint
[    0.135820] drivers/pci/probe.c 2009 pci_bus_read_dev_vendor_id -- functionpoint
[    0.135835] drivers/pci/probe.c 2288 pci_scan_slot -- functionpoint -- fn = 0, devfn = 232, fn+devfn = 232
[    0.135839] drivers/pci/probe.c 2281 pci_scan_slot -- functionpoint
[    0.135839] drivers/pci/probe.c 2196 pci_scan_single_device -- functionpoint
[    0.135840] drivers/pci/search.c 206 pci_get_slot -- functionpoint
[    0.135842] drivers/pci/probe.c 2035 pci_scan_device -- functionpoint
[    0.135844] drivers/pci/probe.c 2009 pci_bus_read_dev_vendor_id -- functionpoint
[    0.135855] drivers/pci/probe.c 2288 pci_scan_slot -- functionpoint -- fn = 0, devfn = 240, fn+devfn = 240
[    0.135858] drivers/pci/probe.c 2281 pci_scan_slot -- functionpoint
[    0.135858] drivers/pci/probe.c 2196 pci_scan_single_device -- functionpoint
[    0.135860] drivers/pci/search.c 206 pci_get_slot -- functionpoint
[    0.135861] drivers/pci/probe.c 2035 pci_scan_device -- functionpoint
[    0.135863] drivers/pci/probe.c 2009 pci_bus_read_dev_vendor_id -- functionpoint
[    0.135871] drivers/pci/probe.c 2048 pci_scan_device -- functionpoint -- dev_vendor: 8086, dev_device: a306
[    0.135874] drivers/pci/probe.c 1453 pci_setup_device -- functionpoint
[    0.135881] pci 0000:00:1f.0: [8086:a306] type 00 class 0x060100
[    0.135884] pci 0000:00:1f.0: drivers/pci/probe.c 1482 pci_setup_device functionpoint -- [8086:a306] type 00 class 0x060100 multifunction 01
[    0.135894] drivers/pci/probe.c 1513 pci_setup_device  switch case PCI_HEADER_TYPE_NORMAL -- functionpoint
[    0.135970] drivers/pci/probe.c 2145 pci_device_add -- functionpoint
[    0.136998] drivers/pci/probe.c 2288 pci_scan_slot -- functionpoint -- fn = 0, devfn = 248, fn+devfn = 248
[    0.137001] drivers/pci/probe.c 2220 next_fn -- functionpoint
[    0.137002] drivers/pci/probe.c 2196 pci_scan_single_device -- functionpoint
[    0.137003] drivers/pci/search.c 206 pci_get_slot -- functionpoint
[    0.137005] drivers/pci/probe.c 2035 pci_scan_device -- functionpoint
[    0.137006] drivers/pci/probe.c 2009 pci_bus_read_dev_vendor_id -- functionpoint
[    0.137018] drivers/pci/probe.c 2298 pci_scan_slot -- functionpoint -- fn = 1, devfn = 248, fn+devfn = 249
[    0.137021] drivers/pci/probe.c 2220 next_fn -- functionpoint
[    0.137021] drivers/pci/probe.c 2196 pci_scan_single_device -- functionpoint
[    0.137023] drivers/pci/search.c 206 pci_get_slot -- functionpoint
[    0.137024] drivers/pci/probe.c 2035 pci_scan_device -- functionpoint
[    0.137026] drivers/pci/probe.c 2009 pci_bus_read_dev_vendor_id -- functionpoint
[    0.137043] drivers/pci/probe.c 2298 pci_scan_slot -- functionpoint -- fn = 2, devfn = 248, fn+devfn = 250
[    0.137047] drivers/pci/probe.c 2220 next_fn -- functionpoint
[    0.137047] drivers/pci/probe.c 2196 pci_scan_single_device -- functionpoint
[    0.137048] drivers/pci/search.c 206 pci_get_slot -- functionpoint
[    0.137050] drivers/pci/probe.c 2035 pci_scan_device -- functionpoint
[    0.137052] drivers/pci/probe.c 2009 pci_bus_read_dev_vendor_id -- functionpoint
[    0.137064] drivers/pci/probe.c 2048 pci_scan_device -- functionpoint -- dev_vendor: 8086, dev_device: a348
[    0.137067] drivers/pci/probe.c 1453 pci_setup_device -- functionpoint
[    0.137094] pci 0000:00:1f.3: [8086:a348] type 00 class 0x040300
[    0.137097] pci 0000:00:1f.3: drivers/pci/probe.c 1482 pci_setup_device functionpoint -- [8086:a348] type 00 class 0x040300 multifunction 00
[    0.137131] drivers/pci/probe.c 1513 pci_setup_device  switch case PCI_HEADER_TYPE_NORMAL -- functionpoint
[    0.137172] pci 0000:00:1f.3: reg 0x10: [mem 0x4000100000-0x4000103fff 64bit]
[    0.137241] pci 0000:00:1f.3: reg 0x20: [mem 0x4000000000-0x40000fffff 64bit]
[    0.137264] drivers/pci/probe.c 2145 pci_device_add -- functionpoint
[    0.137373] pci 0000:00:1f.3: PME# supported from D3hot D3cold
[    0.138496] drivers/pci/probe.c 2298 pci_scan_slot -- functionpoint -- fn = 3, devfn = 248, fn+devfn = 251
[    0.138498] drivers/pci/probe.c 2220 next_fn -- functionpoint
[    0.138499] drivers/pci/probe.c 2196 pci_scan_single_device -- functionpoint
[    0.138500] drivers/pci/search.c 206 pci_get_slot -- functionpoint
[    0.138502] drivers/pci/probe.c 2035 pci_scan_device -- functionpoint
[    0.138504] drivers/pci/probe.c 2009 pci_bus_read_dev_vendor_id -- functionpoint
[    0.138516] drivers/pci/probe.c 2048 pci_scan_device -- functionpoint -- dev_vendor: 8086, dev_device: a323
[    0.138519] drivers/pci/probe.c 1453 pci_setup_device -- functionpoint
[    0.138539] pci 0000:00:1f.4: [8086:a323] type 00 class 0x0c0500
[    0.138542] pci 0000:00:1f.4: drivers/pci/probe.c 1482 pci_setup_device functionpoint -- [8086:a323] type 00 class 0x0c0500 multifunction 00
[    0.138567] drivers/pci/probe.c 1513 pci_setup_device  switch case PCI_HEADER_TYPE_NORMAL -- functionpoint
[    0.138605] pci 0000:00:1f.4: reg 0x10: [mem 0x4000104000-0x40001040ff 64bit]
[    0.138666] pci 0000:00:1f.4: reg 0x20: [io  0xefa0-0xefbf]
[    0.138714] drivers/pci/probe.c 2145 pci_device_add -- functionpoint
[    0.139757] drivers/pci/probe.c 2298 pci_scan_slot -- functionpoint -- fn = 4, devfn = 248, fn+devfn = 252
[    0.139760] drivers/pci/probe.c 2220 next_fn -- functionpoint
[    0.139761] drivers/pci/probe.c 2196 pci_scan_single_device -- functionpoint
[    0.139762] drivers/pci/search.c 206 pci_get_slot -- functionpoint
[    0.139764] drivers/pci/probe.c 2035 pci_scan_device -- functionpoint
[    0.139766] drivers/pci/probe.c 2009 pci_bus_read_dev_vendor_id -- functionpoint
[    0.139776] drivers/pci/probe.c 2048 pci_scan_device -- functionpoint -- dev_vendor: 8086, dev_device: a324
[    0.139779] drivers/pci/probe.c 1453 pci_setup_device -- functionpoint
[    0.139786] pci 0000:00:1f.5: [8086:a324] type 00 class 0x0c8000
[    0.139788] pci 0000:00:1f.5: drivers/pci/probe.c 1482 pci_setup_device functionpoint -- [8086:a324] type 00 class 0x0c8000 multifunction 00
[    0.139798] drivers/pci/probe.c 1513 pci_setup_device  switch case PCI_HEADER_TYPE_NORMAL -- functionpoint
[    0.139811] pci 0000:00:1f.5: reg 0x10: [mem 0xfe010000-0xfe010fff]
[    0.139877] drivers/pci/probe.c 2145 pci_device_add -- functionpoint
[    0.140866] drivers/pci/probe.c 2298 pci_scan_slot -- functionpoint -- fn = 5, devfn = 248, fn+devfn = 253
[    0.140869] drivers/pci/probe.c 2220 next_fn -- functionpoint
[    0.140870] drivers/pci/probe.c 2196 pci_scan_single_device -- functionpoint
[    0.140871] drivers/pci/search.c 206 pci_get_slot -- functionpoint
[    0.140873] drivers/pci/probe.c 2035 pci_scan_device -- functionpoint
[    0.140874] drivers/pci/probe.c 2009 pci_bus_read_dev_vendor_id -- functionpoint
[    0.140883] drivers/pci/probe.c 2048 pci_scan_device -- functionpoint -- dev_vendor: 8086, dev_device: 15bb
[    0.140886] drivers/pci/probe.c 1453 pci_setup_device -- functionpoint
[    0.140903] pci 0000:00:1f.6: [8086:15bb] type 00 class 0x020000
[    0.140906] pci 0000:00:1f.6: drivers/pci/probe.c 1482 pci_setup_device functionpoint -- [8086:15bb] type 00 class 0x020000 multifunction 00
[    0.140921] drivers/pci/search.c 206 pci_get_slot -- functionpoint
[    0.140935] drivers/pci/probe.c 1513 pci_setup_device  switch case PCI_HEADER_TYPE_NORMAL -- functionpoint
[    0.140954] pci 0000:00:1f.6: reg 0x10: [mem 0xf1200000-0xf121ffff]
[    0.141079] drivers/pci/probe.c 2145 pci_device_add -- functionpoint
[    0.141143] pci 0000:00:1f.6: PME# supported from D0 D3hot D3cold
[    0.142139] drivers/pci/probe.c 2298 pci_scan_slot -- functionpoint -- fn = 6, devfn = 248, fn+devfn = 254
[    0.142141] drivers/pci/probe.c 2220 next_fn -- functionpoint
[    0.142142] drivers/pci/probe.c 2196 pci_scan_single_device -- functionpoint
[    0.142143] drivers/pci/search.c 206 pci_get_slot -- functionpoint
[    0.142145] drivers/pci/probe.c 2035 pci_scan_device -- functionpoint
[    0.142147] drivers/pci/probe.c 2009 pci_bus_read_dev_vendor_id -- functionpoint
[    0.142155] drivers/pci/probe.c 2298 pci_scan_slot -- functionpoint -- fn = 7, devfn = 248, fn+devfn = 255
[    0.142159] drivers/pci/probe.c 2220 next_fn -- functionpoint
[    0.142159] drivers/pci/probe.c 463 pci_read_bridge_bases -- functionpoint
[    0.142161] drivers/pci/probe.c 1002 pci_scan_bridge_extend -- functionpoint
[    0.142165] pci 0000:00:1b.0: drivers/pci/probe.c 1016 pci_scan_bridge_extend -- functionpoint -- scanning [bus 01-01] behind bridge, pass 0
[    0.142171] drivers/pci/search.c 144 pci_find_bus -- functionpoint
[    0.142172] drivers/pci/search.c 145 pci_find_bus functionpoint -- domain_num = 0, bus_num = 1
[    0.142175] drivers/pci/search.c 176 pci_find_next_bus -- functionpoint
[    0.142175] drivers/pci/search.c 176 pci_find_next_bus -- functionpoint
[    0.142177] drivers/pci/search.c 157 pci_find_bus not found bus -- functionpoint
[    0.142225] drivers/pci/probe.c 2009 pci_bus_read_dev_vendor_id -- functionpoint
[    0.142242] drivers/pci/probe.c 2497 pci_scan_child_bus_extend -- functionpoint
[    0.142245] pci_bus 0000:01: drivers/pci/probe.c 2501 pci_scan_child_bus_extend-- functionpoint -- scanning bus
[    0.142248] drivers/pci/probe.c 2281 pci_scan_slot -- functionpoint
[    0.142249] drivers/pci/probe.c 2196 pci_scan_single_device -- functionpoint
[    0.142250] drivers/pci/search.c 206 pci_get_slot -- functionpoint
[    0.142252] drivers/pci/probe.c 2035 pci_scan_device -- functionpoint
[    0.142253] drivers/pci/probe.c 2009 pci_bus_read_dev_vendor_id -- functionpoint
[    0.142257] drivers/pci/probe.c 2048 pci_scan_device -- functionpoint -- dev_vendor: 1c5c, dev_device: 1339
[    0.142260] drivers/pci/probe.c 1453 pci_setup_device -- functionpoint
[    0.142274] pci 0000:01:00.0: [1c5c:1339] type 00 class 0x010802
[    0.142277] pci 0000:01:00.0: drivers/pci/probe.c 1482 pci_setup_device functionpoint -- [1c5c:1339] type 00 class 0x010802 multifunction 00
[    0.142302] drivers/pci/probe.c 1513 pci_setup_device  switch case PCI_HEADER_TYPE_NORMAL -- functionpoint
[    0.142323] pci 0000:01:00.0: reg 0x10: [mem 0xf1100000-0xf1103fff 64bit]
[    0.142370] drivers/pci/probe.c 2145 pci_device_add -- functionpoint
[    0.142459] pci 0000:01:00.0: supports D1
[    0.142462] pci 0000:01:00.0: PME# supported from D0 D1 D3hot
[    0.142541] drivers/pci/probe.c 2288 pci_scan_slot -- functionpoint -- fn = 0, devfn = 0, fn+devfn = 0
[    0.142544] drivers/pci/probe.c 2220 next_fn -- functionpoint
[    0.152073] drivers/pci/probe.c 2281 pci_scan_slot -- functionpoint
[    0.152075] drivers/pci/probe.c 2281 pci_scan_slot -- functionpoint
[    0.152076] drivers/pci/probe.c 2281 pci_scan_slot -- functionpoint
[    0.152078] drivers/pci/probe.c 2281 pci_scan_slot -- functionpoint
[    0.152079] drivers/pci/probe.c 2281 pci_scan_slot -- functionpoint
[    0.152081] drivers/pci/probe.c 2281 pci_scan_slot -- functionpoint
[    0.152082] drivers/pci/probe.c 2281 pci_scan_slot -- functionpoint
[    0.152084] drivers/pci/probe.c 2281 pci_scan_slot -- functionpoint
[    0.152085] drivers/pci/probe.c 2281 pci_scan_slot -- functionpoint
[    0.152087] drivers/pci/probe.c 2281 pci_scan_slot -- functionpoint
[    0.152088] drivers/pci/probe.c 2281 pci_scan_slot -- functionpoint
[    0.152090] drivers/pci/probe.c 2281 pci_scan_slot -- functionpoint
[    0.152091] drivers/pci/probe.c 2281 pci_scan_slot -- functionpoint
[    0.152093] drivers/pci/probe.c 2281 pci_scan_slot -- functionpoint
[    0.152094] drivers/pci/probe.c 2281 pci_scan_slot -- functionpoint
[    0.152096] drivers/pci/probe.c 2281 pci_scan_slot -- functionpoint
[    0.152097] drivers/pci/probe.c 2281 pci_scan_slot -- functionpoint
[    0.152099] drivers/pci/probe.c 2281 pci_scan_slot -- functionpoint
[    0.152100] drivers/pci/probe.c 2281 pci_scan_slot -- functionpoint
[    0.152102] drivers/pci/probe.c 2281 pci_scan_slot -- functionpoint
[    0.152103] drivers/pci/probe.c 2281 pci_scan_slot -- functionpoint
[    0.152105] drivers/pci/probe.c 2281 pci_scan_slot -- functionpoint
[    0.152106] drivers/pci/probe.c 2281 pci_scan_slot -- functionpoint
[    0.152108] drivers/pci/probe.c 2281 pci_scan_slot -- functionpoint
[    0.152109] drivers/pci/probe.c 2281 pci_scan_slot -- functionpoint
[    0.152110] drivers/pci/probe.c 2281 pci_scan_slot -- functionpoint
[    0.152112] drivers/pci/probe.c 2281 pci_scan_slot -- functionpoint
[    0.152113] drivers/pci/probe.c 2281 pci_scan_slot -- functionpoint
[    0.152115] drivers/pci/probe.c 2281 pci_scan_slot -- functionpoint
[    0.152116] drivers/pci/probe.c 2281 pci_scan_slot -- functionpoint
[    0.152118] drivers/pci/probe.c 2281 pci_scan_slot -- functionpoint
[    0.152120] drivers/pci/probe.c 463 pci_read_bridge_bases -- functionpoint
[    0.152122] pci 0000:00:1b.0: PCI bridge to [bus 01]
[    0.152135] pci 0000:00:1b.0:   bridge window [mem 0xf1100000-0xf11fffff]
[    0.152142] pci_bus 0000:01: drivers/pci/probe.c 2599 pci_scan_child_bus_extend -- functionpoint -- bus scan returning with max=01
[    0.152146] drivers/pci/probe.c 1002 pci_scan_bridge_extend -- functionpoint
[    0.152149] pci 0000:00:1c.0: drivers/pci/probe.c 1016 pci_scan_bridge_extend -- functionpoint -- scanning [bus 02-03] behind bridge, pass 0
[    0.152157] drivers/pci/search.c 144 pci_find_bus -- functionpoint
[    0.152157] drivers/pci/search.c 145 pci_find_bus functionpoint -- domain_num = 0, bus_num = 2
[    0.152160] drivers/pci/search.c 176 pci_find_next_bus -- functionpoint
[    0.152161] drivers/pci/search.c 176 pci_find_next_bus -- functionpoint
[    0.152162] drivers/pci/search.c 157 pci_find_bus not found bus -- functionpoint
[    0.152217] drivers/pci/probe.c 2009 pci_bus_read_dev_vendor_id -- functionpoint
[    0.152231] drivers/pci/probe.c 2497 pci_scan_child_bus_extend -- functionpoint
[    0.152233] pci_bus 0000:02: drivers/pci/probe.c 2501 pci_scan_child_bus_extend-- functionpoint -- scanning bus
[    0.152237] drivers/pci/probe.c 2281 pci_scan_slot -- functionpoint
[    0.152237] drivers/pci/probe.c 2196 pci_scan_single_device -- functionpoint
[    0.152239] drivers/pci/search.c 206 pci_get_slot -- functionpoint
[    0.152240] drivers/pci/probe.c 2035 pci_scan_device -- functionpoint
[    0.152242] drivers/pci/probe.c 2009 pci_bus_read_dev_vendor_id -- functionpoint
[    0.152254] drivers/pci/probe.c 2048 pci_scan_device -- functionpoint -- dev_vendor: 1283, dev_device: 8893
[    0.152257] drivers/pci/probe.c 1453 pci_setup_device -- functionpoint
[    0.152295] pci 0000:02:00.0: [1283:8893] type 01 class 0x060401
[    0.152298] pci 0000:02:00.0: drivers/pci/probe.c 1482 pci_setup_device functionpoint -- [1283:8893] type 01 class 0x060401 multifunction 00
[    0.152355] drivers/pci/probe.c 1566 pci_setup_device switch case PCI_HEADER_TYPE_BRIDGE -- functionpoint
[    0.152551] drivers/pci/probe.c 2145 pci_device_add -- functionpoint
[    0.152722] pci 0000:02:00.0: supports D1 D2
[    0.152725] pci 0000:02:00.0: PME# supported from D0 D1 D2 D3hot D3cold
[    0.152839] drivers/pci/probe.c 2288 pci_scan_slot -- functionpoint -- fn = 0, devfn = 0, fn+devfn = 0
[    0.152841] drivers/pci/probe.c 2220 next_fn -- functionpoint
[    0.152849] drivers/pci/probe.c 2281 pci_scan_slot -- functionpoint
[    0.152851] drivers/pci/probe.c 2281 pci_scan_slot -- functionpoint
[    0.152852] drivers/pci/probe.c 2281 pci_scan_slot -- functionpoint
[    0.152854] drivers/pci/probe.c 2281 pci_scan_slot -- functionpoint
[    0.152855] drivers/pci/probe.c 2281 pci_scan_slot -- functionpoint
[    0.152857] drivers/pci/probe.c 2281 pci_scan_slot -- functionpoint
[    0.152858] drivers/pci/probe.c 2281 pci_scan_slot -- functionpoint
[    0.152860] drivers/pci/probe.c 2281 pci_scan_slot -- functionpoint
[    0.152861] drivers/pci/probe.c 2281 pci_scan_slot -- functionpoint
[    0.152863] drivers/pci/probe.c 2281 pci_scan_slot -- functionpoint
[    0.152864] drivers/pci/probe.c 2281 pci_scan_slot -- functionpoint
[    0.152866] drivers/pci/probe.c 2281 pci_scan_slot -- functionpoint
[    0.152867] drivers/pci/probe.c 2281 pci_scan_slot -- functionpoint
[    0.152869] drivers/pci/probe.c 2281 pci_scan_slot -- functionpoint
[    0.152870] drivers/pci/probe.c 2281 pci_scan_slot -- functionpoint
[    0.152872] drivers/pci/probe.c 2281 pci_scan_slot -- functionpoint
[    0.152873] drivers/pci/probe.c 2281 pci_scan_slot -- functionpoint
[    0.152875] drivers/pci/probe.c 2281 pci_scan_slot -- functionpoint
[    0.152876] drivers/pci/probe.c 2281 pci_scan_slot -- functionpoint
[    0.152878] drivers/pci/probe.c 2281 pci_scan_slot -- functionpoint
[    0.152879] drivers/pci/probe.c 2281 pci_scan_slot -- functionpoint
[    0.152881] drivers/pci/probe.c 2281 pci_scan_slot -- functionpoint
[    0.152882] drivers/pci/probe.c 2281 pci_scan_slot -- functionpoint
[    0.152884] drivers/pci/probe.c 2281 pci_scan_slot -- functionpoint
[    0.152885] drivers/pci/probe.c 2281 pci_scan_slot -- functionpoint
[    0.152887] drivers/pci/probe.c 2281 pci_scan_slot -- functionpoint
[    0.152888] drivers/pci/probe.c 2281 pci_scan_slot -- functionpoint
[    0.152890] drivers/pci/probe.c 2281 pci_scan_slot -- functionpoint
[    0.152891] drivers/pci/probe.c 2281 pci_scan_slot -- functionpoint
[    0.152893] drivers/pci/probe.c 2281 pci_scan_slot -- functionpoint
[    0.152894] drivers/pci/probe.c 2281 pci_scan_slot -- functionpoint
[    0.152896] drivers/pci/probe.c 463 pci_read_bridge_bases -- functionpoint
[    0.152898] pci 0000:00:1c.0: PCI bridge to [bus 02-03]
[    0.152908] pci 0000:00:1c.0:   bridge window [io  0x3000-0x3fff]
[    0.152912] pci 0000:00:1c.0:   bridge window [mem 0xf1000000-0xf10fffff]
[    0.152918] drivers/pci/probe.c 1002 pci_scan_bridge_extend -- functionpoint
[    0.152922] pci 0000:02:00.0: drivers/pci/probe.c 1016 pci_scan_bridge_extend -- functionpoint -- scanning [bus 03-03] behind bridge, pass 0
[    0.152932] drivers/pci/search.c 144 pci_find_bus -- functionpoint
[    0.152932] drivers/pci/search.c 145 pci_find_bus functionpoint -- domain_num = 0, bus_num = 3
[    0.152935] drivers/pci/search.c 176 pci_find_next_bus -- functionpoint
[    0.152936] drivers/pci/search.c 176 pci_find_next_bus -- functionpoint
[    0.152937] drivers/pci/search.c 157 pci_find_bus not found bus -- functionpoint
[    0.152990] drivers/pci/probe.c 2497 pci_scan_child_bus_extend -- functionpoint
[    0.152993] pci_bus 0000:03: drivers/pci/probe.c 2501 pci_scan_child_bus_extend-- functionpoint -- scanning bus
[    0.152996] drivers/pci/probe.c 2281 pci_scan_slot -- functionpoint
[    0.152996] drivers/pci/probe.c 2196 pci_scan_single_device -- functionpoint
[    0.152998] drivers/pci/search.c 206 pci_get_slot -- functionpoint
[    0.152999] drivers/pci/probe.c 2035 pci_scan_device -- functionpoint
[    0.153001] drivers/pci/probe.c 2009 pci_bus_read_dev_vendor_id -- functionpoint
[    0.153010] drivers/pci/probe.c 2048 pci_scan_device -- functionpoint -- dev_vendor: 1317, dev_device: 985
[    0.153014] drivers/pci/probe.c 1453 pci_setup_device -- functionpoint
[    0.153031] pci 0000:03:00.0: [1317:0985] type 00 class 0x020000
[    0.153034] pci 0000:03:00.0: drivers/pci/probe.c 1482 pci_setup_device functionpoint -- [1317:0985] type 00 class 0x020000 multifunction 00
[    0.153058] drivers/pci/probe.c 1513 pci_setup_device  switch case PCI_HEADER_TYPE_NORMAL -- functionpoint
[    0.153080] pci 0000:03:00.0: reg 0x10: [io  0x3000-0x30ff]
[    0.153098] pci 0000:03:00.0: reg 0x14: [mem 0xf1000000-0xf10003ff]
[    0.153175] pci 0000:03:00.0: reg 0x30: [mem 0xfffe0000-0xffffffff pref]
[    0.153182] drivers/pci/probe.c 2145 pci_device_add -- functionpoint
[    0.153248] pci 0000:03:00.0: supports D1 D2
[    0.153250] pci 0000:03:00.0: PME# supported from D0 D1 D2 D3hot D3cold
[    0.153285] drivers/pci/probe.c 2288 pci_scan_slot -- functionpoint -- fn = 0, devfn = 0, fn+devfn = 0
[    0.153287] drivers/pci/probe.c 2220 next_fn -- functionpoint
[    0.153288] drivers/pci/probe.c 2281 pci_scan_slot -- functionpoint
[    0.153289] drivers/pci/probe.c 2196 pci_scan_single_device -- functionpoint
[    0.153291] drivers/pci/search.c 206 pci_get_slot -- functionpoint
[    0.153293] drivers/pci/probe.c 2035 pci_scan_device -- functionpoint
[    0.153294] drivers/pci/probe.c 2009 pci_bus_read_dev_vendor_id -- functionpoint
[    0.153303] drivers/pci/probe.c 2288 pci_scan_slot -- functionpoint -- fn = 0, devfn = 8, fn+devfn = 8
[    0.153307] drivers/pci/probe.c 2281 pci_scan_slot -- functionpoint
[    0.153307] drivers/pci/probe.c 2196 pci_scan_single_device -- functionpoint
[    0.153308] drivers/pci/search.c 206 pci_get_slot -- functionpoint
[    0.153310] drivers/pci/probe.c 2035 pci_scan_device -- functionpoint
[    0.153312] drivers/pci/probe.c 2009 pci_bus_read_dev_vendor_id -- functionpoint
[    0.153322] drivers/pci/probe.c 2288 pci_scan_slot -- functionpoint -- fn = 0, devfn = 16, fn+devfn = 16
[    0.153325] drivers/pci/probe.c 2281 pci_scan_slot -- functionpoint
[    0.153326] drivers/pci/probe.c 2196 pci_scan_single_device -- functionpoint
[    0.153327] drivers/pci/search.c 206 pci_get_slot -- functionpoint
[    0.153329] drivers/pci/probe.c 2035 pci_scan_device -- functionpoint
[    0.153330] drivers/pci/probe.c 2009 pci_bus_read_dev_vendor_id -- functionpoint
[    0.153335] drivers/pci/probe.c 2288 pci_scan_slot -- functionpoint -- fn = 0, devfn = 24, fn+devfn = 24
[    0.153338] drivers/pci/probe.c 2281 pci_scan_slot -- functionpoint
[    0.153339] drivers/pci/probe.c 2196 pci_scan_single_device -- functionpoint
[    0.153340] drivers/pci/search.c 206 pci_get_slot -- functionpoint
[    0.153342] drivers/pci/probe.c 2035 pci_scan_device -- functionpoint
[    0.153343] drivers/pci/probe.c 2009 pci_bus_read_dev_vendor_id -- functionpoint
[    0.153353] drivers/pci/probe.c 2288 pci_scan_slot -- functionpoint -- fn = 0, devfn = 32, fn+devfn = 32
[    0.153356] drivers/pci/probe.c 2281 pci_scan_slot -- functionpoint
[    0.153357] drivers/pci/probe.c 2196 pci_scan_single_device -- functionpoint
[    0.153358] drivers/pci/search.c 206 pci_get_slot -- functionpoint
[    0.153360] drivers/pci/probe.c 2035 pci_scan_device -- functionpoint
[    0.153361] drivers/pci/probe.c 2009 pci_bus_read_dev_vendor_id -- functionpoint
[    0.153366] drivers/pci/probe.c 2288 pci_scan_slot -- functionpoint -- fn = 0, devfn = 40, fn+devfn = 40
[    0.153369] drivers/pci/probe.c 2281 pci_scan_slot -- functionpoint
[    0.153370] drivers/pci/probe.c 2196 pci_scan_single_device -- functionpoint
[    0.153371] drivers/pci/search.c 206 pci_get_slot -- functionpoint
[    0.153373] drivers/pci/probe.c 2035 pci_scan_device -- functionpoint
[    0.153374] drivers/pci/probe.c 2009 pci_bus_read_dev_vendor_id -- functionpoint
[    0.153384] drivers/pci/probe.c 2288 pci_scan_slot -- functionpoint -- fn = 0, devfn = 48, fn+devfn = 48
[    0.153388] drivers/pci/probe.c 2281 pci_scan_slot -- functionpoint
[    0.153388] drivers/pci/probe.c 2196 pci_scan_single_device -- functionpoint
[    0.153389] drivers/pci/search.c 206 pci_get_slot -- functionpoint
[    0.153391] drivers/pci/probe.c 2035 pci_scan_device -- functionpoint
[    0.153393] drivers/pci/probe.c 2009 pci_bus_read_dev_vendor_id -- functionpoint
[    0.153397] drivers/pci/probe.c 2288 pci_scan_slot -- functionpoint -- fn = 0, devfn = 56, fn+devfn = 56
[    0.153401] drivers/pci/probe.c 2281 pci_scan_slot -- functionpoint
[    0.153401] drivers/pci/probe.c 2196 pci_scan_single_device -- functionpoint
[    0.153402] drivers/pci/search.c 206 pci_get_slot -- functionpoint
[    0.153404] drivers/pci/probe.c 2035 pci_scan_device -- functionpoint
[    0.153406] drivers/pci/probe.c 2009 pci_bus_read_dev_vendor_id -- functionpoint
[    0.153416] drivers/pci/probe.c 2288 pci_scan_slot -- functionpoint -- fn = 0, devfn = 64, fn+devfn = 64
[    0.153419] drivers/pci/probe.c 2281 pci_scan_slot -- functionpoint
[    0.153419] drivers/pci/probe.c 2196 pci_scan_single_device -- functionpoint
[    0.153421] drivers/pci/search.c 206 pci_get_slot -- functionpoint
[    0.153422] drivers/pci/probe.c 2035 pci_scan_device -- functionpoint
[    0.153424] drivers/pci/probe.c 2009 pci_bus_read_dev_vendor_id -- functionpoint
[    0.153429] drivers/pci/probe.c 2288 pci_scan_slot -- functionpoint -- fn = 0, devfn = 72, fn+devfn = 72
[    0.153432] drivers/pci/probe.c 2281 pci_scan_slot -- functionpoint
[    0.153432] drivers/pci/probe.c 2196 pci_scan_single_device -- functionpoint
[    0.153434] drivers/pci/search.c 206 pci_get_slot -- functionpoint
[    0.153435] drivers/pci/probe.c 2035 pci_scan_device -- functionpoint
[    0.153437] drivers/pci/probe.c 2009 pci_bus_read_dev_vendor_id -- functionpoint
[    0.153447] drivers/pci/probe.c 2288 pci_scan_slot -- functionpoint -- fn = 0, devfn = 80, fn+devfn = 80
[    0.153450] drivers/pci/probe.c 2281 pci_scan_slot -- functionpoint
[    0.153451] drivers/pci/probe.c 2196 pci_scan_single_device -- functionpoint
[    0.153452] drivers/pci/search.c 206 pci_get_slot -- functionpoint
[    0.153454] drivers/pci/probe.c 2035 pci_scan_device -- functionpoint
[    0.153455] drivers/pci/probe.c 2009 pci_bus_read_dev_vendor_id -- functionpoint
[    0.153460] drivers/pci/probe.c 2288 pci_scan_slot -- functionpoint -- fn = 0, devfn = 88, fn+devfn = 88
[    0.153463] drivers/pci/probe.c 2281 pci_scan_slot -- functionpoint
[    0.153464] drivers/pci/probe.c 2196 pci_scan_single_device -- functionpoint
[    0.153465] drivers/pci/search.c 206 pci_get_slot -- functionpoint
[    0.153467] drivers/pci/probe.c 2035 pci_scan_device -- functionpoint
[    0.153468] drivers/pci/probe.c 2009 pci_bus_read_dev_vendor_id -- functionpoint
[    0.153478] drivers/pci/probe.c 2288 pci_scan_slot -- functionpoint -- fn = 0, devfn = 96, fn+devfn = 96
[    0.153481] drivers/pci/probe.c 2281 pci_scan_slot -- functionpoint
[    0.153482] drivers/pci/probe.c 2196 pci_scan_single_device -- functionpoint
[    0.153483] drivers/pci/search.c 206 pci_get_slot -- functionpoint
[    0.153485] drivers/pci/probe.c 2035 pci_scan_device -- functionpoint
[    0.153486] drivers/pci/probe.c 2009 pci_bus_read_dev_vendor_id -- functionpoint
[    0.153491] drivers/pci/probe.c 2288 pci_scan_slot -- functionpoint -- fn = 0, devfn = 104, fn+devfn = 104
[    0.153494] drivers/pci/probe.c 2281 pci_scan_slot -- functionpoint
[    0.153495] drivers/pci/probe.c 2196 pci_scan_single_device -- functionpoint
[    0.153496] drivers/pci/search.c 206 pci_get_slot -- functionpoint
[    0.153498] drivers/pci/probe.c 2035 pci_scan_device -- functionpoint
[    0.153499] drivers/pci/probe.c 2009 pci_bus_read_dev_vendor_id -- functionpoint
[    0.153509] drivers/pci/probe.c 2288 pci_scan_slot -- functionpoint -- fn = 0, devfn = 112, fn+devfn = 112
[    0.153513] drivers/pci/probe.c 2281 pci_scan_slot -- functionpoint
[    0.153513] drivers/pci/probe.c 2196 pci_scan_single_device -- functionpoint
[    0.153515] drivers/pci/search.c 206 pci_get_slot -- functionpoint
[    0.153516] drivers/pci/probe.c 2035 pci_scan_device -- functionpoint
[    0.153518] drivers/pci/probe.c 2009 pci_bus_read_dev_vendor_id -- functionpoint
[    0.153522] drivers/pci/probe.c 2288 pci_scan_slot -- functionpoint -- fn = 0, devfn = 120, fn+devfn = 120
[    0.153526] drivers/pci/probe.c 2281 pci_scan_slot -- functionpoint
[    0.153526] drivers/pci/probe.c 2196 pci_scan_single_device -- functionpoint
[    0.153528] drivers/pci/search.c 206 pci_get_slot -- functionpoint
[    0.153529] drivers/pci/probe.c 2035 pci_scan_device -- functionpoint
[    0.153531] drivers/pci/probe.c 2009 pci_bus_read_dev_vendor_id -- functionpoint
[    0.153541] drivers/pci/probe.c 2288 pci_scan_slot -- functionpoint -- fn = 0, devfn = 128, fn+devfn = 128
[    0.153544] drivers/pci/probe.c 2281 pci_scan_slot -- functionpoint
[    0.153544] drivers/pci/probe.c 2196 pci_scan_single_device -- functionpoint
[    0.153546] drivers/pci/search.c 206 pci_get_slot -- functionpoint
