[    0.000000] microcode: microcode updated early to revision 0xd6, date = 2020-04-23
[    0.000000] Linux version 4.15.9+ (root@Yee-680G4) (gcc version 5.5.0 20171010 (Ubuntu 5.5.0-12ubuntu1~16.04)) #36 SMP Wed Oct 28 18:02:45 CST 2020
[    0.000000] Command line: BOOT_IMAGE=/boot/vmlinuz-4.15.9+ root=UUID=da0e40f1-3840-43a9-b61a-7b465a7673d3 ro quiet splash vt.handoff=7
[    0.000000] KERNEL supported cpus:
[    0.000000]   Intel GenuineIntel
[    0.000000]   AMD AuthenticAMD
[    0.000000]   Centaur CentaurHauls
[    0.000000] x86/fpu: Supporting XSAVE feature 0x001: 'x87 floating point registers'
[    0.000000] x86/fpu: Supporting XSAVE feature 0x002: 'SSE registers'
[    0.000000] x86/fpu: Supporting XSAVE feature 0x004: 'AVX registers'
[    0.000000] x86/fpu: Supporting XSAVE feature 0x008: 'MPX bounds registers'
[    0.000000] x86/fpu: Supporting XSAVE feature 0x010: 'MPX CSR'
[    0.000000] x86/fpu: xstate_offset[2]:  576, xstate_sizes[2]:  256
[    0.000000] x86/fpu: xstate_offset[3]:  832, xstate_sizes[3]:   64
[    0.000000] x86/fpu: xstate_offset[4]:  896, xstate_sizes[4]:   64
[    0.000000] x86/fpu: Enabled xstate features 0x1f, context size is 960 bytes, using 'compacted' format.
[    0.000000] e820: BIOS-provided physical RAM map:
[    0.000000] BIOS-e820: [mem 0x0000000000000000-0x000000000009efff] usable
[    0.000000] BIOS-e820: [mem 0x000000000009f000-0x00000000000fffff] reserved
[    0.000000] BIOS-e820: [mem 0x0000000000100000-0x00000000be6aafff] usable
[    0.000000] BIOS-e820: [mem 0x00000000be6ab000-0x00000000bf98efff] reserved
[    0.000000] BIOS-e820: [mem 0x00000000bf98f000-0x00000000bfb8efff] ACPI NVS
[    0.000000] BIOS-e820: [mem 0x00000000bfb8f000-0x00000000bfc0efff] ACPI data
[    0.000000] BIOS-e820: [mem 0x00000000bfc0f000-0x00000000bfc0ffff] usable
[    0.000000] BIOS-e820: [mem 0x00000000bfc10000-0x00000000d47fffff] reserved
[    0.000000] BIOS-e820: [mem 0x00000000fe010000-0x00000000fe010fff] reserved
[    0.000000] BIOS-e820: [mem 0x00000000ff000000-0x00000000ffffffff] reserved
[    0.000000] BIOS-e820: [mem 0x0000000100000000-0x00000004277fffff] usable
[    0.000000] NX (Execute Disable) protection: active
[    0.000000] efi: EFI v2.60 by HP
[    0.000000] efi:  ACPI=0xbfc0e000  ACPI 2.0=0xbfc0e014  SMBIOS=0xbee75000  ESRT=0xbee76018  MEMATTR=0xaf753018 
[    0.000000] random: fast init done
[    0.000000] SMBIOS 3.1 present.
[    0.000000] DMI: HP HP ProDesk 680 G4 MT/8580, BIOS R04 Ver. 02.11.01 04/27/2020
[    0.000000] e820: update [mem 0x00000000-0x00000fff] usable ==> reserved
[    0.000000] e820: remove [mem 0x000a0000-0x000fffff] usable
[    0.000000] e820: last_pfn = 0x427800 max_arch_pfn = 0x400000000
[    0.000000] MTRR default type: write-back
[    0.000000] MTRR fixed ranges enabled:
[    0.000000]   00000-9FFFF write-back
[    0.000000]   A0000-BFFFF uncachable
[    0.000000]   C0000-FFFFF write-protect
[    0.000000] MTRR variable ranges enabled:
[    0.000000]   0 base 00E0000000 mask 7FE0000000 uncachable
[    0.000000]   1 base 00D0000000 mask 7FF0000000 uncachable
[    0.000000]   2 base 00C8000000 mask 7FF8000000 uncachable
[    0.000000]   3 base 00C4000000 mask 7FFC000000 uncachable
[    0.000000]   4 base 2000000000 mask 6000000000 uncachable
[    0.000000]   5 base 1000000000 mask 7000000000 uncachable
[    0.000000]   6 base 0800000000 mask 7800000000 uncachable
[    0.000000]   7 base 4000000000 mask 4000000000 uncachable
[    0.000000]   8 disabled
[    0.000000]   9 disabled
[    0.000000] x86/PAT: Configuration [0-7]: WB  WC  UC- UC  WB  WP  UC- WT  
[    0.000000] e820: last_pfn = 0xbfc10 max_arch_pfn = 0x400000000
[    0.000000] esrt: Reserving ESRT space from 0x00000000bee76018 to 0x00000000bee76050.
[    0.000000] Scanning 1 areas for low memory corruption
[    0.000000] Base memory trampoline at [        (ptrval)] 99000 size 24576
[    0.000000] Using GB pages for direct mapping
[    0.000000] BRK [0x406dfa000, 0x406dfafff] PGTABLE
[    0.000000] BRK [0x406dfb000, 0x406dfbfff] PGTABLE
[    0.000000] BRK [0x406dfc000, 0x406dfcfff] PGTABLE
[    0.000000] BRK [0x406dfd000, 0x406dfdfff] PGTABLE
[    0.000000] BRK [0x406dfe000, 0x406dfefff] PGTABLE
[    0.000000] BRK [0x406dff000, 0x406dfffff] PGTABLE
[    0.000000] BRK [0x406e00000, 0x406e00fff] PGTABLE
[    0.000000] BRK [0x406e01000, 0x406e01fff] PGTABLE
[    0.000000] Secure boot could not be determined
[    0.000000] RAMDISK: [mem 0x23328000-0x3e1affff]
[    0.000000] ACPI: Early table checksum verification disabled
[    0.000000] ACPI: RSDP 0x00000000BFC0E014 000024 (v02 HPQOEM)
[    0.000000] ACPI: XSDT 0x00000000BFBC7188 0000DC (v01 HPQOEM SLIC-BPC 00000000 INTL 20160422)
[    0.000000] ACPI: FACP 0x00000000BFC08000 000114 (v06 HPQOEM SLIC-BPC 00000000 HP   00000001)
[    0.000000] ACPI: DSDT 0x00000000BFBE5000 01E092 (v02 HPQOEM 8580     00000000 INTL 20160527)
[    0.000000] ACPI: FACS 0x00000000BFB3F000 000040
[    0.000000] ACPI: SSDT 0x00000000BFC0C000 00012A (v02 HP     ShmTable 00000001 INTL 20160527)
[    0.000000] ACPI: SSDT 0x00000000BFC0A000 001B5F (v02 CpuRef CpuSsdt  00003000 INTL 20160527)
[    0.000000] ACPI: SSDT 0x00000000BFC09000 0009CF (v02 CtdpB  CtdpB    00001000 INTL 20160527)
[    0.000000] ACPI: HPET 0x00000000BFC07000 000038 (v01 HPQOEM 8580     00000001 HP   00000001)
[    0.000000] ACPI: APIC 0x00000000BFC06000 00012C (v03 HPQOEM 8580     00000001 HP   00000001)
[    0.000000] ACPI: MCFG 0x00000000BFC05000 00003C (v01 HPQOEM 8580     00000001 HP   00000001)
[    0.000000] ACPI: WSMT 0x00000000BFC04000 000028 (v01 HPQOEM 8580     00000001 HP   00000001)
[    0.000000] ACPI: SSDT 0x00000000BFBE4000 000734 (v01 HPQOEM PtidDevc 00001000 INTL 20160527)
[    0.000000] ACPI: SSDT 0x00000000BFBE3000 000B27 (v02 HPQOEM HP_XHC_P 00000000 INTL 20160527)
[    0.000000] ACPI: SSDT 0x00000000BFBDF000 0030ED (v02 SaSsdt SaSsdt   00003000 INTL 20160527)
[    0.000000] ACPI: LPIT 0x00000000BFBDE000 000094 (v01 INTEL  CFL      20170001 INTL 20160422)
[    0.000000] ACPI: WSMT 0x00000000BFBDD000 000028 (v01 INTEL  CFL      20170001 INTL 20160422)
[    0.000000] ACPI: SSDT 0x00000000BFBDC000 00044C (v02 INTEL  Wwan     00000001 INTL 20160527)
[    0.000000] ACPI: UEFI 0x00000000BFB39000 000042 (v01 INTEL  CFL      20170001 INTL 20160422)
[    0.000000] ACPI: OEML 0x00000000BFBDB000 000028 (v03 INTEL  CFL      20170001 INTL 20160422)
[    0.000000] ACPI: DMAR 0x00000000BFBDA000 0000C8 (v01 INTEL  CFL      00000002      01000013)
[    0.000000] ACPI: SSDT 0x00000000BFBCB000 00E899 (v01 HP     HPINDTWL 00001000 INTL 20160527)
[    0.000000] ACPI: SSDT 0x00000000BFBCA000 000032 (v01 HP     HPCONDEV 00001000 INTL 20160527)
[    0.000000] ACPI: SSDT 0x00000000BFBC9000 000069 (v01 HP     HPCAHWID 00001000 INTL 20160527)
[    0.000000] ACPI: ASF! 0x00000000BFBC8000 0000A0 (v32 HPQOEM  UYA     20170001 INTL 20160422)
[    0.000000] ACPI: FPDT 0x00000000BFC0D000 000044 (v01 INTEL  CFL      20170001 INTL 20160422)
[    0.000000] ACPI: BGRT 0x00000000BFBC6000 000038 (v01 INTEL  CFL      20170001 INTL 20160422)
[    0.000000] ACPI: Local APIC address 0xfee00000
[    0.000000] No NUMA configuration found
[    0.000000] Faking a node at [mem 0x0000000000000000-0x00000004277fffff]
[    0.000000] NODE_DATA(0) allocated [mem 0x4277d5000-0x4277fffff]
[    0.000000] Zone ranges:
[    0.000000]   DMA      [mem 0x0000000000001000-0x0000000000ffffff]
[    0.000000]   DMA32    [mem 0x0000000001000000-0x00000000ffffffff]
[    0.000000]   Normal   [mem 0x0000000100000000-0x00000004277fffff]
[    0.000000]   Device   empty
[    0.000000] Movable zone start for each node
[    0.000000] Early memory node ranges
[    0.000000]   node   0: [mem 0x0000000000001000-0x000000000009efff]
[    0.000000]   node   0: [mem 0x0000000000100000-0x00000000be6aafff]
[    0.000000]   node   0: [mem 0x00000000bfc0f000-0x00000000bfc0ffff]
[    0.000000]   node   0: [mem 0x0000000100000000-0x00000004277fffff]
[    0.000000] Initmem setup node 0 [mem 0x0000000000001000-0x00000004277fffff]
[    0.000000] On node 0 totalpages: 4087370
[    0.000000]   DMA zone: 64 pages used for memmap
[    0.000000]   DMA zone: 21 pages reserved
[    0.000000]   DMA zone: 3998 pages, LIFO batch:0
[    0.000000]   DMA32 zone: 12123 pages used for memmap
[    0.000000]   DMA32 zone: 775852 pages, LIFO batch:31
[    0.000000]   Normal zone: 51680 pages used for memmap
[    0.000000]   Normal zone: 3307520 pages, LIFO batch:31
[    0.000000] Reserved but unavailable: 99 pages
[    0.000000] tboot: non-0 tboot_addr but it is not of type E820_TYPE_RESERVED
[    0.000000] ACPI: PM-Timer IO Port: 0x1808
[    0.000000] ACPI: Local APIC address 0xfee00000
[    0.000000] ACPI: LAPIC_NMI (acpi_id[0x01] high edge lint[0x1])
[    0.000000] ACPI: LAPIC_NMI (acpi_id[0x02] high edge lint[0x1])
[    0.000000] ACPI: LAPIC_NMI (acpi_id[0x03] high edge lint[0x1])
[    0.000000] ACPI: LAPIC_NMI (acpi_id[0x04] high edge lint[0x1])
[    0.000000] ACPI: LAPIC_NMI (acpi_id[0x05] high edge lint[0x1])
[    0.000000] ACPI: LAPIC_NMI (acpi_id[0x06] high edge lint[0x1])
[    0.000000] ACPI: LAPIC_NMI (acpi_id[0x07] high edge lint[0x1])
[    0.000000] ACPI: LAPIC_NMI (acpi_id[0x08] high edge lint[0x1])
[    0.000000] ACPI: LAPIC_NMI (acpi_id[0x09] high edge lint[0x1])
[    0.000000] ACPI: LAPIC_NMI (acpi_id[0x0a] high edge lint[0x1])
[    0.000000] ACPI: LAPIC_NMI (acpi_id[0x0b] high edge lint[0x1])
[    0.000000] ACPI: LAPIC_NMI (acpi_id[0x0c] high edge lint[0x1])
[    0.000000] ACPI: LAPIC_NMI (acpi_id[0x0d] high edge lint[0x1])
[    0.000000] ACPI: LAPIC_NMI (acpi_id[0x0e] high edge lint[0x1])
[    0.000000] ACPI: LAPIC_NMI (acpi_id[0x0f] high edge lint[0x1])
[    0.000000] ACPI: LAPIC_NMI (acpi_id[0x10] high edge lint[0x1])
[    0.000000] IOAPIC[0]: apic_id 2, version 32, address 0xfec00000, GSI 0-119
[    0.000000] ACPI: INT_SRC_OVR (bus 0 bus_irq 0 global_irq 2 dfl dfl)
[    0.000000] ACPI: INT_SRC_OVR (bus 0 bus_irq 9 global_irq 9 high level)
[    0.000000] ACPI: IRQ0 used by override.
[    0.000000] ACPI: IRQ9 used by override.
[    0.000000] Using ACPI (MADT) for SMP configuration information
[    0.000000] ACPI: HPET id: 0x8086a201 base: 0xfed00000
[    0.000000] smpboot: Allowing 8 CPUs, 0 hotplug CPUs
[    0.000000] PM: Registered nosave memory: [mem 0x00000000-0x00000fff]
[    0.000000] PM: Registered nosave memory: [mem 0x0009f000-0x000fffff]
[    0.000000] PM: Registered nosave memory: [mem 0xbe6ab000-0xbf98efff]
[    0.000000] PM: Registered nosave memory: [mem 0xbf98f000-0xbfb8efff]
[    0.000000] PM: Registered nosave memory: [mem 0xbfb8f000-0xbfc0efff]
[    0.000000] PM: Registered nosave memory: [mem 0xbfc10000-0xd47fffff]
[    0.000000] PM: Registered nosave memory: [mem 0xd4800000-0xfe00ffff]
[    0.000000] PM: Registered nosave memory: [mem 0xfe010000-0xfe010fff]
[    0.000000] PM: Registered nosave memory: [mem 0xfe011000-0xfeffffff]
[    0.000000] PM: Registered nosave memory: [mem 0xff000000-0xffffffff]
[    0.000000] e820: [mem 0xd4800000-0xfe00ffff] available for PCI devices
[    0.000000] Booting paravirtualized kernel on bare hardware
[    0.000000] clocksource: refined-jiffies: mask: 0xffffffff max_cycles: 0xffffffff, max_idle_ns: 7645519600211568 ns
[    0.000000] setup_percpu: NR_CPUS:8192 nr_cpumask_bits:8 nr_cpu_ids:8 nr_node_ids:1
[    0.000000] percpu: Embedded 46 pages/cpu @        (ptrval) s151552 r8192 d28672 u262144
[    0.000000] pcpu-alloc: s151552 r8192 d28672 u262144 alloc=1*2097152
[    0.000000] pcpu-alloc: [0] 0 1 2 3 4 5 6 7 
[    0.000000] Built 1 zonelists, mobility grouping on.  Total pages: 4023482
[    0.000000] Policy zone: Normal
[    0.000000] Kernel command line: BOOT_IMAGE=/boot/vmlinuz-4.15.9+ root=UUID=da0e40f1-3840-43a9-b61a-7b465a7673d3 ro quiet splash vt.handoff=7
[    0.000000] Calgary: detecting Calgary via BIOS EBDA area
[    0.000000] Calgary: Unable to locate Rio Grande table in EBDA - bailing!
[    0.000000] Memory: 15484864K/16349480K available (12300K kernel code, 2470K rwdata, 4196K rodata, 2388K init, 3184K bss, 864616K reserved, 0K cma-reserved)
[    0.000000] SLUB: HWalign=64, Order=0-3, MinObjects=0, CPUs=8, Nodes=1
[    0.000000] ftrace: allocating 38976 entries in 153 pages
[    0.000000] Hierarchical RCU implementation.
[    0.000000] 	RCU restricting CPUs from NR_CPUS=8192 to nr_cpu_ids=8.
[    0.000000] 	Tasks RCU enabled.
[    0.000000] RCU: Adjusting geometry for rcu_fanout_leaf=16, nr_cpu_ids=8
[    0.000000] NR_IRQS: 524544, nr_irqs: 2048, preallocated irqs: 16
[    0.000000] Console: colour dummy device 80x25
[    0.000000] console [tty0] enabled
[    0.000000] ACPI: Core revision 20170831
[    0.000000] ACPI Error: [\_SB_.PCI0.XHC_.RHUB.HS11] Namespace lookup failure, AE_NOT_FOUND (20170831/dswload-210)
[    0.000000] ACPI Exception: AE_NOT_FOUND, During name lookup/catalog (20170831/psobject-252)
[    0.000000] ACPI Exception: AE_NOT_FOUND, (SSDT:HP_XHC_P) while loading table (20170831/tbxfload-228)
[    0.000000] ACPI Error: 1 table load failures, 10 successful (20170831/tbxfload-246)
[    0.000000] clocksource: hpet: mask: 0xffffffff max_cycles: 0xffffffff, max_idle_ns: 79635855245 ns
[    0.000000] hpet clockevent registered
[    0.004000] APIC: Switch to symmetric I/O mode setup
[    0.004000] DMAR: Host address width 39
[    0.004000] DMAR: DRHD base: 0x000000fed90000 flags: 0x0
[    0.004000] DMAR: dmar0: reg_base_addr fed90000 ver 1:0 cap 1c0000c40660462 ecap 19e2ff0505e
[    0.004000] DMAR: DRHD base: 0x000000fed91000 flags: 0x1
[    0.004000] DMAR: dmar1: reg_base_addr fed91000 ver 1:0 cap d2008c40660462 ecap f050da
[    0.004000] DMAR: RMRR base: 0x000000bf81d000 end: 0x000000bf83cfff
[    0.004000] DMAR: RMRR base: 0x000000c4000000 end: 0x000000d47fffff
[    0.004000] DMAR: RMRR base: 0x000000bf86e000 end: 0x000000bf8edfff
[    0.004000] DMAR-IR: IOAPIC id 2 under DRHD base  0xfed91000 IOMMU 1
[    0.004000] DMAR-IR: HPET id 0 under DRHD base 0xfed91000
[    0.004000] DMAR-IR: Queued invalidation will be enabled to support x2apic and Intr-remapping.
[    0.004000] DMAR-IR: Enabled IRQ remapping in x2apic mode
[    0.004000] x2apic enabled
[    0.004000] Switched APIC routing to cluster x2apic.
[    0.016000] ..TIMER: vector=0x30 apic1=0 pin1=2 apic2=-1 pin2=-1
[    0.036000] tsc: Detected 3000.000 MHz processor
[    0.036000] Calibrating delay loop (skipped), value calculated using timer frequency.. 6000.00 BogoMIPS (lpj=12000000)
[    0.036000] pid_max: default: 32768 minimum: 301
[    0.036000] Security Framework initialized
[    0.036000] Yama: becoming mindful.
[    0.036000] AppArmor: AppArmor initialized
[    0.036000] Dentry cache hash table entries: 2097152 (order: 12, 16777216 bytes)
[    0.036000] Inode-cache hash table entries: 1048576 (order: 11, 8388608 bytes)
[    0.036000] Mount-cache hash table entries: 32768 (order: 6, 262144 bytes)
[    0.036000] Mountpoint-cache hash table entries: 32768 (order: 6, 262144 bytes)
[    0.036000] CPU: Physical Processor ID: 0
[    0.036000] CPU: Processor Core ID: 0
[    0.036000] ENERGY_PERF_BIAS: Set to 'normal', was 'performance'
[    0.036000] ENERGY_PERF_BIAS: View and update with x86_energy_perf_policy(8)
[    0.036000] mce: CPU supports 14 MCE banks
[    0.036000] CPU0: Thermal monitoring enabled (TM1)
[    0.036000] process: using mwait in idle threads
[    0.036000] Last level iTLB entries: 4KB 128, 2MB 8, 4MB 8
[    0.036000] Last level dTLB entries: 4KB 64, 2MB 0, 4MB 0, 1GB 4
[    0.036000] Spectre V2 : Mitigation: Full generic retpoline
[    0.036000] Spectre V2 : Spectre v2 mitigation: Filling RSB on context switch
[    0.036000] Spectre V2 : Spectre v2 mitigation: Enabling Indirect Branch Prediction Barrier
[    0.036000] Freeing SMP alternatives memory: 36K
[    0.041454] TSC deadline timer enabled
[    0.041465] smpboot: CPU0: Intel(R) Core(TM) i7-9700 CPU @ 3.00GHz (family: 0x6, model: 0x9e, stepping: 0xd)
[    0.041516] Performance Events: PEBS fmt3+, Skylake events, 32-deep LBR, full-width counters, Intel PMU driver.
[    0.041545] ... version:                4
[    0.041545] ... bit width:              48
[    0.041546] ... generic registers:      8
[    0.041546] ... value mask:             0000ffffffffffff
[    0.041547] ... max period:             00007fffffffffff
[    0.041547] ... fixed-purpose events:   3
[    0.041548] ... event mask:             00000007000000ff
[    0.041578] Hierarchical SRCU implementation.
[    0.042515] NMI watchdog: Enabled. Permanently consumes one hw-PMU counter.
[    0.042525] smp: Bringing up secondary CPUs ...
[    0.042585] x86: Booting SMP configuration:
[    0.042586] .... node  #0, CPUs:      #1 #2 #3 #4 #5 #6 #7
[    0.053429] smp: Brought up 1 node, 8 CPUs
[    0.053429] smpboot: Max logical packages: 1
[    0.053429] smpboot: Total of 8 processors activated (48000.00 BogoMIPS)
[    0.056282] devtmpfs: initialized
[    0.056282] x86/mm: Memory block size: 128MB
[    0.057024] evm: security.selinux
[    0.057025] evm: security.SMACK64
[    0.057025] evm: security.SMACK64EXEC
[    0.057026] evm: security.SMACK64TRANSMUTE
[    0.057026] evm: security.SMACK64MMAP
[    0.057027] evm: security.apparmor
[    0.057027] evm: security.ima
[    0.057027] evm: security.capability
[    0.057040] PM: Registering ACPI NVS region [mem 0xbf98f000-0xbfb8efff] (2097152 bytes)
[    0.057040] clocksource: jiffies: mask: 0xffffffff max_cycles: 0xffffffff, max_idle_ns: 7645041785100000 ns
[    0.057040] futex hash table entries: 2048 (order: 5, 131072 bytes)
[    0.057040] pinctrl core: initialized pinctrl subsystem
[    0.057040] drivers/base/bus.c 153 driver_register -- functionpoint
[    0.057040] drivers/base/bus.c 642 bus_add_driver -- functionpoint
[    0.057040] drivers/base/bus.c 649 bus_add_driver -- functionpoint -- bus: 'platform': add driver reg-dummy
[    0.057040] drivers/base/dd.c 369 really_probe -- functionpoint
[    0.057040] drivers/base/dd.c 392 really_probe -- functionpoint -- bus: 'platform': really_probe: probing driver reg-dummy with device reg-dummy
[    0.057040] drivers/base/dd.c 435 really_probe -- if drv->probe use drv->probe(dev) -- functionpoint
[    0.057040] RTC time: 10:09:03, date: 10/28/20
[    0.057040] NET: Registered protocol family 16
[    0.057040] audit: initializing netlink subsys (disabled)
[    0.057040] audit: type=2000 audit(1603879743.056:1): state=initialized audit_enabled=0 res=1
[    0.057040] drivers/base/bus.c 153 driver_register -- functionpoint
[    0.057040] drivers/base/bus.c 642 bus_add_driver -- functionpoint
[    0.057040] drivers/base/bus.c 649 bus_add_driver -- functionpoint -- bus: 'platform': add driver sram
[    0.057040] drivers/base/bus.c 153 driver_register -- functionpoint
[    0.057040] drivers/base/bus.c 642 bus_add_driver -- functionpoint
[    0.057040] drivers/base/bus.c 649 bus_add_driver -- functionpoint -- bus: 'platform': add driver syscon
[    0.057040] drivers/base/bus.c 153 driver_register -- functionpoint
[    0.057040] drivers/base/bus.c 642 bus_add_driver -- functionpoint
[    0.057040] drivers/base/bus.c 649 bus_add_driver -- functionpoint -- bus: 'i2c': add driver dummy
[    0.057040] cpuidle: using governor ladder
[    0.057040] cpuidle: using governor menu
[    0.057040] ACPI FADT declares the system doesn't support PCIe ASPM, so disable it
[    0.057040] ACPI: bus type PCI registered
[    0.057040] acpiphp: ACPI Hot Plug PCI Controller Driver version: 0.5
[    0.057040] arch/x86/pci/init.c 11 start pci_arch_init -- functionpoint
[    0.057040] PCI: MMCONFIG for domain 0000 [bus 00-3f] at [mem 0xf8000000-0xfbffffff] (base 0xf8000000)
[    0.057040] PCI: not using MMCONFIG
[    0.057040] PCI: Using configuration type 1 for base access
[    0.057040] arch/x86/pci/init.c 44 end pci_arch_init -- functionpoint
[    0.057122] HugeTLB registered 1.00 GiB page size, pre-allocated 0 pages
[    0.057122] HugeTLB registered 2.00 MiB page size, pre-allocated 0 pages
[    0.057123] drivers/base/bus.c 153 driver_register -- functionpoint
[    0.057123] drivers/base/bus.c 642 bus_add_driver -- functionpoint
[    0.057123] drivers/base/bus.c 649 bus_add_driver -- functionpoint -- bus: 'i2c': add driver sx150x-pinctrl
[    0.057123] drivers/base/bus.c 153 driver_register -- functionpoint
[    0.057123] drivers/base/bus.c 642 bus_add_driver -- functionpoint
[    0.057123] drivers/base/bus.c 649 bus_add_driver -- functionpoint -- bus: 'platform': add driver byt_gpio
[    0.057123] drivers/base/bus.c 153 driver_register -- functionpoint
[    0.057123] drivers/base/bus.c 642 bus_add_driver -- functionpoint
[    0.057123] drivers/base/bus.c 649 bus_add_driver -- functionpoint -- bus: 'platform': add driver cherryview-pinctrl
[    0.057123] drivers/base/bus.c 153 driver_register -- functionpoint
[    0.057123] drivers/base/bus.c 642 bus_add_driver -- functionpoint
[    0.057123] drivers/base/bus.c 649 bus_add_driver -- functionpoint -- bus: 'platform': add driver lp_gpio
[    0.057123] drivers/base/bus.c 153 driver_register -- functionpoint
[    0.057123] drivers/base/bus.c 642 bus_add_driver -- functionpoint
[    0.057123] drivers/base/bus.c 649 bus_add_driver -- functionpoint -- bus: 'platform': add driver rc5t583-gpio
[    0.057123] drivers/base/bus.c 153 driver_register -- functionpoint
[    0.057123] drivers/base/bus.c 642 bus_add_driver -- functionpoint
[    0.057123] drivers/base/bus.c 649 bus_add_driver -- functionpoint -- bus: 'platform': add driver palmas-gpio
[    0.057123] drivers/base/bus.c 153 driver_register -- functionpoint
[    0.057123] drivers/base/bus.c 642 bus_add_driver -- functionpoint
[    0.057123] drivers/base/bus.c 649 bus_add_driver -- functionpoint -- bus: 'platform': add driver tps6586x-gpio
[    0.057123] drivers/base/bus.c 153 driver_register -- functionpoint
[    0.057123] drivers/base/bus.c 642 bus_add_driver -- functionpoint
[    0.057123] drivers/base/bus.c 649 bus_add_driver -- functionpoint -- bus: 'platform': add driver tps65910-gpio
[    0.057123] drivers/acpi/bus.c 1231 start acpi_init -- functionpoint
[    0.057123] ACPI: Added _OSI(Module Device)
[    0.057123] ACPI: Added _OSI(Processor Device)
[    0.057123] ACPI: Added _OSI(3.0 _SCP Extensions)
[    0.057123] ACPI: Added _OSI(Processor Aggregator Device)
[    0.061842] ACPI: Executed 30 blocks of module-level executable AML code
[    0.072037] ACPI: [Firmware Bug]: BIOS _OSI(Linux) query ignored
[    0.079842] ACPI: Dynamic OEM Table Load:
[    0.079853] ACPI: SSDT 0xFFFF89EBD4FB3500 0000F4 (v02 PmRef  Cpu0Psd  00003000 INTL 20160527)
[    0.080082] ACPI: Executed 1 blocks of module-level executable AML code
[    0.080203] ACPI: \_SB_.PR00: _OSC native thermal LVT Acked
[    0.081155] ACPI: Dynamic OEM Table Load:
[    0.081161] ACPI: SSDT 0xFFFF89EBD4FBC800 000400 (v02 PmRef  Cpu0Cst  00003001 INTL 20160527)
[    0.081377] ACPI: Executed 1 blocks of module-level executable AML code
[    0.081610] ACPI: Dynamic OEM Table Load:
[    0.081615] ACPI: SSDT 0xFFFF89EBD4EF3000 000605 (v02 PmRef  Cpu0Ist  00003000 INTL 20160527)
[    0.081819] ACPI: Executed 1 blocks of module-level executable AML code
[    0.082011] ACPI: Dynamic OEM Table Load:
[    0.082015] ACPI: SSDT 0xFFFF89EBD4F34C00 000149 (v02 PmRef  Cpu0Hwp  00003000 INTL 20160527)
[    0.082208] ACPI: Executed 2 blocks of module-level executable AML code
[    0.082377] ACPI: Dynamic OEM Table Load:
[    0.082382] ACPI: SSDT 0xFFFF89EBD4EF1000 000724 (v02 PmRef  HwpLvt   00003000 INTL 20160527)
[    0.082562] ACPI: Executed 1 blocks of module-level executable AML code
[    0.083052] ACPI: Dynamic OEM Table Load:
[    0.083057] ACPI: SSDT 0xFFFF89EBD4EF2000 0005FC (v02 PmRef  ApIst    00003000 INTL 20160527)
[    0.083453] ACPI: Executed 1 blocks of module-level executable AML code
[    0.083647] ACPI: Dynamic OEM Table Load:
[    0.083651] ACPI: SSDT 0xFFFF89EBD4FBF800 000317 (v02 PmRef  ApHwp    00003000 INTL 20160527)
[    0.083924] ACPI: Executed 1 blocks of module-level executable AML code
[    0.084245] ACPI: Dynamic OEM Table Load:
[    0.084250] ACPI: SSDT 0xFFFF89EBD7141000 000AB0 (v02 PmRef  ApPsd    00003000 INTL 20160527)
[    0.085094] ACPI: Executed 1 blocks of module-level executable AML code
[    0.085293] ACPI: Dynamic OEM Table Load:
[    0.085298] ACPI: SSDT 0xFFFF89EBD4FBCC00 00030A (v02 PmRef  ApCst    00003000 INTL 20160527)
[    0.085571] ACPI: Executed 1 blocks of module-level executable AML code
[    0.088502] ACPI: EC: EC started
[    0.088502] ACPI: EC: interrupt blocked
[    0.088518] ACPI: \_SB_.PCI0.LPCB.EC0_: Used as first EC
[    0.088520] ACPI: \_SB_.PCI0.LPCB.EC0_: GPE=0x6e, EC_CMD/EC_SC=0x66, EC_DATA=0x62
[    0.088521] ACPI: \_SB_.PCI0.LPCB.EC0_: Used as boot DSDT EC to handle transactions
[    0.088521] ACPI: Interpreter enabled
[    0.088570] ACPI: (supports S0 S3 S4 S5)
[    0.088571] ACPI: Using IOAPIC for interrupt routing
[    0.088610] PCI: MMCONFIG for domain 0000 [bus 00-3f] at [mem 0xf8000000-0xfbffffff] (base 0xf8000000)
[    0.091247] PCI: MMCONFIG at [mem 0xf8000000-0xfbffffff] reserved in ACPI motherboard resources
[    0.091253] drivers/acpi/pci_root.c 920 acpi_pci_root_init --functionpoint
[    0.091253] drivers/acpi/apei/hest.c 228 acpi_hest_init -- functionpoint
[    0.091258] PCI: Using host bridge windows from ACPI; if necessary, use "pci=nocrs" and report a bug
[    0.091259] drivers/acpi/scan.c 106 acpi_scan_add_handler_with_hotplug -- functionpoint
[    0.091262] drivers/acpi/pci_link.c 936 acpi_pci_link_init -- functionpoint
[    0.091649] drivers/acpi/scan.c 106 acpi_scan_add_handler_with_hotplug -- functionpoint
[    0.091653] drivers/base/bus.c 153 driver_register -- functionpoint
[    0.091655] drivers/base/bus.c 642 bus_add_driver -- functionpoint
[    0.091657] drivers/base/bus.c 649 bus_add_driver -- functionpoint -- bus: 'platform': add driver clk-lpt
[    0.091664] drivers/acpi/scan.c 106 acpi_scan_add_handler_with_hotplug -- functionpoint
[    0.091715] ACPI: Enabled 4 GPEs in block 00 to 7F
[    0.091719] drivers/acpi/scan.c 2010 acpi_bus_scan -- functionpoint
[    0.098607] ACPI: Power Resource [USBC] (on)
[    0.099426] ACPI: Power Resource [WRST] (on)
[    0.099834] ACPI: Power Resource [WRST] (on)
[    0.100239] ACPI: Power Resource [WRST] (on)
[    0.100643] ACPI: Power Resource [WRST] (on)
[    0.101052] ACPI: Power Resource [WRST] (on)
[    0.101451] ACPI: Power Resource [WRST] (on)
[    0.101852] ACPI: Power Resource [WRST] (on)
[    0.102254] ACPI: Power Resource [WRST] (on)
[    0.102657] ACPI: Power Resource [WRST] (on)
[    0.103054] ACPI: Power Resource [WRST] (on)
[    0.103453] ACPI: Power Resource [WRST] (on)
[    0.103854] ACPI: Power Resource [WRST] (on)
[    0.104256] ACPI: Power Resource [WRST] (on)
[    0.104658] ACPI: Power Resource [WRST] (on)
[    0.105065] ACPI: Power Resource [WRST] (on)
[    0.105463] ACPI: Power Resource [WRST] (on)
[    0.105864] ACPI: Power Resource [WRST] (on)
[    0.106269] ACPI: Power Resource [WRST] (on)
[    0.106675] ACPI: Power Resource [WRST] (on)
[    0.107085] ACPI: Power Resource [WRST] (on)
[    0.108787] ACPI: Power Resource [V0PR] (on)
[    0.108999] ACPI: Power Resource [V1PR] (on)
[    0.109207] ACPI: Power Resource [V2PR] (on)
[    0.113792] ACPI: Power Resource [WRST] (on)
[    0.115914] drivers/acpi/scan.c 1916 acpi_bus_attach -- functionpoint
[    0.115935] drivers/acpi/scan.c 1916 acpi_bus_attach -- functionpoint
[    0.115942] drivers/acpi/scan.c 1916 acpi_bus_attach -- functionpoint
[    0.115973] drivers/acpi/scan.c 1916 acpi_bus_attach -- functionpoint
[    0.115999] drivers/acpi/scan.c 1916 acpi_bus_attach -- functionpoint
[    0.116007] drivers/acpi/pci_root.c 528 acpi_pci_root_add -- functionpoint
[    0.116393] ACPI: PCI Root Bridge [PCI0] (domain 0000 [bus 00-3e])
[    0.116396] ACPI: drivers/acpi/pci_root.c 584 acpi_pci_root_add --  functionpoint -- PCI Root Bridge [PCI0] (domain 0000 [bus 00-3e])
[    0.116402] acpi PNP0A08:00: _OSC: OS supports [ExtendedConfig ASPM ClockPM Segments MSI]
[    0.119771] acpi PNP0A08:00: _OSC: OS now controls [PCIeHotplug PME AER PCIeCapability]
[    0.119772] acpi PNP0A08:00: FADT indicates ASPM is unsupported, using BIOS configuration
[    0.119785] arch/x86/pci/acpi.c 335 pci_acpi_scan_root -- functionpoint
[    0.119786] drivers/pci/search.c 144 pci_find_bus -- functionpoint
[    0.119788] drivers/pci/search.c 145 pci_find_bus functionpoint -- domain_num = 0, bus_num = 0
[    0.119792] drivers/pci/search.c 176 pci_find_next_bus -- functionpoint
[    0.119792] drivers/pci/search.c 157 pci_find_bus not found bus -- functionpoint
[    0.119805] drivers/acpi/pci_root.c 881 acpi_pci_root_create -- functionpoint
[    0.120185] drivers/pci/probe.c 2643 pci_create_root_bus -- functionpoint
[    0.120188] drivers/pci/probe.c 533 pci_alloc_host_bridge -- functionpoint
[    0.120189] drivers/pci/probe.c 765 pci_register_host_bridge -- functionpoint
[    0.120191] drivers/pci/search.c 144 pci_find_bus -- functionpoint
[    0.120193] drivers/pci/search.c 145 pci_find_bus functionpoint -- domain_num = 0, bus_num = 0
[    0.120196] drivers/pci/search.c 176 pci_find_next_bus -- functionpoint
[    0.120197] drivers/pci/search.c 157 pci_find_bus not found bus -- functionpoint
[    0.121261] drivers/pci/probe.c 2009 pci_bus_read_dev_vendor_id -- functionpoint
[    0.121276] drivers/pci/probe.c 2009 pci_bus_read_dev_vendor_id -- functionpoint
[    0.121292] drivers/pci/probe.c 2009 pci_bus_read_dev_vendor_id -- functionpoint
[    0.121314] drivers/pci/probe.c 2009 pci_bus_read_dev_vendor_id -- functionpoint
[    0.121325] drivers/pci/probe.c 2009 pci_bus_read_dev_vendor_id -- functionpoint
[    0.121341] drivers/pci/probe.c 2009 pci_bus_read_dev_vendor_id -- functionpoint
[    0.121349] drivers/pci/probe.c 2009 pci_bus_read_dev_vendor_id -- functionpoint
[    0.121362] drivers/pci/probe.c 2009 pci_bus_read_dev_vendor_id -- functionpoint
[    0.121375] drivers/pci/probe.c 2009 pci_bus_read_dev_vendor_id -- functionpoint
[    0.121381] drivers/pci/probe.c 2009 pci_bus_read_dev_vendor_id -- functionpoint
[    0.121392] drivers/pci/probe.c 2009 pci_bus_read_dev_vendor_id -- functionpoint
[    0.121441] drivers/pci/probe.c 2009 pci_bus_read_dev_vendor_id -- functionpoint
[    0.121493] drivers/pci/probe.c 2009 pci_bus_read_dev_vendor_id -- functionpoint
[    0.121546] drivers/pci/probe.c 2009 pci_bus_read_dev_vendor_id -- functionpoint
[    0.121599] drivers/pci/probe.c 2009 pci_bus_read_dev_vendor_id -- functionpoint
[    0.121651] drivers/pci/probe.c 2009 pci_bus_read_dev_vendor_id -- functionpoint
[    0.121704] drivers/pci/probe.c 2009 pci_bus_read_dev_vendor_id -- functionpoint
[    0.121756] drivers/pci/probe.c 2009 pci_bus_read_dev_vendor_id -- functionpoint
[    0.121805] drivers/pci/probe.c 2009 pci_bus_read_dev_vendor_id -- functionpoint
[    0.121859] drivers/pci/probe.c 2009 pci_bus_read_dev_vendor_id -- functionpoint
[    0.121912] drivers/pci/probe.c 2009 pci_bus_read_dev_vendor_id -- functionpoint
[    0.121964] drivers/pci/probe.c 2009 pci_bus_read_dev_vendor_id -- functionpoint
[    0.122017] drivers/pci/probe.c 2009 pci_bus_read_dev_vendor_id -- functionpoint
[    0.122070] drivers/pci/probe.c 2009 pci_bus_read_dev_vendor_id -- functionpoint
[    0.122123] drivers/pci/probe.c 2009 pci_bus_read_dev_vendor_id -- functionpoint
[    0.122176] drivers/pci/probe.c 2009 pci_bus_read_dev_vendor_id -- functionpoint
[    0.122228] drivers/pci/probe.c 2009 pci_bus_read_dev_vendor_id -- functionpoint
[    0.122283] drivers/pci/probe.c 2009 pci_bus_read_dev_vendor_id -- functionpoint
[    0.122336] drivers/pci/probe.c 2009 pci_bus_read_dev_vendor_id -- functionpoint
[    0.122388] drivers/pci/probe.c 2009 pci_bus_read_dev_vendor_id -- functionpoint
[    0.122441] drivers/pci/probe.c 2009 pci_bus_read_dev_vendor_id -- functionpoint
[    0.122494] drivers/pci/probe.c 2009 pci_bus_read_dev_vendor_id -- functionpoint
[    0.122544] drivers/pci/probe.c 2009 pci_bus_read_dev_vendor_id -- functionpoint
[    0.122597] drivers/pci/probe.c 2009 pci_bus_read_dev_vendor_id -- functionpoint
[    0.122650] drivers/pci/probe.c 2009 pci_bus_read_dev_vendor_id -- functionpoint
[    0.122666] drivers/pci/probe.c 2009 pci_bus_read_dev_vendor_id -- functionpoint
[    0.122684] drivers/pci/probe.c 2009 pci_bus_read_dev_vendor_id -- functionpoint
[    0.122699] drivers/pci/probe.c 2009 pci_bus_read_dev_vendor_id -- functionpoint
[    0.122710] drivers/pci/probe.c 2009 pci_bus_read_dev_vendor_id -- functionpoint
[    0.122723] drivers/pci/probe.c 2009 pci_bus_read_dev_vendor_id -- functionpoint
[    0.122729] drivers/pci/probe.c 2009 pci_bus_read_dev_vendor_id -- functionpoint
[    0.122736] drivers/pci/probe.c 2009 pci_bus_read_dev_vendor_id -- functionpoint
[    0.122744] PCI host bridge to bus 0000:00
[    0.122747] pci_bus 0000:00: root bus resource [io  0x0000-0x0cf7 window]
[    0.122748] pci_bus 0000:00: root bus resource [io  0x0d00-0xffff window]
[    0.122749] pci_bus 0000:00: root bus resource [mem 0x000a0000-0x000bffff window]
[    0.122750] pci_bus 0000:00: root bus resource [mem 0xd4800000-0xf7ffffff window]
[    0.122751] pci_bus 0000:00: root bus resource [mem 0x4000000000-0x7fffffffff window]
[    0.122753] pci_bus 0000:00: root bus resource [mem 0xfc800000-0xfe7fffff window]
[    0.122754] pci_bus 0000:00: root bus resource [bus 00-3e]
[    0.122754] drivers/pci/probe.c 2497 pci_scan_child_bus_extend -- functionpoint
[    0.122755] pci_bus 0000:00: drivers/pci/probe.c 2501 pci_scan_child_bus_extend-- functionpoint -- scanning bus
[    0.122759] drivers/pci/probe.c 2281 pci_scan_slot -- functionpoint
[    0.122760] drivers/pci/probe.c 2196 pci_scan_single_device -- functionpoint
[    0.122761] drivers/pci/search.c 206 pci_get_slot -- functionpoint
[    0.122763] drivers/pci/probe.c 2035 pci_scan_device -- functionpoint
[    0.122764] drivers/pci/probe.c 2009 pci_bus_read_dev_vendor_id -- functionpoint
[    0.122767] drivers/pci/probe.c 2048 pci_scan_device -- functionpoint -- dev_vendor: 8086, dev_device: 3e30
[    0.122770] drivers/pci/probe.c 1453 pci_setup_device -- functionpoint
[    0.122776] pci 0000:00:00.0: [8086:3e30] type 00 class 0x060000
[    0.122779] pci 0000:00:00.0: drivers/pci/probe.c 1482 pci_setup_device functionpoint -- [8086:3e30] type 00 class 0x060000 multifunction 00
[    0.122794] drivers/pci/probe.c 1513 pci_setup_device  switch case PCI_HEADER_TYPE_NORMAL -- functionpoint
[    0.122806] drivers/pci/probe.c 2145 pci_device_add -- functionpoint
[    0.123818] drivers/pci/probe.c 2288 pci_scan_slot -- functionpoint -- fn = 0, devfn = 0, fn+devfn = 0
[    0.123822] drivers/pci/probe.c 2220 next_fn -- functionpoint
[    0.123822] drivers/pci/probe.c 2281 pci_scan_slot -- functionpoint
[    0.123823] drivers/pci/probe.c 2196 pci_scan_single_device -- functionpoint
[    0.123825] drivers/pci/search.c 206 pci_get_slot -- functionpoint
[    0.123827] drivers/pci/probe.c 2035 pci_scan_device -- functionpoint
[    0.123828] drivers/pci/probe.c 2009 pci_bus_read_dev_vendor_id -- functionpoint
[    0.123840] drivers/pci/probe.c 2288 pci_scan_slot -- functionpoint -- fn = 0, devfn = 8, fn+devfn = 8
[    0.123843] drivers/pci/probe.c 2281 pci_scan_slot -- functionpoint
[    0.123844] drivers/pci/probe.c 2196 pci_scan_single_device -- functionpoint
[    0.123845] drivers/pci/search.c 206 pci_get_slot -- functionpoint
[    0.123847] drivers/pci/probe.c 2035 pci_scan_device -- functionpoint
[    0.123848] drivers/pci/probe.c 2009 pci_bus_read_dev_vendor_id -- functionpoint
[    0.123851] drivers/pci/probe.c 2048 pci_scan_device -- functionpoint -- dev_vendor: 8086, dev_device: 3e98
[    0.123854] drivers/pci/probe.c 1453 pci_setup_device -- functionpoint
[    0.123859] pci 0000:00:02.0: [8086:3e98] type 00 class 0x030000
[    0.123862] pci 0000:00:02.0: drivers/pci/probe.c 1482 pci_setup_device functionpoint -- [8086:3e98] type 00 class 0x030000 multifunction 00
[    0.123867] drivers/pci/probe.c 1513 pci_setup_device  switch case PCI_HEADER_TYPE_NORMAL -- functionpoint
[    0.123873] pci 0000:00:02.0: reg 0x10: [mem 0xf0000000-0xf0ffffff 64bit]
[    0.123880] pci 0000:00:02.0: reg 0x18: [mem 0xe0000000-0xefffffff 64bit pref]
[    0.123883] pci 0000:00:02.0: reg 0x20: [io  0x4000-0x403f]
[    0.123889] drivers/pci/probe.c 2145 pci_device_add -- functionpoint
[    0.123896] pci 0000:00:02.0: BAR 2: assigned to efifb
[    0.124932] drivers/pci/probe.c 2288 pci_scan_slot -- functionpoint -- fn = 0, devfn = 16, fn+devfn = 16
[    0.124935] drivers/pci/probe.c 2220 next_fn -- functionpoint
[    0.124935] drivers/pci/probe.c 2281 pci_scan_slot -- functionpoint
[    0.124937] drivers/pci/probe.c 2196 pci_scan_single_device -- functionpoint
[    0.124939] drivers/pci/search.c 206 pci_get_slot -- functionpoint
[    0.124940] drivers/pci/probe.c 2035 pci_scan_device -- functionpoint
[    0.124942] drivers/pci/probe.c 2009 pci_bus_read_dev_vendor_id -- functionpoint
[    0.124953] drivers/pci/probe.c 2288 pci_scan_slot -- functionpoint -- fn = 0, devfn = 24, fn+devfn = 24
[    0.124957] drivers/pci/probe.c 2281 pci_scan_slot -- functionpoint
[    0.124957] drivers/pci/probe.c 2196 pci_scan_single_device -- functionpoint
[    0.124959] drivers/pci/search.c 206 pci_get_slot -- functionpoint
[    0.124960] drivers/pci/probe.c 2035 pci_scan_device -- functionpoint
[    0.124962] drivers/pci/probe.c 2009 pci_bus_read_dev_vendor_id -- functionpoint
[    0.124979] drivers/pci/probe.c 2288 pci_scan_slot -- functionpoint -- fn = 0, devfn = 32, fn+devfn = 32
[    0.124982] drivers/pci/probe.c 2281 pci_scan_slot -- functionpoint
[    0.124983] drivers/pci/probe.c 2196 pci_scan_single_device -- functionpoint
[    0.124984] drivers/pci/search.c 206 pci_get_slot -- functionpoint
[    0.124986] drivers/pci/probe.c 2035 pci_scan_device -- functionpoint
[    0.124987] drivers/pci/probe.c 2009 pci_bus_read_dev_vendor_id -- functionpoint
[    0.125004] drivers/pci/probe.c 2288 pci_scan_slot -- functionpoint -- fn = 0, devfn = 40, fn+devfn = 40
[    0.125007] drivers/pci/probe.c 2281 pci_scan_slot -- functionpoint
[    0.125008] drivers/pci/probe.c 2196 pci_scan_single_device -- functionpoint
[    0.125009] drivers/pci/search.c 206 pci_get_slot -- functionpoint
[    0.125011] drivers/pci/probe.c 2035 pci_scan_device -- functionpoint
[    0.125012] drivers/pci/probe.c 2009 pci_bus_read_dev_vendor_id -- functionpoint
[    0.125029] drivers/pci/probe.c 2288 pci_scan_slot -- functionpoint -- fn = 0, devfn = 48, fn+devfn = 48
[    0.125032] drivers/pci/probe.c 2281 pci_scan_slot -- functionpoint
[    0.125033] drivers/pci/probe.c 2196 pci_scan_single_device -- functionpoint
[    0.125034] drivers/pci/search.c 206 pci_get_slot -- functionpoint
[    0.125036] drivers/pci/probe.c 2035 pci_scan_device -- functionpoint
[    0.125037] drivers/pci/probe.c 2009 pci_bus_read_dev_vendor_id -- functionpoint
[    0.125054] drivers/pci/probe.c 2288 pci_scan_slot -- functionpoint -- fn = 0, devfn = 56, fn+devfn = 56
[    0.125057] drivers/pci/probe.c 2281 pci_scan_slot -- functionpoint
[    0.125058] drivers/pci/probe.c 2196 pci_scan_single_device -- functionpoint
[    0.125059] drivers/pci/search.c 206 pci_get_slot -- functionpoint
[    0.125061] drivers/pci/probe.c 2035 pci_scan_device -- functionpoint
[    0.125062] drivers/pci/probe.c 2009 pci_bus_read_dev_vendor_id -- functionpoint
[    0.125079] drivers/pci/probe.c 2288 pci_scan_slot -- functionpoint -- fn = 0, devfn = 64, fn+devfn = 64
[    0.125082] drivers/pci/probe.c 2281 pci_scan_slot -- functionpoint
[    0.125083] drivers/pci/probe.c 2196 pci_scan_single_device -- functionpoint
[    0.125084] drivers/pci/search.c 206 pci_get_slot -- functionpoint
[    0.125086] drivers/pci/probe.c 2035 pci_scan_device -- functionpoint
[    0.125087] drivers/pci/probe.c 2009 pci_bus_read_dev_vendor_id -- functionpoint
[    0.125104] drivers/pci/probe.c 2288 pci_scan_slot -- functionpoint -- fn = 0, devfn = 72, fn+devfn = 72
[    0.125107] drivers/pci/probe.c 2281 pci_scan_slot -- functionpoint
[    0.125108] drivers/pci/probe.c 2196 pci_scan_single_device -- functionpoint
[    0.125109] drivers/pci/search.c 206 pci_get_slot -- functionpoint
[    0.125111] drivers/pci/probe.c 2035 pci_scan_device -- functionpoint
[    0.125112] drivers/pci/probe.c 2009 pci_bus_read_dev_vendor_id -- functionpoint
[    0.125129] drivers/pci/probe.c 2288 pci_scan_slot -- functionpoint -- fn = 0, devfn = 80, fn+devfn = 80
[    0.125132] drivers/pci/probe.c 2281 pci_scan_slot -- functionpoint
[    0.125133] drivers/pci/probe.c 2196 pci_scan_single_device -- functionpoint
[    0.125134] drivers/pci/search.c 206 pci_get_slot -- functionpoint
[    0.125136] drivers/pci/probe.c 2035 pci_scan_device -- functionpoint
[    0.125137] drivers/pci/probe.c 2009 pci_bus_read_dev_vendor_id -- functionpoint
[    0.125154] drivers/pci/probe.c 2288 pci_scan_slot -- functionpoint -- fn = 0, devfn = 88, fn+devfn = 88
[    0.125157] drivers/pci/probe.c 2281 pci_scan_slot -- functionpoint
[    0.125158] drivers/pci/probe.c 2196 pci_scan_single_device -- functionpoint
[    0.125159] drivers/pci/search.c 206 pci_get_slot -- functionpoint
[    0.125161] drivers/pci/probe.c 2035 pci_scan_device -- functionpoint
[    0.125162] drivers/pci/probe.c 2009 pci_bus_read_dev_vendor_id -- functionpoint
[    0.125179] drivers/pci/probe.c 2288 pci_scan_slot -- functionpoint -- fn = 0, devfn = 96, fn+devfn = 96
[    0.125182] drivers/pci/probe.c 2281 pci_scan_slot -- functionpoint
[    0.125183] drivers/pci/probe.c 2196 pci_scan_single_device -- functionpoint
[    0.125184] drivers/pci/search.c 206 pci_get_slot -- functionpoint
[    0.125186] drivers/pci/probe.c 2035 pci_scan_device -- functionpoint
[    0.125187] drivers/pci/probe.c 2009 pci_bus_read_dev_vendor_id -- functionpoint
[    0.125204] drivers/pci/probe.c 2288 pci_scan_slot -- functionpoint -- fn = 0, devfn = 104, fn+devfn = 104
[    0.125207] drivers/pci/probe.c 2281 pci_scan_slot -- functionpoint
[    0.125208] drivers/pci/probe.c 2196 pci_scan_single_device -- functionpoint
[    0.125209] drivers/pci/search.c 206 pci_get_slot -- functionpoint
[    0.125211] drivers/pci/probe.c 2035 pci_scan_device -- functionpoint
[    0.125212] drivers/pci/probe.c 2009 pci_bus_read_dev_vendor_id -- functionpoint
[    0.125229] drivers/pci/probe.c 2288 pci_scan_slot -- functionpoint -- fn = 0, devfn = 112, fn+devfn = 112
[    0.125232] drivers/pci/probe.c 2281 pci_scan_slot -- functionpoint
[    0.125233] drivers/pci/probe.c 2196 pci_scan_single_device -- functionpoint
[    0.125234] drivers/pci/search.c 206 pci_get_slot -- functionpoint
[    0.125236] drivers/pci/probe.c 2035 pci_scan_device -- functionpoint
[    0.125237] drivers/pci/probe.c 2009 pci_bus_read_dev_vendor_id -- functionpoint
[    0.125254] drivers/pci/probe.c 2288 pci_scan_slot -- functionpoint -- fn = 0, devfn = 120, fn+devfn = 120
[    0.125257] drivers/pci/probe.c 2281 pci_scan_slot -- functionpoint
[    0.125258] drivers/pci/probe.c 2196 pci_scan_single_device -- functionpoint
[    0.125259] drivers/pci/search.c 206 pci_get_slot -- functionpoint
[    0.125261] drivers/pci/probe.c 2035 pci_scan_device -- functionpoint
[    0.125262] drivers/pci/probe.c 2009 pci_bus_read_dev_vendor_id -- functionpoint
[    0.125279] drivers/pci/probe.c 2288 pci_scan_slot -- functionpoint -- fn = 0, devfn = 128, fn+devfn = 128
[    0.125282] drivers/pci/probe.c 2281 pci_scan_slot -- functionpoint
[    0.125283] drivers/pci/probe.c 2196 pci_scan_single_device -- functionpoint
[    0.125284] drivers/pci/search.c 206 pci_get_slot -- functionpoint
[    0.125286] drivers/pci/probe.c 2035 pci_scan_device -- functionpoint
[    0.125287] drivers/pci/probe.c 2009 pci_bus_read_dev_vendor_id -- functionpoint
[    0.125304] drivers/pci/probe.c 2288 pci_scan_slot -- functionpoint -- fn = 0, devfn = 136, fn+devfn = 136
[    0.125307] drivers/pci/probe.c 2281 pci_scan_slot -- functionpoint
[    0.125308] drivers/pci/probe.c 2196 pci_scan_single_device -- functionpoint
[    0.125309] drivers/pci/search.c 206 pci_get_slot -- functionpoint
[    0.125311] drivers/pci/probe.c 2035 pci_scan_device -- functionpoint
[    0.125312] drivers/pci/probe.c 2009 pci_bus_read_dev_vendor_id -- functionpoint
[    0.125317] drivers/pci/probe.c 2048 pci_scan_device -- functionpoint -- dev_vendor: 8086, dev_device: a379
[    0.125321] drivers/pci/probe.c 1453 pci_setup_device -- functionpoint
[    0.125332] pci 0000:00:12.0: [8086:a379] type 00 class 0x118000
[    0.125335] pci 0000:00:12.0: drivers/pci/probe.c 1482 pci_setup_device functionpoint -- [8086:a379] type 00 class 0x118000 multifunction 01
[    0.125349] drivers/pci/probe.c 1513 pci_setup_device  switch case PCI_HEADER_TYPE_NORMAL -- functionpoint
[    0.125367] pci 0000:00:12.0: reg 0x10: [mem 0x4000107000-0x4000107fff 64bit]
[    0.125408] drivers/pci/probe.c 2145 pci_device_add -- functionpoint
[    0.126454] drivers/pci/probe.c 2288 pci_scan_slot -- functionpoint -- fn = 0, devfn = 144, fn+devfn = 144
[    0.126457] drivers/pci/probe.c 2220 next_fn -- functionpoint
[    0.126458] drivers/pci/probe.c 2196 pci_scan_single_device -- functionpoint
[    0.126459] drivers/pci/search.c 206 pci_get_slot -- functionpoint
[    0.126461] drivers/pci/probe.c 2035 pci_scan_device -- functionpoint
[    0.126462] drivers/pci/probe.c 2009 pci_bus_read_dev_vendor_id -- functionpoint
[    0.126474] drivers/pci/probe.c 2298 pci_scan_slot -- functionpoint -- fn = 1, devfn = 144, fn+devfn = 145
[    0.126477] drivers/pci/probe.c 2220 next_fn -- functionpoint
[    0.126477] drivers/pci/probe.c 2196 pci_scan_single_device -- functionpoint
[    0.126479] drivers/pci/search.c 206 pci_get_slot -- functionpoint
[    0.126480] drivers/pci/probe.c 2035 pci_scan_device -- functionpoint
[    0.126482] drivers/pci/probe.c 2009 pci_bus_read_dev_vendor_id -- functionpoint
[    0.126499] drivers/pci/probe.c 2298 pci_scan_slot -- functionpoint -- fn = 2, devfn = 144, fn+devfn = 146
[    0.126502] drivers/pci/probe.c 2220 next_fn -- functionpoint
[    0.126502] drivers/pci/probe.c 2196 pci_scan_single_device -- functionpoint
[    0.126504] drivers/pci/search.c 206 pci_get_slot -- functionpoint
[    0.126505] drivers/pci/probe.c 2035 pci_scan_device -- functionpoint
[    0.126507] drivers/pci/probe.c 2009 pci_bus_read_dev_vendor_id -- functionpoint
[    0.126524] drivers/pci/probe.c 2298 pci_scan_slot -- functionpoint -- fn = 3, devfn = 144, fn+devfn = 147
[    0.126527] drivers/pci/probe.c 2220 next_fn -- functionpoint
[    0.126527] drivers/pci/probe.c 2196 pci_scan_single_device -- functionpoint
[    0.126529] drivers/pci/search.c 206 pci_get_slot -- functionpoint
[    0.126530] drivers/pci/probe.c 2035 pci_scan_device -- functionpoint
[    0.126532] drivers/pci/probe.c 2009 pci_bus_read_dev_vendor_id -- functionpoint
[    0.126549] drivers/pci/probe.c 2298 pci_scan_slot -- functionpoint -- fn = 4, devfn = 144, fn+devfn = 148
[    0.126552] drivers/pci/probe.c 2220 next_fn -- functionpoint
[    0.126552] drivers/pci/probe.c 2196 pci_scan_single_device -- functionpoint
[    0.126554] drivers/pci/search.c 206 pci_get_slot -- functionpoint
[    0.126555] drivers/pci/probe.c 2035 pci_scan_device -- functionpoint
[    0.126557] drivers/pci/probe.c 2009 pci_bus_read_dev_vendor_id -- functionpoint
[    0.126573] drivers/pci/probe.c 2298 pci_scan_slot -- functionpoint -- fn = 5, devfn = 144, fn+devfn = 149
[    0.126577] drivers/pci/probe.c 2220 next_fn -- functionpoint
[    0.126577] drivers/pci/probe.c 2196 pci_scan_single_device -- functionpoint
[    0.126579] drivers/pci/search.c 206 pci_get_slot -- functionpoint
[    0.126580] drivers/pci/probe.c 2035 pci_scan_device -- functionpoint
[    0.126582] drivers/pci/probe.c 2009 pci_bus_read_dev_vendor_id -- functionpoint
[    0.126593] drivers/pci/probe.c 2298 pci_scan_slot -- functionpoint -- fn = 6, devfn = 144, fn+devfn = 150
[    0.126596] drivers/pci/probe.c 2220 next_fn -- functionpoint
[    0.126597] drivers/pci/probe.c 2196 pci_scan_single_device -- functionpoint
[    0.126598] drivers/pci/search.c 206 pci_get_slot -- functionpoint
[    0.126600] drivers/pci/probe.c 2035 pci_scan_device -- functionpoint
[    0.126601] drivers/pci/probe.c 2009 pci_bus_read_dev_vendor_id -- functionpoint
[    0.126619] drivers/pci/probe.c 2298 pci_scan_slot -- functionpoint -- fn = 7, devfn = 144, fn+devfn = 151
[    0.126623] drivers/pci/probe.c 2220 next_fn -- functionpoint
[    0.126623] drivers/pci/probe.c 2281 pci_scan_slot -- functionpoint
[    0.126625] drivers/pci/probe.c 2196 pci_scan_single_device -- functionpoint
[    0.126626] drivers/pci/search.c 206 pci_get_slot -- functionpoint
[    0.126628] drivers/pci/probe.c 2035 pci_scan_device -- functionpoint
[    0.126629] drivers/pci/probe.c 2009 pci_bus_read_dev_vendor_id -- functionpoint
[    0.126639] drivers/pci/probe.c 2288 pci_scan_slot -- functionpoint -- fn = 0, devfn = 152, fn+devfn = 152
[    0.126642] drivers/pci/probe.c 2281 pci_scan_slot -- functionpoint
[    0.126642] drivers/pci/probe.c 2196 pci_scan_single_device -- functionpoint
[    0.126644] drivers/pci/search.c 206 pci_get_slot -- functionpoint
[    0.126646] drivers/pci/probe.c 2035 pci_scan_device -- functionpoint
[    0.126647] drivers/pci/probe.c 2009 pci_bus_read_dev_vendor_id -- functionpoint
[    0.126654] drivers/pci/probe.c 2048 pci_scan_device -- functionpoint -- dev_vendor: 8086, dev_device: a36d
[    0.126657] drivers/pci/probe.c 1453 pci_setup_device -- functionpoint
[    0.126670] pci 0000:00:14.0: [8086:a36d] type 00 class 0x0c0330
[    0.126673] pci 0000:00:14.0: drivers/pci/probe.c 1482 pci_setup_device functionpoint -- [8086:a36d] type 00 class 0x0c0330 multifunction 01
[    0.126688] drivers/pci/probe.c 1513 pci_setup_device  switch case PCI_HEADER_TYPE_NORMAL -- functionpoint
[    0.126708] pci 0000:00:14.0: reg 0x10: [mem 0xf1220000-0xf122ffff 64bit]
[    0.126763] drivers/pci/probe.c 2145 pci_device_add -- functionpoint
[    0.126813] pci 0000:00:14.0: PME# supported from D3hot D3cold
[    0.127890] drivers/pci/probe.c 2288 pci_scan_slot -- functionpoint -- fn = 0, devfn = 160, fn+devfn = 160
[    0.127893] drivers/pci/probe.c 2220 next_fn -- functionpoint
[    0.127893] drivers/pci/probe.c 2196 pci_scan_single_device -- functionpoint
[    0.127895] drivers/pci/search.c 206 pci_get_slot -- functionpoint
[    0.127897] drivers/pci/probe.c 2035 pci_scan_device -- functionpoint
[    0.127898] drivers/pci/probe.c 2009 pci_bus_read_dev_vendor_id -- functionpoint
[    0.127909] drivers/pci/probe.c 2298 pci_scan_slot -- functionpoint -- fn = 1, devfn = 160, fn+devfn = 161
[    0.127912] drivers/pci/probe.c 2220 next_fn -- functionpoint
[    0.127913] drivers/pci/probe.c 2196 pci_scan_single_device -- functionpoint
[    0.127914] drivers/pci/search.c 206 pci_get_slot -- functionpoint
[    0.127916] drivers/pci/probe.c 2035 pci_scan_device -- functionpoint
[    0.127917] drivers/pci/probe.c 2009 pci_bus_read_dev_vendor_id -- functionpoint
[    0.127929] drivers/pci/probe.c 2048 pci_scan_device -- functionpoint -- dev_vendor: 8086, dev_device: a36f
[    0.127932] drivers/pci/probe.c 1453 pci_setup_device -- functionpoint
[    0.127942] pci 0000:00:14.2: [8086:a36f] type 00 class 0x050000
[    0.127945] pci 0000:00:14.2: drivers/pci/probe.c 1482 pci_setup_device functionpoint -- [8086:a36f] type 00 class 0x050000 multifunction 00
[    0.127958] drivers/pci/probe.c 1513 pci_setup_device  switch case PCI_HEADER_TYPE_NORMAL -- functionpoint
[    0.127974] pci 0000:00:14.2: reg 0x10: [mem 0xf1232000-0xf1233fff 64bit]
[    0.127990] pci 0000:00:14.2: reg 0x18: [mem 0x4000106000-0x4000106fff 64bit]
[    0.128014] drivers/pci/probe.c 2145 pci_device_add -- functionpoint
[    0.129048] drivers/pci/probe.c 2298 pci_scan_slot -- functionpoint -- fn = 2, devfn = 160, fn+devfn = 162
[    0.129052] drivers/pci/probe.c 2220 next_fn -- functionpoint
[    0.129052] drivers/pci/probe.c 2196 pci_scan_single_device -- functionpoint
[    0.129054] drivers/pci/search.c 206 pci_get_slot -- functionpoint
[    0.129056] drivers/pci/probe.c 2035 pci_scan_device -- functionpoint
[    0.129057] drivers/pci/probe.c 2009 pci_bus_read_dev_vendor_id -- functionpoint
[    0.129063] drivers/pci/probe.c 2298 pci_scan_slot -- functionpoint -- fn = 3, devfn = 160, fn+devfn = 163
[    0.129066] drivers/pci/probe.c 2220 next_fn -- functionpoint
[    0.129067] drivers/pci/probe.c 2196 pci_scan_single_device -- functionpoint
[    0.129068] drivers/pci/search.c 206 pci_get_slot -- functionpoint
[    0.129070] drivers/pci/probe.c 2035 pci_scan_device -- functionpoint
[    0.129071] drivers/pci/probe.c 2009 pci_bus_read_dev_vendor_id -- functionpoint
[    0.129090] drivers/pci/probe.c 2298 pci_scan_slot -- functionpoint -- fn = 4, devfn = 160, fn+devfn = 164
[    0.129094] drivers/pci/probe.c 2220 next_fn -- functionpoint
[    0.129094] drivers/pci/probe.c 2196 pci_scan_single_device -- functionpoint
[    0.129095] drivers/pci/search.c 206 pci_get_slot -- functionpoint
[    0.129097] drivers/pci/probe.c 2035 pci_scan_device -- functionpoint
[    0.129099] drivers/pci/probe.c 2009 pci_bus_read_dev_vendor_id -- functionpoint
[    0.129115] drivers/pci/probe.c 2298 pci_scan_slot -- functionpoint -- fn = 5, devfn = 160, fn+devfn = 165
[    0.129119] drivers/pci/probe.c 2220 next_fn -- functionpoint
[    0.129119] drivers/pci/probe.c 2196 pci_scan_single_device -- functionpoint
[    0.129120] drivers/pci/search.c 206 pci_get_slot -- functionpoint
[    0.129122] drivers/pci/probe.c 2035 pci_scan_device -- functionpoint
[    0.129124] drivers/pci/probe.c 2009 pci_bus_read_dev_vendor_id -- functionpoint
[    0.129140] drivers/pci/probe.c 2298 pci_scan_slot -- functionpoint -- fn = 6, devfn = 160, fn+devfn = 166
[    0.129144] drivers/pci/probe.c 2220 next_fn -- functionpoint
[    0.129144] drivers/pci/probe.c 2196 pci_scan_single_device -- functionpoint
[    0.129145] drivers/pci/search.c 206 pci_get_slot -- functionpoint
[    0.129147] drivers/pci/probe.c 2035 pci_scan_device -- functionpoint
[    0.129149] drivers/pci/probe.c 2009 pci_bus_read_dev_vendor_id -- functionpoint
[    0.129165] drivers/pci/probe.c 2298 pci_scan_slot -- functionpoint -- fn = 7, devfn = 160, fn+devfn = 167
[    0.129169] drivers/pci/probe.c 2220 next_fn -- functionpoint
[    0.129169] drivers/pci/probe.c 2281 pci_scan_slot -- functionpoint
[    0.129170] drivers/pci/probe.c 2196 pci_scan_single_device -- functionpoint
[    0.129172] drivers/pci/search.c 206 pci_get_slot -- functionpoint
[    0.129174] drivers/pci/probe.c 2035 pci_scan_device -- functionpoint
[    0.129175] drivers/pci/probe.c 2009 pci_bus_read_dev_vendor_id -- functionpoint
[    0.129185] drivers/pci/probe.c 2288 pci_scan_slot -- functionpoint -- fn = 0, devfn = 168, fn+devfn = 168
[    0.129188] drivers/pci/probe.c 2281 pci_scan_slot -- functionpoint
[    0.129188] drivers/pci/probe.c 2196 pci_scan_single_device -- functionpoint
[    0.129190] drivers/pci/search.c 206 pci_get_slot -- functionpoint
[    0.129191] drivers/pci/probe.c 2035 pci_scan_device -- functionpoint
[    0.129193] drivers/pci/probe.c 2009 pci_bus_read_dev_vendor_id -- functionpoint
[    0.129196] drivers/pci/probe.c 2048 pci_scan_device -- functionpoint -- dev_vendor: 8086, dev_device: a360
[    0.129200] drivers/pci/probe.c 1453 pci_setup_device -- functionpoint
[    0.129212] pci 0000:00:16.0: [8086:a360] type 00 class 0x078000
[    0.129215] pci 0000:00:16.0: drivers/pci/probe.c 1482 pci_setup_device functionpoint -- [8086:a360] type 00 class 0x078000 multifunction 01
[    0.129233] drivers/pci/probe.c 1513 pci_setup_device  switch case PCI_HEADER_TYPE_NORMAL -- functionpoint
[    0.129250] pci 0000:00:16.0: reg 0x10: [mem 0x4000105000-0x4000105fff 64bit]
[    0.129296] drivers/pci/probe.c 2145 pci_device_add -- functionpoint
[    0.129346] pci 0000:00:16.0: PME# supported from D3hot
[    0.130412] drivers/pci/probe.c 2288 pci_scan_slot -- functionpoint -- fn = 0, devfn = 176, fn+devfn = 176
[    0.130414] drivers/pci/probe.c 2220 next_fn -- functionpoint
[    0.130415] drivers/pci/probe.c 2196 pci_scan_single_device -- functionpoint
[    0.130416] drivers/pci/search.c 206 pci_get_slot -- functionpoint
[    0.130418] drivers/pci/probe.c 2035 pci_scan_device -- functionpoint
[    0.130419] drivers/pci/probe.c 2009 pci_bus_read_dev_vendor_id -- functionpoint
[    0.130428] drivers/pci/probe.c 2298 pci_scan_slot -- functionpoint -- fn = 1, devfn = 176, fn+devfn = 177
[    0.130432] drivers/pci/probe.c 2220 next_fn -- functionpoint
[    0.130432] drivers/pci/probe.c 2196 pci_scan_single_device -- functionpoint
[    0.130434] drivers/pci/search.c 206 pci_get_slot -- functionpoint
[    0.130435] drivers/pci/probe.c 2035 pci_scan_device -- functionpoint
[    0.130437] drivers/pci/probe.c 2009 pci_bus_read_dev_vendor_id -- functionpoint
[    0.130453] drivers/pci/probe.c 2298 pci_scan_slot -- functionpoint -- fn = 2, devfn = 176, fn+devfn = 178
[    0.130457] drivers/pci/probe.c 2220 next_fn -- functionpoint
[    0.130457] drivers/pci/probe.c 2196 pci_scan_single_device -- functionpoint
[    0.130459] drivers/pci/search.c 206 pci_get_slot -- functionpoint
[    0.130460] drivers/pci/probe.c 2035 pci_scan_device -- functionpoint
[    0.130462] drivers/pci/probe.c 2009 pci_bus_read_dev_vendor_id -- functionpoint
[    0.130472] drivers/pci/probe.c 2048 pci_scan_device -- functionpoint -- dev_vendor: 8086, dev_device: a363
[    0.130475] drivers/pci/probe.c 1453 pci_setup_device -- functionpoint
[    0.130486] pci 0000:00:16.3: [8086:a363] type 00 class 0x070002
[    0.130489] pci 0000:00:16.3: drivers/pci/probe.c 1482 pci_setup_device functionpoint -- [8086:a363] type 00 class 0x070002 multifunction 01
[    0.130503] drivers/pci/probe.c 1513 pci_setup_device  switch case PCI_HEADER_TYPE_NORMAL -- functionpoint
[    0.130515] pci 0000:00:16.3: reg 0x10: [io  0x4088-0x408f]
[    0.130525] pci 0000:00:16.3: reg 0x14: [mem 0xf1237000-0xf1237fff]
[    0.130565] drivers/pci/probe.c 2145 pci_device_add -- functionpoint
[    0.131609] drivers/pci/probe.c 2298 pci_scan_slot -- functionpoint -- fn = 3, devfn = 176, fn+devfn = 179
[    0.131613] drivers/pci/probe.c 2220 next_fn -- functionpoint
[    0.131613] drivers/pci/probe.c 2196 pci_scan_single_device -- functionpoint
[    0.131615] drivers/pci/search.c 206 pci_get_slot -- functionpoint
[    0.131617] drivers/pci/probe.c 2035 pci_scan_device -- functionpoint
[    0.131618] drivers/pci/probe.c 2009 pci_bus_read_dev_vendor_id -- functionpoint
[    0.131630] drivers/pci/probe.c 2298 pci_scan_slot -- functionpoint -- fn = 4, devfn = 176, fn+devfn = 180
[    0.131633] drivers/pci/probe.c 2220 next_fn -- functionpoint
[    0.131633] drivers/pci/probe.c 2196 pci_scan_single_device -- functionpoint
[    0.131635] drivers/pci/search.c 206 pci_get_slot -- functionpoint
[    0.131636] drivers/pci/probe.c 2035 pci_scan_device -- functionpoint
[    0.131638] drivers/pci/probe.c 2009 pci_bus_read_dev_vendor_id -- functionpoint
[    0.131654] drivers/pci/probe.c 2298 pci_scan_slot -- functionpoint -- fn = 5, devfn = 176, fn+devfn = 181
[    0.131657] drivers/pci/probe.c 2220 next_fn -- functionpoint
[    0.131658] drivers/pci/probe.c 2196 pci_scan_single_device -- functionpoint
[    0.131659] drivers/pci/search.c 206 pci_get_slot -- functionpoint
[    0.131661] drivers/pci/probe.c 2035 pci_scan_device -- functionpoint
[    0.131663] drivers/pci/probe.c 2009 pci_bus_read_dev_vendor_id -- functionpoint
[    0.131679] drivers/pci/probe.c 2298 pci_scan_slot -- functionpoint -- fn = 6, devfn = 176, fn+devfn = 182
[    0.131682] drivers/pci/probe.c 2220 next_fn -- functionpoint
[    0.131683] drivers/pci/probe.c 2196 pci_scan_single_device -- functionpoint
[    0.131684] drivers/pci/search.c 206 pci_get_slot -- functionpoint
[    0.131686] drivers/pci/probe.c 2035 pci_scan_device -- functionpoint
[    0.131687] drivers/pci/probe.c 2009 pci_bus_read_dev_vendor_id -- functionpoint
[    0.131704] drivers/pci/probe.c 2298 pci_scan_slot -- functionpoint -- fn = 7, devfn = 176, fn+devfn = 183
[    0.131707] drivers/pci/probe.c 2220 next_fn -- functionpoint
[    0.131708] drivers/pci/probe.c 2281 pci_scan_slot -- functionpoint
[    0.131709] drivers/pci/probe.c 2196 pci_scan_single_device -- functionpoint
[    0.131711] drivers/pci/search.c 206 pci_get_slot -- functionpoint
[    0.131713] drivers/pci/probe.c 2035 pci_scan_device -- functionpoint
[    0.131714] drivers/pci/probe.c 2009 pci_bus_read_dev_vendor_id -- functionpoint
[    0.131725] drivers/pci/probe.c 2048 pci_scan_device -- functionpoint -- dev_vendor: 8086, dev_device: a352
[    0.131729] drivers/pci/probe.c 1453 pci_setup_device -- functionpoint
[    0.131741] pci 0000:00:17.0: [8086:a352] type 00 class 0x010601
[    0.131744] pci 0000:00:17.0: drivers/pci/probe.c 1482 pci_setup_device functionpoint -- [8086:a352] type 00 class 0x010601 multifunction 00
[    0.131760] drivers/pci/probe.c 1513 pci_setup_device  switch case PCI_HEADER_TYPE_NORMAL -- functionpoint
[    0.131774] pci 0000:00:17.0: reg 0x10: [mem 0xf1230000-0xf1231fff]
[    0.131787] pci 0000:00:17.0: reg 0x14: [mem 0xf1236000-0xf12360ff]
[    0.131798] pci 0000:00:17.0: reg 0x18: [io  0x4080-0x4087]
[    0.131809] pci 0000:00:17.0: reg 0x1c: [io  0x4090-0x4093]
[    0.131821] pci 0000:00:17.0: reg 0x20: [io  0x4060-0x407f]
[    0.131832] pci 0000:00:17.0: reg 0x24: [mem 0xf1235000-0xf12357ff]
[    0.131845] drivers/pci/probe.c 2145 pci_device_add -- functionpoint
[    0.131894] pci 0000:00:17.0: PME# supported from D3hot
[    0.132992] drivers/pci/probe.c 2288 pci_scan_slot -- functionpoint -- fn = 0, devfn = 184, fn+devfn = 184
[    0.132995] drivers/pci/probe.c 2220 next_fn -- functionpoint
[    0.132995] drivers/pci/probe.c 2281 pci_scan_slot -- functionpoint
[    0.132997] drivers/pci/probe.c 2196 pci_scan_single_device -- functionpoint
[    0.132998] drivers/pci/search.c 206 pci_get_slot -- functionpoint
[    0.133000] drivers/pci/probe.c 2035 pci_scan_device -- functionpoint
[    0.133002] drivers/pci/probe.c 2009 pci_bus_read_dev_vendor_id -- functionpoint
[    0.133013] drivers/pci/probe.c 2288 pci_scan_slot -- functionpoint -- fn = 0, devfn = 192, fn+devfn = 192
[    0.133017] drivers/pci/probe.c 2281 pci_scan_slot -- functionpoint
[    0.133017] drivers/pci/probe.c 2196 pci_scan_single_device -- functionpoint
[    0.133019] drivers/pci/search.c 206 pci_get_slot -- functionpoint
[    0.133020] drivers/pci/probe.c 2035 pci_scan_device -- functionpoint
[    0.133022] drivers/pci/probe.c 2009 pci_bus_read_dev_vendor_id -- functionpoint
[    0.133031] drivers/pci/probe.c 2288 pci_scan_slot -- functionpoint -- fn = 0, devfn = 200, fn+devfn = 200
[    0.133034] drivers/pci/probe.c 2281 pci_scan_slot -- functionpoint
[    0.133034] drivers/pci/probe.c 2196 pci_scan_single_device -- functionpoint
[    0.133036] drivers/pci/search.c 206 pci_get_slot -- functionpoint
[    0.133038] drivers/pci/probe.c 2035 pci_scan_device -- functionpoint
[    0.133039] drivers/pci/probe.c 2009 pci_bus_read_dev_vendor_id -- functionpoint
[    0.133056] drivers/pci/probe.c 2288 pci_scan_slot -- functionpoint -- fn = 0, devfn = 208, fn+devfn = 208
[    0.133059] drivers/pci/probe.c 2281 pci_scan_slot -- functionpoint
[    0.133059] drivers/pci/probe.c 2196 pci_scan_single_device -- functionpoint
[    0.133061] drivers/pci/search.c 206 pci_get_slot -- functionpoint
[    0.133063] drivers/pci/probe.c 2035 pci_scan_device -- functionpoint
[    0.133064] drivers/pci/probe.c 2009 pci_bus_read_dev_vendor_id -- functionpoint
[    0.133072] drivers/pci/probe.c 2048 pci_scan_device -- functionpoint -- dev_vendor: 8086, dev_device: a32c
[    0.133076] drivers/pci/probe.c 1453 pci_setup_device -- functionpoint
[    0.133088] pci 0000:00:1b.0: [8086:a32c] type 01 class 0x060400
[    0.133091] pci 0000:00:1b.0: drivers/pci/probe.c 1482 pci_setup_device functionpoint -- [8086:a32c] type 01 class 0x060400 multifunction 01
[    0.133112] drivers/pci/probe.c 1566 pci_setup_device switch case PCI_HEADER_TYPE_BRIDGE -- functionpoint
[    0.133157] drivers/pci/probe.c 2145 pci_device_add -- functionpoint
[    0.133240] pci 0000:00:1b.0: PME# supported from D0 D3hot D3cold
[    0.133274] pci 0000:00:1b.0: PTM enabled (root), 4dns granularity
[    0.134360] drivers/pci/probe.c 2288 pci_scan_slot -- functionpoint -- fn = 0, devfn = 216, fn+devfn = 216
[    0.134362] drivers/pci/probe.c 2220 next_fn -- functionpoint
[    0.134362] drivers/pci/probe.c 2196 pci_scan_single_device -- functionpoint
[    0.134364] drivers/pci/search.c 206 pci_get_slot -- functionpoint
[    0.134366] drivers/pci/probe.c 2035 pci_scan_device -- functionpoint
[    0.134367] drivers/pci/probe.c 2009 pci_bus_read_dev_vendor_id -- functionpoint
[    0.134378] drivers/pci/probe.c 2298 pci_scan_slot -- functionpoint -- fn = 1, devfn = 216, fn+devfn = 217
[    0.134382] drivers/pci/probe.c 2220 next_fn -- functionpoint
[    0.134382] drivers/pci/probe.c 2196 pci_scan_single_device -- functionpoint
[    0.134383] drivers/pci/search.c 206 pci_get_slot -- functionpoint
[    0.134385] drivers/pci/probe.c 2035 pci_scan_device -- functionpoint
[    0.134387] drivers/pci/probe.c 2009 pci_bus_read_dev_vendor_id -- functionpoint
[    0.134403] drivers/pci/probe.c 2298 pci_scan_slot -- functionpoint -- fn = 2, devfn = 216, fn+devfn = 218
[    0.134406] drivers/pci/probe.c 2220 next_fn -- functionpoint
[    0.134407] drivers/pci/probe.c 2196 pci_scan_single_device -- functionpoint
[    0.134408] drivers/pci/search.c 206 pci_get_slot -- functionpoint
[    0.134410] drivers/pci/probe.c 2035 pci_scan_device -- functionpoint
[    0.134411] drivers/pci/probe.c 2009 pci_bus_read_dev_vendor_id -- functionpoint
[    0.134428] drivers/pci/probe.c 2298 pci_scan_slot -- functionpoint -- fn = 3, devfn = 216, fn+devfn = 219
[    0.134431] drivers/pci/probe.c 2220 next_fn -- functionpoint
[    0.134432] drivers/pci/probe.c 2196 pci_scan_single_device -- functionpoint
[    0.134433] drivers/pci/search.c 206 pci_get_slot -- functionpoint
[    0.134435] drivers/pci/probe.c 2035 pci_scan_device -- functionpoint
[    0.134436] drivers/pci/probe.c 2009 pci_bus_read_dev_vendor_id -- functionpoint
[    0.134453] drivers/pci/probe.c 2298 pci_scan_slot -- functionpoint -- fn = 4, devfn = 216, fn+devfn = 220
[    0.134456] drivers/pci/probe.c 2220 next_fn -- functionpoint
[    0.134456] drivers/pci/probe.c 2196 pci_scan_single_device -- functionpoint
[    0.134458] drivers/pci/search.c 206 pci_get_slot -- functionpoint
[    0.134459] drivers/pci/probe.c 2035 pci_scan_device -- functionpoint
[    0.134461] drivers/pci/probe.c 2009 pci_bus_read_dev_vendor_id -- functionpoint
[    0.134478] drivers/pci/probe.c 2298 pci_scan_slot -- functionpoint -- fn = 5, devfn = 216, fn+devfn = 221
[    0.134481] drivers/pci/probe.c 2220 next_fn -- functionpoint
[    0.134482] drivers/pci/probe.c 2196 pci_scan_single_device -- functionpoint
[    0.134483] drivers/pci/search.c 206 pci_get_slot -- functionpoint
[    0.134485] drivers/pci/probe.c 2035 pci_scan_device -- functionpoint
[    0.134486] drivers/pci/probe.c 2009 pci_bus_read_dev_vendor_id -- functionpoint
[    0.134503] drivers/pci/probe.c 2298 pci_scan_slot -- functionpoint -- fn = 6, devfn = 216, fn+devfn = 222
[    0.134506] drivers/pci/probe.c 2220 next_fn -- functionpoint
[    0.134507] drivers/pci/probe.c 2196 pci_scan_single_device -- functionpoint
[    0.134508] drivers/pci/search.c 206 pci_get_slot -- functionpoint
[    0.134510] drivers/pci/probe.c 2035 pci_scan_device -- functionpoint
[    0.134511] drivers/pci/probe.c 2009 pci_bus_read_dev_vendor_id -- functionpoint
[    0.134528] drivers/pci/probe.c 2298 pci_scan_slot -- functionpoint -- fn = 7, devfn = 216, fn+devfn = 223
[    0.134531] drivers/pci/probe.c 2220 next_fn -- functionpoint
[    0.134532] drivers/pci/probe.c 2281 pci_scan_slot -- functionpoint
[    0.134533] drivers/pci/probe.c 2196 pci_scan_single_device -- functionpoint
[    0.134535] drivers/pci/search.c 206 pci_get_slot -- functionpoint
[    0.134536] drivers/pci/probe.c 2035 pci_scan_device -- functionpoint
[    0.134538] drivers/pci/probe.c 2009 pci_bus_read_dev_vendor_id -- functionpoint
[    0.134546] drivers/pci/probe.c 2048 pci_scan_device -- functionpoint -- dev_vendor: 8086, dev_device: a33e
[    0.134549] drivers/pci/probe.c 1453 pci_setup_device -- functionpoint
[    0.134562] pci 0000:00:1c.0: [8086:a33e] type 01 class 0x060400
[    0.134565] pci 0000:00:1c.0: drivers/pci/probe.c 1482 pci_setup_device functionpoint -- [8086:a33e] type 01 class 0x060400 multifunction 01
[    0.134586] drivers/pci/probe.c 1566 pci_setup_device switch case PCI_HEADER_TYPE_BRIDGE -- functionpoint
[    0.134632] drivers/pci/probe.c 2145 pci_device_add -- functionpoint
[    0.134713] pci 0000:00:1c.0: PME# supported from D0 D3hot D3cold
[    0.134749] pci 0000:00:1c.0: PTM enabled (root), 4dns granularity
[    0.135832] drivers/pci/probe.c 2288 pci_scan_slot -- functionpoint -- fn = 0, devfn = 224, fn+devfn = 224
[    0.135834] drivers/pci/probe.c 2220 next_fn -- functionpoint
[    0.135835] drivers/pci/probe.c 2196 pci_scan_single_device -- functionpoint
[    0.135836] drivers/pci/search.c 206 pci_get_slot -- functionpoint
[    0.135838] drivers/pci/probe.c 2035 pci_scan_device -- functionpoint
[    0.135840] drivers/pci/probe.c 2009 pci_bus_read_dev_vendor_id -- functionpoint
[    0.135854] drivers/pci/probe.c 2298 pci_scan_slot -- functionpoint -- fn = 1, devfn = 224, fn+devfn = 225
[    0.135858] drivers/pci/probe.c 2220 next_fn -- functionpoint
[    0.135858] drivers/pci/probe.c 2196 pci_scan_single_device -- functionpoint
[    0.135860] drivers/pci/search.c 206 pci_get_slot -- functionpoint
[    0.135861] drivers/pci/probe.c 2035 pci_scan_device -- functionpoint
[    0.135863] drivers/pci/probe.c 2009 pci_bus_read_dev_vendor_id -- functionpoint
[    0.135879] drivers/pci/probe.c 2298 pci_scan_slot -- functionpoint -- fn = 2, devfn = 224, fn+devfn = 226
[    0.135883] drivers/pci/probe.c 2220 next_fn -- functionpoint
[    0.135883] drivers/pci/probe.c 2196 pci_scan_single_device -- functionpoint
[    0.135884] drivers/pci/search.c 206 pci_get_slot -- functionpoint
[    0.135886] drivers/pci/probe.c 2035 pci_scan_device -- functionpoint
[    0.135888] drivers/pci/probe.c 2009 pci_bus_read_dev_vendor_id -- functionpoint
[    0.135896] drivers/pci/probe.c 2298 pci_scan_slot -- functionpoint -- fn = 3, devfn = 224, fn+devfn = 227
[    0.135899] drivers/pci/probe.c 2220 next_fn -- functionpoint
[    0.135900] drivers/pci/probe.c 2196 pci_scan_single_device -- functionpoint
[    0.135901] drivers/pci/search.c 206 pci_get_slot -- functionpoint
[    0.135903] drivers/pci/probe.c 2035 pci_scan_device -- functionpoint
[    0.135904] drivers/pci/probe.c 2009 pci_bus_read_dev_vendor_id -- functionpoint
[    0.135922] drivers/pci/probe.c 2298 pci_scan_slot -- functionpoint -- fn = 4, devfn = 224, fn+devfn = 228
[    0.135925] drivers/pci/probe.c 2220 next_fn -- functionpoint
[    0.135926] drivers/pci/probe.c 2196 pci_scan_single_device -- functionpoint
[    0.135927] drivers/pci/search.c 206 pci_get_slot -- functionpoint
[    0.135929] drivers/pci/probe.c 2035 pci_scan_device -- functionpoint
[    0.135930] drivers/pci/probe.c 2009 pci_bus_read_dev_vendor_id -- functionpoint
[    0.135947] drivers/pci/probe.c 2298 pci_scan_slot -- functionpoint -- fn = 5, devfn = 224, fn+devfn = 229
[    0.135950] drivers/pci/probe.c 2220 next_fn -- functionpoint
[    0.135951] drivers/pci/probe.c 2196 pci_scan_single_device -- functionpoint
[    0.135952] drivers/pci/search.c 206 pci_get_slot -- functionpoint
[    0.135954] drivers/pci/probe.c 2035 pci_scan_device -- functionpoint
[    0.135955] drivers/pci/probe.c 2009 pci_bus_read_dev_vendor_id -- functionpoint
[    0.135972] drivers/pci/probe.c 2298 pci_scan_slot -- functionpoint -- fn = 6, devfn = 224, fn+devfn = 230
[    0.135975] drivers/pci/probe.c 2220 next_fn -- functionpoint
[    0.135976] drivers/pci/probe.c 2196 pci_scan_single_device -- functionpoint
[    0.135977] drivers/pci/search.c 206 pci_get_slot -- functionpoint
[    0.135979] drivers/pci/probe.c 2035 pci_scan_device -- functionpoint
[    0.135980] drivers/pci/probe.c 2009 pci_bus_read_dev_vendor_id -- functionpoint
[    0.135997] drivers/pci/probe.c 2298 pci_scan_slot -- functionpoint -- fn = 7, devfn = 224, fn+devfn = 231
[    0.136001] drivers/pci/probe.c 2220 next_fn -- functionpoint
[    0.136001] drivers/pci/probe.c 2281 pci_scan_slot -- functionpoint
[    0.136003] drivers/pci/probe.c 2196 pci_scan_single_device -- functionpoint
[    0.136004] drivers/pci/search.c 206 pci_get_slot -- functionpoint
[    0.136006] drivers/pci/probe.c 2035 pci_scan_device -- functionpoint
[    0.136008] drivers/pci/probe.c 2009 pci_bus_read_dev_vendor_id -- functionpoint
[    0.136019] drivers/pci/probe.c 2288 pci_scan_slot -- functionpoint -- fn = 0, devfn = 232, fn+devfn = 232
[    0.136023] drivers/pci/probe.c 2281 pci_scan_slot -- functionpoint
[    0.136023] drivers/pci/probe.c 2196 pci_scan_single_device -- functionpoint
[    0.136024] drivers/pci/search.c 206 pci_get_slot -- functionpoint
[    0.136026] drivers/pci/probe.c 2035 pci_scan_device -- functionpoint
[    0.136028] drivers/pci/probe.c 2009 pci_bus_read_dev_vendor_id -- functionpoint
[    0.136039] drivers/pci/probe.c 2288 pci_scan_slot -- functionpoint -- fn = 0, devfn = 240, fn+devfn = 240
[    0.136043] drivers/pci/probe.c 2281 pci_scan_slot -- functionpoint
[    0.136043] drivers/pci/probe.c 2196 pci_scan_single_device -- functionpoint
[    0.136044] drivers/pci/search.c 206 pci_get_slot -- functionpoint
[    0.136046] drivers/pci/probe.c 2035 pci_scan_device -- functionpoint
[    0.136048] drivers/pci/probe.c 2009 pci_bus_read_dev_vendor_id -- functionpoint
[    0.136065] drivers/pci/probe.c 2048 pci_scan_device -- functionpoint -- dev_vendor: 8086, dev_device: a306
[    0.136068] drivers/pci/probe.c 1453 pci_setup_device -- functionpoint
[    0.136075] pci 0000:00:1f.0: [8086:a306] type 00 class 0x060100
[    0.136078] pci 0000:00:1f.0: drivers/pci/probe.c 1482 pci_setup_device functionpoint -- [8086:a306] type 00 class 0x060100 multifunction 01
[    0.136088] drivers/pci/probe.c 1513 pci_setup_device  switch case PCI_HEADER_TYPE_NORMAL -- functionpoint
[    0.136164] drivers/pci/probe.c 2145 pci_device_add -- functionpoint
[    0.137209] drivers/pci/probe.c 2288 pci_scan_slot -- functionpoint -- fn = 0, devfn = 248, fn+devfn = 248
[    0.137213] drivers/pci/probe.c 2220 next_fn -- functionpoint
[    0.137213] drivers/pci/probe.c 2196 pci_scan_single_device -- functionpoint
[    0.137215] drivers/pci/search.c 206 pci_get_slot -- functionpoint
[    0.137216] drivers/pci/probe.c 2035 pci_scan_device -- functionpoint
[    0.137218] drivers/pci/probe.c 2009 pci_bus_read_dev_vendor_id -- functionpoint
[    0.137227] drivers/pci/probe.c 2298 pci_scan_slot -- functionpoint -- fn = 1, devfn = 248, fn+devfn = 249
[    0.137230] drivers/pci/probe.c 2220 next_fn -- functionpoint
[    0.137231] drivers/pci/probe.c 2196 pci_scan_single_device -- functionpoint
[    0.137232] drivers/pci/search.c 206 pci_get_slot -- functionpoint
[    0.137234] drivers/pci/probe.c 2035 pci_scan_device -- functionpoint
[    0.137235] drivers/pci/probe.c 2009 pci_bus_read_dev_vendor_id -- functionpoint
[    0.137252] drivers/pci/probe.c 2298 pci_scan_slot -- functionpoint -- fn = 2, devfn = 248, fn+devfn = 250
[    0.137255] drivers/pci/probe.c 2220 next_fn -- functionpoint
[    0.137256] drivers/pci/probe.c 2196 pci_scan_single_device -- functionpoint
[    0.137257] drivers/pci/search.c 206 pci_get_slot -- functionpoint
[    0.137259] drivers/pci/probe.c 2035 pci_scan_device -- functionpoint
[    0.137260] drivers/pci/probe.c 2009 pci_bus_read_dev_vendor_id -- functionpoint
[    0.137272] drivers/pci/probe.c 2048 pci_scan_device -- functionpoint -- dev_vendor: 8086, dev_device: a348
[    0.137276] drivers/pci/probe.c 1453 pci_setup_device -- functionpoint
[    0.137301] pci 0000:00:1f.3: [8086:a348] type 00 class 0x040300
[    0.137304] pci 0000:00:1f.3: drivers/pci/probe.c 1482 pci_setup_device functionpoint -- [8086:a348] type 00 class 0x040300 multifunction 00
[    0.137337] drivers/pci/probe.c 1513 pci_setup_device  switch case PCI_HEADER_TYPE_NORMAL -- functionpoint
[    0.137379] pci 0000:00:1f.3: reg 0x10: [mem 0x4000100000-0x4000103fff 64bit]
[    0.137445] pci 0000:00:1f.3: reg 0x20: [mem 0x4000000000-0x40000fffff 64bit]
[    0.137470] drivers/pci/probe.c 2145 pci_device_add -- functionpoint
[    0.137579] pci 0000:00:1f.3: PME# supported from D3hot D3cold
[    0.138724] drivers/pci/probe.c 2298 pci_scan_slot -- functionpoint -- fn = 3, devfn = 248, fn+devfn = 251
[    0.138727] drivers/pci/probe.c 2220 next_fn -- functionpoint
[    0.138727] drivers/pci/probe.c 2196 pci_scan_single_device -- functionpoint
[    0.138729] drivers/pci/search.c 206 pci_get_slot -- functionpoint
[    0.138730] drivers/pci/probe.c 2035 pci_scan_device -- functionpoint
[    0.138732] drivers/pci/probe.c 2009 pci_bus_read_dev_vendor_id -- functionpoint
[    0.138744] drivers/pci/probe.c 2048 pci_scan_device -- functionpoint -- dev_vendor: 8086, dev_device: a323
[    0.138748] drivers/pci/probe.c 1453 pci_setup_device -- functionpoint
[    0.138767] pci 0000:00:1f.4: [8086:a323] type 00 class 0x0c0500
[    0.138770] pci 0000:00:1f.4: drivers/pci/probe.c 1482 pci_setup_device functionpoint -- [8086:a323] type 00 class 0x0c0500 multifunction 00
[    0.138790] drivers/pci/probe.c 1513 pci_setup_device  switch case PCI_HEADER_TYPE_NORMAL -- functionpoint
[    0.138836] pci 0000:00:1f.4: reg 0x10: [mem 0x4000104000-0x40001040ff 64bit]
[    0.138898] pci 0000:00:1f.4: reg 0x20: [io  0xefa0-0xefbf]
[    0.138946] drivers/pci/probe.c 2145 pci_device_add -- functionpoint
[    0.140007] drivers/pci/probe.c 2298 pci_scan_slot -- functionpoint -- fn = 4, devfn = 248, fn+devfn = 252
[    0.140010] drivers/pci/probe.c 2220 next_fn -- functionpoint
[    0.140011] drivers/pci/probe.c 2196 pci_scan_single_device -- functionpoint
[    0.140012] drivers/pci/search.c 206 pci_get_slot -- functionpoint
[    0.140014] drivers/pci/probe.c 2035 pci_scan_device -- functionpoint
[    0.140016] drivers/pci/probe.c 2009 pci_bus_read_dev_vendor_id -- functionpoint
[    0.140026] drivers/pci/probe.c 2048 pci_scan_device -- functionpoint -- dev_vendor: 8086, dev_device: a324
[    0.140029] drivers/pci/probe.c 1453 pci_setup_device -- functionpoint
[    0.140036] pci 0000:00:1f.5: [8086:a324] type 00 class 0x0c8000
[    0.140039] pci 0000:00:1f.5: drivers/pci/probe.c 1482 pci_setup_device functionpoint -- [8086:a324] type 00 class 0x0c8000 multifunction 00
[    0.140048] drivers/pci/probe.c 1513 pci_setup_device  switch case PCI_HEADER_TYPE_NORMAL -- functionpoint
[    0.140062] pci 0000:00:1f.5: reg 0x10: [mem 0xfe010000-0xfe010fff]
[    0.140128] drivers/pci/probe.c 2145 pci_device_add -- functionpoint
[    0.141136] drivers/pci/probe.c 2298 pci_scan_slot -- functionpoint -- fn = 5, devfn = 248, fn+devfn = 253
[    0.141140] drivers/pci/probe.c 2220 next_fn -- functionpoint
[    0.141140] drivers/pci/probe.c 2196 pci_scan_single_device -- functionpoint
[    0.141142] drivers/pci/search.c 206 pci_get_slot -- functionpoint
[    0.141144] drivers/pci/probe.c 2035 pci_scan_device -- functionpoint
[    0.141145] drivers/pci/probe.c 2009 pci_bus_read_dev_vendor_id -- functionpoint
[    0.141149] drivers/pci/probe.c 2048 pci_scan_device -- functionpoint -- dev_vendor: 8086, dev_device: 15bb
[    0.141152] drivers/pci/probe.c 1453 pci_setup_device -- functionpoint
[    0.141173] pci 0000:00:1f.6: [8086:15bb] type 00 class 0x020000
[    0.141175] pci 0000:00:1f.6: drivers/pci/probe.c 1482 pci_setup_device functionpoint -- [8086:15bb] type 00 class 0x020000 multifunction 00
[    0.141186] drivers/pci/search.c 206 pci_get_slot -- functionpoint
[    0.141199] drivers/pci/probe.c 1513 pci_setup_device  switch case PCI_HEADER_TYPE_NORMAL -- functionpoint
[    0.141221] pci 0000:00:1f.6: reg 0x10: [mem 0xf1200000-0xf121ffff]
[    0.141335] drivers/pci/probe.c 2145 pci_device_add -- functionpoint
[    0.141400] pci 0000:00:1f.6: PME# supported from D0 D3hot D3cold
[    0.142415] drivers/pci/probe.c 2298 pci_scan_slot -- functionpoint -- fn = 6, devfn = 248, fn+devfn = 254
[    0.142417] drivers/pci/probe.c 2220 next_fn -- functionpoint
[    0.142418] drivers/pci/probe.c 2196 pci_scan_single_device -- functionpoint
[    0.142419] drivers/pci/search.c 206 pci_get_slot -- functionpoint
[    0.142421] drivers/pci/probe.c 2035 pci_scan_device -- functionpoint
[    0.142423] drivers/pci/probe.c 2009 pci_bus_read_dev_vendor_id -- functionpoint
[    0.142434] drivers/pci/probe.c 2298 pci_scan_slot -- functionpoint -- fn = 7, devfn = 248, fn+devfn = 255
[    0.142438] drivers/pci/probe.c 2220 next_fn -- functionpoint
[    0.142438] drivers/pci/probe.c 463 pci_read_bridge_bases -- functionpoint
[    0.142440] drivers/pci/probe.c 1002 pci_scan_bridge_extend -- functionpoint
[    0.142451] pci 0000:00:1b.0: drivers/pci/probe.c 1016 pci_scan_bridge_extend -- functionpoint -- scanning [bus 01-01] behind bridge, pass 0
[    0.142459] drivers/pci/search.c 144 pci_find_bus -- functionpoint
[    0.142460] drivers/pci/search.c 145 pci_find_bus functionpoint -- domain_num = 0, bus_num = 1
[    0.142463] drivers/pci/search.c 176 pci_find_next_bus -- functionpoint
[    0.142464] drivers/pci/search.c 176 pci_find_next_bus -- functionpoint
[    0.142465] drivers/pci/search.c 157 pci_find_bus not found bus -- functionpoint
[    0.142525] drivers/pci/probe.c 2009 pci_bus_read_dev_vendor_id -- functionpoint
[    0.142542] drivers/pci/probe.c 2497 pci_scan_child_bus_extend -- functionpoint
[    0.142544] pci_bus 0000:01: drivers/pci/probe.c 2501 pci_scan_child_bus_extend-- functionpoint -- scanning bus
[    0.142548] drivers/pci/probe.c 2281 pci_scan_slot -- functionpoint
[    0.142548] drivers/pci/probe.c 2196 pci_scan_single_device -- functionpoint
[    0.142550] drivers/pci/search.c 206 pci_get_slot -- functionpoint
[    0.142551] drivers/pci/probe.c 2035 pci_scan_device -- functionpoint
[    0.142553] drivers/pci/probe.c 2009 pci_bus_read_dev_vendor_id -- functionpoint
[    0.142561] drivers/pci/probe.c 2048 pci_scan_device -- functionpoint -- dev_vendor: 1c5c, dev_device: 1339
[    0.142565] drivers/pci/probe.c 1453 pci_setup_device -- functionpoint
[    0.142582] pci 0000:01:00.0: [1c5c:1339] type 00 class 0x010802
[    0.142584] pci 0000:01:00.0: drivers/pci/probe.c 1482 pci_setup_device functionpoint -- [1c5c:1339] type 00 class 0x010802 multifunction 00
[    0.142611] drivers/pci/probe.c 1513 pci_setup_device  switch case PCI_HEADER_TYPE_NORMAL -- functionpoint
[    0.142632] pci 0000:01:00.0: reg 0x10: [mem 0xf1100000-0xf1103fff 64bit]
[    0.142679] drivers/pci/probe.c 2145 pci_device_add -- functionpoint
[    0.142756] pci 0000:01:00.0: supports D1
[    0.142758] pci 0000:01:00.0: PME# supported from D0 D1 D3hot
[    0.142840] drivers/pci/probe.c 2288 pci_scan_slot -- functionpoint -- fn = 0, devfn = 0, fn+devfn = 0
[    0.142842] drivers/pci/probe.c 2220 next_fn -- functionpoint
[    0.152072] drivers/pci/probe.c 2281 pci_scan_slot -- functionpoint
[    0.152073] drivers/pci/probe.c 2281 pci_scan_slot -- functionpoint
[    0.152075] drivers/pci/probe.c 2281 pci_scan_slot -- functionpoint
[    0.152076] drivers/pci/probe.c 2281 pci_scan_slot -- functionpoint
[    0.152078] drivers/pci/probe.c 2281 pci_scan_slot -- functionpoint
[    0.152080] drivers/pci/probe.c 2281 pci_scan_slot -- functionpoint
[    0.152081] drivers/pci/probe.c 2281 pci_scan_slot -- functionpoint
[    0.152083] drivers/pci/probe.c 2281 pci_scan_slot -- functionpoint
[    0.152084] drivers/pci/probe.c 2281 pci_scan_slot -- functionpoint
[    0.152086] drivers/pci/probe.c 2281 pci_scan_slot -- functionpoint
[    0.152087] drivers/pci/probe.c 2281 pci_scan_slot -- functionpoint
[    0.152089] drivers/pci/probe.c 2281 pci_scan_slot -- functionpoint
[    0.152090] drivers/pci/probe.c 2281 pci_scan_slot -- functionpoint
[    0.152092] drivers/pci/probe.c 2281 pci_scan_slot -- functionpoint
[    0.152093] drivers/pci/probe.c 2281 pci_scan_slot -- functionpoint
[    0.152095] drivers/pci/probe.c 2281 pci_scan_slot -- functionpoint
[    0.152096] drivers/pci/probe.c 2281 pci_scan_slot -- functionpoint
[    0.152098] drivers/pci/probe.c 2281 pci_scan_slot -- functionpoint
[    0.152099] drivers/pci/probe.c 2281 pci_scan_slot -- functionpoint
[    0.152101] drivers/pci/probe.c 2281 pci_scan_slot -- functionpoint
[    0.152102] drivers/pci/probe.c 2281 pci_scan_slot -- functionpoint
[    0.152104] drivers/pci/probe.c 2281 pci_scan_slot -- functionpoint
[    0.152105] drivers/pci/probe.c 2281 pci_scan_slot -- functionpoint
[    0.152107] drivers/pci/probe.c 2281 pci_scan_slot -- functionpoint
[    0.152108] drivers/pci/probe.c 2281 pci_scan_slot -- functionpoint
[    0.152110] drivers/pci/probe.c 2281 pci_scan_slot -- functionpoint
[    0.152111] drivers/pci/probe.c 2281 pci_scan_slot -- functionpoint
[    0.152113] drivers/pci/probe.c 2281 pci_scan_slot -- functionpoint
[    0.152115] drivers/pci/probe.c 2281 pci_scan_slot -- functionpoint
[    0.152116] drivers/pci/probe.c 2281 pci_scan_slot -- functionpoint
[    0.152118] drivers/pci/probe.c 2281 pci_scan_slot -- functionpoint
[    0.152119] drivers/pci/probe.c 463 pci_read_bridge_bases -- functionpoint
[    0.152122] pci 0000:00:1b.0: PCI bridge to [bus 01]
[    0.152134] pci 0000:00:1b.0:   bridge window [mem 0xf1100000-0xf11fffff]
[    0.152141] pci_bus 0000:01: drivers/pci/probe.c 2599 pci_scan_child_bus_extend -- functionpoint -- bus scan returning with max=01
[    0.152145] drivers/pci/probe.c 1002 pci_scan_bridge_extend -- functionpoint
[    0.152148] pci 0000:00:1c.0: drivers/pci/probe.c 1016 pci_scan_bridge_extend -- functionpoint -- scanning [bus 02-03] behind bridge, pass 0
[    0.152156] drivers/pci/search.c 144 pci_find_bus -- functionpoint
[    0.152157] drivers/pci/search.c 145 pci_find_bus functionpoint -- domain_num = 0, bus_num = 2
[    0.152160] drivers/pci/search.c 176 pci_find_next_bus -- functionpoint
[    0.152160] drivers/pci/search.c 176 pci_find_next_bus -- functionpoint
[    0.152162] drivers/pci/search.c 157 pci_find_bus not found bus -- functionpoint
[    0.152214] drivers/pci/probe.c 2009 pci_bus_read_dev_vendor_id -- functionpoint
[    0.152228] drivers/pci/probe.c 2497 pci_scan_child_bus_extend -- functionpoint
[    0.152231] pci_bus 0000:02: drivers/pci/probe.c 2501 pci_scan_child_bus_extend-- functionpoint -- scanning bus
[    0.152234] drivers/pci/probe.c 2281 pci_scan_slot -- functionpoint
[    0.152234] drivers/pci/probe.c 2196 pci_scan_single_device -- functionpoint
[    0.152236] drivers/pci/search.c 206 pci_get_slot -- functionpoint
[    0.152238] drivers/pci/probe.c 2035 pci_scan_device -- functionpoint
[    0.152239] drivers/pci/probe.c 2009 pci_bus_read_dev_vendor_id -- functionpoint
[    0.152253] drivers/pci/probe.c 2048 pci_scan_device -- functionpoint -- dev_vendor: 1283, dev_device: 8893
[    0.152256] drivers/pci/probe.c 1453 pci_setup_device -- functionpoint
[    0.152298] pci 0000:02:00.0: [1283:8893] type 01 class 0x060401
[    0.152301] pci 0000:02:00.0: drivers/pci/probe.c 1482 pci_setup_device functionpoint -- [1283:8893] type 01 class 0x060401 multifunction 00
[    0.152357] drivers/pci/probe.c 1566 pci_setup_device switch case PCI_HEADER_TYPE_BRIDGE -- functionpoint
[    0.152553] drivers/pci/probe.c 2145 pci_device_add -- functionpoint
[    0.152723] pci 0000:02:00.0: supports D1 D2
[    0.152726] pci 0000:02:00.0: PME# supported from D0 D1 D2 D3hot D3cold
[    0.152840] drivers/pci/probe.c 2288 pci_scan_slot -- functionpoint -- fn = 0, devfn = 0, fn+devfn = 0
[    0.152842] drivers/pci/probe.c 2220 next_fn -- functionpoint
[    0.152851] drivers/pci/probe.c 2281 pci_scan_slot -- functionpoint
[    0.152852] drivers/pci/probe.c 2281 pci_scan_slot -- functionpoint
[    0.152854] drivers/pci/probe.c 2281 pci_scan_slot -- functionpoint
[    0.152855] drivers/pci/probe.c 2281 pci_scan_slot -- functionpoint
[    0.152857] drivers/pci/probe.c 2281 pci_scan_slot -- functionpoint
[    0.152858] drivers/pci/probe.c 2281 pci_scan_slot -- functionpoint
[    0.152860] drivers/pci/probe.c 2281 pci_scan_slot -- functionpoint
[    0.152861] drivers/pci/probe.c 2281 pci_scan_slot -- functionpoint
[    0.152863] drivers/pci/probe.c 2281 pci_scan_slot -- functionpoint
[    0.152864] drivers/pci/probe.c 2281 pci_scan_slot -- functionpoint
[    0.152866] drivers/pci/probe.c 2281 pci_scan_slot -- functionpoint
[    0.152867] drivers/pci/probe.c 2281 pci_scan_slot -- functionpoint
[    0.152869] drivers/pci/probe.c 2281 pci_scan_slot -- functionpoint
[    0.152870] drivers/pci/probe.c 2281 pci_scan_slot -- functionpoint
[    0.152872] drivers/pci/probe.c 2281 pci_scan_slot -- functionpoint
[    0.152873] drivers/pci/probe.c 2281 pci_scan_slot -- functionpoint
[    0.152875] drivers/pci/probe.c 2281 pci_scan_slot -- functionpoint
[    0.152876] drivers/pci/probe.c 2281 pci_scan_slot -- functionpoint
[    0.152878] drivers/pci/probe.c 2281 pci_scan_slot -- functionpoint
[    0.152879] drivers/pci/probe.c 2281 pci_scan_slot -- functionpoint
[    0.152881] drivers/pci/probe.c 2281 pci_scan_slot -- functionpoint
[    0.152882] drivers/pci/probe.c 2281 pci_scan_slot -- functionpoint
[    0.152884] drivers/pci/probe.c 2281 pci_scan_slot -- functionpoint
[    0.152885] drivers/pci/probe.c 2281 pci_scan_slot -- functionpoint
[    0.152887] drivers/pci/probe.c 2281 pci_scan_slot -- functionpoint
[    0.152888] drivers/pci/probe.c 2281 pci_scan_slot -- functionpoint
[    0.152890] drivers/pci/probe.c 2281 pci_scan_slot -- functionpoint
[    0.152891] drivers/pci/probe.c 2281 pci_scan_slot -- functionpoint
[    0.152893] drivers/pci/probe.c 2281 pci_scan_slot -- functionpoint
[    0.152894] drivers/pci/probe.c 2281 pci_scan_slot -- functionpoint
[    0.152896] drivers/pci/probe.c 2281 pci_scan_slot -- functionpoint
[    0.152897] drivers/pci/probe.c 463 pci_read_bridge_bases -- functionpoint
[    0.152900] pci 0000:00:1c.0: PCI bridge to [bus 02-03]
[    0.152910] pci 0000:00:1c.0:   bridge window [io  0x3000-0x3fff]
[    0.152913] pci 0000:00:1c.0:   bridge window [mem 0xf1000000-0xf10fffff]
[    0.152920] drivers/pci/probe.c 1002 pci_scan_bridge_extend -- functionpoint
[    0.152924] pci 0000:02:00.0: drivers/pci/probe.c 1016 pci_scan_bridge_extend -- functionpoint -- scanning [bus 03-03] behind bridge, pass 0
[    0.152933] drivers/pci/search.c 144 pci_find_bus -- functionpoint
[    0.152934] drivers/pci/search.c 145 pci_find_bus functionpoint -- domain_num = 0, bus_num = 3
[    0.152937] drivers/pci/search.c 176 pci_find_next_bus -- functionpoint
[    0.152938] drivers/pci/search.c 176 pci_find_next_bus -- functionpoint
[    0.152939] drivers/pci/search.c 157 pci_find_bus not found bus -- functionpoint
[    0.152992] drivers/pci/probe.c 2497 pci_scan_child_bus_extend -- functionpoint
[    0.152994] pci_bus 0000:03: drivers/pci/probe.c 2501 pci_scan_child_bus_extend-- functionpoint -- scanning bus
[    0.152998] drivers/pci/probe.c 2281 pci_scan_slot -- functionpoint
[    0.152998] drivers/pci/probe.c 2196 pci_scan_single_device -- functionpoint
[    0.153000] drivers/pci/search.c 206 pci_get_slot -- functionpoint
[    0.153001] drivers/pci/probe.c 2035 pci_scan_device -- functionpoint
[    0.153003] drivers/pci/probe.c 2009 pci_bus_read_dev_vendor_id -- functionpoint
[    0.153012] drivers/pci/probe.c 2048 pci_scan_device -- functionpoint -- dev_vendor: 1317, dev_device: 985
[    0.153016] drivers/pci/probe.c 1453 pci_setup_device -- functionpoint
[    0.153033] pci 0000:03:00.0: [1317:0985] type 00 class 0x020000
[    0.153036] pci 0000:03:00.0: drivers/pci/probe.c 1482 pci_setup_device functionpoint -- [1317:0985] type 00 class 0x020000 multifunction 00
[    0.153060] drivers/pci/probe.c 1513 pci_setup_device  switch case PCI_HEADER_TYPE_NORMAL -- functionpoint
[    0.153082] pci 0000:03:00.0: reg 0x10: [io  0x3000-0x30ff]
[    0.153101] pci 0000:03:00.0: reg 0x14: [mem 0xf1000000-0xf10003ff]
[    0.153178] pci 0000:03:00.0: reg 0x30: [mem 0xfffe0000-0xffffffff pref]
[    0.153184] drivers/pci/probe.c 2145 pci_device_add -- functionpoint
[    0.153250] pci 0000:03:00.0: supports D1 D2
[    0.153253] pci 0000:03:00.0: PME# supported from D0 D1 D2 D3hot D3cold
[    0.153288] drivers/pci/probe.c 2288 pci_scan_slot -- functionpoint -- fn = 0, devfn = 0, fn+devfn = 0
[    0.153290] drivers/pci/probe.c 2220 next_fn -- functionpoint
[    0.153291] drivers/pci/probe.c 2281 pci_scan_slot -- functionpoint
[    0.153292] drivers/pci/probe.c 2196 pci_scan_single_device -- functionpoint
[    0.153294] drivers/pci/search.c 206 pci_get_slot -- functionpoint
[    0.153295] drivers/pci/probe.c 2035 pci_scan_device -- functionpoint
[    0.153297] drivers/pci/probe.c 2009 pci_bus_read_dev_vendor_id -- functionpoint
[    0.153306] drivers/pci/probe.c 2288 pci_scan_slot -- functionpoint -- fn = 0, devfn = 8, fn+devfn = 8
[    0.153309] drivers/pci/probe.c 2281 pci_scan_slot -- functionpoint
[    0.153310] drivers/pci/probe.c 2196 pci_scan_single_device -- functionpoint
[    0.153311] drivers/pci/search.c 206 pci_get_slot -- functionpoint
[    0.153313] drivers/pci/probe.c 2035 pci_scan_device -- functionpoint
[    0.153314] drivers/pci/probe.c 2009 pci_bus_read_dev_vendor_id -- functionpoint
[    0.153324] drivers/pci/probe.c 2288 pci_scan_slot -- functionpoint -- fn = 0, devfn = 16, fn+devfn = 16
[    0.153328] drivers/pci/probe.c 2281 pci_scan_slot -- functionpoint
[    0.153328] drivers/pci/probe.c 2196 pci_scan_single_device -- functionpoint
[    0.153330] drivers/pci/search.c 206 pci_get_slot -- functionpoint
[    0.153331] drivers/pci/probe.c 2035 pci_scan_device -- functionpoint
[    0.153333] drivers/pci/probe.c 2009 pci_bus_read_dev_vendor_id -- functionpoint
[    0.153343] drivers/pci/probe.c 2288 pci_scan_slot -- functionpoint -- fn = 0, devfn = 24, fn+devfn = 24
[    0.153347] drivers/pci/probe.c 2281 pci_scan_slot -- functionpoint
[    0.153347] drivers/pci/probe.c 2196 pci_scan_single_device -- functionpoint
[    0.153349] drivers/pci/search.c 206 pci_get_slot -- functionpoint
[    0.153350] drivers/pci/probe.c 2035 pci_scan_device -- functionpoint
[    0.153352] drivers/pci/probe.c 2009 pci_bus_read_dev_vendor_id -- functionpoint
[    0.153364] drivers/pci/probe.c 2288 pci_scan_slot -- functionpoint -- fn = 0, devfn = 32, fn+devfn = 32
[    0.153367] drivers/pci/probe.c 2281 pci_scan_slot -- functionpoint
[    0.153368] drivers/pci/probe.c 2196 pci_scan_single_device -- functionpoint
[    0.153369] drivers/pci/search.c 206 pci_get_slot -- functionpoint
[    0.153371] drivers/pci/probe.c 2035 pci_scan_device -- functionpoint
[    0.153372] drivers/pci/probe.c 2009 pci_bus_read_dev_vendor_id -- functionpoint
[    0.153377] drivers/pci/probe.c 2288 pci_scan_slot -- functionpoint -- fn = 0, devfn = 40, fn+devfn = 40
[    0.153380] drivers/pci/probe.c 2281 pci_scan_slot -- functionpoint
[    0.153381] drivers/pci/probe.c 2196 pci_scan_single_device -- functionpoint
[    0.153382] drivers/pci/search.c 206 pci_get_slot -- functionpoint
[    0.153384] drivers/pci/probe.c 2035 pci_scan_device -- functionpoint
[    0.153385] drivers/pci/probe.c 2009 pci_bus_read_dev_vendor_id -- functionpoint
[    0.153395] drivers/pci/probe.c 2288 pci_scan_slot -- functionpoint -- fn = 0, devfn = 48, fn+devfn = 48
[    0.153398] drivers/pci/probe.c 2281 pci_scan_slot -- functionpoint
[    0.153399] drivers/pci/probe.c 2196 pci_scan_single_device -- functionpoint
[    0.153400] drivers/pci/search.c 206 pci_get_slot -- functionpoint
[    0.153402] drivers/pci/probe.c 2035 pci_scan_device -- functionpoint
[    0.153403] drivers/pci/probe.c 2009 pci_bus_read_dev_vendor_id -- functionpoint
[    0.153408] drivers/pci/probe.c 2288 pci_scan_slot -- functionpoint -- fn = 0, devfn = 56, fn+devfn = 56
[    0.153412] drivers/pci/probe.c 2281 pci_scan_slot -- functionpoint
[    0.153412] drivers/pci/probe.c 2196 pci_scan_single_device -- functionpoint
[    0.153414] drivers/pci/search.c 206 pci_get_slot -- functionpoint
[    0.153415] drivers/pci/probe.c 2035 pci_scan_device -- functionpoint
[    0.153417] drivers/pci/probe.c 2009 pci_bus_read_dev_vendor_id -- functionpoint
[    0.153426] drivers/pci/probe.c 2288 pci_scan_slot -- functionpoint -- fn = 0, devfn = 64, fn+devfn = 64
[    0.153430] drivers/pci/probe.c 2281 pci_scan_slot -- functionpoint
[    0.153430] drivers/pci/probe.c 2196 pci_scan_single_device -- functionpoint
[    0.153432] drivers/pci/search.c 206 pci_get_slot -- functionpoint
[    0.153433] drivers/pci/probe.c 2035 pci_scan_device -- functionpoint
[    0.153435] drivers/pci/probe.c 2009 pci_bus_read_dev_vendor_id -- functionpoint
[    0.153440] drivers/pci/probe.c 2288 pci_scan_slot -- functionpoint -- fn = 0, devfn = 72, fn+devfn = 72
[    0.153443] drivers/pci/probe.c 2281 pci_scan_slot -- functionpoint
[    0.153443] drivers/pci/probe.c 2196 pci_scan_single_device -- functionpoint
[    0.153445] drivers/pci/search.c 206 pci_get_slot -- functionpoint
[    0.153446] drivers/pci/probe.c 2035 pci_scan_device -- functionpoint
[    0.153448] drivers/pci/probe.c 2009 pci_bus_read_dev_vendor_id -- functionpoint
[    0.153458] drivers/pci/probe.c 2288 pci_scan_slot -- functionpoint -- fn = 0, devfn = 80, fn+devfn = 80
[    0.153461] drivers/pci/probe.c 2281 pci_scan_slot -- functionpoint
[    0.153461] drivers/pci/probe.c 2196 pci_scan_single_device -- functionpoint
[    0.153463] drivers/pci/search.c 206 pci_get_slot -- functionpoint
[    0.153464] drivers/pci/probe.c 2035 pci_scan_device -- functionpoint
[    0.153466] drivers/pci/probe.c 2009 pci_bus_read_dev_vendor_id -- functionpoint
[    0.153471] drivers/pci/probe.c 2288 pci_scan_slot -- functionpoint -- fn = 0, devfn = 88, fn+devfn = 88
[    0.153474] drivers/pci/probe.c 2281 pci_scan_slot -- functionpoint
[    0.153474] drivers/pci/probe.c 2196 pci_scan_single_device -- functionpoint
[    0.153476] drivers/pci/search.c 206 pci_get_slot -- functionpoint
[    0.153478] drivers/pci/probe.c 2035 pci_scan_device -- functionpoint
[    0.153479] drivers/pci/probe.c 2009 pci_bus_read_dev_vendor_id -- functionpoint
[    0.153489] drivers/pci/probe.c 2288 pci_scan_slot -- functionpoint -- fn = 0, devfn = 96, fn+devfn = 96
[    0.153492] drivers/pci/probe.c 2281 pci_scan_slot -- functionpoint
[    0.153492] drivers/pci/probe.c 2196 pci_scan_single_device -- functionpoint
[    0.153494] drivers/pci/search.c 206 pci_get_slot -- functionpoint
[    0.153496] drivers/pci/probe.c 2035 pci_scan_device -- functionpoint
[    0.153497] drivers/pci/probe.c 2009 pci_bus_read_dev_vendor_id -- functionpoint
[    0.153502] drivers/pci/probe.c 2288 pci_scan_slot -- functionpoint -- fn = 0, devfn = 104, fn+devfn = 104
[    0.153505] drivers/pci/probe.c 2281 pci_scan_slot -- functionpoint
[    0.153506] drivers/pci/probe.c 2196 pci_scan_single_device -- functionpoint
[    0.153507] drivers/pci/search.c 206 pci_get_slot -- functionpoint
[    0.153509] drivers/pci/probe.c 2035 pci_scan_device -- functionpoint
[    0.153511] drivers/pci/probe.c 2009 pci_bus_read_dev_vendor_id -- functionpoint
[    0.153520] drivers/pci/probe.c 2288 pci_scan_slot -- functionpoint -- fn = 0, devfn = 112, fn+devfn = 112
[    0.153523] drivers/pci/probe.c 2281 pci_scan_slot -- functionpoint
[    0.153524] drivers/pci/probe.c 2196 pci_scan_single_device -- functionpoint
[    0.153525] drivers/pci/search.c 206 pci_get_slot -- functionpoint
[    0.153527] drivers/pci/probe.c 2035 pci_scan_device -- functionpoint
[    0.153528] drivers/pci/probe.c 2009 pci_bus_read_dev_vendor_id -- functionpoint
