[    0.000000] microcode: microcode updated early to revision 0xd6, date = 2020-04-23
[    0.000000] Linux version 4.15.9+ (root@Yee-680G4) (gcc version 5.5.0 20171010 (Ubuntu 5.5.0-12ubuntu1~16.04)) #36 SMP Wed Oct 28 18:02:45 CST 2020
[    0.000000] Command line: BOOT_IMAGE=/boot/vmlinuz-4.15.9+ root=/dev/nvme0n1p2 acpi=off
[    0.000000] KERNEL supported cpus:
[    0.000000]   Intel GenuineIntel
[    0.000000]   AMD AuthenticAMD
[    0.000000]   Centaur CentaurHauls
[    0.000000] x86/fpu: Supporting XSAVE feature 0x001: 'x87 floating point registers'
[    0.000000] x86/fpu: Supporting XSAVE feature 0x002: 'SSE registers'
[    0.000000] x86/fpu: Supporting XSAVE feature 0x004: 'AVX registers'
[    0.000000] x86/fpu: Supporting XSAVE feature 0x008: 'MPX bounds registers'
[    0.000000] x86/fpu: Supporting XSAVE feature 0x010: 'MPX CSR'
[    0.000000] x86/fpu: xstate_offset[2]:  576, xstate_sizes[2]:  256
[    0.000000] x86/fpu: xstate_offset[3]:  832, xstate_sizes[3]:   64
[    0.000000] x86/fpu: xstate_offset[4]:  896, xstate_sizes[4]:   64
[    0.000000] x86/fpu: Enabled xstate features 0x1f, context size is 960 bytes, using 'compacted' format.
[    0.000000] e820: BIOS-provided physical RAM map:
[    0.000000] BIOS-e820: [mem 0x0000000000000000-0x000000000009efff] usable
[    0.000000] BIOS-e820: [mem 0x000000000009f000-0x00000000000fffff] reserved
[    0.000000] BIOS-e820: [mem 0x0000000000100000-0x00000000be6aafff] usable
[    0.000000] BIOS-e820: [mem 0x00000000be6ab000-0x00000000bf98efff] reserved
[    0.000000] BIOS-e820: [mem 0x00000000bf98f000-0x00000000bfb8efff] ACPI NVS
[    0.000000] BIOS-e820: [mem 0x00000000bfb8f000-0x00000000bfc0efff] ACPI data
[    0.000000] BIOS-e820: [mem 0x00000000bfc0f000-0x00000000bfc0ffff] usable
[    0.000000] BIOS-e820: [mem 0x00000000bfc10000-0x00000000d47fffff] reserved
[    0.000000] BIOS-e820: [mem 0x00000000fe010000-0x00000000fe010fff] reserved
[    0.000000] BIOS-e820: [mem 0x00000000ff000000-0x00000000ffffffff] reserved
[    0.000000] BIOS-e820: [mem 0x0000000100000000-0x00000004277fffff] usable
[    0.000000] NX (Execute Disable) protection: active
[    0.000000] efi: EFI v2.60 by HP
[    0.000000] efi:  ACPI=0xbfc0e000  ACPI 2.0=0xbfc0e014  SMBIOS=0xbee75000  ESRT=0xbee76018  MEMATTR=0xaf752018 
[    0.000000] random: fast init done
[    0.000000] SMBIOS 3.1 present.
[    0.000000] DMI: HP HP ProDesk 680 G4 MT/8580, BIOS R04 Ver. 02.11.01 04/27/2020
[    0.000000] e820: update [mem 0x00000000-0x00000fff] usable ==> reserved
[    0.000000] e820: remove [mem 0x000a0000-0x000fffff] usable
[    0.000000] e820: last_pfn = 0x427800 max_arch_pfn = 0x400000000
[    0.000000] MTRR default type: write-back
[    0.000000] MTRR fixed ranges enabled:
[    0.000000]   00000-9FFFF write-back
[    0.000000]   A0000-BFFFF uncachable
[    0.000000]   C0000-FFFFF write-protect
[    0.000000] MTRR variable ranges enabled:
[    0.000000]   0 base 00E0000000 mask 7FE0000000 uncachable
[    0.000000]   1 base 00D0000000 mask 7FF0000000 uncachable
[    0.000000]   2 base 00C8000000 mask 7FF8000000 uncachable
[    0.000000]   3 base 00C4000000 mask 7FFC000000 uncachable
[    0.000000]   4 base 2000000000 mask 6000000000 uncachable
[    0.000000]   5 base 1000000000 mask 7000000000 uncachable
[    0.000000]   6 base 0800000000 mask 7800000000 uncachable
[    0.000000]   7 base 4000000000 mask 4000000000 uncachable
[    0.000000]   8 disabled
[    0.000000]   9 disabled
[    0.000000] x86/PAT: Configuration [0-7]: WB  WC  UC- UC  WB  WP  UC- WT  
[    0.000000] e820: last_pfn = 0xbfc10 max_arch_pfn = 0x400000000
[    0.000000] esrt: Reserving ESRT space from 0x00000000bee76018 to 0x00000000bee76050.
[    0.000000] Scanning 1 areas for low memory corruption
[    0.000000] Base memory trampoline at [        (ptrval)] 99000 size 24576
[    0.000000] Using GB pages for direct mapping
[    0.000000] BRK [0x1c2dfa000, 0x1c2dfafff] PGTABLE
[    0.000000] BRK [0x1c2dfb000, 0x1c2dfbfff] PGTABLE
[    0.000000] BRK [0x1c2dfc000, 0x1c2dfcfff] PGTABLE
[    0.000000] BRK [0x1c2dfd000, 0x1c2dfdfff] PGTABLE
[    0.000000] BRK [0x1c2dfe000, 0x1c2dfefff] PGTABLE
[    0.000000] BRK [0x1c2dff000, 0x1c2dfffff] PGTABLE
[    0.000000] BRK [0x1c2e00000, 0x1c2e00fff] PGTABLE
[    0.000000] BRK [0x1c2e01000, 0x1c2e01fff] PGTABLE
[    0.000000] Secure boot could not be determined
[    0.000000] RAMDISK: [mem 0x23328000-0x3e1affff]
[    0.000000] No NUMA configuration found
[    0.000000] Faking a node at [mem 0x0000000000000000-0x00000004277fffff]
[    0.000000] NODE_DATA(0) allocated [mem 0x4277d5000-0x4277fffff]
[    0.000000] Zone ranges:
[    0.000000]   DMA      [mem 0x0000000000001000-0x0000000000ffffff]
[    0.000000]   DMA32    [mem 0x0000000001000000-0x00000000ffffffff]
[    0.000000]   Normal   [mem 0x0000000100000000-0x00000004277fffff]
[    0.000000]   Device   empty
[    0.000000] Movable zone start for each node
[    0.000000] Early memory node ranges
[    0.000000]   node   0: [mem 0x0000000000001000-0x000000000009efff]
[    0.000000]   node   0: [mem 0x0000000000100000-0x00000000be6aafff]
[    0.000000]   node   0: [mem 0x00000000bfc0f000-0x00000000bfc0ffff]
[    0.000000]   node   0: [mem 0x0000000100000000-0x00000004277fffff]
[    0.000000] Initmem setup node 0 [mem 0x0000000000001000-0x00000004277fffff]
[    0.000000] On node 0 totalpages: 4087370
[    0.000000]   DMA zone: 64 pages used for memmap
[    0.000000]   DMA zone: 21 pages reserved
[    0.000000]   DMA zone: 3998 pages, LIFO batch:0
[    0.000000]   DMA32 zone: 12123 pages used for memmap
[    0.000000]   DMA32 zone: 775852 pages, LIFO batch:31
[    0.000000]   Normal zone: 51680 pages used for memmap
[    0.000000]   Normal zone: 3307520 pages, LIFO batch:31
[    0.000000] Reserved but unavailable: 99 pages
[    0.000000] tboot: non-0 tboot_addr but it is not of type E820_TYPE_RESERVED
[    0.000000] SFI: Simple Firmware Interface v0.81 http://simplefirmware.org
[    0.000000] smpboot: Boot CPU (id 0) not listed by BIOS
[    0.000000] smpboot: Allowing 1 CPUs, 0 hotplug CPUs
[    0.000000] PM: Registered nosave memory: [mem 0x00000000-0x00000fff]
[    0.000000] PM: Registered nosave memory: [mem 0x0009f000-0x000fffff]
[    0.000000] PM: Registered nosave memory: [mem 0xbe6ab000-0xbf98efff]
[    0.000000] PM: Registered nosave memory: [mem 0xbf98f000-0xbfb8efff]
[    0.000000] PM: Registered nosave memory: [mem 0xbfb8f000-0xbfc0efff]
[    0.000000] PM: Registered nosave memory: [mem 0xbfc10000-0xd47fffff]
[    0.000000] PM: Registered nosave memory: [mem 0xd4800000-0xfe00ffff]
[    0.000000] PM: Registered nosave memory: [mem 0xfe010000-0xfe010fff]
[    0.000000] PM: Registered nosave memory: [mem 0xfe011000-0xfeffffff]
[    0.000000] PM: Registered nosave memory: [mem 0xff000000-0xffffffff]
[    0.000000] e820: [mem 0xd4800000-0xfe00ffff] available for PCI devices
[    0.000000] Booting paravirtualized kernel on bare hardware
[    0.000000] clocksource: refined-jiffies: mask: 0xffffffff max_cycles: 0xffffffff, max_idle_ns: 7645519600211568 ns
[    0.000000] setup_percpu: NR_CPUS:8192 nr_cpumask_bits:1 nr_cpu_ids:1 nr_node_ids:1
[    0.000000] percpu: Embedded 46 pages/cpu @        (ptrval) s151552 r8192 d28672 u2097152
[    0.000000] pcpu-alloc: s151552 r8192 d28672 u2097152 alloc=1*2097152
[    0.000000] pcpu-alloc: [0] 0 
[    0.000000] Built 1 zonelists, mobility grouping on.  Total pages: 4023482
[    0.000000] Policy zone: Normal
[    0.000000] Kernel command line: BOOT_IMAGE=/boot/vmlinuz-4.15.9+ root=/dev/nvme0n1p2 acpi=off
[    0.000000] Calgary: detecting Calgary via BIOS EBDA area
[    0.000000] Calgary: Unable to locate Rio Grande table in EBDA - bailing!
[    0.000000] Memory: 15454352K/16349480K available (12300K kernel code, 2470K rwdata, 4196K rodata, 2388K init, 3184K bss, 895128K reserved, 0K cma-reserved)
[    0.000000] SLUB: HWalign=64, Order=0-3, MinObjects=0, CPUs=1, Nodes=1
[    0.000000] ftrace: allocating 38976 entries in 153 pages
[    0.000000] Hierarchical RCU implementation.
[    0.000000] 	RCU restricting CPUs from NR_CPUS=8192 to nr_cpu_ids=1.
[    0.000000] 	Tasks RCU enabled.
[    0.000000] RCU: Adjusting geometry for rcu_fanout_leaf=16, nr_cpu_ids=1
[    0.000000] NR_IRQS: 524544, nr_irqs: 32, preallocated irqs: 16
[    0.000000] Console: colour dummy device 80x25
[    0.000000] console [tty0] enabled
[    0.000000] APIC: ACPI MADT or MP tables are not detected
[    0.000000] APIC: Switch to virtual wire mode setup with no configuration
[    0.000000] Not enabling interrupt remapping due to skipped IO-APIC setup
[    0.000000] tsc: Detected 3000.000 MHz processor
[    0.000007] Calibrating delay loop (skipped), value calculated using timer frequency.. 6000.00 BogoMIPS (lpj=12000000)
[    0.000010] pid_max: default: 32768 minimum: 301
[    0.000545] Security Framework initialized
[    0.000547] Yama: becoming mindful.
[    0.000557] AppArmor: AppArmor initialized
[    0.002115] Dentry cache hash table entries: 2097152 (order: 12, 16777216 bytes)
[    0.002889] Inode-cache hash table entries: 1048576 (order: 11, 8388608 bytes)
[    0.002924] Mount-cache hash table entries: 32768 (order: 6, 262144 bytes)
[    0.002950] Mountpoint-cache hash table entries: 32768 (order: 6, 262144 bytes)
[    0.003124] CPU: Physical Processor ID: 0
[    0.003125] CPU: Processor Core ID: 0
[    0.003130] ENERGY_PERF_BIAS: Set to 'normal', was 'performance'
[    0.003132] ENERGY_PERF_BIAS: View and update with x86_energy_perf_policy(8)
[    0.003146] mce: CPU supports 14 MCE banks
[    0.003156] CPU0: Thermal monitoring enabled (TM1)
[    0.003181] process: using mwait in idle threads
[    0.003184] Last level iTLB entries: 4KB 128, 2MB 8, 4MB 8
[    0.003185] Last level dTLB entries: 4KB 64, 2MB 0, 4MB 0, 1GB 4
[    0.003189] Spectre V2 : Mitigation: Full generic retpoline
[    0.003190] Spectre V2 : Spectre v2 mitigation: Filling RSB on context switch
[    0.003192] Spectre V2 : Spectre v2 mitigation: Enabling Indirect Branch Prediction Barrier
[    0.009608] Freeing SMP alternatives memory: 36K
[    0.011873] smpboot: SMP disabled
[    0.011915] Performance Events: PEBS fmt3+, Skylake events, 32-deep LBR, full-width counters, Intel PMU driver.
[    0.011944] ... version:                4
[    0.011945] ... bit width:              48
[    0.011947] ... generic registers:      8
[    0.011948] ... value mask:             0000ffffffffffff
[    0.011950] ... max period:             00007fffffffffff
[    0.011951] ... fixed-purpose events:   3
[    0.011953] ... event mask:             00000007000000ff
[    0.012038] Hierarchical SRCU implementation.
[    0.012723] NMI watchdog: Enabled. Permanently consumes one hw-PMU counter.
[    0.012734] smp: Bringing up secondary CPUs ...
[    0.012736] smp: Brought up 1 node, 1 CPU
[    0.012738] smpboot: Max logical packages: 1
[    0.012740] smpboot: Total of 1 processors activated (6000.00 BogoMIPS)
[    0.012988] devtmpfs: initialized
[    0.013029] x86/mm: Memory block size: 128MB
[    0.013959] evm: security.selinux
[    0.013961] evm: security.SMACK64
[    0.013962] evm: security.SMACK64EXEC
[    0.013963] evm: security.SMACK64TRANSMUTE
[    0.013965] evm: security.SMACK64MMAP
[    0.013966] evm: security.apparmor
[    0.013967] evm: security.ima
[    0.013969] evm: security.capability
[    0.014002] PM: Registering ACPI NVS region [mem 0xbf98f000-0xbfb8efff] (2097152 bytes)
[    0.014070] clocksource: jiffies: mask: 0xffffffff max_cycles: 0xffffffff, max_idle_ns: 7645041785100000 ns
[    0.014075] futex hash table entries: 256 (order: 2, 16384 bytes)
[    0.014112] pinctrl core: initialized pinctrl subsystem
[    0.014138] drivers/base/bus.c 153 driver_register -- functionpoint
[    0.014139] drivers/base/bus.c 642 bus_add_driver -- functionpoint
[    0.014141] drivers/base/bus.c 649 bus_add_driver -- functionpoint -- bus: 'platform': add driver reg-dummy
[    0.014145] drivers/base/dd.c 369 really_probe -- functionpoint
[    0.014147] drivers/base/dd.c 392 really_probe -- functionpoint -- bus: 'platform': really_probe: probing driver reg-dummy with device reg-dummy
[    0.014153] drivers/base/dd.c 435 really_probe -- if drv->probe use drv->probe(dev) -- functionpoint
[    0.014337] RTC time:  6:03:34, date: 10/29/20
[    0.014453] NET: Registered protocol family 16
[    0.014506] audit: initializing netlink subsys (disabled)
[    0.014587] drivers/base/bus.c 153 driver_register -- functionpoint
[    0.014587] drivers/base/bus.c 642 bus_add_driver -- functionpoint
[    0.014589] drivers/base/bus.c 649 bus_add_driver -- functionpoint -- bus: 'platform': add driver sram
[    0.014595] drivers/base/bus.c 153 driver_register -- functionpoint
[    0.014595] drivers/base/bus.c 642 bus_add_driver -- functionpoint
[    0.014597] drivers/base/bus.c 649 bus_add_driver -- functionpoint -- bus: 'platform': add driver syscon
[    0.014614] drivers/base/bus.c 153 driver_register -- functionpoint
[    0.014614] drivers/base/bus.c 642 bus_add_driver -- functionpoint
[    0.014616] drivers/base/bus.c 649 bus_add_driver -- functionpoint -- bus: 'i2c': add driver dummy
[    0.014622] cpuidle: using governor ladder
[    0.014623] cpuidle: using governor menu
[    0.014685] arch/x86/pci/init.c 11 start pci_arch_init -- functionpoint
[    0.014712] PCI: Using configuration type 1 for base access
[    0.014717] arch/x86/pci/init.c 44 end pci_arch_init -- functionpoint
[    0.015674] audit: type=2000 audit(1603951414.012:1): state=initialized audit_enabled=0 res=1
[    0.015725] HugeTLB registered 1.00 GiB page size, pre-allocated 0 pages
[    0.015728] HugeTLB registered 2.00 MiB page size, pre-allocated 0 pages
[    0.015841] drivers/base/bus.c 153 driver_register -- functionpoint
[    0.015842] drivers/base/bus.c 642 bus_add_driver -- functionpoint
[    0.015844] drivers/base/bus.c 649 bus_add_driver -- functionpoint -- bus: 'i2c': add driver sx150x-pinctrl
[    0.015850] drivers/base/bus.c 153 driver_register -- functionpoint
[    0.015850] drivers/base/bus.c 642 bus_add_driver -- functionpoint
[    0.015852] drivers/base/bus.c 649 bus_add_driver -- functionpoint -- bus: 'platform': add driver byt_gpio
[    0.015857] drivers/base/bus.c 153 driver_register -- functionpoint
[    0.015858] drivers/base/bus.c 642 bus_add_driver -- functionpoint
[    0.015860] drivers/base/bus.c 649 bus_add_driver -- functionpoint -- bus: 'platform': add driver cherryview-pinctrl
[    0.015866] drivers/base/bus.c 153 driver_register -- functionpoint
[    0.015866] drivers/base/bus.c 642 bus_add_driver -- functionpoint
[    0.015868] drivers/base/bus.c 649 bus_add_driver -- functionpoint -- bus: 'platform': add driver lp_gpio
[    0.015873] drivers/base/bus.c 153 driver_register -- functionpoint
[    0.015873] drivers/base/bus.c 642 bus_add_driver -- functionpoint
[    0.015875] drivers/base/bus.c 649 bus_add_driver -- functionpoint -- bus: 'platform': add driver rc5t583-gpio
[    0.015880] drivers/base/bus.c 153 driver_register -- functionpoint
[    0.015880] drivers/base/bus.c 642 bus_add_driver -- functionpoint
[    0.015882] drivers/base/bus.c 649 bus_add_driver -- functionpoint -- bus: 'platform': add driver palmas-gpio
[    0.015887] drivers/base/bus.c 153 driver_register -- functionpoint
[    0.015887] drivers/base/bus.c 642 bus_add_driver -- functionpoint
[    0.015889] drivers/base/bus.c 649 bus_add_driver -- functionpoint -- bus: 'platform': add driver tps6586x-gpio
[    0.015894] drivers/base/bus.c 153 driver_register -- functionpoint
[    0.015895] drivers/base/bus.c 642 bus_add_driver -- functionpoint
[    0.015896] drivers/base/bus.c 649 bus_add_driver -- functionpoint -- bus: 'platform': add driver tps65910-gpio
[    0.015918] drivers/acpi/bus.c 1231 start acpi_init -- functionpoint
[    0.015919] ACPI: Interpreter disabled.
[    0.016015] vgaarb: loaded
[    0.016019] drivers/base/bus.c 153 driver_register -- functionpoint
[    0.016020] drivers/base/bus.c 642 bus_add_driver -- functionpoint
[    0.016021] drivers/base/bus.c 649 bus_add_driver -- functionpoint -- bus: 'i2c': add driver 88PM860x
[    0.016027] drivers/base/bus.c 153 driver_register -- functionpoint
[    0.016027] drivers/base/bus.c 642 bus_add_driver -- functionpoint
[    0.016029] drivers/base/bus.c 649 bus_add_driver -- functionpoint -- bus: 'i2c': add driver WM8400
[    0.016034] drivers/base/bus.c 153 driver_register -- functionpoint
[    0.016034] drivers/base/bus.c 642 bus_add_driver -- functionpoint
[    0.016036] drivers/base/bus.c 649 bus_add_driver -- functionpoint -- bus: 'i2c': add driver wm831x
[    0.016041] drivers/base/bus.c 153 driver_register -- functionpoint
[    0.016041] drivers/base/bus.c 642 bus_add_driver -- functionpoint
[    0.016043] drivers/base/bus.c 649 bus_add_driver -- functionpoint -- bus: 'spi': add driver wm831x
[    0.016047] drivers/base/bus.c 153 driver_register -- functionpoint
[    0.016048] drivers/base/bus.c 642 bus_add_driver -- functionpoint
[    0.016050] drivers/base/bus.c 649 bus_add_driver -- functionpoint -- bus: 'i2c': add driver wm8350
[    0.016057] drivers/base/bus.c 153 driver_register -- functionpoint
[    0.016058] drivers/base/bus.c 642 bus_add_driver -- functionpoint
[    0.016060] drivers/base/bus.c 649 bus_add_driver -- functionpoint -- bus: 'i2c': add driver tps65910
[    0.016064] drivers/base/bus.c 153 driver_register -- functionpoint
[    0.016065] drivers/base/bus.c 642 bus_add_driver -- functionpoint
[    0.016067] drivers/base/bus.c 649 bus_add_driver -- functionpoint -- bus: 'i2c': add driver tps80031
[    0.016071] drivers/base/bus.c 153 driver_register -- functionpoint
[    0.016072] drivers/base/bus.c 642 bus_add_driver -- functionpoint
[    0.016073] drivers/base/bus.c 649 bus_add_driver -- functionpoint -- bus: 'spi': add driver ezx-pcap
[    0.016080] drivers/base/bus.c 153 driver_register -- functionpoint
[    0.016081] drivers/base/bus.c 642 bus_add_driver -- functionpoint
[    0.016082] drivers/base/bus.c 649 bus_add_driver -- functionpoint -- bus: 'i2c': add driver da903x
[    0.016087] drivers/base/bus.c 153 driver_register -- functionpoint
[    0.016087] drivers/base/bus.c 642 bus_add_driver -- functionpoint
[    0.016089] drivers/base/bus.c 649 bus_add_driver -- functionpoint -- bus: 'spi': add driver da9052
[    0.016094] drivers/base/bus.c 153 driver_register -- functionpoint
[    0.016094] drivers/base/bus.c 642 bus_add_driver -- functionpoint
[    0.016096] drivers/base/bus.c 649 bus_add_driver -- functionpoint -- bus: 'i2c': add driver da9052
[    0.016100] drivers/base/bus.c 153 driver_register -- functionpoint
[    0.016101] drivers/base/bus.c 642 bus_add_driver -- functionpoint
[    0.016103] drivers/base/bus.c 649 bus_add_driver -- functionpoint -- bus: 'i2c': add driver lp8788
[    0.016107] drivers/base/bus.c 153 driver_register -- functionpoint
[    0.016108] drivers/base/bus.c 642 bus_add_driver -- functionpoint
[    0.016109] drivers/base/bus.c 649 bus_add_driver -- functionpoint -- bus: 'i2c': add driver da9055-pmic
[    0.016114] drivers/base/bus.c 153 driver_register -- functionpoint
[    0.016115] drivers/base/bus.c 642 bus_add_driver -- functionpoint
[    0.016117] drivers/base/bus.c 649 bus_add_driver -- functionpoint -- bus: 'i2c': add driver max77843
[    0.016121] drivers/base/bus.c 153 driver_register -- functionpoint
[    0.016121] drivers/base/bus.c 642 bus_add_driver -- functionpoint
[    0.016123] drivers/base/bus.c 649 bus_add_driver -- functionpoint -- bus: 'i2c': add driver max8925
[    0.016128] drivers/base/bus.c 153 driver_register -- functionpoint
[    0.016128] drivers/base/bus.c 642 bus_add_driver -- functionpoint
[    0.016130] drivers/base/bus.c 649 bus_add_driver -- functionpoint -- bus: 'i2c': add driver max8997
[    0.016138] drivers/base/bus.c 153 driver_register -- functionpoint
[    0.016139] drivers/base/bus.c 642 bus_add_driver -- functionpoint
[    0.016140] drivers/base/bus.c 649 bus_add_driver -- functionpoint -- bus: 'i2c': add driver max8998
[    0.016145] drivers/base/bus.c 153 driver_register -- functionpoint
[    0.016145] drivers/base/bus.c 642 bus_add_driver -- functionpoint
[    0.016147] drivers/base/bus.c 649 bus_add_driver -- functionpoint -- bus: 'i2c': add driver ab3100
[    0.016151] drivers/base/bus.c 153 driver_register -- functionpoint
[    0.016152] drivers/base/bus.c 642 bus_add_driver -- functionpoint
[    0.016153] drivers/base/bus.c 649 bus_add_driver -- functionpoint -- bus: 'i2c': add driver tps6586x
[    0.016158] drivers/base/bus.c 153 driver_register -- functionpoint
[    0.016159] drivers/base/bus.c 642 bus_add_driver -- functionpoint
[    0.016160] drivers/base/bus.c 649 bus_add_driver -- functionpoint -- bus: 'i2c': add driver tps65090
[    0.016165] drivers/base/bus.c 153 driver_register -- functionpoint
[    0.016165] drivers/base/bus.c 642 bus_add_driver -- functionpoint
[    0.016167] drivers/base/bus.c 649 bus_add_driver -- functionpoint -- bus: 'i2c': add driver aat2870
[    0.016172] drivers/base/bus.c 153 driver_register -- functionpoint
[    0.016172] drivers/base/bus.c 642 bus_add_driver -- functionpoint
[    0.016174] drivers/base/bus.c 649 bus_add_driver -- functionpoint -- bus: 'i2c': add driver palmas
[    0.016179] drivers/base/bus.c 153 driver_register -- functionpoint
[    0.016179] drivers/base/bus.c 642 bus_add_driver -- functionpoint
[    0.016181] drivers/base/bus.c 649 bus_add_driver -- functionpoint -- bus: 'i2c': add driver rc5t583
[    0.016186] drivers/base/bus.c 153 driver_register -- functionpoint
[    0.016186] drivers/base/bus.c 642 bus_add_driver -- functionpoint
[    0.016188] drivers/base/bus.c 649 bus_add_driver -- functionpoint -- bus: 'i2c': add driver sec_pmic
[    0.016193] drivers/base/bus.c 153 driver_register -- functionpoint
[    0.016193] drivers/base/bus.c 642 bus_add_driver -- functionpoint
[    0.016195] drivers/base/bus.c 649 bus_add_driver -- functionpoint -- bus: 'i2c': add driver as3711
[    0.016206] drivers/base/bus.c 153 driver_register -- functionpoint
[    0.016207] drivers/base/bus.c 642 bus_add_driver -- functionpoint
[    0.016209] drivers/base/bus.c 649 bus_add_driver -- functionpoint -- bus: 'nd': add driver nd_bus
[    0.016215] drivers/base/bus.c 153 driver_register -- functionpoint
[    0.016215] drivers/base/bus.c 642 bus_add_driver -- functionpoint
[    0.016217] drivers/base/bus.c 649 bus_add_driver -- functionpoint -- bus: 'nd': add driver nvdimm
[    0.016222] drivers/base/bus.c 153 driver_register -- functionpoint
[    0.016223] drivers/base/bus.c 642 bus_add_driver -- functionpoint
[    0.016225] drivers/base/bus.c 649 bus_add_driver -- functionpoint -- bus: 'nd': add driver nd_region
[    0.016283] SCSI subsystem initialized
[    0.016308] libata version 3.00 loaded.
[    0.016313] drivers/base/bus.c 153 driver_register -- functionpoint
[    0.016313] drivers/base/bus.c 642 bus_add_driver -- functionpoint
[    0.016315] drivers/base/bus.c 649 bus_add_driver -- functionpoint -- bus: 'mdio_bus': add driver Generic 10G PHY
[    0.016321] drivers/base/bus.c 153 driver_register -- functionpoint
[    0.016321] drivers/base/bus.c 642 bus_add_driver -- functionpoint
[    0.016323] drivers/base/bus.c 649 bus_add_driver -- functionpoint -- bus: 'mdio_bus': add driver Generic PHY
[    0.016335] drivers/base/bus.c 153 driver_register -- functionpoint
[    0.016336] drivers/base/bus.c 642 bus_add_driver -- functionpoint
[    0.016338] drivers/base/bus.c 649 bus_add_driver -- functionpoint -- bus: 'usb': add driver usbfs
[    0.016348] usbcore: registered new interface driver usbfs
[    0.016350] drivers/base/bus.c 153 driver_register -- functionpoint
[    0.016350] drivers/base/bus.c 642 bus_add_driver -- functionpoint
[    0.016352] drivers/base/bus.c 649 bus_add_driver -- functionpoint -- bus: 'usb': add driver hub
[    0.016359] usbcore: registered new interface driver hub
[    0.016361] drivers/base/bus.c 153 driver_register -- functionpoint
[    0.016362] drivers/base/bus.c 642 bus_add_driver -- functionpoint
[    0.016364] drivers/base/bus.c 649 bus_add_driver -- functionpoint -- bus: 'usb': add driver usb
[    0.016370] usbcore: registered new device driver usb
[    0.016380] drivers/base/bus.c 153 driver_register -- functionpoint
[    0.016381] drivers/base/bus.c 642 bus_add_driver -- functionpoint
[    0.016382] drivers/base/bus.c 649 bus_add_driver -- functionpoint -- bus: 'platform': add driver i2c_designware
[    0.016405] EDAC MC: Ver: 3.0.0
[    0.016451] Registered efivars operations
[    0.052393] arch/x86/pci/legacy.c 61  start pci_subsys_init -- functionpoint
[    0.052393] if x86_init.pci.init_irq is true
[    0.052396] PCI: Probing PCI hardware
[    0.052398] arch/x86/pci/common.c 459  pcibios_scan_root -- functionpoint
[    0.052399] PCI: root bus 00: using default resources
[    0.052401] PCI: Probing PCI hardware (bus 00)
[    0.052401] arch/x86/pci/common.c 472 pcibios_scan_root functionpoint -- PCI: Probing PCI hardware (bus 00)
[    0.052404] drivers/pci/probe.c 2643 pci_create_root_bus -- functionpoint
[    0.052404] drivers/pci/probe.c 533 pci_alloc_host_bridge -- functionpoint
[    0.052406] drivers/pci/probe.c 765 pci_register_host_bridge -- functionpoint
[    0.052410] drivers/pci/search.c 144 pci_find_bus -- functionpoint
[    0.052412] drivers/pci/search.c 145 pci_find_bus functionpoint -- domain_num = 0, bus_num = 0
[    0.052415] drivers/pci/search.c 176 pci_find_next_bus -- functionpoint
[    0.052416] drivers/pci/search.c 157 pci_find_bus not found bus -- functionpoint
[    0.052432] PCI host bridge to bus 0000:00
[    0.052437] pci_bus 0000:00: root bus resource [io  0x0000-0xffff]
[    0.052439] pci_bus 0000:00: root bus resource [mem 0x00000000-0x7fffffffff]
[    0.052442] pci_bus 0000:00: No busn resource found for root bus, will use [bus 00-ff]
[    0.052444] drivers/pci/probe.c 2497 pci_scan_child_bus_extend -- functionpoint
[    0.052445] pci_bus 0000:00: drivers/pci/probe.c 2501 pci_scan_child_bus_extend-- functionpoint -- scanning bus
[    0.052448] drivers/pci/probe.c 2281 pci_scan_slot -- functionpoint
[    0.052449] drivers/pci/probe.c 2196 pci_scan_single_device -- functionpoint
[    0.052451] drivers/pci/search.c 206 pci_get_slot -- functionpoint
[    0.052452] drivers/pci/probe.c 2035 pci_scan_device -- functionpoint
[    0.052454] drivers/pci/probe.c 2009 pci_bus_read_dev_vendor_id -- functionpoint
[    0.052457] drivers/pci/probe.c 2048 pci_scan_device -- functionpoint -- dev_vendor: 8086, dev_device: 3e30
[    0.052460] drivers/pci/probe.c 1453 pci_setup_device -- functionpoint
[    0.052465] pci 0000:00:00.0: [8086:3e30] type 00 class 0x060000
[    0.052468] pci 0000:00:00.0: drivers/pci/probe.c 1482 pci_setup_device functionpoint -- [8086:3e30] type 00 class 0x060000 multifunction 00
[    0.052473] drivers/pci/probe.c 1513 pci_setup_device  switch case PCI_HEADER_TYPE_NORMAL -- functionpoint
[    0.052485] drivers/pci/probe.c 2145 pci_device_add -- functionpoint
[    0.052515] drivers/pci/probe.c 2288 pci_scan_slot -- functionpoint -- fn = 0, devfn = 0, fn+devfn = 0
[    0.052518] drivers/pci/probe.c 2220 next_fn -- functionpoint
[    0.052518] drivers/pci/probe.c 2281 pci_scan_slot -- functionpoint
[    0.052520] drivers/pci/probe.c 2196 pci_scan_single_device -- functionpoint
[    0.052521] drivers/pci/search.c 206 pci_get_slot -- functionpoint
[    0.052523] drivers/pci/probe.c 2035 pci_scan_device -- functionpoint
[    0.052525] drivers/pci/probe.c 2009 pci_bus_read_dev_vendor_id -- functionpoint
[    0.052536] drivers/pci/probe.c 2288 pci_scan_slot -- functionpoint -- fn = 0, devfn = 8, fn+devfn = 8
[    0.052539] drivers/pci/probe.c 2281 pci_scan_slot -- functionpoint
[    0.052540] drivers/pci/probe.c 2196 pci_scan_single_device -- functionpoint
[    0.052541] drivers/pci/search.c 206 pci_get_slot -- functionpoint
[    0.052543] drivers/pci/probe.c 2035 pci_scan_device -- functionpoint
[    0.052544] drivers/pci/probe.c 2009 pci_bus_read_dev_vendor_id -- functionpoint
[    0.052547] drivers/pci/probe.c 2048 pci_scan_device -- functionpoint -- dev_vendor: 8086, dev_device: 3e98
[    0.052550] drivers/pci/probe.c 1453 pci_setup_device -- functionpoint
[    0.052555] pci 0000:00:02.0: [8086:3e98] type 00 class 0x030000
[    0.052558] pci 0000:00:02.0: drivers/pci/probe.c 1482 pci_setup_device functionpoint -- [8086:3e98] type 00 class 0x030000 multifunction 00
[    0.052562] drivers/pci/probe.c 1513 pci_setup_device  switch case PCI_HEADER_TYPE_NORMAL -- functionpoint
[    0.052567] pci 0000:00:02.0: reg 0x10: [mem 0xf0000000-0xf0ffffff 64bit]
[    0.052574] pci 0000:00:02.0: reg 0x18: [mem 0xe0000000-0xefffffff 64bit pref]
[    0.052577] pci 0000:00:02.0: reg 0x20: [io  0x4000-0x403f]
[    0.052583] drivers/pci/probe.c 2145 pci_device_add -- functionpoint
[    0.052586] pci 0000:00:02.0: BAR 2: assigned to efifb
[    0.052615] pci 0000:00:02.0: vgaarb: setting as boot VGA device
[    0.052618] pci 0000:00:02.0: vgaarb: VGA device added: decodes=io+mem,owns=io+mem,locks=none
[    0.052623] drivers/pci/probe.c 2288 pci_scan_slot -- functionpoint -- fn = 0, devfn = 16, fn+devfn = 16
[    0.052625] drivers/pci/probe.c 2220 next_fn -- functionpoint
[    0.052625] drivers/pci/probe.c 2281 pci_scan_slot -- functionpoint
[    0.052627] drivers/pci/probe.c 2196 pci_scan_single_device -- functionpoint
[    0.052628] drivers/pci/search.c 206 pci_get_slot -- functionpoint
[    0.052630] drivers/pci/probe.c 2035 pci_scan_device -- functionpoint
[    0.052631] drivers/pci/probe.c 2009 pci_bus_read_dev_vendor_id -- functionpoint
[    0.052643] drivers/pci/probe.c 2288 pci_scan_slot -- functionpoint -- fn = 0, devfn = 24, fn+devfn = 24
[    0.052646] drivers/pci/probe.c 2281 pci_scan_slot -- functionpoint
[    0.052646] drivers/pci/probe.c 2196 pci_scan_single_device -- functionpoint
[    0.052648] drivers/pci/search.c 206 pci_get_slot -- functionpoint
[    0.052650] drivers/pci/probe.c 2035 pci_scan_device -- functionpoint
[    0.052651] drivers/pci/probe.c 2009 pci_bus_read_dev_vendor_id -- functionpoint
[    0.052668] drivers/pci/probe.c 2288 pci_scan_slot -- functionpoint -- fn = 0, devfn = 32, fn+devfn = 32
[    0.052672] drivers/pci/probe.c 2281 pci_scan_slot -- functionpoint
[    0.052672] drivers/pci/probe.c 2196 pci_scan_single_device -- functionpoint
[    0.052673] drivers/pci/search.c 206 pci_get_slot -- functionpoint
[    0.052675] drivers/pci/probe.c 2035 pci_scan_device -- functionpoint
[    0.052676] drivers/pci/probe.c 2009 pci_bus_read_dev_vendor_id -- functionpoint
[    0.052693] drivers/pci/probe.c 2288 pci_scan_slot -- functionpoint -- fn = 0, devfn = 40, fn+devfn = 40
[    0.052697] drivers/pci/probe.c 2281 pci_scan_slot -- functionpoint
[    0.052697] drivers/pci/probe.c 2196 pci_scan_single_device -- functionpoint
[    0.052698] drivers/pci/search.c 206 pci_get_slot -- functionpoint
[    0.052700] drivers/pci/probe.c 2035 pci_scan_device -- functionpoint
[    0.052701] drivers/pci/probe.c 2009 pci_bus_read_dev_vendor_id -- functionpoint
[    0.052718] drivers/pci/probe.c 2288 pci_scan_slot -- functionpoint -- fn = 0, devfn = 48, fn+devfn = 48
[    0.052722] drivers/pci/probe.c 2281 pci_scan_slot -- functionpoint
[    0.052722] drivers/pci/probe.c 2196 pci_scan_single_device -- functionpoint
[    0.052723] drivers/pci/search.c 206 pci_get_slot -- functionpoint
[    0.052725] drivers/pci/probe.c 2035 pci_scan_device -- functionpoint
[    0.052727] drivers/pci/probe.c 2009 pci_bus_read_dev_vendor_id -- functionpoint
[    0.052743] drivers/pci/probe.c 2288 pci_scan_slot -- functionpoint -- fn = 0, devfn = 56, fn+devfn = 56
[    0.052747] drivers/pci/probe.c 2281 pci_scan_slot -- functionpoint
[    0.052747] drivers/pci/probe.c 2196 pci_scan_single_device -- functionpoint
[    0.052748] drivers/pci/search.c 206 pci_get_slot -- functionpoint
[    0.052750] drivers/pci/probe.c 2035 pci_scan_device -- functionpoint
[    0.052752] drivers/pci/probe.c 2009 pci_bus_read_dev_vendor_id -- functionpoint
[    0.052768] drivers/pci/probe.c 2288 pci_scan_slot -- functionpoint -- fn = 0, devfn = 64, fn+devfn = 64
[    0.052771] drivers/pci/probe.c 2281 pci_scan_slot -- functionpoint
[    0.052771] drivers/pci/probe.c 2196 pci_scan_single_device -- functionpoint
[    0.052773] drivers/pci/search.c 206 pci_get_slot -- functionpoint
[    0.052774] drivers/pci/probe.c 2035 pci_scan_device -- functionpoint
[    0.052776] drivers/pci/probe.c 2009 pci_bus_read_dev_vendor_id -- functionpoint
[    0.052793] drivers/pci/probe.c 2288 pci_scan_slot -- functionpoint -- fn = 0, devfn = 72, fn+devfn = 72
[    0.052797] drivers/pci/probe.c 2281 pci_scan_slot -- functionpoint
[    0.052797] drivers/pci/probe.c 2196 pci_scan_single_device -- functionpoint
[    0.052798] drivers/pci/search.c 206 pci_get_slot -- functionpoint
[    0.052800] drivers/pci/probe.c 2035 pci_scan_device -- functionpoint
[    0.052802] drivers/pci/probe.c 2009 pci_bus_read_dev_vendor_id -- functionpoint
[    0.052818] drivers/pci/probe.c 2288 pci_scan_slot -- functionpoint -- fn = 0, devfn = 80, fn+devfn = 80
[    0.052822] drivers/pci/probe.c 2281 pci_scan_slot -- functionpoint
[    0.052822] drivers/pci/probe.c 2196 pci_scan_single_device -- functionpoint
[    0.052823] drivers/pci/search.c 206 pci_get_slot -- functionpoint
[    0.052825] drivers/pci/probe.c 2035 pci_scan_device -- functionpoint
[    0.052827] drivers/pci/probe.c 2009 pci_bus_read_dev_vendor_id -- functionpoint
[    0.052843] drivers/pci/probe.c 2288 pci_scan_slot -- functionpoint -- fn = 0, devfn = 88, fn+devfn = 88
[    0.052847] drivers/pci/probe.c 2281 pci_scan_slot -- functionpoint
[    0.052847] drivers/pci/probe.c 2196 pci_scan_single_device -- functionpoint
[    0.052849] drivers/pci/search.c 206 pci_get_slot -- functionpoint
[    0.052850] drivers/pci/probe.c 2035 pci_scan_device -- functionpoint
[    0.052852] drivers/pci/probe.c 2009 pci_bus_read_dev_vendor_id -- functionpoint
[    0.052868] drivers/pci/probe.c 2288 pci_scan_slot -- functionpoint -- fn = 0, devfn = 96, fn+devfn = 96
[    0.052872] drivers/pci/probe.c 2281 pci_scan_slot -- functionpoint
[    0.052872] drivers/pci/probe.c 2196 pci_scan_single_device -- functionpoint
[    0.052874] drivers/pci/search.c 206 pci_get_slot -- functionpoint
[    0.052875] drivers/pci/probe.c 2035 pci_scan_device -- functionpoint
[    0.052877] drivers/pci/probe.c 2009 pci_bus_read_dev_vendor_id -- functionpoint
[    0.052894] drivers/pci/probe.c 2288 pci_scan_slot -- functionpoint -- fn = 0, devfn = 104, fn+devfn = 104
[    0.052897] drivers/pci/probe.c 2281 pci_scan_slot -- functionpoint
[    0.052897] drivers/pci/probe.c 2196 pci_scan_single_device -- functionpoint
[    0.052899] drivers/pci/search.c 206 pci_get_slot -- functionpoint
[    0.052900] drivers/pci/probe.c 2035 pci_scan_device -- functionpoint
[    0.052902] drivers/pci/probe.c 2009 pci_bus_read_dev_vendor_id -- functionpoint
[    0.052918] drivers/pci/probe.c 2288 pci_scan_slot -- functionpoint -- fn = 0, devfn = 112, fn+devfn = 112
[    0.052921] drivers/pci/probe.c 2281 pci_scan_slot -- functionpoint
[    0.052922] drivers/pci/probe.c 2196 pci_scan_single_device -- functionpoint
[    0.052923] drivers/pci/search.c 206 pci_get_slot -- functionpoint
[    0.052925] drivers/pci/probe.c 2035 pci_scan_device -- functionpoint
[    0.052926] drivers/pci/probe.c 2009 pci_bus_read_dev_vendor_id -- functionpoint
[    0.052944] drivers/pci/probe.c 2288 pci_scan_slot -- functionpoint -- fn = 0, devfn = 120, fn+devfn = 120
[    0.052947] drivers/pci/probe.c 2281 pci_scan_slot -- functionpoint
[    0.052947] drivers/pci/probe.c 2196 pci_scan_single_device -- functionpoint
[    0.052949] drivers/pci/search.c 206 pci_get_slot -- functionpoint
[    0.052950] drivers/pci/probe.c 2035 pci_scan_device -- functionpoint
[    0.052952] drivers/pci/probe.c 2009 pci_bus_read_dev_vendor_id -- functionpoint
[    0.052969] drivers/pci/probe.c 2288 pci_scan_slot -- functionpoint -- fn = 0, devfn = 128, fn+devfn = 128
[    0.052972] drivers/pci/probe.c 2281 pci_scan_slot -- functionpoint
[    0.052972] drivers/pci/probe.c 2196 pci_scan_single_device -- functionpoint
[    0.052974] drivers/pci/search.c 206 pci_get_slot -- functionpoint
[    0.052975] drivers/pci/probe.c 2035 pci_scan_device -- functionpoint
[    0.052977] drivers/pci/probe.c 2009 pci_bus_read_dev_vendor_id -- functionpoint
[    0.052994] drivers/pci/probe.c 2288 pci_scan_slot -- functionpoint -- fn = 0, devfn = 136, fn+devfn = 136
[    0.052997] drivers/pci/probe.c 2281 pci_scan_slot -- functionpoint
[    0.052997] drivers/pci/probe.c 2196 pci_scan_single_device -- functionpoint
[    0.052999] drivers/pci/search.c 206 pci_get_slot -- functionpoint
[    0.053000] drivers/pci/probe.c 2035 pci_scan_device -- functionpoint
[    0.053002] drivers/pci/probe.c 2009 pci_bus_read_dev_vendor_id -- functionpoint
[    0.053007] drivers/pci/probe.c 2048 pci_scan_device -- functionpoint -- dev_vendor: 8086, dev_device: a379
[    0.053010] drivers/pci/probe.c 1453 pci_setup_device -- functionpoint
[    0.053021] pci 0000:00:12.0: [8086:a379] type 00 class 0x118000
[    0.053024] pci 0000:00:12.0: drivers/pci/probe.c 1482 pci_setup_device functionpoint -- [8086:a379] type 00 class 0x118000 multifunction 01
[    0.053038] drivers/pci/probe.c 1513 pci_setup_device  switch case PCI_HEADER_TYPE_NORMAL -- functionpoint
[    0.053055] pci 0000:00:12.0: reg 0x10: [mem 0x4000107000-0x4000107fff 64bit]
[    0.053097] drivers/pci/probe.c 2145 pci_device_add -- functionpoint
[    0.053157] drivers/pci/probe.c 2288 pci_scan_slot -- functionpoint -- fn = 0, devfn = 144, fn+devfn = 144
[    0.053160] drivers/pci/probe.c 2220 next_fn -- functionpoint
[    0.053161] drivers/pci/probe.c 2196 pci_scan_single_device -- functionpoint
[    0.053162] drivers/pci/search.c 206 pci_get_slot -- functionpoint
[    0.053164] drivers/pci/probe.c 2035 pci_scan_device -- functionpoint
[    0.053165] drivers/pci/probe.c 2009 pci_bus_read_dev_vendor_id -- functionpoint
[    0.053177] drivers/pci/probe.c 2298 pci_scan_slot -- functionpoint -- fn = 1, devfn = 144, fn+devfn = 145
[    0.053180] drivers/pci/probe.c 2220 next_fn -- functionpoint
[    0.053180] drivers/pci/probe.c 2196 pci_scan_single_device -- functionpoint
[    0.053182] drivers/pci/search.c 206 pci_get_slot -- functionpoint
[    0.053184] drivers/pci/probe.c 2035 pci_scan_device -- functionpoint
[    0.053185] drivers/pci/probe.c 2009 pci_bus_read_dev_vendor_id -- functionpoint
[    0.053202] drivers/pci/probe.c 2298 pci_scan_slot -- functionpoint -- fn = 2, devfn = 144, fn+devfn = 146
[    0.053205] drivers/pci/probe.c 2220 next_fn -- functionpoint
[    0.053206] drivers/pci/probe.c 2196 pci_scan_single_device -- functionpoint
[    0.053207] drivers/pci/search.c 206 pci_get_slot -- functionpoint
[    0.053209] drivers/pci/probe.c 2035 pci_scan_device -- functionpoint
[    0.053210] drivers/pci/probe.c 2009 pci_bus_read_dev_vendor_id -- functionpoint
[    0.053227] drivers/pci/probe.c 2298 pci_scan_slot -- functionpoint -- fn = 3, devfn = 144, fn+devfn = 147
[    0.053230] drivers/pci/probe.c 2220 next_fn -- functionpoint
[    0.053231] drivers/pci/probe.c 2196 pci_scan_single_device -- functionpoint
[    0.053232] drivers/pci/search.c 206 pci_get_slot -- functionpoint
[    0.053234] drivers/pci/probe.c 2035 pci_scan_device -- functionpoint
[    0.053235] drivers/pci/probe.c 2009 pci_bus_read_dev_vendor_id -- functionpoint
[    0.053252] drivers/pci/probe.c 2298 pci_scan_slot -- functionpoint -- fn = 4, devfn = 144, fn+devfn = 148
[    0.053255] drivers/pci/probe.c 2220 next_fn -- functionpoint
[    0.053256] drivers/pci/probe.c 2196 pci_scan_single_device -- functionpoint
[    0.053257] drivers/pci/search.c 206 pci_get_slot -- functionpoint
[    0.053259] drivers/pci/probe.c 2035 pci_scan_device -- functionpoint
[    0.053260] drivers/pci/probe.c 2009 pci_bus_read_dev_vendor_id -- functionpoint
[    0.053277] drivers/pci/probe.c 2298 pci_scan_slot -- functionpoint -- fn = 5, devfn = 144, fn+devfn = 149
[    0.053280] drivers/pci/probe.c 2220 next_fn -- functionpoint
[    0.053281] drivers/pci/probe.c 2196 pci_scan_single_device -- functionpoint
[    0.053282] drivers/pci/search.c 206 pci_get_slot -- functionpoint
[    0.053284] drivers/pci/probe.c 2035 pci_scan_device -- functionpoint
[    0.053285] drivers/pci/probe.c 2009 pci_bus_read_dev_vendor_id -- functionpoint
[    0.053297] drivers/pci/probe.c 2298 pci_scan_slot -- functionpoint -- fn = 6, devfn = 144, fn+devfn = 150
[    0.053300] drivers/pci/probe.c 2220 next_fn -- functionpoint
[    0.053300] drivers/pci/probe.c 2196 pci_scan_single_device -- functionpoint
[    0.053302] drivers/pci/search.c 206 pci_get_slot -- functionpoint
[    0.053303] drivers/pci/probe.c 2035 pci_scan_device -- functionpoint
[    0.053305] drivers/pci/probe.c 2009 pci_bus_read_dev_vendor_id -- functionpoint
[    0.053323] drivers/pci/probe.c 2298 pci_scan_slot -- functionpoint -- fn = 7, devfn = 144, fn+devfn = 151
[    0.053326] drivers/pci/probe.c 2220 next_fn -- functionpoint
[    0.053327] drivers/pci/probe.c 2281 pci_scan_slot -- functionpoint
[    0.053328] drivers/pci/probe.c 2196 pci_scan_single_device -- functionpoint
[    0.053329] drivers/pci/search.c 206 pci_get_slot -- functionpoint
[    0.053331] drivers/pci/probe.c 2035 pci_scan_device -- functionpoint
[    0.053333] drivers/pci/probe.c 2009 pci_bus_read_dev_vendor_id -- functionpoint
[    0.053342] drivers/pci/probe.c 2288 pci_scan_slot -- functionpoint -- fn = 0, devfn = 152, fn+devfn = 152
[    0.053346] drivers/pci/probe.c 2281 pci_scan_slot -- functionpoint
[    0.053346] drivers/pci/probe.c 2196 pci_scan_single_device -- functionpoint
[    0.053348] drivers/pci/search.c 206 pci_get_slot -- functionpoint
[    0.053349] drivers/pci/probe.c 2035 pci_scan_device -- functionpoint
[    0.053351] drivers/pci/probe.c 2009 pci_bus_read_dev_vendor_id -- functionpoint
[    0.053357] drivers/pci/probe.c 2048 pci_scan_device -- functionpoint -- dev_vendor: 8086, dev_device: a36d
[    0.053361] drivers/pci/probe.c 1453 pci_setup_device -- functionpoint
[    0.053373] pci 0000:00:14.0: [8086:a36d] type 00 class 0x0c0330
[    0.053376] pci 0000:00:14.0: drivers/pci/probe.c 1482 pci_setup_device functionpoint -- [8086:a36d] type 00 class 0x0c0330 multifunction 01
[    0.053391] drivers/pci/probe.c 1513 pci_setup_device  switch case PCI_HEADER_TYPE_NORMAL -- functionpoint
[    0.053412] pci 0000:00:14.0: reg 0x10: [mem 0xf1220000-0xf122ffff 64bit]
[    0.053467] drivers/pci/probe.c 2145 pci_device_add -- functionpoint
[    0.053513] pci 0000:00:14.0: PME# supported from D3hot D3cold
[    0.053541] drivers/pci/probe.c 2288 pci_scan_slot -- functionpoint -- fn = 0, devfn = 160, fn+devfn = 160
[    0.053543] drivers/pci/probe.c 2220 next_fn -- functionpoint
[    0.053543] drivers/pci/probe.c 2196 pci_scan_single_device -- functionpoint
[    0.053545] drivers/pci/search.c 206 pci_get_slot -- functionpoint
[    0.053547] drivers/pci/probe.c 2035 pci_scan_device -- functionpoint
[    0.053548] drivers/pci/probe.c 2009 pci_bus_read_dev_vendor_id -- functionpoint
[    0.053559] drivers/pci/probe.c 2298 pci_scan_slot -- functionpoint -- fn = 1, devfn = 160, fn+devfn = 161
[    0.053563] drivers/pci/probe.c 2220 next_fn -- functionpoint
[    0.053563] drivers/pci/probe.c 2196 pci_scan_single_device -- functionpoint
[    0.053565] drivers/pci/search.c 206 pci_get_slot -- functionpoint
[    0.053566] drivers/pci/probe.c 2035 pci_scan_device -- functionpoint
[    0.053568] drivers/pci/probe.c 2009 pci_bus_read_dev_vendor_id -- functionpoint
[    0.053579] drivers/pci/probe.c 2048 pci_scan_device -- functionpoint -- dev_vendor: 8086, dev_device: a36f
[    0.053583] drivers/pci/probe.c 1453 pci_setup_device -- functionpoint
[    0.053592] pci 0000:00:14.2: [8086:a36f] type 00 class 0x050000
[    0.053595] pci 0000:00:14.2: drivers/pci/probe.c 1482 pci_setup_device functionpoint -- [8086:a36f] type 00 class 0x050000 multifunction 00
[    0.053607] drivers/pci/probe.c 1513 pci_setup_device  switch case PCI_HEADER_TYPE_NORMAL -- functionpoint
[    0.053623] pci 0000:00:14.2: reg 0x10: [mem 0xf1232000-0xf1233fff 64bit]
[    0.053639] pci 0000:00:14.2: reg 0x18: [mem 0x4000106000-0x4000106fff 64bit]
[    0.053665] drivers/pci/probe.c 2145 pci_device_add -- functionpoint
[    0.053711] drivers/pci/probe.c 2298 pci_scan_slot -- functionpoint -- fn = 2, devfn = 160, fn+devfn = 162
[    0.053714] drivers/pci/probe.c 2220 next_fn -- functionpoint
[    0.053714] drivers/pci/probe.c 2196 pci_scan_single_device -- functionpoint
[    0.053716] drivers/pci/search.c 206 pci_get_slot -- functionpoint
[    0.053717] drivers/pci/probe.c 2035 pci_scan_device -- functionpoint
[    0.053719] drivers/pci/probe.c 2009 pci_bus_read_dev_vendor_id -- functionpoint
[    0.053725] drivers/pci/probe.c 2298 pci_scan_slot -- functionpoint -- fn = 3, devfn = 160, fn+devfn = 163
[    0.053728] drivers/pci/probe.c 2220 next_fn -- functionpoint
[    0.053728] drivers/pci/probe.c 2196 pci_scan_single_device -- functionpoint
[    0.053730] drivers/pci/search.c 206 pci_get_slot -- functionpoint
[    0.053731] drivers/pci/probe.c 2035 pci_scan_device -- functionpoint
[    0.053733] drivers/pci/probe.c 2009 pci_bus_read_dev_vendor_id -- functionpoint
[    0.053751] drivers/pci/probe.c 2298 pci_scan_slot -- functionpoint -- fn = 4, devfn = 160, fn+devfn = 164
[    0.053755] drivers/pci/probe.c 2220 next_fn -- functionpoint
[    0.053755] drivers/pci/probe.c 2196 pci_scan_single_device -- functionpoint
[    0.053757] drivers/pci/search.c 206 pci_get_slot -- functionpoint
[    0.053758] drivers/pci/probe.c 2035 pci_scan_device -- functionpoint
[    0.053760] drivers/pci/probe.c 2009 pci_bus_read_dev_vendor_id -- functionpoint
[    0.053776] drivers/pci/probe.c 2298 pci_scan_slot -- functionpoint -- fn = 5, devfn = 160, fn+devfn = 165
[    0.053780] drivers/pci/probe.c 2220 next_fn -- functionpoint
[    0.053780] drivers/pci/probe.c 2196 pci_scan_single_device -- functionpoint
[    0.053782] drivers/pci/search.c 206 pci_get_slot -- functionpoint
[    0.053783] drivers/pci/probe.c 2035 pci_scan_device -- functionpoint
[    0.053785] drivers/pci/probe.c 2009 pci_bus_read_dev_vendor_id -- functionpoint
[    0.053801] drivers/pci/probe.c 2298 pci_scan_slot -- functionpoint -- fn = 6, devfn = 160, fn+devfn = 166
[    0.053805] drivers/pci/probe.c 2220 next_fn -- functionpoint
[    0.053805] drivers/pci/probe.c 2196 pci_scan_single_device -- functionpoint
[    0.053807] drivers/pci/search.c 206 pci_get_slot -- functionpoint
[    0.053808] drivers/pci/probe.c 2035 pci_scan_device -- functionpoint
[    0.053810] drivers/pci/probe.c 2009 pci_bus_read_dev_vendor_id -- functionpoint
[    0.053827] drivers/pci/probe.c 2298 pci_scan_slot -- functionpoint -- fn = 7, devfn = 160, fn+devfn = 167
[    0.053830] drivers/pci/probe.c 2220 next_fn -- functionpoint
[    0.053830] drivers/pci/probe.c 2281 pci_scan_slot -- functionpoint
[    0.053832] drivers/pci/probe.c 2196 pci_scan_single_device -- functionpoint
[    0.053833] drivers/pci/search.c 206 pci_get_slot -- functionpoint
[    0.053835] drivers/pci/probe.c 2035 pci_scan_device -- functionpoint
[    0.053836] drivers/pci/probe.c 2009 pci_bus_read_dev_vendor_id -- functionpoint
[    0.053846] drivers/pci/probe.c 2288 pci_scan_slot -- functionpoint -- fn = 0, devfn = 168, fn+devfn = 168
[    0.053849] drivers/pci/probe.c 2281 pci_scan_slot -- functionpoint
[    0.053849] drivers/pci/probe.c 2196 pci_scan_single_device -- functionpoint
[    0.053851] drivers/pci/search.c 206 pci_get_slot -- functionpoint
[    0.053853] drivers/pci/probe.c 2035 pci_scan_device -- functionpoint
[    0.053854] drivers/pci/probe.c 2009 pci_bus_read_dev_vendor_id -- functionpoint
[    0.053864] drivers/pci/probe.c 2048 pci_scan_device -- functionpoint -- dev_vendor: 8086, dev_device: a360
[    0.053868] drivers/pci/probe.c 1453 pci_setup_device -- functionpoint
[    0.053880] pci 0000:00:16.0: [8086:a360] type 00 class 0x078000
[    0.053882] pci 0000:00:16.0: drivers/pci/probe.c 1482 pci_setup_device functionpoint -- [8086:a360] type 00 class 0x078000 multifunction 01
[    0.053898] drivers/pci/probe.c 1513 pci_setup_device  switch case PCI_HEADER_TYPE_NORMAL -- functionpoint
[    0.053915] pci 0000:00:16.0: reg 0x10: [mem 0x4000105000-0x4000105fff 64bit]
[    0.053956] drivers/pci/probe.c 2145 pci_device_add -- functionpoint
[    0.054003] pci 0000:00:16.0: PME# supported from D3hot
[    0.054033] drivers/pci/probe.c 2288 pci_scan_slot -- functionpoint -- fn = 0, devfn = 176, fn+devfn = 176
[    0.054035] drivers/pci/probe.c 2220 next_fn -- functionpoint
[    0.054035] drivers/pci/probe.c 2196 pci_scan_single_device -- functionpoint
[    0.054037] drivers/pci/search.c 206 pci_get_slot -- functionpoint
[    0.054038] drivers/pci/probe.c 2035 pci_scan_device -- functionpoint
[    0.054040] drivers/pci/probe.c 2009 pci_bus_read_dev_vendor_id -- functionpoint
[    0.054051] drivers/pci/probe.c 2298 pci_scan_slot -- functionpoint -- fn = 1, devfn = 176, fn+devfn = 177
[    0.054054] drivers/pci/probe.c 2220 next_fn -- functionpoint
[    0.054055] drivers/pci/probe.c 2196 pci_scan_single_device -- functionpoint
[    0.054056] drivers/pci/search.c 206 pci_get_slot -- functionpoint
[    0.054058] drivers/pci/probe.c 2035 pci_scan_device -- functionpoint
[    0.054059] drivers/pci/probe.c 2009 pci_bus_read_dev_vendor_id -- functionpoint
[    0.054076] drivers/pci/probe.c 2298 pci_scan_slot -- functionpoint -- fn = 2, devfn = 176, fn+devfn = 178
[    0.054080] drivers/pci/probe.c 2220 next_fn -- functionpoint
[    0.054080] drivers/pci/probe.c 2196 pci_scan_single_device -- functionpoint
[    0.054081] drivers/pci/search.c 206 pci_get_slot -- functionpoint
[    0.054083] drivers/pci/probe.c 2035 pci_scan_device -- functionpoint
[    0.054085] drivers/pci/probe.c 2009 pci_bus_read_dev_vendor_id -- functionpoint
[    0.054093] drivers/pci/probe.c 2048 pci_scan_device -- functionpoint -- dev_vendor: 8086, dev_device: a363
[    0.054097] drivers/pci/probe.c 1453 pci_setup_device -- functionpoint
[    0.054107] pci 0000:00:16.3: [8086:a363] type 00 class 0x070002
[    0.054110] pci 0000:00:16.3: drivers/pci/probe.c 1482 pci_setup_device functionpoint -- [8086:a363] type 00 class 0x070002 multifunction 01
[    0.054124] drivers/pci/probe.c 1513 pci_setup_device  switch case PCI_HEADER_TYPE_NORMAL -- functionpoint
[    0.054135] pci 0000:00:16.3: reg 0x10: [io  0x4088-0x408f]
[    0.054145] pci 0000:00:16.3: reg 0x14: [mem 0xf1237000-0xf1237fff]
[    0.054185] drivers/pci/probe.c 2145 pci_device_add -- functionpoint
[    0.054242] drivers/pci/probe.c 2298 pci_scan_slot -- functionpoint -- fn = 3, devfn = 176, fn+devfn = 179
[    0.054245] drivers/pci/probe.c 2220 next_fn -- functionpoint
[    0.054246] drivers/pci/probe.c 2196 pci_scan_single_device -- functionpoint
[    0.054247] drivers/pci/search.c 206 pci_get_slot -- functionpoint
[    0.054249] drivers/pci/probe.c 2035 pci_scan_device -- functionpoint
[    0.054250] drivers/pci/probe.c 2009 pci_bus_read_dev_vendor_id -- functionpoint
[    0.054262] drivers/pci/probe.c 2298 pci_scan_slot -- functionpoint -- fn = 4, devfn = 176, fn+devfn = 180
[    0.054265] drivers/pci/probe.c 2220 next_fn -- functionpoint
[    0.054265] drivers/pci/probe.c 2196 pci_scan_single_device -- functionpoint
[    0.054267] drivers/pci/search.c 206 pci_get_slot -- functionpoint
[    0.054268] drivers/pci/probe.c 2035 pci_scan_device -- functionpoint
[    0.054270] drivers/pci/probe.c 2009 pci_bus_read_dev_vendor_id -- functionpoint
[    0.054287] drivers/pci/probe.c 2298 pci_scan_slot -- functionpoint -- fn = 5, devfn = 176, fn+devfn = 181
[    0.054291] drivers/pci/probe.c 2220 next_fn -- functionpoint
[    0.054291] drivers/pci/probe.c 2196 pci_scan_single_device -- functionpoint
[    0.054292] drivers/pci/search.c 206 pci_get_slot -- functionpoint
[    0.054294] drivers/pci/probe.c 2035 pci_scan_device -- functionpoint
[    0.054295] drivers/pci/probe.c 2009 pci_bus_read_dev_vendor_id -- functionpoint
[    0.054312] drivers/pci/probe.c 2298 pci_scan_slot -- functionpoint -- fn = 6, devfn = 176, fn+devfn = 182
[    0.054316] drivers/pci/probe.c 2220 next_fn -- functionpoint
[    0.054316] drivers/pci/probe.c 2196 pci_scan_single_device -- functionpoint
[    0.054317] drivers/pci/search.c 206 pci_get_slot -- functionpoint
[    0.054319] drivers/pci/probe.c 2035 pci_scan_device -- functionpoint
[    0.054320] drivers/pci/probe.c 2009 pci_bus_read_dev_vendor_id -- functionpoint
[    0.054337] drivers/pci/probe.c 2298 pci_scan_slot -- functionpoint -- fn = 7, devfn = 176, fn+devfn = 183
[    0.054341] drivers/pci/probe.c 2220 next_fn -- functionpoint
[    0.054341] drivers/pci/probe.c 2281 pci_scan_slot -- functionpoint
[    0.054342] drivers/pci/probe.c 2196 pci_scan_single_device -- functionpoint
[    0.054344] drivers/pci/search.c 206 pci_get_slot -- functionpoint
[    0.054346] drivers/pci/probe.c 2035 pci_scan_device -- functionpoint
[    0.054347] drivers/pci/probe.c 2009 pci_bus_read_dev_vendor_id -- functionpoint
[    0.054358] drivers/pci/probe.c 2048 pci_scan_device -- functionpoint -- dev_vendor: 8086, dev_device: a352
[    0.054362] drivers/pci/probe.c 1453 pci_setup_device -- functionpoint
[    0.054374] pci 0000:00:17.0: [8086:a352] type 00 class 0x010601
[    0.054376] pci 0000:00:17.0: drivers/pci/probe.c 1482 pci_setup_device functionpoint -- [8086:a352] type 00 class 0x010601 multifunction 00
[    0.054392] drivers/pci/probe.c 1513 pci_setup_device  switch case PCI_HEADER_TYPE_NORMAL -- functionpoint
[    0.054406] pci 0000:00:17.0: reg 0x10: [mem 0xf1230000-0xf1231fff]
[    0.054419] pci 0000:00:17.0: reg 0x14: [mem 0xf1236000-0xf12360ff]
[    0.054430] pci 0000:00:17.0: reg 0x18: [io  0x4080-0x4087]
[    0.054441] pci 0000:00:17.0: reg 0x1c: [io  0x4090-0x4093]
[    0.054453] pci 0000:00:17.0: reg 0x20: [io  0x4060-0x407f]
[    0.054464] pci 0000:00:17.0: reg 0x24: [mem 0xf1235000-0xf12357ff]
[    0.054477] drivers/pci/probe.c 2145 pci_device_add -- functionpoint
[    0.054522] pci 0000:00:17.0: PME# supported from D3hot
[    0.054550] drivers/pci/probe.c 2288 pci_scan_slot -- functionpoint -- fn = 0, devfn = 184, fn+devfn = 184
[    0.054552] drivers/pci/probe.c 2220 next_fn -- functionpoint
[    0.054553] drivers/pci/probe.c 2281 pci_scan_slot -- functionpoint
[    0.054554] drivers/pci/probe.c 2196 pci_scan_single_device -- functionpoint
[    0.054556] drivers/pci/search.c 206 pci_get_slot -- functionpoint
[    0.054557] drivers/pci/probe.c 2035 pci_scan_device -- functionpoint
[    0.054559] drivers/pci/probe.c 2009 pci_bus_read_dev_vendor_id -- functionpoint
[    0.054570] drivers/pci/probe.c 2288 pci_scan_slot -- functionpoint -- fn = 0, devfn = 192, fn+devfn = 192
[    0.054573] drivers/pci/probe.c 2281 pci_scan_slot -- functionpoint
[    0.054574] drivers/pci/probe.c 2196 pci_scan_single_device -- functionpoint
[    0.054575] drivers/pci/search.c 206 pci_get_slot -- functionpoint
[    0.054577] drivers/pci/probe.c 2035 pci_scan_device -- functionpoint
[    0.054578] drivers/pci/probe.c 2009 pci_bus_read_dev_vendor_id -- functionpoint
[    0.054596] drivers/pci/probe.c 2288 pci_scan_slot -- functionpoint -- fn = 0, devfn = 200, fn+devfn = 200
[    0.054599] drivers/pci/probe.c 2281 pci_scan_slot -- functionpoint
[    0.054599] drivers/pci/probe.c 2196 pci_scan_single_device -- functionpoint
[    0.054601] drivers/pci/search.c 206 pci_get_slot -- functionpoint
[    0.054603] drivers/pci/probe.c 2035 pci_scan_device -- functionpoint
[    0.054604] drivers/pci/probe.c 2009 pci_bus_read_dev_vendor_id -- functionpoint
[    0.054621] drivers/pci/probe.c 2288 pci_scan_slot -- functionpoint -- fn = 0, devfn = 208, fn+devfn = 208
[    0.054624] drivers/pci/probe.c 2281 pci_scan_slot -- functionpoint
[    0.054624] drivers/pci/probe.c 2196 pci_scan_single_device -- functionpoint
[    0.054626] drivers/pci/search.c 206 pci_get_slot -- functionpoint
[    0.054628] drivers/pci/probe.c 2035 pci_scan_device -- functionpoint
[    0.054629] drivers/pci/probe.c 2009 pci_bus_read_dev_vendor_id -- functionpoint
[    0.054639] drivers/pci/probe.c 2048 pci_scan_device -- functionpoint -- dev_vendor: 8086, dev_device: a32c
[    0.054642] drivers/pci/probe.c 1453 pci_setup_device -- functionpoint
[    0.054654] pci 0000:00:1b.0: [8086:a32c] type 01 class 0x060400
[    0.054657] pci 0000:00:1b.0: drivers/pci/probe.c 1482 pci_setup_device functionpoint -- [8086:a32c] type 01 class 0x060400 multifunction 01
[    0.054665] drivers/pci/probe.c 1566 pci_setup_device switch case PCI_HEADER_TYPE_BRIDGE -- functionpoint
[    0.054711] drivers/pci/probe.c 2145 pci_device_add -- functionpoint
[    0.054768] pci 0000:00:1b.0: PME# supported from D0 D3hot D3cold
[    0.054800] drivers/pci/probe.c 2288 pci_scan_slot -- functionpoint -- fn = 0, devfn = 216, fn+devfn = 216
[    0.054802] drivers/pci/probe.c 2220 next_fn -- functionpoint
[    0.054802] drivers/pci/probe.c 2196 pci_scan_single_device -- functionpoint
[    0.054803] drivers/pci/search.c 206 pci_get_slot -- functionpoint
[    0.054805] drivers/pci/probe.c 2035 pci_scan_device -- functionpoint
[    0.054806] drivers/pci/probe.c 2009 pci_bus_read_dev_vendor_id -- functionpoint
[    0.054818] drivers/pci/probe.c 2298 pci_scan_slot -- functionpoint -- fn = 1, devfn = 216, fn+devfn = 217
[    0.054821] drivers/pci/probe.c 2220 next_fn -- functionpoint
[    0.054822] drivers/pci/probe.c 2196 pci_scan_single_device -- functionpoint
[    0.054823] drivers/pci/search.c 206 pci_get_slot -- functionpoint
[    0.054825] drivers/pci/probe.c 2035 pci_scan_device -- functionpoint
[    0.054826] drivers/pci/probe.c 2009 pci_bus_read_dev_vendor_id -- functionpoint
[    0.054843] drivers/pci/probe.c 2298 pci_scan_slot -- functionpoint -- fn = 2, devfn = 216, fn+devfn = 218
[    0.054846] drivers/pci/probe.c 2220 next_fn -- functionpoint
[    0.054846] drivers/pci/probe.c 2196 pci_scan_single_device -- functionpoint
[    0.054848] drivers/pci/search.c 206 pci_get_slot -- functionpoint
[    0.054849] drivers/pci/probe.c 2035 pci_scan_device -- functionpoint
[    0.054851] drivers/pci/probe.c 2009 pci_bus_read_dev_vendor_id -- functionpoint
[    0.054868] drivers/pci/probe.c 2298 pci_scan_slot -- functionpoint -- fn = 3, devfn = 216, fn+devfn = 219
[    0.054871] drivers/pci/probe.c 2220 next_fn -- functionpoint
[    0.054872] drivers/pci/probe.c 2196 pci_scan_single_device -- functionpoint
[    0.054873] drivers/pci/search.c 206 pci_get_slot -- functionpoint
[    0.054875] drivers/pci/probe.c 2035 pci_scan_device -- functionpoint
[    0.054876] drivers/pci/probe.c 2009 pci_bus_read_dev_vendor_id -- functionpoint
[    0.054893] drivers/pci/probe.c 2298 pci_scan_slot -- functionpoint -- fn = 4, devfn = 216, fn+devfn = 220
[    0.054896] drivers/pci/probe.c 2220 next_fn -- functionpoint
[    0.054897] drivers/pci/probe.c 2196 pci_scan_single_device -- functionpoint
[    0.054898] drivers/pci/search.c 206 pci_get_slot -- functionpoint
[    0.054900] drivers/pci/probe.c 2035 pci_scan_device -- functionpoint
[    0.054901] drivers/pci/probe.c 2009 pci_bus_read_dev_vendor_id -- functionpoint
[    0.054918] drivers/pci/probe.c 2298 pci_scan_slot -- functionpoint -- fn = 5, devfn = 216, fn+devfn = 221
[    0.054921] drivers/pci/probe.c 2220 next_fn -- functionpoint
[    0.054922] drivers/pci/probe.c 2196 pci_scan_single_device -- functionpoint
[    0.054923] drivers/pci/search.c 206 pci_get_slot -- functionpoint
[    0.054925] drivers/pci/probe.c 2035 pci_scan_device -- functionpoint
[    0.054926] drivers/pci/probe.c 2009 pci_bus_read_dev_vendor_id -- functionpoint
[    0.054943] drivers/pci/probe.c 2298 pci_scan_slot -- functionpoint -- fn = 6, devfn = 216, fn+devfn = 222
[    0.054946] drivers/pci/probe.c 2220 next_fn -- functionpoint
[    0.054947] drivers/pci/probe.c 2196 pci_scan_single_device -- functionpoint
[    0.054948] drivers/pci/search.c 206 pci_get_slot -- functionpoint
[    0.054950] drivers/pci/probe.c 2035 pci_scan_device -- functionpoint
[    0.054951] drivers/pci/probe.c 2009 pci_bus_read_dev_vendor_id -- functionpoint
[    0.054968] drivers/pci/probe.c 2298 pci_scan_slot -- functionpoint -- fn = 7, devfn = 216, fn+devfn = 223
[    0.054971] drivers/pci/probe.c 2220 next_fn -- functionpoint
[    0.054972] drivers/pci/probe.c 2281 pci_scan_slot -- functionpoint
[    0.054973] drivers/pci/probe.c 2196 pci_scan_single_device -- functionpoint
[    0.054975] drivers/pci/search.c 206 pci_get_slot -- functionpoint
[    0.054976] drivers/pci/probe.c 2035 pci_scan_device -- functionpoint
[    0.054978] drivers/pci/probe.c 2009 pci_bus_read_dev_vendor_id -- functionpoint
[    0.054986] drivers/pci/probe.c 2048 pci_scan_device -- functionpoint -- dev_vendor: 8086, dev_device: a33e
[    0.054989] drivers/pci/probe.c 1453 pci_setup_device -- functionpoint
[    0.055001] pci 0000:00:1c.0: [8086:a33e] type 01 class 0x060400
[    0.055004] pci 0000:00:1c.0: drivers/pci/probe.c 1482 pci_setup_device functionpoint -- [8086:a33e] type 01 class 0x060400 multifunction 01
[    0.055012] drivers/pci/probe.c 1566 pci_setup_device switch case PCI_HEADER_TYPE_BRIDGE -- functionpoint
[    0.055058] drivers/pci/probe.c 2145 pci_device_add -- functionpoint
[    0.055114] pci 0000:00:1c.0: PME# supported from D0 D3hot D3cold
[    0.055146] drivers/pci/probe.c 2288 pci_scan_slot -- functionpoint -- fn = 0, devfn = 224, fn+devfn = 224
[    0.055148] drivers/pci/probe.c 2220 next_fn -- functionpoint
[    0.055149] drivers/pci/probe.c 2196 pci_scan_single_device -- functionpoint
[    0.055150] drivers/pci/search.c 206 pci_get_slot -- functionpoint
[    0.055152] drivers/pci/probe.c 2035 pci_scan_device -- functionpoint
[    0.055153] drivers/pci/probe.c 2009 pci_bus_read_dev_vendor_id -- functionpoint
[    0.055165] drivers/pci/probe.c 2298 pci_scan_slot -- functionpoint -- fn = 1, devfn = 224, fn+devfn = 225
[    0.055168] drivers/pci/probe.c 2220 next_fn -- functionpoint
[    0.055168] drivers/pci/probe.c 2196 pci_scan_single_device -- functionpoint
[    0.055170] drivers/pci/search.c 206 pci_get_slot -- functionpoint
[    0.055172] drivers/pci/probe.c 2035 pci_scan_device -- functionpoint
[    0.055173] drivers/pci/probe.c 2009 pci_bus_read_dev_vendor_id -- functionpoint
[    0.055190] drivers/pci/probe.c 2298 pci_scan_slot -- functionpoint -- fn = 2, devfn = 224, fn+devfn = 226
[    0.055193] drivers/pci/probe.c 2220 next_fn -- functionpoint
[    0.055193] drivers/pci/probe.c 2196 pci_scan_single_device -- functionpoint
[    0.055195] drivers/pci/search.c 206 pci_get_slot -- functionpoint
[    0.055197] drivers/pci/probe.c 2035 pci_scan_device -- functionpoint
[    0.055198] drivers/pci/probe.c 2009 pci_bus_read_dev_vendor_id -- functionpoint
[    0.055215] drivers/pci/probe.c 2298 pci_scan_slot -- functionpoint -- fn = 3, devfn = 224, fn+devfn = 227
[    0.055218] drivers/pci/probe.c 2220 next_fn -- functionpoint
[    0.055218] drivers/pci/probe.c 2196 pci_scan_single_device -- functionpoint
[    0.055220] drivers/pci/search.c 206 pci_get_slot -- functionpoint
[    0.055222] drivers/pci/probe.c 2035 pci_scan_device -- functionpoint
[    0.055223] drivers/pci/probe.c 2009 pci_bus_read_dev_vendor_id -- functionpoint
[    0.055240] drivers/pci/probe.c 2298 pci_scan_slot -- functionpoint -- fn = 4, devfn = 224, fn+devfn = 228
[    0.055243] drivers/pci/probe.c 2220 next_fn -- functionpoint
[    0.055243] drivers/pci/probe.c 2196 pci_scan_single_device -- functionpoint
[    0.055245] drivers/pci/search.c 206 pci_get_slot -- functionpoint
[    0.055247] drivers/pci/probe.c 2035 pci_scan_device -- functionpoint
[    0.055248] drivers/pci/probe.c 2009 pci_bus_read_dev_vendor_id -- functionpoint
[    0.055265] drivers/pci/probe.c 2298 pci_scan_slot -- functionpoint -- fn = 5, devfn = 224, fn+devfn = 229
[    0.055268] drivers/pci/probe.c 2220 next_fn -- functionpoint
[    0.055269] drivers/pci/probe.c 2196 pci_scan_single_device -- functionpoint
[    0.055270] drivers/pci/search.c 206 pci_get_slot -- functionpoint
[    0.055272] drivers/pci/probe.c 2035 pci_scan_device -- functionpoint
[    0.055273] drivers/pci/probe.c 2009 pci_bus_read_dev_vendor_id -- functionpoint
[    0.055290] drivers/pci/probe.c 2298 pci_scan_slot -- functionpoint -- fn = 6, devfn = 224, fn+devfn = 230
[    0.055293] drivers/pci/probe.c 2220 next_fn -- functionpoint
[    0.055294] drivers/pci/probe.c 2196 pci_scan_single_device -- functionpoint
[    0.055295] drivers/pci/search.c 206 pci_get_slot -- functionpoint
[    0.055297] drivers/pci/probe.c 2035 pci_scan_device -- functionpoint
[    0.055298] drivers/pci/probe.c 2009 pci_bus_read_dev_vendor_id -- functionpoint
[    0.055315] drivers/pci/probe.c 2298 pci_scan_slot -- functionpoint -- fn = 7, devfn = 224, fn+devfn = 231
[    0.055318] drivers/pci/probe.c 2220 next_fn -- functionpoint
[    0.055319] drivers/pci/probe.c 2281 pci_scan_slot -- functionpoint
[    0.055320] drivers/pci/probe.c 2196 pci_scan_single_device -- functionpoint
[    0.055322] drivers/pci/search.c 206 pci_get_slot -- functionpoint
[    0.055323] drivers/pci/probe.c 2035 pci_scan_device -- functionpoint
[    0.055325] drivers/pci/probe.c 2009 pci_bus_read_dev_vendor_id -- functionpoint
[    0.055340] drivers/pci/probe.c 2288 pci_scan_slot -- functionpoint -- fn = 0, devfn = 232, fn+devfn = 232
[    0.055343] drivers/pci/probe.c 2281 pci_scan_slot -- functionpoint
[    0.055344] drivers/pci/probe.c 2196 pci_scan_single_device -- functionpoint
[    0.055345] drivers/pci/search.c 206 pci_get_slot -- functionpoint
[    0.055347] drivers/pci/probe.c 2035 pci_scan_device -- functionpoint
[    0.055348] drivers/pci/probe.c 2009 pci_bus_read_dev_vendor_id -- functionpoint
[    0.055359] drivers/pci/probe.c 2288 pci_scan_slot -- functionpoint -- fn = 0, devfn = 240, fn+devfn = 240
[    0.055363] drivers/pci/probe.c 2281 pci_scan_slot -- functionpoint
[    0.055363] drivers/pci/probe.c 2196 pci_scan_single_device -- functionpoint
[    0.055365] drivers/pci/search.c 206 pci_get_slot -- functionpoint
[    0.055366] drivers/pci/probe.c 2035 pci_scan_device -- functionpoint
[    0.055368] drivers/pci/probe.c 2009 pci_bus_read_dev_vendor_id -- functionpoint
[    0.055385] drivers/pci/probe.c 2048 pci_scan_device -- functionpoint -- dev_vendor: 8086, dev_device: a306
[    0.055389] drivers/pci/probe.c 1453 pci_setup_device -- functionpoint
[    0.055395] pci 0000:00:1f.0: [8086:a306] type 00 class 0x060100
[    0.055398] pci 0000:00:1f.0: drivers/pci/probe.c 1482 pci_setup_device functionpoint -- [8086:a306] type 00 class 0x060100 multifunction 01
[    0.055407] drivers/pci/probe.c 1513 pci_setup_device  switch case PCI_HEADER_TYPE_NORMAL -- functionpoint
[    0.055484] drivers/pci/probe.c 2145 pci_device_add -- functionpoint
[    0.055510] drivers/pci/probe.c 2288 pci_scan_slot -- functionpoint -- fn = 0, devfn = 248, fn+devfn = 248
[    0.055513] drivers/pci/probe.c 2220 next_fn -- functionpoint
[    0.055513] drivers/pci/probe.c 2196 pci_scan_single_device -- functionpoint
[    0.055514] drivers/pci/search.c 206 pci_get_slot -- functionpoint
[    0.055516] drivers/pci/probe.c 2035 pci_scan_device -- functionpoint
[    0.055518] drivers/pci/probe.c 2009 pci_bus_read_dev_vendor_id -- functionpoint
[    0.055529] drivers/pci/probe.c 2298 pci_scan_slot -- functionpoint -- fn = 1, devfn = 248, fn+devfn = 249
[    0.055532] drivers/pci/probe.c 2220 next_fn -- functionpoint
[    0.055533] drivers/pci/probe.c 2196 pci_scan_single_device -- functionpoint
[    0.055534] drivers/pci/search.c 206 pci_get_slot -- functionpoint
[    0.055536] drivers/pci/probe.c 2035 pci_scan_device -- functionpoint
[    0.055537] drivers/pci/probe.c 2009 pci_bus_read_dev_vendor_id -- functionpoint
[    0.055555] drivers/pci/probe.c 2298 pci_scan_slot -- functionpoint -- fn = 2, devfn = 248, fn+devfn = 250
[    0.055558] drivers/pci/probe.c 2220 next_fn -- functionpoint
[    0.055558] drivers/pci/probe.c 2196 pci_scan_single_device -- functionpoint
[    0.055560] drivers/pci/search.c 206 pci_get_slot -- functionpoint
[    0.055561] drivers/pci/probe.c 2035 pci_scan_device -- functionpoint
[    0.055563] drivers/pci/probe.c 2009 pci_bus_read_dev_vendor_id -- functionpoint
[    0.055575] drivers/pci/probe.c 2048 pci_scan_device -- functionpoint -- dev_vendor: 8086, dev_device: a348
[    0.055579] drivers/pci/probe.c 1453 pci_setup_device -- functionpoint
[    0.055604] pci 0000:00:1f.3: [8086:a348] type 00 class 0x040300
[    0.055606] pci 0000:00:1f.3: drivers/pci/probe.c 1482 pci_setup_device functionpoint -- [8086:a348] type 00 class 0x040300 multifunction 00
[    0.055638] drivers/pci/probe.c 1513 pci_setup_device  switch case PCI_HEADER_TYPE_NORMAL -- functionpoint
[    0.055680] pci 0000:00:1f.3: reg 0x10: [mem 0x4000100000-0x4000103fff 64bit]
[    0.055745] pci 0000:00:1f.3: reg 0x20: [mem 0x4000000000-0x40000fffff 64bit]
[    0.055771] drivers/pci/probe.c 2145 pci_device_add -- functionpoint
[    0.055879] pci 0000:00:1f.3: PME# supported from D3hot D3cold
[    0.056046] drivers/pci/probe.c 2298 pci_scan_slot -- functionpoint -- fn = 3, devfn = 248, fn+devfn = 251
[    0.056049] drivers/pci/probe.c 2220 next_fn -- functionpoint
[    0.056049] drivers/pci/probe.c 2196 pci_scan_single_device -- functionpoint
[    0.056050] drivers/pci/search.c 206 pci_get_slot -- functionpoint
[    0.056052] drivers/pci/probe.c 2035 pci_scan_device -- functionpoint
[    0.056054] drivers/pci/probe.c 2009 pci_bus_read_dev_vendor_id -- functionpoint
[    0.056066] drivers/pci/probe.c 2048 pci_scan_device -- functionpoint -- dev_vendor: 8086, dev_device: a323
[    0.056069] drivers/pci/probe.c 1453 pci_setup_device -- functionpoint
[    0.056089] pci 0000:00:1f.4: [8086:a323] type 00 class 0x0c0500
[    0.056092] pci 0000:00:1f.4: drivers/pci/probe.c 1482 pci_setup_device functionpoint -- [8086:a323] type 00 class 0x0c0500 multifunction 00
[    0.056117] drivers/pci/probe.c 1513 pci_setup_device  switch case PCI_HEADER_TYPE_NORMAL -- functionpoint
[    0.056155] pci 0000:00:1f.4: reg 0x10: [mem 0x4000104000-0x40001040ff 64bit]
[    0.056216] pci 0000:00:1f.4: reg 0x20: [io  0xefa0-0xefbf]
[    0.056264] drivers/pci/probe.c 2145 pci_device_add -- functionpoint
[    0.056306] drivers/pci/probe.c 2298 pci_scan_slot -- functionpoint -- fn = 4, devfn = 248, fn+devfn = 252
[    0.056309] drivers/pci/probe.c 2220 next_fn -- functionpoint
[    0.056310] drivers/pci/probe.c 2196 pci_scan_single_device -- functionpoint
[    0.056311] drivers/pci/search.c 206 pci_get_slot -- functionpoint
[    0.056313] drivers/pci/probe.c 2035 pci_scan_device -- functionpoint
[    0.056314] drivers/pci/probe.c 2009 pci_bus_read_dev_vendor_id -- functionpoint
[    0.056325] drivers/pci/probe.c 2048 pci_scan_device -- functionpoint -- dev_vendor: 8086, dev_device: a324
[    0.056328] drivers/pci/probe.c 1453 pci_setup_device -- functionpoint
[    0.056335] pci 0000:00:1f.5: [8086:a324] type 00 class 0x0c8000
[    0.056337] pci 0000:00:1f.5: drivers/pci/probe.c 1482 pci_setup_device functionpoint -- [8086:a324] type 00 class 0x0c8000 multifunction 00
[    0.056347] drivers/pci/probe.c 1513 pci_setup_device  switch case PCI_HEADER_TYPE_NORMAL -- functionpoint
[    0.056360] pci 0000:00:1f.5: reg 0x10: [mem 0xfe010000-0xfe010fff]
[    0.056426] drivers/pci/probe.c 2145 pci_device_add -- functionpoint
[    0.056453] drivers/pci/probe.c 2298 pci_scan_slot -- functionpoint -- fn = 5, devfn = 248, fn+devfn = 253
[    0.056457] drivers/pci/probe.c 2220 next_fn -- functionpoint
[    0.056457] drivers/pci/probe.c 2196 pci_scan_single_device -- functionpoint
[    0.056458] drivers/pci/search.c 206 pci_get_slot -- functionpoint
[    0.056460] drivers/pci/probe.c 2035 pci_scan_device -- functionpoint
[    0.056462] drivers/pci/probe.c 2009 pci_bus_read_dev_vendor_id -- functionpoint
[    0.056469] drivers/pci/probe.c 2048 pci_scan_device -- functionpoint -- dev_vendor: 8086, dev_device: 15bb
[    0.056472] drivers/pci/probe.c 1453 pci_setup_device -- functionpoint
[    0.056493] pci 0000:00:1f.6: [8086:15bb] type 00 class 0x020000
[    0.056496] pci 0000:00:1f.6: drivers/pci/probe.c 1482 pci_setup_device functionpoint -- [8086:15bb] type 00 class 0x020000 multifunction 00
[    0.056511] drivers/pci/search.c 206 pci_get_slot -- functionpoint
[    0.056525] drivers/pci/probe.c 1513 pci_setup_device  switch case PCI_HEADER_TYPE_NORMAL -- functionpoint
[    0.056556] pci 0000:00:1f.6: reg 0x10: [mem 0xf1200000-0xf121ffff]
[    0.056704] drivers/pci/probe.c 2145 pci_device_add -- functionpoint
[    0.056792] pci 0000:00:1f.6: PME# supported from D0 D3hot D3cold
[    0.056828] drivers/pci/probe.c 2298 pci_scan_slot -- functionpoint -- fn = 6, devfn = 248, fn+devfn = 254
[    0.056830] drivers/pci/probe.c 2220 next_fn -- functionpoint
[    0.056830] drivers/pci/probe.c 2196 pci_scan_single_device -- functionpoint
[    0.056832] drivers/pci/search.c 206 pci_get_slot -- functionpoint
[    0.056834] drivers/pci/probe.c 2035 pci_scan_device -- functionpoint
[    0.056835] drivers/pci/probe.c 2009 pci_bus_read_dev_vendor_id -- functionpoint
[    0.056846] drivers/pci/probe.c 2298 pci_scan_slot -- functionpoint -- fn = 7, devfn = 248, fn+devfn = 255
[    0.056850] drivers/pci/probe.c 2220 next_fn -- functionpoint
[    0.056850] drivers/pci/probe.c 463 pci_read_bridge_bases -- functionpoint
[    0.056852] drivers/pci/probe.c 1002 pci_scan_bridge_extend -- functionpoint
[    0.056856] pci 0000:00:1b.0: drivers/pci/probe.c 1016 pci_scan_bridge_extend -- functionpoint -- scanning [bus 01-01] behind bridge, pass 0
[    0.056864] drivers/pci/search.c 144 pci_find_bus -- functionpoint
[    0.056865] drivers/pci/search.c 145 pci_find_bus functionpoint -- domain_num = 0, bus_num = 1
[    0.056868] drivers/pci/search.c 176 pci_find_next_bus -- functionpoint
[    0.056868] drivers/pci/search.c 176 pci_find_next_bus -- functionpoint
[    0.056870] drivers/pci/search.c 157 pci_find_bus not found bus -- functionpoint
[    0.056910] drivers/pci/probe.c 2497 pci_scan_child_bus_extend -- functionpoint
[    0.056912] pci_bus 0000:01: drivers/pci/probe.c 2501 pci_scan_child_bus_extend-- functionpoint -- scanning bus
[    0.056916] drivers/pci/probe.c 2281 pci_scan_slot -- functionpoint
[    0.056916] drivers/pci/probe.c 2196 pci_scan_single_device -- functionpoint
[    0.056918] drivers/pci/search.c 206 pci_get_slot -- functionpoint
[    0.056919] drivers/pci/probe.c 2035 pci_scan_device -- functionpoint
[    0.056921] drivers/pci/probe.c 2009 pci_bus_read_dev_vendor_id -- functionpoint
[    0.056936] drivers/pci/probe.c 2048 pci_scan_device -- functionpoint -- dev_vendor: 1c5c, dev_device: 1339
[    0.056939] drivers/pci/probe.c 1453 pci_setup_device -- functionpoint
[    0.056956] pci 0000:01:00.0: [1c5c:1339] type 00 class 0x010802
[    0.056959] pci 0000:01:00.0: drivers/pci/probe.c 1482 pci_setup_device functionpoint -- [1c5c:1339] type 00 class 0x010802 multifunction 00
[    0.056967] drivers/pci/probe.c 1513 pci_setup_device  switch case PCI_HEADER_TYPE_NORMAL -- functionpoint
[    0.056988] pci 0000:01:00.0: reg 0x10: [mem 0xf1100000-0xf1103fff 64bit]
[    0.057043] drivers/pci/probe.c 2145 pci_device_add -- functionpoint
[    0.057103] pci 0000:01:00.0: supports D1
[    0.057105] pci 0000:01:00.0: PME# supported from D0 D1 D3hot
[    0.057138] drivers/pci/probe.c 2288 pci_scan_slot -- functionpoint -- fn = 0, devfn = 0, fn+devfn = 0
[    0.057140] drivers/pci/probe.c 2220 next_fn -- functionpoint
[    0.068054] drivers/pci/probe.c 2281 pci_scan_slot -- functionpoint
[    0.068056] drivers/pci/probe.c 2281 pci_scan_slot -- functionpoint
[    0.068058] drivers/pci/probe.c 2281 pci_scan_slot -- functionpoint
[    0.068059] drivers/pci/probe.c 2281 pci_scan_slot -- functionpoint
[    0.068061] drivers/pci/probe.c 2281 pci_scan_slot -- functionpoint
[    0.068062] drivers/pci/probe.c 2281 pci_scan_slot -- functionpoint
[    0.068064] drivers/pci/probe.c 2281 pci_scan_slot -- functionpoint
[    0.068065] drivers/pci/probe.c 2281 pci_scan_slot -- functionpoint
[    0.068067] drivers/pci/probe.c 2281 pci_scan_slot -- functionpoint
[    0.068068] drivers/pci/probe.c 2281 pci_scan_slot -- functionpoint
[    0.068070] drivers/pci/probe.c 2281 pci_scan_slot -- functionpoint
[    0.068071] drivers/pci/probe.c 2281 pci_scan_slot -- functionpoint
[    0.068073] drivers/pci/probe.c 2281 pci_scan_slot -- functionpoint
[    0.068074] drivers/pci/probe.c 2281 pci_scan_slot -- functionpoint
[    0.068076] drivers/pci/probe.c 2281 pci_scan_slot -- functionpoint
[    0.068077] drivers/pci/probe.c 2281 pci_scan_slot -- functionpoint
[    0.068078] drivers/pci/probe.c 2281 pci_scan_slot -- functionpoint
[    0.068080] drivers/pci/probe.c 2281 pci_scan_slot -- functionpoint
[    0.068081] drivers/pci/probe.c 2281 pci_scan_slot -- functionpoint
[    0.068083] drivers/pci/probe.c 2281 pci_scan_slot -- functionpoint
[    0.068084] drivers/pci/probe.c 2281 pci_scan_slot -- functionpoint
[    0.068086] drivers/pci/probe.c 2281 pci_scan_slot -- functionpoint
[    0.068087] drivers/pci/probe.c 2281 pci_scan_slot -- functionpoint
[    0.068089] drivers/pci/probe.c 2281 pci_scan_slot -- functionpoint
[    0.068090] drivers/pci/probe.c 2281 pci_scan_slot -- functionpoint
[    0.068092] drivers/pci/probe.c 2281 pci_scan_slot -- functionpoint
[    0.068093] drivers/pci/probe.c 2281 pci_scan_slot -- functionpoint
[    0.068095] drivers/pci/probe.c 2281 pci_scan_slot -- functionpoint
[    0.068096] drivers/pci/probe.c 2281 pci_scan_slot -- functionpoint
[    0.068098] drivers/pci/probe.c 2281 pci_scan_slot -- functionpoint
[    0.068099] drivers/pci/probe.c 2281 pci_scan_slot -- functionpoint
[    0.068101] drivers/pci/probe.c 463 pci_read_bridge_bases -- functionpoint
[    0.068103] pci 0000:00:1b.0: PCI bridge to [bus 01]
[    0.068117] pci 0000:00:1b.0:   bridge window [mem 0xf1100000-0xf11fffff]
[    0.068124] pci_bus 0000:01: drivers/pci/probe.c 2599 pci_scan_child_bus_extend -- functionpoint -- bus scan returning with max=01
[    0.068128] drivers/pci/probe.c 1002 pci_scan_bridge_extend -- functionpoint
[    0.068130] pci 0000:00:1c.0: drivers/pci/probe.c 1016 pci_scan_bridge_extend -- functionpoint -- scanning [bus 02-03] behind bridge, pass 0
[    0.068138] drivers/pci/search.c 144 pci_find_bus -- functionpoint
[    0.068139] drivers/pci/search.c 145 pci_find_bus functionpoint -- domain_num = 0, bus_num = 2
[    0.068142] drivers/pci/search.c 176 pci_find_next_bus -- functionpoint
[    0.068142] drivers/pci/search.c 176 pci_find_next_bus -- functionpoint
[    0.068144] drivers/pci/search.c 157 pci_find_bus not found bus -- functionpoint
[    0.068192] drivers/pci/probe.c 2497 pci_scan_child_bus_extend -- functionpoint
[    0.068195] pci_bus 0000:02: drivers/pci/probe.c 2501 pci_scan_child_bus_extend-- functionpoint -- scanning bus
[    0.068198] drivers/pci/probe.c 2281 pci_scan_slot -- functionpoint
[    0.068199] drivers/pci/probe.c 2196 pci_scan_single_device -- functionpoint
[    0.068200] drivers/pci/search.c 206 pci_get_slot -- functionpoint
[    0.068202] drivers/pci/probe.c 2035 pci_scan_device -- functionpoint
[    0.068203] drivers/pci/probe.c 2009 pci_bus_read_dev_vendor_id -- functionpoint
[    0.068217] drivers/pci/probe.c 2048 pci_scan_device -- functionpoint -- dev_vendor: 1283, dev_device: 8893
[    0.068220] drivers/pci/probe.c 1453 pci_setup_device -- functionpoint
[    0.068258] pci 0000:02:00.0: [1283:8893] type 01 class 0x060401
[    0.068260] pci 0000:02:00.0: drivers/pci/probe.c 1482 pci_setup_device functionpoint -- [1283:8893] type 01 class 0x060401 multifunction 00
[    0.068317] drivers/pci/probe.c 1566 pci_setup_device switch case PCI_HEADER_TYPE_BRIDGE -- functionpoint
[    0.068513] drivers/pci/probe.c 2145 pci_device_add -- functionpoint
[    0.068675] pci 0000:02:00.0: supports D1 D2
[    0.068677] pci 0000:02:00.0: PME# supported from D0 D1 D2 D3hot D3cold
[    0.068735] drivers/pci/probe.c 2288 pci_scan_slot -- functionpoint -- fn = 0, devfn = 0, fn+devfn = 0
[    0.068736] drivers/pci/probe.c 2220 next_fn -- functionpoint
[    0.068745] drivers/pci/probe.c 2281 pci_scan_slot -- functionpoint
[    0.068746] drivers/pci/probe.c 2281 pci_scan_slot -- functionpoint
[    0.068748] drivers/pci/probe.c 2281 pci_scan_slot -- functionpoint
[    0.068749] drivers/pci/probe.c 2281 pci_scan_slot -- functionpoint
[    0.068751] drivers/pci/probe.c 2281 pci_scan_slot -- functionpoint
[    0.068752] drivers/pci/probe.c 2281 pci_scan_slot -- functionpoint
[    0.068754] drivers/pci/probe.c 2281 pci_scan_slot -- functionpoint
[    0.068755] drivers/pci/probe.c 2281 pci_scan_slot -- functionpoint
[    0.068757] drivers/pci/probe.c 2281 pci_scan_slot -- functionpoint
[    0.068758] drivers/pci/probe.c 2281 pci_scan_slot -- functionpoint
[    0.068759] drivers/pci/probe.c 2281 pci_scan_slot -- functionpoint
[    0.068761] drivers/pci/probe.c 2281 pci_scan_slot -- functionpoint
[    0.068762] drivers/pci/probe.c 2281 pci_scan_slot -- functionpoint
[    0.068764] drivers/pci/probe.c 2281 pci_scan_slot -- functionpoint
[    0.068765] drivers/pci/probe.c 2281 pci_scan_slot -- functionpoint
[    0.068767] drivers/pci/probe.c 2281 pci_scan_slot -- functionpoint
[    0.068768] drivers/pci/probe.c 2281 pci_scan_slot -- functionpoint
[    0.068770] drivers/pci/probe.c 2281 pci_scan_slot -- functionpoint
[    0.068771] drivers/pci/probe.c 2281 pci_scan_slot -- functionpoint
[    0.068773] drivers/pci/probe.c 2281 pci_scan_slot -- functionpoint
[    0.068774] drivers/pci/probe.c 2281 pci_scan_slot -- functionpoint
[    0.068776] drivers/pci/probe.c 2281 pci_scan_slot -- functionpoint
[    0.068777] drivers/pci/probe.c 2281 pci_scan_slot -- functionpoint
[    0.068779] drivers/pci/probe.c 2281 pci_scan_slot -- functionpoint
[    0.068780] drivers/pci/probe.c 2281 pci_scan_slot -- functionpoint
[    0.068782] drivers/pci/probe.c 2281 pci_scan_slot -- functionpoint
[    0.068783] drivers/pci/probe.c 2281 pci_scan_slot -- functionpoint
[    0.068785] drivers/pci/probe.c 2281 pci_scan_slot -- functionpoint
[    0.068786] drivers/pci/probe.c 2281 pci_scan_slot -- functionpoint
[    0.068788] drivers/pci/probe.c 2281 pci_scan_slot -- functionpoint
[    0.068789] drivers/pci/probe.c 2281 pci_scan_slot -- functionpoint
[    0.068791] drivers/pci/probe.c 463 pci_read_bridge_bases -- functionpoint
[    0.068793] pci 0000:00:1c.0: PCI bridge to [bus 02-03]
[    0.068804] pci 0000:00:1c.0:   bridge window [io  0x3000-0x3fff]
[    0.068807] pci 0000:00:1c.0:   bridge window [mem 0xf1000000-0xf10fffff]
[    0.068814] drivers/pci/probe.c 1002 pci_scan_bridge_extend -- functionpoint
[    0.068818] pci 0000:02:00.0: drivers/pci/probe.c 1016 pci_scan_bridge_extend -- functionpoint -- scanning [bus 03-03] behind bridge, pass 0
[    0.068827] drivers/pci/search.c 144 pci_find_bus -- functionpoint
[    0.068828] drivers/pci/search.c 145 pci_find_bus functionpoint -- domain_num = 0, bus_num = 3
[    0.068830] drivers/pci/search.c 176 pci_find_next_bus -- functionpoint
[    0.068831] drivers/pci/search.c 176 pci_find_next_bus -- functionpoint
[    0.068832] drivers/pci/search.c 157 pci_find_bus not found bus -- functionpoint
[    0.068884] drivers/pci/probe.c 2497 pci_scan_child_bus_extend -- functionpoint
[    0.068887] pci_bus 0000:03: drivers/pci/probe.c 2501 pci_scan_child_bus_extend-- functionpoint -- scanning bus
[    0.068890] drivers/pci/probe.c 2281 pci_scan_slot -- functionpoint
[    0.068891] drivers/pci/probe.c 2196 pci_scan_single_device -- functionpoint
[    0.068892] drivers/pci/search.c 206 pci_get_slot -- functionpoint
[    0.068894] drivers/pci/probe.c 2035 pci_scan_device -- functionpoint
[    0.068895] drivers/pci/probe.c 2009 pci_bus_read_dev_vendor_id -- functionpoint
[    0.068904] drivers/pci/probe.c 2048 pci_scan_device -- functionpoint -- dev_vendor: 1317, dev_device: 985
[    0.068908] drivers/pci/probe.c 1453 pci_setup_device -- functionpoint
[    0.068925] pci 0000:03:00.0: [1317:0985] type 00 class 0x020000
[    0.068928] pci 0000:03:00.0: drivers/pci/probe.c 1482 pci_setup_device functionpoint -- [1317:0985] type 00 class 0x020000 multifunction 00
[    0.068952] drivers/pci/probe.c 1513 pci_setup_device  switch case PCI_HEADER_TYPE_NORMAL -- functionpoint
[    0.068974] pci 0000:03:00.0: reg 0x10: [io  0x3000-0x30ff]
[    0.068992] pci 0000:03:00.0: reg 0x14: [mem 0xf1000000-0xf10003ff]
[    0.069068] pci 0000:03:00.0: reg 0x30: [mem 0xfffe0000-0xffffffff pref]
[    0.069075] drivers/pci/probe.c 2145 pci_device_add -- functionpoint
[    0.069134] pci 0000:03:00.0: supports D1 D2
[    0.069136] pci 0000:03:00.0: PME# supported from D0 D1 D2 D3hot D3cold
[    0.069169] drivers/pci/probe.c 2288 pci_scan_slot -- functionpoint -- fn = 0, devfn = 0, fn+devfn = 0
[    0.069171] drivers/pci/probe.c 2220 next_fn -- functionpoint
[    0.069171] drivers/pci/probe.c 2281 pci_scan_slot -- functionpoint
[    0.069173] drivers/pci/probe.c 2196 pci_scan_single_device -- functionpoint
[    0.069174] drivers/pci/search.c 206 pci_get_slot -- functionpoint
[    0.069176] drivers/pci/probe.c 2035 pci_scan_device -- functionpoint
[    0.069178] drivers/pci/probe.c 2009 pci_bus_read_dev_vendor_id -- functionpoint
[    0.069187] drivers/pci/probe.c 2288 pci_scan_slot -- functionpoint -- fn = 0, devfn = 8, fn+devfn = 8
[    0.069190] drivers/pci/probe.c 2281 pci_scan_slot -- functionpoint
[    0.069190] drivers/pci/probe.c 2196 pci_scan_single_device -- functionpoint
[    0.069192] drivers/pci/search.c 206 pci_get_slot -- functionpoint
[    0.069194] drivers/pci/probe.c 2035 pci_scan_device -- functionpoint
[    0.069195] drivers/pci/probe.c 2009 pci_bus_read_dev_vendor_id -- functionpoint
[    0.069204] drivers/pci/probe.c 2288 pci_scan_slot -- functionpoint -- fn = 0, devfn = 16, fn+devfn = 16
[    0.069208] drivers/pci/probe.c 2281 pci_scan_slot -- functionpoint
[    0.069208] drivers/pci/probe.c 2196 pci_scan_single_device -- functionpoint
[    0.069210] drivers/pci/search.c 206 pci_get_slot -- functionpoint
[    0.069211] drivers/pci/probe.c 2035 pci_scan_device -- functionpoint
[    0.069213] drivers/pci/probe.c 2009 pci_bus_read_dev_vendor_id -- functionpoint
[    0.069218] drivers/pci/probe.c 2288 pci_scan_slot -- functionpoint -- fn = 0, devfn = 24, fn+devfn = 24
[    0.069221] drivers/pci/probe.c 2281 pci_scan_slot -- functionpoint
[    0.069221] drivers/pci/probe.c 2196 pci_scan_single_device -- functionpoint
[    0.069223] drivers/pci/search.c 206 pci_get_slot -- functionpoint
[    0.069224] drivers/pci/probe.c 2035 pci_scan_device -- functionpoint
[    0.069226] drivers/pci/probe.c 2009 pci_bus_read_dev_vendor_id -- functionpoint
[    0.069237] drivers/pci/probe.c 2288 pci_scan_slot -- functionpoint -- fn = 0, devfn = 32, fn+devfn = 32
[    0.069240] drivers/pci/probe.c 2281 pci_scan_slot -- functionpoint
[    0.069241] drivers/pci/probe.c 2196 pci_scan_single_device -- functionpoint
[    0.069242] drivers/pci/search.c 206 pci_get_slot -- functionpoint
[    0.069244] drivers/pci/probe.c 2035 pci_scan_device -- functionpoint
[    0.069245] drivers/pci/probe.c 2009 pci_bus_read_dev_vendor_id -- functionpoint
[    0.069256] drivers/pci/probe.c 2288 pci_scan_slot -- functionpoint -- fn = 0, devfn = 40, fn+devfn = 40
[    0.069260] drivers/pci/probe.c 2281 pci_scan_slot -- functionpoint
[    0.069260] drivers/pci/probe.c 2196 pci_scan_single_device -- functionpoint
[    0.069262] drivers/pci/search.c 206 pci_get_slot -- functionpoint
[    0.069263] drivers/pci/probe.c 2035 pci_scan_device -- functionpoint
[    0.069265] drivers/pci/probe.c 2009 pci_bus_read_dev_vendor_id -- functionpoint
[    0.069270] drivers/pci/probe.c 2288 pci_scan_slot -- functionpoint -- fn = 0, devfn = 48, fn+devfn = 48
[    0.069273] drivers/pci/probe.c 2281 pci_scan_slot -- functionpoint
[    0.069273] drivers/pci/probe.c 2196 pci_scan_single_device -- functionpoint
[    0.069275] drivers/pci/search.c 206 pci_get_slot -- functionpoint
[    0.069276] drivers/pci/probe.c 2035 pci_scan_device -- functionpoint
[    0.069278] drivers/pci/probe.c 2009 pci_bus_read_dev_vendor_id -- functionpoint
[    0.069288] drivers/pci/probe.c 2288 pci_scan_slot -- functionpoint -- fn = 0, devfn = 56, fn+devfn = 56
[    0.069291] drivers/pci/probe.c 2281 pci_scan_slot -- functionpoint
[    0.069291] drivers/pci/probe.c 2196 pci_scan_single_device -- functionpoint
[    0.069293] drivers/pci/search.c 206 pci_get_slot -- functionpoint
[    0.069294] drivers/pci/probe.c 2035 pci_scan_device -- functionpoint
[    0.069296] drivers/pci/probe.c 2009 pci_bus_read_dev_vendor_id -- functionpoint
[    0.069301] drivers/pci/probe.c 2288 pci_scan_slot -- functionpoint -- fn = 0, devfn = 64, fn+devfn = 64
[    0.069304] drivers/pci/probe.c 2281 pci_scan_slot -- functionpoint
[    0.069304] drivers/pci/probe.c 2196 pci_scan_single_device -- functionpoint
[    0.069306] drivers/pci/search.c 206 pci_get_slot -- functionpoint
[    0.069307] drivers/pci/probe.c 2035 pci_scan_device -- functionpoint
[    0.069309] drivers/pci/probe.c 2009 pci_bus_read_dev_vendor_id -- functionpoint
[    0.069319] drivers/pci/probe.c 2288 pci_scan_slot -- functionpoint -- fn = 0, devfn = 72, fn+devfn = 72
[    0.069322] drivers/pci/probe.c 2281 pci_scan_slot -- functionpoint
[    0.069323] drivers/pci/probe.c 2196 pci_scan_single_device -- functionpoint
[    0.069324] drivers/pci/search.c 206 pci_get_slot -- functionpoint
[    0.069326] drivers/pci/probe.c 2035 pci_scan_device -- functionpoint
[    0.069327] drivers/pci/probe.c 2009 pci_bus_read_dev_vendor_id -- functionpoint
[    0.069332] drivers/pci/probe.c 2288 pci_scan_slot -- functionpoint -- fn = 0, devfn = 80, fn+devfn = 80
[    0.069335] drivers/pci/probe.c 2281 pci_scan_slot -- functionpoint
[    0.069335] drivers/pci/probe.c 2196 pci_scan_single_device -- functionpoint
[    0.069337] drivers/pci/search.c 206 pci_get_slot -- functionpoint
[    0.069339] drivers/pci/probe.c 2035 pci_scan_device -- functionpoint
[    0.069340] drivers/pci/probe.c 2009 pci_bus_read_dev_vendor_id -- functionpoint
[    0.069350] drivers/pci/probe.c 2288 pci_scan_slot -- functionpoint -- fn = 0, devfn = 88, fn+devfn = 88
[    0.069354] drivers/pci/probe.c 2281 pci_scan_slot -- functionpoint
[    0.069354] drivers/pci/probe.c 2196 pci_scan_single_device -- functionpoint
[    0.069355] drivers/pci/search.c 206 pci_get_slot -- functionpoint
[    0.069357] drivers/pci/probe.c 2035 pci_scan_device -- functionpoint
[    0.069358] drivers/pci/probe.c 2009 pci_bus_read_dev_vendor_id -- functionpoint
[    0.069363] drivers/pci/probe.c 2288 pci_scan_slot -- functionpoint -- fn = 0, devfn = 96, fn+devfn = 96
[    0.069367] drivers/pci/probe.c 2281 pci_scan_slot -- functionpoint
[    0.069367] drivers/pci/probe.c 2196 pci_scan_single_device -- functionpoint
[    0.069368] drivers/pci/search.c 206 pci_get_slot -- functionpoint
[    0.069370] drivers/pci/probe.c 2035 pci_scan_device -- functionpoint
[    0.069371] drivers/pci/probe.c 2009 pci_bus_read_dev_vendor_id -- functionpoint
[    0.069383] drivers/pci/probe.c 2288 pci_scan_slot -- functionpoint -- fn = 0, devfn = 104, fn+devfn = 104
[    0.069386] drivers/pci/probe.c 2281 pci_scan_slot -- functionpoint
[    0.069387] drivers/pci/probe.c 2196 pci_scan_single_device -- functionpoint
[    0.069388] drivers/pci/search.c 206 pci_get_slot -- functionpoint
[    0.069390] drivers/pci/probe.c 2035 pci_scan_device -- functionpoint
[    0.069391] drivers/pci/probe.c 2009 pci_bus_read_dev_vendor_id -- functionpoint
[    0.069404] drivers/pci/probe.c 2288 pci_scan_slot -- functionpoint -- fn = 0, devfn = 112, fn+devfn = 112
[    0.069407] drivers/pci/probe.c 2281 pci_scan_slot -- functionpoint
[    0.069407] drivers/pci/probe.c 2196 pci_scan_single_device -- functionpoint
[    0.069409] drivers/pci/search.c 206 pci_get_slot -- functionpoint
[    0.069410] drivers/pci/probe.c 2035 pci_scan_device -- functionpoint
[    0.069412] drivers/pci/probe.c 2009 pci_bus_read_dev_vendor_id -- functionpoint
[    0.069422] drivers/pci/probe.c 2288 pci_scan_slot -- functionpoint -- fn = 0, devfn = 120, fn+devfn = 120
[    0.069425] drivers/pci/probe.c 2281 pci_scan_slot -- functionpoint
[    0.069426] drivers/pci/probe.c 2196 pci_scan_single_device -- functionpoint
[    0.069427] drivers/pci/search.c 206 pci_get_slot -- functionpoint
[    0.069429] drivers/pci/probe.c 2035 pci_scan_device -- functionpoint
[    0.069430] drivers/pci/probe.c 2009 pci_bus_read_dev_vendor_id -- functionpoint
[    0.069435] drivers/pci/probe.c 2288 pci_scan_slot -- functionpoint -- fn = 0, devfn = 128, fn+devfn = 128
[    0.069439] drivers/pci/probe.c 2281 pci_scan_slot -- functionpoint
[    0.069439] drivers/pci/probe.c 2196 pci_scan_single_device -- functionpoint
[    0.069440] drivers/pci/search.c 206 pci_get_slot -- functionpoint
[    0.069442] drivers/pci/probe.c 2035 pci_scan_device -- functionpoint
[    0.069443] drivers/pci/probe.c 2009 pci_bus_read_dev_vendor_id -- functionpoint
[    0.069454] drivers/pci/probe.c 2288 pci_scan_slot -- functionpoint -- fn = 0, devfn = 136, fn+devfn = 136
[    0.069457] drivers/pci/probe.c 2281 pci_scan_slot -- functionpoint
[    0.069457] drivers/pci/probe.c 2196 pci_scan_single_device -- functionpoint
[    0.069459] drivers/pci/search.c 206 pci_get_slot -- functionpoint
[    0.069460] drivers/pci/probe.c 2035 pci_scan_device -- functionpoint
[    0.069462] drivers/pci/probe.c 2009 pci_bus_read_dev_vendor_id -- functionpoint
[    0.069467] drivers/pci/probe.c 2288 pci_scan_slot -- functionpoint -- fn = 0, devfn = 144, fn+devfn = 144
[    0.069470] drivers/pci/probe.c 2281 pci_scan_slot -- functionpoint
[    0.069470] drivers/pci/probe.c 2196 pci_scan_single_device -- functionpoint
[    0.069472] drivers/pci/search.c 206 pci_get_slot -- functionpoint
[    0.069473] drivers/pci/probe.c 2035 pci_scan_device -- functionpoint
[    0.069475] drivers/pci/probe.c 2009 pci_bus_read_dev_vendor_id -- functionpoint
[    0.069486] drivers/pci/probe.c 2288 pci_scan_slot -- functionpoint -- fn = 0, devfn = 152, fn+devfn = 152
[    0.069489] drivers/pci/probe.c 2281 pci_scan_slot -- functionpoint
[    0.069490] drivers/pci/probe.c 2196 pci_scan_single_device -- functionpoint
[    0.069491] drivers/pci/search.c 206 pci_get_slot -- functionpoint
[    0.069493] drivers/pci/probe.c 2035 pci_scan_device -- functionpoint
[    0.069494] drivers/pci/probe.c 2009 pci_bus_read_dev_vendor_id -- functionpoint
[    0.069505] drivers/pci/probe.c 2288 pci_scan_slot -- functionpoint -- fn = 0, devfn = 160, fn+devfn = 160
[    0.069509] drivers/pci/probe.c 2281 pci_scan_slot -- functionpoint
[    0.069509] drivers/pci/probe.c 2196 pci_scan_single_device -- functionpoint
[    0.069511] drivers/pci/search.c 206 pci_get_slot -- functionpoint
[    0.069512] drivers/pci/probe.c 2035 pci_scan_device -- functionpoint
[    0.069514] drivers/pci/probe.c 2009 pci_bus_read_dev_vendor_id -- functionpoint
[    0.069518] drivers/pci/probe.c 2288 pci_scan_slot -- functionpoint -- fn = 0, devfn = 168, fn+devfn = 168
[    0.069522] drivers/pci/probe.c 2281 pci_scan_slot -- functionpoint
[    0.069522] drivers/pci/probe.c 2196 pci_scan_single_device -- functionpoint
[    0.069524] drivers/pci/search.c 206 pci_get_slot -- functionpoint
[    0.069525] drivers/pci/probe.c 2035 pci_scan_device -- functionpoint
[    0.069527] drivers/pci/probe.c 2009 pci_bus_read_dev_vendor_id -- functionpoint
[    0.069538] drivers/pci/probe.c 2288 pci_scan_slot -- functionpoint -- fn = 0, devfn = 176, fn+devfn = 176
[    0.069541] drivers/pci/probe.c 2281 pci_scan_slot -- functionpoint
[    0.069542] drivers/pci/probe.c 2196 pci_scan_single_device -- functionpoint
[    0.069543] drivers/pci/search.c 206 pci_get_slot -- functionpoint
[    0.069545] drivers/pci/probe.c 2035 pci_scan_device -- functionpoint
[    0.069546] drivers/pci/probe.c 2009 pci_bus_read_dev_vendor_id -- functionpoint
[    0.069559] drivers/pci/probe.c 2288 pci_scan_slot -- functionpoint -- fn = 0, devfn = 184, fn+devfn = 184
[    0.069562] drivers/pci/probe.c 2281 pci_scan_slot -- functionpoint
[    0.069563] drivers/pci/probe.c 2196 pci_scan_single_device -- functionpoint
[    0.069564] drivers/pci/search.c 206 pci_get_slot -- functionpoint
[    0.069566] drivers/pci/probe.c 2035 pci_scan_device -- functionpoint
[    0.069567] drivers/pci/probe.c 2009 pci_bus_read_dev_vendor_id -- functionpoint
[    0.069578] drivers/pci/probe.c 2288 pci_scan_slot -- functionpoint -- fn = 0, devfn = 192, fn+devfn = 192
[    0.069582] drivers/pci/probe.c 2281 pci_scan_slot -- functionpoint
[    0.069582] drivers/pci/probe.c 2196 pci_scan_single_device -- functionpoint
[    0.069583] drivers/pci/search.c 206 pci_get_slot -- functionpoint
[    0.069585] drivers/pci/probe.c 2035 pci_scan_device -- functionpoint
[    0.069586] drivers/pci/probe.c 2009 pci_bus_read_dev_vendor_id -- functionpoint
[    0.069591] drivers/pci/probe.c 2288 pci_scan_slot -- functionpoint -- fn = 0, devfn = 200, fn+devfn = 200
[    0.069595] drivers/pci/probe.c 2281 pci_scan_slot -- functionpoint
[    0.069595] drivers/pci/probe.c 2196 pci_scan_single_device -- functionpoint
[    0.069596] drivers/pci/search.c 206 pci_get_slot -- functionpoint
[    0.069598] drivers/pci/probe.c 2035 pci_scan_device -- functionpoint
[    0.069599] drivers/pci/probe.c 2009 pci_bus_read_dev_vendor_id -- functionpoint
[    0.069610] drivers/pci/probe.c 2288 pci_scan_slot -- functionpoint -- fn = 0, devfn = 208, fn+devfn = 208
[    0.069613] drivers/pci/probe.c 2281 pci_scan_slot -- functionpoint
[    0.069613] drivers/pci/probe.c 2196 pci_scan_single_device -- functionpoint
[    0.069615] drivers/pci/search.c 206 pci_get_slot -- functionpoint
[    0.069616] drivers/pci/probe.c 2035 pci_scan_device -- functionpoint
[    0.069618] drivers/pci/probe.c 2009 pci_bus_read_dev_vendor_id -- functionpoint
[    0.069623] drivers/pci/probe.c 2288 pci_scan_slot -- functionpoint -- fn = 0, devfn = 216, fn+devfn = 216
[    0.069626] drivers/pci/probe.c 2281 pci_scan_slot -- functionpoint
[    0.069626] drivers/pci/probe.c 2196 pci_scan_single_device -- functionpoint
[    0.069628] drivers/pci/search.c 206 pci_get_slot -- functionpoint
[    0.069629] drivers/pci/probe.c 2035 pci_scan_device -- functionpoint
[    0.069631] drivers/pci/probe.c 2009 pci_bus_read_dev_vendor_id -- functionpoint
[    0.069636] drivers/pci/probe.c 2288 pci_scan_slot -- functionpoint -- fn = 0, devfn = 224, fn+devfn = 224
[    0.069639] drivers/pci/probe.c 2281 pci_scan_slot -- functionpoint
[    0.069639] drivers/pci/probe.c 2196 pci_scan_single_device -- functionpoint
[    0.069641] drivers/pci/search.c 206 pci_get_slot -- functionpoint
[    0.069642] drivers/pci/probe.c 2035 pci_scan_device -- functionpoint
[    0.069644] drivers/pci/probe.c 2009 pci_bus_read_dev_vendor_id -- functionpoint
[    0.069653] drivers/pci/probe.c 2288 pci_scan_slot -- functionpoint -- fn = 0, devfn = 232, fn+devfn = 232
[    0.069657] drivers/pci/probe.c 2281 pci_scan_slot -- functionpoint
[    0.069657] drivers/pci/probe.c 2196 pci_scan_single_device -- functionpoint
[    0.069658] drivers/pci/search.c 206 pci_get_slot -- functionpoint
[    0.069660] drivers/pci/probe.c 2035 pci_scan_device -- functionpoint
[    0.069661] drivers/pci/probe.c 2009 pci_bus_read_dev_vendor_id -- functionpoint
[    0.069666] drivers/pci/probe.c 2288 pci_scan_slot -- functionpoint -- fn = 0, devfn = 240, fn+devfn = 240
[    0.069670] drivers/pci/probe.c 2281 pci_scan_slot -- functionpoint
[    0.069670] drivers/pci/probe.c 2196 pci_scan_single_device -- functionpoint
[    0.069671] drivers/pci/search.c 206 pci_get_slot -- functionpoint
