[    0.000000] microcode: microcode updated early to revision 0xd6, date = 2020-04-23
[    0.000000] Linux version 4.15.9+ (root@Yee-680G4) (gcc version 5.5.0 20171010 (Ubuntu 5.5.0-12ubuntu1~16.04)) #39 SMP Tue Nov 3 16:56:52 CST 2020
[    0.000000] Command line: BOOT_IMAGE=/boot/vmlinuz-4.15.9+ root=UUID=da0e40f1-3840-43a9-b61a-7b465a7673d3 ro quiet splash vt.handoff=7
[    0.000000] KERNEL supported cpus:
[    0.000000]   Intel GenuineIntel
[    0.000000]   AMD AuthenticAMD
[    0.000000]   Centaur CentaurHauls
[    0.000000] x86/fpu: Supporting XSAVE feature 0x001: 'x87 floating point registers'
[    0.000000] x86/fpu: Supporting XSAVE feature 0x002: 'SSE registers'
[    0.000000] x86/fpu: Supporting XSAVE feature 0x004: 'AVX registers'
[    0.000000] x86/fpu: Supporting XSAVE feature 0x008: 'MPX bounds registers'
[    0.000000] x86/fpu: Supporting XSAVE feature 0x010: 'MPX CSR'
[    0.000000] x86/fpu: xstate_offset[2]:  576, xstate_sizes[2]:  256
[    0.000000] x86/fpu: xstate_offset[3]:  832, xstate_sizes[3]:   64
[    0.000000] x86/fpu: xstate_offset[4]:  896, xstate_sizes[4]:   64
[    0.000000] x86/fpu: Enabled xstate features 0x1f, context size is 960 bytes, using 'compacted' format.
[    0.000000] e820: BIOS-provided physical RAM map:
[    0.000000] BIOS-e820: [mem 0x0000000000000000-0x000000000009efff] usable
[    0.000000] BIOS-e820: [mem 0x000000000009f000-0x00000000000fffff] reserved
[    0.000000] BIOS-e820: [mem 0x0000000000100000-0x00000000be6aafff] usable
[    0.000000] BIOS-e820: [mem 0x00000000be6ab000-0x00000000bf98efff] reserved
[    0.000000] BIOS-e820: [mem 0x00000000bf98f000-0x00000000bfb8efff] ACPI NVS
[    0.000000] BIOS-e820: [mem 0x00000000bfb8f000-0x00000000bfc0efff] ACPI data
[    0.000000] BIOS-e820: [mem 0x00000000bfc0f000-0x00000000bfc0ffff] usable
[    0.000000] BIOS-e820: [mem 0x00000000bfc10000-0x00000000d47fffff] reserved
[    0.000000] BIOS-e820: [mem 0x00000000fe010000-0x00000000fe010fff] reserved
[    0.000000] BIOS-e820: [mem 0x00000000ff000000-0x00000000ffffffff] reserved
[    0.000000] BIOS-e820: [mem 0x0000000100000000-0x00000004277fffff] usable
[    0.000000] NX (Execute Disable) protection: active
[    0.000000] efi: EFI v2.60 by HP
[    0.000000] efi:  ACPI=0xbfc0e000  ACPI 2.0=0xbfc0e014  SMBIOS=0xbee75000  ESRT=0xbee76018  MEMATTR=0xaf753018 
[    0.000000] random: fast init done
[    0.000000] SMBIOS 3.1 present.
[    0.000000] DMI: HP HP ProDesk 680 G4 MT/8580, BIOS R04 Ver. 02.11.01 04/27/2020
[    0.000000] e820: update [mem 0x00000000-0x00000fff] usable ==> reserved
[    0.000000] e820: remove [mem 0x000a0000-0x000fffff] usable
[    0.000000] e820: last_pfn = 0x427800 max_arch_pfn = 0x400000000
[    0.000000] MTRR default type: write-back
[    0.000000] MTRR fixed ranges enabled:
[    0.000000]   00000-9FFFF write-back
[    0.000000]   A0000-BFFFF uncachable
[    0.000000]   C0000-FFFFF write-protect
[    0.000000] MTRR variable ranges enabled:
[    0.000000]   0 base 00E0000000 mask 7FE0000000 uncachable
[    0.000000]   1 base 00D0000000 mask 7FF0000000 uncachable
[    0.000000]   2 base 00C8000000 mask 7FF8000000 uncachable
[    0.000000]   3 base 00C4000000 mask 7FFC000000 uncachable
[    0.000000]   4 base 2000000000 mask 6000000000 uncachable
[    0.000000]   5 base 1000000000 mask 7000000000 uncachable
[    0.000000]   6 base 0800000000 mask 7800000000 uncachable
[    0.000000]   7 base 4000000000 mask 4000000000 uncachable
[    0.000000]   8 disabled
[    0.000000]   9 disabled
[    0.000000] x86/PAT: Configuration [0-7]: WB  WC  UC- UC  WB  WP  UC- WT  
[    0.000000] e820: last_pfn = 0xbfc10 max_arch_pfn = 0x400000000
[    0.000000] esrt: Reserving ESRT space from 0x00000000bee76018 to 0x00000000bee76050.
[    0.000000] Scanning 1 areas for low memory corruption
[    0.000000] Base memory trampoline at [        (ptrval)] 99000 size 24576
[    0.000000] Using GB pages for direct mapping
[    0.000000] BRK [0x1d3bfa000, 0x1d3bfafff] PGTABLE
[    0.000000] BRK [0x1d3bfb000, 0x1d3bfbfff] PGTABLE
[    0.000000] BRK [0x1d3bfc000, 0x1d3bfcfff] PGTABLE
[    0.000000] BRK [0x1d3bfd000, 0x1d3bfdfff] PGTABLE
[    0.000000] BRK [0x1d3bfe000, 0x1d3bfefff] PGTABLE
[    0.000000] BRK [0x1d3bff000, 0x1d3bfffff] PGTABLE
[    0.000000] BRK [0x1d3c00000, 0x1d3c00fff] PGTABLE
[    0.000000] BRK [0x1d3c01000, 0x1d3c01fff] PGTABLE
[    0.000000] Secure boot could not be determined
[    0.000000] RAMDISK: [mem 0x23327000-0x3e1affff]
[    0.000000] ACPI: Early table checksum verification disabled
[    0.000000] ACPI: RSDP 0x00000000BFC0E014 000024 (v02 HPQOEM)
[    0.000000] ACPI: XSDT 0x00000000BFBC7188 0000DC (v01 HPQOEM SLIC-BPC 00000000 INTL 20160422)
[    0.000000] ACPI: FACP 0x00000000BFC08000 000114 (v06 HPQOEM SLIC-BPC 00000000 HP   00000001)
[    0.000000] ACPI: DSDT 0x00000000BFBE5000 01E092 (v02 HPQOEM 8580     00000000 INTL 20160527)
[    0.000000] ACPI: FACS 0x00000000BFB3F000 000040
[    0.000000] ACPI: SSDT 0x00000000BFC0C000 00012A (v02 HP     ShmTable 00000001 INTL 20160527)
[    0.000000] ACPI: SSDT 0x00000000BFC0A000 001B5F (v02 CpuRef CpuSsdt  00003000 INTL 20160527)
[    0.000000] ACPI: SSDT 0x00000000BFC09000 0009CF (v02 CtdpB  CtdpB    00001000 INTL 20160527)
[    0.000000] ACPI: HPET 0x00000000BFC07000 000038 (v01 HPQOEM 8580     00000001 HP   00000001)
[    0.000000] ACPI: APIC 0x00000000BFC06000 00012C (v03 HPQOEM 8580     00000001 HP   00000001)
[    0.000000] ACPI: MCFG 0x00000000BFC05000 00003C (v01 HPQOEM 8580     00000001 HP   00000001)
[    0.000000] ACPI: WSMT 0x00000000BFC04000 000028 (v01 HPQOEM 8580     00000001 HP   00000001)
[    0.000000] ACPI: SSDT 0x00000000BFBE4000 000734 (v01 HPQOEM PtidDevc 00001000 INTL 20160527)
[    0.000000] ACPI: SSDT 0x00000000BFBE3000 000B27 (v02 HPQOEM HP_XHC_P 00000000 INTL 20160527)
[    0.000000] ACPI: SSDT 0x00000000BFBDF000 0030ED (v02 SaSsdt SaSsdt   00003000 INTL 20160527)
[    0.000000] ACPI: LPIT 0x00000000BFBDE000 000094 (v01 INTEL  CFL      20170001 INTL 20160422)
[    0.000000] ACPI: WSMT 0x00000000BFBDD000 000028 (v01 INTEL  CFL      20170001 INTL 20160422)
[    0.000000] ACPI: SSDT 0x00000000BFBDC000 00044C (v02 INTEL  Wwan     00000001 INTL 20160527)
[    0.000000] ACPI: UEFI 0x00000000BFB39000 000042 (v01 INTEL  CFL      20170001 INTL 20160422)
[    0.000000] ACPI: OEML 0x00000000BFBDB000 000028 (v03 INTEL  CFL      20170001 INTL 20160422)
[    0.000000] ACPI: DMAR 0x00000000BFBDA000 0000C8 (v01 INTEL  CFL      00000002      01000013)
[    0.000000] ACPI: SSDT 0x00000000BFBCB000 00E899 (v01 HP     HPINDTWL 00001000 INTL 20160527)
[    0.000000] ACPI: SSDT 0x00000000BFBCA000 000032 (v01 HP     HPCONDEV 00001000 INTL 20160527)
[    0.000000] ACPI: SSDT 0x00000000BFBC9000 000069 (v01 HP     HPCAHWID 00001000 INTL 20160527)
[    0.000000] ACPI: ASF! 0x00000000BFBC8000 0000A0 (v32 HPQOEM  UYA     20170001 INTL 20160422)
[    0.000000] ACPI: FPDT 0x00000000BFC0D000 000044 (v01 INTEL  CFL      20170001 INTL 20160422)
[    0.000000] ACPI: BGRT 0x00000000BFBC6000 000038 (v01 INTEL  CFL      20170001 INTL 20160422)
[    0.000000] ACPI: Local APIC address 0xfee00000
[    0.000000] No NUMA configuration found
[    0.000000] Faking a node at [mem 0x0000000000000000-0x00000004277fffff]
[    0.000000] NODE_DATA(0) allocated [mem 0x4277d5000-0x4277fffff]
[    0.000000] Zone ranges:
[    0.000000]   DMA      [mem 0x0000000000001000-0x0000000000ffffff]
[    0.000000]   DMA32    [mem 0x0000000001000000-0x00000000ffffffff]
[    0.000000]   Normal   [mem 0x0000000100000000-0x00000004277fffff]
[    0.000000]   Device   empty
[    0.000000] Movable zone start for each node
[    0.000000] Early memory node ranges
[    0.000000]   node   0: [mem 0x0000000000001000-0x000000000009efff]
[    0.000000]   node   0: [mem 0x0000000000100000-0x00000000be6aafff]
[    0.000000]   node   0: [mem 0x00000000bfc0f000-0x00000000bfc0ffff]
[    0.000000]   node   0: [mem 0x0000000100000000-0x00000004277fffff]
[    0.000000] Initmem setup node 0 [mem 0x0000000000001000-0x00000004277fffff]
[    0.000000] On node 0 totalpages: 4087370
[    0.000000]   DMA zone: 64 pages used for memmap
[    0.000000]   DMA zone: 21 pages reserved
[    0.000000]   DMA zone: 3998 pages, LIFO batch:0
[    0.000000]   DMA32 zone: 12123 pages used for memmap
[    0.000000]   DMA32 zone: 775852 pages, LIFO batch:31
[    0.000000]   Normal zone: 51680 pages used for memmap
[    0.000000]   Normal zone: 3307520 pages, LIFO batch:31
[    0.000000] Reserved but unavailable: 99 pages
[    0.000000] tboot: non-0 tboot_addr but it is not of type E820_TYPE_RESERVED
[    0.000000] ACPI: PM-Timer IO Port: 0x1808
[    0.000000] ACPI: Local APIC address 0xfee00000
[    0.000000] ACPI: LAPIC_NMI (acpi_id[0x01] high edge lint[0x1])
[    0.000000] ACPI: LAPIC_NMI (acpi_id[0x02] high edge lint[0x1])
[    0.000000] ACPI: LAPIC_NMI (acpi_id[0x03] high edge lint[0x1])
[    0.000000] ACPI: LAPIC_NMI (acpi_id[0x04] high edge lint[0x1])
[    0.000000] ACPI: LAPIC_NMI (acpi_id[0x05] high edge lint[0x1])
[    0.000000] ACPI: LAPIC_NMI (acpi_id[0x06] high edge lint[0x1])
[    0.000000] ACPI: LAPIC_NMI (acpi_id[0x07] high edge lint[0x1])
[    0.000000] ACPI: LAPIC_NMI (acpi_id[0x08] high edge lint[0x1])
[    0.000000] ACPI: LAPIC_NMI (acpi_id[0x09] high edge lint[0x1])
[    0.000000] ACPI: LAPIC_NMI (acpi_id[0x0a] high edge lint[0x1])
[    0.000000] ACPI: LAPIC_NMI (acpi_id[0x0b] high edge lint[0x1])
[    0.000000] ACPI: LAPIC_NMI (acpi_id[0x0c] high edge lint[0x1])
[    0.000000] ACPI: LAPIC_NMI (acpi_id[0x0d] high edge lint[0x1])
[    0.000000] ACPI: LAPIC_NMI (acpi_id[0x0e] high edge lint[0x1])
[    0.000000] ACPI: LAPIC_NMI (acpi_id[0x0f] high edge lint[0x1])
[    0.000000] ACPI: LAPIC_NMI (acpi_id[0x10] high edge lint[0x1])
[    0.000000] IOAPIC[0]: apic_id 2, version 32, address 0xfec00000, GSI 0-119
[    0.000000] ACPI: INT_SRC_OVR (bus 0 bus_irq 0 global_irq 2 dfl dfl)
[    0.000000] ACPI: INT_SRC_OVR (bus 0 bus_irq 9 global_irq 9 high level)
[    0.000000] ACPI: IRQ0 used by override.
[    0.000000] ACPI: IRQ9 used by override.
[    0.000000] Using ACPI (MADT) for SMP configuration information
[    0.000000] ACPI: HPET id: 0x8086a201 base: 0xfed00000
[    0.000000] smpboot: Allowing 8 CPUs, 0 hotplug CPUs
[    0.000000] PM: Registered nosave memory: [mem 0x00000000-0x00000fff]
[    0.000000] PM: Registered nosave memory: [mem 0x0009f000-0x000fffff]
[    0.000000] PM: Registered nosave memory: [mem 0xbe6ab000-0xbf98efff]
[    0.000000] PM: Registered nosave memory: [mem 0xbf98f000-0xbfb8efff]
[    0.000000] PM: Registered nosave memory: [mem 0xbfb8f000-0xbfc0efff]
[    0.000000] PM: Registered nosave memory: [mem 0xbfc10000-0xd47fffff]
[    0.000000] PM: Registered nosave memory: [mem 0xd4800000-0xfe00ffff]
[    0.000000] PM: Registered nosave memory: [mem 0xfe010000-0xfe010fff]
[    0.000000] PM: Registered nosave memory: [mem 0xfe011000-0xfeffffff]
[    0.000000] PM: Registered nosave memory: [mem 0xff000000-0xffffffff]
[    0.000000] e820: [mem 0xd4800000-0xfe00ffff] available for PCI devices
[    0.000000] Booting paravirtualized kernel on bare hardware
[    0.000000] clocksource: refined-jiffies: mask: 0xffffffff max_cycles: 0xffffffff, max_idle_ns: 7645519600211568 ns
[    0.000000] setup_percpu: NR_CPUS:8192 nr_cpumask_bits:8 nr_cpu_ids:8 nr_node_ids:1
[    0.000000] percpu: Embedded 46 pages/cpu @        (ptrval) s151552 r8192 d28672 u262144
[    0.000000] pcpu-alloc: s151552 r8192 d28672 u262144 alloc=1*2097152
[    0.000000] pcpu-alloc: [0] 0 1 2 3 4 5 6 7 
[    0.000000] Built 1 zonelists, mobility grouping on.  Total pages: 4023482
[    0.000000] Policy zone: Normal
[    0.000000] Kernel command line: BOOT_IMAGE=/boot/vmlinuz-4.15.9+ root=UUID=da0e40f1-3840-43a9-b61a-7b465a7673d3 ro quiet splash vt.handoff=7
[    0.000000] Calgary: detecting Calgary via BIOS EBDA area
[    0.000000] Calgary: Unable to locate Rio Grande table in EBDA - bailing!
[    0.000000] Memory: 15484860K/16349480K available (12300K kernel code, 2470K rwdata, 4196K rodata, 2388K init, 3184K bss, 864620K reserved, 0K cma-reserved)
[    0.000000] SLUB: HWalign=64, Order=0-3, MinObjects=0, CPUs=8, Nodes=1
[    0.000000] ftrace: allocating 38976 entries in 153 pages
[    0.000000] Hierarchical RCU implementation.
[    0.000000] 	RCU restricting CPUs from NR_CPUS=8192 to nr_cpu_ids=8.
[    0.000000] 	Tasks RCU enabled.
[    0.000000] RCU: Adjusting geometry for rcu_fanout_leaf=16, nr_cpu_ids=8
[    0.000000] NR_IRQS: 524544, nr_irqs: 2048, preallocated irqs: 16
[    0.000000] Console: colour dummy device 80x25
[    0.000000] console [tty0] enabled
[    0.000000] ACPI: Core revision 20170831
[    0.000000] ACPI Error: [\_SB_.PCI0.XHC_.RHUB.HS11] Namespace lookup failure, AE_NOT_FOUND (20170831/dswload-210)
[    0.000000] ACPI Exception: AE_NOT_FOUND, During name lookup/catalog (20170831/psobject-252)
[    0.000000] ACPI Exception: AE_NOT_FOUND, (SSDT:HP_XHC_P) while loading table (20170831/tbxfload-228)
[    0.000000] ACPI Error: 1 table load failures, 10 successful (20170831/tbxfload-246)
[    0.000000] clocksource: hpet: mask: 0xffffffff max_cycles: 0xffffffff, max_idle_ns: 79635855245 ns
[    0.000000] hpet clockevent registered
[    0.004000] APIC: Switch to symmetric I/O mode setup
[    0.004000] DMAR: Host address width 39
[    0.004000] DMAR: DRHD base: 0x000000fed90000 flags: 0x0
[    0.004000] DMAR: dmar0: reg_base_addr fed90000 ver 1:0 cap 1c0000c40660462 ecap 19e2ff0505e
[    0.004000] DMAR: DRHD base: 0x000000fed91000 flags: 0x1
[    0.004000] DMAR: dmar1: reg_base_addr fed91000 ver 1:0 cap d2008c40660462 ecap f050da
[    0.004000] DMAR: RMRR base: 0x000000bf81d000 end: 0x000000bf83cfff
[    0.004000] DMAR: RMRR base: 0x000000c4000000 end: 0x000000d47fffff
[    0.004000] DMAR: RMRR base: 0x000000bf86e000 end: 0x000000bf8edfff
[    0.004000] DMAR-IR: IOAPIC id 2 under DRHD base  0xfed91000 IOMMU 1
[    0.004000] DMAR-IR: HPET id 0 under DRHD base 0xfed91000
[    0.004000] DMAR-IR: Queued invalidation will be enabled to support x2apic and Intr-remapping.
[    0.004000] DMAR-IR: Enabled IRQ remapping in x2apic mode
[    0.004000] x2apic enabled
[    0.004000] Switched APIC routing to cluster x2apic.
[    0.016000] ..TIMER: vector=0x30 apic1=0 pin1=2 apic2=-1 pin2=-1
[    0.036000] tsc: Detected 3000.000 MHz processor
[    0.036000] Calibrating delay loop (skipped), value calculated using timer frequency.. 6000.00 BogoMIPS (lpj=12000000)
[    0.036000] pid_max: default: 32768 minimum: 301
[    0.036000] Security Framework initialized
[    0.036000] Yama: becoming mindful.
[    0.036000] AppArmor: AppArmor initialized
[    0.036000] Dentry cache hash table entries: 2097152 (order: 12, 16777216 bytes)
[    0.036000] Inode-cache hash table entries: 1048576 (order: 11, 8388608 bytes)
[    0.036000] Mount-cache hash table entries: 32768 (order: 6, 262144 bytes)
[    0.036000] Mountpoint-cache hash table entries: 32768 (order: 6, 262144 bytes)
[    0.036000] CPU: Physical Processor ID: 0
[    0.036000] CPU: Processor Core ID: 0
[    0.036000] ENERGY_PERF_BIAS: Set to 'normal', was 'performance'
[    0.036000] ENERGY_PERF_BIAS: View and update with x86_energy_perf_policy(8)
[    0.036000] mce: CPU supports 14 MCE banks
[    0.036000] CPU0: Thermal monitoring enabled (TM1)
[    0.036000] process: using mwait in idle threads
[    0.036000] Last level iTLB entries: 4KB 128, 2MB 8, 4MB 8
[    0.036000] Last level dTLB entries: 4KB 64, 2MB 0, 4MB 0, 1GB 4
[    0.036000] Spectre V2 : Mitigation: Full generic retpoline
[    0.036000] Spectre V2 : Spectre v2 mitigation: Filling RSB on context switch
[    0.036000] Spectre V2 : Spectre v2 mitigation: Enabling Indirect Branch Prediction Barrier
[    0.036000] Freeing SMP alternatives memory: 36K
[    0.042059] TSC deadline timer enabled
[    0.042070] smpboot: CPU0: Intel(R) Core(TM) i7-9700 CPU @ 3.00GHz (family: 0x6, model: 0x9e, stepping: 0xd)
[    0.042122] Performance Events: PEBS fmt3+, Skylake events, 32-deep LBR, full-width counters, Intel PMU driver.
[    0.042151] ... version:                4
[    0.042152] ... bit width:              48
[    0.042152] ... generic registers:      8
[    0.042153] ... value mask:             0000ffffffffffff
[    0.042153] ... max period:             00007fffffffffff
[    0.042154] ... fixed-purpose events:   3
[    0.042154] ... event mask:             00000007000000ff
[    0.042184] Hierarchical SRCU implementation.
[    0.043120] NMI watchdog: Enabled. Permanently consumes one hw-PMU counter.
[    0.043130] smp: Bringing up secondary CPUs ...
[    0.043189] x86: Booting SMP configuration:
[    0.043190] .... node  #0, CPUs:      #1 #2 #3 #4 #5 #6 #7
[    0.053454] smp: Brought up 1 node, 8 CPUs
[    0.053454] smpboot: Max logical packages: 1
[    0.053454] smpboot: Total of 8 processors activated (48000.00 BogoMIPS)
[    0.056290] devtmpfs: initialized
[    0.056290] x86/mm: Memory block size: 128MB
[    0.057016] evm: security.selinux
[    0.057017] evm: security.SMACK64
[    0.057017] evm: security.SMACK64EXEC
[    0.057017] evm: security.SMACK64TRANSMUTE
[    0.057018] evm: security.SMACK64MMAP
[    0.057018] evm: security.apparmor
[    0.057019] evm: security.ima
[    0.057019] evm: security.capability
[    0.057033] PM: Registering ACPI NVS region [mem 0xbf98f000-0xbfb8efff] (2097152 bytes)
[    0.057033] clocksource: jiffies: mask: 0xffffffff max_cycles: 0xffffffff, max_idle_ns: 7645041785100000 ns
[    0.057033] futex hash table entries: 2048 (order: 5, 131072 bytes)
[    0.057033] pinctrl core: initialized pinctrl subsystem
[    0.057033] drivers/base/bus.c 153 driver_register -- functionpoint
[    0.057033] drivers/base/bus.c 642 bus_add_driver -- functionpoint
[    0.057033] drivers/base/bus.c 649 bus_add_driver -- functionpoint -- bus: 'platform': add driver reg-dummy
[    0.057033] drivers/base/dd.c 369 really_probe -- functionpoint
[    0.057033] drivers/base/dd.c 392 really_probe -- functionpoint -- bus: 'platform': really_probe: probing driver reg-dummy with device reg-dummy
[    0.057033] drivers/base/dd.c 435 really_probe -- if drv->probe use drv->probe(dev) -- functionpoint
[    0.057033] RTC time: 11:33:21, date: 11/03/20
[    0.057033] NET: Registered protocol family 16
[    0.057033] audit: initializing netlink subsys (disabled)
[    0.057033] audit: type=2000 audit(1604403201.056:1): state=initialized audit_enabled=0 res=1
[    0.057033] drivers/base/bus.c 153 driver_register -- functionpoint
[    0.057033] drivers/base/bus.c 642 bus_add_driver -- functionpoint
[    0.057033] drivers/base/bus.c 649 bus_add_driver -- functionpoint -- bus: 'platform': add driver sram
[    0.057033] drivers/base/bus.c 153 driver_register -- functionpoint
[    0.057033] drivers/base/bus.c 642 bus_add_driver -- functionpoint
[    0.057033] drivers/base/bus.c 649 bus_add_driver -- functionpoint -- bus: 'platform': add driver syscon
[    0.057033] drivers/base/bus.c 153 driver_register -- functionpoint
[    0.057033] drivers/base/bus.c 642 bus_add_driver -- functionpoint
[    0.057033] drivers/base/bus.c 649 bus_add_driver -- functionpoint -- bus: 'i2c': add driver dummy
[    0.057033] cpuidle: using governor ladder
[    0.057033] cpuidle: using governor menu
[    0.057033] ACPI FADT declares the system doesn't support PCIe ASPM, so disable it
[    0.057033] ACPI: bus type PCI registered
[    0.057033] acpiphp: ACPI Hot Plug PCI Controller Driver version: 0.5
[    0.057033] arch/x86/pci/init.c 11 start pci_arch_init -- functionpoint
[    0.057033] PCI: MMCONFIG for domain 0000 [bus 00-3f] at [mem 0xf8000000-0xfbffffff] (base 0xf8000000)
[    0.057033] PCI: not using MMCONFIG
[    0.057033] PCI: Using configuration type 1 for base access
[    0.057033] arch/x86/pci/init.c 44 end pci_arch_init -- functionpoint
[    0.057118] HugeTLB registered 1.00 GiB page size, pre-allocated 0 pages
[    0.057118] HugeTLB registered 2.00 MiB page size, pre-allocated 0 pages
[    0.057120] drivers/base/bus.c 153 driver_register -- functionpoint
[    0.057120] drivers/base/bus.c 642 bus_add_driver -- functionpoint
[    0.057120] drivers/base/bus.c 649 bus_add_driver -- functionpoint -- bus: 'i2c': add driver sx150x-pinctrl
[    0.057120] drivers/base/bus.c 153 driver_register -- functionpoint
[    0.057120] drivers/base/bus.c 642 bus_add_driver -- functionpoint
[    0.057120] drivers/base/bus.c 649 bus_add_driver -- functionpoint -- bus: 'platform': add driver byt_gpio
[    0.057120] drivers/base/bus.c 153 driver_register -- functionpoint
[    0.057120] drivers/base/bus.c 642 bus_add_driver -- functionpoint
[    0.057120] drivers/base/bus.c 649 bus_add_driver -- functionpoint -- bus: 'platform': add driver cherryview-pinctrl
[    0.057120] drivers/base/bus.c 153 driver_register -- functionpoint
[    0.057120] drivers/base/bus.c 642 bus_add_driver -- functionpoint
[    0.057120] drivers/base/bus.c 649 bus_add_driver -- functionpoint -- bus: 'platform': add driver lp_gpio
[    0.057120] drivers/base/bus.c 153 driver_register -- functionpoint
[    0.057120] drivers/base/bus.c 642 bus_add_driver -- functionpoint
[    0.057120] drivers/base/bus.c 649 bus_add_driver -- functionpoint -- bus: 'platform': add driver rc5t583-gpio
[    0.057120] drivers/base/bus.c 153 driver_register -- functionpoint
[    0.057120] drivers/base/bus.c 642 bus_add_driver -- functionpoint
[    0.057120] drivers/base/bus.c 649 bus_add_driver -- functionpoint -- bus: 'platform': add driver palmas-gpio
[    0.057120] drivers/base/bus.c 153 driver_register -- functionpoint
[    0.057120] drivers/base/bus.c 642 bus_add_driver -- functionpoint
[    0.057120] drivers/base/bus.c 649 bus_add_driver -- functionpoint -- bus: 'platform': add driver tps6586x-gpio
[    0.057120] drivers/base/bus.c 153 driver_register -- functionpoint
[    0.057120] drivers/base/bus.c 642 bus_add_driver -- functionpoint
[    0.057120] drivers/base/bus.c 649 bus_add_driver -- functionpoint -- bus: 'platform': add driver tps65910-gpio
[    0.057120] drivers/acpi/bus.c 1231 start acpi_init -- functionpoint
[    0.060002] ACPI: Added _OSI(Module Device)
[    0.060005] ACPI: Added _OSI(Processor Device)
[    0.060005] ACPI: Added _OSI(3.0 _SCP Extensions)
[    0.060006] ACPI: Added _OSI(Processor Aggregator Device)
[    0.061846] ACPI: Executed 30 blocks of module-level executable AML code
[    0.072037] ACPI: [Firmware Bug]: BIOS _OSI(Linux) query ignored
[    0.080212] ACPI: Dynamic OEM Table Load:
[    0.080223] ACPI: SSDT 0xFFFF94E154FB3C00 0000F4 (v02 PmRef  Cpu0Psd  00003000 INTL 20160527)
[    0.080454] ACPI: Executed 1 blocks of module-level executable AML code
[    0.080575] ACPI: \_SB_.PR00: _OSC native thermal LVT Acked
[    0.081533] ACPI: Dynamic OEM Table Load:
[    0.081539] ACPI: SSDT 0xFFFF94E154FBEC00 000400 (v02 PmRef  Cpu0Cst  00003001 INTL 20160527)
[    0.081763] ACPI: Executed 1 blocks of module-level executable AML code
[    0.081996] ACPI: Dynamic OEM Table Load:
[    0.082001] ACPI: SSDT 0xFFFF94E154EF6800 000605 (v02 PmRef  Cpu0Ist  00003000 INTL 20160527)
[    0.082206] ACPI: Executed 1 blocks of module-level executable AML code
[    0.082398] ACPI: Dynamic OEM Table Load:
[    0.082403] ACPI: SSDT 0xFFFF94E154F36600 000149 (v02 PmRef  Cpu0Hwp  00003000 INTL 20160527)
[    0.082598] ACPI: Executed 2 blocks of module-level executable AML code
[    0.082769] ACPI: Dynamic OEM Table Load:
[    0.082775] ACPI: SSDT 0xFFFF94E154EF4800 000724 (v02 PmRef  HwpLvt   00003000 INTL 20160527)
[    0.082957] ACPI: Executed 1 blocks of module-level executable AML code
[    0.083450] ACPI: Dynamic OEM Table Load:
[    0.083455] ACPI: SSDT 0xFFFF94E154EF0000 0005FC (v02 PmRef  ApIst    00003000 INTL 20160527)
[    0.083857] ACPI: Executed 1 blocks of module-level executable AML code
[    0.084053] ACPI: Dynamic OEM Table Load:
[    0.084058] ACPI: SSDT 0xFFFF94E154FBD800 000317 (v02 PmRef  ApHwp    00003000 INTL 20160527)
[    0.084337] ACPI: Executed 1 blocks of module-level executable AML code
[    0.084656] ACPI: Dynamic OEM Table Load:
[    0.084662] ACPI: SSDT 0xFFFF94E157147000 000AB0 (v02 PmRef  ApPsd    00003000 INTL 20160527)
[    0.085510] ACPI: Executed 1 blocks of module-level executable AML code
[    0.085707] ACPI: Dynamic OEM Table Load:
[    0.085712] ACPI: SSDT 0xFFFF94E154FBDC00 00030A (v02 PmRef  ApCst    00003000 INTL 20160527)
[    0.085991] ACPI: Executed 1 blocks of module-level executable AML code
[    0.088918] ACPI: EC: EC started
[    0.088918] ACPI: EC: interrupt blocked
[    0.088935] ACPI: \_SB_.PCI0.LPCB.EC0_: Used as first EC
[    0.088936] ACPI: \_SB_.PCI0.LPCB.EC0_: GPE=0x6e, EC_CMD/EC_SC=0x66, EC_DATA=0x62
[    0.088937] ACPI: \_SB_.PCI0.LPCB.EC0_: Used as boot DSDT EC to handle transactions
[    0.088938] ACPI: Interpreter enabled
[    0.088986] ACPI: (supports S0 S3 S4 S5)
[    0.088987] ACPI: Using IOAPIC for interrupt routing
[    0.089027] PCI: MMCONFIG for domain 0000 [bus 00-3f] at [mem 0xf8000000-0xfbffffff] (base 0xf8000000)
[    0.091655] PCI: MMCONFIG at [mem 0xf8000000-0xfbffffff] reserved in ACPI motherboard resources
[    0.091661] drivers/acpi/pci_root.c 920 acpi_pci_root_init --functionpoint
[    0.091661] drivers/acpi/apei/hest.c 228 acpi_hest_init -- functionpoint
[    0.091666] PCI: Using host bridge windows from ACPI; if necessary, use "pci=nocrs" and report a bug
[    0.091667] drivers/acpi/scan.c 106 acpi_scan_add_handler_with_hotplug -- functionpoint
[    0.091669] drivers/acpi/pci_link.c 936 acpi_pci_link_init -- functionpoint
[    0.092061] drivers/acpi/scan.c 106 acpi_scan_add_handler_with_hotplug -- functionpoint
[    0.092064] drivers/base/bus.c 153 driver_register -- functionpoint
[    0.092067] drivers/base/bus.c 642 bus_add_driver -- functionpoint
[    0.092069] drivers/base/bus.c 649 bus_add_driver -- functionpoint -- bus: 'platform': add driver clk-lpt
[    0.092076] drivers/acpi/scan.c 106 acpi_scan_add_handler_with_hotplug -- functionpoint
[    0.092127] ACPI: Enabled 4 GPEs in block 00 to 7F
[    0.092131] drivers/acpi/scan.c 2010 acpi_bus_scan -- functionpoint
[    0.098990] ACPI: Power Resource [USBC] (on)
[    0.099809] ACPI: Power Resource [WRST] (on)
[    0.100218] ACPI: Power Resource [WRST] (on)
[    0.100615] ACPI: Power Resource [WRST] (on)
[    0.101015] ACPI: Power Resource [WRST] (on)
[    0.101421] ACPI: Power Resource [WRST] (on)
[    0.101816] ACPI: Power Resource [WRST] (on)
[    0.102215] ACPI: Power Resource [WRST] (on)
[    0.102616] ACPI: Power Resource [WRST] (on)
[    0.103015] ACPI: Power Resource [WRST] (on)
[    0.103411] ACPI: Power Resource [WRST] (on)
[    0.103810] ACPI: Power Resource [WRST] (on)
[    0.104212] ACPI: Power Resource [WRST] (on)
[    0.104609] ACPI: Power Resource [WRST] (on)
[    0.105008] ACPI: Power Resource [WRST] (on)
[    0.105415] ACPI: Power Resource [WRST] (on)
[    0.105811] ACPI: Power Resource [WRST] (on)
[    0.106210] ACPI: Power Resource [WRST] (on)
[    0.106613] ACPI: Power Resource [WRST] (on)
[    0.107018] ACPI: Power Resource [WRST] (on)
[    0.107426] ACPI: Power Resource [WRST] (on)
[    0.109124] ACPI: Power Resource [V0PR] (on)
[    0.109338] ACPI: Power Resource [V1PR] (on)
[    0.109547] ACPI: Power Resource [V2PR] (on)
[    0.114103] ACPI: Power Resource [WRST] (on)
[    0.116233] drivers/acpi/scan.c 1916 acpi_bus_attach -- functionpoint
[    0.116254] drivers/acpi/scan.c 1916 acpi_bus_attach -- functionpoint
[    0.116261] drivers/acpi/scan.c 1916 acpi_bus_attach -- functionpoint
[    0.116292] drivers/acpi/scan.c 1916 acpi_bus_attach -- functionpoint
[    0.116317] drivers/acpi/scan.c 1916 acpi_bus_attach -- functionpoint
[    0.116325] drivers/acpi/pci_root.c 528 acpi_pci_root_add -- functionpoint
[    0.116715] ACPI: PCI Root Bridge [PCI0] (domain 0000 [bus 00-3e])
[    0.116717] ACPI: drivers/acpi/pci_root.c 584 acpi_pci_root_add --  functionpoint -- PCI Root Bridge [PCI0] (domain 0000 [bus 00-3e])
[    0.116724] acpi PNP0A08:00: _OSC: OS supports [ExtendedConfig ASPM ClockPM Segments MSI]
[    0.120122] acpi PNP0A08:00: _OSC: OS now controls [PCIeHotplug PME AER PCIeCapability]
[    0.120123] acpi PNP0A08:00: FADT indicates ASPM is unsupported, using BIOS configuration
[    0.120137] arch/x86/pci/acpi.c 335 pci_acpi_scan_root -- functionpoint
[    0.120137] drivers/pci/search.c 144 pci_find_bus -- functionpoint
[    0.120140] drivers/pci/search.c 145 pci_find_bus functionpoint -- domain_num = 0, bus_num = 0
[    0.120143] drivers/pci/search.c 176 pci_find_next_bus -- functionpoint
[    0.120144] drivers/pci/search.c 157 pci_find_bus not found bus -- functionpoint
[    0.120157] drivers/acpi/pci_root.c 881 acpi_pci_root_create -- functionpoint
[    0.120539] drivers/pci/probe.c 2643 pci_create_root_bus -- functionpoint
[    0.120541] drivers/pci/probe.c 533 pci_alloc_host_bridge -- functionpoint
[    0.120543] drivers/pci/probe.c 765 pci_register_host_bridge -- functionpoint
[    0.120545] drivers/pci/search.c 144 pci_find_bus -- functionpoint
[    0.120547] drivers/pci/search.c 145 pci_find_bus functionpoint -- domain_num = 0, bus_num = 0
[    0.120550] drivers/pci/search.c 176 pci_find_next_bus -- functionpoint
[    0.120550] drivers/pci/search.c 157 pci_find_bus not found bus -- functionpoint
[    0.121597] drivers/pci/probe.c 2009 pci_bus_read_dev_vendor_id -- functionpoint
[    0.121611] drivers/pci/probe.c 2009 pci_bus_read_dev_vendor_id -- functionpoint
[    0.121627] drivers/pci/probe.c 2009 pci_bus_read_dev_vendor_id -- functionpoint
[    0.121639] drivers/pci/probe.c 2009 pci_bus_read_dev_vendor_id -- functionpoint
[    0.121650] drivers/pci/probe.c 2009 pci_bus_read_dev_vendor_id -- functionpoint
[    0.121666] drivers/pci/probe.c 2009 pci_bus_read_dev_vendor_id -- functionpoint
[    0.121674] drivers/pci/probe.c 2009 pci_bus_read_dev_vendor_id -- functionpoint
[    0.121686] drivers/pci/probe.c 2009 pci_bus_read_dev_vendor_id -- functionpoint
[    0.121700] drivers/pci/probe.c 2009 pci_bus_read_dev_vendor_id -- functionpoint
[    0.121705] drivers/pci/probe.c 2009 pci_bus_read_dev_vendor_id -- functionpoint
[    0.121716] drivers/pci/probe.c 2009 pci_bus_read_dev_vendor_id -- functionpoint
[    0.121765] drivers/pci/probe.c 2009 pci_bus_read_dev_vendor_id -- functionpoint
[    0.121817] drivers/pci/probe.c 2009 pci_bus_read_dev_vendor_id -- functionpoint
[    0.121869] drivers/pci/probe.c 2009 pci_bus_read_dev_vendor_id -- functionpoint
[    0.121920] drivers/pci/probe.c 2009 pci_bus_read_dev_vendor_id -- functionpoint
[    0.121972] drivers/pci/probe.c 2009 pci_bus_read_dev_vendor_id -- functionpoint
[    0.122024] drivers/pci/probe.c 2009 pci_bus_read_dev_vendor_id -- functionpoint
[    0.122075] drivers/pci/probe.c 2009 pci_bus_read_dev_vendor_id -- functionpoint
[    0.122123] drivers/pci/probe.c 2009 pci_bus_read_dev_vendor_id -- functionpoint
[    0.122176] drivers/pci/probe.c 2009 pci_bus_read_dev_vendor_id -- functionpoint
[    0.122228] drivers/pci/probe.c 2009 pci_bus_read_dev_vendor_id -- functionpoint
[    0.122280] drivers/pci/probe.c 2009 pci_bus_read_dev_vendor_id -- functionpoint
[    0.122332] drivers/pci/probe.c 2009 pci_bus_read_dev_vendor_id -- functionpoint
[    0.122383] drivers/pci/probe.c 2009 pci_bus_read_dev_vendor_id -- functionpoint
[    0.122435] drivers/pci/probe.c 2009 pci_bus_read_dev_vendor_id -- functionpoint
[    0.122487] drivers/pci/probe.c 2009 pci_bus_read_dev_vendor_id -- functionpoint
[    0.122538] drivers/pci/probe.c 2009 pci_bus_read_dev_vendor_id -- functionpoint
[    0.122592] drivers/pci/probe.c 2009 pci_bus_read_dev_vendor_id -- functionpoint
[    0.122644] drivers/pci/probe.c 2009 pci_bus_read_dev_vendor_id -- functionpoint
[    0.122696] drivers/pci/probe.c 2009 pci_bus_read_dev_vendor_id -- functionpoint
[    0.122748] drivers/pci/probe.c 2009 pci_bus_read_dev_vendor_id -- functionpoint
[    0.122800] drivers/pci/probe.c 2009 pci_bus_read_dev_vendor_id -- functionpoint
[    0.122849] drivers/pci/probe.c 2009 pci_bus_read_dev_vendor_id -- functionpoint
[    0.122901] drivers/pci/probe.c 2009 pci_bus_read_dev_vendor_id -- functionpoint
[    0.122953] drivers/pci/probe.c 2009 pci_bus_read_dev_vendor_id -- functionpoint
[    0.122969] drivers/pci/probe.c 2009 pci_bus_read_dev_vendor_id -- functionpoint
[    0.122987] drivers/pci/probe.c 2009 pci_bus_read_dev_vendor_id -- functionpoint
[    0.123002] drivers/pci/probe.c 2009 pci_bus_read_dev_vendor_id -- functionpoint
[    0.123013] drivers/pci/probe.c 2009 pci_bus_read_dev_vendor_id -- functionpoint
[    0.123027] drivers/pci/probe.c 2009 pci_bus_read_dev_vendor_id -- functionpoint
[    0.123032] drivers/pci/probe.c 2009 pci_bus_read_dev_vendor_id -- functionpoint
[    0.123039] drivers/pci/probe.c 2009 pci_bus_read_dev_vendor_id -- functionpoint
[    0.123047] PCI host bridge to bus 0000:00
[    0.123051] pci_bus 0000:00: root bus resource [io  0x0000-0x0cf7 window]
[    0.123052] pci_bus 0000:00: root bus resource [io  0x0d00-0xffff window]
[    0.123053] pci_bus 0000:00: root bus resource [mem 0x000a0000-0x000bffff window]
[    0.123054] pci_bus 0000:00: root bus resource [mem 0xd4800000-0xf7ffffff window]
[    0.123055] pci_bus 0000:00: root bus resource [mem 0x4000000000-0x7fffffffff window]
[    0.123057] pci_bus 0000:00: root bus resource [mem 0xfc800000-0xfe7fffff window]
[    0.123058] pci_bus 0000:00: root bus resource [bus 00-3e]
[    0.123058] drivers/pci/probe.c 2497 pci_scan_child_bus_extend -- functionpoint
[    0.123059] pci_bus 0000:00: drivers/pci/probe.c 2501 pci_scan_child_bus_extend-- functionpoint -- scanning bus
[    0.123063] drivers/pci/probe.c 2281 pci_scan_slot -- functionpoint
[    0.123064] drivers/pci/probe.c 2196 pci_scan_single_device -- functionpoint
[    0.123065] drivers/pci/search.c 206 pci_get_slot -- functionpoint
[    0.123067] drivers/pci/probe.c 2035 pci_scan_device -- functionpoint
[    0.123068] drivers/pci/probe.c 2009 pci_bus_read_dev_vendor_id -- functionpoint
[    0.123071] drivers/pci/probe.c 2048 pci_scan_device -- functionpoint -- dev_vendor: 8086, dev_device: 3e30
[    0.123075] drivers/pci/probe.c 1453 pci_setup_device -- functionpoint
[    0.123080] pci 0000:00:00.0: [8086:3e30] type 00 class 0x060000
[    0.123083] pci 0000:00:00.0: drivers/pci/probe.c 1482 pci_setup_device functionpoint -- [8086:3e30] type 00 class 0x060000 multifunction 00
[    0.123098] drivers/pci/probe.c 1513 pci_setup_device  switch case PCI_HEADER_TYPE_NORMAL -- functionpoint
[    0.123110] drivers/pci/probe.c 2145 pci_device_add -- functionpoint
[    0.124109] drivers/pci/probe.c 2288 pci_scan_slot -- functionpoint -- fn = 0, devfn = 0, fn+devfn = 0
[    0.124112] drivers/pci/probe.c 2220 next_fn -- functionpoint
[    0.124113] drivers/pci/probe.c 2281 pci_scan_slot -- functionpoint
[    0.124114] drivers/pci/probe.c 2196 pci_scan_single_device -- functionpoint
[    0.124116] drivers/pci/search.c 206 pci_get_slot -- functionpoint
[    0.124117] drivers/pci/probe.c 2035 pci_scan_device -- functionpoint
[    0.124119] drivers/pci/probe.c 2009 pci_bus_read_dev_vendor_id -- functionpoint
[    0.124131] drivers/pci/probe.c 2288 pci_scan_slot -- functionpoint -- fn = 0, devfn = 8, fn+devfn = 8
[    0.124134] drivers/pci/probe.c 2281 pci_scan_slot -- functionpoint
[    0.124134] drivers/pci/probe.c 2196 pci_scan_single_device -- functionpoint
[    0.124136] drivers/pci/search.c 206 pci_get_slot -- functionpoint
[    0.124138] drivers/pci/probe.c 2035 pci_scan_device -- functionpoint
[    0.124139] drivers/pci/probe.c 2009 pci_bus_read_dev_vendor_id -- functionpoint
[    0.124141] drivers/pci/probe.c 2048 pci_scan_device -- functionpoint -- dev_vendor: 8086, dev_device: 3e98
[    0.124145] drivers/pci/probe.c 1453 pci_setup_device -- functionpoint
[    0.124150] pci 0000:00:02.0: [8086:3e98] type 00 class 0x030000
[    0.124153] pci 0000:00:02.0: drivers/pci/probe.c 1482 pci_setup_device functionpoint -- [8086:3e98] type 00 class 0x030000 multifunction 00
[    0.124158] drivers/pci/probe.c 1513 pci_setup_device  switch case PCI_HEADER_TYPE_NORMAL -- functionpoint
[    0.124164] pci 0000:00:02.0: reg 0x10: [mem 0xf0000000-0xf0ffffff 64bit]
[    0.124170] pci 0000:00:02.0: reg 0x18: [mem 0xe0000000-0xefffffff 64bit pref]
[    0.124174] pci 0000:00:02.0: reg 0x20: [io  0x4000-0x403f]
[    0.124180] drivers/pci/probe.c 2145 pci_device_add -- functionpoint
[    0.124187] pci 0000:00:02.0: BAR 2: assigned to efifb
[    0.125205] drivers/pci/probe.c 2288 pci_scan_slot -- functionpoint -- fn = 0, devfn = 16, fn+devfn = 16
[    0.125207] drivers/pci/probe.c 2220 next_fn -- functionpoint
[    0.125208] drivers/pci/probe.c 2281 pci_scan_slot -- functionpoint
[    0.125209] drivers/pci/probe.c 2196 pci_scan_single_device -- functionpoint
[    0.125211] drivers/pci/search.c 206 pci_get_slot -- functionpoint
[    0.125213] drivers/pci/probe.c 2035 pci_scan_device -- functionpoint
[    0.125214] drivers/pci/probe.c 2009 pci_bus_read_dev_vendor_id -- functionpoint
[    0.125226] drivers/pci/probe.c 2288 pci_scan_slot -- functionpoint -- fn = 0, devfn = 24, fn+devfn = 24
[    0.125229] drivers/pci/probe.c 2281 pci_scan_slot -- functionpoint
[    0.125230] drivers/pci/probe.c 2196 pci_scan_single_device -- functionpoint
[    0.125231] drivers/pci/search.c 206 pci_get_slot -- functionpoint
[    0.125233] drivers/pci/probe.c 2035 pci_scan_device -- functionpoint
[    0.125234] drivers/pci/probe.c 2009 pci_bus_read_dev_vendor_id -- functionpoint
[    0.125251] drivers/pci/probe.c 2288 pci_scan_slot -- functionpoint -- fn = 0, devfn = 32, fn+devfn = 32
[    0.125254] drivers/pci/probe.c 2281 pci_scan_slot -- functionpoint
[    0.125255] drivers/pci/probe.c 2196 pci_scan_single_device -- functionpoint
[    0.125256] drivers/pci/search.c 206 pci_get_slot -- functionpoint
[    0.125258] drivers/pci/probe.c 2035 pci_scan_device -- functionpoint
[    0.125260] drivers/pci/probe.c 2009 pci_bus_read_dev_vendor_id -- functionpoint
[    0.125276] drivers/pci/probe.c 2288 pci_scan_slot -- functionpoint -- fn = 0, devfn = 40, fn+devfn = 40
[    0.125279] drivers/pci/probe.c 2281 pci_scan_slot -- functionpoint
[    0.125280] drivers/pci/probe.c 2196 pci_scan_single_device -- functionpoint
[    0.125281] drivers/pci/search.c 206 pci_get_slot -- functionpoint
[    0.125283] drivers/pci/probe.c 2035 pci_scan_device -- functionpoint
[    0.125285] drivers/pci/probe.c 2009 pci_bus_read_dev_vendor_id -- functionpoint
[    0.125301] drivers/pci/probe.c 2288 pci_scan_slot -- functionpoint -- fn = 0, devfn = 48, fn+devfn = 48
[    0.125305] drivers/pci/probe.c 2281 pci_scan_slot -- functionpoint
[    0.125305] drivers/pci/probe.c 2196 pci_scan_single_device -- functionpoint
[    0.125306] drivers/pci/search.c 206 pci_get_slot -- functionpoint
[    0.125308] drivers/pci/probe.c 2035 pci_scan_device -- functionpoint
[    0.125310] drivers/pci/probe.c 2009 pci_bus_read_dev_vendor_id -- functionpoint
[    0.125326] drivers/pci/probe.c 2288 pci_scan_slot -- functionpoint -- fn = 0, devfn = 56, fn+devfn = 56
[    0.125329] drivers/pci/probe.c 2281 pci_scan_slot -- functionpoint
[    0.125330] drivers/pci/probe.c 2196 pci_scan_single_device -- functionpoint
[    0.125331] drivers/pci/search.c 206 pci_get_slot -- functionpoint
[    0.125333] drivers/pci/probe.c 2035 pci_scan_device -- functionpoint
[    0.125335] drivers/pci/probe.c 2009 pci_bus_read_dev_vendor_id -- functionpoint
[    0.125351] drivers/pci/probe.c 2288 pci_scan_slot -- functionpoint -- fn = 0, devfn = 64, fn+devfn = 64
[    0.125355] drivers/pci/probe.c 2281 pci_scan_slot -- functionpoint
[    0.125355] drivers/pci/probe.c 2196 pci_scan_single_device -- functionpoint
[    0.125356] drivers/pci/search.c 206 pci_get_slot -- functionpoint
[    0.125358] drivers/pci/probe.c 2035 pci_scan_device -- functionpoint
[    0.125360] drivers/pci/probe.c 2009 pci_bus_read_dev_vendor_id -- functionpoint
[    0.125376] drivers/pci/probe.c 2288 pci_scan_slot -- functionpoint -- fn = 0, devfn = 72, fn+devfn = 72
[    0.125380] drivers/pci/probe.c 2281 pci_scan_slot -- functionpoint
[    0.125380] drivers/pci/probe.c 2196 pci_scan_single_device -- functionpoint
[    0.125381] drivers/pci/search.c 206 pci_get_slot -- functionpoint
[    0.125383] drivers/pci/probe.c 2035 pci_scan_device -- functionpoint
[    0.125385] drivers/pci/probe.c 2009 pci_bus_read_dev_vendor_id -- functionpoint
[    0.125401] drivers/pci/probe.c 2288 pci_scan_slot -- functionpoint -- fn = 0, devfn = 80, fn+devfn = 80
[    0.125405] drivers/pci/probe.c 2281 pci_scan_slot -- functionpoint
[    0.125405] drivers/pci/probe.c 2196 pci_scan_single_device -- functionpoint
[    0.125407] drivers/pci/search.c 206 pci_get_slot -- functionpoint
[    0.125408] drivers/pci/probe.c 2035 pci_scan_device -- functionpoint
[    0.125410] drivers/pci/probe.c 2009 pci_bus_read_dev_vendor_id -- functionpoint
[    0.125426] drivers/pci/probe.c 2288 pci_scan_slot -- functionpoint -- fn = 0, devfn = 88, fn+devfn = 88
[    0.125430] drivers/pci/probe.c 2281 pci_scan_slot -- functionpoint
[    0.125430] drivers/pci/probe.c 2196 pci_scan_single_device -- functionpoint
[    0.125432] drivers/pci/search.c 206 pci_get_slot -- functionpoint
[    0.125433] drivers/pci/probe.c 2035 pci_scan_device -- functionpoint
[    0.125435] drivers/pci/probe.c 2009 pci_bus_read_dev_vendor_id -- functionpoint
[    0.125451] drivers/pci/probe.c 2288 pci_scan_slot -- functionpoint -- fn = 0, devfn = 96, fn+devfn = 96
[    0.125455] drivers/pci/probe.c 2281 pci_scan_slot -- functionpoint
[    0.125455] drivers/pci/probe.c 2196 pci_scan_single_device -- functionpoint
[    0.125457] drivers/pci/search.c 206 pci_get_slot -- functionpoint
[    0.125458] drivers/pci/probe.c 2035 pci_scan_device -- functionpoint
[    0.125460] drivers/pci/probe.c 2009 pci_bus_read_dev_vendor_id -- functionpoint
[    0.125476] drivers/pci/probe.c 2288 pci_scan_slot -- functionpoint -- fn = 0, devfn = 104, fn+devfn = 104
[    0.125480] drivers/pci/probe.c 2281 pci_scan_slot -- functionpoint
[    0.125480] drivers/pci/probe.c 2196 pci_scan_single_device -- functionpoint
[    0.125482] drivers/pci/search.c 206 pci_get_slot -- functionpoint
[    0.125483] drivers/pci/probe.c 2035 pci_scan_device -- functionpoint
[    0.125485] drivers/pci/probe.c 2009 pci_bus_read_dev_vendor_id -- functionpoint
[    0.125501] drivers/pci/probe.c 2288 pci_scan_slot -- functionpoint -- fn = 0, devfn = 112, fn+devfn = 112
[    0.125505] drivers/pci/probe.c 2281 pci_scan_slot -- functionpoint
[    0.125505] drivers/pci/probe.c 2196 pci_scan_single_device -- functionpoint
[    0.125507] drivers/pci/search.c 206 pci_get_slot -- functionpoint
[    0.125508] drivers/pci/probe.c 2035 pci_scan_device -- functionpoint
[    0.125510] drivers/pci/probe.c 2009 pci_bus_read_dev_vendor_id -- functionpoint
[    0.125526] drivers/pci/probe.c 2288 pci_scan_slot -- functionpoint -- fn = 0, devfn = 120, fn+devfn = 120
[    0.125530] drivers/pci/probe.c 2281 pci_scan_slot -- functionpoint
[    0.125530] drivers/pci/probe.c 2196 pci_scan_single_device -- functionpoint
[    0.125532] drivers/pci/search.c 206 pci_get_slot -- functionpoint
[    0.125533] drivers/pci/probe.c 2035 pci_scan_device -- functionpoint
[    0.125535] drivers/pci/probe.c 2009 pci_bus_read_dev_vendor_id -- functionpoint
[    0.125551] drivers/pci/probe.c 2288 pci_scan_slot -- functionpoint -- fn = 0, devfn = 128, fn+devfn = 128
[    0.125555] drivers/pci/probe.c 2281 pci_scan_slot -- functionpoint
[    0.125555] drivers/pci/probe.c 2196 pci_scan_single_device -- functionpoint
[    0.125557] drivers/pci/search.c 206 pci_get_slot -- functionpoint
[    0.125558] drivers/pci/probe.c 2035 pci_scan_device -- functionpoint
[    0.125560] drivers/pci/probe.c 2009 pci_bus_read_dev_vendor_id -- functionpoint
[    0.125576] drivers/pci/probe.c 2288 pci_scan_slot -- functionpoint -- fn = 0, devfn = 136, fn+devfn = 136
[    0.125580] drivers/pci/probe.c 2281 pci_scan_slot -- functionpoint
[    0.125580] drivers/pci/probe.c 2196 pci_scan_single_device -- functionpoint
[    0.125582] drivers/pci/search.c 206 pci_get_slot -- functionpoint
[    0.125583] drivers/pci/probe.c 2035 pci_scan_device -- functionpoint
[    0.125585] drivers/pci/probe.c 2009 pci_bus_read_dev_vendor_id -- functionpoint
[    0.125590] drivers/pci/probe.c 2048 pci_scan_device -- functionpoint -- dev_vendor: 8086, dev_device: a379
[    0.125593] drivers/pci/probe.c 1453 pci_setup_device -- functionpoint
[    0.125605] pci 0000:00:12.0: [8086:a379] type 00 class 0x118000
[    0.125607] pci 0000:00:12.0: drivers/pci/probe.c 1482 pci_setup_device functionpoint -- [8086:a379] type 00 class 0x118000 multifunction 01
[    0.125623] drivers/pci/probe.c 1513 pci_setup_device  switch case PCI_HEADER_TYPE_NORMAL -- functionpoint
[    0.125641] pci 0000:00:12.0: reg 0x10: [mem 0x4000107000-0x4000107fff 64bit]
[    0.125682] drivers/pci/probe.c 2145 pci_device_add -- functionpoint
[    0.126712] drivers/pci/probe.c 2288 pci_scan_slot -- functionpoint -- fn = 0, devfn = 144, fn+devfn = 144
[    0.126716] drivers/pci/probe.c 2220 next_fn -- functionpoint
[    0.126716] drivers/pci/probe.c 2196 pci_scan_single_device -- functionpoint
[    0.126718] drivers/pci/search.c 206 pci_get_slot -- functionpoint
[    0.126719] drivers/pci/probe.c 2035 pci_scan_device -- functionpoint
[    0.126721] drivers/pci/probe.c 2009 pci_bus_read_dev_vendor_id -- functionpoint
[    0.126732] drivers/pci/probe.c 2298 pci_scan_slot -- functionpoint -- fn = 1, devfn = 144, fn+devfn = 145
[    0.126736] drivers/pci/probe.c 2220 next_fn -- functionpoint
[    0.126736] drivers/pci/probe.c 2196 pci_scan_single_device -- functionpoint
[    0.126738] drivers/pci/search.c 206 pci_get_slot -- functionpoint
[    0.126739] drivers/pci/probe.c 2035 pci_scan_device -- functionpoint
[    0.126741] drivers/pci/probe.c 2009 pci_bus_read_dev_vendor_id -- functionpoint
[    0.126757] drivers/pci/probe.c 2298 pci_scan_slot -- functionpoint -- fn = 2, devfn = 144, fn+devfn = 146
[    0.126761] drivers/pci/probe.c 2220 next_fn -- functionpoint
[    0.126761] drivers/pci/probe.c 2196 pci_scan_single_device -- functionpoint
[    0.126762] drivers/pci/search.c 206 pci_get_slot -- functionpoint
[    0.126764] drivers/pci/probe.c 2035 pci_scan_device -- functionpoint
[    0.126766] drivers/pci/probe.c 2009 pci_bus_read_dev_vendor_id -- functionpoint
[    0.126782] drivers/pci/probe.c 2298 pci_scan_slot -- functionpoint -- fn = 3, devfn = 144, fn+devfn = 147
[    0.126786] drivers/pci/probe.c 2220 next_fn -- functionpoint
[    0.126786] drivers/pci/probe.c 2196 pci_scan_single_device -- functionpoint
[    0.126787] drivers/pci/search.c 206 pci_get_slot -- functionpoint
[    0.126789] drivers/pci/probe.c 2035 pci_scan_device -- functionpoint
[    0.126790] drivers/pci/probe.c 2009 pci_bus_read_dev_vendor_id -- functionpoint
[    0.126807] drivers/pci/probe.c 2298 pci_scan_slot -- functionpoint -- fn = 4, devfn = 144, fn+devfn = 148
[    0.126810] drivers/pci/probe.c 2220 next_fn -- functionpoint
[    0.126811] drivers/pci/probe.c 2196 pci_scan_single_device -- functionpoint
[    0.126812] drivers/pci/search.c 206 pci_get_slot -- functionpoint
[    0.126814] drivers/pci/probe.c 2035 pci_scan_device -- functionpoint
[    0.126816] drivers/pci/probe.c 2009 pci_bus_read_dev_vendor_id -- functionpoint
[    0.126831] drivers/pci/probe.c 2298 pci_scan_slot -- functionpoint -- fn = 5, devfn = 144, fn+devfn = 149
[    0.126835] drivers/pci/probe.c 2220 next_fn -- functionpoint
[    0.126835] drivers/pci/probe.c 2196 pci_scan_single_device -- functionpoint
[    0.126836] drivers/pci/search.c 206 pci_get_slot -- functionpoint
[    0.126838] drivers/pci/probe.c 2035 pci_scan_device -- functionpoint
[    0.126840] drivers/pci/probe.c 2009 pci_bus_read_dev_vendor_id -- functionpoint
[    0.126852] drivers/pci/probe.c 2298 pci_scan_slot -- functionpoint -- fn = 6, devfn = 144, fn+devfn = 150
[    0.126855] drivers/pci/probe.c 2220 next_fn -- functionpoint
[    0.126855] drivers/pci/probe.c 2196 pci_scan_single_device -- functionpoint
[    0.126857] drivers/pci/search.c 206 pci_get_slot -- functionpoint
[    0.126859] drivers/pci/probe.c 2035 pci_scan_device -- functionpoint
[    0.126860] drivers/pci/probe.c 2009 pci_bus_read_dev_vendor_id -- functionpoint
[    0.126878] drivers/pci/probe.c 2298 pci_scan_slot -- functionpoint -- fn = 7, devfn = 144, fn+devfn = 151
[    0.126881] drivers/pci/probe.c 2220 next_fn -- functionpoint
[    0.126882] drivers/pci/probe.c 2281 pci_scan_slot -- functionpoint
[    0.126883] drivers/pci/probe.c 2196 pci_scan_single_device -- functionpoint
[    0.126885] drivers/pci/search.c 206 pci_get_slot -- functionpoint
[    0.126886] drivers/pci/probe.c 2035 pci_scan_device -- functionpoint
[    0.126888] drivers/pci/probe.c 2009 pci_bus_read_dev_vendor_id -- functionpoint
[    0.126898] drivers/pci/probe.c 2288 pci_scan_slot -- functionpoint -- fn = 0, devfn = 152, fn+devfn = 152
[    0.126901] drivers/pci/probe.c 2281 pci_scan_slot -- functionpoint
[    0.126901] drivers/pci/probe.c 2196 pci_scan_single_device -- functionpoint
[    0.126903] drivers/pci/search.c 206 pci_get_slot -- functionpoint
[    0.126904] drivers/pci/probe.c 2035 pci_scan_device -- functionpoint
[    0.126906] drivers/pci/probe.c 2009 pci_bus_read_dev_vendor_id -- functionpoint
[    0.126912] drivers/pci/probe.c 2048 pci_scan_device -- functionpoint -- dev_vendor: 8086, dev_device: a36d
[    0.126916] drivers/pci/probe.c 1453 pci_setup_device -- functionpoint
[    0.126928] pci 0000:00:14.0: [8086:a36d] type 00 class 0x0c0330
[    0.126931] pci 0000:00:14.0: drivers/pci/probe.c 1482 pci_setup_device functionpoint -- [8086:a36d] type 00 class 0x0c0330 multifunction 01
[    0.126947] drivers/pci/probe.c 1513 pci_setup_device  switch case PCI_HEADER_TYPE_NORMAL -- functionpoint
[    0.126967] pci 0000:00:14.0: reg 0x10: [mem 0xf1220000-0xf122ffff 64bit]
[    0.127022] drivers/pci/probe.c 2145 pci_device_add -- functionpoint
[    0.127071] pci 0000:00:14.0: PME# supported from D3hot D3cold
[    0.128132] drivers/pci/probe.c 2288 pci_scan_slot -- functionpoint -- fn = 0, devfn = 160, fn+devfn = 160
[    0.128135] drivers/pci/probe.c 2220 next_fn -- functionpoint
[    0.128135] drivers/pci/probe.c 2196 pci_scan_single_device -- functionpoint
[    0.128137] drivers/pci/search.c 206 pci_get_slot -- functionpoint
[    0.128139] drivers/pci/probe.c 2035 pci_scan_device -- functionpoint
[    0.128140] drivers/pci/probe.c 2009 pci_bus_read_dev_vendor_id -- functionpoint
[    0.128151] drivers/pci/probe.c 2298 pci_scan_slot -- functionpoint -- fn = 1, devfn = 160, fn+devfn = 161
[    0.128155] drivers/pci/probe.c 2220 next_fn -- functionpoint
[    0.128155] drivers/pci/probe.c 2196 pci_scan_single_device -- functionpoint
[    0.128156] drivers/pci/search.c 206 pci_get_slot -- functionpoint
[    0.128158] drivers/pci/probe.c 2035 pci_scan_device -- functionpoint
[    0.128160] drivers/pci/probe.c 2009 pci_bus_read_dev_vendor_id -- functionpoint
[    0.128171] drivers/pci/probe.c 2048 pci_scan_device -- functionpoint -- dev_vendor: 8086, dev_device: a36f
[    0.128174] drivers/pci/probe.c 1453 pci_setup_device -- functionpoint
[    0.128184] pci 0000:00:14.2: [8086:a36f] type 00 class 0x050000
[    0.128187] pci 0000:00:14.2: drivers/pci/probe.c 1482 pci_setup_device functionpoint -- [8086:a36f] type 00 class 0x050000 multifunction 00
[    0.128200] drivers/pci/probe.c 1513 pci_setup_device  switch case PCI_HEADER_TYPE_NORMAL -- functionpoint
[    0.128216] pci 0000:00:14.2: reg 0x10: [mem 0xf1232000-0xf1233fff 64bit]
[    0.128232] pci 0000:00:14.2: reg 0x18: [mem 0x4000106000-0x4000106fff 64bit]
[    0.128257] drivers/pci/probe.c 2145 pci_device_add -- functionpoint
[    0.129273] drivers/pci/probe.c 2298 pci_scan_slot -- functionpoint -- fn = 2, devfn = 160, fn+devfn = 162
[    0.129276] drivers/pci/probe.c 2220 next_fn -- functionpoint
[    0.129277] drivers/pci/probe.c 2196 pci_scan_single_device -- functionpoint
[    0.129278] drivers/pci/search.c 206 pci_get_slot -- functionpoint
[    0.129280] drivers/pci/probe.c 2035 pci_scan_device -- functionpoint
[    0.129281] drivers/pci/probe.c 2009 pci_bus_read_dev_vendor_id -- functionpoint
[    0.129287] drivers/pci/probe.c 2298 pci_scan_slot -- functionpoint -- fn = 3, devfn = 160, fn+devfn = 163
[    0.129291] drivers/pci/probe.c 2220 next_fn -- functionpoint
[    0.129291] drivers/pci/probe.c 2196 pci_scan_single_device -- functionpoint
[    0.129293] drivers/pci/search.c 206 pci_get_slot -- functionpoint
[    0.129294] drivers/pci/probe.c 2035 pci_scan_device -- functionpoint
[    0.129296] drivers/pci/probe.c 2009 pci_bus_read_dev_vendor_id -- functionpoint
[    0.129314] drivers/pci/probe.c 2298 pci_scan_slot -- functionpoint -- fn = 4, devfn = 160, fn+devfn = 164
[    0.129317] drivers/pci/probe.c 2220 next_fn -- functionpoint
[    0.129318] drivers/pci/probe.c 2196 pci_scan_single_device -- functionpoint
[    0.129319] drivers/pci/search.c 206 pci_get_slot -- functionpoint
[    0.129321] drivers/pci/probe.c 2035 pci_scan_device -- functionpoint
[    0.129322] drivers/pci/probe.c 2009 pci_bus_read_dev_vendor_id -- functionpoint
[    0.129331] drivers/pci/probe.c 2298 pci_scan_slot -- functionpoint -- fn = 5, devfn = 160, fn+devfn = 165
[    0.129335] drivers/pci/probe.c 2220 next_fn -- functionpoint
[    0.129335] drivers/pci/probe.c 2196 pci_scan_single_device -- functionpoint
[    0.129336] drivers/pci/search.c 206 pci_get_slot -- functionpoint
[    0.129338] drivers/pci/probe.c 2035 pci_scan_device -- functionpoint
[    0.129339] drivers/pci/probe.c 2009 pci_bus_read_dev_vendor_id -- functionpoint
[    0.129356] drivers/pci/probe.c 2298 pci_scan_slot -- functionpoint -- fn = 6, devfn = 160, fn+devfn = 166
[    0.129359] drivers/pci/probe.c 2220 next_fn -- functionpoint
[    0.129360] drivers/pci/probe.c 2196 pci_scan_single_device -- functionpoint
[    0.129361] drivers/pci/search.c 206 pci_get_slot -- functionpoint
[    0.129363] drivers/pci/probe.c 2035 pci_scan_device -- functionpoint
[    0.129364] drivers/pci/probe.c 2009 pci_bus_read_dev_vendor_id -- functionpoint
[    0.129381] drivers/pci/probe.c 2298 pci_scan_slot -- functionpoint -- fn = 7, devfn = 160, fn+devfn = 167
[    0.129384] drivers/pci/probe.c 2220 next_fn -- functionpoint
[    0.129385] drivers/pci/probe.c 2281 pci_scan_slot -- functionpoint
[    0.129386] drivers/pci/probe.c 2196 pci_scan_single_device -- functionpoint
[    0.129388] drivers/pci/search.c 206 pci_get_slot -- functionpoint
[    0.129389] drivers/pci/probe.c 2035 pci_scan_device -- functionpoint
[    0.129391] drivers/pci/probe.c 2009 pci_bus_read_dev_vendor_id -- functionpoint
[    0.129401] drivers/pci/probe.c 2288 pci_scan_slot -- functionpoint -- fn = 0, devfn = 168, fn+devfn = 168
[    0.129404] drivers/pci/probe.c 2281 pci_scan_slot -- functionpoint
[    0.129404] drivers/pci/probe.c 2196 pci_scan_single_device -- functionpoint
[    0.129406] drivers/pci/search.c 206 pci_get_slot -- functionpoint
[    0.129407] drivers/pci/probe.c 2035 pci_scan_device -- functionpoint
[    0.129409] drivers/pci/probe.c 2009 pci_bus_read_dev_vendor_id -- functionpoint
[    0.129420] drivers/pci/probe.c 2048 pci_scan_device -- functionpoint -- dev_vendor: 8086, dev_device: a360
[    0.129424] drivers/pci/probe.c 1453 pci_setup_device -- functionpoint
[    0.129436] pci 0000:00:16.0: [8086:a360] type 00 class 0x078000
[    0.129439] pci 0000:00:16.0: drivers/pci/probe.c 1482 pci_setup_device functionpoint -- [8086:a360] type 00 class 0x078000 multifunction 01
[    0.129455] drivers/pci/probe.c 1513 pci_setup_device  switch case PCI_HEADER_TYPE_NORMAL -- functionpoint
[    0.129472] pci 0000:00:16.0: reg 0x10: [mem 0x4000105000-0x4000105fff 64bit]
[    0.129514] drivers/pci/probe.c 2145 pci_device_add -- functionpoint
[    0.129563] pci 0000:00:16.0: PME# supported from D3hot
[    0.130612] drivers/pci/probe.c 2288 pci_scan_slot -- functionpoint -- fn = 0, devfn = 176, fn+devfn = 176
[    0.130615] drivers/pci/probe.c 2220 next_fn -- functionpoint
[    0.130615] drivers/pci/probe.c 2196 pci_scan_single_device -- functionpoint
[    0.130617] drivers/pci/search.c 206 pci_get_slot -- functionpoint
[    0.130618] drivers/pci/probe.c 2035 pci_scan_device -- functionpoint
[    0.130620] drivers/pci/probe.c 2009 pci_bus_read_dev_vendor_id -- functionpoint
[    0.130631] drivers/pci/probe.c 2298 pci_scan_slot -- functionpoint -- fn = 1, devfn = 176, fn+devfn = 177
[    0.130635] drivers/pci/probe.c 2220 next_fn -- functionpoint
[    0.130635] drivers/pci/probe.c 2196 pci_scan_single_device -- functionpoint
[    0.130637] drivers/pci/search.c 206 pci_get_slot -- functionpoint
[    0.130638] drivers/pci/probe.c 2035 pci_scan_device -- functionpoint
[    0.130640] drivers/pci/probe.c 2009 pci_bus_read_dev_vendor_id -- functionpoint
[    0.130656] drivers/pci/probe.c 2298 pci_scan_slot -- functionpoint -- fn = 2, devfn = 176, fn+devfn = 178
[    0.130659] drivers/pci/probe.c 2220 next_fn -- functionpoint
[    0.130660] drivers/pci/probe.c 2196 pci_scan_single_device -- functionpoint
[    0.130661] drivers/pci/search.c 206 pci_get_slot -- functionpoint
[    0.130663] drivers/pci/probe.c 2035 pci_scan_device -- functionpoint
[    0.130664] drivers/pci/probe.c 2009 pci_bus_read_dev_vendor_id -- functionpoint
[    0.130673] drivers/pci/probe.c 2048 pci_scan_device -- functionpoint -- dev_vendor: 8086, dev_device: a363
[    0.130677] drivers/pci/probe.c 1453 pci_setup_device -- functionpoint
[    0.130688] pci 0000:00:16.3: [8086:a363] type 00 class 0x070002
[    0.130691] pci 0000:00:16.3: drivers/pci/probe.c 1482 pci_setup_device functionpoint -- [8086:a363] type 00 class 0x070002 multifunction 01
[    0.130705] drivers/pci/probe.c 1513 pci_setup_device  switch case PCI_HEADER_TYPE_NORMAL -- functionpoint
[    0.130717] pci 0000:00:16.3: reg 0x10: [io  0x4088-0x408f]
[    0.130727] pci 0000:00:16.3: reg 0x14: [mem 0xf1237000-0xf1237fff]
[    0.130767] drivers/pci/probe.c 2145 pci_device_add -- functionpoint
[    0.131794] drivers/pci/probe.c 2298 pci_scan_slot -- functionpoint -- fn = 3, devfn = 176, fn+devfn = 179
[    0.131798] drivers/pci/probe.c 2220 next_fn -- functionpoint
[    0.131798] drivers/pci/probe.c 2196 pci_scan_single_device -- functionpoint
[    0.131800] drivers/pci/search.c 206 pci_get_slot -- functionpoint
[    0.131802] drivers/pci/probe.c 2035 pci_scan_device -- functionpoint
[    0.131803] drivers/pci/probe.c 2009 pci_bus_read_dev_vendor_id -- functionpoint
[    0.131815] drivers/pci/probe.c 2298 pci_scan_slot -- functionpoint -- fn = 4, devfn = 176, fn+devfn = 180
[    0.131818] drivers/pci/probe.c 2220 next_fn -- functionpoint
[    0.131819] drivers/pci/probe.c 2196 pci_scan_single_device -- functionpoint
[    0.131820] drivers/pci/search.c 206 pci_get_slot -- functionpoint
[    0.131822] drivers/pci/probe.c 2035 pci_scan_device -- functionpoint
[    0.131823] drivers/pci/probe.c 2009 pci_bus_read_dev_vendor_id -- functionpoint
[    0.131840] drivers/pci/probe.c 2298 pci_scan_slot -- functionpoint -- fn = 5, devfn = 176, fn+devfn = 181
[    0.131843] drivers/pci/probe.c 2220 next_fn -- functionpoint
[    0.131844] drivers/pci/probe.c 2196 pci_scan_single_device -- functionpoint
[    0.131845] drivers/pci/search.c 206 pci_get_slot -- functionpoint
[    0.131847] drivers/pci/probe.c 2035 pci_scan_device -- functionpoint
[    0.131848] drivers/pci/probe.c 2009 pci_bus_read_dev_vendor_id -- functionpoint
[    0.131865] drivers/pci/probe.c 2298 pci_scan_slot -- functionpoint -- fn = 6, devfn = 176, fn+devfn = 182
[    0.131868] drivers/pci/probe.c 2220 next_fn -- functionpoint
[    0.131869] drivers/pci/probe.c 2196 pci_scan_single_device -- functionpoint
[    0.131870] drivers/pci/search.c 206 pci_get_slot -- functionpoint
[    0.131872] drivers/pci/probe.c 2035 pci_scan_device -- functionpoint
[    0.131873] drivers/pci/probe.c 2009 pci_bus_read_dev_vendor_id -- functionpoint
[    0.131882] drivers/pci/probe.c 2298 pci_scan_slot -- functionpoint -- fn = 7, devfn = 176, fn+devfn = 183
[    0.131885] drivers/pci/probe.c 2220 next_fn -- functionpoint
[    0.131886] drivers/pci/probe.c 2281 pci_scan_slot -- functionpoint
[    0.131887] drivers/pci/probe.c 2196 pci_scan_single_device -- functionpoint
[    0.131889] drivers/pci/search.c 206 pci_get_slot -- functionpoint
[    0.131891] drivers/pci/probe.c 2035 pci_scan_device -- functionpoint
[    0.131892] drivers/pci/probe.c 2009 pci_bus_read_dev_vendor_id -- functionpoint
[    0.131904] drivers/pci/probe.c 2048 pci_scan_device -- functionpoint -- dev_vendor: 8086, dev_device: a352
[    0.131907] drivers/pci/probe.c 1453 pci_setup_device -- functionpoint
[    0.131919] pci 0000:00:17.0: [8086:a352] type 00 class 0x010601
[    0.131921] pci 0000:00:17.0: drivers/pci/probe.c 1482 pci_setup_device functionpoint -- [8086:a352] type 00 class 0x010601 multifunction 00
[    0.131937] drivers/pci/probe.c 1513 pci_setup_device  switch case PCI_HEADER_TYPE_NORMAL -- functionpoint
[    0.131951] pci 0000:00:17.0: reg 0x10: [mem 0xf1230000-0xf1231fff]
[    0.131964] pci 0000:00:17.0: reg 0x14: [mem 0xf1236000-0xf12360ff]
[    0.131975] pci 0000:00:17.0: reg 0x18: [io  0x4080-0x4087]
[    0.131986] pci 0000:00:17.0: reg 0x1c: [io  0x4090-0x4093]
[    0.131997] pci 0000:00:17.0: reg 0x20: [io  0x4060-0x407f]
[    0.132009] pci 0000:00:17.0: reg 0x24: [mem 0xf1235000-0xf12357ff]
[    0.132022] drivers/pci/probe.c 2145 pci_device_add -- functionpoint
[    0.132071] pci 0000:00:17.0: PME# supported from D3hot
[    0.133149] drivers/pci/probe.c 2288 pci_scan_slot -- functionpoint -- fn = 0, devfn = 184, fn+devfn = 184
[    0.133151] drivers/pci/probe.c 2220 next_fn -- functionpoint
[    0.133152] drivers/pci/probe.c 2281 pci_scan_slot -- functionpoint
[    0.133153] drivers/pci/probe.c 2196 pci_scan_single_device -- functionpoint
[    0.133155] drivers/pci/search.c 206 pci_get_slot -- functionpoint
[    0.133156] drivers/pci/probe.c 2035 pci_scan_device -- functionpoint
[    0.133158] drivers/pci/probe.c 2009 pci_bus_read_dev_vendor_id -- functionpoint
[    0.133169] drivers/pci/probe.c 2288 pci_scan_slot -- functionpoint -- fn = 0, devfn = 192, fn+devfn = 192
[    0.133173] drivers/pci/probe.c 2281 pci_scan_slot -- functionpoint
[    0.133173] drivers/pci/probe.c 2196 pci_scan_single_device -- functionpoint
[    0.133175] drivers/pci/search.c 206 pci_get_slot -- functionpoint
[    0.133176] drivers/pci/probe.c 2035 pci_scan_device -- functionpoint
[    0.133178] drivers/pci/probe.c 2009 pci_bus_read_dev_vendor_id -- functionpoint
[    0.133195] drivers/pci/probe.c 2288 pci_scan_slot -- functionpoint -- fn = 0, devfn = 200, fn+devfn = 200
[    0.133199] drivers/pci/probe.c 2281 pci_scan_slot -- functionpoint
[    0.133199] drivers/pci/probe.c 2196 pci_scan_single_device -- functionpoint
[    0.133200] drivers/pci/search.c 206 pci_get_slot -- functionpoint
[    0.133202] drivers/pci/probe.c 2035 pci_scan_device -- functionpoint
[    0.133204] drivers/pci/probe.c 2009 pci_bus_read_dev_vendor_id -- functionpoint
[    0.133220] drivers/pci/probe.c 2288 pci_scan_slot -- functionpoint -- fn = 0, devfn = 208, fn+devfn = 208
[    0.133224] drivers/pci/probe.c 2281 pci_scan_slot -- functionpoint
[    0.133224] drivers/pci/probe.c 2196 pci_scan_single_device -- functionpoint
[    0.133225] drivers/pci/search.c 206 pci_get_slot -- functionpoint
[    0.133227] drivers/pci/probe.c 2035 pci_scan_device -- functionpoint
[    0.133229] drivers/pci/probe.c 2009 pci_bus_read_dev_vendor_id -- functionpoint
[    0.133238] drivers/pci/probe.c 2048 pci_scan_device -- functionpoint -- dev_vendor: 8086, dev_device: a32c
[    0.133242] drivers/pci/probe.c 1453 pci_setup_device -- functionpoint
[    0.133254] pci 0000:00:1b.0: [8086:a32c] type 01 class 0x060400
[    0.133257] pci 0000:00:1b.0: drivers/pci/probe.c 1482 pci_setup_device functionpoint -- [8086:a32c] type 01 class 0x060400 multifunction 01
[    0.133277] drivers/pci/probe.c 1566 pci_setup_device switch case PCI_HEADER_TYPE_BRIDGE -- functionpoint
[    0.133323] drivers/pci/probe.c 2145 pci_device_add -- functionpoint
[    0.133406] pci 0000:00:1b.0: PME# supported from D0 D3hot D3cold
[    0.133443] pci 0000:00:1b.0: PTM enabled (root), 4dns granularity
[    0.134511] drivers/pci/probe.c 2288 pci_scan_slot -- functionpoint -- fn = 0, devfn = 216, fn+devfn = 216
[    0.134513] drivers/pci/probe.c 2220 next_fn -- functionpoint
[    0.134513] drivers/pci/probe.c 2196 pci_scan_single_device -- functionpoint
[    0.134515] drivers/pci/search.c 206 pci_get_slot -- functionpoint
[    0.134517] drivers/pci/probe.c 2035 pci_scan_device -- functionpoint
[    0.134518] drivers/pci/probe.c 2009 pci_bus_read_dev_vendor_id -- functionpoint
[    0.134530] drivers/pci/probe.c 2298 pci_scan_slot -- functionpoint -- fn = 1, devfn = 216, fn+devfn = 217
[    0.134533] drivers/pci/probe.c 2220 next_fn -- functionpoint
[    0.134534] drivers/pci/probe.c 2196 pci_scan_single_device -- functionpoint
[    0.134535] drivers/pci/search.c 206 pci_get_slot -- functionpoint
[    0.134537] drivers/pci/probe.c 2035 pci_scan_device -- functionpoint
[    0.134538] drivers/pci/probe.c 2009 pci_bus_read_dev_vendor_id -- functionpoint
[    0.134556] drivers/pci/probe.c 2298 pci_scan_slot -- functionpoint -- fn = 2, devfn = 216, fn+devfn = 218
[    0.134559] drivers/pci/probe.c 2220 next_fn -- functionpoint
[    0.134559] drivers/pci/probe.c 2196 pci_scan_single_device -- functionpoint
[    0.134561] drivers/pci/search.c 206 pci_get_slot -- functionpoint
[    0.134562] drivers/pci/probe.c 2035 pci_scan_device -- functionpoint
[    0.134564] drivers/pci/probe.c 2009 pci_bus_read_dev_vendor_id -- functionpoint
[    0.134581] drivers/pci/probe.c 2298 pci_scan_slot -- functionpoint -- fn = 3, devfn = 216, fn+devfn = 219
[    0.134584] drivers/pci/probe.c 2220 next_fn -- functionpoint
[    0.134584] drivers/pci/probe.c 2196 pci_scan_single_device -- functionpoint
[    0.134586] drivers/pci/search.c 206 pci_get_slot -- functionpoint
[    0.134587] drivers/pci/probe.c 2035 pci_scan_device -- functionpoint
[    0.134589] drivers/pci/probe.c 2009 pci_bus_read_dev_vendor_id -- functionpoint
[    0.134605] drivers/pci/probe.c 2298 pci_scan_slot -- functionpoint -- fn = 4, devfn = 216, fn+devfn = 220
[    0.134609] drivers/pci/probe.c 2220 next_fn -- functionpoint
[    0.134609] drivers/pci/probe.c 2196 pci_scan_single_device -- functionpoint
[    0.134611] drivers/pci/search.c 206 pci_get_slot -- functionpoint
[    0.134612] drivers/pci/probe.c 2035 pci_scan_device -- functionpoint
[    0.134614] drivers/pci/probe.c 2009 pci_bus_read_dev_vendor_id -- functionpoint
[    0.134630] drivers/pci/probe.c 2298 pci_scan_slot -- functionpoint -- fn = 5, devfn = 216, fn+devfn = 221
[    0.134634] drivers/pci/probe.c 2220 next_fn -- functionpoint
[    0.134634] drivers/pci/probe.c 2196 pci_scan_single_device -- functionpoint
[    0.134636] drivers/pci/search.c 206 pci_get_slot -- functionpoint
[    0.134637] drivers/pci/probe.c 2035 pci_scan_device -- functionpoint
[    0.134639] drivers/pci/probe.c 2009 pci_bus_read_dev_vendor_id -- functionpoint
[    0.134655] drivers/pci/probe.c 2298 pci_scan_slot -- functionpoint -- fn = 6, devfn = 216, fn+devfn = 222
[    0.134659] drivers/pci/probe.c 2220 next_fn -- functionpoint
[    0.134659] drivers/pci/probe.c 2196 pci_scan_single_device -- functionpoint
[    0.134661] drivers/pci/search.c 206 pci_get_slot -- functionpoint
[    0.134662] drivers/pci/probe.c 2035 pci_scan_device -- functionpoint
[    0.134664] drivers/pci/probe.c 2009 pci_bus_read_dev_vendor_id -- functionpoint
[    0.134681] drivers/pci/probe.c 2298 pci_scan_slot -- functionpoint -- fn = 7, devfn = 216, fn+devfn = 223
[    0.134684] drivers/pci/probe.c 2220 next_fn -- functionpoint
[    0.134684] drivers/pci/probe.c 2281 pci_scan_slot -- functionpoint
[    0.134686] drivers/pci/probe.c 2196 pci_scan_single_device -- functionpoint
[    0.134687] drivers/pci/search.c 206 pci_get_slot -- functionpoint
[    0.134689] drivers/pci/probe.c 2035 pci_scan_device -- functionpoint
[    0.134691] drivers/pci/probe.c 2009 pci_bus_read_dev_vendor_id -- functionpoint
[    0.134697] drivers/pci/probe.c 2048 pci_scan_device -- functionpoint -- dev_vendor: 8086, dev_device: a33e
[    0.134701] drivers/pci/probe.c 1453 pci_setup_device -- functionpoint
[    0.134713] pci 0000:00:1c.0: [8086:a33e] type 01 class 0x060400
[    0.134716] pci 0000:00:1c.0: drivers/pci/probe.c 1482 pci_setup_device functionpoint -- [8086:a33e] type 01 class 0x060400 multifunction 01
[    0.134735] drivers/pci/probe.c 1566 pci_setup_device switch case PCI_HEADER_TYPE_BRIDGE -- functionpoint
[    0.134781] drivers/pci/probe.c 2145 pci_device_add -- functionpoint
[    0.134866] pci 0000:00:1c.0: PME# supported from D0 D3hot D3cold
[    0.134901] pci 0000:00:1c.0: PTM enabled (root), 4dns granularity
[    0.135964] drivers/pci/probe.c 2288 pci_scan_slot -- functionpoint -- fn = 0, devfn = 224, fn+devfn = 224
[    0.135966] drivers/pci/probe.c 2220 next_fn -- functionpoint
[    0.135967] drivers/pci/probe.c 2196 pci_scan_single_device -- functionpoint
[    0.135968] drivers/pci/search.c 206 pci_get_slot -- functionpoint
[    0.135970] drivers/pci/probe.c 2035 pci_scan_device -- functionpoint
[    0.135971] drivers/pci/probe.c 2009 pci_bus_read_dev_vendor_id -- functionpoint
[    0.135982] drivers/pci/probe.c 2298 pci_scan_slot -- functionpoint -- fn = 1, devfn = 224, fn+devfn = 225
[    0.135986] drivers/pci/probe.c 2220 next_fn -- functionpoint
[    0.135986] drivers/pci/probe.c 2196 pci_scan_single_device -- functionpoint
[    0.135988] drivers/pci/search.c 206 pci_get_slot -- functionpoint
[    0.135989] drivers/pci/probe.c 2035 pci_scan_device -- functionpoint
[    0.135991] drivers/pci/probe.c 2009 pci_bus_read_dev_vendor_id -- functionpoint
[    0.136001] drivers/pci/probe.c 2298 pci_scan_slot -- functionpoint -- fn = 2, devfn = 224, fn+devfn = 226
[    0.136005] drivers/pci/probe.c 2220 next_fn -- functionpoint
[    0.136005] drivers/pci/probe.c 2196 pci_scan_single_device -- functionpoint
[    0.136007] drivers/pci/search.c 206 pci_get_slot -- functionpoint
[    0.136008] drivers/pci/probe.c 2035 pci_scan_device -- functionpoint
[    0.136010] drivers/pci/probe.c 2009 pci_bus_read_dev_vendor_id -- functionpoint
[    0.136023] drivers/pci/probe.c 2298 pci_scan_slot -- functionpoint -- fn = 3, devfn = 224, fn+devfn = 227
[    0.136027] drivers/pci/probe.c 2220 next_fn -- functionpoint
[    0.136027] drivers/pci/probe.c 2196 pci_scan_single_device -- functionpoint
[    0.136029] drivers/pci/search.c 206 pci_get_slot -- functionpoint
[    0.136030] drivers/pci/probe.c 2035 pci_scan_device -- functionpoint
[    0.136032] drivers/pci/probe.c 2009 pci_bus_read_dev_vendor_id -- functionpoint
[    0.136048] drivers/pci/probe.c 2298 pci_scan_slot -- functionpoint -- fn = 4, devfn = 224, fn+devfn = 228
[    0.136051] drivers/pci/probe.c 2220 next_fn -- functionpoint
[    0.136052] drivers/pci/probe.c 2196 pci_scan_single_device -- functionpoint
[    0.136053] drivers/pci/search.c 206 pci_get_slot -- functionpoint
[    0.136055] drivers/pci/probe.c 2035 pci_scan_device -- functionpoint
[    0.136057] drivers/pci/probe.c 2009 pci_bus_read_dev_vendor_id -- functionpoint
[    0.136074] drivers/pci/probe.c 2298 pci_scan_slot -- functionpoint -- fn = 5, devfn = 224, fn+devfn = 229
[    0.136077] drivers/pci/probe.c 2220 next_fn -- functionpoint
[    0.136077] drivers/pci/probe.c 2196 pci_scan_single_device -- functionpoint
[    0.136079] drivers/pci/search.c 206 pci_get_slot -- functionpoint
[    0.136080] drivers/pci/probe.c 2035 pci_scan_device -- functionpoint
[    0.136082] drivers/pci/probe.c 2009 pci_bus_read_dev_vendor_id -- functionpoint
[    0.136099] drivers/pci/probe.c 2298 pci_scan_slot -- functionpoint -- fn = 6, devfn = 224, fn+devfn = 230
[    0.136102] drivers/pci/probe.c 2220 next_fn -- functionpoint
[    0.136102] drivers/pci/probe.c 2196 pci_scan_single_device -- functionpoint
[    0.136104] drivers/pci/search.c 206 pci_get_slot -- functionpoint
[    0.136105] drivers/pci/probe.c 2035 pci_scan_device -- functionpoint
[    0.136107] drivers/pci/probe.c 2009 pci_bus_read_dev_vendor_id -- functionpoint
[    0.136124] drivers/pci/probe.c 2298 pci_scan_slot -- functionpoint -- fn = 7, devfn = 224, fn+devfn = 231
[    0.136127] drivers/pci/probe.c 2220 next_fn -- functionpoint
[    0.136127] drivers/pci/probe.c 2281 pci_scan_slot -- functionpoint
[    0.136129] drivers/pci/probe.c 2196 pci_scan_single_device -- functionpoint
[    0.136130] drivers/pci/search.c 206 pci_get_slot -- functionpoint
[    0.136132] drivers/pci/probe.c 2035 pci_scan_device -- functionpoint
[    0.136133] drivers/pci/probe.c 2009 pci_bus_read_dev_vendor_id -- functionpoint
[    0.136149] drivers/pci/probe.c 2288 pci_scan_slot -- functionpoint -- fn = 0, devfn = 232, fn+devfn = 232
[    0.136152] drivers/pci/probe.c 2281 pci_scan_slot -- functionpoint
[    0.136152] drivers/pci/probe.c 2196 pci_scan_single_device -- functionpoint
[    0.136154] drivers/pci/search.c 206 pci_get_slot -- functionpoint
[    0.136155] drivers/pci/probe.c 2035 pci_scan_device -- functionpoint
[    0.136157] drivers/pci/probe.c 2009 pci_bus_read_dev_vendor_id -- functionpoint
[    0.136168] drivers/pci/probe.c 2288 pci_scan_slot -- functionpoint -- fn = 0, devfn = 240, fn+devfn = 240
[    0.136172] drivers/pci/probe.c 2281 pci_scan_slot -- functionpoint
[    0.136172] drivers/pci/probe.c 2196 pci_scan_single_device -- functionpoint
[    0.136173] drivers/pci/search.c 206 pci_get_slot -- functionpoint
[    0.136175] drivers/pci/probe.c 2035 pci_scan_device -- functionpoint
[    0.136177] drivers/pci/probe.c 2009 pci_bus_read_dev_vendor_id -- functionpoint
[    0.136194] drivers/pci/probe.c 2048 pci_scan_device -- functionpoint -- dev_vendor: 8086, dev_device: a306
[    0.136197] drivers/pci/probe.c 1453 pci_setup_device -- functionpoint
[    0.136205] pci 0000:00:1f.0: [8086:a306] type 00 class 0x060100
[    0.136207] pci 0000:00:1f.0: drivers/pci/probe.c 1482 pci_setup_device functionpoint -- [8086:a306] type 00 class 0x060100 multifunction 01
[    0.136217] drivers/pci/probe.c 1513 pci_setup_device  switch case PCI_HEADER_TYPE_NORMAL -- functionpoint
[    0.136294] drivers/pci/probe.c 2145 pci_device_add -- functionpoint
[    0.137321] drivers/pci/probe.c 2288 pci_scan_slot -- functionpoint -- fn = 0, devfn = 248, fn+devfn = 248
[    0.137325] drivers/pci/probe.c 2220 next_fn -- functionpoint
[    0.137325] drivers/pci/probe.c 2196 pci_scan_single_device -- functionpoint
[    0.137327] drivers/pci/search.c 206 pci_get_slot -- functionpoint
[    0.137329] drivers/pci/probe.c 2035 pci_scan_device -- functionpoint
[    0.137330] drivers/pci/probe.c 2009 pci_bus_read_dev_vendor_id -- functionpoint
[    0.137341] drivers/pci/probe.c 2298 pci_scan_slot -- functionpoint -- fn = 1, devfn = 248, fn+devfn = 249
[    0.137344] drivers/pci/probe.c 2220 next_fn -- functionpoint
[    0.137345] drivers/pci/probe.c 2196 pci_scan_single_device -- functionpoint
[    0.137346] drivers/pci/search.c 206 pci_get_slot -- functionpoint
[    0.137348] drivers/pci/probe.c 2035 pci_scan_device -- functionpoint
[    0.137350] drivers/pci/probe.c 2009 pci_bus_read_dev_vendor_id -- functionpoint
[    0.137358] drivers/pci/probe.c 2298 pci_scan_slot -- functionpoint -- fn = 2, devfn = 248, fn+devfn = 250
[    0.137361] drivers/pci/probe.c 2220 next_fn -- functionpoint
[    0.137361] drivers/pci/probe.c 2196 pci_scan_single_device -- functionpoint
[    0.137363] drivers/pci/search.c 206 pci_get_slot -- functionpoint
[    0.137364] drivers/pci/probe.c 2035 pci_scan_device -- functionpoint
[    0.137366] drivers/pci/probe.c 2009 pci_bus_read_dev_vendor_id -- functionpoint
[    0.137371] drivers/pci/probe.c 2048 pci_scan_device -- functionpoint -- dev_vendor: 8086, dev_device: a348
[    0.137374] drivers/pci/probe.c 1453 pci_setup_device -- functionpoint
[    0.137389] pci 0000:00:1f.3: [8086:a348] type 00 class 0x040300
[    0.137392] pci 0000:00:1f.3: drivers/pci/probe.c 1482 pci_setup_device functionpoint -- [8086:a348] type 00 class 0x040300 multifunction 00
[    0.137415] drivers/pci/probe.c 1513 pci_setup_device  switch case PCI_HEADER_TYPE_NORMAL -- functionpoint
[    0.137443] pci 0000:00:1f.3: reg 0x10: [mem 0x4000100000-0x4000103fff 64bit]
[    0.137492] pci 0000:00:1f.3: reg 0x20: [mem 0x4000000000-0x40000fffff 64bit]
[    0.137507] drivers/pci/probe.c 2145 pci_device_add -- functionpoint
[    0.137579] pci 0000:00:1f.3: PME# supported from D3hot D3cold
[    0.138698] drivers/pci/probe.c 2298 pci_scan_slot -- functionpoint -- fn = 3, devfn = 248, fn+devfn = 251
[    0.138701] drivers/pci/probe.c 2220 next_fn -- functionpoint
[    0.138701] drivers/pci/probe.c 2196 pci_scan_single_device -- functionpoint
[    0.138703] drivers/pci/search.c 206 pci_get_slot -- functionpoint
[    0.138704] drivers/pci/probe.c 2035 pci_scan_device -- functionpoint
[    0.138706] drivers/pci/probe.c 2009 pci_bus_read_dev_vendor_id -- functionpoint
[    0.138716] drivers/pci/probe.c 2048 pci_scan_device -- functionpoint -- dev_vendor: 8086, dev_device: a323
[    0.138720] drivers/pci/probe.c 1453 pci_setup_device -- functionpoint
[    0.138740] pci 0000:00:1f.4: [8086:a323] type 00 class 0x0c0500
[    0.138743] pci 0000:00:1f.4: drivers/pci/probe.c 1482 pci_setup_device functionpoint -- [8086:a323] type 00 class 0x0c0500 multifunction 00
[    0.138768] drivers/pci/probe.c 1513 pci_setup_device  switch case PCI_HEADER_TYPE_NORMAL -- functionpoint
[    0.138801] pci 0000:00:1f.4: reg 0x10: [mem 0x4000104000-0x40001040ff 64bit]
[    0.138862] pci 0000:00:1f.4: reg 0x20: [io  0xefa0-0xefbf]
[    0.138879] drivers/pci/probe.c 2145 pci_device_add -- functionpoint
[    0.139924] drivers/pci/probe.c 2298 pci_scan_slot -- functionpoint -- fn = 4, devfn = 248, fn+devfn = 252
[    0.139928] drivers/pci/probe.c 2220 next_fn -- functionpoint
[    0.139928] drivers/pci/probe.c 2196 pci_scan_single_device -- functionpoint
[    0.139929] drivers/pci/search.c 206 pci_get_slot -- functionpoint
[    0.139931] drivers/pci/probe.c 2035 pci_scan_device -- functionpoint
[    0.139933] drivers/pci/probe.c 2009 pci_bus_read_dev_vendor_id -- functionpoint
[    0.139941] drivers/pci/probe.c 2048 pci_scan_device -- functionpoint -- dev_vendor: 8086, dev_device: a324
[    0.139945] drivers/pci/probe.c 1453 pci_setup_device -- functionpoint
[    0.139950] pci 0000:00:1f.5: [8086:a324] type 00 class 0x0c8000
[    0.139953] pci 0000:00:1f.5: drivers/pci/probe.c 1482 pci_setup_device functionpoint -- [8086:a324] type 00 class 0x0c8000 multifunction 00
[    0.139961] drivers/pci/probe.c 1513 pci_setup_device  switch case PCI_HEADER_TYPE_NORMAL -- functionpoint
[    0.139974] pci 0000:00:1f.5: reg 0x10: [mem 0xfe010000-0xfe010fff]
[    0.140026] drivers/pci/probe.c 2145 pci_device_add -- functionpoint
[    0.141018] drivers/pci/probe.c 2298 pci_scan_slot -- functionpoint -- fn = 5, devfn = 248, fn+devfn = 253
[    0.141022] drivers/pci/probe.c 2220 next_fn -- functionpoint
[    0.141022] drivers/pci/probe.c 2196 pci_scan_single_device -- functionpoint
[    0.141023] drivers/pci/search.c 206 pci_get_slot -- functionpoint
[    0.141025] drivers/pci/probe.c 2035 pci_scan_device -- functionpoint
[    0.141027] drivers/pci/probe.c 2009 pci_bus_read_dev_vendor_id -- functionpoint
[    0.141031] drivers/pci/probe.c 2048 pci_scan_device -- functionpoint -- dev_vendor: 8086, dev_device: 15bb
[    0.141034] drivers/pci/probe.c 1453 pci_setup_device -- functionpoint
[    0.141053] pci 0000:00:1f.6: [8086:15bb] type 00 class 0x020000
[    0.141056] pci 0000:00:1f.6: drivers/pci/probe.c 1482 pci_setup_device functionpoint -- [8086:15bb] type 00 class 0x020000 multifunction 00
[    0.141068] drivers/pci/search.c 206 pci_get_slot -- functionpoint
[    0.141079] drivers/pci/probe.c 1513 pci_setup_device  switch case PCI_HEADER_TYPE_NORMAL -- functionpoint
[    0.141106] pci 0000:00:1f.6: reg 0x10: [mem 0xf1200000-0xf121ffff]
[    0.141241] drivers/pci/probe.c 2145 pci_device_add -- functionpoint
[    0.141326] pci 0000:00:1f.6: PME# supported from D0 D3hot D3cold
[    0.142329] drivers/pci/probe.c 2298 pci_scan_slot -- functionpoint -- fn = 6, devfn = 248, fn+devfn = 254
[    0.142332] drivers/pci/probe.c 2220 next_fn -- functionpoint
[    0.142332] drivers/pci/probe.c 2196 pci_scan_single_device -- functionpoint
[    0.142334] drivers/pci/search.c 206 pci_get_slot -- functionpoint
[    0.142336] drivers/pci/probe.c 2035 pci_scan_device -- functionpoint
[    0.142337] drivers/pci/probe.c 2009 pci_bus_read_dev_vendor_id -- functionpoint
[    0.142349] drivers/pci/probe.c 2298 pci_scan_slot -- functionpoint -- fn = 7, devfn = 248, fn+devfn = 255
[    0.142352] drivers/pci/probe.c 2220 next_fn -- functionpoint
[    0.142353] drivers/pci/probe.c 463 pci_read_bridge_bases -- functionpoint
[    0.142355] drivers/pci/probe.c 1002 pci_scan_bridge_extend -- functionpoint
[    0.142366] pci 0000:00:1b.0: drivers/pci/probe.c 1016 pci_scan_bridge_extend -- functionpoint -- scanning [bus 01-01] behind bridge, pass 0
[    0.142374] drivers/pci/search.c 144 pci_find_bus -- functionpoint
[    0.142375] drivers/pci/search.c 145 pci_find_bus functionpoint -- domain_num = 0, bus_num = 1
[    0.142378] drivers/pci/search.c 176 pci_find_next_bus -- functionpoint
[    0.142378] drivers/pci/search.c 176 pci_find_next_bus -- functionpoint
[    0.142380] drivers/pci/search.c 157 pci_find_bus not found bus -- functionpoint
[    0.142439] drivers/pci/probe.c 2009 pci_bus_read_dev_vendor_id -- functionpoint
[    0.142455] drivers/pci/probe.c 2497 pci_scan_child_bus_extend -- functionpoint
[    0.142457] pci_bus 0000:01: drivers/pci/probe.c 2501 pci_scan_child_bus_extend-- functionpoint -- scanning bus
[    0.142461] drivers/pci/probe.c 2281 pci_scan_slot -- functionpoint
[    0.142461] drivers/pci/probe.c 2196 pci_scan_single_device -- functionpoint
[    0.142463] drivers/pci/search.c 206 pci_get_slot -- functionpoint
[    0.142465] drivers/pci/probe.c 2035 pci_scan_device -- functionpoint
[    0.142466] drivers/pci/probe.c 2009 pci_bus_read_dev_vendor_id -- functionpoint
[    0.142474] drivers/pci/probe.c 2048 pci_scan_device -- functionpoint -- dev_vendor: 1c5c, dev_device: 1339
[    0.142477] drivers/pci/probe.c 1453 pci_setup_device -- functionpoint
[    0.142494] pci 0000:01:00.0: [1c5c:1339] type 00 class 0x010802
[    0.142497] pci 0000:01:00.0: drivers/pci/probe.c 1482 pci_setup_device functionpoint -- [1c5c:1339] type 00 class 0x010802 multifunction 00
[    0.142524] drivers/pci/probe.c 1513 pci_setup_device  switch case PCI_HEADER_TYPE_NORMAL -- functionpoint
[    0.142544] pci 0000:01:00.0: reg 0x10: [mem 0xf1100000-0xf1103fff 64bit]
[    0.142600] drivers/pci/probe.c 2145 pci_device_add -- functionpoint
[    0.142697] pci 0000:01:00.0: supports D1
[    0.142699] pci 0000:01:00.0: PME# supported from D0 D1 D3hot
[    0.142793] drivers/pci/probe.c 2288 pci_scan_slot -- functionpoint -- fn = 0, devfn = 0, fn+devfn = 0
[    0.142795] drivers/pci/probe.c 2220 next_fn -- functionpoint
[    0.152070] drivers/pci/probe.c 2281 pci_scan_slot -- functionpoint
[    0.152072] drivers/pci/probe.c 2281 pci_scan_slot -- functionpoint
[    0.152073] drivers/pci/probe.c 2281 pci_scan_slot -- functionpoint
[    0.152075] drivers/pci/probe.c 2281 pci_scan_slot -- functionpoint
[    0.152076] drivers/pci/probe.c 2281 pci_scan_slot -- functionpoint
[    0.152078] drivers/pci/probe.c 2281 pci_scan_slot -- functionpoint
[    0.152079] drivers/pci/probe.c 2281 pci_scan_slot -- functionpoint
[    0.152081] drivers/pci/probe.c 2281 pci_scan_slot -- functionpoint
[    0.152082] drivers/pci/probe.c 2281 pci_scan_slot -- functionpoint
[    0.152084] drivers/pci/probe.c 2281 pci_scan_slot -- functionpoint
[    0.152085] drivers/pci/probe.c 2281 pci_scan_slot -- functionpoint
[    0.152087] drivers/pci/probe.c 2281 pci_scan_slot -- functionpoint
[    0.152088] drivers/pci/probe.c 2281 pci_scan_slot -- functionpoint
[    0.152090] drivers/pci/probe.c 2281 pci_scan_slot -- functionpoint
[    0.152091] drivers/pci/probe.c 2281 pci_scan_slot -- functionpoint
[    0.152093] drivers/pci/probe.c 2281 pci_scan_slot -- functionpoint
[    0.152094] drivers/pci/probe.c 2281 pci_scan_slot -- functionpoint
[    0.152096] drivers/pci/probe.c 2281 pci_scan_slot -- functionpoint
[    0.152097] drivers/pci/probe.c 2281 pci_scan_slot -- functionpoint
[    0.152099] drivers/pci/probe.c 2281 pci_scan_slot -- functionpoint
[    0.152100] drivers/pci/probe.c 2281 pci_scan_slot -- functionpoint
[    0.152102] drivers/pci/probe.c 2281 pci_scan_slot -- functionpoint
[    0.152103] drivers/pci/probe.c 2281 pci_scan_slot -- functionpoint
[    0.152105] drivers/pci/probe.c 2281 pci_scan_slot -- functionpoint
[    0.152106] drivers/pci/probe.c 2281 pci_scan_slot -- functionpoint
[    0.152108] drivers/pci/probe.c 2281 pci_scan_slot -- functionpoint
[    0.152109] drivers/pci/probe.c 2281 pci_scan_slot -- functionpoint
[    0.152111] drivers/pci/probe.c 2281 pci_scan_slot -- functionpoint
[    0.152113] drivers/pci/probe.c 2281 pci_scan_slot -- functionpoint
[    0.152114] drivers/pci/probe.c 2281 pci_scan_slot -- functionpoint
[    0.152116] drivers/pci/probe.c 2281 pci_scan_slot -- functionpoint
[    0.152117] drivers/pci/probe.c 463 pci_read_bridge_bases -- functionpoint
[    0.152120] pci 0000:00:1b.0: PCI bridge to [bus 01]
[    0.152128] pci 0000:00:1b.0:   bridge window [mem 0xf1100000-0xf11fffff]
[    0.152135] pci_bus 0000:01: drivers/pci/probe.c 2599 pci_scan_child_bus_extend -- functionpoint -- bus scan returning with max=01
[    0.152139] drivers/pci/probe.c 1002 pci_scan_bridge_extend -- functionpoint
[    0.152142] pci 0000:00:1c.0: drivers/pci/probe.c 1016 pci_scan_bridge_extend -- functionpoint -- scanning [bus 02-03] behind bridge, pass 0
[    0.152149] drivers/pci/search.c 144 pci_find_bus -- functionpoint
[    0.152150] drivers/pci/search.c 145 pci_find_bus functionpoint -- domain_num = 0, bus_num = 2
[    0.152153] drivers/pci/search.c 176 pci_find_next_bus -- functionpoint
[    0.152153] drivers/pci/search.c 176 pci_find_next_bus -- functionpoint
[    0.152155] drivers/pci/search.c 157 pci_find_bus not found bus -- functionpoint
[    0.152209] drivers/pci/probe.c 2009 pci_bus_read_dev_vendor_id -- functionpoint
[    0.152224] drivers/pci/probe.c 2497 pci_scan_child_bus_extend -- functionpoint
[    0.152226] pci_bus 0000:02: drivers/pci/probe.c 2501 pci_scan_child_bus_extend-- functionpoint -- scanning bus
[    0.152229] drivers/pci/probe.c 2281 pci_scan_slot -- functionpoint
[    0.152230] drivers/pci/probe.c 2196 pci_scan_single_device -- functionpoint
[    0.152231] drivers/pci/search.c 206 pci_get_slot -- functionpoint
[    0.152233] drivers/pci/probe.c 2035 pci_scan_device -- functionpoint
[    0.152235] drivers/pci/probe.c 2009 pci_bus_read_dev_vendor_id -- functionpoint
[    0.152247] drivers/pci/probe.c 2048 pci_scan_device -- functionpoint -- dev_vendor: 1283, dev_device: 8893
[    0.152251] drivers/pci/probe.c 1453 pci_setup_device -- functionpoint
[    0.152288] pci 0000:02:00.0: [1283:8893] type 01 class 0x060401
[    0.152291] pci 0000:02:00.0: drivers/pci/probe.c 1482 pci_setup_device functionpoint -- [1283:8893] type 01 class 0x060401 multifunction 00
[    0.152347] drivers/pci/probe.c 1566 pci_setup_device switch case PCI_HEADER_TYPE_BRIDGE -- functionpoint
[    0.152544] drivers/pci/probe.c 2145 pci_device_add -- functionpoint
[    0.152715] pci 0000:02:00.0: supports D1 D2
[    0.152717] pci 0000:02:00.0: PME# supported from D0 D1 D2 D3hot D3cold
[    0.152831] drivers/pci/probe.c 2288 pci_scan_slot -- functionpoint -- fn = 0, devfn = 0, fn+devfn = 0
[    0.152833] drivers/pci/probe.c 2220 next_fn -- functionpoint
[    0.152842] drivers/pci/probe.c 2281 pci_scan_slot -- functionpoint
[    0.152843] drivers/pci/probe.c 2281 pci_scan_slot -- functionpoint
[    0.152845] drivers/pci/probe.c 2281 pci_scan_slot -- functionpoint
[    0.152846] drivers/pci/probe.c 2281 pci_scan_slot -- functionpoint
[    0.152848] drivers/pci/probe.c 2281 pci_scan_slot -- functionpoint
[    0.152849] drivers/pci/probe.c 2281 pci_scan_slot -- functionpoint
[    0.152851] drivers/pci/probe.c 2281 pci_scan_slot -- functionpoint
[    0.152852] drivers/pci/probe.c 2281 pci_scan_slot -- functionpoint
[    0.152854] drivers/pci/probe.c 2281 pci_scan_slot -- functionpoint
[    0.152855] drivers/pci/probe.c 2281 pci_scan_slot -- functionpoint
[    0.152857] drivers/pci/probe.c 2281 pci_scan_slot -- functionpoint
[    0.152859] drivers/pci/probe.c 2281 pci_scan_slot -- functionpoint
[    0.152860] drivers/pci/probe.c 2281 pci_scan_slot -- functionpoint
[    0.152862] drivers/pci/probe.c 2281 pci_scan_slot -- functionpoint
[    0.152863] drivers/pci/probe.c 2281 pci_scan_slot -- functionpoint
[    0.152865] drivers/pci/probe.c 2281 pci_scan_slot -- functionpoint
[    0.152866] drivers/pci/probe.c 2281 pci_scan_slot -- functionpoint
[    0.152868] drivers/pci/probe.c 2281 pci_scan_slot -- functionpoint
[    0.152869] drivers/pci/probe.c 2281 pci_scan_slot -- functionpoint
[    0.152871] drivers/pci/probe.c 2281 pci_scan_slot -- functionpoint
[    0.152872] drivers/pci/probe.c 2281 pci_scan_slot -- functionpoint
[    0.152874] drivers/pci/probe.c 2281 pci_scan_slot -- functionpoint
[    0.152875] drivers/pci/probe.c 2281 pci_scan_slot -- functionpoint
[    0.152877] drivers/pci/probe.c 2281 pci_scan_slot -- functionpoint
[    0.152878] drivers/pci/probe.c 2281 pci_scan_slot -- functionpoint
[    0.152880] drivers/pci/probe.c 2281 pci_scan_slot -- functionpoint
[    0.152881] drivers/pci/probe.c 2281 pci_scan_slot -- functionpoint
[    0.152883] drivers/pci/probe.c 2281 pci_scan_slot -- functionpoint
[    0.152884] drivers/pci/probe.c 2281 pci_scan_slot -- functionpoint
[    0.152886] drivers/pci/probe.c 2281 pci_scan_slot -- functionpoint
[    0.152887] drivers/pci/probe.c 2281 pci_scan_slot -- functionpoint
[    0.152889] drivers/pci/probe.c 463 pci_read_bridge_bases -- functionpoint
[    0.152891] pci 0000:00:1c.0: PCI bridge to [bus 02-03]
[    0.152900] pci 0000:00:1c.0:   bridge window [io  0x3000-0x3fff]
[    0.152902] pci 0000:00:1c.0:   bridge window [mem 0xf1000000-0xf10fffff]
[    0.152905] drivers/pci/probe.c 1002 pci_scan_bridge_extend -- functionpoint
[    0.152909] pci 0000:02:00.0: drivers/pci/probe.c 1016 pci_scan_bridge_extend -- functionpoint -- scanning [bus 03-03] behind bridge, pass 0
[    0.152917] drivers/pci/search.c 144 pci_find_bus -- functionpoint
[    0.152918] drivers/pci/search.c 145 pci_find_bus functionpoint -- domain_num = 0, bus_num = 3
[    0.152921] drivers/pci/search.c 176 pci_find_next_bus -- functionpoint
[    0.152922] drivers/pci/search.c 176 pci_find_next_bus -- functionpoint
[    0.152923] drivers/pci/search.c 157 pci_find_bus not found bus -- functionpoint
[    0.152961] drivers/pci/probe.c 2497 pci_scan_child_bus_extend -- functionpoint
[    0.152964] pci_bus 0000:03: drivers/pci/probe.c 2501 pci_scan_child_bus_extend-- functionpoint -- scanning bus
[    0.152967] drivers/pci/probe.c 2281 pci_scan_slot -- functionpoint
[    0.152968] drivers/pci/probe.c 2196 pci_scan_single_device -- functionpoint
[    0.152969] drivers/pci/search.c 206 pci_get_slot -- functionpoint
[    0.152971] drivers/pci/probe.c 2035 pci_scan_device -- functionpoint
[    0.152972] drivers/pci/probe.c 2009 pci_bus_read_dev_vendor_id -- functionpoint
[    0.152977] drivers/pci/probe.c 2048 pci_scan_device -- functionpoint -- dev_vendor: 1317, dev_device: 985
[    0.152981] drivers/pci/probe.c 1453 pci_setup_device -- functionpoint
[    0.152995] pci 0000:03:00.0: [1317:0985] type 00 class 0x020000
[    0.152998] pci 0000:03:00.0: drivers/pci/probe.c 1482 pci_setup_device functionpoint -- [1317:0985] type 00 class 0x020000 multifunction 00
[    0.153018] drivers/pci/probe.c 1513 pci_setup_device  switch case PCI_HEADER_TYPE_NORMAL -- functionpoint
[    0.153035] pci 0000:03:00.0: reg 0x10: [io  0x3000-0x30ff]
[    0.153050] pci 0000:03:00.0: reg 0x14: [mem 0xf1000000-0xf10003ff]
[    0.153109] pci 0000:03:00.0: reg 0x30: [mem 0xfffe0000-0xffffffff pref]
[    0.153114] drivers/pci/probe.c 2145 pci_device_add -- functionpoint
[    0.153167] pci 0000:03:00.0: supports D1 D2
[    0.153169] pci 0000:03:00.0: PME# supported from D0 D1 D2 D3hot D3cold
[    0.153201] drivers/pci/probe.c 2288 pci_scan_slot -- functionpoint -- fn = 0, devfn = 0, fn+devfn = 0
[    0.153203] drivers/pci/probe.c 2220 next_fn -- functionpoint
[    0.153204] drivers/pci/probe.c 2281 pci_scan_slot -- functionpoint
[    0.153205] drivers/pci/probe.c 2196 pci_scan_single_device -- functionpoint
[    0.153207] drivers/pci/search.c 206 pci_get_slot -- functionpoint
[    0.153209] drivers/pci/probe.c 2035 pci_scan_device -- functionpoint
[    0.153210] drivers/pci/probe.c 2009 pci_bus_read_dev_vendor_id -- functionpoint
[    0.153215] drivers/pci/probe.c 2288 pci_scan_slot -- functionpoint -- fn = 0, devfn = 8, fn+devfn = 8
[    0.153218] drivers/pci/probe.c 2281 pci_scan_slot -- functionpoint
[    0.153219] drivers/pci/probe.c 2196 pci_scan_single_device -- functionpoint
[    0.153220] drivers/pci/search.c 206 pci_get_slot -- functionpoint
[    0.153222] drivers/pci/probe.c 2035 pci_scan_device -- functionpoint
[    0.153223] drivers/pci/probe.c 2009 pci_bus_read_dev_vendor_id -- functionpoint
[    0.153228] drivers/pci/probe.c 2288 pci_scan_slot -- functionpoint -- fn = 0, devfn = 16, fn+devfn = 16
[    0.153231] drivers/pci/probe.c 2281 pci_scan_slot -- functionpoint
[    0.153232] drivers/pci/probe.c 2196 pci_scan_single_device -- functionpoint
[    0.153233] drivers/pci/search.c 206 pci_get_slot -- functionpoint
[    0.153235] drivers/pci/probe.c 2035 pci_scan_device -- functionpoint
[    0.153236] drivers/pci/probe.c 2009 pci_bus_read_dev_vendor_id -- functionpoint
[    0.153241] drivers/pci/probe.c 2288 pci_scan_slot -- functionpoint -- fn = 0, devfn = 24, fn+devfn = 24
[    0.153244] drivers/pci/probe.c 2281 pci_scan_slot -- functionpoint
[    0.153245] drivers/pci/probe.c 2196 pci_scan_single_device -- functionpoint
[    0.153246] drivers/pci/search.c 206 pci_get_slot -- functionpoint
[    0.153248] drivers/pci/probe.c 2035 pci_scan_device -- functionpoint
[    0.153249] drivers/pci/probe.c 2009 pci_bus_read_dev_vendor_id -- functionpoint
[    0.153254] drivers/pci/probe.c 2288 pci_scan_slot -- functionpoint -- fn = 0, devfn = 32, fn+devfn = 32
[    0.153258] drivers/pci/probe.c 2281 pci_scan_slot -- functionpoint
[    0.153258] drivers/pci/probe.c 2196 pci_scan_single_device -- functionpoint
[    0.153260] drivers/pci/search.c 206 pci_get_slot -- functionpoint
[    0.153261] drivers/pci/probe.c 2035 pci_scan_device -- functionpoint
[    0.153263] drivers/pci/probe.c 2009 pci_bus_read_dev_vendor_id -- functionpoint
[    0.153268] drivers/pci/probe.c 2288 pci_scan_slot -- functionpoint -- fn = 0, devfn = 40, fn+devfn = 40
[    0.153271] drivers/pci/probe.c 2281 pci_scan_slot -- functionpoint
[    0.153271] drivers/pci/probe.c 2196 pci_scan_single_device -- functionpoint
[    0.153273] drivers/pci/search.c 206 pci_get_slot -- functionpoint
[    0.153274] drivers/pci/probe.c 2035 pci_scan_device -- functionpoint
[    0.153276] drivers/pci/probe.c 2009 pci_bus_read_dev_vendor_id -- functionpoint
[    0.153280] drivers/pci/probe.c 2288 pci_scan_slot -- functionpoint -- fn = 0, devfn = 48, fn+devfn = 48
[    0.153284] drivers/pci/probe.c 2281 pci_scan_slot -- functionpoint
[    0.153284] drivers/pci/probe.c 2196 pci_scan_single_device -- functionpoint
[    0.153286] drivers/pci/search.c 206 pci_get_slot -- functionpoint
[    0.153287] drivers/pci/probe.c 2035 pci_scan_device -- functionpoint
[    0.153289] drivers/pci/probe.c 2009 pci_bus_read_dev_vendor_id -- functionpoint
[    0.153293] drivers/pci/probe.c 2288 pci_scan_slot -- functionpoint -- fn = 0, devfn = 56, fn+devfn = 56
[    0.153297] drivers/pci/probe.c 2281 pci_scan_slot -- functionpoint
[    0.153297] drivers/pci/probe.c 2196 pci_scan_single_device -- functionpoint
[    0.153298] drivers/pci/search.c 206 pci_get_slot -- functionpoint
[    0.153300] drivers/pci/probe.c 2035 pci_scan_device -- functionpoint
[    0.153302] drivers/pci/probe.c 2009 pci_bus_read_dev_vendor_id -- functionpoint
[    0.153306] drivers/pci/probe.c 2288 pci_scan_slot -- functionpoint -- fn = 0, devfn = 64, fn+devfn = 64
[    0.153309] drivers/pci/probe.c 2281 pci_scan_slot -- functionpoint
[    0.153310] drivers/pci/probe.c 2196 pci_scan_single_device -- functionpoint
[    0.153311] drivers/pci/search.c 206 pci_get_slot -- functionpoint
[    0.153313] drivers/pci/probe.c 2035 pci_scan_device -- functionpoint
[    0.153314] drivers/pci/probe.c 2009 pci_bus_read_dev_vendor_id -- functionpoint
[    0.153319] drivers/pci/probe.c 2288 pci_scan_slot -- functionpoint -- fn = 0, devfn = 72, fn+devfn = 72
[    0.153322] drivers/pci/probe.c 2281 pci_scan_slot -- functionpoint
[    0.153323] drivers/pci/probe.c 2196 pci_scan_single_device -- functionpoint
[    0.153324] drivers/pci/search.c 206 pci_get_slot -- functionpoint
[    0.153326] drivers/pci/probe.c 2035 pci_scan_device -- functionpoint
[    0.153327] drivers/pci/probe.c 2009 pci_bus_read_dev_vendor_id -- functionpoint
[    0.153332] drivers/pci/probe.c 2288 pci_scan_slot -- functionpoint -- fn = 0, devfn = 80, fn+devfn = 80
[    0.153335] drivers/pci/probe.c 2281 pci_scan_slot -- functionpoint
[    0.153336] drivers/pci/probe.c 2196 pci_scan_single_device -- functionpoint
[    0.153337] drivers/pci/search.c 206 pci_get_slot -- functionpoint
[    0.153339] drivers/pci/probe.c 2035 pci_scan_device -- functionpoint
[    0.153341] drivers/pci/probe.c 2009 pci_bus_read_dev_vendor_id -- functionpoint
[    0.153344] drivers/pci/probe.c 2288 pci_scan_slot -- functionpoint -- fn = 0, devfn = 88, fn+devfn = 88
[    0.153348] drivers/pci/probe.c 2281 pci_scan_slot -- functionpoint
[    0.153348] drivers/pci/probe.c 2196 pci_scan_single_device -- functionpoint
[    0.153350] drivers/pci/search.c 206 pci_get_slot -- functionpoint
[    0.153351] drivers/pci/probe.c 2035 pci_scan_device -- functionpoint
[    0.153353] drivers/pci/probe.c 2009 pci_bus_read_dev_vendor_id -- functionpoint
[    0.153357] drivers/pci/probe.c 2288 pci_scan_slot -- functionpoint -- fn = 0, devfn = 96, fn+devfn = 96
[    0.153360] drivers/pci/probe.c 2281 pci_scan_slot -- functionpoint
[    0.153360] drivers/pci/probe.c 2196 pci_scan_single_device -- functionpoint
[    0.153362] drivers/pci/search.c 206 pci_get_slot -- functionpoint
[    0.153364] drivers/pci/probe.c 2035 pci_scan_device -- functionpoint
[    0.153365] drivers/pci/probe.c 2009 pci_bus_read_dev_vendor_id -- functionpoint
[    0.153370] drivers/pci/probe.c 2288 pci_scan_slot -- functionpoint -- fn = 0, devfn = 104, fn+devfn = 104
[    0.153373] drivers/pci/probe.c 2281 pci_scan_slot -- functionpoint
[    0.153373] drivers/pci/probe.c 2196 pci_scan_single_device -- functionpoint
[    0.153375] drivers/pci/search.c 206 pci_get_slot -- functionpoint
[    0.153377] drivers/pci/probe.c 2035 pci_scan_device -- functionpoint
[    0.153378] drivers/pci/probe.c 2009 pci_bus_read_dev_vendor_id -- functionpoint
[    0.153383] drivers/pci/probe.c 2288 pci_scan_slot -- functionpoint -- fn = 0, devfn = 112, fn+devfn = 112
[    0.153386] drivers/pci/probe.c 2281 pci_scan_slot -- functionpoint
[    0.153387] drivers/pci/probe.c 2196 pci_scan_single_device -- functionpoint
[    0.153388] drivers/pci/search.c 206 pci_get_slot -- functionpoint
[    0.153390] drivers/pci/probe.c 2035 pci_scan_device -- functionpoint
[    0.153391] drivers/pci/probe.c 2009 pci_bus_read_dev_vendor_id -- functionpoint
