[    0.000000] microcode: microcode updated early to revision 0xd6, date = 2020-04-23
[    0.000000] Linux version 4.15.9+ (root@Yee-680G4) (gcc version 5.5.0 20171010 (Ubuntu 5.5.0-12ubuntu1~16.04)) #43 SMP Wed Nov 11 16:46:17 CST 2020
[    0.000000] Command line: BOOT_IMAGE=/boot/vmlinuz-4.15.9+ root=UUID=da0e40f1-3840-43a9-b61a-7b465a7673d3 ro quiet splash vt.handoff=7
[    0.000000] KERNEL supported cpus:
[    0.000000]   Intel GenuineIntel
[    0.000000]   AMD AuthenticAMD
[    0.000000]   Centaur CentaurHauls
[    0.000000] x86/fpu: Supporting XSAVE feature 0x001: 'x87 floating point registers'
[    0.000000] x86/fpu: Supporting XSAVE feature 0x002: 'SSE registers'
[    0.000000] x86/fpu: Supporting XSAVE feature 0x004: 'AVX registers'
[    0.000000] x86/fpu: Supporting XSAVE feature 0x008: 'MPX bounds registers'
[    0.000000] x86/fpu: Supporting XSAVE feature 0x010: 'MPX CSR'
[    0.000000] x86/fpu: xstate_offset[2]:  576, xstate_sizes[2]:  256
[    0.000000] x86/fpu: xstate_offset[3]:  832, xstate_sizes[3]:   64
[    0.000000] x86/fpu: xstate_offset[4]:  896, xstate_sizes[4]:   64
[    0.000000] x86/fpu: Enabled xstate features 0x1f, context size is 960 bytes, using 'compacted' format.
[    0.000000] e820: BIOS-provided physical RAM map:
[    0.000000] BIOS-e820: [mem 0x0000000000000000-0x000000000009efff] usable
[    0.000000] BIOS-e820: [mem 0x000000000009f000-0x00000000000fffff] reserved
[    0.000000] BIOS-e820: [mem 0x0000000000100000-0x00000000be6aafff] usable
[    0.000000] BIOS-e820: [mem 0x00000000be6ab000-0x00000000bf98efff] reserved
[    0.000000] BIOS-e820: [mem 0x00000000bf98f000-0x00000000bfb8efff] ACPI NVS
[    0.000000] BIOS-e820: [mem 0x00000000bfb8f000-0x00000000bfc0efff] ACPI data
[    0.000000] BIOS-e820: [mem 0x00000000bfc0f000-0x00000000bfc0ffff] usable
[    0.000000] BIOS-e820: [mem 0x00000000bfc10000-0x00000000d47fffff] reserved
[    0.000000] BIOS-e820: [mem 0x00000000fe010000-0x00000000fe010fff] reserved
[    0.000000] BIOS-e820: [mem 0x00000000ff000000-0x00000000ffffffff] reserved
[    0.000000] BIOS-e820: [mem 0x0000000100000000-0x00000004277fffff] usable
[    0.000000] NX (Execute Disable) protection: active
[    0.000000] efi: EFI v2.60 by HP
[    0.000000] efi:  ACPI=0xbfc0e000  ACPI 2.0=0xbfc0e014  SMBIOS=0xbee75000  ESRT=0xbee76018  MEMATTR=0xaf751018 
[    0.000000] random: fast init done
[    0.000000] SMBIOS 3.1 present.
[    0.000000] DMI: HP HP ProDesk 680 G4 MT/8580, BIOS R04 Ver. 02.11.01 04/27/2020
[    0.000000] e820: update [mem 0x00000000-0x00000fff] usable ==> reserved
[    0.000000] e820: remove [mem 0x000a0000-0x000fffff] usable
[    0.000000] e820: last_pfn = 0x427800 max_arch_pfn = 0x400000000
[    0.000000] MTRR default type: write-back
[    0.000000] MTRR fixed ranges enabled:
[    0.000000]   00000-9FFFF write-back
[    0.000000]   A0000-BFFFF uncachable
[    0.000000]   C0000-FFFFF write-protect
[    0.000000] MTRR variable ranges enabled:
[    0.000000]   0 base 00E0000000 mask 7FE0000000 uncachable
[    0.000000]   1 base 00D0000000 mask 7FF0000000 uncachable
[    0.000000]   2 base 00C8000000 mask 7FF8000000 uncachable
[    0.000000]   3 base 00C4000000 mask 7FFC000000 uncachable
[    0.000000]   4 base 2000000000 mask 6000000000 uncachable
[    0.000000]   5 base 1000000000 mask 7000000000 uncachable
[    0.000000]   6 base 0800000000 mask 7800000000 uncachable
[    0.000000]   7 base 4000000000 mask 4000000000 uncachable
[    0.000000]   8 disabled
[    0.000000]   9 disabled
[    0.000000] x86/PAT: Configuration [0-7]: WB  WC  UC- UC  WB  WP  UC- WT  
[    0.000000] e820: last_pfn = 0xbfc10 max_arch_pfn = 0x400000000
[    0.000000] esrt: Reserving ESRT space from 0x00000000bee76018 to 0x00000000bee76050.
[    0.000000] Scanning 1 areas for low memory corruption
[    0.000000] Base memory trampoline at [        (ptrval)] 99000 size 24576
[    0.000000] Using GB pages for direct mapping
[    0.000000] BRK [0x675fa000, 0x675fafff] PGTABLE
[    0.000000] BRK [0x675fb000, 0x675fbfff] PGTABLE
[    0.000000] BRK [0x675fc000, 0x675fcfff] PGTABLE
[    0.000000] BRK [0x675fd000, 0x675fdfff] PGTABLE
[    0.000000] BRK [0x675fe000, 0x675fefff] PGTABLE
[    0.000000] BRK [0x675ff000, 0x675fffff] PGTABLE
[    0.000000] Secure boot could not be determined
[    0.000000] RAMDISK: [mem 0x23329000-0x3e1affff]
[    0.000000] ACPI: Early table checksum verification disabled
[    0.000000] ACPI: RSDP 0x00000000BFC0E014 000024 (v02 HPQOEM)
[    0.000000] ACPI: XSDT 0x00000000BFBC7188 0000DC (v01 HPQOEM SLIC-BPC 00000000 INTL 20160422)
[    0.000000] ACPI: FACP 0x00000000BFC08000 000114 (v06 HPQOEM SLIC-BPC 00000000 HP   00000001)
[    0.000000] ACPI: DSDT 0x00000000BFBE5000 01E092 (v02 HPQOEM 8580     00000000 INTL 20160527)
[    0.000000] ACPI: FACS 0x00000000BFB3F000 000040
[    0.000000] ACPI: SSDT 0x00000000BFC0C000 00012A (v02 HP     ShmTable 00000001 INTL 20160527)
[    0.000000] ACPI: SSDT 0x00000000BFC0A000 001B5F (v02 CpuRef CpuSsdt  00003000 INTL 20160527)
[    0.000000] ACPI: SSDT 0x00000000BFC09000 0009CF (v02 CtdpB  CtdpB    00001000 INTL 20160527)
[    0.000000] ACPI: HPET 0x00000000BFC07000 000038 (v01 HPQOEM 8580     00000001 HP   00000001)
[    0.000000] ACPI: APIC 0x00000000BFC06000 00012C (v03 HPQOEM 8580     00000001 HP   00000001)
[    0.000000] ACPI: MCFG 0x00000000BFC05000 00003C (v01 HPQOEM 8580     00000001 HP   00000001)
[    0.000000] ACPI: WSMT 0x00000000BFC04000 000028 (v01 HPQOEM 8580     00000001 HP   00000001)
[    0.000000] ACPI: SSDT 0x00000000BFBE4000 000734 (v01 HPQOEM PtidDevc 00001000 INTL 20160527)
[    0.000000] ACPI: SSDT 0x00000000BFBE3000 000B27 (v02 HPQOEM HP_XHC_P 00000000 INTL 20160527)
[    0.000000] ACPI: SSDT 0x00000000BFBDF000 0030ED (v02 SaSsdt SaSsdt   00003000 INTL 20160527)
[    0.000000] ACPI: LPIT 0x00000000BFBDE000 000094 (v01 INTEL  CFL      20170001 INTL 20160422)
[    0.000000] ACPI: WSMT 0x00000000BFBDD000 000028 (v01 INTEL  CFL      20170001 INTL 20160422)
[    0.000000] ACPI: SSDT 0x00000000BFBDC000 00044C (v02 INTEL  Wwan     00000001 INTL 20160527)
[    0.000000] ACPI: UEFI 0x00000000BFB39000 000042 (v01 INTEL  CFL      20170001 INTL 20160422)
[    0.000000] ACPI: OEML 0x00000000BFBDB000 000028 (v03 INTEL  CFL      20170001 INTL 20160422)
[    0.000000] ACPI: DMAR 0x00000000BFBDA000 0000C8 (v01 INTEL  CFL      00000002      01000013)
[    0.000000] ACPI: SSDT 0x00000000BFBCB000 00E899 (v01 HP     HPINDTWL 00001000 INTL 20160527)
[    0.000000] ACPI: SSDT 0x00000000BFBCA000 000032 (v01 HP     HPCONDEV 00001000 INTL 20160527)
[    0.000000] ACPI: SSDT 0x00000000BFBC9000 000069 (v01 HP     HPCAHWID 00001000 INTL 20160527)
[    0.000000] ACPI: ASF! 0x00000000BFBC8000 0000A0 (v32 HPQOEM  UYA     20170001 INTL 20160422)
[    0.000000] ACPI: FPDT 0x00000000BFC0D000 000044 (v01 INTEL  CFL      20170001 INTL 20160422)
[    0.000000] ACPI: BGRT 0x00000000BFBC6000 000038 (v01 INTEL  CFL      20170001 INTL 20160422)
[    0.000000] ACPI: Local APIC address 0xfee00000
[    0.000000] No NUMA configuration found
[    0.000000] Faking a node at [mem 0x0000000000000000-0x00000004277fffff]
[    0.000000] NODE_DATA(0) allocated [mem 0x4277d3000-0x4277fdfff]
[    0.000000] Zone ranges:
[    0.000000]   DMA      [mem 0x0000000000001000-0x0000000000ffffff]
[    0.000000]   DMA32    [mem 0x0000000001000000-0x00000000ffffffff]
[    0.000000]   Normal   [mem 0x0000000100000000-0x00000004277fffff]
[    0.000000]   Device   empty
[    0.000000] Movable zone start for each node
[    0.000000] Early memory node ranges
[    0.000000]   node   0: [mem 0x0000000000001000-0x000000000009efff]
[    0.000000]   node   0: [mem 0x0000000000100000-0x00000000be6aafff]
[    0.000000]   node   0: [mem 0x00000000bfc0f000-0x00000000bfc0ffff]
[    0.000000]   node   0: [mem 0x0000000100000000-0x00000004277fffff]
[    0.000000] Initmem setup node 0 [mem 0x0000000000001000-0x00000004277fffff]
[    0.000000] On node 0 totalpages: 4087370
[    0.000000]   DMA zone: 64 pages used for memmap
[    0.000000]   DMA zone: 21 pages reserved
[    0.000000]   DMA zone: 3998 pages, LIFO batch:0
[    0.000000]   DMA32 zone: 12123 pages used for memmap
[    0.000000]   DMA32 zone: 775852 pages, LIFO batch:31
[    0.000000]   Normal zone: 51680 pages used for memmap
[    0.000000]   Normal zone: 3307520 pages, LIFO batch:31
[    0.000000] Reserved but unavailable: 99 pages
[    0.000000] tboot: non-0 tboot_addr but it is not of type E820_TYPE_RESERVED
[    0.000000] ACPI: PM-Timer IO Port: 0x1808
[    0.000000] ACPI: Local APIC address 0xfee00000
[    0.000000] ACPI: LAPIC_NMI (acpi_id[0x01] high edge lint[0x1])
[    0.000000] ACPI: LAPIC_NMI (acpi_id[0x02] high edge lint[0x1])
[    0.000000] ACPI: LAPIC_NMI (acpi_id[0x03] high edge lint[0x1])
[    0.000000] ACPI: LAPIC_NMI (acpi_id[0x04] high edge lint[0x1])
[    0.000000] ACPI: LAPIC_NMI (acpi_id[0x05] high edge lint[0x1])
[    0.000000] ACPI: LAPIC_NMI (acpi_id[0x06] high edge lint[0x1])
[    0.000000] ACPI: LAPIC_NMI (acpi_id[0x07] high edge lint[0x1])
[    0.000000] ACPI: LAPIC_NMI (acpi_id[0x08] high edge lint[0x1])
[    0.000000] ACPI: LAPIC_NMI (acpi_id[0x09] high edge lint[0x1])
[    0.000000] ACPI: LAPIC_NMI (acpi_id[0x0a] high edge lint[0x1])
[    0.000000] ACPI: LAPIC_NMI (acpi_id[0x0b] high edge lint[0x1])
[    0.000000] ACPI: LAPIC_NMI (acpi_id[0x0c] high edge lint[0x1])
[    0.000000] ACPI: LAPIC_NMI (acpi_id[0x0d] high edge lint[0x1])
[    0.000000] ACPI: LAPIC_NMI (acpi_id[0x0e] high edge lint[0x1])
[    0.000000] ACPI: LAPIC_NMI (acpi_id[0x0f] high edge lint[0x1])
[    0.000000] ACPI: LAPIC_NMI (acpi_id[0x10] high edge lint[0x1])
[    0.000000] IOAPIC[0]: apic_id 2, version 32, address 0xfec00000, GSI 0-119
[    0.000000] ACPI: INT_SRC_OVR (bus 0 bus_irq 0 global_irq 2 dfl dfl)
[    0.000000] ACPI: INT_SRC_OVR (bus 0 bus_irq 9 global_irq 9 high level)
[    0.000000] ACPI: IRQ0 used by override.
[    0.000000] ACPI: IRQ9 used by override.
[    0.000000] Using ACPI (MADT) for SMP configuration information
[    0.000000] ACPI: HPET id: 0x8086a201 base: 0xfed00000
[    0.000000] smpboot: Allowing 8 CPUs, 0 hotplug CPUs
[    0.000000] PM: Registered nosave memory: [mem 0x00000000-0x00000fff]
[    0.000000] PM: Registered nosave memory: [mem 0x0009f000-0x000fffff]
[    0.000000] PM: Registered nosave memory: [mem 0xbe6ab000-0xbf98efff]
[    0.000000] PM: Registered nosave memory: [mem 0xbf98f000-0xbfb8efff]
[    0.000000] PM: Registered nosave memory: [mem 0xbfb8f000-0xbfc0efff]
[    0.000000] PM: Registered nosave memory: [mem 0xbfc10000-0xd47fffff]
[    0.000000] PM: Registered nosave memory: [mem 0xd4800000-0xfe00ffff]
[    0.000000] PM: Registered nosave memory: [mem 0xfe010000-0xfe010fff]
[    0.000000] PM: Registered nosave memory: [mem 0xfe011000-0xfeffffff]
[    0.000000] PM: Registered nosave memory: [mem 0xff000000-0xffffffff]
[    0.000000] e820: [mem 0xd4800000-0xfe00ffff] available for PCI devices
[    0.000000] Booting paravirtualized kernel on bare hardware
[    0.000000] clocksource: refined-jiffies: mask: 0xffffffff max_cycles: 0xffffffff, max_idle_ns: 7645519600211568 ns
[    0.000000] setup_percpu: NR_CPUS:8192 nr_cpumask_bits:8 nr_cpu_ids:8 nr_node_ids:1
[    0.000000] percpu: Embedded 46 pages/cpu @        (ptrval) s151552 r8192 d28672 u262144
[    0.000000] pcpu-alloc: s151552 r8192 d28672 u262144 alloc=1*2097152
[    0.000000] pcpu-alloc: [0] 0 1 2 3 4 5 6 7 
[    0.000000] Built 1 zonelists, mobility grouping on.  Total pages: 4023482
[    0.000000] Policy zone: Normal
[    0.000000] Kernel command line: BOOT_IMAGE=/boot/vmlinuz-4.15.9+ root=UUID=da0e40f1-3840-43a9-b61a-7b465a7673d3 ro quiet splash vt.handoff=7
[    0.000000] Calgary: detecting Calgary via BIOS EBDA area
[    0.000000] Calgary: Unable to locate Rio Grande table in EBDA - bailing!
[    0.000000] Memory: 15491052K/16349480K available (12300K kernel code, 2470K rwdata, 4200K rodata, 2388K init, 3184K bss, 858428K reserved, 0K cma-reserved)
[    0.000000] SLUB: HWalign=64, Order=0-3, MinObjects=0, CPUs=8, Nodes=1
[    0.000000] ftrace: allocating 38976 entries in 153 pages
[    0.000000] Hierarchical RCU implementation.
[    0.000000] 	RCU restricting CPUs from NR_CPUS=8192 to nr_cpu_ids=8.
[    0.000000] 	Tasks RCU enabled.
[    0.000000] RCU: Adjusting geometry for rcu_fanout_leaf=16, nr_cpu_ids=8
[    0.000000] kernel/irq/irqdesc.c 486 early_irq_init -- functionpoint
[    0.000000] NR_IRQS: 524544, nr_irqs: 2048, preallocated irqs: 16
[    0.000000] kernel/irq/irqdesc.c 493 early_irq_init -- functionpoint -- NR_IRQS: 524544, nr_irqs: 2048, preallocated irqs: 16
[    0.000000] arch/x86/kernel/apic/vector.c 690 arch_early_irq_init -- functionpoint
[    0.000000] drivers/pci/msi.c 1437 pci_msi_create_irq_domain -- functionpoint
[    0.000000] kernel/irq/msi.c 272 msi_create_irq_domain -- functionpoint
[    0.000000] arch/x86/kernel/apic/msi.c 148 arch_init_msi_domain -- functionpoint -- successed to init irqdomain for MSI/MSI-X.
[    0.000000] Console: colour dummy device 80x25
[    0.000000] console [tty0] enabled
[    0.000000] ACPI: Core revision 20170831
[    0.000000] ACPI Error: [\_SB_.PCI0.XHC_.RHUB.HS11] Namespace lookup failure, AE_NOT_FOUND (20170831/dswload-210)
[    0.000000] ACPI Exception: AE_NOT_FOUND, During name lookup/catalog (20170831/psobject-252)
[    0.000000] ACPI Exception: AE_NOT_FOUND, (SSDT:HP_XHC_P) while loading table (20170831/tbxfload-228)
[    0.000000] ACPI Error: 1 table load failures, 10 successful (20170831/tbxfload-246)
[    0.000000] clocksource: hpet: mask: 0xffffffff max_cycles: 0xffffffff, max_idle_ns: 79635855245 ns
[    0.000000] hpet clockevent registered
[    0.004000] APIC: Switch to symmetric I/O mode setup
[    0.004000] DMAR: Host address width 39
[    0.004000] DMAR: DRHD base: 0x000000fed90000 flags: 0x0
[    0.004000] DMAR: dmar0: reg_base_addr fed90000 ver 1:0 cap 1c0000c40660462 ecap 19e2ff0505e
[    0.004000] DMAR: DRHD base: 0x000000fed91000 flags: 0x1
[    0.004000] DMAR: dmar1: reg_base_addr fed91000 ver 1:0 cap d2008c40660462 ecap f050da
[    0.004000] DMAR: RMRR base: 0x000000bf81d000 end: 0x000000bf83cfff
[    0.004000] DMAR: RMRR base: 0x000000c4000000 end: 0x000000d47fffff
[    0.004000] DMAR: RMRR base: 0x000000bf86e000 end: 0x000000bf8edfff
[    0.004000] DMAR-IR: IOAPIC id 2 under DRHD base  0xfed91000 IOMMU 1
[    0.004000] DMAR-IR: HPET id 0 under DRHD base 0xfed91000
[    0.004000] DMAR-IR: Queued invalidation will be enabled to support x2apic and Intr-remapping.
[    0.004000] drivers/pci/msi.c 1437 pci_msi_create_irq_domain -- functionpoint
[    0.004000] kernel/irq/msi.c 272 msi_create_irq_domain -- functionpoint
[    0.004000] drivers/pci/msi.c 1437 pci_msi_create_irq_domain -- functionpoint
[    0.004000] kernel/irq/msi.c 272 msi_create_irq_domain -- functionpoint
[    0.004000] DMAR-IR: Enabled IRQ remapping in x2apic mode
[    0.004000] x2apic enabled
[    0.004000] Switched APIC routing to cluster x2apic.
[    0.016000] kernel/irq/msi.c 272 msi_create_irq_domain -- functionpoint
[    0.016000] ..TIMER: vector=0x30 apic1=0 pin1=2 apic2=-1 pin2=-1
[    0.036000] tsc: Detected 3000.000 MHz processor
[    0.036000] Calibrating delay loop (skipped), value calculated using timer frequency.. 6000.00 BogoMIPS (lpj=12000000)
[    0.036000] pid_max: default: 32768 minimum: 301
[    0.036000] Security Framework initialized
[    0.036000] Yama: becoming mindful.
[    0.036000] AppArmor: AppArmor initialized
[    0.036000] Dentry cache hash table entries: 2097152 (order: 12, 16777216 bytes)
[    0.036000] Inode-cache hash table entries: 1048576 (order: 11, 8388608 bytes)
[    0.036000] Mount-cache hash table entries: 32768 (order: 6, 262144 bytes)
[    0.036000] Mountpoint-cache hash table entries: 32768 (order: 6, 262144 bytes)
[    0.036000] CPU: Physical Processor ID: 0
[    0.036000] CPU: Processor Core ID: 0
[    0.036000] ENERGY_PERF_BIAS: Set to 'normal', was 'performance'
[    0.036000] ENERGY_PERF_BIAS: View and update with x86_energy_perf_policy(8)
[    0.036000] mce: CPU supports 14 MCE banks
[    0.036000] CPU0: Thermal monitoring enabled (TM1)
[    0.036000] process: using mwait in idle threads
[    0.036000] Last level iTLB entries: 4KB 128, 2MB 8, 4MB 8
[    0.036000] Last level dTLB entries: 4KB 64, 2MB 0, 4MB 0, 1GB 4
[    0.036000] Spectre V2 : Mitigation: Full generic retpoline
[    0.036000] Spectre V2 : Spectre v2 mitigation: Filling RSB on context switch
[    0.036000] Spectre V2 : Spectre v2 mitigation: Enabling Indirect Branch Prediction Barrier
[    0.036000] Freeing SMP alternatives memory: 36K
[    0.042194] TSC deadline timer enabled
[    0.042205] smpboot: CPU0: Intel(R) Core(TM) i7-9700 CPU @ 3.00GHz (family: 0x6, model: 0x9e, stepping: 0xd)
[    0.042257] Performance Events: PEBS fmt3+, Skylake events, 32-deep LBR, full-width counters, Intel PMU driver.
[    0.042285] ... version:                4
[    0.042286] ... bit width:              48
[    0.042286] ... generic registers:      8
[    0.042287] ... value mask:             0000ffffffffffff
[    0.042287] ... max period:             00007fffffffffff
[    0.042288] ... fixed-purpose events:   3
[    0.042288] ... event mask:             00000007000000ff
[    0.042318] Hierarchical SRCU implementation.
[    0.043264] NMI watchdog: Enabled. Permanently consumes one hw-PMU counter.
[    0.043274] smp: Bringing up secondary CPUs ...
[    0.043334] x86: Booting SMP configuration:
[    0.043335] .... node  #0, CPUs:      #1 #2 #3 #4 #5 #6 #7
[    0.053481] smp: Brought up 1 node, 8 CPUs
[    0.053481] smpboot: Max logical packages: 1
[    0.053481] smpboot: Total of 8 processors activated (48000.00 BogoMIPS)
[    0.056288] devtmpfs: initialized
[    0.056288] x86/mm: Memory block size: 128MB
[    0.057019] evm: security.selinux
[    0.057020] evm: security.SMACK64
[    0.057020] evm: security.SMACK64EXEC
[    0.057020] evm: security.SMACK64TRANSMUTE
[    0.057021] evm: security.SMACK64MMAP
[    0.057021] evm: security.apparmor
[    0.057022] evm: security.ima
[    0.057022] evm: security.capability
[    0.057035] PM: Registering ACPI NVS region [mem 0xbf98f000-0xbfb8efff] (2097152 bytes)
[    0.057035] clocksource: jiffies: mask: 0xffffffff max_cycles: 0xffffffff, max_idle_ns: 7645041785100000 ns
[    0.057035] futex hash table entries: 2048 (order: 5, 131072 bytes)
[    0.057035] pinctrl core: initialized pinctrl subsystem
[    0.057035] drivers/base/bus.c 153 driver_register -- functionpoint
[    0.057035] drivers/base/bus.c 642 bus_add_driver -- functionpoint
[    0.057035] drivers/base/bus.c 649 bus_add_driver -- functionpoint -- bus: 'platform': add driver reg-dummy
[    0.057035] drivers/base/dd.c 369 really_probe -- functionpoint
[    0.057035] drivers/base/dd.c 392 really_probe -- functionpoint -- bus: 'platform': really_probe: probing driver reg-dummy with device reg-dummy
[    0.057035] drivers/base/dd.c 435 really_probe -- if drv->probe use drv->probe(dev) -- functionpoint
[    0.057035] RTC time:  9:00:33, date: 11/11/20
[    0.057035] NET: Registered protocol family 16
[    0.057035] audit: initializing netlink subsys (disabled)
[    0.057035] audit: type=2000 audit(1605085233.056:1): state=initialized audit_enabled=0 res=1
[    0.057035] drivers/base/bus.c 153 driver_register -- functionpoint
[    0.057035] drivers/base/bus.c 642 bus_add_driver -- functionpoint
[    0.057035] drivers/base/bus.c 649 bus_add_driver -- functionpoint -- bus: 'platform': add driver sram
[    0.057035] drivers/base/bus.c 153 driver_register -- functionpoint
[    0.057035] drivers/base/bus.c 642 bus_add_driver -- functionpoint
[    0.057035] drivers/base/bus.c 649 bus_add_driver -- functionpoint -- bus: 'platform': add driver syscon
[    0.057035] drivers/base/bus.c 153 driver_register -- functionpoint
[    0.057035] drivers/base/bus.c 642 bus_add_driver -- functionpoint
[    0.057035] drivers/base/bus.c 649 bus_add_driver -- functionpoint -- bus: 'i2c': add driver dummy
[    0.057035] cpuidle: using governor ladder
[    0.057035] cpuidle: using governor menu
[    0.057035] ACPI FADT declares the system doesn't support PCIe ASPM, so disable it
[    0.057035] ACPI: bus type PCI registered
[    0.057035] acpiphp: ACPI Hot Plug PCI Controller Driver version: 0.5
[    0.057035] arch/x86/pci/init.c 11 start pci_arch_init -- functionpoint
[    0.057035] PCI: MMCONFIG for domain 0000 [bus 00-3f] at [mem 0xf8000000-0xfbffffff] (base 0xf8000000)
[    0.057035] PCI: not using MMCONFIG
[    0.057035] PCI: Using configuration type 1 for base access
[    0.057035] arch/x86/pci/init.c 44 end pci_arch_init -- functionpoint
[    0.057118] HugeTLB registered 1.00 GiB page size, pre-allocated 0 pages
[    0.057118] HugeTLB registered 2.00 MiB page size, pre-allocated 0 pages
[    0.057119] drivers/base/bus.c 153 driver_register -- functionpoint
[    0.057119] drivers/base/bus.c 642 bus_add_driver -- functionpoint
[    0.057119] drivers/base/bus.c 649 bus_add_driver -- functionpoint -- bus: 'i2c': add driver sx150x-pinctrl
[    0.057119] drivers/base/bus.c 153 driver_register -- functionpoint
[    0.057119] drivers/base/bus.c 642 bus_add_driver -- functionpoint
[    0.057119] drivers/base/bus.c 649 bus_add_driver -- functionpoint -- bus: 'platform': add driver byt_gpio
[    0.057119] drivers/base/bus.c 153 driver_register -- functionpoint
[    0.057119] drivers/base/bus.c 642 bus_add_driver -- functionpoint
[    0.057119] drivers/base/bus.c 649 bus_add_driver -- functionpoint -- bus: 'platform': add driver cherryview-pinctrl
[    0.057119] drivers/base/bus.c 153 driver_register -- functionpoint
[    0.057119] drivers/base/bus.c 642 bus_add_driver -- functionpoint
[    0.057119] drivers/base/bus.c 649 bus_add_driver -- functionpoint -- bus: 'platform': add driver lp_gpio
[    0.057119] drivers/base/bus.c 153 driver_register -- functionpoint
[    0.057119] drivers/base/bus.c 642 bus_add_driver -- functionpoint
[    0.057119] drivers/base/bus.c 649 bus_add_driver -- functionpoint -- bus: 'platform': add driver rc5t583-gpio
[    0.057119] drivers/base/bus.c 153 driver_register -- functionpoint
[    0.057119] drivers/base/bus.c 642 bus_add_driver -- functionpoint
[    0.057119] drivers/base/bus.c 649 bus_add_driver -- functionpoint -- bus: 'platform': add driver palmas-gpio
[    0.057119] drivers/base/bus.c 153 driver_register -- functionpoint
[    0.057119] drivers/base/bus.c 642 bus_add_driver -- functionpoint
[    0.057119] drivers/base/bus.c 649 bus_add_driver -- functionpoint -- bus: 'platform': add driver tps6586x-gpio
[    0.057119] drivers/base/bus.c 153 driver_register -- functionpoint
[    0.057119] drivers/base/bus.c 642 bus_add_driver -- functionpoint
[    0.057119] drivers/base/bus.c 649 bus_add_driver -- functionpoint -- bus: 'platform': add driver tps65910-gpio
[    0.057119] drivers/acpi/bus.c 1231 start acpi_init -- functionpoint
[    0.057119] ACPI: Added _OSI(Module Device)
[    0.057119] ACPI: Added _OSI(Processor Device)
[    0.057119] ACPI: Added _OSI(3.0 _SCP Extensions)
[    0.057119] ACPI: Added _OSI(Processor Aggregator Device)
[    0.061858] ACPI: Executed 30 blocks of module-level executable AML code
[    0.072038] ACPI: [Firmware Bug]: BIOS _OSI(Linux) query ignored
[    0.080190] ACPI: Dynamic OEM Table Load:
[    0.080201] ACPI: SSDT 0xFFFF8EF754FB2C00 0000F4 (v02 PmRef  Cpu0Psd  00003000 INTL 20160527)
[    0.080423] ACPI: Executed 1 blocks of module-level executable AML code
[    0.080546] ACPI: \_SB_.PR00: _OSC native thermal LVT Acked
[    0.081510] ACPI: Dynamic OEM Table Load:
[    0.081516] ACPI: SSDT 0xFFFF8EF754FB8000 000400 (v02 PmRef  Cpu0Cst  00003001 INTL 20160527)
[    0.081734] ACPI: Executed 1 blocks of module-level executable AML code
[    0.081971] ACPI: Dynamic OEM Table Load:
[    0.081976] ACPI: SSDT 0xFFFF8EF754EF0800 000605 (v02 PmRef  Cpu0Ist  00003000 INTL 20160527)
[    0.082170] ACPI: Executed 1 blocks of module-level executable AML code
[    0.082366] ACPI: Dynamic OEM Table Load:
[    0.082370] ACPI: SSDT 0xFFFF8EF754F37E00 000149 (v02 PmRef  Cpu0Hwp  00003000 INTL 20160527)
[    0.082556] ACPI: Executed 2 blocks of module-level executable AML code
[    0.082732] ACPI: Dynamic OEM Table Load:
[    0.082738] ACPI: SSDT 0xFFFF8EF754EF6000 000724 (v02 PmRef  HwpLvt   00003000 INTL 20160527)
[    0.082910] ACPI: Executed 1 blocks of module-level executable AML code
[    0.083408] ACPI: Dynamic OEM Table Load:
[    0.083413] ACPI: SSDT 0xFFFF8EF754EF7800 0005FC (v02 PmRef  ApIst    00003000 INTL 20160527)
[    0.083810] ACPI: Executed 1 blocks of module-level executable AML code
[    0.084009] ACPI: Dynamic OEM Table Load:
[    0.084014] ACPI: SSDT 0xFFFF8EF754FB8C00 000317 (v02 PmRef  ApHwp    00003000 INTL 20160527)
[    0.084284] ACPI: Executed 1 blocks of module-level executable AML code
[    0.084607] ACPI: Dynamic OEM Table Load:
[    0.084613] ACPI: SSDT 0xFFFF8EF757146000 000AB0 (v02 PmRef  ApPsd    00003000 INTL 20160527)
[    0.085458] ACPI: Executed 1 blocks of module-level executable AML code
[    0.085658] ACPI: Dynamic OEM Table Load:
[    0.085663] ACPI: SSDT 0xFFFF8EF754FBB400 00030A (v02 PmRef  ApCst    00003000 INTL 20160527)
[    0.085931] ACPI: Executed 1 blocks of module-level executable AML code
[    0.088900] ACPI: EC: EC started
[    0.088901] ACPI: EC: interrupt blocked
[    0.088917] ACPI: \_SB_.PCI0.LPCB.EC0_: Used as first EC
[    0.088918] ACPI: \_SB_.PCI0.LPCB.EC0_: GPE=0x6e, EC_CMD/EC_SC=0x66, EC_DATA=0x62
[    0.088920] ACPI: \_SB_.PCI0.LPCB.EC0_: Used as boot DSDT EC to handle transactions
[    0.088920] ACPI: Interpreter enabled
[    0.088969] ACPI: (supports S0 S3 S4 S5)
[    0.088970] ACPI: Using IOAPIC for interrupt routing
[    0.089010] PCI: MMCONFIG for domain 0000 [bus 00-3f] at [mem 0xf8000000-0xfbffffff] (base 0xf8000000)
[    0.091658] PCI: MMCONFIG at [mem 0xf8000000-0xfbffffff] reserved in ACPI motherboard resources
[    0.091663] drivers/acpi/pci_root.c 920 acpi_pci_root_init --functionpoint
[    0.091664] drivers/acpi/apei/hest.c 228 acpi_hest_init -- functionpoint
[    0.091669] PCI: Using host bridge windows from ACPI; if necessary, use "pci=nocrs" and report a bug
[    0.091671] drivers/acpi/scan.c 106 acpi_scan_add_handler_with_hotplug -- functionpoint
[    0.091673] drivers/acpi/pci_link.c 936 acpi_pci_link_init -- functionpoint
[    0.092063] drivers/acpi/scan.c 106 acpi_scan_add_handler_with_hotplug -- functionpoint
[    0.092067] drivers/base/bus.c 153 driver_register -- functionpoint
[    0.092069] drivers/base/bus.c 642 bus_add_driver -- functionpoint
[    0.092071] drivers/base/bus.c 649 bus_add_driver -- functionpoint -- bus: 'platform': add driver clk-lpt
[    0.092078] drivers/acpi/scan.c 106 acpi_scan_add_handler_with_hotplug -- functionpoint
[    0.092129] ACPI: Enabled 4 GPEs in block 00 to 7F
[    0.092133] drivers/acpi/scan.c 2010 acpi_bus_scan -- functionpoint
[    0.099094] ACPI: Power Resource [USBC] (on)
[    0.099923] ACPI: Power Resource [WRST] (on)
[    0.100339] ACPI: Power Resource [WRST] (on)
[    0.100741] ACPI: Power Resource [WRST] (on)
[    0.101148] ACPI: Power Resource [WRST] (on)
[    0.101559] ACPI: Power Resource [WRST] (on)
[    0.101959] ACPI: Power Resource [WRST] (on)
[    0.102364] ACPI: Power Resource [WRST] (on)
[    0.102769] ACPI: Power Resource [WRST] (on)
[    0.103173] ACPI: Power Resource [WRST] (on)
[    0.103574] ACPI: Power Resource [WRST] (on)
[    0.103976] ACPI: Power Resource [WRST] (on)
[    0.104383] ACPI: Power Resource [WRST] (on)
[    0.104784] ACPI: Power Resource [WRST] (on)
[    0.105188] ACPI: Power Resource [WRST] (on)
[    0.105598] ACPI: Power Resource [WRST] (on)
[    0.105999] ACPI: Power Resource [WRST] (on)
[    0.106403] ACPI: Power Resource [WRST] (on)
[    0.106810] ACPI: Power Resource [WRST] (on)
[    0.107219] ACPI: Power Resource [WRST] (on)
[    0.107632] ACPI: Power Resource [WRST] (on)
[    0.109352] ACPI: Power Resource [V0PR] (on)
[    0.109568] ACPI: Power Resource [V1PR] (on)
[    0.109778] ACPI: Power Resource [V2PR] (on)
[    0.114382] ACPI: Power Resource [WRST] (on)
[    0.116524] drivers/acpi/scan.c 1916 acpi_bus_attach -- functionpoint
[    0.116545] drivers/acpi/scan.c 1916 acpi_bus_attach -- functionpoint
[    0.116552] drivers/acpi/scan.c 1916 acpi_bus_attach -- functionpoint
[    0.116583] drivers/acpi/scan.c 1916 acpi_bus_attach -- functionpoint
[    0.116609] drivers/acpi/scan.c 1916 acpi_bus_attach -- functionpoint
[    0.116616] drivers/acpi/pci_root.c 528 acpi_pci_root_add -- functionpoint
[    0.117010] ACPI: PCI Root Bridge [PCI0] (domain 0000 [bus 00-3e])
[    0.117013] ACPI: drivers/acpi/pci_root.c 584 acpi_pci_root_add --  functionpoint -- PCI Root Bridge [PCI0] (domain 0000 [bus 00-3e])
[    0.117020] acpi PNP0A08:00: _OSC: OS supports [ExtendedConfig ASPM ClockPM Segments MSI]
[    0.120396] acpi PNP0A08:00: _OSC: OS now controls [PCIeHotplug PME AER PCIeCapability]
[    0.120397] acpi PNP0A08:00: FADT indicates ASPM is unsupported, using BIOS configuration
[    0.120411] arch/x86/pci/acpi.c 335 pci_acpi_scan_root -- functionpoint
[    0.120412] drivers/pci/search.c 144 pci_find_bus -- functionpoint
[    0.120414] drivers/pci/search.c 145 pci_find_bus functionpoint -- domain_num = 0, bus_num = 0
[    0.120418] drivers/pci/search.c 176 pci_find_next_bus -- functionpoint
[    0.120418] drivers/pci/search.c 157 pci_find_bus not found bus -- functionpoint
[    0.120431] drivers/acpi/pci_root.c 881 acpi_pci_root_create -- functionpoint
[    0.120818] drivers/pci/probe.c 2643 pci_create_root_bus -- functionpoint
[    0.120820] drivers/pci/probe.c 533 pci_alloc_host_bridge -- functionpoint
[    0.120822] drivers/pci/probe.c 765 pci_register_host_bridge -- functionpoint
[    0.120823] drivers/pci/search.c 144 pci_find_bus -- functionpoint
[    0.120825] drivers/pci/search.c 145 pci_find_bus functionpoint -- domain_num = 0, bus_num = 0
[    0.120829] drivers/pci/search.c 176 pci_find_next_bus -- functionpoint
[    0.120829] drivers/pci/search.c 157 pci_find_bus not found bus -- functionpoint
[    0.121888] drivers/pci/probe.c 2009 pci_bus_read_dev_vendor_id -- functionpoint
[    0.121902] drivers/pci/probe.c 2009 pci_bus_read_dev_vendor_id -- functionpoint
[    0.121918] drivers/pci/probe.c 2009 pci_bus_read_dev_vendor_id -- functionpoint
[    0.121930] drivers/pci/probe.c 2009 pci_bus_read_dev_vendor_id -- functionpoint
[    0.121941] drivers/pci/probe.c 2009 pci_bus_read_dev_vendor_id -- functionpoint
[    0.121957] drivers/pci/probe.c 2009 pci_bus_read_dev_vendor_id -- functionpoint
[    0.121965] drivers/pci/probe.c 2009 pci_bus_read_dev_vendor_id -- functionpoint
[    0.121978] drivers/pci/probe.c 2009 pci_bus_read_dev_vendor_id -- functionpoint
[    0.121991] drivers/pci/probe.c 2009 pci_bus_read_dev_vendor_id -- functionpoint
[    0.121997] drivers/pci/probe.c 2009 pci_bus_read_dev_vendor_id -- functionpoint
[    0.122008] drivers/pci/probe.c 2009 pci_bus_read_dev_vendor_id -- functionpoint
[    0.122057] drivers/pci/probe.c 2009 pci_bus_read_dev_vendor_id -- functionpoint
[    0.122110] drivers/pci/probe.c 2009 pci_bus_read_dev_vendor_id -- functionpoint
[    0.122163] drivers/pci/probe.c 2009 pci_bus_read_dev_vendor_id -- functionpoint
[    0.122215] drivers/pci/probe.c 2009 pci_bus_read_dev_vendor_id -- functionpoint
[    0.122267] drivers/pci/probe.c 2009 pci_bus_read_dev_vendor_id -- functionpoint
[    0.122319] drivers/pci/probe.c 2009 pci_bus_read_dev_vendor_id -- functionpoint
[    0.122371] drivers/pci/probe.c 2009 pci_bus_read_dev_vendor_id -- functionpoint
[    0.122420] drivers/pci/probe.c 2009 pci_bus_read_dev_vendor_id -- functionpoint
[    0.122474] drivers/pci/probe.c 2009 pci_bus_read_dev_vendor_id -- functionpoint
[    0.122526] drivers/pci/probe.c 2009 pci_bus_read_dev_vendor_id -- functionpoint
[    0.122578] drivers/pci/probe.c 2009 pci_bus_read_dev_vendor_id -- functionpoint
[    0.122631] drivers/pci/probe.c 2009 pci_bus_read_dev_vendor_id -- functionpoint
[    0.122683] drivers/pci/probe.c 2009 pci_bus_read_dev_vendor_id -- functionpoint
[    0.122735] drivers/pci/probe.c 2009 pci_bus_read_dev_vendor_id -- functionpoint
[    0.122788] drivers/pci/probe.c 2009 pci_bus_read_dev_vendor_id -- functionpoint
[    0.122840] drivers/pci/probe.c 2009 pci_bus_read_dev_vendor_id -- functionpoint
[    0.122894] drivers/pci/probe.c 2009 pci_bus_read_dev_vendor_id -- functionpoint
[    0.122946] drivers/pci/probe.c 2009 pci_bus_read_dev_vendor_id -- functionpoint
[    0.122998] drivers/pci/probe.c 2009 pci_bus_read_dev_vendor_id -- functionpoint
[    0.123051] drivers/pci/probe.c 2009 pci_bus_read_dev_vendor_id -- functionpoint
[    0.123103] drivers/pci/probe.c 2009 pci_bus_read_dev_vendor_id -- functionpoint
[    0.123152] drivers/pci/probe.c 2009 pci_bus_read_dev_vendor_id -- functionpoint
[    0.123205] drivers/pci/probe.c 2009 pci_bus_read_dev_vendor_id -- functionpoint
[    0.123258] drivers/pci/probe.c 2009 pci_bus_read_dev_vendor_id -- functionpoint
[    0.123273] drivers/pci/probe.c 2009 pci_bus_read_dev_vendor_id -- functionpoint
[    0.123291] drivers/pci/probe.c 2009 pci_bus_read_dev_vendor_id -- functionpoint
[    0.123306] drivers/pci/probe.c 2009 pci_bus_read_dev_vendor_id -- functionpoint
[    0.123317] drivers/pci/probe.c 2009 pci_bus_read_dev_vendor_id -- functionpoint
[    0.123331] drivers/pci/probe.c 2009 pci_bus_read_dev_vendor_id -- functionpoint
[    0.123336] drivers/pci/probe.c 2009 pci_bus_read_dev_vendor_id -- functionpoint
[    0.123343] drivers/pci/probe.c 2009 pci_bus_read_dev_vendor_id -- functionpoint
[    0.123351] PCI host bridge to bus 0000:00
[    0.123354] pci_bus 0000:00: root bus resource [io  0x0000-0x0cf7 window]
[    0.123356] pci_bus 0000:00: root bus resource [io  0x0d00-0xffff window]
[    0.123357] pci_bus 0000:00: root bus resource [mem 0x000a0000-0x000bffff window]
[    0.123358] pci_bus 0000:00: root bus resource [mem 0xd4800000-0xf7ffffff window]
[    0.123359] pci_bus 0000:00: root bus resource [mem 0x4000000000-0x7fffffffff window]
[    0.123360] pci_bus 0000:00: root bus resource [mem 0xfc800000-0xfe7fffff window]
[    0.123361] pci_bus 0000:00: root bus resource [bus 00-3e]
[    0.123362] drivers/pci/probe.c 2497 pci_scan_child_bus_extend -- functionpoint
[    0.123363] pci_bus 0000:00: drivers/pci/probe.c 2501 pci_scan_child_bus_extend-- functionpoint -- scanning bus
[    0.123366] drivers/pci/probe.c 2281 pci_scan_slot -- functionpoint
[    0.123367] drivers/pci/probe.c 2196 pci_scan_single_device -- functionpoint
[    0.123368] drivers/pci/search.c 206 pci_get_slot -- functionpoint
[    0.123370] drivers/pci/search.c 215 pci_get_slot return value is NULL -- functionpoint
[    0.123372] drivers/pci/probe.c 2035 pci_scan_device -- functionpoint
[    0.123373] drivers/pci/probe.c 2009 pci_bus_read_dev_vendor_id -- functionpoint
[    0.123376] drivers/pci/probe.c 2048 pci_scan_device -- functionpoint -- dev_vendor: 8086, dev_device: 3e30
[    0.123379] drivers/pci/probe.c 1453 pci_setup_device -- functionpoint
[    0.123385] pci 0000:00:00.0: [8086:3e30] type 00 class 0x060000
[    0.123388] pci 0000:00:00.0: drivers/pci/probe.c 1482 pci_setup_device functionpoint -- [8086:3e30] type 00 class 0x060000 multifunction 00
[    0.123402] drivers/pci/probe.c 1513 pci_setup_device  switch case PCI_HEADER_TYPE_NORMAL -- functionpoint
[    0.123414] drivers/pci/probe.c 2145 pci_device_add -- functionpoint
[    0.124423] drivers/pci/probe.c 2288 pci_scan_slot -- functionpoint -- fn = 0, devfn = 0, fn+devfn = 0
[    0.124427] drivers/pci/probe.c 2220 next_fn -- functionpoint
[    0.124427] drivers/pci/probe.c 2281 pci_scan_slot -- functionpoint
[    0.124429] drivers/pci/probe.c 2196 pci_scan_single_device -- functionpoint
[    0.124430] drivers/pci/search.c 206 pci_get_slot -- functionpoint
[    0.124432] drivers/pci/search.c 215 pci_get_slot return value is NULL -- functionpoint
[    0.124433] drivers/pci/probe.c 2035 pci_scan_device -- functionpoint
[    0.124435] drivers/pci/probe.c 2009 pci_bus_read_dev_vendor_id -- functionpoint
[    0.124447] drivers/pci/probe.c 2288 pci_scan_slot -- functionpoint -- fn = 0, devfn = 8, fn+devfn = 8
[    0.124450] drivers/pci/probe.c 2281 pci_scan_slot -- functionpoint
[    0.124450] drivers/pci/probe.c 2196 pci_scan_single_device -- functionpoint
[    0.124452] drivers/pci/search.c 206 pci_get_slot -- functionpoint
[    0.124453] drivers/pci/search.c 215 pci_get_slot return value is NULL -- functionpoint
[    0.124455] drivers/pci/probe.c 2035 pci_scan_device -- functionpoint
[    0.124456] drivers/pci/probe.c 2009 pci_bus_read_dev_vendor_id -- functionpoint
[    0.124459] drivers/pci/probe.c 2048 pci_scan_device -- functionpoint -- dev_vendor: 8086, dev_device: 3e98
[    0.124462] drivers/pci/probe.c 1453 pci_setup_device -- functionpoint
[    0.124467] pci 0000:00:02.0: [8086:3e98] type 00 class 0x030000
[    0.124470] pci 0000:00:02.0: drivers/pci/probe.c 1482 pci_setup_device functionpoint -- [8086:3e98] type 00 class 0x030000 multifunction 00
[    0.124475] drivers/pci/probe.c 1513 pci_setup_device  switch case PCI_HEADER_TYPE_NORMAL -- functionpoint
[    0.124481] pci 0000:00:02.0: reg 0x10: [mem 0xf0000000-0xf0ffffff 64bit]
[    0.124488] pci 0000:00:02.0: reg 0x18: [mem 0xe0000000-0xefffffff 64bit pref]
[    0.124491] pci 0000:00:02.0: reg 0x20: [io  0x4000-0x403f]
[    0.124497] drivers/pci/probe.c 2145 pci_device_add -- functionpoint
[    0.124504] pci 0000:00:02.0: BAR 2: assigned to efifb
[    0.125532] drivers/pci/probe.c 2288 pci_scan_slot -- functionpoint -- fn = 0, devfn = 16, fn+devfn = 16
[    0.125535] drivers/pci/probe.c 2220 next_fn -- functionpoint
[    0.125535] drivers/pci/probe.c 2281 pci_scan_slot -- functionpoint
[    0.125537] drivers/pci/probe.c 2196 pci_scan_single_device -- functionpoint
[    0.125538] drivers/pci/search.c 206 pci_get_slot -- functionpoint
[    0.125540] drivers/pci/search.c 215 pci_get_slot return value is NULL -- functionpoint
[    0.125541] drivers/pci/probe.c 2035 pci_scan_device -- functionpoint
[    0.125543] drivers/pci/probe.c 2009 pci_bus_read_dev_vendor_id -- functionpoint
[    0.125555] drivers/pci/probe.c 2288 pci_scan_slot -- functionpoint -- fn = 0, devfn = 24, fn+devfn = 24
[    0.125558] drivers/pci/probe.c 2281 pci_scan_slot -- functionpoint
[    0.125558] drivers/pci/probe.c 2196 pci_scan_single_device -- functionpoint
[    0.125560] drivers/pci/search.c 206 pci_get_slot -- functionpoint
[    0.125561] drivers/pci/search.c 215 pci_get_slot return value is NULL -- functionpoint
[    0.125563] drivers/pci/probe.c 2035 pci_scan_device -- functionpoint
[    0.125565] drivers/pci/probe.c 2009 pci_bus_read_dev_vendor_id -- functionpoint
[    0.125579] drivers/pci/probe.c 2288 pci_scan_slot -- functionpoint -- fn = 0, devfn = 32, fn+devfn = 32
[    0.125583] drivers/pci/probe.c 2281 pci_scan_slot -- functionpoint
[    0.125583] drivers/pci/probe.c 2196 pci_scan_single_device -- functionpoint
[    0.125584] drivers/pci/search.c 206 pci_get_slot -- functionpoint
[    0.125586] drivers/pci/search.c 215 pci_get_slot return value is NULL -- functionpoint
[    0.125588] drivers/pci/probe.c 2035 pci_scan_device -- functionpoint
[    0.125589] drivers/pci/probe.c 2009 pci_bus_read_dev_vendor_id -- functionpoint
[    0.125604] drivers/pci/probe.c 2288 pci_scan_slot -- functionpoint -- fn = 0, devfn = 40, fn+devfn = 40
[    0.125608] drivers/pci/probe.c 2281 pci_scan_slot -- functionpoint
[    0.125608] drivers/pci/probe.c 2196 pci_scan_single_device -- functionpoint
[    0.125610] drivers/pci/search.c 206 pci_get_slot -- functionpoint
[    0.125611] drivers/pci/search.c 215 pci_get_slot return value is NULL -- functionpoint
[    0.125613] drivers/pci/probe.c 2035 pci_scan_device -- functionpoint
[    0.125614] drivers/pci/probe.c 2009 pci_bus_read_dev_vendor_id -- functionpoint
[    0.125630] drivers/pci/probe.c 2288 pci_scan_slot -- functionpoint -- fn = 0, devfn = 48, fn+devfn = 48
[    0.125633] drivers/pci/probe.c 2281 pci_scan_slot -- functionpoint
[    0.125633] drivers/pci/probe.c 2196 pci_scan_single_device -- functionpoint
[    0.125635] drivers/pci/search.c 206 pci_get_slot -- functionpoint
[    0.125636] drivers/pci/search.c 215 pci_get_slot return value is NULL -- functionpoint
[    0.125638] drivers/pci/probe.c 2035 pci_scan_device -- functionpoint
[    0.125640] drivers/pci/probe.c 2009 pci_bus_read_dev_vendor_id -- functionpoint
[    0.125654] drivers/pci/probe.c 2288 pci_scan_slot -- functionpoint -- fn = 0, devfn = 56, fn+devfn = 56
[    0.125658] drivers/pci/probe.c 2281 pci_scan_slot -- functionpoint
[    0.125658] drivers/pci/probe.c 2196 pci_scan_single_device -- functionpoint
[    0.125660] drivers/pci/search.c 206 pci_get_slot -- functionpoint
[    0.125661] drivers/pci/search.c 215 pci_get_slot return value is NULL -- functionpoint
[    0.125663] drivers/pci/probe.c 2035 pci_scan_device -- functionpoint
[    0.125664] drivers/pci/probe.c 2009 pci_bus_read_dev_vendor_id -- functionpoint
[    0.125679] drivers/pci/probe.c 2288 pci_scan_slot -- functionpoint -- fn = 0, devfn = 64, fn+devfn = 64
[    0.125683] drivers/pci/probe.c 2281 pci_scan_slot -- functionpoint
[    0.125683] drivers/pci/probe.c 2196 pci_scan_single_device -- functionpoint
[    0.125684] drivers/pci/search.c 206 pci_get_slot -- functionpoint
[    0.125686] drivers/pci/search.c 215 pci_get_slot return value is NULL -- functionpoint
[    0.125688] drivers/pci/probe.c 2035 pci_scan_device -- functionpoint
[    0.125689] drivers/pci/probe.c 2009 pci_bus_read_dev_vendor_id -- functionpoint
[    0.125704] drivers/pci/probe.c 2288 pci_scan_slot -- functionpoint -- fn = 0, devfn = 72, fn+devfn = 72
[    0.125708] drivers/pci/probe.c 2281 pci_scan_slot -- functionpoint
[    0.125708] drivers/pci/probe.c 2196 pci_scan_single_device -- functionpoint
[    0.125710] drivers/pci/search.c 206 pci_get_slot -- functionpoint
[    0.125711] drivers/pci/search.c 215 pci_get_slot return value is NULL -- functionpoint
[    0.125713] drivers/pci/probe.c 2035 pci_scan_device -- functionpoint
[    0.125714] drivers/pci/probe.c 2009 pci_bus_read_dev_vendor_id -- functionpoint
[    0.125729] drivers/pci/probe.c 2288 pci_scan_slot -- functionpoint -- fn = 0, devfn = 80, fn+devfn = 80
[    0.125733] drivers/pci/probe.c 2281 pci_scan_slot -- functionpoint
[    0.125733] drivers/pci/probe.c 2196 pci_scan_single_device -- functionpoint
[    0.125734] drivers/pci/search.c 206 pci_get_slot -- functionpoint
[    0.125736] drivers/pci/search.c 215 pci_get_slot return value is NULL -- functionpoint
[    0.125738] drivers/pci/probe.c 2035 pci_scan_device -- functionpoint
[    0.125739] drivers/pci/probe.c 2009 pci_bus_read_dev_vendor_id -- functionpoint
[    0.125754] drivers/pci/probe.c 2288 pci_scan_slot -- functionpoint -- fn = 0, devfn = 88, fn+devfn = 88
[    0.125758] drivers/pci/probe.c 2281 pci_scan_slot -- functionpoint
[    0.125758] drivers/pci/probe.c 2196 pci_scan_single_device -- functionpoint
[    0.125760] drivers/pci/search.c 206 pci_get_slot -- functionpoint
[    0.125761] drivers/pci/search.c 215 pci_get_slot return value is NULL -- functionpoint
[    0.125763] drivers/pci/probe.c 2035 pci_scan_device -- functionpoint
[    0.125764] drivers/pci/probe.c 2009 pci_bus_read_dev_vendor_id -- functionpoint
[    0.125779] drivers/pci/probe.c 2288 pci_scan_slot -- functionpoint -- fn = 0, devfn = 96, fn+devfn = 96
[    0.125782] drivers/pci/probe.c 2281 pci_scan_slot -- functionpoint
[    0.125782] drivers/pci/probe.c 2196 pci_scan_single_device -- functionpoint
[    0.125784] drivers/pci/search.c 206 pci_get_slot -- functionpoint
[    0.125785] drivers/pci/search.c 215 pci_get_slot return value is NULL -- functionpoint
[    0.125787] drivers/pci/probe.c 2035 pci_scan_device -- functionpoint
[    0.125789] drivers/pci/probe.c 2009 pci_bus_read_dev_vendor_id -- functionpoint
[    0.125805] drivers/pci/probe.c 2288 pci_scan_slot -- functionpoint -- fn = 0, devfn = 104, fn+devfn = 104
[    0.125808] drivers/pci/probe.c 2281 pci_scan_slot -- functionpoint
[    0.125808] drivers/pci/probe.c 2196 pci_scan_single_device -- functionpoint
[    0.125810] drivers/pci/search.c 206 pci_get_slot -- functionpoint
[    0.125811] drivers/pci/search.c 215 pci_get_slot return value is NULL -- functionpoint
[    0.125813] drivers/pci/probe.c 2035 pci_scan_device -- functionpoint
[    0.125814] drivers/pci/probe.c 2009 pci_bus_read_dev_vendor_id -- functionpoint
[    0.125829] drivers/pci/probe.c 2288 pci_scan_slot -- functionpoint -- fn = 0, devfn = 112, fn+devfn = 112
[    0.125833] drivers/pci/probe.c 2281 pci_scan_slot -- functionpoint
[    0.125833] drivers/pci/probe.c 2196 pci_scan_single_device -- functionpoint
[    0.125835] drivers/pci/search.c 206 pci_get_slot -- functionpoint
[    0.125836] drivers/pci/search.c 215 pci_get_slot return value is NULL -- functionpoint
[    0.125838] drivers/pci/probe.c 2035 pci_scan_device -- functionpoint
[    0.125839] drivers/pci/probe.c 2009 pci_bus_read_dev_vendor_id -- functionpoint
[    0.125854] drivers/pci/probe.c 2288 pci_scan_slot -- functionpoint -- fn = 0, devfn = 120, fn+devfn = 120
[    0.125858] drivers/pci/probe.c 2281 pci_scan_slot -- functionpoint
[    0.125858] drivers/pci/probe.c 2196 pci_scan_single_device -- functionpoint
[    0.125860] drivers/pci/search.c 206 pci_get_slot -- functionpoint
[    0.125861] drivers/pci/search.c 215 pci_get_slot return value is NULL -- functionpoint
[    0.125863] drivers/pci/probe.c 2035 pci_scan_device -- functionpoint
[    0.125865] drivers/pci/probe.c 2009 pci_bus_read_dev_vendor_id -- functionpoint
[    0.125879] drivers/pci/probe.c 2288 pci_scan_slot -- functionpoint -- fn = 0, devfn = 128, fn+devfn = 128
[    0.125883] drivers/pci/probe.c 2281 pci_scan_slot -- functionpoint
[    0.125883] drivers/pci/probe.c 2196 pci_scan_single_device -- functionpoint
[    0.125885] drivers/pci/search.c 206 pci_get_slot -- functionpoint
[    0.125886] drivers/pci/search.c 215 pci_get_slot return value is NULL -- functionpoint
[    0.125888] drivers/pci/probe.c 2035 pci_scan_device -- functionpoint
[    0.125890] drivers/pci/probe.c 2009 pci_bus_read_dev_vendor_id -- functionpoint
[    0.125904] drivers/pci/probe.c 2288 pci_scan_slot -- functionpoint -- fn = 0, devfn = 136, fn+devfn = 136
[    0.125908] drivers/pci/probe.c 2281 pci_scan_slot -- functionpoint
[    0.125908] drivers/pci/probe.c 2196 pci_scan_single_device -- functionpoint
[    0.125910] drivers/pci/search.c 206 pci_get_slot -- functionpoint
[    0.125911] drivers/pci/search.c 215 pci_get_slot return value is NULL -- functionpoint
[    0.125913] drivers/pci/probe.c 2035 pci_scan_device -- functionpoint
[    0.125914] drivers/pci/probe.c 2009 pci_bus_read_dev_vendor_id -- functionpoint
[    0.125919] drivers/pci/probe.c 2048 pci_scan_device -- functionpoint -- dev_vendor: 8086, dev_device: a379
[    0.125923] drivers/pci/probe.c 1453 pci_setup_device -- functionpoint
[    0.125935] pci 0000:00:12.0: [8086:a379] type 00 class 0x118000
[    0.125937] pci 0000:00:12.0: drivers/pci/probe.c 1482 pci_setup_device functionpoint -- [8086:a379] type 00 class 0x118000 multifunction 01
[    0.125952] drivers/pci/probe.c 1513 pci_setup_device  switch case PCI_HEADER_TYPE_NORMAL -- functionpoint
[    0.125969] pci 0000:00:12.0: reg 0x10: [mem 0x4000107000-0x4000107fff 64bit]
[    0.126011] drivers/pci/probe.c 2145 pci_device_add -- functionpoint
[    0.127049] drivers/pci/probe.c 2288 pci_scan_slot -- functionpoint -- fn = 0, devfn = 144, fn+devfn = 144
[    0.127052] drivers/pci/probe.c 2220 next_fn -- functionpoint
[    0.127053] drivers/pci/probe.c 2196 pci_scan_single_device -- functionpoint
[    0.127054] drivers/pci/search.c 206 pci_get_slot -- functionpoint
[    0.127056] drivers/pci/search.c 215 pci_get_slot return value is NULL -- functionpoint
[    0.127057] drivers/pci/probe.c 2035 pci_scan_device -- functionpoint
[    0.127059] drivers/pci/probe.c 2009 pci_bus_read_dev_vendor_id -- functionpoint
[    0.127071] drivers/pci/probe.c 2298 pci_scan_slot -- functionpoint -- fn = 1, devfn = 144, fn+devfn = 145
[    0.127074] drivers/pci/probe.c 2220 next_fn -- functionpoint
[    0.127074] drivers/pci/probe.c 2196 pci_scan_single_device -- functionpoint
[    0.127076] drivers/pci/search.c 206 pci_get_slot -- functionpoint
[    0.127078] drivers/pci/search.c 215 pci_get_slot return value is NULL -- functionpoint
[    0.127079] drivers/pci/probe.c 2035 pci_scan_device -- functionpoint
[    0.127081] drivers/pci/probe.c 2009 pci_bus_read_dev_vendor_id -- functionpoint
[    0.127096] drivers/pci/probe.c 2298 pci_scan_slot -- functionpoint -- fn = 2, devfn = 144, fn+devfn = 146
[    0.127099] drivers/pci/probe.c 2220 next_fn -- functionpoint
[    0.127100] drivers/pci/probe.c 2196 pci_scan_single_device -- functionpoint
[    0.127101] drivers/pci/search.c 206 pci_get_slot -- functionpoint
[    0.127103] drivers/pci/search.c 215 pci_get_slot return value is NULL -- functionpoint
[    0.127104] drivers/pci/probe.c 2035 pci_scan_device -- functionpoint
[    0.127106] drivers/pci/probe.c 2009 pci_bus_read_dev_vendor_id -- functionpoint
[    0.127121] drivers/pci/probe.c 2298 pci_scan_slot -- functionpoint -- fn = 3, devfn = 144, fn+devfn = 147
[    0.127124] drivers/pci/probe.c 2220 next_fn -- functionpoint
[    0.127125] drivers/pci/probe.c 2196 pci_scan_single_device -- functionpoint
[    0.127126] drivers/pci/search.c 206 pci_get_slot -- functionpoint
[    0.127128] drivers/pci/search.c 215 pci_get_slot return value is NULL -- functionpoint
[    0.127129] drivers/pci/probe.c 2035 pci_scan_device -- functionpoint
[    0.127131] drivers/pci/probe.c 2009 pci_bus_read_dev_vendor_id -- functionpoint
[    0.127146] drivers/pci/probe.c 2298 pci_scan_slot -- functionpoint -- fn = 4, devfn = 144, fn+devfn = 148
[    0.127149] drivers/pci/probe.c 2220 next_fn -- functionpoint
[    0.127150] drivers/pci/probe.c 2196 pci_scan_single_device -- functionpoint
[    0.127151] drivers/pci/search.c 206 pci_get_slot -- functionpoint
[    0.127153] drivers/pci/search.c 215 pci_get_slot return value is NULL -- functionpoint
[    0.127154] drivers/pci/probe.c 2035 pci_scan_device -- functionpoint
[    0.127156] drivers/pci/probe.c 2009 pci_bus_read_dev_vendor_id -- functionpoint
[    0.127171] drivers/pci/probe.c 2298 pci_scan_slot -- functionpoint -- fn = 5, devfn = 144, fn+devfn = 149
[    0.127174] drivers/pci/probe.c 2220 next_fn -- functionpoint
[    0.127175] drivers/pci/probe.c 2196 pci_scan_single_device -- functionpoint
[    0.127176] drivers/pci/search.c 206 pci_get_slot -- functionpoint
[    0.127178] drivers/pci/search.c 215 pci_get_slot return value is NULL -- functionpoint
[    0.127179] drivers/pci/probe.c 2035 pci_scan_device -- functionpoint
[    0.127181] drivers/pci/probe.c 2009 pci_bus_read_dev_vendor_id -- functionpoint
[    0.127191] drivers/pci/probe.c 2298 pci_scan_slot -- functionpoint -- fn = 6, devfn = 144, fn+devfn = 150
[    0.127194] drivers/pci/probe.c 2220 next_fn -- functionpoint
[    0.127194] drivers/pci/probe.c 2196 pci_scan_single_device -- functionpoint
[    0.127196] drivers/pci/search.c 206 pci_get_slot -- functionpoint
[    0.127197] drivers/pci/search.c 215 pci_get_slot return value is NULL -- functionpoint
[    0.127199] drivers/pci/probe.c 2035 pci_scan_device -- functionpoint
[    0.127201] drivers/pci/probe.c 2009 pci_bus_read_dev_vendor_id -- functionpoint
[    0.127217] drivers/pci/probe.c 2298 pci_scan_slot -- functionpoint -- fn = 7, devfn = 144, fn+devfn = 151
[    0.127220] drivers/pci/probe.c 2220 next_fn -- functionpoint
[    0.127221] drivers/pci/probe.c 2281 pci_scan_slot -- functionpoint
[    0.127222] drivers/pci/probe.c 2196 pci_scan_single_device -- functionpoint
[    0.127224] drivers/pci/search.c 206 pci_get_slot -- functionpoint
[    0.127225] drivers/pci/search.c 215 pci_get_slot return value is NULL -- functionpoint
[    0.127227] drivers/pci/probe.c 2035 pci_scan_device -- functionpoint
[    0.127229] drivers/pci/probe.c 2009 pci_bus_read_dev_vendor_id -- functionpoint
[    0.127235] drivers/pci/probe.c 2288 pci_scan_slot -- functionpoint -- fn = 0, devfn = 152, fn+devfn = 152
[    0.127238] drivers/pci/probe.c 2281 pci_scan_slot -- functionpoint
[    0.127239] drivers/pci/probe.c 2196 pci_scan_single_device -- functionpoint
[    0.127240] drivers/pci/search.c 206 pci_get_slot -- functionpoint
[    0.127242] drivers/pci/search.c 215 pci_get_slot return value is NULL -- functionpoint
[    0.127243] drivers/pci/probe.c 2035 pci_scan_device -- functionpoint
[    0.127245] drivers/pci/probe.c 2009 pci_bus_read_dev_vendor_id -- functionpoint
[    0.127251] drivers/pci/probe.c 2048 pci_scan_device -- functionpoint -- dev_vendor: 8086, dev_device: a36d
[    0.127255] drivers/pci/probe.c 1453 pci_setup_device -- functionpoint
[    0.127267] pci 0000:00:14.0: [8086:a36d] type 00 class 0x0c0330
[    0.127270] pci 0000:00:14.0: drivers/pci/probe.c 1482 pci_setup_device functionpoint -- [8086:a36d] type 00 class 0x0c0330 multifunction 01
[    0.127286] drivers/pci/probe.c 1513 pci_setup_device  switch case PCI_HEADER_TYPE_NORMAL -- functionpoint
[    0.127306] pci 0000:00:14.0: reg 0x10: [mem 0xf1220000-0xf122ffff 64bit]
[    0.127362] drivers/pci/probe.c 2145 pci_device_add -- functionpoint
[    0.127412] pci 0000:00:14.0: PME# supported from D3hot D3cold
[    0.128487] drivers/pci/probe.c 2288 pci_scan_slot -- functionpoint -- fn = 0, devfn = 160, fn+devfn = 160
[    0.128489] drivers/pci/probe.c 2220 next_fn -- functionpoint
[    0.128490] drivers/pci/probe.c 2196 pci_scan_single_device -- functionpoint
[    0.128491] drivers/pci/search.c 206 pci_get_slot -- functionpoint
[    0.128493] drivers/pci/search.c 215 pci_get_slot return value is NULL -- functionpoint
[    0.128494] drivers/pci/probe.c 2035 pci_scan_device -- functionpoint
[    0.128496] drivers/pci/probe.c 2009 pci_bus_read_dev_vendor_id -- functionpoint
[    0.128508] drivers/pci/probe.c 2298 pci_scan_slot -- functionpoint -- fn = 1, devfn = 160, fn+devfn = 161
[    0.128511] drivers/pci/probe.c 2220 next_fn -- functionpoint
[    0.128511] drivers/pci/probe.c 2196 pci_scan_single_device -- functionpoint
[    0.128513] drivers/pci/search.c 206 pci_get_slot -- functionpoint
[    0.128514] drivers/pci/search.c 215 pci_get_slot return value is NULL -- functionpoint
[    0.128516] drivers/pci/probe.c 2035 pci_scan_device -- functionpoint
[    0.128518] drivers/pci/probe.c 2009 pci_bus_read_dev_vendor_id -- functionpoint
[    0.128528] drivers/pci/probe.c 2048 pci_scan_device -- functionpoint -- dev_vendor: 8086, dev_device: a36f
[    0.128531] drivers/pci/probe.c 1453 pci_setup_device -- functionpoint
[    0.128541] pci 0000:00:14.2: [8086:a36f] type 00 class 0x050000
[    0.128544] pci 0000:00:14.2: drivers/pci/probe.c 1482 pci_setup_device functionpoint -- [8086:a36f] type 00 class 0x050000 multifunction 00
[    0.128557] drivers/pci/probe.c 1513 pci_setup_device  switch case PCI_HEADER_TYPE_NORMAL -- functionpoint
[    0.128573] pci 0000:00:14.2: reg 0x10: [mem 0xf1232000-0xf1233fff 64bit]
[    0.128589] pci 0000:00:14.2: reg 0x18: [mem 0x4000106000-0x4000106fff 64bit]
[    0.128614] drivers/pci/probe.c 2145 pci_device_add -- functionpoint
[    0.129638] drivers/pci/probe.c 2298 pci_scan_slot -- functionpoint -- fn = 2, devfn = 160, fn+devfn = 162
[    0.129642] drivers/pci/probe.c 2220 next_fn -- functionpoint
[    0.129642] drivers/pci/probe.c 2196 pci_scan_single_device -- functionpoint
[    0.129644] drivers/pci/search.c 206 pci_get_slot -- functionpoint
[    0.129645] drivers/pci/search.c 215 pci_get_slot return value is NULL -- functionpoint
[    0.129647] drivers/pci/probe.c 2035 pci_scan_device -- functionpoint
[    0.129649] drivers/pci/probe.c 2009 pci_bus_read_dev_vendor_id -- functionpoint
[    0.129654] drivers/pci/probe.c 2298 pci_scan_slot -- functionpoint -- fn = 3, devfn = 160, fn+devfn = 163
[    0.129657] drivers/pci/probe.c 2220 next_fn -- functionpoint
[    0.129657] drivers/pci/probe.c 2196 pci_scan_single_device -- functionpoint
[    0.129659] drivers/pci/search.c 206 pci_get_slot -- functionpoint
[    0.129661] drivers/pci/search.c 215 pci_get_slot return value is NULL -- functionpoint
[    0.129662] drivers/pci/probe.c 2035 pci_scan_device -- functionpoint
[    0.129664] drivers/pci/probe.c 2009 pci_bus_read_dev_vendor_id -- functionpoint
[    0.129673] drivers/pci/probe.c 2298 pci_scan_slot -- functionpoint -- fn = 4, devfn = 160, fn+devfn = 164
[    0.129676] drivers/pci/probe.c 2220 next_fn -- functionpoint
[    0.129676] drivers/pci/probe.c 2196 pci_scan_single_device -- functionpoint
[    0.129678] drivers/pci/search.c 206 pci_get_slot -- functionpoint
[    0.129679] drivers/pci/search.c 215 pci_get_slot return value is NULL -- functionpoint
[    0.129681] drivers/pci/probe.c 2035 pci_scan_device -- functionpoint
[    0.129683] drivers/pci/probe.c 2009 pci_bus_read_dev_vendor_id -- functionpoint
[    0.129698] drivers/pci/probe.c 2298 pci_scan_slot -- functionpoint -- fn = 5, devfn = 160, fn+devfn = 165
[    0.129701] drivers/pci/probe.c 2220 next_fn -- functionpoint
[    0.129702] drivers/pci/probe.c 2196 pci_scan_single_device -- functionpoint
[    0.129703] drivers/pci/search.c 206 pci_get_slot -- functionpoint
[    0.129705] drivers/pci/search.c 215 pci_get_slot return value is NULL -- functionpoint
[    0.129706] drivers/pci/probe.c 2035 pci_scan_device -- functionpoint
[    0.129708] drivers/pci/probe.c 2009 pci_bus_read_dev_vendor_id -- functionpoint
[    0.129723] drivers/pci/probe.c 2298 pci_scan_slot -- functionpoint -- fn = 6, devfn = 160, fn+devfn = 166
[    0.129726] drivers/pci/probe.c 2220 next_fn -- functionpoint
[    0.129727] drivers/pci/probe.c 2196 pci_scan_single_device -- functionpoint
[    0.129728] drivers/pci/search.c 206 pci_get_slot -- functionpoint
[    0.129730] drivers/pci/search.c 215 pci_get_slot return value is NULL -- functionpoint
[    0.129731] drivers/pci/probe.c 2035 pci_scan_device -- functionpoint
[    0.129733] drivers/pci/probe.c 2009 pci_bus_read_dev_vendor_id -- functionpoint
[    0.129748] drivers/pci/probe.c 2298 pci_scan_slot -- functionpoint -- fn = 7, devfn = 160, fn+devfn = 167
[    0.129751] drivers/pci/probe.c 2220 next_fn -- functionpoint
[    0.129752] drivers/pci/probe.c 2281 pci_scan_slot -- functionpoint
[    0.129753] drivers/pci/probe.c 2196 pci_scan_single_device -- functionpoint
[    0.129755] drivers/pci/search.c 206 pci_get_slot -- functionpoint
[    0.129756] drivers/pci/search.c 215 pci_get_slot return value is NULL -- functionpoint
[    0.129758] drivers/pci/probe.c 2035 pci_scan_device -- functionpoint
[    0.129760] drivers/pci/probe.c 2009 pci_bus_read_dev_vendor_id -- functionpoint
[    0.129772] drivers/pci/probe.c 2288 pci_scan_slot -- functionpoint -- fn = 0, devfn = 168, fn+devfn = 168
[    0.129776] drivers/pci/probe.c 2281 pci_scan_slot -- functionpoint
[    0.129776] drivers/pci/probe.c 2196 pci_scan_single_device -- functionpoint
[    0.129778] drivers/pci/search.c 206 pci_get_slot -- functionpoint
[    0.129779] drivers/pci/search.c 215 pci_get_slot return value is NULL -- functionpoint
[    0.129781] drivers/pci/probe.c 2035 pci_scan_device -- functionpoint
[    0.129782] drivers/pci/probe.c 2009 pci_bus_read_dev_vendor_id -- functionpoint
[    0.129791] drivers/pci/probe.c 2048 pci_scan_device -- functionpoint -- dev_vendor: 8086, dev_device: a360
[    0.129794] drivers/pci/probe.c 1453 pci_setup_device -- functionpoint
[    0.129808] pci 0000:00:16.0: [8086:a360] type 00 class 0x078000
[    0.129810] pci 0000:00:16.0: drivers/pci/probe.c 1482 pci_setup_device functionpoint -- [8086:a360] type 00 class 0x078000 multifunction 01
[    0.129826] drivers/pci/probe.c 1513 pci_setup_device  switch case PCI_HEADER_TYPE_NORMAL -- functionpoint
[    0.129843] pci 0000:00:16.0: reg 0x10: [mem 0x4000105000-0x4000105fff 64bit]
[    0.129885] drivers/pci/probe.c 2145 pci_device_add -- functionpoint
[    0.129935] pci 0000:00:16.0: PME# supported from D3hot
[    0.130993] drivers/pci/probe.c 2288 pci_scan_slot -- functionpoint -- fn = 0, devfn = 176, fn+devfn = 176
[    0.130996] drivers/pci/probe.c 2220 next_fn -- functionpoint
[    0.130996] drivers/pci/probe.c 2196 pci_scan_single_device -- functionpoint
[    0.130997] drivers/pci/search.c 206 pci_get_slot -- functionpoint
[    0.130999] drivers/pci/search.c 215 pci_get_slot return value is NULL -- functionpoint
[    0.131001] drivers/pci/probe.c 2035 pci_scan_device -- functionpoint
[    0.131002] drivers/pci/probe.c 2009 pci_bus_read_dev_vendor_id -- functionpoint
[    0.131014] drivers/pci/probe.c 2298 pci_scan_slot -- functionpoint -- fn = 1, devfn = 176, fn+devfn = 177
[    0.131017] drivers/pci/probe.c 2220 next_fn -- functionpoint
[    0.131018] drivers/pci/probe.c 2196 pci_scan_single_device -- functionpoint
[    0.131019] drivers/pci/search.c 206 pci_get_slot -- functionpoint
[    0.131021] drivers/pci/search.c 215 pci_get_slot return value is NULL -- functionpoint
[    0.131022] drivers/pci/probe.c 2035 pci_scan_device -- functionpoint
[    0.131024] drivers/pci/probe.c 2009 pci_bus_read_dev_vendor_id -- functionpoint
[    0.131040] drivers/pci/probe.c 2298 pci_scan_slot -- functionpoint -- fn = 2, devfn = 176, fn+devfn = 178
[    0.131043] drivers/pci/probe.c 2220 next_fn -- functionpoint
[    0.131043] drivers/pci/probe.c 2196 pci_scan_single_device -- functionpoint
[    0.131045] drivers/pci/search.c 206 pci_get_slot -- functionpoint
[    0.131046] drivers/pci/search.c 215 pci_get_slot return value is NULL -- functionpoint
[    0.131048] drivers/pci/probe.c 2035 pci_scan_device -- functionpoint
[    0.131050] drivers/pci/probe.c 2009 pci_bus_read_dev_vendor_id -- functionpoint
[    0.131054] drivers/pci/probe.c 2048 pci_scan_device -- functionpoint -- dev_vendor: 8086, dev_device: a363
[    0.131058] drivers/pci/probe.c 1453 pci_setup_device -- functionpoint
[    0.131069] pci 0000:00:16.3: [8086:a363] type 00 class 0x070002
[    0.131072] pci 0000:00:16.3: drivers/pci/probe.c 1482 pci_setup_device functionpoint -- [8086:a363] type 00 class 0x070002 multifunction 01
[    0.131086] drivers/pci/probe.c 1513 pci_setup_device  switch case PCI_HEADER_TYPE_NORMAL -- functionpoint
[    0.131097] pci 0000:00:16.3: reg 0x10: [io  0x4088-0x408f]
[    0.131108] pci 0000:00:16.3: reg 0x14: [mem 0xf1237000-0xf1237fff]
[    0.131147] drivers/pci/probe.c 2145 pci_device_add -- functionpoint
[    0.132187] drivers/pci/probe.c 2298 pci_scan_slot -- functionpoint -- fn = 3, devfn = 176, fn+devfn = 179
[    0.132190] drivers/pci/probe.c 2220 next_fn -- functionpoint
[    0.132191] drivers/pci/probe.c 2196 pci_scan_single_device -- functionpoint
[    0.132192] drivers/pci/search.c 206 pci_get_slot -- functionpoint
[    0.132194] drivers/pci/search.c 215 pci_get_slot return value is NULL -- functionpoint
[    0.132195] drivers/pci/probe.c 2035 pci_scan_device -- functionpoint
[    0.132197] drivers/pci/probe.c 2009 pci_bus_read_dev_vendor_id -- functionpoint
[    0.132209] drivers/pci/probe.c 2298 pci_scan_slot -- functionpoint -- fn = 4, devfn = 176, fn+devfn = 180
[    0.132212] drivers/pci/probe.c 2220 next_fn -- functionpoint
[    0.132212] drivers/pci/probe.c 2196 pci_scan_single_device -- functionpoint
[    0.132214] drivers/pci/search.c 206 pci_get_slot -- functionpoint
[    0.132215] drivers/pci/search.c 215 pci_get_slot return value is NULL -- functionpoint
[    0.132217] drivers/pci/probe.c 2035 pci_scan_device -- functionpoint
[    0.132219] drivers/pci/probe.c 2009 pci_bus_read_dev_vendor_id -- functionpoint
[    0.132234] drivers/pci/probe.c 2298 pci_scan_slot -- functionpoint -- fn = 5, devfn = 176, fn+devfn = 181
[    0.132237] drivers/pci/probe.c 2220 next_fn -- functionpoint
[    0.132237] drivers/pci/probe.c 2196 pci_scan_single_device -- functionpoint
[    0.132239] drivers/pci/search.c 206 pci_get_slot -- functionpoint
[    0.132240] drivers/pci/search.c 215 pci_get_slot return value is NULL -- functionpoint
[    0.132242] drivers/pci/probe.c 2035 pci_scan_device -- functionpoint
[    0.132244] drivers/pci/probe.c 2009 pci_bus_read_dev_vendor_id -- functionpoint
[    0.132259] drivers/pci/probe.c 2298 pci_scan_slot -- functionpoint -- fn = 6, devfn = 176, fn+devfn = 182
[    0.132262] drivers/pci/probe.c 2220 next_fn -- functionpoint
[    0.132263] drivers/pci/probe.c 2196 pci_scan_single_device -- functionpoint
[    0.132264] drivers/pci/search.c 206 pci_get_slot -- functionpoint
[    0.132266] drivers/pci/search.c 215 pci_get_slot return value is NULL -- functionpoint
[    0.132267] drivers/pci/probe.c 2035 pci_scan_device -- functionpoint
[    0.132269] drivers/pci/probe.c 2009 pci_bus_read_dev_vendor_id -- functionpoint
[    0.132284] drivers/pci/probe.c 2298 pci_scan_slot -- functionpoint -- fn = 7, devfn = 176, fn+devfn = 183
[    0.132287] drivers/pci/probe.c 2220 next_fn -- functionpoint
[    0.132287] drivers/pci/probe.c 2281 pci_scan_slot -- functionpoint
[    0.132289] drivers/pci/probe.c 2196 pci_scan_single_device -- functionpoint
[    0.132290] drivers/pci/search.c 206 pci_get_slot -- functionpoint
[    0.132292] drivers/pci/search.c 215 pci_get_slot return value is NULL -- functionpoint
[    0.132294] drivers/pci/probe.c 2035 pci_scan_device -- functionpoint
[    0.132295] drivers/pci/probe.c 2009 pci_bus_read_dev_vendor_id -- functionpoint
[    0.132305] drivers/pci/probe.c 2048 pci_scan_device -- functionpoint -- dev_vendor: 8086, dev_device: a352
[    0.132308] drivers/pci/probe.c 1453 pci_setup_device -- functionpoint
[    0.132321] pci 0000:00:17.0: [8086:a352] type 00 class 0x010601
[    0.132323] pci 0000:00:17.0: drivers/pci/probe.c 1482 pci_setup_device functionpoint -- [8086:a352] type 00 class 0x010601 multifunction 00
[    0.132339] drivers/pci/probe.c 1513 pci_setup_device  switch case PCI_HEADER_TYPE_NORMAL -- functionpoint
[    0.132354] pci 0000:00:17.0: reg 0x10: [mem 0xf1230000-0xf1231fff]
[    0.132366] pci 0000:00:17.0: reg 0x14: [mem 0xf1236000-0xf12360ff]
[    0.132378] pci 0000:00:17.0: reg 0x18: [io  0x4080-0x4087]
[    0.132389] pci 0000:00:17.0: reg 0x1c: [io  0x4090-0x4093]
[    0.132400] pci 0000:00:17.0: reg 0x20: [io  0x4060-0x407f]
[    0.132411] pci 0000:00:17.0: reg 0x24: [mem 0xf1235000-0xf12357ff]
[    0.132425] drivers/pci/probe.c 2145 pci_device_add -- functionpoint
[    0.132474] pci 0000:00:17.0: PME# supported from D3hot
[    0.133560] drivers/pci/probe.c 2288 pci_scan_slot -- functionpoint -- fn = 0, devfn = 184, fn+devfn = 184
[    0.133563] drivers/pci/probe.c 2220 next_fn -- functionpoint
[    0.133563] drivers/pci/probe.c 2281 pci_scan_slot -- functionpoint
[    0.133565] drivers/pci/probe.c 2196 pci_scan_single_device -- functionpoint
[    0.133566] drivers/pci/search.c 206 pci_get_slot -- functionpoint
[    0.133568] drivers/pci/search.c 215 pci_get_slot return value is NULL -- functionpoint
[    0.133570] drivers/pci/probe.c 2035 pci_scan_device -- functionpoint
[    0.133571] drivers/pci/probe.c 2009 pci_bus_read_dev_vendor_id -- functionpoint
[    0.133583] drivers/pci/probe.c 2288 pci_scan_slot -- functionpoint -- fn = 0, devfn = 192, fn+devfn = 192
[    0.133586] drivers/pci/probe.c 2281 pci_scan_slot -- functionpoint
[    0.133586] drivers/pci/probe.c 2196 pci_scan_single_device -- functionpoint
[    0.133588] drivers/pci/search.c 206 pci_get_slot -- functionpoint
[    0.133589] drivers/pci/search.c 215 pci_get_slot return value is NULL -- functionpoint
[    0.133591] drivers/pci/probe.c 2035 pci_scan_device -- functionpoint
[    0.133593] drivers/pci/probe.c 2009 pci_bus_read_dev_vendor_id -- functionpoint
[    0.133608] drivers/pci/probe.c 2288 pci_scan_slot -- functionpoint -- fn = 0, devfn = 200, fn+devfn = 200
[    0.133611] drivers/pci/probe.c 2281 pci_scan_slot -- functionpoint
[    0.133612] drivers/pci/probe.c 2196 pci_scan_single_device -- functionpoint
[    0.133613] drivers/pci/search.c 206 pci_get_slot -- functionpoint
[    0.133615] drivers/pci/search.c 215 pci_get_slot return value is NULL -- functionpoint
[    0.133616] drivers/pci/probe.c 2035 pci_scan_device -- functionpoint
[    0.133618] drivers/pci/probe.c 2009 pci_bus_read_dev_vendor_id -- functionpoint
[    0.133633] drivers/pci/probe.c 2288 pci_scan_slot -- functionpoint -- fn = 0, devfn = 208, fn+devfn = 208
[    0.133636] drivers/pci/probe.c 2281 pci_scan_slot -- functionpoint
[    0.133637] drivers/pci/probe.c 2196 pci_scan_single_device -- functionpoint
[    0.133638] drivers/pci/search.c 206 pci_get_slot -- functionpoint
[    0.133640] drivers/pci/search.c 215 pci_get_slot return value is NULL -- functionpoint
[    0.133641] drivers/pci/probe.c 2035 pci_scan_device -- functionpoint
[    0.133643] drivers/pci/probe.c 2009 pci_bus_read_dev_vendor_id -- functionpoint
[    0.133651] drivers/pci/probe.c 2048 pci_scan_device -- functionpoint -- dev_vendor: 8086, dev_device: a32c
[    0.133654] drivers/pci/probe.c 1453 pci_setup_device -- functionpoint
[    0.133667] pci 0000:00:1b.0: [8086:a32c] type 01 class 0x060400
[    0.133670] pci 0000:00:1b.0: drivers/pci/probe.c 1482 pci_setup_device functionpoint -- [8086:a32c] type 01 class 0x060400 multifunction 01
[    0.133690] drivers/pci/probe.c 1566 pci_setup_device switch case PCI_HEADER_TYPE_BRIDGE -- functionpoint
[    0.133736] drivers/pci/probe.c 2145 pci_device_add -- functionpoint
[    0.133817] pci 0000:00:1b.0: PME# supported from D0 D3hot D3cold
[    0.133854] pci 0000:00:1b.0: PTM enabled (root), 4dns granularity
[    0.134932] drivers/pci/probe.c 2288 pci_scan_slot -- functionpoint -- fn = 0, devfn = 216, fn+devfn = 216
[    0.134934] drivers/pci/probe.c 2220 next_fn -- functionpoint
[    0.134935] drivers/pci/probe.c 2196 pci_scan_single_device -- functionpoint
[    0.134936] drivers/pci/search.c 206 pci_get_slot -- functionpoint
[    0.134938] drivers/pci/search.c 215 pci_get_slot return value is NULL -- functionpoint
[    0.134940] drivers/pci/probe.c 2035 pci_scan_device -- functionpoint
[    0.134941] drivers/pci/probe.c 2009 pci_bus_read_dev_vendor_id -- functionpoint
[    0.134950] drivers/pci/probe.c 2298 pci_scan_slot -- functionpoint -- fn = 1, devfn = 216, fn+devfn = 217
[    0.134953] drivers/pci/probe.c 2220 next_fn -- functionpoint
[    0.134954] drivers/pci/probe.c 2196 pci_scan_single_device -- functionpoint
[    0.134955] drivers/pci/search.c 206 pci_get_slot -- functionpoint
[    0.134957] drivers/pci/search.c 215 pci_get_slot return value is NULL -- functionpoint
[    0.134958] drivers/pci/probe.c 2035 pci_scan_device -- functionpoint
[    0.134960] drivers/pci/probe.c 2009 pci_bus_read_dev_vendor_id -- functionpoint
[    0.134975] drivers/pci/probe.c 2298 pci_scan_slot -- functionpoint -- fn = 2, devfn = 216, fn+devfn = 218
[    0.134978] drivers/pci/probe.c 2220 next_fn -- functionpoint
[    0.134979] drivers/pci/probe.c 2196 pci_scan_single_device -- functionpoint
[    0.134980] drivers/pci/search.c 206 pci_get_slot -- functionpoint
[    0.134982] drivers/pci/search.c 215 pci_get_slot return value is NULL -- functionpoint
[    0.134983] drivers/pci/probe.c 2035 pci_scan_device -- functionpoint
[    0.134985] drivers/pci/probe.c 2009 pci_bus_read_dev_vendor_id -- functionpoint
[    0.135001] drivers/pci/probe.c 2298 pci_scan_slot -- functionpoint -- fn = 3, devfn = 216, fn+devfn = 219
[    0.135004] drivers/pci/probe.c 2220 next_fn -- functionpoint
[    0.135004] drivers/pci/probe.c 2196 pci_scan_single_device -- functionpoint
[    0.135006] drivers/pci/search.c 206 pci_get_slot -- functionpoint
[    0.135007] drivers/pci/search.c 215 pci_get_slot return value is NULL -- functionpoint
[    0.135009] drivers/pci/probe.c 2035 pci_scan_device -- functionpoint
[    0.135011] drivers/pci/probe.c 2009 pci_bus_read_dev_vendor_id -- functionpoint
[    0.135019] drivers/pci/probe.c 2298 pci_scan_slot -- functionpoint -- fn = 4, devfn = 216, fn+devfn = 220
[    0.135023] drivers/pci/probe.c 2220 next_fn -- functionpoint
[    0.135023] drivers/pci/probe.c 2196 pci_scan_single_device -- functionpoint
[    0.135024] drivers/pci/search.c 206 pci_get_slot -- functionpoint
[    0.135026] drivers/pci/search.c 215 pci_get_slot return value is NULL -- functionpoint
[    0.135028] drivers/pci/probe.c 2035 pci_scan_device -- functionpoint
[    0.135029] drivers/pci/probe.c 2009 pci_bus_read_dev_vendor_id -- functionpoint
[    0.135044] drivers/pci/probe.c 2298 pci_scan_slot -- functionpoint -- fn = 5, devfn = 216, fn+devfn = 221
[    0.135048] drivers/pci/probe.c 2220 next_fn -- functionpoint
[    0.135048] drivers/pci/probe.c 2196 pci_scan_single_device -- functionpoint
[    0.135049] drivers/pci/search.c 206 pci_get_slot -- functionpoint
[    0.135051] drivers/pci/search.c 215 pci_get_slot return value is NULL -- functionpoint
[    0.135053] drivers/pci/probe.c 2035 pci_scan_device -- functionpoint
[    0.135054] drivers/pci/probe.c 2009 pci_bus_read_dev_vendor_id -- functionpoint
[    0.135069] drivers/pci/probe.c 2298 pci_scan_slot -- functionpoint -- fn = 6, devfn = 216, fn+devfn = 222
[    0.135073] drivers/pci/probe.c 2220 next_fn -- functionpoint
[    0.135073] drivers/pci/probe.c 2196 pci_scan_single_device -- functionpoint
[    0.135074] drivers/pci/search.c 206 pci_get_slot -- functionpoint
[    0.135076] drivers/pci/search.c 215 pci_get_slot return value is NULL -- functionpoint
[    0.135078] drivers/pci/probe.c 2035 pci_scan_device -- functionpoint
[    0.135079] drivers/pci/probe.c 2009 pci_bus_read_dev_vendor_id -- functionpoint
[    0.135094] drivers/pci/probe.c 2298 pci_scan_slot -- functionpoint -- fn = 7, devfn = 216, fn+devfn = 223
[    0.135098] drivers/pci/probe.c 2220 next_fn -- functionpoint
[    0.135098] drivers/pci/probe.c 2281 pci_scan_slot -- functionpoint
[    0.135100] drivers/pci/probe.c 2196 pci_scan_single_device -- functionpoint
[    0.135101] drivers/pci/search.c 206 pci_get_slot -- functionpoint
[    0.135103] drivers/pci/search.c 215 pci_get_slot return value is NULL -- functionpoint
[    0.135104] drivers/pci/probe.c 2035 pci_scan_device -- functionpoint
[    0.135106] drivers/pci/probe.c 2009 pci_bus_read_dev_vendor_id -- functionpoint
[    0.135114] drivers/pci/probe.c 2048 pci_scan_device -- functionpoint -- dev_vendor: 8086, dev_device: a33e
[    0.135117] drivers/pci/probe.c 1453 pci_setup_device -- functionpoint
[    0.135130] pci 0000:00:1c.0: [8086:a33e] type 01 class 0x060400
[    0.135133] pci 0000:00:1c.0: drivers/pci/probe.c 1482 pci_setup_device functionpoint -- [8086:a33e] type 01 class 0x060400 multifunction 01
[    0.135152] drivers/pci/probe.c 1566 pci_setup_device switch case PCI_HEADER_TYPE_BRIDGE -- functionpoint
[    0.135197] drivers/pci/probe.c 2145 pci_device_add -- functionpoint
[    0.135280] pci 0000:00:1c.0: PME# supported from D0 D3hot D3cold
[    0.135316] pci 0000:00:1c.0: PTM enabled (root), 4dns granularity
[    0.136396] drivers/pci/probe.c 2288 pci_scan_slot -- functionpoint -- fn = 0, devfn = 224, fn+devfn = 224
[    0.136399] drivers/pci/probe.c 2220 next_fn -- functionpoint
[    0.136399] drivers/pci/probe.c 2196 pci_scan_single_device -- functionpoint
[    0.136401] drivers/pci/search.c 206 pci_get_slot -- functionpoint
[    0.136402] drivers/pci/search.c 215 pci_get_slot return value is NULL -- functionpoint
[    0.136404] drivers/pci/probe.c 2035 pci_scan_device -- functionpoint
[    0.136406] drivers/pci/probe.c 2009 pci_bus_read_dev_vendor_id -- functionpoint
[    0.136415] drivers/pci/probe.c 2298 pci_scan_slot -- functionpoint -- fn = 1, devfn = 224, fn+devfn = 225
[    0.136418] drivers/pci/probe.c 2220 next_fn -- functionpoint
[    0.136418] drivers/pci/probe.c 2196 pci_scan_single_device -- functionpoint
[    0.136420] drivers/pci/search.c 206 pci_get_slot -- functionpoint
[    0.136421] drivers/pci/search.c 215 pci_get_slot return value is NULL -- functionpoint
[    0.136423] drivers/pci/probe.c 2035 pci_scan_device -- functionpoint
[    0.136425] drivers/pci/probe.c 2009 pci_bus_read_dev_vendor_id -- functionpoint
[    0.136440] drivers/pci/probe.c 2298 pci_scan_slot -- functionpoint -- fn = 2, devfn = 224, fn+devfn = 226
[    0.136443] drivers/pci/probe.c 2220 next_fn -- functionpoint
[    0.136444] drivers/pci/probe.c 2196 pci_scan_single_device -- functionpoint
[    0.136445] drivers/pci/search.c 206 pci_get_slot -- functionpoint
[    0.136447] drivers/pci/search.c 215 pci_get_slot return value is NULL -- functionpoint
[    0.136448] drivers/pci/probe.c 2035 pci_scan_device -- functionpoint
[    0.136450] drivers/pci/probe.c 2009 pci_bus_read_dev_vendor_id -- functionpoint
[    0.136459] drivers/pci/probe.c 2298 pci_scan_slot -- functionpoint -- fn = 3, devfn = 224, fn+devfn = 227
[    0.136462] drivers/pci/probe.c 2220 next_fn -- functionpoint
[    0.136462] drivers/pci/probe.c 2196 pci_scan_single_device -- functionpoint
[    0.136464] drivers/pci/search.c 206 pci_get_slot -- functionpoint
[    0.136465] drivers/pci/search.c 215 pci_get_slot return value is NULL -- functionpoint
[    0.136467] drivers/pci/probe.c 2035 pci_scan_device -- functionpoint
[    0.136469] drivers/pci/probe.c 2009 pci_bus_read_dev_vendor_id -- functionpoint
[    0.136484] drivers/pci/probe.c 2298 pci_scan_slot -- functionpoint -- fn = 4, devfn = 224, fn+devfn = 228
[    0.136487] drivers/pci/probe.c 2220 next_fn -- functionpoint
[    0.136487] drivers/pci/probe.c 2196 pci_scan_single_device -- functionpoint
[    0.136489] drivers/pci/search.c 206 pci_get_slot -- functionpoint
[    0.136490] drivers/pci/search.c 215 pci_get_slot return value is NULL -- functionpoint
[    0.136492] drivers/pci/probe.c 2035 pci_scan_device -- functionpoint
[    0.136494] drivers/pci/probe.c 2009 pci_bus_read_dev_vendor_id -- functionpoint
[    0.136509] drivers/pci/probe.c 2298 pci_scan_slot -- functionpoint -- fn = 5, devfn = 224, fn+devfn = 229
[    0.136512] drivers/pci/probe.c 2220 next_fn -- functionpoint
[    0.136512] drivers/pci/probe.c 2196 pci_scan_single_device -- functionpoint
[    0.136514] drivers/pci/search.c 206 pci_get_slot -- functionpoint
[    0.136515] drivers/pci/search.c 215 pci_get_slot return value is NULL -- functionpoint
[    0.136517] drivers/pci/probe.c 2035 pci_scan_device -- functionpoint
[    0.136519] drivers/pci/probe.c 2009 pci_bus_read_dev_vendor_id -- functionpoint
[    0.136534] drivers/pci/probe.c 2298 pci_scan_slot -- functionpoint -- fn = 6, devfn = 224, fn+devfn = 230
[    0.136537] drivers/pci/probe.c 2220 next_fn -- functionpoint
[    0.136537] drivers/pci/probe.c 2196 pci_scan_single_device -- functionpoint
[    0.136539] drivers/pci/search.c 206 pci_get_slot -- functionpoint
[    0.136540] drivers/pci/search.c 215 pci_get_slot return value is NULL -- functionpoint
[    0.136542] drivers/pci/probe.c 2035 pci_scan_device -- functionpoint
[    0.136544] drivers/pci/probe.c 2009 pci_bus_read_dev_vendor_id -- functionpoint
[    0.136552] drivers/pci/probe.c 2298 pci_scan_slot -- functionpoint -- fn = 7, devfn = 224, fn+devfn = 231
[    0.136556] drivers/pci/probe.c 2220 next_fn -- functionpoint
[    0.136556] drivers/pci/probe.c 2281 pci_scan_slot -- functionpoint
[    0.136557] drivers/pci/probe.c 2196 pci_scan_single_device -- functionpoint
[    0.136559] drivers/pci/search.c 206 pci_get_slot -- functionpoint
[    0.136560] drivers/pci/search.c 215 pci_get_slot return value is NULL -- functionpoint
[    0.136562] drivers/pci/probe.c 2035 pci_scan_device -- functionpoint
[    0.136564] drivers/pci/probe.c 2009 pci_bus_read_dev_vendor_id -- functionpoint
[    0.136578] drivers/pci/probe.c 2288 pci_scan_slot -- functionpoint -- fn = 0, devfn = 232, fn+devfn = 232
[    0.136581] drivers/pci/probe.c 2281 pci_scan_slot -- functionpoint
[    0.136581] drivers/pci/probe.c 2196 pci_scan_single_device -- functionpoint
[    0.136583] drivers/pci/search.c 206 pci_get_slot -- functionpoint
[    0.136584] drivers/pci/search.c 215 pci_get_slot return value is NULL -- functionpoint
[    0.136586] drivers/pci/probe.c 2035 pci_scan_device -- functionpoint
[    0.136588] drivers/pci/probe.c 2009 pci_bus_read_dev_vendor_id -- functionpoint
[    0.136596] drivers/pci/probe.c 2288 pci_scan_slot -- functionpoint -- fn = 0, devfn = 240, fn+devfn = 240
[    0.136600] drivers/pci/probe.c 2281 pci_scan_slot -- functionpoint
[    0.136600] drivers/pci/probe.c 2196 pci_scan_single_device -- functionpoint
[    0.136602] drivers/pci/search.c 206 pci_get_slot -- functionpoint
[    0.136603] drivers/pci/search.c 215 pci_get_slot return value is NULL -- functionpoint
[    0.136605] drivers/pci/probe.c 2035 pci_scan_device -- functionpoint
[    0.136606] drivers/pci/probe.c 2009 pci_bus_read_dev_vendor_id -- functionpoint
[    0.136615] drivers/pci/probe.c 2048 pci_scan_device -- functionpoint -- dev_vendor: 8086, dev_device: a306
[    0.136618] drivers/pci/probe.c 1453 pci_setup_device -- functionpoint
[    0.136625] pci 0000:00:1f.0: [8086:a306] type 00 class 0x060100
[    0.136627] pci 0000:00:1f.0: drivers/pci/probe.c 1482 pci_setup_device functionpoint -- [8086:a306] type 00 class 0x060100 multifunction 01
[    0.136637] drivers/pci/probe.c 1513 pci_setup_device  switch case PCI_HEADER_TYPE_NORMAL -- functionpoint
[    0.136713] drivers/pci/probe.c 2145 pci_device_add -- functionpoint
[    0.137752] drivers/pci/probe.c 2288 pci_scan_slot -- functionpoint -- fn = 0, devfn = 248, fn+devfn = 248
[    0.137756] drivers/pci/probe.c 2220 next_fn -- functionpoint
[    0.137756] drivers/pci/probe.c 2196 pci_scan_single_device -- functionpoint
[    0.137758] drivers/pci/search.c 206 pci_get_slot -- functionpoint
[    0.137759] drivers/pci/search.c 215 pci_get_slot return value is NULL -- functionpoint
[    0.137761] drivers/pci/probe.c 2035 pci_scan_device -- functionpoint
[    0.137763] drivers/pci/probe.c 2009 pci_bus_read_dev_vendor_id -- functionpoint
[    0.137774] drivers/pci/probe.c 2298 pci_scan_slot -- functionpoint -- fn = 1, devfn = 248, fn+devfn = 249
[    0.137777] drivers/pci/probe.c 2220 next_fn -- functionpoint
[    0.137778] drivers/pci/probe.c 2196 pci_scan_single_device -- functionpoint
[    0.137779] drivers/pci/search.c 206 pci_get_slot -- functionpoint
[    0.137781] drivers/pci/search.c 215 pci_get_slot return value is NULL -- functionpoint
[    0.137782] drivers/pci/probe.c 2035 pci_scan_device -- functionpoint
[    0.137784] drivers/pci/probe.c 2009 pci_bus_read_dev_vendor_id -- functionpoint
[    0.137799] drivers/pci/probe.c 2298 pci_scan_slot -- functionpoint -- fn = 2, devfn = 248, fn+devfn = 250
[    0.137802] drivers/pci/probe.c 2220 next_fn -- functionpoint
[    0.137803] drivers/pci/probe.c 2196 pci_scan_single_device -- functionpoint
[    0.137804] drivers/pci/search.c 206 pci_get_slot -- functionpoint
[    0.137806] drivers/pci/search.c 215 pci_get_slot return value is NULL -- functionpoint
[    0.137807] drivers/pci/probe.c 2035 pci_scan_device -- functionpoint
[    0.137809] drivers/pci/probe.c 2009 pci_bus_read_dev_vendor_id -- functionpoint
[    0.137820] drivers/pci/probe.c 2048 pci_scan_device -- functionpoint -- dev_vendor: 8086, dev_device: a348
[    0.137823] drivers/pci/probe.c 1453 pci_setup_device -- functionpoint
[    0.137849] pci 0000:00:1f.3: [8086:a348] type 00 class 0x040300
[    0.137852] pci 0000:00:1f.3: drivers/pci/probe.c 1482 pci_setup_device functionpoint -- [8086:a348] type 00 class 0x040300 multifunction 00
[    0.137885] drivers/pci/probe.c 1513 pci_setup_device  switch case PCI_HEADER_TYPE_NORMAL -- functionpoint
[    0.137927] pci 0000:00:1f.3: reg 0x10: [mem 0x4000100000-0x4000103fff 64bit]
[    0.137992] pci 0000:00:1f.3: reg 0x20: [mem 0x4000000000-0x40000fffff 64bit]
[    0.138018] drivers/pci/probe.c 2145 pci_device_add -- functionpoint
[    0.138127] pci 0000:00:1f.3: PME# supported from D3hot D3cold
[    0.139265] drivers/pci/probe.c 2298 pci_scan_slot -- functionpoint -- fn = 3, devfn = 248, fn+devfn = 251
[    0.139268] drivers/pci/probe.c 2220 next_fn -- functionpoint
[    0.139268] drivers/pci/probe.c 2196 pci_scan_single_device -- functionpoint
[    0.139269] drivers/pci/search.c 206 pci_get_slot -- functionpoint
[    0.139271] drivers/pci/search.c 215 pci_get_slot return value is NULL -- functionpoint
[    0.139273] drivers/pci/probe.c 2035 pci_scan_device -- functionpoint
[    0.139275] drivers/pci/probe.c 2009 pci_bus_read_dev_vendor_id -- functionpoint
[    0.139287] drivers/pci/probe.c 2048 pci_scan_device -- functionpoint -- dev_vendor: 8086, dev_device: a323
[    0.139290] drivers/pci/probe.c 1453 pci_setup_device -- functionpoint
[    0.139310] pci 0000:00:1f.4: [8086:a323] type 00 class 0x0c0500
[    0.139313] pci 0000:00:1f.4: drivers/pci/probe.c 1482 pci_setup_device functionpoint -- [8086:a323] type 00 class 0x0c0500 multifunction 00
[    0.139338] drivers/pci/probe.c 1513 pci_setup_device  switch case PCI_HEADER_TYPE_NORMAL -- functionpoint
[    0.139385] pci 0000:00:1f.4: reg 0x10: [mem 0x4000104000-0x40001040ff 64bit]
[    0.139446] pci 0000:00:1f.4: reg 0x20: [io  0xefa0-0xefbf]
[    0.139466] drivers/pci/probe.c 2145 pci_device_add -- functionpoint
[    0.140516] drivers/pci/probe.c 2298 pci_scan_slot -- functionpoint -- fn = 4, devfn = 248, fn+devfn = 252
[    0.140520] drivers/pci/probe.c 2220 next_fn -- functionpoint
[    0.140520] drivers/pci/probe.c 2196 pci_scan_single_device -- functionpoint
[    0.140521] drivers/pci/search.c 206 pci_get_slot -- functionpoint
[    0.140523] drivers/pci/search.c 215 pci_get_slot return value is NULL -- functionpoint
[    0.140525] drivers/pci/probe.c 2035 pci_scan_device -- functionpoint
[    0.140527] drivers/pci/probe.c 2009 pci_bus_read_dev_vendor_id -- functionpoint
[    0.140539] drivers/pci/probe.c 2048 pci_scan_device -- functionpoint -- dev_vendor: 8086, dev_device: a324
[    0.140543] drivers/pci/probe.c 1453 pci_setup_device -- functionpoint
[    0.140548] pci 0000:00:1f.5: [8086:a324] type 00 class 0x0c8000
[    0.140551] pci 0000:00:1f.5: drivers/pci/probe.c 1482 pci_setup_device functionpoint -- [8086:a324] type 00 class 0x0c8000 multifunction 00
[    0.140561] drivers/pci/probe.c 1513 pci_setup_device  switch case PCI_HEADER_TYPE_NORMAL -- functionpoint
[    0.140571] pci 0000:00:1f.5: reg 0x10: [mem 0xfe010000-0xfe010fff]
[    0.140628] drivers/pci/probe.c 2145 pci_device_add -- functionpoint
[    0.141630] drivers/pci/probe.c 2298 pci_scan_slot -- functionpoint -- fn = 5, devfn = 248, fn+devfn = 253
[    0.141633] drivers/pci/probe.c 2220 next_fn -- functionpoint
[    0.141633] drivers/pci/probe.c 2196 pci_scan_single_device -- functionpoint
[    0.141635] drivers/pci/search.c 206 pci_get_slot -- functionpoint
[    0.141637] drivers/pci/search.c 215 pci_get_slot return value is NULL -- functionpoint
[    0.141638] drivers/pci/probe.c 2035 pci_scan_device -- functionpoint
[    0.141640] drivers/pci/probe.c 2009 pci_bus_read_dev_vendor_id -- functionpoint
[    0.141646] drivers/pci/probe.c 2048 pci_scan_device -- functionpoint -- dev_vendor: 8086, dev_device: 15bb
[    0.141649] drivers/pci/probe.c 1453 pci_setup_device -- functionpoint
[    0.141671] pci 0000:00:1f.6: [8086:15bb] type 00 class 0x020000
[    0.141674] pci 0000:00:1f.6: drivers/pci/probe.c 1482 pci_setup_device functionpoint -- [8086:15bb] type 00 class 0x020000 multifunction 00
[    0.141689] drivers/pci/search.c 206 pci_get_slot -- functionpoint
[    0.141702] drivers/pci/probe.c 1513 pci_setup_device  switch case PCI_HEADER_TYPE_NORMAL -- functionpoint
[    0.141734] pci 0000:00:1f.6: reg 0x10: [mem 0xf1200000-0xf121ffff]
[    0.141850] drivers/pci/probe.c 2145 pci_device_add -- functionpoint
[    0.141921] pci 0000:00:1f.6: PME# supported from D0 D3hot D3cold
[    0.142934] drivers/pci/probe.c 2298 pci_scan_slot -- functionpoint -- fn = 6, devfn = 248, fn+devfn = 254
[    0.142936] drivers/pci/probe.c 2220 next_fn -- functionpoint
[    0.142937] drivers/pci/probe.c 2196 pci_scan_single_device -- functionpoint
[    0.142938] drivers/pci/search.c 206 pci_get_slot -- functionpoint
[    0.142940] drivers/pci/search.c 215 pci_get_slot return value is NULL -- functionpoint
[    0.142942] drivers/pci/probe.c 2035 pci_scan_device -- functionpoint
[    0.142943] drivers/pci/probe.c 2009 pci_bus_read_dev_vendor_id -- functionpoint
[    0.142952] drivers/pci/probe.c 2298 pci_scan_slot -- functionpoint -- fn = 7, devfn = 248, fn+devfn = 255
[    0.142955] drivers/pci/probe.c 2220 next_fn -- functionpoint
[    0.142956] drivers/pci/probe.c 463 pci_read_bridge_bases -- functionpoint
[    0.142957] drivers/pci/probe.c 1002 pci_scan_bridge_extend -- functionpoint
[    0.142961] pci 0000:00:1b.0: drivers/pci/probe.c 1016 pci_scan_bridge_extend -- functionpoint -- scanning [bus 01-01] behind bridge, pass 0
[    0.142969] drivers/pci/search.c 144 pci_find_bus -- functionpoint
[    0.142969] drivers/pci/search.c 145 pci_find_bus functionpoint -- domain_num = 0, bus_num = 1
[    0.142972] drivers/pci/search.c 176 pci_find_next_bus -- functionpoint
[    0.142973] drivers/pci/search.c 176 pci_find_next_bus -- functionpoint
[    0.142974] drivers/pci/search.c 157 pci_find_bus not found bus -- functionpoint
[    0.143030] drivers/pci/probe.c 2009 pci_bus_read_dev_vendor_id -- functionpoint
[    0.143042] drivers/pci/probe.c 2497 pci_scan_child_bus_extend -- functionpoint
[    0.143045] pci_bus 0000:01: drivers/pci/probe.c 2501 pci_scan_child_bus_extend-- functionpoint -- scanning bus
[    0.143048] drivers/pci/probe.c 2281 pci_scan_slot -- functionpoint
[    0.143048] drivers/pci/probe.c 2196 pci_scan_single_device -- functionpoint
[    0.143050] drivers/pci/search.c 206 pci_get_slot -- functionpoint
[    0.143051] drivers/pci/search.c 215 pci_get_slot return value is NULL -- functionpoint
[    0.143053] drivers/pci/probe.c 2035 pci_scan_device -- functionpoint
[    0.143055] drivers/pci/probe.c 2009 pci_bus_read_dev_vendor_id -- functionpoint
[    0.143058] drivers/pci/probe.c 2048 pci_scan_device -- functionpoint -- dev_vendor: 1c5c, dev_device: 1339
[    0.143061] drivers/pci/probe.c 1453 pci_setup_device -- functionpoint
[    0.143079] pci 0000:01:00.0: [1c5c:1339] type 00 class 0x010802
[    0.143081] pci 0000:01:00.0: drivers/pci/probe.c 1482 pci_setup_device functionpoint -- [1c5c:1339] type 00 class 0x010802 multifunction 00
[    0.143106] drivers/pci/probe.c 1513 pci_setup_device  switch case PCI_HEADER_TYPE_NORMAL -- functionpoint
[    0.143128] pci 0000:01:00.0: reg 0x10: [mem 0xf1100000-0xf1103fff 64bit]
[    0.143187] drivers/pci/probe.c 2145 pci_device_add -- functionpoint
[    0.143289] pci 0000:01:00.0: supports D1
[    0.143292] pci 0000:01:00.0: PME# supported from D0 D1 D3hot
[    0.143378] drivers/pci/probe.c 2288 pci_scan_slot -- functionpoint -- fn = 0, devfn = 0, fn+devfn = 0
[    0.143380] drivers/pci/probe.c 2220 next_fn -- functionpoint
[    0.152070] drivers/pci/probe.c 2281 pci_scan_slot -- functionpoint
[    0.152072] drivers/pci/probe.c 2281 pci_scan_slot -- functionpoint
[    0.152073] drivers/pci/probe.c 2281 pci_scan_slot -- functionpoint
[    0.152075] drivers/pci/probe.c 2281 pci_scan_slot -- functionpoint
[    0.152076] drivers/pci/probe.c 2281 pci_scan_slot -- functionpoint
[    0.152078] drivers/pci/probe.c 2281 pci_scan_slot -- functionpoint
[    0.152079] drivers/pci/probe.c 2281 pci_scan_slot -- functionpoint
[    0.152081] drivers/pci/probe.c 2281 pci_scan_slot -- functionpoint
[    0.152082] drivers/pci/probe.c 2281 pci_scan_slot -- functionpoint
[    0.152084] drivers/pci/probe.c 2281 pci_scan_slot -- functionpoint
[    0.152085] drivers/pci/probe.c 2281 pci_scan_slot -- functionpoint
[    0.152087] drivers/pci/probe.c 2281 pci_scan_slot -- functionpoint
[    0.152088] drivers/pci/probe.c 2281 pci_scan_slot -- functionpoint
[    0.152090] drivers/pci/probe.c 2281 pci_scan_slot -- functionpoint
[    0.152091] drivers/pci/probe.c 2281 pci_scan_slot -- functionpoint
[    0.152092] drivers/pci/probe.c 2281 pci_scan_slot -- functionpoint
[    0.152094] drivers/pci/probe.c 2281 pci_scan_slot -- functionpoint
[    0.152095] drivers/pci/probe.c 2281 pci_scan_slot -- functionpoint
[    0.152097] drivers/pci/probe.c 2281 pci_scan_slot -- functionpoint
[    0.152098] drivers/pci/probe.c 2281 pci_scan_slot -- functionpoint
[    0.152100] drivers/pci/probe.c 2281 pci_scan_slot -- functionpoint
[    0.152101] drivers/pci/probe.c 2281 pci_scan_slot -- functionpoint
[    0.152103] drivers/pci/probe.c 2281 pci_scan_slot -- functionpoint
[    0.152104] drivers/pci/probe.c 2281 pci_scan_slot -- functionpoint
[    0.152106] drivers/pci/probe.c 2281 pci_scan_slot -- functionpoint
[    0.152107] drivers/pci/probe.c 2281 pci_scan_slot -- functionpoint
[    0.152109] drivers/pci/probe.c 2281 pci_scan_slot -- functionpoint
[    0.152110] drivers/pci/probe.c 2281 pci_scan_slot -- functionpoint
[    0.152112] drivers/pci/probe.c 2281 pci_scan_slot -- functionpoint
[    0.152113] drivers/pci/probe.c 2281 pci_scan_slot -- functionpoint
[    0.152115] drivers/pci/probe.c 2281 pci_scan_slot -- functionpoint
[    0.152116] drivers/pci/probe.c 463 pci_read_bridge_bases -- functionpoint
[    0.152119] pci 0000:00:1b.0: PCI bridge to [bus 01]
[    0.152132] pci 0000:00:1b.0:   bridge window [mem 0xf1100000-0xf11fffff]
[    0.152139] pci_bus 0000:01: drivers/pci/probe.c 2599 pci_scan_child_bus_extend -- functionpoint -- bus scan returning with max=01
[    0.152143] drivers/pci/probe.c 1002 pci_scan_bridge_extend -- functionpoint
[    0.152146] pci 0000:00:1c.0: drivers/pci/probe.c 1016 pci_scan_bridge_extend -- functionpoint -- scanning [bus 02-03] behind bridge, pass 0
[    0.152153] drivers/pci/search.c 144 pci_find_bus -- functionpoint
[    0.152154] drivers/pci/search.c 145 pci_find_bus functionpoint -- domain_num = 0, bus_num = 2
[    0.152157] drivers/pci/search.c 176 pci_find_next_bus -- functionpoint
[    0.152157] drivers/pci/search.c 176 pci_find_next_bus -- functionpoint
[    0.152159] drivers/pci/search.c 157 pci_find_bus not found bus -- functionpoint
[    0.152212] drivers/pci/probe.c 2009 pci_bus_read_dev_vendor_id -- functionpoint
[    0.152226] drivers/pci/probe.c 2497 pci_scan_child_bus_extend -- functionpoint
[    0.152229] pci_bus 0000:02: drivers/pci/probe.c 2501 pci_scan_child_bus_extend-- functionpoint -- scanning bus
[    0.152232] drivers/pci/probe.c 2281 pci_scan_slot -- functionpoint
[    0.152232] drivers/pci/probe.c 2196 pci_scan_single_device -- functionpoint
[    0.152234] drivers/pci/search.c 206 pci_get_slot -- functionpoint
[    0.152236] drivers/pci/search.c 215 pci_get_slot return value is NULL -- functionpoint
[    0.152237] drivers/pci/probe.c 2035 pci_scan_device -- functionpoint
[    0.152239] drivers/pci/probe.c 2009 pci_bus_read_dev_vendor_id -- functionpoint
[    0.152252] drivers/pci/probe.c 2048 pci_scan_device -- functionpoint -- dev_vendor: 1283, dev_device: 8893
[    0.152255] drivers/pci/probe.c 1453 pci_setup_device -- functionpoint
[    0.152293] pci 0000:02:00.0: [1283:8893] type 01 class 0x060401
[    0.152296] pci 0000:02:00.0: drivers/pci/probe.c 1482 pci_setup_device functionpoint -- [1283:8893] type 01 class 0x060401 multifunction 00
[    0.152352] drivers/pci/probe.c 1566 pci_setup_device switch case PCI_HEADER_TYPE_BRIDGE -- functionpoint
[    0.152543] drivers/pci/probe.c 2145 pci_device_add -- functionpoint
[    0.152713] pci 0000:02:00.0: supports D1 D2
[    0.152716] pci 0000:02:00.0: PME# supported from D0 D1 D2 D3hot D3cold
[    0.152830] drivers/pci/probe.c 2288 pci_scan_slot -- functionpoint -- fn = 0, devfn = 0, fn+devfn = 0
[    0.152833] drivers/pci/probe.c 2220 next_fn -- functionpoint
[    0.152841] drivers/pci/probe.c 2281 pci_scan_slot -- functionpoint
[    0.152843] drivers/pci/probe.c 2281 pci_scan_slot -- functionpoint
[    0.152844] drivers/pci/probe.c 2281 pci_scan_slot -- functionpoint
[    0.152846] drivers/pci/probe.c 2281 pci_scan_slot -- functionpoint
[    0.152847] drivers/pci/probe.c 2281 pci_scan_slot -- functionpoint
[    0.152849] drivers/pci/probe.c 2281 pci_scan_slot -- functionpoint
[    0.152850] drivers/pci/probe.c 2281 pci_scan_slot -- functionpoint
[    0.152852] drivers/pci/probe.c 2281 pci_scan_slot -- functionpoint
[    0.152853] drivers/pci/probe.c 2281 pci_scan_slot -- functionpoint
[    0.152855] drivers/pci/probe.c 2281 pci_scan_slot -- functionpoint
[    0.152856] drivers/pci/probe.c 2281 pci_scan_slot -- functionpoint
[    0.152858] drivers/pci/probe.c 2281 pci_scan_slot -- functionpoint
[    0.152859] drivers/pci/probe.c 2281 pci_scan_slot -- functionpoint
[    0.152860] drivers/pci/probe.c 2281 pci_scan_slot -- functionpoint
[    0.152862] drivers/pci/probe.c 2281 pci_scan_slot -- functionpoint
[    0.152863] drivers/pci/probe.c 2281 pci_scan_slot -- functionpoint
[    0.152865] drivers/pci/probe.c 2281 pci_scan_slot -- functionpoint
[    0.152866] drivers/pci/probe.c 2281 pci_scan_slot -- functionpoint
[    0.152868] drivers/pci/probe.c 2281 pci_scan_slot -- functionpoint
[    0.152869] drivers/pci/probe.c 2281 pci_scan_slot -- functionpoint
[    0.152871] drivers/pci/probe.c 2281 pci_scan_slot -- functionpoint
[    0.152872] drivers/pci/probe.c 2281 pci_scan_slot -- functionpoint
[    0.152874] drivers/pci/probe.c 2281 pci_scan_slot -- functionpoint
[    0.152875] drivers/pci/probe.c 2281 pci_scan_slot -- functionpoint
[    0.152877] drivers/pci/probe.c 2281 pci_scan_slot -- functionpoint
[    0.152878] drivers/pci/probe.c 2281 pci_scan_slot -- functionpoint
[    0.152880] drivers/pci/probe.c 2281 pci_scan_slot -- functionpoint
[    0.152881] drivers/pci/probe.c 2281 pci_scan_slot -- functionpoint
[    0.152883] drivers/pci/probe.c 2281 pci_scan_slot -- functionpoint
[    0.152884] drivers/pci/probe.c 2281 pci_scan_slot -- functionpoint
[    0.152886] drivers/pci/probe.c 2281 pci_scan_slot -- functionpoint
[    0.152887] drivers/pci/probe.c 463 pci_read_bridge_bases -- functionpoint
[    0.152889] pci 0000:00:1c.0: PCI bridge to [bus 02-03]
[    0.152899] pci 0000:00:1c.0:   bridge window [io  0x3000-0x3fff]
[    0.152903] pci 0000:00:1c.0:   bridge window [mem 0xf1000000-0xf10fffff]
[    0.152909] drivers/pci/probe.c 1002 pci_scan_bridge_extend -- functionpoint
[    0.152913] pci 0000:02:00.0: drivers/pci/probe.c 1016 pci_scan_bridge_extend -- functionpoint -- scanning [bus 03-03] behind bridge, pass 0
[    0.152922] drivers/pci/search.c 144 pci_find_bus -- functionpoint
[    0.152923] drivers/pci/search.c 145 pci_find_bus functionpoint -- domain_num = 0, bus_num = 3
[    0.152926] drivers/pci/search.c 176 pci_find_next_bus -- functionpoint
[    0.152926] drivers/pci/search.c 176 pci_find_next_bus -- functionpoint
[    0.152928] drivers/pci/search.c 157 pci_find_bus not found bus -- functionpoint
[    0.152981] drivers/pci/probe.c 2497 pci_scan_child_bus_extend -- functionpoint
[    0.152983] pci_bus 0000:03: drivers/pci/probe.c 2501 pci_scan_child_bus_extend-- functionpoint -- scanning bus
[    0.152987] drivers/pci/probe.c 2281 pci_scan_slot -- functionpoint
[    0.152987] drivers/pci/probe.c 2196 pci_scan_single_device -- functionpoint
[    0.152989] drivers/pci/search.c 206 pci_get_slot -- functionpoint
[    0.152990] drivers/pci/search.c 215 pci_get_slot return value is NULL -- functionpoint
[    0.152992] drivers/pci/probe.c 2035 pci_scan_device -- functionpoint
[    0.152993] drivers/pci/probe.c 2009 pci_bus_read_dev_vendor_id -- functionpoint
[    0.153003] drivers/pci/probe.c 2048 pci_scan_device -- functionpoint -- dev_vendor: 1317, dev_device: 985
[    0.153006] drivers/pci/probe.c 1453 pci_setup_device -- functionpoint
[    0.153024] pci 0000:03:00.0: [1317:0985] type 00 class 0x020000
[    0.153026] pci 0000:03:00.0: drivers/pci/probe.c 1482 pci_setup_device functionpoint -- [1317:0985] type 00 class 0x020000 multifunction 00
