[    0.000000] microcode: microcode updated early to revision 0xde, date = 2020-05-24
[    0.000000] Linux version 4.15.9+ (root@Yee-680G4) (gcc version 5.5.0 20171010 (Ubuntu 5.5.0-12ubuntu1~16.04)) #45 SMP Wed Dec 9 17:10:53 CST 2020
[    0.000000] Command line: BOOT_IMAGE=/boot/vmlinuz-4.15.9+ root=UUID=da0e40f1-3840-43a9-b61a-7b465a7673d3 ro quiet splash vt.handoff=7
[    0.000000] KERNEL supported cpus:
[    0.000000]   Intel GenuineIntel
[    0.000000]   AMD AuthenticAMD
[    0.000000]   Centaur CentaurHauls
[    0.000000] x86/fpu: Supporting XSAVE feature 0x001: 'x87 floating point registers'
[    0.000000] x86/fpu: Supporting XSAVE feature 0x002: 'SSE registers'
[    0.000000] x86/fpu: Supporting XSAVE feature 0x004: 'AVX registers'
[    0.000000] x86/fpu: Supporting XSAVE feature 0x008: 'MPX bounds registers'
[    0.000000] x86/fpu: Supporting XSAVE feature 0x010: 'MPX CSR'
[    0.000000] x86/fpu: xstate_offset[2]:  576, xstate_sizes[2]:  256
[    0.000000] x86/fpu: xstate_offset[3]:  832, xstate_sizes[3]:   64
[    0.000000] x86/fpu: xstate_offset[4]:  896, xstate_sizes[4]:   64
[    0.000000] x86/fpu: Enabled xstate features 0x1f, context size is 960 bytes, using 'compacted' format.
[    0.000000] e820: BIOS-provided physical RAM map:
[    0.000000] BIOS-e820: [mem 0x0000000000000000-0x000000000009efff] usable
[    0.000000] BIOS-e820: [mem 0x000000000009f000-0x00000000000fffff] reserved
[    0.000000] BIOS-e820: [mem 0x0000000000100000-0x00000000be6aafff] usable
[    0.000000] BIOS-e820: [mem 0x00000000be6ab000-0x00000000bf98efff] reserved
[    0.000000] BIOS-e820: [mem 0x00000000bf98f000-0x00000000bfb8efff] ACPI NVS
[    0.000000] BIOS-e820: [mem 0x00000000bfb8f000-0x00000000bfc0efff] ACPI data
[    0.000000] BIOS-e820: [mem 0x00000000bfc0f000-0x00000000bfc0ffff] usable
[    0.000000] BIOS-e820: [mem 0x00000000bfc10000-0x00000000d47fffff] reserved
[    0.000000] BIOS-e820: [mem 0x00000000fe010000-0x00000000fe010fff] reserved
[    0.000000] BIOS-e820: [mem 0x00000000ff000000-0x00000000ffffffff] reserved
[    0.000000] BIOS-e820: [mem 0x0000000100000000-0x00000004277fffff] usable
[    0.000000] NX (Execute Disable) protection: active
[    0.000000] efi: EFI v2.60 by HP
[    0.000000] efi:  ACPI=0xbfc0e000  ACPI 2.0=0xbfc0e014  SMBIOS=0xbee75000  ESRT=0xbee76018  MEMATTR=0xaf751018 
[    0.000000] random: fast init done
[    0.000000] SMBIOS 3.1 present.
[    0.000000] DMI: HP HP ProDesk 680 G4 MT/8580, BIOS R04 Ver. 02.11.01 04/27/2020
[    0.000000] e820: update [mem 0x00000000-0x00000fff] usable ==> reserved
[    0.000000] e820: remove [mem 0x000a0000-0x000fffff] usable
[    0.000000] e820: last_pfn = 0x427800 max_arch_pfn = 0x400000000
[    0.000000] MTRR default type: write-back
[    0.000000] MTRR fixed ranges enabled:
[    0.000000]   00000-9FFFF write-back
[    0.000000]   A0000-BFFFF uncachable
[    0.000000]   C0000-FFFFF write-protect
[    0.000000] MTRR variable ranges enabled:
[    0.000000]   0 base 00E0000000 mask 7FE0000000 uncachable
[    0.000000]   1 base 00D0000000 mask 7FF0000000 uncachable
[    0.000000]   2 base 00C8000000 mask 7FF8000000 uncachable
[    0.000000]   3 base 00C4000000 mask 7FFC000000 uncachable
[    0.000000]   4 base 2000000000 mask 6000000000 uncachable
[    0.000000]   5 base 1000000000 mask 7000000000 uncachable
[    0.000000]   6 base 0800000000 mask 7800000000 uncachable
[    0.000000]   7 base 4000000000 mask 4000000000 uncachable
[    0.000000]   8 disabled
[    0.000000]   9 disabled
[    0.000000] x86/PAT: Configuration [0-7]: WB  WC  UC- UC  WB  WP  UC- WT  
[    0.000000] e820: last_pfn = 0xbfc10 max_arch_pfn = 0x400000000
[    0.000000] esrt: Reserving ESRT space from 0x00000000bee76018 to 0x00000000bee76050.
[    0.000000] Scanning 1 areas for low memory corruption
[    0.000000] Base memory trampoline at [        (ptrval)] 99000 size 24576
[    0.000000] Using GB pages for direct mapping
[    0.000000] BRK [0x1f1bfa000, 0x1f1bfafff] PGTABLE
[    0.000000] BRK [0x1f1bfb000, 0x1f1bfbfff] PGTABLE
[    0.000000] BRK [0x1f1bfc000, 0x1f1bfcfff] PGTABLE
[    0.000000] BRK [0x1f1bfd000, 0x1f1bfdfff] PGTABLE
[    0.000000] BRK [0x1f1bfe000, 0x1f1bfefff] PGTABLE
[    0.000000] BRK [0x1f1bff000, 0x1f1bfffff] PGTABLE
[    0.000000] BRK [0x1f1c00000, 0x1f1c00fff] PGTABLE
[    0.000000] BRK [0x1f1c01000, 0x1f1c01fff] PGTABLE
[    0.000000] Secure boot could not be determined
[    0.000000] RAMDISK: [mem 0x232bc000-0x3e1b0fff]
[    0.000000] ACPI: Early table checksum verification disabled
[    0.000000] ACPI: RSDP 0x00000000BFC0E014 000024 (v02 HPQOEM)
[    0.000000] ACPI: XSDT 0x00000000BFBC7188 0000DC (v01 HPQOEM SLIC-BPC 00000000 INTL 20160422)
[    0.000000] ACPI: FACP 0x00000000BFC08000 000114 (v06 HPQOEM SLIC-BPC 00000000 HP   00000001)
[    0.000000] ACPI: DSDT 0x00000000BFBE5000 01E092 (v02 HPQOEM 8580     00000000 INTL 20160527)
[    0.000000] ACPI: FACS 0x00000000BFB3F000 000040
[    0.000000] ACPI: SSDT 0x00000000BFC0C000 00012A (v02 HP     ShmTable 00000001 INTL 20160527)
[    0.000000] ACPI: SSDT 0x00000000BFC0A000 001B5F (v02 CpuRef CpuSsdt  00003000 INTL 20160527)
[    0.000000] ACPI: SSDT 0x00000000BFC09000 0009CF (v02 CtdpB  CtdpB    00001000 INTL 20160527)
[    0.000000] ACPI: HPET 0x00000000BFC07000 000038 (v01 HPQOEM 8580     00000001 HP   00000001)
[    0.000000] ACPI: APIC 0x00000000BFC06000 00012C (v03 HPQOEM 8580     00000001 HP   00000001)
[    0.000000] ACPI: MCFG 0x00000000BFC05000 00003C (v01 HPQOEM 8580     00000001 HP   00000001)
[    0.000000] ACPI: WSMT 0x00000000BFC04000 000028 (v01 HPQOEM 8580     00000001 HP   00000001)
[    0.000000] ACPI: SSDT 0x00000000BFBE4000 000734 (v01 HPQOEM PtidDevc 00001000 INTL 20160527)
[    0.000000] ACPI: SSDT 0x00000000BFBE3000 000B27 (v02 HPQOEM HP_XHC_P 00000000 INTL 20160527)
[    0.000000] ACPI: SSDT 0x00000000BFBDF000 0030ED (v02 SaSsdt SaSsdt   00003000 INTL 20160527)
[    0.000000] ACPI: LPIT 0x00000000BFBDE000 000094 (v01 INTEL  CFL      20170001 INTL 20160422)
[    0.000000] ACPI: WSMT 0x00000000BFBDD000 000028 (v01 INTEL  CFL      20170001 INTL 20160422)
[    0.000000] ACPI: SSDT 0x00000000BFBDC000 00044C (v02 INTEL  Wwan     00000001 INTL 20160527)
[    0.000000] ACPI: UEFI 0x00000000BFB39000 000042 (v01 INTEL  CFL      20170001 INTL 20160422)
[    0.000000] ACPI: OEML 0x00000000BFBDB000 000028 (v03 INTEL  CFL      20170001 INTL 20160422)
[    0.000000] ACPI: DMAR 0x00000000BFBDA000 0000C8 (v01 INTEL  CFL      00000002      01000013)
[    0.000000] ACPI: SSDT 0x00000000BFBCB000 00E899 (v01 HP     HPINDTWL 00001000 INTL 20160527)
[    0.000000] ACPI: SSDT 0x00000000BFBCA000 000032 (v01 HP     HPCONDEV 00001000 INTL 20160527)
[    0.000000] ACPI: SSDT 0x00000000BFBC9000 000069 (v01 HP     HPCAHWID 00001000 INTL 20160527)
[    0.000000] ACPI: ASF! 0x00000000BFBC8000 0000A0 (v32 HPQOEM  UYA     20170001 INTL 20160422)
[    0.000000] ACPI: FPDT 0x00000000BFC0D000 000044 (v01 INTEL  CFL      20170001 INTL 20160422)
[    0.000000] ACPI: BGRT 0x00000000BFBC6000 000038 (v01 INTEL  CFL      20170001 INTL 20160422)
[    0.000000] ACPI: Local APIC address 0xfee00000
[    0.000000] No NUMA configuration found
[    0.000000] Faking a node at [mem 0x0000000000000000-0x00000004277fffff]
[    0.000000] NODE_DATA(0) allocated [mem 0x4277d5000-0x4277fffff]
[    0.000000] Zone ranges:
[    0.000000]   DMA      [mem 0x0000000000001000-0x0000000000ffffff]
[    0.000000]   DMA32    [mem 0x0000000001000000-0x00000000ffffffff]
[    0.000000]   Normal   [mem 0x0000000100000000-0x00000004277fffff]
[    0.000000]   Device   empty
[    0.000000] Movable zone start for each node
[    0.000000] Early memory node ranges
[    0.000000]   node   0: [mem 0x0000000000001000-0x000000000009efff]
[    0.000000]   node   0: [mem 0x0000000000100000-0x00000000be6aafff]
[    0.000000]   node   0: [mem 0x00000000bfc0f000-0x00000000bfc0ffff]
[    0.000000]   node   0: [mem 0x0000000100000000-0x00000004277fffff]
[    0.000000] Initmem setup node 0 [mem 0x0000000000001000-0x00000004277fffff]
[    0.000000] On node 0 totalpages: 4087370
[    0.000000]   DMA zone: 64 pages used for memmap
[    0.000000]   DMA zone: 21 pages reserved
[    0.000000]   DMA zone: 3998 pages, LIFO batch:0
[    0.000000]   DMA32 zone: 12123 pages used for memmap
[    0.000000]   DMA32 zone: 775852 pages, LIFO batch:31
[    0.000000]   Normal zone: 51680 pages used for memmap
[    0.000000]   Normal zone: 3307520 pages, LIFO batch:31
[    0.000000] Reserved but unavailable: 99 pages
[    0.000000] tboot: non-0 tboot_addr but it is not of type E820_TYPE_RESERVED
[    0.000000] ACPI: PM-Timer IO Port: 0x1808
[    0.000000] ACPI: Local APIC address 0xfee00000
[    0.000000] ACPI: LAPIC_NMI (acpi_id[0x01] high edge lint[0x1])
[    0.000000] ACPI: LAPIC_NMI (acpi_id[0x02] high edge lint[0x1])
[    0.000000] ACPI: LAPIC_NMI (acpi_id[0x03] high edge lint[0x1])
[    0.000000] ACPI: LAPIC_NMI (acpi_id[0x04] high edge lint[0x1])
[    0.000000] ACPI: LAPIC_NMI (acpi_id[0x05] high edge lint[0x1])
[    0.000000] ACPI: LAPIC_NMI (acpi_id[0x06] high edge lint[0x1])
[    0.000000] ACPI: LAPIC_NMI (acpi_id[0x07] high edge lint[0x1])
[    0.000000] ACPI: LAPIC_NMI (acpi_id[0x08] high edge lint[0x1])
[    0.000000] ACPI: LAPIC_NMI (acpi_id[0x09] high edge lint[0x1])
[    0.000000] ACPI: LAPIC_NMI (acpi_id[0x0a] high edge lint[0x1])
[    0.000000] ACPI: LAPIC_NMI (acpi_id[0x0b] high edge lint[0x1])
[    0.000000] ACPI: LAPIC_NMI (acpi_id[0x0c] high edge lint[0x1])
[    0.000000] ACPI: LAPIC_NMI (acpi_id[0x0d] high edge lint[0x1])
[    0.000000] ACPI: LAPIC_NMI (acpi_id[0x0e] high edge lint[0x1])
[    0.000000] ACPI: LAPIC_NMI (acpi_id[0x0f] high edge lint[0x1])
[    0.000000] ACPI: LAPIC_NMI (acpi_id[0x10] high edge lint[0x1])
[    0.000000] IOAPIC[0]: apic_id 2, version 32, address 0xfec00000, GSI 0-119
[    0.000000] ACPI: INT_SRC_OVR (bus 0 bus_irq 0 global_irq 2 dfl dfl)
[    0.000000] ACPI: INT_SRC_OVR (bus 0 bus_irq 9 global_irq 9 high level)
[    0.000000] ACPI: IRQ0 used by override.
[    0.000000] ACPI: IRQ9 used by override.
[    0.000000] Using ACPI (MADT) for SMP configuration information
[    0.000000] ACPI: HPET id: 0x8086a201 base: 0xfed00000
[    0.000000] smpboot: Allowing 8 CPUs, 0 hotplug CPUs
[    0.000000] PM: Registered nosave memory: [mem 0x00000000-0x00000fff]
[    0.000000] PM: Registered nosave memory: [mem 0x0009f000-0x000fffff]
[    0.000000] PM: Registered nosave memory: [mem 0xbe6ab000-0xbf98efff]
[    0.000000] PM: Registered nosave memory: [mem 0xbf98f000-0xbfb8efff]
[    0.000000] PM: Registered nosave memory: [mem 0xbfb8f000-0xbfc0efff]
[    0.000000] PM: Registered nosave memory: [mem 0xbfc10000-0xd47fffff]
[    0.000000] PM: Registered nosave memory: [mem 0xd4800000-0xfe00ffff]
[    0.000000] PM: Registered nosave memory: [mem 0xfe010000-0xfe010fff]
[    0.000000] PM: Registered nosave memory: [mem 0xfe011000-0xfeffffff]
[    0.000000] PM: Registered nosave memory: [mem 0xff000000-0xffffffff]
[    0.000000] e820: [mem 0xd4800000-0xfe00ffff] available for PCI devices
[    0.000000] Booting paravirtualized kernel on bare hardware
[    0.000000] clocksource: refined-jiffies: mask: 0xffffffff max_cycles: 0xffffffff, max_idle_ns: 7645519600211568 ns
[    0.000000] setup_percpu: NR_CPUS:8192 nr_cpumask_bits:8 nr_cpu_ids:8 nr_node_ids:1
[    0.000000] percpu: Embedded 46 pages/cpu @        (ptrval) s151552 r8192 d28672 u262144
[    0.000000] pcpu-alloc: s151552 r8192 d28672 u262144 alloc=1*2097152
[    0.000000] pcpu-alloc: [0] 0 1 2 3 4 5 6 7 
[    0.000000] Built 1 zonelists, mobility grouping on.  Total pages: 4023482
[    0.000000] Policy zone: Normal
[    0.000000] Kernel command line: BOOT_IMAGE=/boot/vmlinuz-4.15.9+ root=UUID=da0e40f1-3840-43a9-b61a-7b465a7673d3 ro quiet splash vt.handoff=7
[    0.000000] Calgary: detecting Calgary via BIOS EBDA area
[    0.000000] Calgary: Unable to locate Rio Grande table in EBDA - bailing!
[    0.000000] Memory: 15452628K/16349480K available (12300K kernel code, 2470K rwdata, 4200K rodata, 2388K init, 3184K bss, 896852K reserved, 0K cma-reserved)
[    0.000000] SLUB: HWalign=64, Order=0-3, MinObjects=0, CPUs=8, Nodes=1
[    0.000000] ftrace: allocating 38976 entries in 153 pages
[    0.000000] Hierarchical RCU implementation.
[    0.000000] 	RCU restricting CPUs from NR_CPUS=8192 to nr_cpu_ids=8.
[    0.000000] 	Tasks RCU enabled.
[    0.000000] RCU: Adjusting geometry for rcu_fanout_leaf=16, nr_cpu_ids=8
[    0.000000] kernel/irq/irqdesc.c 486 early_irq_init -- functionpoint
[    0.000000] NR_IRQS: 524544, nr_irqs: 2048, preallocated irqs: 16
[    0.000000] kernel/irq/irqdesc.c 493 early_irq_init -- functionpoint -- NR_IRQS: 524544, nr_irqs: 2048, preallocated irqs: 16
[    0.000000] arch/x86/kernel/apic/vector.c 690 arch_early_irq_init -- functionpoint
[    0.000000] drivers/pci/msi.c 1437 pci_msi_create_irq_domain -- functionpoint
[    0.000000] kernel/irq/msi.c 272 msi_create_irq_domain -- functionpoint
[    0.000000] arch/x86/kernel/apic/msi.c 148 arch_init_msi_domain -- functionpoint -- successed to init irqdomain for MSI/MSI-X.
[    0.000000] Console: colour dummy device 80x25
[    0.000000] console [tty0] enabled
[    0.000000] ACPI: Core revision 20170831
[    0.000000] ACPI Error: [\_SB_.PCI0.XHC_.RHUB.HS11] Namespace lookup failure, AE_NOT_FOUND (20170831/dswload-210)
[    0.000000] ACPI Exception: AE_NOT_FOUND, During name lookup/catalog (20170831/psobject-252)
[    0.000000] ACPI Exception: AE_NOT_FOUND, (SSDT:HP_XHC_P) while loading table (20170831/tbxfload-228)
[    0.000000] ACPI Error: 1 table load failures, 10 successful (20170831/tbxfload-246)
[    0.000000] clocksource: hpet: mask: 0xffffffff max_cycles: 0xffffffff, max_idle_ns: 79635855245 ns
[    0.000000] hpet clockevent registered
[    0.004000] APIC: Switch to symmetric I/O mode setup
[    0.004000] DMAR: Host address width 39
[    0.004000] DMAR: DRHD base: 0x000000fed90000 flags: 0x0
[    0.004000] DMAR: dmar0: reg_base_addr fed90000 ver 1:0 cap 1c0000c40660462 ecap 19e2ff0505e
[    0.004000] DMAR: DRHD base: 0x000000fed91000 flags: 0x1
[    0.004000] DMAR: dmar1: reg_base_addr fed91000 ver 1:0 cap d2008c40660462 ecap f050da
[    0.004000] DMAR: RMRR base: 0x000000bf81d000 end: 0x000000bf83cfff
[    0.004000] DMAR: RMRR base: 0x000000c4000000 end: 0x000000d47fffff
[    0.004000] DMAR: RMRR base: 0x000000bf86e000 end: 0x000000bf8edfff
[    0.004000] DMAR-IR: IOAPIC id 2 under DRHD base  0xfed91000 IOMMU 1
[    0.004000] DMAR-IR: HPET id 0 under DRHD base 0xfed91000
[    0.004000] DMAR-IR: Queued invalidation will be enabled to support x2apic and Intr-remapping.
[    0.004000] drivers/pci/msi.c 1437 pci_msi_create_irq_domain -- functionpoint
[    0.004000] kernel/irq/msi.c 272 msi_create_irq_domain -- functionpoint
[    0.004000] drivers/pci/msi.c 1437 pci_msi_create_irq_domain -- functionpoint
[    0.004000] kernel/irq/msi.c 272 msi_create_irq_domain -- functionpoint
[    0.004000] DMAR-IR: Enabled IRQ remapping in x2apic mode
[    0.004000] x2apic enabled
[    0.004000] Switched APIC routing to cluster x2apic.
[    0.016000] kernel/irq/msi.c 272 msi_create_irq_domain -- functionpoint
[    0.016000] kernel/irq/manage.c 1748 request_threaded_irq -- functionpoint
[    0.016000] kernel/irq/manage.c 1748 request_threaded_irq -- functionpoint
[    0.016000] ..TIMER: vector=0x30 apic1=0 pin1=2 apic2=-1 pin2=-1
[    0.036000] tsc: Detected 3000.000 MHz processor
[    0.036000] Calibrating delay loop (skipped), value calculated using timer frequency.. 6000.00 BogoMIPS (lpj=12000000)
[    0.036000] pid_max: default: 32768 minimum: 301
[    0.036000] Security Framework initialized
[    0.036000] Yama: becoming mindful.
[    0.036000] AppArmor: AppArmor initialized
[    0.036000] Dentry cache hash table entries: 2097152 (order: 12, 16777216 bytes)
[    0.036000] Inode-cache hash table entries: 1048576 (order: 11, 8388608 bytes)
[    0.036000] Mount-cache hash table entries: 32768 (order: 6, 262144 bytes)
[    0.036000] Mountpoint-cache hash table entries: 32768 (order: 6, 262144 bytes)
[    0.036000] CPU: Physical Processor ID: 0
[    0.036000] CPU: Processor Core ID: 0
[    0.036000] ENERGY_PERF_BIAS: Set to 'normal', was 'performance'
[    0.036000] ENERGY_PERF_BIAS: View and update with x86_energy_perf_policy(8)
[    0.036000] mce: CPU supports 14 MCE banks
[    0.036000] CPU0: Thermal monitoring enabled (TM1)
[    0.036000] process: using mwait in idle threads
[    0.036000] Last level iTLB entries: 4KB 128, 2MB 8, 4MB 8
[    0.036000] Last level dTLB entries: 4KB 64, 2MB 0, 4MB 0, 1GB 4
[    0.036000] Spectre V2 : Mitigation: Full generic retpoline
[    0.036000] Spectre V2 : Spectre v2 mitigation: Filling RSB on context switch
[    0.036000] Spectre V2 : Spectre v2 mitigation: Enabling Indirect Branch Prediction Barrier
[    0.036000] Freeing SMP alternatives memory: 36K
[    0.043015] TSC deadline timer enabled
[    0.043026] smpboot: CPU0: Intel(R) Core(TM) i7-9700 CPU @ 3.00GHz (family: 0x6, model: 0x9e, stepping: 0xd)
[    0.043084] Performance Events: PEBS fmt3+, Skylake events, 32-deep LBR, full-width counters, Intel PMU driver.
[    0.043113] ... version:                4
[    0.043114] ... bit width:              48
[    0.043114] ... generic registers:      8
[    0.043115] ... value mask:             0000ffffffffffff
[    0.043115] ... max period:             00007fffffffffff
[    0.043115] ... fixed-purpose events:   3
[    0.043116] ... event mask:             00000007000000ff
[    0.043146] Hierarchical SRCU implementation.
[    0.044000] NMI watchdog: Enabled. Permanently consumes one hw-PMU counter.
[    0.044000] smp: Bringing up secondary CPUs ...
[    0.044000] x86: Booting SMP configuration:
[    0.044000] .... node  #0, CPUs:      #1 #2 #3 #4 #5 #6 #7
[    0.053448] smp: Brought up 1 node, 8 CPUs
[    0.053448] smpboot: Max logical packages: 1
[    0.053448] smpboot: Total of 8 processors activated (48000.00 BogoMIPS)
[    0.056281] devtmpfs: initialized
[    0.056281] x86/mm: Memory block size: 128MB
[    0.057029] evm: security.selinux
[    0.057029] evm: security.SMACK64
[    0.057030] evm: security.SMACK64EXEC
[    0.057030] evm: security.SMACK64TRANSMUTE
[    0.057030] evm: security.SMACK64MMAP
[    0.057031] evm: security.apparmor
[    0.057031] evm: security.ima
[    0.057032] evm: security.capability
[    0.057045] PM: Registering ACPI NVS region [mem 0xbf98f000-0xbfb8efff] (2097152 bytes)
[    0.057045] clocksource: jiffies: mask: 0xffffffff max_cycles: 0xffffffff, max_idle_ns: 7645041785100000 ns
[    0.057045] futex hash table entries: 2048 (order: 5, 131072 bytes)
[    0.057045] pinctrl core: initialized pinctrl subsystem
[    0.057045] drivers/base/bus.c 153 driver_register -- functionpoint
[    0.057045] drivers/base/bus.c 642 bus_add_driver -- functionpoint
[    0.057045] drivers/base/bus.c 649 bus_add_driver -- functionpoint -- bus: 'platform': add driver reg-dummy
[    0.057045] drivers/base/dd.c 369 really_probe -- functionpoint
[    0.057045] drivers/base/dd.c 392 really_probe -- functionpoint -- bus: 'platform': really_probe: probing driver reg-dummy with device reg-dummy
[    0.057045] drivers/base/dd.c 435 really_probe -- if drv->probe use drv->probe(dev) -- functionpoint
[    0.057045] RTC time:  9:22:34, date: 12/09/20
[    0.057045] NET: Registered protocol family 16
[    0.057045] audit: initializing netlink subsys (disabled)
[    0.057045] audit: type=2000 audit(1607505754.056:1): state=initialized audit_enabled=0 res=1
[    0.057045] drivers/base/bus.c 153 driver_register -- functionpoint
[    0.057045] drivers/base/bus.c 642 bus_add_driver -- functionpoint
[    0.057045] drivers/base/bus.c 649 bus_add_driver -- functionpoint -- bus: 'platform': add driver sram
[    0.057045] drivers/base/bus.c 153 driver_register -- functionpoint
[    0.057045] drivers/base/bus.c 642 bus_add_driver -- functionpoint
[    0.057045] drivers/base/bus.c 649 bus_add_driver -- functionpoint -- bus: 'platform': add driver syscon
[    0.057045] drivers/base/bus.c 153 driver_register -- functionpoint
[    0.057045] drivers/base/bus.c 642 bus_add_driver -- functionpoint
[    0.057045] drivers/base/bus.c 649 bus_add_driver -- functionpoint -- bus: 'i2c': add driver dummy
[    0.057045] cpuidle: using governor ladder
[    0.057045] cpuidle: using governor menu
[    0.057045] ACPI FADT declares the system doesn't support PCIe ASPM, so disable it
[    0.057045] ACPI: bus type PCI registered
[    0.057045] acpiphp: ACPI Hot Plug PCI Controller Driver version: 0.5
[    0.057045] arch/x86/pci/init.c 11 start pci_arch_init -- functionpoint
[    0.057045] PCI: MMCONFIG for domain 0000 [bus 00-3f] at [mem 0xf8000000-0xfbffffff] (base 0xf8000000)
[    0.057045] PCI: not using MMCONFIG
[    0.057045] PCI: Using configuration type 1 for base access
[    0.057045] arch/x86/pci/init.c 44 end pci_arch_init -- functionpoint
[    0.057133] HugeTLB registered 1.00 GiB page size, pre-allocated 0 pages
[    0.057133] HugeTLB registered 2.00 MiB page size, pre-allocated 0 pages
[    0.057134] drivers/base/bus.c 153 driver_register -- functionpoint
[    0.057134] drivers/base/bus.c 642 bus_add_driver -- functionpoint
[    0.057134] drivers/base/bus.c 649 bus_add_driver -- functionpoint -- bus: 'i2c': add driver sx150x-pinctrl
[    0.057134] drivers/base/bus.c 153 driver_register -- functionpoint
[    0.057134] drivers/base/bus.c 642 bus_add_driver -- functionpoint
[    0.057134] drivers/base/bus.c 649 bus_add_driver -- functionpoint -- bus: 'platform': add driver byt_gpio
[    0.057134] drivers/base/bus.c 153 driver_register -- functionpoint
[    0.057134] drivers/base/bus.c 642 bus_add_driver -- functionpoint
[    0.057134] drivers/base/bus.c 649 bus_add_driver -- functionpoint -- bus: 'platform': add driver cherryview-pinctrl
[    0.057134] drivers/base/bus.c 153 driver_register -- functionpoint
[    0.057134] drivers/base/bus.c 642 bus_add_driver -- functionpoint
[    0.057134] drivers/base/bus.c 649 bus_add_driver -- functionpoint -- bus: 'platform': add driver lp_gpio
[    0.057134] drivers/base/bus.c 153 driver_register -- functionpoint
[    0.057134] drivers/base/bus.c 642 bus_add_driver -- functionpoint
[    0.057134] drivers/base/bus.c 649 bus_add_driver -- functionpoint -- bus: 'platform': add driver rc5t583-gpio
[    0.057134] drivers/base/bus.c 153 driver_register -- functionpoint
[    0.057134] drivers/base/bus.c 642 bus_add_driver -- functionpoint
[    0.057134] drivers/base/bus.c 649 bus_add_driver -- functionpoint -- bus: 'platform': add driver palmas-gpio
[    0.057134] drivers/base/bus.c 153 driver_register -- functionpoint
[    0.057134] drivers/base/bus.c 642 bus_add_driver -- functionpoint
[    0.057134] drivers/base/bus.c 649 bus_add_driver -- functionpoint -- bus: 'platform': add driver tps6586x-gpio
[    0.057134] drivers/base/bus.c 153 driver_register -- functionpoint
[    0.057134] drivers/base/bus.c 642 bus_add_driver -- functionpoint
[    0.057134] drivers/base/bus.c 649 bus_add_driver -- functionpoint -- bus: 'platform': add driver tps65910-gpio
[    0.057134] drivers/acpi/bus.c 1231 start acpi_init -- functionpoint
[    0.060002] ACPI: Added _OSI(Module Device)
[    0.060002] ACPI: Added _OSI(Processor Device)
[    0.060002] ACPI: Added _OSI(3.0 _SCP Extensions)
[    0.060002] ACPI: Added _OSI(Processor Aggregator Device)
[    0.060002] kernel/irq/manage.c 1748 request_threaded_irq -- functionpoint
[    0.061848] ACPI: Executed 30 blocks of module-level executable AML code
[    0.072038] ACPI: [Firmware Bug]: BIOS _OSI(Linux) query ignored
[    0.080276] ACPI: Dynamic OEM Table Load:
[    0.080287] ACPI: SSDT 0xFFFF8928D4FB2300 0000F4 (v02 PmRef  Cpu0Psd  00003000 INTL 20160527)
[    0.080521] ACPI: Executed 1 blocks of module-level executable AML code
[    0.080642] ACPI: \_SB_.PR00: _OSC native thermal LVT Acked
[    0.081591] ACPI: Dynamic OEM Table Load:
[    0.081597] ACPI: SSDT 0xFFFF8928D4FBFC00 000400 (v02 PmRef  Cpu0Cst  00003001 INTL 20160527)
[    0.081826] ACPI: Executed 1 blocks of module-level executable AML code
[    0.082054] ACPI: Dynamic OEM Table Load:
[    0.082060] ACPI: SSDT 0xFFFF8928D4EF1800 000605 (v02 PmRef  Cpu0Ist  00003000 INTL 20160527)
[    0.082268] ACPI: Executed 1 blocks of module-level executable AML code
[    0.082459] ACPI: Dynamic OEM Table Load:
[    0.082464] ACPI: SSDT 0xFFFF8928D4F35200 000149 (v02 PmRef  Cpu0Hwp  00003000 INTL 20160527)
[    0.082660] ACPI: Executed 2 blocks of module-level executable AML code
[    0.082827] ACPI: Dynamic OEM Table Load:
[    0.082832] ACPI: SSDT 0xFFFF8928D4EF6800 000724 (v02 PmRef  HwpLvt   00003000 INTL 20160527)
[    0.083016] ACPI: Executed 1 blocks of module-level executable AML code
[    0.083505] ACPI: Dynamic OEM Table Load:
[    0.083510] ACPI: SSDT 0xFFFF8928D4EF5000 0005FC (v02 PmRef  ApIst    00003000 INTL 20160527)
[    0.083914] ACPI: Executed 1 blocks of module-level executable AML code
[    0.084108] ACPI: Dynamic OEM Table Load:
[    0.084112] ACPI: SSDT 0xFFFF8928D4FBF800 000317 (v02 PmRef  ApHwp    00003000 INTL 20160527)
[    0.084391] ACPI: Executed 1 blocks of module-level executable AML code
[    0.084700] ACPI: Dynamic OEM Table Load:
[    0.084705] ACPI: SSDT 0xFFFF8928D7144000 000AB0 (v02 PmRef  ApPsd    00003000 INTL 20160527)
[    0.085557] ACPI: Executed 1 blocks of module-level executable AML code
[    0.085751] ACPI: Dynamic OEM Table Load:
[    0.085756] ACPI: SSDT 0xFFFF8928D4FB8C00 00030A (v02 PmRef  ApCst    00003000 INTL 20160527)
[    0.086037] ACPI: Executed 1 blocks of module-level executable AML code
[    0.088967] ACPI: EC: EC started
[    0.088968] ACPI: EC: interrupt blocked
[    0.088984] ACPI: \_SB_.PCI0.LPCB.EC0_: Used as first EC
[    0.088986] ACPI: \_SB_.PCI0.LPCB.EC0_: GPE=0x6e, EC_CMD/EC_SC=0x66, EC_DATA=0x62
[    0.088987] ACPI: \_SB_.PCI0.LPCB.EC0_: Used as boot DSDT EC to handle transactions
[    0.088987] ACPI: Interpreter enabled
[    0.089036] ACPI: (supports S0 S3 S4 S5)
[    0.089037] ACPI: Using IOAPIC for interrupt routing
[    0.089076] PCI: MMCONFIG for domain 0000 [bus 00-3f] at [mem 0xf8000000-0xfbffffff] (base 0xf8000000)
[    0.091702] PCI: MMCONFIG at [mem 0xf8000000-0xfbffffff] reserved in ACPI motherboard resources
[    0.091707] drivers/acpi/pci_root.c 920 acpi_pci_root_init --functionpoint
[    0.091707] drivers/acpi/apei/hest.c 228 acpi_hest_init -- functionpoint
[    0.091712] PCI: Using host bridge windows from ACPI; if necessary, use "pci=nocrs" and report a bug
[    0.091714] drivers/acpi/scan.c 106 acpi_scan_add_handler_with_hotplug -- functionpoint
[    0.091716] drivers/acpi/pci_link.c 936 acpi_pci_link_init -- functionpoint
[    0.092103] drivers/acpi/scan.c 106 acpi_scan_add_handler_with_hotplug -- functionpoint
[    0.092107] drivers/base/bus.c 153 driver_register -- functionpoint
[    0.092109] drivers/base/bus.c 642 bus_add_driver -- functionpoint
[    0.092111] drivers/base/bus.c 649 bus_add_driver -- functionpoint -- bus: 'platform': add driver clk-lpt
[    0.092118] drivers/acpi/scan.c 106 acpi_scan_add_handler_with_hotplug -- functionpoint
[    0.092170] ACPI: Enabled 4 GPEs in block 00 to 7F
[    0.092173] drivers/acpi/scan.c 2010 acpi_bus_scan -- functionpoint
[    0.099012] ACPI: Power Resource [USBC] (on)
[    0.099829] ACPI: Power Resource [WRST] (on)
[    0.100241] ACPI: Power Resource [WRST] (on)
[    0.100638] ACPI: Power Resource [WRST] (on)
[    0.101039] ACPI: Power Resource [WRST] (on)
[    0.101448] ACPI: Power Resource [WRST] (on)
[    0.101843] ACPI: Power Resource [WRST] (on)
[    0.102240] ACPI: Power Resource [WRST] (on)
[    0.102640] ACPI: Power Resource [WRST] (on)
[    0.103040] ACPI: Power Resource [WRST] (on)
[    0.103434] ACPI: Power Resource [WRST] (on)
[    0.103832] ACPI: Power Resource [WRST] (on)
[    0.104233] ACPI: Power Resource [WRST] (on)
[    0.104628] ACPI: Power Resource [WRST] (on)
[    0.105027] ACPI: Power Resource [WRST] (on)
[    0.105433] ACPI: Power Resource [WRST] (on)
[    0.105828] ACPI: Power Resource [WRST] (on)
[    0.106226] ACPI: Power Resource [WRST] (on)
[    0.106629] ACPI: Power Resource [WRST] (on)
[    0.107033] ACPI: Power Resource [WRST] (on)
[    0.107441] ACPI: Power Resource [WRST] (on)
[    0.109130] ACPI: Power Resource [V0PR] (on)
[    0.109343] ACPI: Power Resource [V1PR] (on)
[    0.109550] ACPI: Power Resource [V2PR] (on)
[    0.114094] ACPI: Power Resource [WRST] (on)
[    0.116222] drivers/acpi/scan.c 1916 acpi_bus_attach -- functionpoint
[    0.116243] drivers/acpi/scan.c 1916 acpi_bus_attach -- functionpoint
[    0.116250] drivers/acpi/scan.c 1916 acpi_bus_attach -- functionpoint
[    0.116281] drivers/acpi/scan.c 1916 acpi_bus_attach -- functionpoint
[    0.116306] drivers/acpi/scan.c 1916 acpi_bus_attach -- functionpoint
[    0.116313] drivers/acpi/pci_root.c 528 acpi_pci_root_add -- functionpoint
[    0.116701] ACPI: PCI Root Bridge [PCI0] (domain 0000 [bus 00-3e])
[    0.116704] ACPI: drivers/acpi/pci_root.c 584 acpi_pci_root_add --  functionpoint -- PCI Root Bridge [PCI0] (domain 0000 [bus 00-3e])
[    0.116710] acpi PNP0A08:00: _OSC: OS supports [ExtendedConfig ASPM ClockPM Segments MSI]
[    0.120069] acpi PNP0A08:00: _OSC: OS now controls [PCIeHotplug PME AER PCIeCapability]
[    0.120070] acpi PNP0A08:00: FADT indicates ASPM is unsupported, using BIOS configuration
[    0.120084] arch/x86/pci/acpi.c 335 pci_acpi_scan_root -- functionpoint
[    0.120085] drivers/pci/search.c 144 pci_find_bus -- functionpoint
[    0.120087] drivers/pci/search.c 145 pci_find_bus functionpoint -- domain_num = 0, bus_num = 0
[    0.120091] drivers/pci/search.c 176 pci_find_next_bus -- functionpoint
[    0.120091] drivers/pci/search.c 157 pci_find_bus not found bus -- functionpoint
[    0.120104] drivers/acpi/pci_root.c 881 acpi_pci_root_create -- functionpoint
[    0.120483] drivers/pci/probe.c 2643 pci_create_root_bus -- functionpoint
[    0.120485] drivers/pci/probe.c 533 pci_alloc_host_bridge -- functionpoint
[    0.120487] drivers/pci/probe.c 765 pci_register_host_bridge -- functionpoint
[    0.120489] drivers/pci/search.c 144 pci_find_bus -- functionpoint
[    0.120491] drivers/pci/search.c 145 pci_find_bus functionpoint -- domain_num = 0, bus_num = 0
[    0.120494] drivers/pci/search.c 176 pci_find_next_bus -- functionpoint
[    0.120494] drivers/pci/search.c 157 pci_find_bus not found bus -- functionpoint
[    0.121537] drivers/pci/probe.c 2009 pci_bus_read_dev_vendor_id -- functionpoint
[    0.121551] drivers/pci/probe.c 2009 pci_bus_read_dev_vendor_id -- functionpoint
[    0.121567] drivers/pci/probe.c 2009 pci_bus_read_dev_vendor_id -- functionpoint
[    0.121589] drivers/pci/probe.c 2009 pci_bus_read_dev_vendor_id -- functionpoint
[    0.121601] drivers/pci/probe.c 2009 pci_bus_read_dev_vendor_id -- functionpoint
[    0.121616] drivers/pci/probe.c 2009 pci_bus_read_dev_vendor_id -- functionpoint
[    0.121624] drivers/pci/probe.c 2009 pci_bus_read_dev_vendor_id -- functionpoint
[    0.121637] drivers/pci/probe.c 2009 pci_bus_read_dev_vendor_id -- functionpoint
[    0.121650] drivers/pci/probe.c 2009 pci_bus_read_dev_vendor_id -- functionpoint
[    0.121656] drivers/pci/probe.c 2009 pci_bus_read_dev_vendor_id -- functionpoint
[    0.121667] drivers/pci/probe.c 2009 pci_bus_read_dev_vendor_id -- functionpoint
[    0.121715] drivers/pci/probe.c 2009 pci_bus_read_dev_vendor_id -- functionpoint
[    0.121766] drivers/pci/probe.c 2009 pci_bus_read_dev_vendor_id -- functionpoint
[    0.121818] drivers/pci/probe.c 2009 pci_bus_read_dev_vendor_id -- functionpoint
[    0.121870] drivers/pci/probe.c 2009 pci_bus_read_dev_vendor_id -- functionpoint
[    0.121922] drivers/pci/probe.c 2009 pci_bus_read_dev_vendor_id -- functionpoint
[    0.121974] drivers/pci/probe.c 2009 pci_bus_read_dev_vendor_id -- functionpoint
[    0.122026] drivers/pci/probe.c 2009 pci_bus_read_dev_vendor_id -- functionpoint
[    0.122074] drivers/pci/probe.c 2009 pci_bus_read_dev_vendor_id -- functionpoint
[    0.122127] drivers/pci/probe.c 2009 pci_bus_read_dev_vendor_id -- functionpoint
[    0.122180] drivers/pci/probe.c 2009 pci_bus_read_dev_vendor_id -- functionpoint
[    0.122231] drivers/pci/probe.c 2009 pci_bus_read_dev_vendor_id -- functionpoint
[    0.122283] drivers/pci/probe.c 2009 pci_bus_read_dev_vendor_id -- functionpoint
[    0.122335] drivers/pci/probe.c 2009 pci_bus_read_dev_vendor_id -- functionpoint
[    0.122387] drivers/pci/probe.c 2009 pci_bus_read_dev_vendor_id -- functionpoint
[    0.122440] drivers/pci/probe.c 2009 pci_bus_read_dev_vendor_id -- functionpoint
[    0.122491] drivers/pci/probe.c 2009 pci_bus_read_dev_vendor_id -- functionpoint
[    0.122544] drivers/pci/probe.c 2009 pci_bus_read_dev_vendor_id -- functionpoint
[    0.122596] drivers/pci/probe.c 2009 pci_bus_read_dev_vendor_id -- functionpoint
[    0.122649] drivers/pci/probe.c 2009 pci_bus_read_dev_vendor_id -- functionpoint
[    0.122701] drivers/pci/probe.c 2009 pci_bus_read_dev_vendor_id -- functionpoint
[    0.122753] drivers/pci/probe.c 2009 pci_bus_read_dev_vendor_id -- functionpoint
[    0.122802] drivers/pci/probe.c 2009 pci_bus_read_dev_vendor_id -- functionpoint
[    0.122855] drivers/pci/probe.c 2009 pci_bus_read_dev_vendor_id -- functionpoint
[    0.122907] drivers/pci/probe.c 2009 pci_bus_read_dev_vendor_id -- functionpoint
[    0.122923] drivers/pci/probe.c 2009 pci_bus_read_dev_vendor_id -- functionpoint
[    0.122940] drivers/pci/probe.c 2009 pci_bus_read_dev_vendor_id -- functionpoint
[    0.122955] drivers/pci/probe.c 2009 pci_bus_read_dev_vendor_id -- functionpoint
[    0.122966] drivers/pci/probe.c 2009 pci_bus_read_dev_vendor_id -- functionpoint
[    0.122980] drivers/pci/probe.c 2009 pci_bus_read_dev_vendor_id -- functionpoint
[    0.122988] drivers/pci/probe.c 2009 pci_bus_read_dev_vendor_id -- functionpoint
[    0.122995] drivers/pci/probe.c 2009 pci_bus_read_dev_vendor_id -- functionpoint
[    0.123003] PCI host bridge to bus 0000:00
[    0.123006] pci_bus 0000:00: root bus resource [io  0x0000-0x0cf7 window]
[    0.123007] pci_bus 0000:00: root bus resource [io  0x0d00-0xffff window]
[    0.123008] pci_bus 0000:00: root bus resource [mem 0x000a0000-0x000bffff window]
[    0.123009] pci_bus 0000:00: root bus resource [mem 0xd4800000-0xf7ffffff window]
[    0.123011] pci_bus 0000:00: root bus resource [mem 0x4000000000-0x7fffffffff window]
[    0.123012] pci_bus 0000:00: root bus resource [mem 0xfc800000-0xfe7fffff window]
[    0.123013] pci_bus 0000:00: root bus resource [bus 00-3e]
[    0.123014] drivers/pci/probe.c 2497 pci_scan_child_bus_extend -- functionpoint
[    0.123015] pci_bus 0000:00: drivers/pci/probe.c 2501 pci_scan_child_bus_extend-- functionpoint -- scanning bus
[    0.123018] drivers/pci/probe.c 2281 pci_scan_slot -- functionpoint
[    0.123019] drivers/pci/probe.c 2196 pci_scan_single_device -- functionpoint
[    0.123020] drivers/pci/search.c 206 pci_get_slot -- functionpoint
[    0.123022] drivers/pci/search.c 215 pci_get_slot return value is NULL -- functionpoint
[    0.123023] drivers/pci/probe.c 2035 pci_scan_device -- functionpoint
[    0.123025] drivers/pci/probe.c 2009 pci_bus_read_dev_vendor_id -- functionpoint
[    0.123028] drivers/pci/probe.c 2048 pci_scan_device -- functionpoint -- dev_vendor: 8086, dev_device: 3e30
[    0.123031] drivers/pci/probe.c 1453 pci_setup_device -- functionpoint
[    0.123037] pci 0000:00:00.0: [8086:3e30] type 00 class 0x060000
[    0.123039] pci 0000:00:00.0: drivers/pci/probe.c 1482 pci_setup_device functionpoint -- [8086:3e30] type 00 class 0x060000 multifunction 00
[    0.123055] drivers/pci/probe.c 1513 pci_setup_device  switch case PCI_HEADER_TYPE_NORMAL -- functionpoint
[    0.123067] drivers/pci/probe.c 2145 pci_device_add -- functionpoint
[    0.123079] drivers/pci/pci.c 2409 pci_pm_init -- functionpoint
[    0.124066] drivers/pci/probe.c 2288 pci_scan_slot -- functionpoint -- fn = 0, devfn = 0, fn+devfn = 0
[    0.124070] drivers/pci/probe.c 2220 next_fn -- functionpoint
[    0.124070] drivers/pci/probe.c 2281 pci_scan_slot -- functionpoint
[    0.124071] drivers/pci/probe.c 2196 pci_scan_single_device -- functionpoint
[    0.124073] drivers/pci/search.c 206 pci_get_slot -- functionpoint
[    0.124075] drivers/pci/search.c 215 pci_get_slot return value is NULL -- functionpoint
[    0.124076] drivers/pci/probe.c 2035 pci_scan_device -- functionpoint
[    0.124078] drivers/pci/probe.c 2009 pci_bus_read_dev_vendor_id -- functionpoint
[    0.124089] drivers/pci/probe.c 2288 pci_scan_slot -- functionpoint -- fn = 0, devfn = 8, fn+devfn = 8
[    0.124093] drivers/pci/probe.c 2281 pci_scan_slot -- functionpoint
[    0.124093] drivers/pci/probe.c 2196 pci_scan_single_device -- functionpoint
[    0.124095] drivers/pci/search.c 206 pci_get_slot -- functionpoint
[    0.124096] drivers/pci/search.c 215 pci_get_slot return value is NULL -- functionpoint
[    0.124098] drivers/pci/probe.c 2035 pci_scan_device -- functionpoint
[    0.124100] drivers/pci/probe.c 2009 pci_bus_read_dev_vendor_id -- functionpoint
[    0.124102] drivers/pci/probe.c 2048 pci_scan_device -- functionpoint -- dev_vendor: 8086, dev_device: 3e98
[    0.124105] drivers/pci/probe.c 1453 pci_setup_device -- functionpoint
[    0.124111] pci 0000:00:02.0: [8086:3e98] type 00 class 0x030000
[    0.124113] pci 0000:00:02.0: drivers/pci/probe.c 1482 pci_setup_device functionpoint -- [8086:3e98] type 00 class 0x030000 multifunction 00
[    0.124119] drivers/pci/probe.c 1513 pci_setup_device  switch case PCI_HEADER_TYPE_NORMAL -- functionpoint
[    0.124125] pci 0000:00:02.0: reg 0x10: [mem 0xf0000000-0xf0ffffff 64bit]
[    0.124131] pci 0000:00:02.0: reg 0x18: [mem 0xe0000000-0xefffffff 64bit pref]
[    0.124135] pci 0000:00:02.0: reg 0x20: [io  0x4000-0x403f]
[    0.124140] drivers/pci/probe.c 2145 pci_device_add -- functionpoint
[    0.124147] pci 0000:00:02.0: BAR 2: assigned to efifb
[    0.124159] drivers/pci/pci.c 2409 pci_pm_init -- functionpoint
[    0.124163] pci 0000:00:02.0: drivers/pci/pci.c 2450 pci_pm_init --functionpoint-- supports
[    0.125167] drivers/pci/probe.c 2288 pci_scan_slot -- functionpoint -- fn = 0, devfn = 16, fn+devfn = 16
[    0.125170] drivers/pci/probe.c 2220 next_fn -- functionpoint
[    0.125170] drivers/pci/probe.c 2281 pci_scan_slot -- functionpoint
[    0.125172] drivers/pci/probe.c 2196 pci_scan_single_device -- functionpoint
[    0.125173] drivers/pci/search.c 206 pci_get_slot -- functionpoint
[    0.125175] drivers/pci/search.c 215 pci_get_slot return value is NULL -- functionpoint
[    0.125177] drivers/pci/probe.c 2035 pci_scan_device -- functionpoint
[    0.125179] drivers/pci/probe.c 2009 pci_bus_read_dev_vendor_id -- functionpoint
[    0.125190] drivers/pci/probe.c 2288 pci_scan_slot -- functionpoint -- fn = 0, devfn = 24, fn+devfn = 24
[    0.125193] drivers/pci/probe.c 2281 pci_scan_slot -- functionpoint
[    0.125194] drivers/pci/probe.c 2196 pci_scan_single_device -- functionpoint
[    0.125195] drivers/pci/search.c 206 pci_get_slot -- functionpoint
[    0.125197] drivers/pci/search.c 215 pci_get_slot return value is NULL -- functionpoint
[    0.125198] drivers/pci/probe.c 2035 pci_scan_device -- functionpoint
[    0.125200] drivers/pci/probe.c 2009 pci_bus_read_dev_vendor_id -- functionpoint
[    0.125215] drivers/pci/probe.c 2288 pci_scan_slot -- functionpoint -- fn = 0, devfn = 32, fn+devfn = 32
[    0.125218] drivers/pci/probe.c 2281 pci_scan_slot -- functionpoint
[    0.125219] drivers/pci/probe.c 2196 pci_scan_single_device -- functionpoint
[    0.125220] drivers/pci/search.c 206 pci_get_slot -- functionpoint
[    0.125222] drivers/pci/search.c 215 pci_get_slot return value is NULL -- functionpoint
[    0.125224] drivers/pci/probe.c 2035 pci_scan_device -- functionpoint
[    0.125225] drivers/pci/probe.c 2009 pci_bus_read_dev_vendor_id -- functionpoint
[    0.125240] drivers/pci/probe.c 2288 pci_scan_slot -- functionpoint -- fn = 0, devfn = 40, fn+devfn = 40
[    0.125244] drivers/pci/probe.c 2281 pci_scan_slot -- functionpoint
[    0.125244] drivers/pci/probe.c 2196 pci_scan_single_device -- functionpoint
[    0.125245] drivers/pci/search.c 206 pci_get_slot -- functionpoint
[    0.125247] drivers/pci/search.c 215 pci_get_slot return value is NULL -- functionpoint
[    0.125249] drivers/pci/probe.c 2035 pci_scan_device -- functionpoint
[    0.125250] drivers/pci/probe.c 2009 pci_bus_read_dev_vendor_id -- functionpoint
[    0.125264] drivers/pci/probe.c 2288 pci_scan_slot -- functionpoint -- fn = 0, devfn = 48, fn+devfn = 48
[    0.125267] drivers/pci/probe.c 2281 pci_scan_slot -- functionpoint
[    0.125268] drivers/pci/probe.c 2196 pci_scan_single_device -- functionpoint
[    0.125269] drivers/pci/search.c 206 pci_get_slot -- functionpoint
[    0.125271] drivers/pci/search.c 215 pci_get_slot return value is NULL -- functionpoint
[    0.125272] drivers/pci/probe.c 2035 pci_scan_device -- functionpoint
[    0.125274] drivers/pci/probe.c 2009 pci_bus_read_dev_vendor_id -- functionpoint
[    0.125289] drivers/pci/probe.c 2288 pci_scan_slot -- functionpoint -- fn = 0, devfn = 56, fn+devfn = 56
[    0.125292] drivers/pci/probe.c 2281 pci_scan_slot -- functionpoint
[    0.125293] drivers/pci/probe.c 2196 pci_scan_single_device -- functionpoint
[    0.125294] drivers/pci/search.c 206 pci_get_slot -- functionpoint
[    0.125296] drivers/pci/search.c 215 pci_get_slot return value is NULL -- functionpoint
[    0.125298] drivers/pci/probe.c 2035 pci_scan_device -- functionpoint
[    0.125299] drivers/pci/probe.c 2009 pci_bus_read_dev_vendor_id -- functionpoint
[    0.125314] drivers/pci/probe.c 2288 pci_scan_slot -- functionpoint -- fn = 0, devfn = 64, fn+devfn = 64
[    0.125317] drivers/pci/probe.c 2281 pci_scan_slot -- functionpoint
[    0.125318] drivers/pci/probe.c 2196 pci_scan_single_device -- functionpoint
[    0.125319] drivers/pci/search.c 206 pci_get_slot -- functionpoint
[    0.125321] drivers/pci/search.c 215 pci_get_slot return value is NULL -- functionpoint
[    0.125322] drivers/pci/probe.c 2035 pci_scan_device -- functionpoint
[    0.125324] drivers/pci/probe.c 2009 pci_bus_read_dev_vendor_id -- functionpoint
[    0.125339] drivers/pci/probe.c 2288 pci_scan_slot -- functionpoint -- fn = 0, devfn = 72, fn+devfn = 72
[    0.125342] drivers/pci/probe.c 2281 pci_scan_slot -- functionpoint
[    0.125343] drivers/pci/probe.c 2196 pci_scan_single_device -- functionpoint
[    0.125344] drivers/pci/search.c 206 pci_get_slot -- functionpoint
[    0.125346] drivers/pci/search.c 215 pci_get_slot return value is NULL -- functionpoint
[    0.125347] drivers/pci/probe.c 2035 pci_scan_device -- functionpoint
[    0.125349] drivers/pci/probe.c 2009 pci_bus_read_dev_vendor_id -- functionpoint
[    0.125364] drivers/pci/probe.c 2288 pci_scan_slot -- functionpoint -- fn = 0, devfn = 80, fn+devfn = 80
[    0.125367] drivers/pci/probe.c 2281 pci_scan_slot -- functionpoint
[    0.125368] drivers/pci/probe.c 2196 pci_scan_single_device -- functionpoint
[    0.125369] drivers/pci/search.c 206 pci_get_slot -- functionpoint
[    0.125371] drivers/pci/search.c 215 pci_get_slot return value is NULL -- functionpoint
[    0.125373] drivers/pci/probe.c 2035 pci_scan_device -- functionpoint
[    0.125374] drivers/pci/probe.c 2009 pci_bus_read_dev_vendor_id -- functionpoint
[    0.125389] drivers/pci/probe.c 2288 pci_scan_slot -- functionpoint -- fn = 0, devfn = 88, fn+devfn = 88
[    0.125393] drivers/pci/probe.c 2281 pci_scan_slot -- functionpoint
[    0.125393] drivers/pci/probe.c 2196 pci_scan_single_device -- functionpoint
[    0.125394] drivers/pci/search.c 206 pci_get_slot -- functionpoint
[    0.125396] drivers/pci/search.c 215 pci_get_slot return value is NULL -- functionpoint
[    0.125398] drivers/pci/probe.c 2035 pci_scan_device -- functionpoint
[    0.125399] drivers/pci/probe.c 2009 pci_bus_read_dev_vendor_id -- functionpoint
[    0.125414] drivers/pci/probe.c 2288 pci_scan_slot -- functionpoint -- fn = 0, devfn = 96, fn+devfn = 96
[    0.125417] drivers/pci/probe.c 2281 pci_scan_slot -- functionpoint
[    0.125418] drivers/pci/probe.c 2196 pci_scan_single_device -- functionpoint
[    0.125419] drivers/pci/search.c 206 pci_get_slot -- functionpoint
[    0.125421] drivers/pci/search.c 215 pci_get_slot return value is NULL -- functionpoint
[    0.125422] drivers/pci/probe.c 2035 pci_scan_device -- functionpoint
[    0.125424] drivers/pci/probe.c 2009 pci_bus_read_dev_vendor_id -- functionpoint
[    0.125439] drivers/pci/probe.c 2288 pci_scan_slot -- functionpoint -- fn = 0, devfn = 104, fn+devfn = 104
[    0.125443] drivers/pci/probe.c 2281 pci_scan_slot -- functionpoint
[    0.125443] drivers/pci/probe.c 2196 pci_scan_single_device -- functionpoint
[    0.125445] drivers/pci/search.c 206 pci_get_slot -- functionpoint
[    0.125446] drivers/pci/search.c 215 pci_get_slot return value is NULL -- functionpoint
[    0.125448] drivers/pci/probe.c 2035 pci_scan_device -- functionpoint
[    0.125450] drivers/pci/probe.c 2009 pci_bus_read_dev_vendor_id -- functionpoint
[    0.125464] drivers/pci/probe.c 2288 pci_scan_slot -- functionpoint -- fn = 0, devfn = 112, fn+devfn = 112
[    0.125468] drivers/pci/probe.c 2281 pci_scan_slot -- functionpoint
[    0.125468] drivers/pci/probe.c 2196 pci_scan_single_device -- functionpoint
[    0.125470] drivers/pci/search.c 206 pci_get_slot -- functionpoint
[    0.125471] drivers/pci/search.c 215 pci_get_slot return value is NULL -- functionpoint
[    0.125473] drivers/pci/probe.c 2035 pci_scan_device -- functionpoint
[    0.125474] drivers/pci/probe.c 2009 pci_bus_read_dev_vendor_id -- functionpoint
[    0.125489] drivers/pci/probe.c 2288 pci_scan_slot -- functionpoint -- fn = 0, devfn = 120, fn+devfn = 120
[    0.125493] drivers/pci/probe.c 2281 pci_scan_slot -- functionpoint
[    0.125493] drivers/pci/probe.c 2196 pci_scan_single_device -- functionpoint
[    0.125494] drivers/pci/search.c 206 pci_get_slot -- functionpoint
[    0.125496] drivers/pci/search.c 215 pci_get_slot return value is NULL -- functionpoint
[    0.125498] drivers/pci/probe.c 2035 pci_scan_device -- functionpoint
[    0.125499] drivers/pci/probe.c 2009 pci_bus_read_dev_vendor_id -- functionpoint
[    0.125514] drivers/pci/probe.c 2288 pci_scan_slot -- functionpoint -- fn = 0, devfn = 128, fn+devfn = 128
[    0.125518] drivers/pci/probe.c 2281 pci_scan_slot -- functionpoint
[    0.125518] drivers/pci/probe.c 2196 pci_scan_single_device -- functionpoint
[    0.125519] drivers/pci/search.c 206 pci_get_slot -- functionpoint
[    0.125521] drivers/pci/search.c 215 pci_get_slot return value is NULL -- functionpoint
[    0.125522] drivers/pci/probe.c 2035 pci_scan_device -- functionpoint
[    0.125524] drivers/pci/probe.c 2009 pci_bus_read_dev_vendor_id -- functionpoint
[    0.125539] drivers/pci/probe.c 2288 pci_scan_slot -- functionpoint -- fn = 0, devfn = 136, fn+devfn = 136
[    0.125543] drivers/pci/probe.c 2281 pci_scan_slot -- functionpoint
[    0.125543] drivers/pci/probe.c 2196 pci_scan_single_device -- functionpoint
[    0.125544] drivers/pci/search.c 206 pci_get_slot -- functionpoint
[    0.125546] drivers/pci/search.c 215 pci_get_slot return value is NULL -- functionpoint
[    0.125547] drivers/pci/probe.c 2035 pci_scan_device -- functionpoint
[    0.125549] drivers/pci/probe.c 2009 pci_bus_read_dev_vendor_id -- functionpoint
[    0.125554] drivers/pci/probe.c 2048 pci_scan_device -- functionpoint -- dev_vendor: 8086, dev_device: a379
[    0.125558] drivers/pci/probe.c 1453 pci_setup_device -- functionpoint
[    0.125569] pci 0000:00:12.0: [8086:a379] type 00 class 0x118000
[    0.125572] pci 0000:00:12.0: drivers/pci/probe.c 1482 pci_setup_device functionpoint -- [8086:a379] type 00 class 0x118000 multifunction 01
[    0.125586] drivers/pci/probe.c 1513 pci_setup_device  switch case PCI_HEADER_TYPE_NORMAL -- functionpoint
[    0.125604] pci 0000:00:12.0: reg 0x10: [mem 0x4000107000-0x4000107fff 64bit]
[    0.125647] drivers/pci/probe.c 2145 pci_device_add -- functionpoint
[    0.125684] drivers/pci/pci.c 2409 pci_pm_init -- functionpoint
[    0.125692] pci 0000:00:12.0: drivers/pci/pci.c 2450 pci_pm_init --functionpoint-- supports
[    0.126678] drivers/pci/probe.c 2288 pci_scan_slot -- functionpoint -- fn = 0, devfn = 144, fn+devfn = 144
[    0.126681] drivers/pci/probe.c 2220 next_fn -- functionpoint
[    0.126681] drivers/pci/probe.c 2196 pci_scan_single_device -- functionpoint
[    0.126683] drivers/pci/search.c 206 pci_get_slot -- functionpoint
[    0.126684] drivers/pci/search.c 215 pci_get_slot return value is NULL -- functionpoint
[    0.126686] drivers/pci/probe.c 2035 pci_scan_device -- functionpoint
[    0.126688] drivers/pci/probe.c 2009 pci_bus_read_dev_vendor_id -- functionpoint
[    0.126699] drivers/pci/probe.c 2298 pci_scan_slot -- functionpoint -- fn = 1, devfn = 144, fn+devfn = 145
[    0.126703] drivers/pci/probe.c 2220 next_fn -- functionpoint
[    0.126703] drivers/pci/probe.c 2196 pci_scan_single_device -- functionpoint
[    0.126704] drivers/pci/search.c 206 pci_get_slot -- functionpoint
[    0.126706] drivers/pci/search.c 215 pci_get_slot return value is NULL -- functionpoint
[    0.126708] drivers/pci/probe.c 2035 pci_scan_device -- functionpoint
[    0.126709] drivers/pci/probe.c 2009 pci_bus_read_dev_vendor_id -- functionpoint
[    0.126723] drivers/pci/probe.c 2298 pci_scan_slot -- functionpoint -- fn = 2, devfn = 144, fn+devfn = 146
[    0.126727] drivers/pci/probe.c 2220 next_fn -- functionpoint
[    0.126727] drivers/pci/probe.c 2196 pci_scan_single_device -- functionpoint
[    0.126728] drivers/pci/search.c 206 pci_get_slot -- functionpoint
[    0.126730] drivers/pci/search.c 215 pci_get_slot return value is NULL -- functionpoint
[    0.126732] drivers/pci/probe.c 2035 pci_scan_device -- functionpoint
[    0.126733] drivers/pci/probe.c 2009 pci_bus_read_dev_vendor_id -- functionpoint
[    0.126747] drivers/pci/probe.c 2298 pci_scan_slot -- functionpoint -- fn = 3, devfn = 144, fn+devfn = 147
[    0.126751] drivers/pci/probe.c 2220 next_fn -- functionpoint
[    0.126751] drivers/pci/probe.c 2196 pci_scan_single_device -- functionpoint
[    0.126752] drivers/pci/search.c 206 pci_get_slot -- functionpoint
[    0.126754] drivers/pci/search.c 215 pci_get_slot return value is NULL -- functionpoint
[    0.126755] drivers/pci/probe.c 2035 pci_scan_device -- functionpoint
[    0.126757] drivers/pci/probe.c 2009 pci_bus_read_dev_vendor_id -- functionpoint
[    0.126773] drivers/pci/probe.c 2298 pci_scan_slot -- functionpoint -- fn = 4, devfn = 144, fn+devfn = 148
[    0.126776] drivers/pci/probe.c 2220 next_fn -- functionpoint
[    0.126776] drivers/pci/probe.c 2196 pci_scan_single_device -- functionpoint
[    0.126778] drivers/pci/search.c 206 pci_get_slot -- functionpoint
[    0.126779] drivers/pci/search.c 215 pci_get_slot return value is NULL -- functionpoint
[    0.126781] drivers/pci/probe.c 2035 pci_scan_device -- functionpoint
[    0.126783] drivers/pci/probe.c 2009 pci_bus_read_dev_vendor_id -- functionpoint
[    0.126798] drivers/pci/probe.c 2298 pci_scan_slot -- functionpoint -- fn = 5, devfn = 144, fn+devfn = 149
[    0.126801] drivers/pci/probe.c 2220 next_fn -- functionpoint
[    0.126801] drivers/pci/probe.c 2196 pci_scan_single_device -- functionpoint
[    0.126803] drivers/pci/search.c 206 pci_get_slot -- functionpoint
[    0.126804] drivers/pci/search.c 215 pci_get_slot return value is NULL -- functionpoint
[    0.126806] drivers/pci/probe.c 2035 pci_scan_device -- functionpoint
[    0.126808] drivers/pci/probe.c 2009 pci_bus_read_dev_vendor_id -- functionpoint
[    0.126817] drivers/pci/probe.c 2298 pci_scan_slot -- functionpoint -- fn = 6, devfn = 144, fn+devfn = 150
[    0.126820] drivers/pci/probe.c 2220 next_fn -- functionpoint
[    0.126821] drivers/pci/probe.c 2196 pci_scan_single_device -- functionpoint
[    0.126822] drivers/pci/search.c 206 pci_get_slot -- functionpoint
[    0.126824] drivers/pci/search.c 215 pci_get_slot return value is NULL -- functionpoint
[    0.126825] drivers/pci/probe.c 2035 pci_scan_device -- functionpoint
[    0.126827] drivers/pci/probe.c 2009 pci_bus_read_dev_vendor_id -- functionpoint
[    0.126844] drivers/pci/probe.c 2298 pci_scan_slot -- functionpoint -- fn = 7, devfn = 144, fn+devfn = 151
[    0.126847] drivers/pci/probe.c 2220 next_fn -- functionpoint
[    0.126847] drivers/pci/probe.c 2281 pci_scan_slot -- functionpoint
[    0.126849] drivers/pci/probe.c 2196 pci_scan_single_device -- functionpoint
[    0.126850] drivers/pci/search.c 206 pci_get_slot -- functionpoint
[    0.126852] drivers/pci/search.c 215 pci_get_slot return value is NULL -- functionpoint
[    0.126853] drivers/pci/probe.c 2035 pci_scan_device -- functionpoint
[    0.126855] drivers/pci/probe.c 2009 pci_bus_read_dev_vendor_id -- functionpoint
[    0.126861] drivers/pci/probe.c 2288 pci_scan_slot -- functionpoint -- fn = 0, devfn = 152, fn+devfn = 152
[    0.126865] drivers/pci/probe.c 2281 pci_scan_slot -- functionpoint
[    0.126865] drivers/pci/probe.c 2196 pci_scan_single_device -- functionpoint
[    0.126867] drivers/pci/search.c 206 pci_get_slot -- functionpoint
[    0.126868] drivers/pci/search.c 215 pci_get_slot return value is NULL -- functionpoint
[    0.126870] drivers/pci/probe.c 2035 pci_scan_device -- functionpoint
[    0.126872] drivers/pci/probe.c 2009 pci_bus_read_dev_vendor_id -- functionpoint
[    0.126880] drivers/pci/probe.c 2048 pci_scan_device -- functionpoint -- dev_vendor: 8086, dev_device: a36d
[    0.126884] drivers/pci/probe.c 1453 pci_setup_device -- functionpoint
[    0.126896] pci 0000:00:14.0: [8086:a36d] type 00 class 0x0c0330
[    0.126898] pci 0000:00:14.0: drivers/pci/probe.c 1482 pci_setup_device functionpoint -- [8086:a36d] type 00 class 0x0c0330 multifunction 01
[    0.126914] drivers/pci/probe.c 1513 pci_setup_device  switch case PCI_HEADER_TYPE_NORMAL -- functionpoint
[    0.126934] pci 0000:00:14.0: reg 0x10: [mem 0xf1220000-0xf122ffff 64bit]
[    0.126990] drivers/pci/probe.c 2145 pci_device_add -- functionpoint
[    0.127032] drivers/pci/pci.c 2409 pci_pm_init -- functionpoint
[    0.127040] pci 0000:00:14.0: drivers/pci/pci.c 2450 pci_pm_init --functionpoint-- supports
[    0.127044] pci 0000:00:14.0: PME# supported from D3hot D3cold
[    0.127045] pci 0000:00:14.0: drivers/pci/pci.c 2462 pci_pm_init --functionpoint-- PME# supported from D3hot D3cold
[    0.127058] pci 0000:00:14.0: drivers/pci/pci.c 1891 pci_pme_active --functionpoint-- PME# disabled
[    0.128117] drivers/pci/probe.c 2288 pci_scan_slot -- functionpoint -- fn = 0, devfn = 160, fn+devfn = 160
[    0.128120] drivers/pci/probe.c 2220 next_fn -- functionpoint
[    0.128120] drivers/pci/probe.c 2196 pci_scan_single_device -- functionpoint
[    0.128121] drivers/pci/search.c 206 pci_get_slot -- functionpoint
[    0.128123] drivers/pci/search.c 215 pci_get_slot return value is NULL -- functionpoint
[    0.128125] drivers/pci/probe.c 2035 pci_scan_device -- functionpoint
[    0.128127] drivers/pci/probe.c 2009 pci_bus_read_dev_vendor_id -- functionpoint
[    0.128138] drivers/pci/probe.c 2298 pci_scan_slot -- functionpoint -- fn = 1, devfn = 160, fn+devfn = 161
[    0.128141] drivers/pci/probe.c 2220 next_fn -- functionpoint
[    0.128142] drivers/pci/probe.c 2196 pci_scan_single_device -- functionpoint
[    0.128143] drivers/pci/search.c 206 pci_get_slot -- functionpoint
[    0.128145] drivers/pci/search.c 215 pci_get_slot return value is NULL -- functionpoint
[    0.128146] drivers/pci/probe.c 2035 pci_scan_device -- functionpoint
[    0.128148] drivers/pci/probe.c 2009 pci_bus_read_dev_vendor_id -- functionpoint
[    0.128158] drivers/pci/probe.c 2048 pci_scan_device -- functionpoint -- dev_vendor: 8086, dev_device: a36f
[    0.128161] drivers/pci/probe.c 1453 pci_setup_device -- functionpoint
[    0.128171] pci 0000:00:14.2: [8086:a36f] type 00 class 0x050000
[    0.128173] pci 0000:00:14.2: drivers/pci/probe.c 1482 pci_setup_device functionpoint -- [8086:a36f] type 00 class 0x050000 multifunction 00
[    0.128186] drivers/pci/probe.c 1513 pci_setup_device  switch case PCI_HEADER_TYPE_NORMAL -- functionpoint
[    0.128202] pci 0000:00:14.2: reg 0x10: [mem 0xf1232000-0xf1233fff 64bit]
[    0.128218] pci 0000:00:14.2: reg 0x18: [mem 0x4000106000-0x4000106fff 64bit]
[    0.128243] drivers/pci/probe.c 2145 pci_device_add -- functionpoint
[    0.128270] drivers/pci/pci.c 2409 pci_pm_init -- functionpoint
[    0.128278] pci 0000:00:14.2: drivers/pci/pci.c 2450 pci_pm_init --functionpoint-- supports
[    0.129265] drivers/pci/probe.c 2298 pci_scan_slot -- functionpoint -- fn = 2, devfn = 160, fn+devfn = 162
[    0.129268] drivers/pci/probe.c 2220 next_fn -- functionpoint
[    0.129268] drivers/pci/probe.c 2196 pci_scan_single_device -- functionpoint
[    0.129270] drivers/pci/search.c 206 pci_get_slot -- functionpoint
[    0.129271] drivers/pci/search.c 215 pci_get_slot return value is NULL -- functionpoint
[    0.129273] drivers/pci/probe.c 2035 pci_scan_device -- functionpoint
[    0.129275] drivers/pci/probe.c 2009 pci_bus_read_dev_vendor_id -- functionpoint
[    0.129281] drivers/pci/probe.c 2298 pci_scan_slot -- functionpoint -- fn = 3, devfn = 160, fn+devfn = 163
[    0.129284] drivers/pci/probe.c 2220 next_fn -- functionpoint
[    0.129284] drivers/pci/probe.c 2196 pci_scan_single_device -- functionpoint
[    0.129286] drivers/pci/search.c 206 pci_get_slot -- functionpoint
[    0.129287] drivers/pci/search.c 215 pci_get_slot return value is NULL -- functionpoint
[    0.129289] drivers/pci/probe.c 2035 pci_scan_device -- functionpoint
[    0.129291] drivers/pci/probe.c 2009 pci_bus_read_dev_vendor_id -- functionpoint
[    0.129306] drivers/pci/probe.c 2298 pci_scan_slot -- functionpoint -- fn = 4, devfn = 160, fn+devfn = 164
[    0.129309] drivers/pci/probe.c 2220 next_fn -- functionpoint
[    0.129310] drivers/pci/probe.c 2196 pci_scan_single_device -- functionpoint
[    0.129311] drivers/pci/search.c 206 pci_get_slot -- functionpoint
[    0.129313] drivers/pci/search.c 215 pci_get_slot return value is NULL -- functionpoint
[    0.129314] drivers/pci/probe.c 2035 pci_scan_device -- functionpoint
[    0.129316] drivers/pci/probe.c 2009 pci_bus_read_dev_vendor_id -- functionpoint
[    0.129330] drivers/pci/probe.c 2298 pci_scan_slot -- functionpoint -- fn = 5, devfn = 160, fn+devfn = 165
[    0.129333] drivers/pci/probe.c 2220 next_fn -- functionpoint
[    0.129334] drivers/pci/probe.c 2196 pci_scan_single_device -- functionpoint
[    0.129335] drivers/pci/search.c 206 pci_get_slot -- functionpoint
[    0.129337] drivers/pci/search.c 215 pci_get_slot return value is NULL -- functionpoint
[    0.129338] drivers/pci/probe.c 2035 pci_scan_device -- functionpoint
[    0.129340] drivers/pci/probe.c 2009 pci_bus_read_dev_vendor_id -- functionpoint
[    0.129355] drivers/pci/probe.c 2298 pci_scan_slot -- functionpoint -- fn = 6, devfn = 160, fn+devfn = 166
[    0.129359] drivers/pci/probe.c 2220 next_fn -- functionpoint
[    0.129359] drivers/pci/probe.c 2196 pci_scan_single_device -- functionpoint
[    0.129360] drivers/pci/search.c 206 pci_get_slot -- functionpoint
[    0.129362] drivers/pci/search.c 215 pci_get_slot return value is NULL -- functionpoint
[    0.129364] drivers/pci/probe.c 2035 pci_scan_device -- functionpoint
[    0.129365] drivers/pci/probe.c 2009 pci_bus_read_dev_vendor_id -- functionpoint
[    0.129380] drivers/pci/probe.c 2298 pci_scan_slot -- functionpoint -- fn = 7, devfn = 160, fn+devfn = 167
[    0.129383] drivers/pci/probe.c 2220 next_fn -- functionpoint
[    0.129384] drivers/pci/probe.c 2281 pci_scan_slot -- functionpoint
[    0.129385] drivers/pci/probe.c 2196 pci_scan_single_device -- functionpoint
[    0.129387] drivers/pci/search.c 206 pci_get_slot -- functionpoint
[    0.129388] drivers/pci/search.c 215 pci_get_slot return value is NULL -- functionpoint
[    0.129390] drivers/pci/probe.c 2035 pci_scan_device -- functionpoint
[    0.129392] drivers/pci/probe.c 2009 pci_bus_read_dev_vendor_id -- functionpoint
[    0.129397] drivers/pci/probe.c 2288 pci_scan_slot -- functionpoint -- fn = 0, devfn = 168, fn+devfn = 168
[    0.129400] drivers/pci/probe.c 2281 pci_scan_slot -- functionpoint
[    0.129400] drivers/pci/probe.c 2196 pci_scan_single_device -- functionpoint
[    0.129402] drivers/pci/search.c 206 pci_get_slot -- functionpoint
[    0.129404] drivers/pci/search.c 215 pci_get_slot return value is NULL -- functionpoint
[    0.129405] drivers/pci/probe.c 2035 pci_scan_device -- functionpoint
[    0.129407] drivers/pci/probe.c 2009 pci_bus_read_dev_vendor_id -- functionpoint
[    0.129423] drivers/pci/probe.c 2048 pci_scan_device -- functionpoint -- dev_vendor: 8086, dev_device: a360
[    0.129426] drivers/pci/probe.c 1453 pci_setup_device -- functionpoint
[    0.129439] pci 0000:00:16.0: [8086:a360] type 00 class 0x078000
[    0.129441] pci 0000:00:16.0: drivers/pci/probe.c 1482 pci_setup_device functionpoint -- [8086:a360] type 00 class 0x078000 multifunction 01
[    0.129457] drivers/pci/probe.c 1513 pci_setup_device  switch case PCI_HEADER_TYPE_NORMAL -- functionpoint
[    0.129474] pci 0000:00:16.0: reg 0x10: [mem 0x4000105000-0x4000105fff 64bit]
[    0.129516] drivers/pci/probe.c 2145 pci_device_add -- functionpoint
[    0.129558] drivers/pci/pci.c 2409 pci_pm_init -- functionpoint
[    0.129566] pci 0000:00:16.0: drivers/pci/pci.c 2450 pci_pm_init --functionpoint-- supports
[    0.129570] pci 0000:00:16.0: PME# supported from D3hot
[    0.129571] pci 0000:00:16.0: drivers/pci/pci.c 2462 pci_pm_init --functionpoint-- PME# supported from D3hot
[    0.129577] pci 0000:00:16.0: drivers/pci/pci.c 1891 pci_pme_active --functionpoint-- PME# disabled
[    0.130621] drivers/pci/probe.c 2288 pci_scan_slot -- functionpoint -- fn = 0, devfn = 176, fn+devfn = 176
[    0.130623] drivers/pci/probe.c 2220 next_fn -- functionpoint
[    0.130624] drivers/pci/probe.c 2196 pci_scan_single_device -- functionpoint
[    0.130625] drivers/pci/search.c 206 pci_get_slot -- functionpoint
[    0.130627] drivers/pci/search.c 215 pci_get_slot return value is NULL -- functionpoint
[    0.130628] drivers/pci/probe.c 2035 pci_scan_device -- functionpoint
[    0.130630] drivers/pci/probe.c 2009 pci_bus_read_dev_vendor_id -- functionpoint
[    0.130641] drivers/pci/probe.c 2298 pci_scan_slot -- functionpoint -- fn = 1, devfn = 176, fn+devfn = 177
[    0.130645] drivers/pci/probe.c 2220 next_fn -- functionpoint
[    0.130645] drivers/pci/probe.c 2196 pci_scan_single_device -- functionpoint
[    0.130647] drivers/pci/search.c 206 pci_get_slot -- functionpoint
[    0.130648] drivers/pci/search.c 215 pci_get_slot return value is NULL -- functionpoint
[    0.130650] drivers/pci/probe.c 2035 pci_scan_device -- functionpoint
[    0.130652] drivers/pci/probe.c 2009 pci_bus_read_dev_vendor_id -- functionpoint
[    0.130667] drivers/pci/probe.c 2298 pci_scan_slot -- functionpoint -- fn = 2, devfn = 176, fn+devfn = 178
[    0.130670] drivers/pci/probe.c 2220 next_fn -- functionpoint
[    0.130671] drivers/pci/probe.c 2196 pci_scan_single_device -- functionpoint
[    0.130672] drivers/pci/search.c 206 pci_get_slot -- functionpoint
[    0.130674] drivers/pci/search.c 215 pci_get_slot return value is NULL -- functionpoint
[    0.130675] drivers/pci/probe.c 2035 pci_scan_device -- functionpoint
[    0.130677] drivers/pci/probe.c 2009 pci_bus_read_dev_vendor_id -- functionpoint
[    0.130685] drivers/pci/probe.c 2048 pci_scan_device -- functionpoint -- dev_vendor: 8086, dev_device: a363
[    0.130689] drivers/pci/probe.c 1453 pci_setup_device -- functionpoint
[    0.130700] pci 0000:00:16.3: [8086:a363] type 00 class 0x070002
[    0.130702] pci 0000:00:16.3: drivers/pci/probe.c 1482 pci_setup_device functionpoint -- [8086:a363] type 00 class 0x070002 multifunction 01
[    0.130717] drivers/pci/probe.c 1513 pci_setup_device  switch case PCI_HEADER_TYPE_NORMAL -- functionpoint
[    0.130728] pci 0000:00:16.3: reg 0x10: [io  0x4088-0x408f]
[    0.130738] pci 0000:00:16.3: reg 0x14: [mem 0xf1237000-0xf1237fff]
[    0.130778] drivers/pci/probe.c 2145 pci_device_add -- functionpoint
[    0.130813] drivers/pci/pci.c 2409 pci_pm_init -- functionpoint
[    0.130823] pci 0000:00:16.3: drivers/pci/pci.c 2450 pci_pm_init --functionpoint-- supports
[    0.131809] drivers/pci/probe.c 2298 pci_scan_slot -- functionpoint -- fn = 3, devfn = 176, fn+devfn = 179
[    0.131812] drivers/pci/probe.c 2220 next_fn -- functionpoint
[    0.131812] drivers/pci/probe.c 2196 pci_scan_single_device -- functionpoint
[    0.131814] drivers/pci/search.c 206 pci_get_slot -- functionpoint
[    0.131815] drivers/pci/search.c 215 pci_get_slot return value is NULL -- functionpoint
[    0.131817] drivers/pci/probe.c 2035 pci_scan_device -- functionpoint
[    0.131819] drivers/pci/probe.c 2009 pci_bus_read_dev_vendor_id -- functionpoint
[    0.131830] drivers/pci/probe.c 2298 pci_scan_slot -- functionpoint -- fn = 4, devfn = 176, fn+devfn = 180
[    0.131833] drivers/pci/probe.c 2220 next_fn -- functionpoint
[    0.131834] drivers/pci/probe.c 2196 pci_scan_single_device -- functionpoint
[    0.131835] drivers/pci/search.c 206 pci_get_slot -- functionpoint
[    0.131837] drivers/pci/search.c 215 pci_get_slot return value is NULL -- functionpoint
[    0.131838] drivers/pci/probe.c 2035 pci_scan_device -- functionpoint
[    0.131840] drivers/pci/probe.c 2009 pci_bus_read_dev_vendor_id -- functionpoint
[    0.131854] drivers/pci/probe.c 2298 pci_scan_slot -- functionpoint -- fn = 5, devfn = 176, fn+devfn = 181
[    0.131857] drivers/pci/probe.c 2220 next_fn -- functionpoint
[    0.131857] drivers/pci/probe.c 2196 pci_scan_single_device -- functionpoint
[    0.131859] drivers/pci/search.c 206 pci_get_slot -- functionpoint
[    0.131861] drivers/pci/search.c 215 pci_get_slot return value is NULL -- functionpoint
[    0.131862] drivers/pci/probe.c 2035 pci_scan_device -- functionpoint
[    0.131864] drivers/pci/probe.c 2009 pci_bus_read_dev_vendor_id -- functionpoint
[    0.131879] drivers/pci/probe.c 2298 pci_scan_slot -- functionpoint -- fn = 6, devfn = 176, fn+devfn = 182
[    0.131882] drivers/pci/probe.c 2220 next_fn -- functionpoint
[    0.131883] drivers/pci/probe.c 2196 pci_scan_single_device -- functionpoint
[    0.131884] drivers/pci/search.c 206 pci_get_slot -- functionpoint
[    0.131886] drivers/pci/search.c 215 pci_get_slot return value is NULL -- functionpoint
[    0.131887] drivers/pci/probe.c 2035 pci_scan_device -- functionpoint
[    0.131889] drivers/pci/probe.c 2009 pci_bus_read_dev_vendor_id -- functionpoint
[    0.131903] drivers/pci/probe.c 2298 pci_scan_slot -- functionpoint -- fn = 7, devfn = 176, fn+devfn = 183
[    0.131906] drivers/pci/probe.c 2220 next_fn -- functionpoint
[    0.131906] drivers/pci/probe.c 2281 pci_scan_slot -- functionpoint
[    0.131908] drivers/pci/probe.c 2196 pci_scan_single_device -- functionpoint
[    0.131909] drivers/pci/search.c 206 pci_get_slot -- functionpoint
[    0.131911] drivers/pci/search.c 215 pci_get_slot return value is NULL -- functionpoint
[    0.131912] drivers/pci/probe.c 2035 pci_scan_device -- functionpoint
[    0.131914] drivers/pci/probe.c 2009 pci_bus_read_dev_vendor_id -- functionpoint
[    0.131924] drivers/pci/probe.c 2048 pci_scan_device -- functionpoint -- dev_vendor: 8086, dev_device: a352
[    0.131928] drivers/pci/probe.c 1453 pci_setup_device -- functionpoint
[    0.131940] pci 0000:00:17.0: [8086:a352] type 00 class 0x010601
[    0.131943] pci 0000:00:17.0: drivers/pci/probe.c 1482 pci_setup_device functionpoint -- [8086:a352] type 00 class 0x010601 multifunction 00
[    0.131958] drivers/pci/probe.c 1513 pci_setup_device  switch case PCI_HEADER_TYPE_NORMAL -- functionpoint
[    0.131973] pci 0000:00:17.0: reg 0x10: [mem 0xf1230000-0xf1231fff]
[    0.131986] pci 0000:00:17.0: reg 0x14: [mem 0xf1236000-0xf12360ff]
[    0.131997] pci 0000:00:17.0: reg 0x18: [io  0x4080-0x4087]
[    0.132008] pci 0000:00:17.0: reg 0x1c: [io  0x4090-0x4093]
[    0.132019] pci 0000:00:17.0: reg 0x20: [io  0x4060-0x407f]
[    0.132030] pci 0000:00:17.0: reg 0x24: [mem 0xf1235000-0xf12357ff]
[    0.132043] drivers/pci/probe.c 2145 pci_device_add -- functionpoint
[    0.132085] drivers/pci/pci.c 2409 pci_pm_init -- functionpoint
[    0.132094] pci 0000:00:17.0: drivers/pci/pci.c 2450 pci_pm_init --functionpoint-- supports
[    0.132098] pci 0000:00:17.0: PME# supported from D3hot
[    0.132099] pci 0000:00:17.0: drivers/pci/pci.c 2462 pci_pm_init --functionpoint-- PME# supported from D3hot
[    0.132105] pci 0000:00:17.0: drivers/pci/pci.c 1891 pci_pme_active --functionpoint-- PME# disabled
[    0.133177] drivers/pci/probe.c 2288 pci_scan_slot -- functionpoint -- fn = 0, devfn = 184, fn+devfn = 184
[    0.133179] drivers/pci/probe.c 2220 next_fn -- functionpoint
[    0.133180] drivers/pci/probe.c 2281 pci_scan_slot -- functionpoint
[    0.133181] drivers/pci/probe.c 2196 pci_scan_single_device -- functionpoint
[    0.133183] drivers/pci/search.c 206 pci_get_slot -- functionpoint
[    0.133185] drivers/pci/search.c 215 pci_get_slot return value is NULL -- functionpoint
[    0.133186] drivers/pci/probe.c 2035 pci_scan_device -- functionpoint
[    0.133188] drivers/pci/probe.c 2009 pci_bus_read_dev_vendor_id -- functionpoint
[    0.133199] drivers/pci/probe.c 2288 pci_scan_slot -- functionpoint -- fn = 0, devfn = 192, fn+devfn = 192
[    0.133202] drivers/pci/probe.c 2281 pci_scan_slot -- functionpoint
[    0.133203] drivers/pci/probe.c 2196 pci_scan_single_device -- functionpoint
[    0.133204] drivers/pci/search.c 206 pci_get_slot -- functionpoint
[    0.133206] drivers/pci/search.c 215 pci_get_slot return value is NULL -- functionpoint
[    0.133207] drivers/pci/probe.c 2035 pci_scan_device -- functionpoint
[    0.133209] drivers/pci/probe.c 2009 pci_bus_read_dev_vendor_id -- functionpoint
[    0.133224] drivers/pci/probe.c 2288 pci_scan_slot -- functionpoint -- fn = 0, devfn = 200, fn+devfn = 200
[    0.133228] drivers/pci/probe.c 2281 pci_scan_slot -- functionpoint
[    0.133228] drivers/pci/probe.c 2196 pci_scan_single_device -- functionpoint
[    0.133230] drivers/pci/search.c 206 pci_get_slot -- functionpoint
[    0.133231] drivers/pci/search.c 215 pci_get_slot return value is NULL -- functionpoint
[    0.133233] drivers/pci/probe.c 2035 pci_scan_device -- functionpoint
[    0.133235] drivers/pci/probe.c 2009 pci_bus_read_dev_vendor_id -- functionpoint
[    0.133249] drivers/pci/probe.c 2288 pci_scan_slot -- functionpoint -- fn = 0, devfn = 208, fn+devfn = 208
[    0.133253] drivers/pci/probe.c 2281 pci_scan_slot -- functionpoint
[    0.133253] drivers/pci/probe.c 2196 pci_scan_single_device -- functionpoint
[    0.133255] drivers/pci/search.c 206 pci_get_slot -- functionpoint
[    0.133256] drivers/pci/search.c 215 pci_get_slot return value is NULL -- functionpoint
[    0.133258] drivers/pci/probe.c 2035 pci_scan_device -- functionpoint
[    0.133260] drivers/pci/probe.c 2009 pci_bus_read_dev_vendor_id -- functionpoint
[    0.133266] drivers/pci/probe.c 2048 pci_scan_device -- functionpoint -- dev_vendor: 8086, dev_device: a32c
[    0.133270] drivers/pci/probe.c 1453 pci_setup_device -- functionpoint
[    0.133282] pci 0000:00:1b.0: [8086:a32c] type 01 class 0x060400
[    0.133285] pci 0000:00:1b.0: drivers/pci/probe.c 1482 pci_setup_device functionpoint -- [8086:a32c] type 01 class 0x060400 multifunction 01
[    0.133305] drivers/pci/probe.c 1566 pci_setup_device switch case PCI_HEADER_TYPE_BRIDGE -- functionpoint
[    0.133351] drivers/pci/probe.c 2145 pci_device_add -- functionpoint
[    0.133424] drivers/pci/pci.c 2409 pci_pm_init -- functionpoint
[    0.133437] pci 0000:00:1b.0: drivers/pci/pci.c 2450 pci_pm_init --functionpoint-- supports
[    0.133440] pci 0000:00:1b.0: PME# supported from D0 D3hot D3cold
[    0.133442] pci 0000:00:1b.0: drivers/pci/pci.c 2462 pci_pm_init --functionpoint-- PME# supported from D0 D3hot D3cold
[    0.133454] pci 0000:00:1b.0: drivers/pci/pci.c 1891 pci_pme_active --functionpoint-- PME# disabled
[    0.133486] pci 0000:00:1b.0: PTM enabled (root), 4dns granularity
[    0.134551] drivers/pci/probe.c 2288 pci_scan_slot -- functionpoint -- fn = 0, devfn = 216, fn+devfn = 216
[    0.134554] drivers/pci/probe.c 2220 next_fn -- functionpoint
[    0.134554] drivers/pci/probe.c 2196 pci_scan_single_device -- functionpoint
[    0.134556] drivers/pci/search.c 206 pci_get_slot -- functionpoint
[    0.134557] drivers/pci/search.c 215 pci_get_slot return value is NULL -- functionpoint
[    0.134559] drivers/pci/probe.c 2035 pci_scan_device -- functionpoint
[    0.134561] drivers/pci/probe.c 2009 pci_bus_read_dev_vendor_id -- functionpoint
[    0.134572] drivers/pci/probe.c 2298 pci_scan_slot -- functionpoint -- fn = 1, devfn = 216, fn+devfn = 217
[    0.134575] drivers/pci/probe.c 2220 next_fn -- functionpoint
[    0.134576] drivers/pci/probe.c 2196 pci_scan_single_device -- functionpoint
[    0.134577] drivers/pci/search.c 206 pci_get_slot -- functionpoint
[    0.134579] drivers/pci/search.c 215 pci_get_slot return value is NULL -- functionpoint
[    0.134581] drivers/pci/probe.c 2035 pci_scan_device -- functionpoint
[    0.134582] drivers/pci/probe.c 2009 pci_bus_read_dev_vendor_id -- functionpoint
[    0.134597] drivers/pci/probe.c 2298 pci_scan_slot -- functionpoint -- fn = 2, devfn = 216, fn+devfn = 218
[    0.134601] drivers/pci/probe.c 2220 next_fn -- functionpoint
[    0.134601] drivers/pci/probe.c 2196 pci_scan_single_device -- functionpoint
[    0.134603] drivers/pci/search.c 206 pci_get_slot -- functionpoint
[    0.134604] drivers/pci/search.c 215 pci_get_slot return value is NULL -- functionpoint
[    0.134606] drivers/pci/probe.c 2035 pci_scan_device -- functionpoint
[    0.134607] drivers/pci/probe.c 2009 pci_bus_read_dev_vendor_id -- functionpoint
[    0.134622] drivers/pci/probe.c 2298 pci_scan_slot -- functionpoint -- fn = 3, devfn = 216, fn+devfn = 219
[    0.134626] drivers/pci/probe.c 2220 next_fn -- functionpoint
[    0.134626] drivers/pci/probe.c 2196 pci_scan_single_device -- functionpoint
[    0.134627] drivers/pci/search.c 206 pci_get_slot -- functionpoint
[    0.134629] drivers/pci/search.c 215 pci_get_slot return value is NULL -- functionpoint
[    0.134631] drivers/pci/probe.c 2035 pci_scan_device -- functionpoint
[    0.134632] drivers/pci/probe.c 2009 pci_bus_read_dev_vendor_id -- functionpoint
[    0.134647] drivers/pci/probe.c 2298 pci_scan_slot -- functionpoint -- fn = 4, devfn = 216, fn+devfn = 220
[    0.134651] drivers/pci/probe.c 2220 next_fn -- functionpoint
[    0.134651] drivers/pci/probe.c 2196 pci_scan_single_device -- functionpoint
[    0.134653] drivers/pci/search.c 206 pci_get_slot -- functionpoint
[    0.134654] drivers/pci/search.c 215 pci_get_slot return value is NULL -- functionpoint
[    0.134656] drivers/pci/probe.c 2035 pci_scan_device -- functionpoint
[    0.134658] drivers/pci/probe.c 2009 pci_bus_read_dev_vendor_id -- functionpoint
[    0.134672] drivers/pci/probe.c 2298 pci_scan_slot -- functionpoint -- fn = 5, devfn = 216, fn+devfn = 221
[    0.134676] drivers/pci/probe.c 2220 next_fn -- functionpoint
[    0.134676] drivers/pci/probe.c 2196 pci_scan_single_device -- functionpoint
[    0.134678] drivers/pci/search.c 206 pci_get_slot -- functionpoint
[    0.134679] drivers/pci/search.c 215 pci_get_slot return value is NULL -- functionpoint
[    0.134681] drivers/pci/probe.c 2035 pci_scan_device -- functionpoint
[    0.134683] drivers/pci/probe.c 2009 pci_bus_read_dev_vendor_id -- functionpoint
[    0.134697] drivers/pci/probe.c 2298 pci_scan_slot -- functionpoint -- fn = 6, devfn = 216, fn+devfn = 222
[    0.134701] drivers/pci/probe.c 2220 next_fn -- functionpoint
[    0.134701] drivers/pci/probe.c 2196 pci_scan_single_device -- functionpoint
[    0.134703] drivers/pci/search.c 206 pci_get_slot -- functionpoint
[    0.134704] drivers/pci/search.c 215 pci_get_slot return value is NULL -- functionpoint
[    0.134706] drivers/pci/probe.c 2035 pci_scan_device -- functionpoint
[    0.134708] drivers/pci/probe.c 2009 pci_bus_read_dev_vendor_id -- functionpoint
[    0.134722] drivers/pci/probe.c 2298 pci_scan_slot -- functionpoint -- fn = 7, devfn = 216, fn+devfn = 223
[    0.134726] drivers/pci/probe.c 2220 next_fn -- functionpoint
[    0.134726] drivers/pci/probe.c 2281 pci_scan_slot -- functionpoint
[    0.134728] drivers/pci/probe.c 2196 pci_scan_single_device -- functionpoint
[    0.134729] drivers/pci/search.c 206 pci_get_slot -- functionpoint
[    0.134731] drivers/pci/search.c 215 pci_get_slot return value is NULL -- functionpoint
[    0.134732] drivers/pci/probe.c 2035 pci_scan_device -- functionpoint
[    0.134734] drivers/pci/probe.c 2009 pci_bus_read_dev_vendor_id -- functionpoint
[    0.134742] drivers/pci/probe.c 2048 pci_scan_device -- functionpoint -- dev_vendor: 8086, dev_device: a33e
[    0.134745] drivers/pci/probe.c 1453 pci_setup_device -- functionpoint
[    0.134758] pci 0000:00:1c.0: [8086:a33e] type 01 class 0x060400
[    0.134761] pci 0000:00:1c.0: drivers/pci/probe.c 1482 pci_setup_device functionpoint -- [8086:a33e] type 01 class 0x060400 multifunction 01
[    0.134779] drivers/pci/probe.c 1566 pci_setup_device switch case PCI_HEADER_TYPE_BRIDGE -- functionpoint
[    0.134825] drivers/pci/probe.c 2145 pci_device_add -- functionpoint
[    0.134895] drivers/pci/pci.c 2409 pci_pm_init -- functionpoint
[    0.134908] pci 0000:00:1c.0: drivers/pci/pci.c 2450 pci_pm_init --functionpoint-- supports
[    0.134912] pci 0000:00:1c.0: PME# supported from D0 D3hot D3cold
[    0.134913] pci 0000:00:1c.0: drivers/pci/pci.c 2462 pci_pm_init --functionpoint-- PME# supported from D0 D3hot D3cold
[    0.134925] pci 0000:00:1c.0: drivers/pci/pci.c 1891 pci_pme_active --functionpoint-- PME# disabled
[    0.134959] pci 0000:00:1c.0: PTM enabled (root), 4dns granularity
[    0.136021] drivers/pci/probe.c 2288 pci_scan_slot -- functionpoint -- fn = 0, devfn = 224, fn+devfn = 224
[    0.136024] drivers/pci/probe.c 2220 next_fn -- functionpoint
[    0.136024] drivers/pci/probe.c 2196 pci_scan_single_device -- functionpoint
[    0.136026] drivers/pci/search.c 206 pci_get_slot -- functionpoint
[    0.136028] drivers/pci/search.c 215 pci_get_slot return value is NULL -- functionpoint
[    0.136029] drivers/pci/probe.c 2035 pci_scan_device -- functionpoint
[    0.136031] drivers/pci/probe.c 2009 pci_bus_read_dev_vendor_id -- functionpoint
[    0.136043] drivers/pci/probe.c 2298 pci_scan_slot -- functionpoint -- fn = 1, devfn = 224, fn+devfn = 225
[    0.136046] drivers/pci/probe.c 2220 next_fn -- functionpoint
[    0.136046] drivers/pci/probe.c 2196 pci_scan_single_device -- functionpoint
[    0.136048] drivers/pci/search.c 206 pci_get_slot -- functionpoint
[    0.136050] drivers/pci/search.c 215 pci_get_slot return value is NULL -- functionpoint
[    0.136051] drivers/pci/probe.c 2035 pci_scan_device -- functionpoint
[    0.136053] drivers/pci/probe.c 2009 pci_bus_read_dev_vendor_id -- functionpoint
[    0.136068] drivers/pci/probe.c 2298 pci_scan_slot -- functionpoint -- fn = 2, devfn = 224, fn+devfn = 226
[    0.136071] drivers/pci/probe.c 2220 next_fn -- functionpoint
[    0.136072] drivers/pci/probe.c 2196 pci_scan_single_device -- functionpoint
[    0.136073] drivers/pci/search.c 206 pci_get_slot -- functionpoint
[    0.136075] drivers/pci/search.c 215 pci_get_slot return value is NULL -- functionpoint
[    0.136076] drivers/pci/probe.c 2035 pci_scan_device -- functionpoint
[    0.136078] drivers/pci/probe.c 2009 pci_bus_read_dev_vendor_id -- functionpoint
[    0.136090] drivers/pci/probe.c 2298 pci_scan_slot -- functionpoint -- fn = 3, devfn = 224, fn+devfn = 227
[    0.136093] drivers/pci/probe.c 2220 next_fn -- functionpoint
[    0.136094] drivers/pci/probe.c 2196 pci_scan_single_device -- functionpoint
[    0.136095] drivers/pci/search.c 206 pci_get_slot -- functionpoint
[    0.136097] drivers/pci/search.c 215 pci_get_slot return value is NULL -- functionpoint
[    0.136099] drivers/pci/probe.c 2035 pci_scan_device -- functionpoint
[    0.136100] drivers/pci/probe.c 2009 pci_bus_read_dev_vendor_id -- functionpoint
[    0.136115] drivers/pci/probe.c 2298 pci_scan_slot -- functionpoint -- fn = 4, devfn = 224, fn+devfn = 228
[    0.136118] drivers/pci/probe.c 2220 next_fn -- functionpoint
[    0.136118] drivers/pci/probe.c 2196 pci_scan_single_device -- functionpoint
[    0.136120] drivers/pci/search.c 206 pci_get_slot -- functionpoint
[    0.136122] drivers/pci/search.c 215 pci_get_slot return value is NULL -- functionpoint
[    0.136123] drivers/pci/probe.c 2035 pci_scan_device -- functionpoint
[    0.136125] drivers/pci/probe.c 2009 pci_bus_read_dev_vendor_id -- functionpoint
[    0.136140] drivers/pci/probe.c 2298 pci_scan_slot -- functionpoint -- fn = 5, devfn = 224, fn+devfn = 229
[    0.136143] drivers/pci/probe.c 2220 next_fn -- functionpoint
[    0.136143] drivers/pci/probe.c 2196 pci_scan_single_device -- functionpoint
[    0.136145] drivers/pci/search.c 206 pci_get_slot -- functionpoint
[    0.136147] drivers/pci/search.c 215 pci_get_slot return value is NULL -- functionpoint
[    0.136148] drivers/pci/probe.c 2035 pci_scan_device -- functionpoint
[    0.136150] drivers/pci/probe.c 2009 pci_bus_read_dev_vendor_id -- functionpoint
[    0.136165] drivers/pci/probe.c 2298 pci_scan_slot -- functionpoint -- fn = 6, devfn = 224, fn+devfn = 230
[    0.136168] drivers/pci/probe.c 2220 next_fn -- functionpoint
[    0.136168] drivers/pci/probe.c 2196 pci_scan_single_device -- functionpoint
[    0.136170] drivers/pci/search.c 206 pci_get_slot -- functionpoint
[    0.136172] drivers/pci/search.c 215 pci_get_slot return value is NULL -- functionpoint
[    0.136173] drivers/pci/probe.c 2035 pci_scan_device -- functionpoint
[    0.136175] drivers/pci/probe.c 2009 pci_bus_read_dev_vendor_id -- functionpoint
[    0.136190] drivers/pci/probe.c 2298 pci_scan_slot -- functionpoint -- fn = 7, devfn = 224, fn+devfn = 231
[    0.136193] drivers/pci/probe.c 2220 next_fn -- functionpoint
[    0.136193] drivers/pci/probe.c 2281 pci_scan_slot -- functionpoint
[    0.136195] drivers/pci/probe.c 2196 pci_scan_single_device -- functionpoint
[    0.136196] drivers/pci/search.c 206 pci_get_slot -- functionpoint
[    0.136198] drivers/pci/search.c 215 pci_get_slot return value is NULL -- functionpoint
[    0.136200] drivers/pci/probe.c 2035 pci_scan_device -- functionpoint
[    0.136201] drivers/pci/probe.c 2009 pci_bus_read_dev_vendor_id -- functionpoint
[    0.136213] drivers/pci/probe.c 2288 pci_scan_slot -- functionpoint -- fn = 0, devfn = 232, fn+devfn = 232
[    0.136217] drivers/pci/probe.c 2281 pci_scan_slot -- functionpoint
[    0.136217] drivers/pci/probe.c 2196 pci_scan_single_device -- functionpoint
[    0.136219] drivers/pci/search.c 206 pci_get_slot -- functionpoint
[    0.136220] drivers/pci/search.c 215 pci_get_slot return value is NULL -- functionpoint
[    0.136222] drivers/pci/probe.c 2035 pci_scan_device -- functionpoint
[    0.136223] drivers/pci/probe.c 2009 pci_bus_read_dev_vendor_id -- functionpoint
[    0.136233] drivers/pci/probe.c 2288 pci_scan_slot -- functionpoint -- fn = 0, devfn = 240, fn+devfn = 240
[    0.136237] drivers/pci/probe.c 2281 pci_scan_slot -- functionpoint
[    0.136237] drivers/pci/probe.c 2196 pci_scan_single_device -- functionpoint
[    0.136238] drivers/pci/search.c 206 pci_get_slot -- functionpoint
[    0.136240] drivers/pci/search.c 215 pci_get_slot return value is NULL -- functionpoint
[    0.136242] drivers/pci/probe.c 2035 pci_scan_device -- functionpoint
[    0.136243] drivers/pci/probe.c 2009 pci_bus_read_dev_vendor_id -- functionpoint
[    0.136259] drivers/pci/probe.c 2048 pci_scan_device -- functionpoint -- dev_vendor: 8086, dev_device: a306
[    0.136262] drivers/pci/probe.c 1453 pci_setup_device -- functionpoint
[    0.136270] pci 0000:00:1f.0: [8086:a306] type 00 class 0x060100
[    0.136273] pci 0000:00:1f.0: drivers/pci/probe.c 1482 pci_setup_device functionpoint -- [8086:a306] type 00 class 0x060100 multifunction 01
[    0.136282] drivers/pci/probe.c 1513 pci_setup_device  switch case PCI_HEADER_TYPE_NORMAL -- functionpoint
[    0.136359] drivers/pci/probe.c 2145 pci_device_add -- functionpoint
[    0.136373] drivers/pci/pci.c 2409 pci_pm_init -- functionpoint
[    0.137388] drivers/pci/probe.c 2288 pci_scan_slot -- functionpoint -- fn = 0, devfn = 248, fn+devfn = 248
[    0.137392] drivers/pci/probe.c 2220 next_fn -- functionpoint
[    0.137392] drivers/pci/probe.c 2196 pci_scan_single_device -- functionpoint
[    0.137394] drivers/pci/search.c 206 pci_get_slot -- functionpoint
[    0.137395] drivers/pci/search.c 215 pci_get_slot return value is NULL -- functionpoint
[    0.137397] drivers/pci/probe.c 2035 pci_scan_device -- functionpoint
[    0.137399] drivers/pci/probe.c 2009 pci_bus_read_dev_vendor_id -- functionpoint
[    0.137410] drivers/pci/probe.c 2298 pci_scan_slot -- functionpoint -- fn = 1, devfn = 248, fn+devfn = 249
[    0.137414] drivers/pci/probe.c 2220 next_fn -- functionpoint
[    0.137414] drivers/pci/probe.c 2196 pci_scan_single_device -- functionpoint
[    0.137415] drivers/pci/search.c 206 pci_get_slot -- functionpoint
[    0.137417] drivers/pci/search.c 215 pci_get_slot return value is NULL -- functionpoint
[    0.137419] drivers/pci/probe.c 2035 pci_scan_device -- functionpoint
[    0.137420] drivers/pci/probe.c 2009 pci_bus_read_dev_vendor_id -- functionpoint
[    0.137436] drivers/pci/probe.c 2298 pci_scan_slot -- functionpoint -- fn = 2, devfn = 248, fn+devfn = 250
[    0.137439] drivers/pci/probe.c 2220 next_fn -- functionpoint
[    0.137439] drivers/pci/probe.c 2196 pci_scan_single_device -- functionpoint
[    0.137441] drivers/pci/search.c 206 pci_get_slot -- functionpoint
[    0.137442] drivers/pci/search.c 215 pci_get_slot return value is NULL -- functionpoint
[    0.137444] drivers/pci/probe.c 2035 pci_scan_device -- functionpoint
[    0.137446] drivers/pci/probe.c 2009 pci_bus_read_dev_vendor_id -- functionpoint
[    0.137456] drivers/pci/probe.c 2048 pci_scan_device -- functionpoint -- dev_vendor: 8086, dev_device: a348
[    0.137460] drivers/pci/probe.c 1453 pci_setup_device -- functionpoint
[    0.137485] pci 0000:00:1f.3: [8086:a348] type 00 class 0x040300
[    0.137488] pci 0000:00:1f.3: drivers/pci/probe.c 1482 pci_setup_device functionpoint -- [8086:a348] type 00 class 0x040300 multifunction 00
[    0.137521] drivers/pci/probe.c 1513 pci_setup_device  switch case PCI_HEADER_TYPE_NORMAL -- functionpoint
[    0.137563] pci 0000:00:1f.3: reg 0x10: [mem 0x4000100000-0x4000103fff 64bit]
[    0.137629] pci 0000:00:1f.3: reg 0x20: [mem 0x4000000000-0x40000fffff 64bit]
[    0.137653] drivers/pci/probe.c 2145 pci_device_add -- functionpoint
[    0.137747] drivers/pci/pci.c 2409 pci_pm_init -- functionpoint
[    0.137762] pci 0000:00:1f.3: drivers/pci/pci.c 2450 pci_pm_init --functionpoint-- supports
[    0.137766] pci 0000:00:1f.3: PME# supported from D3hot D3cold
[    0.137767] pci 0000:00:1f.3: drivers/pci/pci.c 2462 pci_pm_init --functionpoint-- PME# supported from D3hot D3cold
[    0.137776] pci 0000:00:1f.3: drivers/pci/pci.c 1891 pci_pme_active --functionpoint-- PME# disabled
[    0.138893] drivers/pci/probe.c 2298 pci_scan_slot -- functionpoint -- fn = 3, devfn = 248, fn+devfn = 251
[    0.138896] drivers/pci/probe.c 2220 next_fn -- functionpoint
[    0.138896] drivers/pci/probe.c 2196 pci_scan_single_device -- functionpoint
[    0.138898] drivers/pci/search.c 206 pci_get_slot -- functionpoint
[    0.138899] drivers/pci/search.c 215 pci_get_slot return value is NULL -- functionpoint
[    0.138901] drivers/pci/probe.c 2035 pci_scan_device -- functionpoint
[    0.138903] drivers/pci/probe.c 2009 pci_bus_read_dev_vendor_id -- functionpoint
[    0.138915] drivers/pci/probe.c 2048 pci_scan_device -- functionpoint -- dev_vendor: 8086, dev_device: a323
[    0.138919] drivers/pci/probe.c 1453 pci_setup_device -- functionpoint
[    0.138939] pci 0000:00:1f.4: [8086:a323] type 00 class 0x0c0500
[    0.138942] pci 0000:00:1f.4: drivers/pci/probe.c 1482 pci_setup_device functionpoint -- [8086:a323] type 00 class 0x0c0500 multifunction 00
[    0.138967] drivers/pci/probe.c 1513 pci_setup_device  switch case PCI_HEADER_TYPE_NORMAL -- functionpoint
[    0.139005] pci 0000:00:1f.4: reg 0x10: [mem 0x4000104000-0x40001040ff 64bit]
[    0.139066] pci 0000:00:1f.4: reg 0x20: [io  0xefa0-0xefbf]
[    0.139112] drivers/pci/probe.c 2145 pci_device_add -- functionpoint
[    0.139131] drivers/pci/pci.c 2409 pci_pm_init -- functionpoint
[    0.140156] drivers/pci/probe.c 2298 pci_scan_slot -- functionpoint -- fn = 4, devfn = 248, fn+devfn = 252
[    0.140159] drivers/pci/probe.c 2220 next_fn -- functionpoint
[    0.140160] drivers/pci/probe.c 2196 pci_scan_single_device -- functionpoint
[    0.140161] drivers/pci/search.c 206 pci_get_slot -- functionpoint
[    0.140163] drivers/pci/search.c 215 pci_get_slot return value is NULL -- functionpoint
[    0.140165] drivers/pci/probe.c 2035 pci_scan_device -- functionpoint
[    0.140167] drivers/pci/probe.c 2009 pci_bus_read_dev_vendor_id -- functionpoint
[    0.140177] drivers/pci/probe.c 2048 pci_scan_device -- functionpoint -- dev_vendor: 8086, dev_device: a324
[    0.140180] drivers/pci/probe.c 1453 pci_setup_device -- functionpoint
[    0.140187] pci 0000:00:1f.5: [8086:a324] type 00 class 0x0c8000
[    0.140189] pci 0000:00:1f.5: drivers/pci/probe.c 1482 pci_setup_device functionpoint -- [8086:a324] type 00 class 0x0c8000 multifunction 00
[    0.140199] drivers/pci/probe.c 1513 pci_setup_device  switch case PCI_HEADER_TYPE_NORMAL -- functionpoint
[    0.140212] pci 0000:00:1f.5: reg 0x10: [mem 0xfe010000-0xfe010fff]
[    0.140278] drivers/pci/probe.c 2145 pci_device_add -- functionpoint
[    0.140290] drivers/pci/pci.c 2409 pci_pm_init -- functionpoint
[    0.141268] drivers/pci/probe.c 2298 pci_scan_slot -- functionpoint -- fn = 5, devfn = 248, fn+devfn = 253
[    0.141272] drivers/pci/probe.c 2220 next_fn -- functionpoint
[    0.141272] drivers/pci/probe.c 2196 pci_scan_single_device -- functionpoint
[    0.141274] drivers/pci/search.c 206 pci_get_slot -- functionpoint
[    0.141276] drivers/pci/search.c 215 pci_get_slot return value is NULL -- functionpoint
[    0.141277] drivers/pci/probe.c 2035 pci_scan_device -- functionpoint
[    0.141279] drivers/pci/probe.c 2009 pci_bus_read_dev_vendor_id -- functionpoint
[    0.141286] drivers/pci/probe.c 2048 pci_scan_device -- functionpoint -- dev_vendor: 8086, dev_device: 15bb
[    0.141289] drivers/pci/probe.c 1453 pci_setup_device -- functionpoint
[    0.141311] pci 0000:00:1f.6: [8086:15bb] type 00 class 0x020000
[    0.141314] pci 0000:00:1f.6: drivers/pci/probe.c 1482 pci_setup_device functionpoint -- [8086:15bb] type 00 class 0x020000 multifunction 00
[    0.141329] drivers/pci/search.c 206 pci_get_slot -- functionpoint
[    0.141342] drivers/pci/probe.c 1513 pci_setup_device  switch case PCI_HEADER_TYPE_NORMAL -- functionpoint
[    0.141374] pci 0000:00:1f.6: reg 0x10: [mem 0xf1200000-0xf121ffff]
[    0.141522] drivers/pci/probe.c 2145 pci_device_add -- functionpoint
[    0.141599] drivers/pci/pci.c 2409 pci_pm_init -- functionpoint
[    0.141614] pci 0000:00:1f.6: drivers/pci/pci.c 2450 pci_pm_init --functionpoint-- supports
[    0.141618] pci 0000:00:1f.6: PME# supported from D0 D3hot D3cold
[    0.141619] pci 0000:00:1f.6: drivers/pci/pci.c 2462 pci_pm_init --functionpoint-- PME# supported from D0 D3hot D3cold
[    0.141628] pci 0000:00:1f.6: drivers/pci/pci.c 1891 pci_pme_active --functionpoint-- PME# disabled
[    0.142622] drivers/pci/probe.c 2298 pci_scan_slot -- functionpoint -- fn = 6, devfn = 248, fn+devfn = 254
[    0.142624] drivers/pci/probe.c 2220 next_fn -- functionpoint
[    0.142625] drivers/pci/probe.c 2196 pci_scan_single_device -- functionpoint
[    0.142626] drivers/pci/search.c 206 pci_get_slot -- functionpoint
[    0.142628] drivers/pci/search.c 215 pci_get_slot return value is NULL -- functionpoint
[    0.142630] drivers/pci/probe.c 2035 pci_scan_device -- functionpoint
[    0.142632] drivers/pci/probe.c 2009 pci_bus_read_dev_vendor_id -- functionpoint
[    0.142643] drivers/pci/probe.c 2298 pci_scan_slot -- functionpoint -- fn = 7, devfn = 248, fn+devfn = 255
[    0.142646] drivers/pci/probe.c 2220 next_fn -- functionpoint
[    0.142647] drivers/pci/probe.c 463 pci_read_bridge_bases -- functionpoint
[    0.142649] drivers/pci/probe.c 1002 pci_scan_bridge_extend -- functionpoint
[    0.142660] pci 0000:00:1b.0: drivers/pci/probe.c 1016 pci_scan_bridge_extend -- functionpoint -- scanning [bus 01-01] behind bridge, pass 0
[    0.142668] drivers/pci/search.c 144 pci_find_bus -- functionpoint
[    0.142669] drivers/pci/search.c 145 pci_find_bus functionpoint -- domain_num = 0, bus_num = 1
[    0.142672] drivers/pci/search.c 176 pci_find_next_bus -- functionpoint
[    0.142672] drivers/pci/search.c 176 pci_find_next_bus -- functionpoint
[    0.142674] drivers/pci/search.c 157 pci_find_bus not found bus -- functionpoint
[    0.142733] drivers/pci/probe.c 2009 pci_bus_read_dev_vendor_id -- functionpoint
[    0.142749] drivers/pci/probe.c 2497 pci_scan_child_bus_extend -- functionpoint
[    0.142751] pci_bus 0000:01: drivers/pci/probe.c 2501 pci_scan_child_bus_extend-- functionpoint -- scanning bus
[    0.142755] drivers/pci/probe.c 2281 pci_scan_slot -- functionpoint
[    0.142755] drivers/pci/probe.c 2196 pci_scan_single_device -- functionpoint
[    0.142757] drivers/pci/search.c 206 pci_get_slot -- functionpoint
[    0.142758] drivers/pci/search.c 215 pci_get_slot return value is NULL -- functionpoint
[    0.142760] drivers/pci/probe.c 2035 pci_scan_device -- functionpoint
[    0.142762] drivers/pci/probe.c 2009 pci_bus_read_dev_vendor_id -- functionpoint
[    0.142770] drivers/pci/probe.c 2048 pci_scan_device -- functionpoint -- dev_vendor: 1c5c, dev_device: 1339
[    0.142773] drivers/pci/probe.c 1453 pci_setup_device -- functionpoint
[    0.142790] pci 0000:01:00.0: [1c5c:1339] type 00 class 0x010802
[    0.142793] pci 0000:01:00.0: drivers/pci/probe.c 1482 pci_setup_device functionpoint -- [1c5c:1339] type 00 class 0x010802 multifunction 00
[    0.142820] drivers/pci/probe.c 1513 pci_setup_device  switch case PCI_HEADER_TYPE_NORMAL -- functionpoint
[    0.142840] pci 0000:01:00.0: reg 0x10: [mem 0xf1100000-0xf1103fff 64bit]
[    0.142897] drivers/pci/probe.c 2145 pci_device_add -- functionpoint
[    0.142987] drivers/pci/pci.c 2409 pci_pm_init -- functionpoint
[    0.142995] pci 0000:01:00.0: supports D1
[    0.142997] pci 0000:01:00.0: drivers/pci/pci.c 2450 pci_pm_init --functionpoint-- supports D1
[    0.143000] pci 0000:01:00.0: PME# supported from D0 D1 D3hot
[    0.143001] pci 0000:01:00.0: drivers/pci/pci.c 2462 pci_pm_init --functionpoint-- PME# supported from D0 D1 D3hot
[    0.143014] pci 0000:01:00.0: drivers/pci/pci.c 1891 pci_pme_active --functionpoint-- PME# disabled
[    0.143106] drivers/pci/probe.c 2288 pci_scan_slot -- functionpoint -- fn = 0, devfn = 0, fn+devfn = 0
[    0.143109] drivers/pci/probe.c 2220 next_fn -- functionpoint
[    0.152070] drivers/pci/probe.c 2281 pci_scan_slot -- functionpoint
[    0.152071] drivers/pci/probe.c 2281 pci_scan_slot -- functionpoint
[    0.152073] drivers/pci/probe.c 2281 pci_scan_slot -- functionpoint
[    0.152074] drivers/pci/probe.c 2281 pci_scan_slot -- functionpoint
[    0.152076] drivers/pci/probe.c 2281 pci_scan_slot -- functionpoint
[    0.152077] drivers/pci/probe.c 2281 pci_scan_slot -- functionpoint
[    0.152079] drivers/pci/probe.c 2281 pci_scan_slot -- functionpoint
[    0.152080] drivers/pci/probe.c 2281 pci_scan_slot -- functionpoint
[    0.152082] drivers/pci/probe.c 2281 pci_scan_slot -- functionpoint
[    0.152083] drivers/pci/probe.c 2281 pci_scan_slot -- functionpoint
[    0.152085] drivers/pci/probe.c 2281 pci_scan_slot -- functionpoint
[    0.152086] drivers/pci/probe.c 2281 pci_scan_slot -- functionpoint
[    0.152088] drivers/pci/probe.c 2281 pci_scan_slot -- functionpoint
[    0.152089] drivers/pci/probe.c 2281 pci_scan_slot -- functionpoint
[    0.152091] drivers/pci/probe.c 2281 pci_scan_slot -- functionpoint
[    0.152092] drivers/pci/probe.c 2281 pci_scan_slot -- functionpoint
[    0.152094] drivers/pci/probe.c 2281 pci_scan_slot -- functionpoint
[    0.152095] drivers/pci/probe.c 2281 pci_scan_slot -- functionpoint
[    0.152097] drivers/pci/probe.c 2281 pci_scan_slot -- functionpoint
[    0.152098] drivers/pci/probe.c 2281 pci_scan_slot -- functionpoint
[    0.152100] drivers/pci/probe.c 2281 pci_scan_slot -- functionpoint
[    0.152101] drivers/pci/probe.c 2281 pci_scan_slot -- functionpoint
[    0.152103] drivers/pci/probe.c 2281 pci_scan_slot -- functionpoint
[    0.152104] drivers/pci/probe.c 2281 pci_scan_slot -- functionpoint
[    0.152106] drivers/pci/probe.c 2281 pci_scan_slot -- functionpoint
[    0.152107] drivers/pci/probe.c 2281 pci_scan_slot -- functionpoint
[    0.152108] drivers/pci/probe.c 2281 pci_scan_slot -- functionpoint
[    0.152110] drivers/pci/probe.c 2281 pci_scan_slot -- functionpoint
[    0.152111] drivers/pci/probe.c 2281 pci_scan_slot -- functionpoint
[    0.152113] drivers/pci/probe.c 2281 pci_scan_slot -- functionpoint
[    0.152114] drivers/pci/probe.c 2281 pci_scan_slot -- functionpoint
[    0.152116] drivers/pci/probe.c 463 pci_read_bridge_bases -- functionpoint
[    0.152118] pci 0000:00:1b.0: PCI bridge to [bus 01]
[    0.152131] pci 0000:00:1b.0:   bridge window [mem 0xf1100000-0xf11fffff]
[    0.152138] pci_bus 0000:01: drivers/pci/probe.c 2599 pci_scan_child_bus_extend -- functionpoint -- bus scan returning with max=01
[    0.152143] drivers/pci/probe.c 1002 pci_scan_bridge_extend -- functionpoint
[    0.152145] pci 0000:00:1c.0: drivers/pci/probe.c 1016 pci_scan_bridge_extend -- functionpoint -- scanning [bus 02-03] behind bridge, pass 0
[    0.152153] drivers/pci/search.c 144 pci_find_bus -- functionpoint
[    0.152154] drivers/pci/search.c 145 pci_find_bus functionpoint -- domain_num = 0, bus_num = 2
[    0.152157] drivers/pci/search.c 176 pci_find_next_bus -- functionpoint
[    0.152157] drivers/pci/search.c 176 pci_find_next_bus -- functionpoint
[    0.152159] drivers/pci/search.c 157 pci_find_bus not found bus -- functionpoint
[    0.152213] drivers/pci/probe.c 2009 pci_bus_read_dev_vendor_id -- functionpoint
[    0.152227] drivers/pci/probe.c 2497 pci_scan_child_bus_extend -- functionpoint
[    0.152229] pci_bus 0000:02: drivers/pci/probe.c 2501 pci_scan_child_bus_extend-- functionpoint -- scanning bus
[    0.152233] drivers/pci/probe.c 2281 pci_scan_slot -- functionpoint
[    0.152233] drivers/pci/probe.c 2196 pci_scan_single_device -- functionpoint
[    0.152235] drivers/pci/search.c 206 pci_get_slot -- functionpoint
[    0.152236] drivers/pci/search.c 215 pci_get_slot return value is NULL -- functionpoint
[    0.152238] drivers/pci/probe.c 2035 pci_scan_device -- functionpoint
[    0.152239] drivers/pci/probe.c 2009 pci_bus_read_dev_vendor_id -- functionpoint
[    0.152253] drivers/pci/probe.c 2048 pci_scan_device -- functionpoint -- dev_vendor: 1283, dev_device: 8893
[    0.152257] drivers/pci/probe.c 1453 pci_setup_device -- functionpoint
[    0.152299] pci 0000:02:00.0: [1283:8893] type 01 class 0x060401
[    0.152302] pci 0000:02:00.0: drivers/pci/probe.c 1482 pci_setup_device functionpoint -- [1283:8893] type 01 class 0x060401 multifunction 00
[    0.152359] drivers/pci/probe.c 1566 pci_setup_device switch case PCI_HEADER_TYPE_BRIDGE -- functionpoint
[    0.152555] drivers/pci/probe.c 2145 pci_device_add -- functionpoint
[    0.152698] drivers/pci/pci.c 2409 pci_pm_init -- functionpoint
[    0.152725] pci 0000:02:00.0: supports D1 D2
