[    0.000000] microcode: microcode updated early to revision 0xde, date = 2020-05-24
[    0.000000] Linux version 4.15.9+ (root@Yee-680G4) (gcc version 5.5.0 20171010 (Ubuntu 5.5.0-12ubuntu1~16.04)) #47 SMP Tue Dec 22 16:47:27 CST 2020
[    0.000000] Command line: BOOT_IMAGE=/boot/vmlinuz-4.15.9+ root=UUID=da0e40f1-3840-43a9-b61a-7b465a7673d3 ro quiet splash vt.handoff=7
[    0.000000] KERNEL supported cpus:
[    0.000000]   Intel GenuineIntel
[    0.000000]   AMD AuthenticAMD
[    0.000000]   Centaur CentaurHauls
[    0.000000] x86/fpu: Supporting XSAVE feature 0x001: 'x87 floating point registers'
[    0.000000] x86/fpu: Supporting XSAVE feature 0x002: 'SSE registers'
[    0.000000] x86/fpu: Supporting XSAVE feature 0x004: 'AVX registers'
[    0.000000] x86/fpu: Supporting XSAVE feature 0x008: 'MPX bounds registers'
[    0.000000] x86/fpu: Supporting XSAVE feature 0x010: 'MPX CSR'
[    0.000000] x86/fpu: xstate_offset[2]:  576, xstate_sizes[2]:  256
[    0.000000] x86/fpu: xstate_offset[3]:  832, xstate_sizes[3]:   64
[    0.000000] x86/fpu: xstate_offset[4]:  896, xstate_sizes[4]:   64
[    0.000000] x86/fpu: Enabled xstate features 0x1f, context size is 960 bytes, using 'compacted' format.
[    0.000000] e820: BIOS-provided physical RAM map:
[    0.000000] BIOS-e820: [mem 0x0000000000000000-0x000000000009efff] usable
[    0.000000] BIOS-e820: [mem 0x000000000009f000-0x00000000000fffff] reserved
[    0.000000] BIOS-e820: [mem 0x0000000000100000-0x00000000be6aafff] usable
[    0.000000] BIOS-e820: [mem 0x00000000be6ab000-0x00000000bf98efff] reserved
[    0.000000] BIOS-e820: [mem 0x00000000bf98f000-0x00000000bfb8efff] ACPI NVS
[    0.000000] BIOS-e820: [mem 0x00000000bfb8f000-0x00000000bfc0efff] ACPI data
[    0.000000] BIOS-e820: [mem 0x00000000bfc0f000-0x00000000bfc0ffff] usable
[    0.000000] BIOS-e820: [mem 0x00000000bfc10000-0x00000000d47fffff] reserved
[    0.000000] BIOS-e820: [mem 0x00000000fe010000-0x00000000fe010fff] reserved
[    0.000000] BIOS-e820: [mem 0x00000000ff000000-0x00000000ffffffff] reserved
[    0.000000] BIOS-e820: [mem 0x0000000100000000-0x00000004277fffff] usable
[    0.000000] NX (Execute Disable) protection: active
[    0.000000] efi: EFI v2.60 by HP
[    0.000000] efi:  ACPI=0xbfc0e000  ACPI 2.0=0xbfc0e014  SMBIOS=0xbee75000  ESRT=0xbee76018  MEMATTR=0xaf750018 
[    0.000000] random: fast init done
[    0.000000] SMBIOS 3.1 present.
[    0.000000] DMI: HP HP ProDesk 680 G4 MT/8580, BIOS R04 Ver. 02.11.01 04/27/2020
[    0.000000] e820: update [mem 0x00000000-0x00000fff] usable ==> reserved
[    0.000000] e820: remove [mem 0x000a0000-0x000fffff] usable
[    0.000000] e820: last_pfn = 0x427800 max_arch_pfn = 0x400000000
[    0.000000] MTRR default type: write-back
[    0.000000] MTRR fixed ranges enabled:
[    0.000000]   00000-9FFFF write-back
[    0.000000]   A0000-BFFFF uncachable
[    0.000000]   C0000-FFFFF write-protect
[    0.000000] MTRR variable ranges enabled:
[    0.000000]   0 base 00E0000000 mask 7FE0000000 uncachable
[    0.000000]   1 base 00D0000000 mask 7FF0000000 uncachable
[    0.000000]   2 base 00C8000000 mask 7FF8000000 uncachable
[    0.000000]   3 base 00C4000000 mask 7FFC000000 uncachable
[    0.000000]   4 base 2000000000 mask 6000000000 uncachable
[    0.000000]   5 base 1000000000 mask 7000000000 uncachable
[    0.000000]   6 base 0800000000 mask 7800000000 uncachable
[    0.000000]   7 base 4000000000 mask 4000000000 uncachable
[    0.000000]   8 disabled
[    0.000000]   9 disabled
[    0.000000] x86/PAT: Configuration [0-7]: WB  WC  UC- UC  WB  WP  UC- WT  
[    0.000000] e820: last_pfn = 0xbfc10 max_arch_pfn = 0x400000000
[    0.000000] esrt: Reserving ESRT space from 0x00000000bee76018 to 0x00000000bee76050.
[    0.000000] Scanning 1 areas for low memory corruption
[    0.000000] Base memory trampoline at [        (ptrval)] 99000 size 24576
[    0.000000] Using GB pages for direct mapping
[    0.000000] BRK [0x3c49fa000, 0x3c49fafff] PGTABLE
[    0.000000] BRK [0x3c49fb000, 0x3c49fbfff] PGTABLE
[    0.000000] BRK [0x3c49fc000, 0x3c49fcfff] PGTABLE
[    0.000000] BRK [0x3c49fd000, 0x3c49fdfff] PGTABLE
[    0.000000] BRK [0x3c49fe000, 0x3c49fefff] PGTABLE
[    0.000000] BRK [0x3c49ff000, 0x3c49fffff] PGTABLE
[    0.000000] BRK [0x3c4a00000, 0x3c4a00fff] PGTABLE
[    0.000000] BRK [0x3c4a01000, 0x3c4a01fff] PGTABLE
[    0.000000] Secure boot could not be determined
[    0.000000] RAMDISK: [mem 0x232b9000-0x3e1affff]
[    0.000000] ACPI: Early table checksum verification disabled
[    0.000000] ACPI: RSDP 0x00000000BFC0E014 000024 (v02 HPQOEM)
[    0.000000] ACPI: XSDT 0x00000000BFBC7188 0000DC (v01 HPQOEM SLIC-BPC 00000000 INTL 20160422)
[    0.000000] ACPI: FACP 0x00000000BFC08000 000114 (v06 HPQOEM SLIC-BPC 00000000 HP   00000001)
[    0.000000] ACPI: DSDT 0x00000000BFBE5000 01E092 (v02 HPQOEM 8580     00000000 INTL 20160527)
[    0.000000] ACPI: FACS 0x00000000BFB3F000 000040
[    0.000000] ACPI: SSDT 0x00000000BFC0C000 00012A (v02 HP     ShmTable 00000001 INTL 20160527)
[    0.000000] ACPI: SSDT 0x00000000BFC0A000 001B5F (v02 CpuRef CpuSsdt  00003000 INTL 20160527)
[    0.000000] ACPI: SSDT 0x00000000BFC09000 0009CF (v02 CtdpB  CtdpB    00001000 INTL 20160527)
[    0.000000] ACPI: HPET 0x00000000BFC07000 000038 (v01 HPQOEM 8580     00000001 HP   00000001)
[    0.000000] ACPI: APIC 0x00000000BFC06000 00012C (v03 HPQOEM 8580     00000001 HP   00000001)
[    0.000000] ACPI: MCFG 0x00000000BFC05000 00003C (v01 HPQOEM 8580     00000001 HP   00000001)
[    0.000000] ACPI: WSMT 0x00000000BFC04000 000028 (v01 HPQOEM 8580     00000001 HP   00000001)
[    0.000000] ACPI: SSDT 0x00000000BFBE4000 000734 (v01 HPQOEM PtidDevc 00001000 INTL 20160527)
[    0.000000] ACPI: SSDT 0x00000000BFBE3000 000B27 (v02 HPQOEM HP_XHC_P 00000000 INTL 20160527)
[    0.000000] ACPI: SSDT 0x00000000BFBDF000 0030ED (v02 SaSsdt SaSsdt   00003000 INTL 20160527)
[    0.000000] ACPI: LPIT 0x00000000BFBDE000 000094 (v01 INTEL  CFL      20170001 INTL 20160422)
[    0.000000] ACPI: WSMT 0x00000000BFBDD000 000028 (v01 INTEL  CFL      20170001 INTL 20160422)
[    0.000000] ACPI: SSDT 0x00000000BFBDC000 00044C (v02 INTEL  Wwan     00000001 INTL 20160527)
[    0.000000] ACPI: UEFI 0x00000000BFB39000 000042 (v01 INTEL  CFL      20170001 INTL 20160422)
[    0.000000] ACPI: OEML 0x00000000BFBDB000 000028 (v03 INTEL  CFL      20170001 INTL 20160422)
[    0.000000] ACPI: DMAR 0x00000000BFBDA000 0000C8 (v01 INTEL  CFL      00000002      01000013)
[    0.000000] ACPI: SSDT 0x00000000BFBCB000 00E899 (v01 HP     HPINDTWL 00001000 INTL 20160527)
[    0.000000] ACPI: SSDT 0x00000000BFBCA000 000032 (v01 HP     HPCONDEV 00001000 INTL 20160527)
[    0.000000] ACPI: SSDT 0x00000000BFBC9000 000069 (v01 HP     HPCAHWID 00001000 INTL 20160527)
[    0.000000] ACPI: ASF! 0x00000000BFBC8000 0000A0 (v32 HPQOEM  UYA     20170001 INTL 20160422)
[    0.000000] ACPI: FPDT 0x00000000BFC0D000 000044 (v01 INTEL  CFL      20170001 INTL 20160422)
[    0.000000] ACPI: BGRT 0x00000000BFBC6000 000038 (v01 INTEL  CFL      20170001 INTL 20160422)
[    0.000000] ACPI: Local APIC address 0xfee00000
[    0.000000] No NUMA configuration found
[    0.000000] Faking a node at [mem 0x0000000000000000-0x00000004277fffff]
[    0.000000] NODE_DATA(0) allocated [mem 0x4277d5000-0x4277fffff]
[    0.000000] Zone ranges:
[    0.000000]   DMA      [mem 0x0000000000001000-0x0000000000ffffff]
[    0.000000]   DMA32    [mem 0x0000000001000000-0x00000000ffffffff]
[    0.000000]   Normal   [mem 0x0000000100000000-0x00000004277fffff]
[    0.000000]   Device   empty
[    0.000000] Movable zone start for each node
[    0.000000] Early memory node ranges
[    0.000000]   node   0: [mem 0x0000000000001000-0x000000000009efff]
[    0.000000]   node   0: [mem 0x0000000000100000-0x00000000be6aafff]
[    0.000000]   node   0: [mem 0x00000000bfc0f000-0x00000000bfc0ffff]
[    0.000000]   node   0: [mem 0x0000000100000000-0x00000004277fffff]
[    0.000000] Initmem setup node 0 [mem 0x0000000000001000-0x00000004277fffff]
[    0.000000] On node 0 totalpages: 4087370
[    0.000000]   DMA zone: 64 pages used for memmap
[    0.000000]   DMA zone: 21 pages reserved
[    0.000000]   DMA zone: 3998 pages, LIFO batch:0
[    0.000000]   DMA32 zone: 12123 pages used for memmap
[    0.000000]   DMA32 zone: 775852 pages, LIFO batch:31
[    0.000000]   Normal zone: 51680 pages used for memmap
[    0.000000]   Normal zone: 3307520 pages, LIFO batch:31
[    0.000000] Reserved but unavailable: 99 pages
[    0.000000] tboot: non-0 tboot_addr but it is not of type E820_TYPE_RESERVED
[    0.000000] ACPI: PM-Timer IO Port: 0x1808
[    0.000000] ACPI: Local APIC address 0xfee00000
[    0.000000] ACPI: LAPIC_NMI (acpi_id[0x01] high edge lint[0x1])
[    0.000000] ACPI: LAPIC_NMI (acpi_id[0x02] high edge lint[0x1])
[    0.000000] ACPI: LAPIC_NMI (acpi_id[0x03] high edge lint[0x1])
[    0.000000] ACPI: LAPIC_NMI (acpi_id[0x04] high edge lint[0x1])
[    0.000000] ACPI: LAPIC_NMI (acpi_id[0x05] high edge lint[0x1])
[    0.000000] ACPI: LAPIC_NMI (acpi_id[0x06] high edge lint[0x1])
[    0.000000] ACPI: LAPIC_NMI (acpi_id[0x07] high edge lint[0x1])
[    0.000000] ACPI: LAPIC_NMI (acpi_id[0x08] high edge lint[0x1])
[    0.000000] ACPI: LAPIC_NMI (acpi_id[0x09] high edge lint[0x1])
[    0.000000] ACPI: LAPIC_NMI (acpi_id[0x0a] high edge lint[0x1])
[    0.000000] ACPI: LAPIC_NMI (acpi_id[0x0b] high edge lint[0x1])
[    0.000000] ACPI: LAPIC_NMI (acpi_id[0x0c] high edge lint[0x1])
[    0.000000] ACPI: LAPIC_NMI (acpi_id[0x0d] high edge lint[0x1])
[    0.000000] ACPI: LAPIC_NMI (acpi_id[0x0e] high edge lint[0x1])
[    0.000000] ACPI: LAPIC_NMI (acpi_id[0x0f] high edge lint[0x1])
[    0.000000] ACPI: LAPIC_NMI (acpi_id[0x10] high edge lint[0x1])
[    0.000000] IOAPIC[0]: apic_id 2, version 32, address 0xfec00000, GSI 0-119
[    0.000000] ACPI: INT_SRC_OVR (bus 0 bus_irq 0 global_irq 2 dfl dfl)
[    0.000000] ACPI: INT_SRC_OVR (bus 0 bus_irq 9 global_irq 9 high level)
[    0.000000] ACPI: IRQ0 used by override.
[    0.000000] ACPI: IRQ9 used by override.
[    0.000000] Using ACPI (MADT) for SMP configuration information
[    0.000000] ACPI: HPET id: 0x8086a201 base: 0xfed00000
[    0.000000] smpboot: Allowing 8 CPUs, 0 hotplug CPUs
[    0.000000] PM: Registered nosave memory: [mem 0x00000000-0x00000fff]
[    0.000000] PM: Registered nosave memory: [mem 0x0009f000-0x000fffff]
[    0.000000] PM: Registered nosave memory: [mem 0xbe6ab000-0xbf98efff]
[    0.000000] PM: Registered nosave memory: [mem 0xbf98f000-0xbfb8efff]
[    0.000000] PM: Registered nosave memory: [mem 0xbfb8f000-0xbfc0efff]
[    0.000000] PM: Registered nosave memory: [mem 0xbfc10000-0xd47fffff]
[    0.000000] PM: Registered nosave memory: [mem 0xd4800000-0xfe00ffff]
[    0.000000] PM: Registered nosave memory: [mem 0xfe010000-0xfe010fff]
[    0.000000] PM: Registered nosave memory: [mem 0xfe011000-0xfeffffff]
[    0.000000] PM: Registered nosave memory: [mem 0xff000000-0xffffffff]
[    0.000000] e820: [mem 0xd4800000-0xfe00ffff] available for PCI devices
[    0.000000] Booting paravirtualized kernel on bare hardware
[    0.000000] clocksource: refined-jiffies: mask: 0xffffffff max_cycles: 0xffffffff, max_idle_ns: 7645519600211568 ns
[    0.000000] setup_percpu: NR_CPUS:8192 nr_cpumask_bits:8 nr_cpu_ids:8 nr_node_ids:1
[    0.000000] percpu: Embedded 46 pages/cpu @        (ptrval) s151552 r8192 d28672 u262144
[    0.000000] pcpu-alloc: s151552 r8192 d28672 u262144 alloc=1*2097152
[    0.000000] pcpu-alloc: [0] 0 1 2 3 4 5 6 7 
[    0.000000] Built 1 zonelists, mobility grouping on.  Total pages: 4023482
[    0.000000] Policy zone: Normal
[    0.000000] Kernel command line: BOOT_IMAGE=/boot/vmlinuz-4.15.9+ root=UUID=da0e40f1-3840-43a9-b61a-7b465a7673d3 ro quiet splash vt.handoff=7
[    0.000000] Calgary: detecting Calgary via BIOS EBDA area
[    0.000000] Calgary: Unable to locate Rio Grande table in EBDA - bailing!
[    0.000000] Memory: 15452600K/16349480K available (12300K kernel code, 2470K rwdata, 4200K rodata, 2388K init, 3184K bss, 896880K reserved, 0K cma-reserved)
[    0.000000] SLUB: HWalign=64, Order=0-3, MinObjects=0, CPUs=8, Nodes=1
[    0.000000] ftrace: allocating 38976 entries in 153 pages
[    0.000000] Hierarchical RCU implementation.
[    0.000000] 	RCU restricting CPUs from NR_CPUS=8192 to nr_cpu_ids=8.
[    0.000000] 	Tasks RCU enabled.
[    0.000000] RCU: Adjusting geometry for rcu_fanout_leaf=16, nr_cpu_ids=8
[    0.000000] kernel/irq/irqdesc.c 486 early_irq_init -- functionpoint
[    0.000000] NR_IRQS: 524544, nr_irqs: 2048, preallocated irqs: 16
[    0.000000] kernel/irq/irqdesc.c 493 early_irq_init -- functionpoint -- NR_IRQS: 524544, nr_irqs: 2048, preallocated irqs: 16
[    0.000000] arch/x86/kernel/apic/vector.c 690 arch_early_irq_init -- functionpoint
[    0.000000] drivers/pci/msi.c 1437 pci_msi_create_irq_domain -- functionpoint
[    0.000000] kernel/irq/msi.c 272 msi_create_irq_domain -- functionpoint
[    0.000000] arch/x86/kernel/apic/msi.c 148 arch_init_msi_domain -- functionpoint -- successed to init irqdomain for MSI/MSI-X.
[    0.000000] Console: colour dummy device 80x25
[    0.000000] console [tty0] enabled
[    0.000000] drivers/acpi/bus.c 1019 acpi_early_init -- functionpoint
[    0.000000] ACPI: Core revision 20170831
[    0.000000] ACPI Error: [\_SB_.PCI0.XHC_.RHUB.HS11] Namespace lookup failure, AE_NOT_FOUND (20170831/dswload-210)
[    0.000000] ACPI Exception: AE_NOT_FOUND, During name lookup/catalog (20170831/psobject-252)
[    0.000000] ACPI Exception: AE_NOT_FOUND, (SSDT:HP_XHC_P) while loading table (20170831/tbxfload-228)
[    0.000000] ACPI Error: 1 table load failures, 10 successful (20170831/tbxfload-246)
[    0.000000] clocksource: hpet: mask: 0xffffffff max_cycles: 0xffffffff, max_idle_ns: 79635855245 ns
[    0.000000] hpet clockevent registered
[    0.004000] APIC: Switch to symmetric I/O mode setup
[    0.004000] DMAR: Host address width 39
[    0.004000] DMAR: DRHD base: 0x000000fed90000 flags: 0x0
[    0.004000] DMAR: dmar0: reg_base_addr fed90000 ver 1:0 cap 1c0000c40660462 ecap 19e2ff0505e
[    0.004000] DMAR: DRHD base: 0x000000fed91000 flags: 0x1
[    0.004000] DMAR: dmar1: reg_base_addr fed91000 ver 1:0 cap d2008c40660462 ecap f050da
[    0.004000] DMAR: RMRR base: 0x000000bf81d000 end: 0x000000bf83cfff
[    0.004000] DMAR: RMRR base: 0x000000c4000000 end: 0x000000d47fffff
[    0.004000] DMAR: RMRR base: 0x000000bf86e000 end: 0x000000bf8edfff
[    0.004000] DMAR-IR: IOAPIC id 2 under DRHD base  0xfed91000 IOMMU 1
[    0.004000] DMAR-IR: HPET id 0 under DRHD base 0xfed91000
[    0.004000] DMAR-IR: Queued invalidation will be enabled to support x2apic and Intr-remapping.
[    0.004000] drivers/pci/msi.c 1437 pci_msi_create_irq_domain -- functionpoint
[    0.004000] kernel/irq/msi.c 272 msi_create_irq_domain -- functionpoint
[    0.004000] drivers/pci/msi.c 1437 pci_msi_create_irq_domain -- functionpoint
[    0.004000] kernel/irq/msi.c 272 msi_create_irq_domain -- functionpoint
[    0.004000] DMAR-IR: Enabled IRQ remapping in x2apic mode
[    0.004000] x2apic enabled
[    0.004000] Switched APIC routing to cluster x2apic.
[    0.016000] kernel/irq/msi.c 272 msi_create_irq_domain -- functionpoint
[    0.016000] kernel/irq/manage.c 1748 request_threaded_irq -- functionpoint
[    0.016000] kernel/irq/manage.c 1748 request_threaded_irq -- functionpoint
[    0.016000] ..TIMER: vector=0x30 apic1=0 pin1=2 apic2=-1 pin2=-1
[    0.036000] tsc: Detected 3000.000 MHz processor
[    0.036000] Calibrating delay loop (skipped), value calculated using timer frequency.. 6000.00 BogoMIPS (lpj=12000000)
[    0.036000] pid_max: default: 32768 minimum: 301
[    0.036000] Security Framework initialized
[    0.036000] Yama: becoming mindful.
[    0.036000] AppArmor: AppArmor initialized
[    0.036000] Dentry cache hash table entries: 2097152 (order: 12, 16777216 bytes)
[    0.036000] Inode-cache hash table entries: 1048576 (order: 11, 8388608 bytes)
[    0.036000] Mount-cache hash table entries: 32768 (order: 6, 262144 bytes)
[    0.036000] Mountpoint-cache hash table entries: 32768 (order: 6, 262144 bytes)
[    0.036000] CPU: Physical Processor ID: 0
[    0.036000] CPU: Processor Core ID: 0
[    0.036000] ENERGY_PERF_BIAS: Set to 'normal', was 'performance'
[    0.036000] ENERGY_PERF_BIAS: View and update with x86_energy_perf_policy(8)
[    0.036000] mce: CPU supports 14 MCE banks
[    0.036000] CPU0: Thermal monitoring enabled (TM1)
[    0.036000] process: using mwait in idle threads
[    0.036000] Last level iTLB entries: 4KB 128, 2MB 8, 4MB 8
[    0.036000] Last level dTLB entries: 4KB 64, 2MB 0, 4MB 0, 1GB 4
[    0.036000] Spectre V2 : Mitigation: Full generic retpoline
[    0.036000] Spectre V2 : Spectre v2 mitigation: Filling RSB on context switch
[    0.036000] Spectre V2 : Spectre v2 mitigation: Enabling Indirect Branch Prediction Barrier
[    0.036000] Freeing SMP alternatives memory: 36K
[    0.042045] TSC deadline timer enabled
[    0.042056] smpboot: CPU0: Intel(R) Core(TM) i7-9700 CPU @ 3.00GHz (family: 0x6, model: 0x9e, stepping: 0xd)
[    0.042108] Performance Events: PEBS fmt3+, Skylake events, 32-deep LBR, full-width counters, Intel PMU driver.
[    0.042136] ... version:                4
[    0.042137] ... bit width:              48
[    0.042137] ... generic registers:      8
[    0.042138] ... value mask:             0000ffffffffffff
[    0.042138] ... max period:             00007fffffffffff
[    0.042138] ... fixed-purpose events:   3
[    0.042139] ... event mask:             00000007000000ff
[    0.042169] Hierarchical SRCU implementation.
[    0.043109] NMI watchdog: Enabled. Permanently consumes one hw-PMU counter.
[    0.043119] smp: Bringing up secondary CPUs ...
[    0.043179] x86: Booting SMP configuration:
[    0.043180] .... node  #0, CPUs:      #1 #2 #3 #4 #5 #6 #7
[    0.053443] smp: Brought up 1 node, 8 CPUs
[    0.053443] smpboot: Max logical packages: 1
[    0.053443] smpboot: Total of 8 processors activated (48000.00 BogoMIPS)
[    0.056281] devtmpfs: initialized
[    0.056281] x86/mm: Memory block size: 128MB
[    0.057019] evm: security.selinux
[    0.057020] evm: security.SMACK64
[    0.057020] evm: security.SMACK64EXEC
[    0.057020] evm: security.SMACK64TRANSMUTE
[    0.057021] evm: security.SMACK64MMAP
[    0.057021] evm: security.apparmor
[    0.057022] evm: security.ima
[    0.057022] evm: security.capability
[    0.057035] PM: Registering ACPI NVS region [mem 0xbf98f000-0xbfb8efff] (2097152 bytes)
[    0.057035] clocksource: jiffies: mask: 0xffffffff max_cycles: 0xffffffff, max_idle_ns: 7645041785100000 ns
[    0.057035] futex hash table entries: 2048 (order: 5, 131072 bytes)
[    0.057035] pinctrl core: initialized pinctrl subsystem
[    0.057035] drivers/base/bus.c 153 driver_register -- functionpoint
[    0.057035] drivers/base/bus.c 642 bus_add_driver -- functionpoint
[    0.057035] drivers/base/bus.c 649 bus_add_driver -- functionpoint -- bus: 'platform': add driver reg-dummy
[    0.057035] drivers/base/dd.c 369 really_probe -- functionpoint
[    0.057035] drivers/base/dd.c 392 really_probe -- functionpoint -- bus: 'platform': really_probe: probing driver reg-dummy with device reg-dummy
[    0.057035] drivers/base/dd.c 435 really_probe -- if drv->probe use drv->probe(dev) -- functionpoint
[    0.057035] RTC time:  9:29:20, date: 12/22/20
[    0.057035] NET: Registered protocol family 16
[    0.057035] audit: initializing netlink subsys (disabled)
[    0.057035] audit: type=2000 audit(1608629360.056:1): state=initialized audit_enabled=0 res=1
[    0.057035] drivers/base/bus.c 153 driver_register -- functionpoint
[    0.057035] drivers/base/bus.c 642 bus_add_driver -- functionpoint
[    0.057035] drivers/base/bus.c 649 bus_add_driver -- functionpoint -- bus: 'platform': add driver sram
[    0.057035] drivers/base/bus.c 153 driver_register -- functionpoint
[    0.057035] drivers/base/bus.c 642 bus_add_driver -- functionpoint
[    0.057035] drivers/base/bus.c 649 bus_add_driver -- functionpoint -- bus: 'platform': add driver syscon
[    0.057035] drivers/base/bus.c 153 driver_register -- functionpoint
[    0.057035] drivers/base/bus.c 642 bus_add_driver -- functionpoint
[    0.057035] drivers/base/bus.c 649 bus_add_driver -- functionpoint -- bus: 'i2c': add driver dummy
[    0.057035] cpuidle: using governor ladder
[    0.057035] cpuidle: using governor menu
[    0.057035] ACPI FADT declares the system doesn't support PCIe ASPM, so disable it
[    0.057035] ACPI: bus type PCI registered
[    0.057035] acpiphp: ACPI Hot Plug PCI Controller Driver version: 0.5
[    0.057035] arch/x86/pci/init.c 11 start pci_arch_init -- functionpoint
[    0.057035] PCI: MMCONFIG for domain 0000 [bus 00-3f] at [mem 0xf8000000-0xfbffffff] (base 0xf8000000)
[    0.057035] PCI: not using MMCONFIG
[    0.057035] PCI: Using configuration type 1 for base access
[    0.057035] arch/x86/pci/init.c 44 end pci_arch_init -- functionpoint
[    0.057123] HugeTLB registered 1.00 GiB page size, pre-allocated 0 pages
[    0.057123] HugeTLB registered 2.00 MiB page size, pre-allocated 0 pages
[    0.057125] drivers/base/bus.c 153 driver_register -- functionpoint
[    0.057125] drivers/base/bus.c 642 bus_add_driver -- functionpoint
[    0.057125] drivers/base/bus.c 649 bus_add_driver -- functionpoint -- bus: 'i2c': add driver sx150x-pinctrl
[    0.057125] drivers/base/bus.c 153 driver_register -- functionpoint
[    0.057125] drivers/base/bus.c 642 bus_add_driver -- functionpoint
[    0.057125] drivers/base/bus.c 649 bus_add_driver -- functionpoint -- bus: 'platform': add driver byt_gpio
[    0.057125] drivers/base/bus.c 153 driver_register -- functionpoint
[    0.057125] drivers/base/bus.c 642 bus_add_driver -- functionpoint
[    0.057125] drivers/base/bus.c 649 bus_add_driver -- functionpoint -- bus: 'platform': add driver cherryview-pinctrl
[    0.057125] drivers/base/bus.c 153 driver_register -- functionpoint
[    0.057125] drivers/base/bus.c 642 bus_add_driver -- functionpoint
[    0.057125] drivers/base/bus.c 649 bus_add_driver -- functionpoint -- bus: 'platform': add driver lp_gpio
[    0.057125] drivers/base/bus.c 153 driver_register -- functionpoint
[    0.057125] drivers/base/bus.c 642 bus_add_driver -- functionpoint
[    0.057125] drivers/base/bus.c 649 bus_add_driver -- functionpoint -- bus: 'platform': add driver rc5t583-gpio
[    0.057125] drivers/base/bus.c 153 driver_register -- functionpoint
[    0.057125] drivers/base/bus.c 642 bus_add_driver -- functionpoint
[    0.057125] drivers/base/bus.c 649 bus_add_driver -- functionpoint -- bus: 'platform': add driver palmas-gpio
[    0.057125] drivers/base/bus.c 153 driver_register -- functionpoint
[    0.057125] drivers/base/bus.c 642 bus_add_driver -- functionpoint
[    0.057125] drivers/base/bus.c 649 bus_add_driver -- functionpoint -- bus: 'platform': add driver tps6586x-gpio
[    0.057125] drivers/base/bus.c 153 driver_register -- functionpoint
[    0.057125] drivers/base/bus.c 642 bus_add_driver -- functionpoint
[    0.057125] drivers/base/bus.c 649 bus_add_driver -- functionpoint -- bus: 'platform': add driver tps65910-gpio
[    0.060016] drivers/acpi/bus.c 1231 start acpi_init -- functionpoint
[    0.060032] ACPI: Added _OSI(Module Device)
[    0.060034] ACPI: Added _OSI(Processor Device)
[    0.060035] ACPI: Added _OSI(3.0 _SCP Extensions)
[    0.060036] ACPI: Added _OSI(Processor Aggregator Device)
[    0.060235] arch/x86/kernel/acpi/boot.c 717 acpi_register_gsi -- functionpoint
[    0.060236] arch/x86/kernel/acpi/boot.c 670 acpi_register_gsi_ioapic --functionpoint
[    0.060239] kernel/irq/manage.c 1748 request_threaded_irq -- functionpoint
[    0.061844] ACPI: Executed 30 blocks of module-level executable AML code
[    0.072038] ACPI: [Firmware Bug]: BIOS _OSI(Linux) query ignored
[    0.080133] ACPI: Dynamic OEM Table Load:
[    0.080146] ACPI: SSDT 0xFFFF8B1354FB3300 0000F4 (v02 PmRef  Cpu0Psd  00003000 INTL 20160527)
[    0.080369] ACPI: Executed 1 blocks of module-level executable AML code
[    0.080489] ACPI: \_SB_.PR00: _OSC native thermal LVT Acked
[    0.081439] ACPI: Dynamic OEM Table Load:
[    0.081445] ACPI: SSDT 0xFFFF8B1354FBE000 000400 (v02 PmRef  Cpu0Cst  00003001 INTL 20160527)
[    0.081659] ACPI: Executed 1 blocks of module-level executable AML code
[    0.081887] ACPI: Dynamic OEM Table Load:
[    0.081893] ACPI: SSDT 0xFFFF8B1354EF0800 000605 (v02 PmRef  Cpu0Ist  00003000 INTL 20160527)
[    0.082089] ACPI: Executed 1 blocks of module-level executable AML code
[    0.082280] ACPI: Dynamic OEM Table Load:
[    0.082284] ACPI: SSDT 0xFFFF8B1354F37800 000149 (v02 PmRef  Cpu0Hwp  00003000 INTL 20160527)
[    0.082471] ACPI: Executed 2 blocks of module-level executable AML code
[    0.082641] ACPI: Dynamic OEM Table Load:
[    0.082646] ACPI: SSDT 0xFFFF8B1354EF2000 000724 (v02 PmRef  HwpLvt   00003000 INTL 20160527)
[    0.082822] ACPI: Executed 1 blocks of module-level executable AML code
[    0.083309] ACPI: Dynamic OEM Table Load:
[    0.083315] ACPI: SSDT 0xFFFF8B1354EF3000 0005FC (v02 PmRef  ApIst    00003000 INTL 20160527)
[    0.083708] ACPI: Executed 1 blocks of module-level executable AML code
[    0.083900] ACPI: Dynamic OEM Table Load:
[    0.083904] ACPI: SSDT 0xFFFF8B1354FBE400 000317 (v02 PmRef  ApHwp    00003000 INTL 20160527)
[    0.084176] ACPI: Executed 1 blocks of module-level executable AML code
[    0.084488] ACPI: Dynamic OEM Table Load:
[    0.084493] ACPI: SSDT 0xFFFF8B1357144000 000AB0 (v02 PmRef  ApPsd    00003000 INTL 20160527)
[    0.085331] ACPI: Executed 1 blocks of module-level executable AML code
[    0.085527] ACPI: Dynamic OEM Table Load:
[    0.085532] ACPI: SSDT 0xFFFF8B1354FBC000 00030A (v02 PmRef  ApCst    00003000 INTL 20160527)
[    0.085802] ACPI: Executed 1 blocks of module-level executable AML code
[    0.088708] ACPI: EC: EC started
[    0.088709] ACPI: EC: interrupt blocked
[    0.088725] ACPI: \_SB_.PCI0.LPCB.EC0_: Used as first EC
[    0.088726] ACPI: \_SB_.PCI0.LPCB.EC0_: GPE=0x6e, EC_CMD/EC_SC=0x66, EC_DATA=0x62
[    0.088728] ACPI: \_SB_.PCI0.LPCB.EC0_: Used as boot DSDT EC to handle transactions
[    0.088728] ACPI: Interpreter enabled
[    0.088776] ACPI: (supports S0 S3 S4 S5)
[    0.088777] ACPI: Using IOAPIC for interrupt routing
[    0.088816] PCI: MMCONFIG for domain 0000 [bus 00-3f] at [mem 0xf8000000-0xfbffffff] (base 0xf8000000)
[    0.091420] PCI: MMCONFIG at [mem 0xf8000000-0xfbffffff] reserved in ACPI motherboard resources
[    0.091425] drivers/acpi/pci_root.c 920 acpi_pci_root_init --functionpoint
[    0.091426] drivers/acpi/apei/hest.c 228 acpi_hest_init -- functionpoint
[    0.091430] PCI: Using host bridge windows from ACPI; if necessary, use "pci=nocrs" and report a bug
[    0.091432] drivers/acpi/scan.c 106 acpi_scan_add_handler_with_hotplug -- functionpoint
[    0.091434] drivers/acpi/pci_link.c 936 acpi_pci_link_init -- functionpoint
[    0.091817] drivers/acpi/scan.c 106 acpi_scan_add_handler_with_hotplug -- functionpoint
[    0.091821] drivers/base/bus.c 153 driver_register -- functionpoint
[    0.091823] drivers/base/bus.c 642 bus_add_driver -- functionpoint
[    0.091825] drivers/base/bus.c 649 bus_add_driver -- functionpoint -- bus: 'platform': add driver clk-lpt
[    0.091832] drivers/acpi/scan.c 106 acpi_scan_add_handler_with_hotplug -- functionpoint
[    0.091883] ACPI: Enabled 4 GPEs in block 00 to 7F
[    0.091887] drivers/acpi/scan.c 2010 acpi_bus_scan -- functionpoint
[    0.098686] ACPI: Power Resource [USBC] (on)
[    0.099500] ACPI: Power Resource [WRST] (on)
[    0.099905] ACPI: Power Resource [WRST] (on)
[    0.100303] ACPI: Power Resource [WRST] (on)
[    0.100702] ACPI: Power Resource [WRST] (on)
[    0.101106] ACPI: Power Resource [WRST] (on)
[    0.101500] ACPI: Power Resource [WRST] (on)
[    0.101895] ACPI: Power Resource [WRST] (on)
[    0.102293] ACPI: Power Resource [WRST] (on)
[    0.102691] ACPI: Power Resource [WRST] (on)
[    0.103084] ACPI: Power Resource [WRST] (on)
[    0.103479] ACPI: Power Resource [WRST] (on)
[    0.103877] ACPI: Power Resource [WRST] (on)
[    0.104273] ACPI: Power Resource [WRST] (on)
[    0.104670] ACPI: Power Resource [WRST] (on)
[    0.105074] ACPI: Power Resource [WRST] (on)
[    0.105467] ACPI: Power Resource [WRST] (on)
[    0.105864] ACPI: Power Resource [WRST] (on)
[    0.106265] ACPI: Power Resource [WRST] (on)
[    0.106668] ACPI: Power Resource [WRST] (on)
[    0.107074] ACPI: Power Resource [WRST] (on)
[    0.108761] ACPI: Power Resource [V0PR] (on)
[    0.108972] ACPI: Power Resource [V1PR] (on)
[    0.109179] ACPI: Power Resource [V2PR] (on)
[    0.113690] ACPI: Power Resource [WRST] (on)
[    0.115795] drivers/acpi/scan.c 1916 acpi_bus_attach -- functionpoint
[    0.115815] drivers/acpi/scan.c 1916 acpi_bus_attach -- functionpoint
[    0.115822] drivers/acpi/scan.c 1916 acpi_bus_attach -- functionpoint
[    0.115853] drivers/acpi/scan.c 1916 acpi_bus_attach -- functionpoint
[    0.115879] drivers/acpi/scan.c 1916 acpi_bus_attach -- functionpoint
[    0.115886] drivers/acpi/pci_root.c 528 acpi_pci_root_add -- functionpoint
[    0.116275] ACPI: PCI Root Bridge [PCI0] (domain 0000 [bus 00-3e])
[    0.116278] ACPI: drivers/acpi/pci_root.c 584 acpi_pci_root_add --  functionpoint -- PCI Root Bridge [PCI0] (domain 0000 [bus 00-3e])
[    0.116285] acpi PNP0A08:00: _OSC: OS supports [ExtendedConfig ASPM ClockPM Segments MSI]
[    0.119657] acpi PNP0A08:00: _OSC: OS now controls [PCIeHotplug PME AER PCIeCapability]
[    0.119658] acpi PNP0A08:00: FADT indicates ASPM is unsupported, using BIOS configuration
[    0.119671] arch/x86/pci/acpi.c 335 pci_acpi_scan_root -- functionpoint
[    0.119672] drivers/pci/search.c 144 pci_find_bus -- functionpoint
[    0.119674] drivers/pci/search.c 145 pci_find_bus functionpoint -- domain_num = 0, bus_num = 0
[    0.119678] drivers/pci/search.c 176 pci_find_next_bus -- functionpoint
[    0.119678] drivers/pci/search.c 157 pci_find_bus not found bus -- functionpoint
[    0.119691] drivers/acpi/pci_root.c 881 acpi_pci_root_create -- functionpoint
[    0.120072] drivers/pci/probe.c 2643 pci_create_root_bus -- functionpoint
[    0.120074] drivers/pci/probe.c 533 pci_alloc_host_bridge -- functionpoint
[    0.120076] drivers/pci/probe.c 765 pci_register_host_bridge -- functionpoint
[    0.120077] drivers/pci/search.c 144 pci_find_bus -- functionpoint
[    0.120079] drivers/pci/search.c 145 pci_find_bus functionpoint -- domain_num = 0, bus_num = 0
[    0.120082] drivers/pci/search.c 176 pci_find_next_bus -- functionpoint
[    0.120083] drivers/pci/search.c 157 pci_find_bus not found bus -- functionpoint
[    0.121122] drivers/pci/probe.c 2009 pci_bus_read_dev_vendor_id -- functionpoint
[    0.121137] drivers/pci/probe.c 2009 pci_bus_read_dev_vendor_id -- functionpoint
[    0.121152] drivers/pci/probe.c 2009 pci_bus_read_dev_vendor_id -- functionpoint
[    0.121172] drivers/pci/probe.c 2009 pci_bus_read_dev_vendor_id -- functionpoint
[    0.121183] drivers/pci/probe.c 2009 pci_bus_read_dev_vendor_id -- functionpoint
[    0.121198] drivers/pci/probe.c 2009 pci_bus_read_dev_vendor_id -- functionpoint
[    0.121206] drivers/pci/probe.c 2009 pci_bus_read_dev_vendor_id -- functionpoint
[    0.121219] drivers/pci/probe.c 2009 pci_bus_read_dev_vendor_id -- functionpoint
[    0.121233] drivers/pci/probe.c 2009 pci_bus_read_dev_vendor_id -- functionpoint
[    0.121239] drivers/pci/probe.c 2009 pci_bus_read_dev_vendor_id -- functionpoint
[    0.121250] drivers/pci/probe.c 2009 pci_bus_read_dev_vendor_id -- functionpoint
[    0.121297] drivers/pci/probe.c 2009 pci_bus_read_dev_vendor_id -- functionpoint
[    0.121349] drivers/pci/probe.c 2009 pci_bus_read_dev_vendor_id -- functionpoint
[    0.121400] drivers/pci/probe.c 2009 pci_bus_read_dev_vendor_id -- functionpoint
[    0.121451] drivers/pci/probe.c 2009 pci_bus_read_dev_vendor_id -- functionpoint
[    0.121503] drivers/pci/probe.c 2009 pci_bus_read_dev_vendor_id -- functionpoint
[    0.121554] drivers/pci/probe.c 2009 pci_bus_read_dev_vendor_id -- functionpoint
[    0.121605] drivers/pci/probe.c 2009 pci_bus_read_dev_vendor_id -- functionpoint
[    0.121653] drivers/pci/probe.c 2009 pci_bus_read_dev_vendor_id -- functionpoint
[    0.121706] drivers/pci/probe.c 2009 pci_bus_read_dev_vendor_id -- functionpoint
[    0.121757] drivers/pci/probe.c 2009 pci_bus_read_dev_vendor_id -- functionpoint
[    0.121809] drivers/pci/probe.c 2009 pci_bus_read_dev_vendor_id -- functionpoint
[    0.121861] drivers/pci/probe.c 2009 pci_bus_read_dev_vendor_id -- functionpoint
[    0.121912] drivers/pci/probe.c 2009 pci_bus_read_dev_vendor_id -- functionpoint
[    0.121964] drivers/pci/probe.c 2009 pci_bus_read_dev_vendor_id -- functionpoint
[    0.122015] drivers/pci/probe.c 2009 pci_bus_read_dev_vendor_id -- functionpoint
[    0.122067] drivers/pci/probe.c 2009 pci_bus_read_dev_vendor_id -- functionpoint
[    0.122120] drivers/pci/probe.c 2009 pci_bus_read_dev_vendor_id -- functionpoint
[    0.122171] drivers/pci/probe.c 2009 pci_bus_read_dev_vendor_id -- functionpoint
[    0.122223] drivers/pci/probe.c 2009 pci_bus_read_dev_vendor_id -- functionpoint
[    0.122275] drivers/pci/probe.c 2009 pci_bus_read_dev_vendor_id -- functionpoint
[    0.122327] drivers/pci/probe.c 2009 pci_bus_read_dev_vendor_id -- functionpoint
[    0.122375] drivers/pci/probe.c 2009 pci_bus_read_dev_vendor_id -- functionpoint
[    0.122426] drivers/pci/probe.c 2009 pci_bus_read_dev_vendor_id -- functionpoint
[    0.122478] drivers/pci/probe.c 2009 pci_bus_read_dev_vendor_id -- functionpoint
[    0.122494] drivers/pci/probe.c 2009 pci_bus_read_dev_vendor_id -- functionpoint
[    0.122512] drivers/pci/probe.c 2009 pci_bus_read_dev_vendor_id -- functionpoint
[    0.122526] drivers/pci/probe.c 2009 pci_bus_read_dev_vendor_id -- functionpoint
[    0.122537] drivers/pci/probe.c 2009 pci_bus_read_dev_vendor_id -- functionpoint
[    0.122551] drivers/pci/probe.c 2009 pci_bus_read_dev_vendor_id -- functionpoint
[    0.122559] drivers/pci/probe.c 2009 pci_bus_read_dev_vendor_id -- functionpoint
[    0.122566] drivers/pci/probe.c 2009 pci_bus_read_dev_vendor_id -- functionpoint
[    0.122574] PCI host bridge to bus 0000:00
[    0.122577] pci_bus 0000:00: root bus resource [io  0x0000-0x0cf7 window]
[    0.122579] pci_bus 0000:00: root bus resource [io  0x0d00-0xffff window]
[    0.122580] pci_bus 0000:00: root bus resource [mem 0x000a0000-0x000bffff window]
[    0.122581] pci_bus 0000:00: root bus resource [mem 0xd4800000-0xf7ffffff window]
[    0.122582] pci_bus 0000:00: root bus resource [mem 0x4000000000-0x7fffffffff window]
[    0.122583] pci_bus 0000:00: root bus resource [mem 0xfc800000-0xfe7fffff window]
[    0.122584] pci_bus 0000:00: root bus resource [bus 00-3e]
[    0.122585] drivers/pci/probe.c 2497 pci_scan_child_bus_extend -- functionpoint
[    0.122586] pci_bus 0000:00: drivers/pci/probe.c 2501 pci_scan_child_bus_extend-- functionpoint -- scanning bus
[    0.122590] drivers/pci/probe.c 2281 pci_scan_slot -- functionpoint
[    0.122590] drivers/pci/probe.c 2196 pci_scan_single_device -- functionpoint
[    0.122592] drivers/pci/search.c 206 pci_get_slot -- functionpoint
[    0.122594] drivers/pci/search.c 215 pci_get_slot return value is NULL -- functionpoint
[    0.122595] drivers/pci/probe.c 2035 pci_scan_device -- functionpoint
[    0.122597] drivers/pci/probe.c 2009 pci_bus_read_dev_vendor_id -- functionpoint
[    0.122600] drivers/pci/probe.c 2048 pci_scan_device -- functionpoint -- dev_vendor: 8086, dev_device: 3e30
[    0.122603] drivers/pci/probe.c 1453 pci_setup_device -- functionpoint
[    0.122604] drivers/pci/probe.c 1242 set_pcie_port_type -- functionpoint
[    0.122610] pci 0000:00:00.0: [8086:3e30] type 00 class 0x060000
[    0.122613] pci 0000:00:00.0: drivers/pci/probe.c 1482 pci_setup_device functionpoint -- [8086:3e30] type 00 class 0x060000 multifunction 00
[    0.122627] drivers/pci/probe.c 1513 pci_setup_device  switch case PCI_HEADER_TYPE_NORMAL -- functionpoint
[    0.122639] drivers/pci/probe.c 2145 pci_device_add -- functionpoint
[    0.122651] drivers/pci/pci.c 2409 pci_pm_init -- functionpoint
[    0.123628] drivers/pci/probe.c 2288 pci_scan_slot -- functionpoint -- fn = 0, devfn = 0, fn+devfn = 0
[    0.123631] drivers/pci/probe.c 2220 next_fn -- functionpoint
[    0.123632] drivers/pci/probe.c 2281 pci_scan_slot -- functionpoint
[    0.123633] drivers/pci/probe.c 2196 pci_scan_single_device -- functionpoint
[    0.123635] drivers/pci/search.c 206 pci_get_slot -- functionpoint
[    0.123636] drivers/pci/search.c 215 pci_get_slot return value is NULL -- functionpoint
[    0.123638] drivers/pci/probe.c 2035 pci_scan_device -- functionpoint
[    0.123640] drivers/pci/probe.c 2009 pci_bus_read_dev_vendor_id -- functionpoint
[    0.123651] drivers/pci/probe.c 2288 pci_scan_slot -- functionpoint -- fn = 0, devfn = 8, fn+devfn = 8
[    0.123655] drivers/pci/probe.c 2281 pci_scan_slot -- functionpoint
[    0.123655] drivers/pci/probe.c 2196 pci_scan_single_device -- functionpoint
[    0.123657] drivers/pci/search.c 206 pci_get_slot -- functionpoint
[    0.123658] drivers/pci/search.c 215 pci_get_slot return value is NULL -- functionpoint
[    0.123660] drivers/pci/probe.c 2035 pci_scan_device -- functionpoint
[    0.123662] drivers/pci/probe.c 2009 pci_bus_read_dev_vendor_id -- functionpoint
[    0.123664] drivers/pci/probe.c 2048 pci_scan_device -- functionpoint -- dev_vendor: 8086, dev_device: 3e98
[    0.123667] drivers/pci/probe.c 1453 pci_setup_device -- functionpoint
[    0.123668] drivers/pci/probe.c 1242 set_pcie_port_type -- functionpoint
[    0.123674] pci 0000:00:02.0: [8086:3e98] type 00 class 0x030000
[    0.123677] pci 0000:00:02.0: drivers/pci/probe.c 1482 pci_setup_device functionpoint -- [8086:3e98] type 00 class 0x030000 multifunction 00
[    0.123682] drivers/pci/probe.c 1513 pci_setup_device  switch case PCI_HEADER_TYPE_NORMAL -- functionpoint
[    0.123688] pci 0000:00:02.0: reg 0x10: [mem 0xf0000000-0xf0ffffff 64bit]
[    0.123695] pci 0000:00:02.0: reg 0x18: [mem 0xe0000000-0xefffffff 64bit pref]
[    0.123698] pci 0000:00:02.0: reg 0x20: [io  0x4000-0x403f]
[    0.123704] drivers/pci/probe.c 2145 pci_device_add -- functionpoint
[    0.123711] pci 0000:00:02.0: BAR 2: assigned to efifb
[    0.123723] drivers/pci/pci.c 2409 pci_pm_init -- functionpoint
[    0.123727] pci 0000:00:02.0: drivers/pci/pci.c 2450 pci_pm_init --functionpoint-- supports
[    0.124728] drivers/pci/probe.c 2288 pci_scan_slot -- functionpoint -- fn = 0, devfn = 16, fn+devfn = 16
[    0.124730] drivers/pci/probe.c 2220 next_fn -- functionpoint
[    0.124731] drivers/pci/probe.c 2281 pci_scan_slot -- functionpoint
[    0.124732] drivers/pci/probe.c 2196 pci_scan_single_device -- functionpoint
[    0.124734] drivers/pci/search.c 206 pci_get_slot -- functionpoint
[    0.124736] drivers/pci/search.c 215 pci_get_slot return value is NULL -- functionpoint
[    0.124737] drivers/pci/probe.c 2035 pci_scan_device -- functionpoint
[    0.124739] drivers/pci/probe.c 2009 pci_bus_read_dev_vendor_id -- functionpoint
[    0.124750] drivers/pci/probe.c 2288 pci_scan_slot -- functionpoint -- fn = 0, devfn = 24, fn+devfn = 24
[    0.124754] drivers/pci/probe.c 2281 pci_scan_slot -- functionpoint
[    0.124754] drivers/pci/probe.c 2196 pci_scan_single_device -- functionpoint
[    0.124756] drivers/pci/search.c 206 pci_get_slot -- functionpoint
[    0.124757] drivers/pci/search.c 215 pci_get_slot return value is NULL -- functionpoint
[    0.124759] drivers/pci/probe.c 2035 pci_scan_device -- functionpoint
[    0.124761] drivers/pci/probe.c 2009 pci_bus_read_dev_vendor_id -- functionpoint
[    0.124775] drivers/pci/probe.c 2288 pci_scan_slot -- functionpoint -- fn = 0, devfn = 32, fn+devfn = 32
[    0.124779] drivers/pci/probe.c 2281 pci_scan_slot -- functionpoint
[    0.124779] drivers/pci/probe.c 2196 pci_scan_single_device -- functionpoint
[    0.124781] drivers/pci/search.c 206 pci_get_slot -- functionpoint
[    0.124782] drivers/pci/search.c 215 pci_get_slot return value is NULL -- functionpoint
[    0.124784] drivers/pci/probe.c 2035 pci_scan_device -- functionpoint
[    0.124786] drivers/pci/probe.c 2009 pci_bus_read_dev_vendor_id -- functionpoint
[    0.124800] drivers/pci/probe.c 2288 pci_scan_slot -- functionpoint -- fn = 0, devfn = 40, fn+devfn = 40
[    0.124804] drivers/pci/probe.c 2281 pci_scan_slot -- functionpoint
[    0.124804] drivers/pci/probe.c 2196 pci_scan_single_device -- functionpoint
[    0.124806] drivers/pci/search.c 206 pci_get_slot -- functionpoint
[    0.124807] drivers/pci/search.c 215 pci_get_slot return value is NULL -- functionpoint
[    0.124809] drivers/pci/probe.c 2035 pci_scan_device -- functionpoint
[    0.124811] drivers/pci/probe.c 2009 pci_bus_read_dev_vendor_id -- functionpoint
[    0.124825] drivers/pci/probe.c 2288 pci_scan_slot -- functionpoint -- fn = 0, devfn = 48, fn+devfn = 48
[    0.124829] drivers/pci/probe.c 2281 pci_scan_slot -- functionpoint
[    0.124829] drivers/pci/probe.c 2196 pci_scan_single_device -- functionpoint
[    0.124831] drivers/pci/search.c 206 pci_get_slot -- functionpoint
[    0.124832] drivers/pci/search.c 215 pci_get_slot return value is NULL -- functionpoint
[    0.124834] drivers/pci/probe.c 2035 pci_scan_device -- functionpoint
[    0.124836] drivers/pci/probe.c 2009 pci_bus_read_dev_vendor_id -- functionpoint
[    0.124850] drivers/pci/probe.c 2288 pci_scan_slot -- functionpoint -- fn = 0, devfn = 56, fn+devfn = 56
[    0.124853] drivers/pci/probe.c 2281 pci_scan_slot -- functionpoint
[    0.124853] drivers/pci/probe.c 2196 pci_scan_single_device -- functionpoint
[    0.124855] drivers/pci/search.c 206 pci_get_slot -- functionpoint
[    0.124857] drivers/pci/search.c 215 pci_get_slot return value is NULL -- functionpoint
[    0.124858] drivers/pci/probe.c 2035 pci_scan_device -- functionpoint
[    0.124860] drivers/pci/probe.c 2009 pci_bus_read_dev_vendor_id -- functionpoint
[    0.124875] drivers/pci/probe.c 2288 pci_scan_slot -- functionpoint -- fn = 0, devfn = 64, fn+devfn = 64
[    0.124879] drivers/pci/probe.c 2281 pci_scan_slot -- functionpoint
[    0.124879] drivers/pci/probe.c 2196 pci_scan_single_device -- functionpoint
[    0.124881] drivers/pci/search.c 206 pci_get_slot -- functionpoint
[    0.124882] drivers/pci/search.c 215 pci_get_slot return value is NULL -- functionpoint
[    0.124884] drivers/pci/probe.c 2035 pci_scan_device -- functionpoint
[    0.124886] drivers/pci/probe.c 2009 pci_bus_read_dev_vendor_id -- functionpoint
[    0.124899] drivers/pci/probe.c 2288 pci_scan_slot -- functionpoint -- fn = 0, devfn = 72, fn+devfn = 72
[    0.124902] drivers/pci/probe.c 2281 pci_scan_slot -- functionpoint
[    0.124902] drivers/pci/probe.c 2196 pci_scan_single_device -- functionpoint
[    0.124904] drivers/pci/search.c 206 pci_get_slot -- functionpoint
[    0.124906] drivers/pci/search.c 215 pci_get_slot return value is NULL -- functionpoint
[    0.124907] drivers/pci/probe.c 2035 pci_scan_device -- functionpoint
[    0.124909] drivers/pci/probe.c 2009 pci_bus_read_dev_vendor_id -- functionpoint
[    0.124924] drivers/pci/probe.c 2288 pci_scan_slot -- functionpoint -- fn = 0, devfn = 80, fn+devfn = 80
[    0.124927] drivers/pci/probe.c 2281 pci_scan_slot -- functionpoint
[    0.124928] drivers/pci/probe.c 2196 pci_scan_single_device -- functionpoint
[    0.124929] drivers/pci/search.c 206 pci_get_slot -- functionpoint
[    0.124931] drivers/pci/search.c 215 pci_get_slot return value is NULL -- functionpoint
[    0.124932] drivers/pci/probe.c 2035 pci_scan_device -- functionpoint
[    0.124934] drivers/pci/probe.c 2009 pci_bus_read_dev_vendor_id -- functionpoint
[    0.124948] drivers/pci/probe.c 2288 pci_scan_slot -- functionpoint -- fn = 0, devfn = 88, fn+devfn = 88
[    0.124951] drivers/pci/probe.c 2281 pci_scan_slot -- functionpoint
[    0.124952] drivers/pci/probe.c 2196 pci_scan_single_device -- functionpoint
[    0.124953] drivers/pci/search.c 206 pci_get_slot -- functionpoint
[    0.124955] drivers/pci/search.c 215 pci_get_slot return value is NULL -- functionpoint
[    0.124956] drivers/pci/probe.c 2035 pci_scan_device -- functionpoint
[    0.124958] drivers/pci/probe.c 2009 pci_bus_read_dev_vendor_id -- functionpoint
[    0.124973] drivers/pci/probe.c 2288 pci_scan_slot -- functionpoint -- fn = 0, devfn = 96, fn+devfn = 96
[    0.124976] drivers/pci/probe.c 2281 pci_scan_slot -- functionpoint
[    0.124977] drivers/pci/probe.c 2196 pci_scan_single_device -- functionpoint
[    0.124978] drivers/pci/search.c 206 pci_get_slot -- functionpoint
[    0.124980] drivers/pci/search.c 215 pci_get_slot return value is NULL -- functionpoint
[    0.124981] drivers/pci/probe.c 2035 pci_scan_device -- functionpoint
[    0.124983] drivers/pci/probe.c 2009 pci_bus_read_dev_vendor_id -- functionpoint
[    0.124998] drivers/pci/probe.c 2288 pci_scan_slot -- functionpoint -- fn = 0, devfn = 104, fn+devfn = 104
[    0.125002] drivers/pci/probe.c 2281 pci_scan_slot -- functionpoint
[    0.125002] drivers/pci/probe.c 2196 pci_scan_single_device -- functionpoint
[    0.125003] drivers/pci/search.c 206 pci_get_slot -- functionpoint
[    0.125005] drivers/pci/search.c 215 pci_get_slot return value is NULL -- functionpoint
[    0.125007] drivers/pci/probe.c 2035 pci_scan_device -- functionpoint
[    0.125008] drivers/pci/probe.c 2009 pci_bus_read_dev_vendor_id -- functionpoint
[    0.125023] drivers/pci/probe.c 2288 pci_scan_slot -- functionpoint -- fn = 0, devfn = 112, fn+devfn = 112
[    0.125027] drivers/pci/probe.c 2281 pci_scan_slot -- functionpoint
[    0.125027] drivers/pci/probe.c 2196 pci_scan_single_device -- functionpoint
[    0.125028] drivers/pci/search.c 206 pci_get_slot -- functionpoint
[    0.125030] drivers/pci/search.c 215 pci_get_slot return value is NULL -- functionpoint
[    0.125032] drivers/pci/probe.c 2035 pci_scan_device -- functionpoint
[    0.125033] drivers/pci/probe.c 2009 pci_bus_read_dev_vendor_id -- functionpoint
[    0.125048] drivers/pci/probe.c 2288 pci_scan_slot -- functionpoint -- fn = 0, devfn = 120, fn+devfn = 120
[    0.125052] drivers/pci/probe.c 2281 pci_scan_slot -- functionpoint
[    0.125052] drivers/pci/probe.c 2196 pci_scan_single_device -- functionpoint
[    0.125054] drivers/pci/search.c 206 pci_get_slot -- functionpoint
[    0.125055] drivers/pci/search.c 215 pci_get_slot return value is NULL -- functionpoint
[    0.125057] drivers/pci/probe.c 2035 pci_scan_device -- functionpoint
[    0.125058] drivers/pci/probe.c 2009 pci_bus_read_dev_vendor_id -- functionpoint
[    0.125073] drivers/pci/probe.c 2288 pci_scan_slot -- functionpoint -- fn = 0, devfn = 128, fn+devfn = 128
[    0.125077] drivers/pci/probe.c 2281 pci_scan_slot -- functionpoint
[    0.125077] drivers/pci/probe.c 2196 pci_scan_single_device -- functionpoint
[    0.125078] drivers/pci/search.c 206 pci_get_slot -- functionpoint
[    0.125080] drivers/pci/search.c 215 pci_get_slot return value is NULL -- functionpoint
[    0.125082] drivers/pci/probe.c 2035 pci_scan_device -- functionpoint
[    0.125083] drivers/pci/probe.c 2009 pci_bus_read_dev_vendor_id -- functionpoint
[    0.125098] drivers/pci/probe.c 2288 pci_scan_slot -- functionpoint -- fn = 0, devfn = 136, fn+devfn = 136
[    0.125102] drivers/pci/probe.c 2281 pci_scan_slot -- functionpoint
[    0.125102] drivers/pci/probe.c 2196 pci_scan_single_device -- functionpoint
[    0.125103] drivers/pci/search.c 206 pci_get_slot -- functionpoint
[    0.125105] drivers/pci/search.c 215 pci_get_slot return value is NULL -- functionpoint
[    0.125107] drivers/pci/probe.c 2035 pci_scan_device -- functionpoint
[    0.125108] drivers/pci/probe.c 2009 pci_bus_read_dev_vendor_id -- functionpoint
[    0.125113] drivers/pci/probe.c 2048 pci_scan_device -- functionpoint -- dev_vendor: 8086, dev_device: a379
[    0.125117] drivers/pci/probe.c 1453 pci_setup_device -- functionpoint
[    0.125119] drivers/pci/probe.c 1242 set_pcie_port_type -- functionpoint
[    0.125130] pci 0000:00:12.0: [8086:a379] type 00 class 0x118000
[    0.125133] pci 0000:00:12.0: drivers/pci/probe.c 1482 pci_setup_device functionpoint -- [8086:a379] type 00 class 0x118000 multifunction 01
[    0.125147] drivers/pci/probe.c 1513 pci_setup_device  switch case PCI_HEADER_TYPE_NORMAL -- functionpoint
[    0.125165] pci 0000:00:12.0: reg 0x10: [mem 0x4000107000-0x4000107fff 64bit]
[    0.125207] drivers/pci/probe.c 2145 pci_device_add -- functionpoint
[    0.125244] drivers/pci/pci.c 2409 pci_pm_init -- functionpoint
[    0.125253] pci 0000:00:12.0: drivers/pci/pci.c 2450 pci_pm_init --functionpoint-- supports
[    0.126232] drivers/pci/probe.c 2288 pci_scan_slot -- functionpoint -- fn = 0, devfn = 144, fn+devfn = 144
[    0.126234] drivers/pci/probe.c 2220 next_fn -- functionpoint
[    0.126235] drivers/pci/probe.c 2196 pci_scan_single_device -- functionpoint
[    0.126236] drivers/pci/search.c 206 pci_get_slot -- functionpoint
[    0.126238] drivers/pci/search.c 215 pci_get_slot return value is NULL -- functionpoint
[    0.126239] drivers/pci/probe.c 2035 pci_scan_device -- functionpoint
[    0.126241] drivers/pci/probe.c 2009 pci_bus_read_dev_vendor_id -- functionpoint
[    0.126253] drivers/pci/probe.c 2298 pci_scan_slot -- functionpoint -- fn = 1, devfn = 144, fn+devfn = 145
[    0.126256] drivers/pci/probe.c 2220 next_fn -- functionpoint
[    0.126257] drivers/pci/probe.c 2196 pci_scan_single_device -- functionpoint
[    0.126258] drivers/pci/search.c 206 pci_get_slot -- functionpoint
[    0.126260] drivers/pci/search.c 215 pci_get_slot return value is NULL -- functionpoint
[    0.126262] drivers/pci/probe.c 2035 pci_scan_device -- functionpoint
[    0.126263] drivers/pci/probe.c 2009 pci_bus_read_dev_vendor_id -- functionpoint
[    0.126279] drivers/pci/probe.c 2298 pci_scan_slot -- functionpoint -- fn = 2, devfn = 144, fn+devfn = 146
[    0.126282] drivers/pci/probe.c 2220 next_fn -- functionpoint
[    0.126282] drivers/pci/probe.c 2196 pci_scan_single_device -- functionpoint
[    0.126284] drivers/pci/search.c 206 pci_get_slot -- functionpoint
[    0.126285] drivers/pci/search.c 215 pci_get_slot return value is NULL -- functionpoint
[    0.126287] drivers/pci/probe.c 2035 pci_scan_device -- functionpoint
[    0.126289] drivers/pci/probe.c 2009 pci_bus_read_dev_vendor_id -- functionpoint
[    0.126304] drivers/pci/probe.c 2298 pci_scan_slot -- functionpoint -- fn = 3, devfn = 144, fn+devfn = 147
[    0.126307] drivers/pci/probe.c 2220 next_fn -- functionpoint
[    0.126307] drivers/pci/probe.c 2196 pci_scan_single_device -- functionpoint
[    0.126309] drivers/pci/search.c 206 pci_get_slot -- functionpoint
[    0.126310] drivers/pci/search.c 215 pci_get_slot return value is NULL -- functionpoint
[    0.126312] drivers/pci/probe.c 2035 pci_scan_device -- functionpoint
[    0.126314] drivers/pci/probe.c 2009 pci_bus_read_dev_vendor_id -- functionpoint
[    0.126329] drivers/pci/probe.c 2298 pci_scan_slot -- functionpoint -- fn = 4, devfn = 144, fn+devfn = 148
[    0.126332] drivers/pci/probe.c 2220 next_fn -- functionpoint
[    0.126332] drivers/pci/probe.c 2196 pci_scan_single_device -- functionpoint
[    0.126334] drivers/pci/search.c 206 pci_get_slot -- functionpoint
[    0.126336] drivers/pci/search.c 215 pci_get_slot return value is NULL -- functionpoint
[    0.126337] drivers/pci/probe.c 2035 pci_scan_device -- functionpoint
[    0.126339] drivers/pci/probe.c 2009 pci_bus_read_dev_vendor_id -- functionpoint
[    0.126353] drivers/pci/probe.c 2298 pci_scan_slot -- functionpoint -- fn = 5, devfn = 144, fn+devfn = 149
[    0.126357] drivers/pci/probe.c 2220 next_fn -- functionpoint
[    0.126357] drivers/pci/probe.c 2196 pci_scan_single_device -- functionpoint
[    0.126358] drivers/pci/search.c 206 pci_get_slot -- functionpoint
[    0.126360] drivers/pci/search.c 215 pci_get_slot return value is NULL -- functionpoint
[    0.126362] drivers/pci/probe.c 2035 pci_scan_device -- functionpoint
[    0.126363] drivers/pci/probe.c 2009 pci_bus_read_dev_vendor_id -- functionpoint
[    0.126373] drivers/pci/probe.c 2298 pci_scan_slot -- functionpoint -- fn = 6, devfn = 144, fn+devfn = 150
[    0.126376] drivers/pci/probe.c 2220 next_fn -- functionpoint
[    0.126377] drivers/pci/probe.c 2196 pci_scan_single_device -- functionpoint
[    0.126378] drivers/pci/search.c 206 pci_get_slot -- functionpoint
[    0.126380] drivers/pci/search.c 215 pci_get_slot return value is NULL -- functionpoint
[    0.126382] drivers/pci/probe.c 2035 pci_scan_device -- functionpoint
[    0.126383] drivers/pci/probe.c 2009 pci_bus_read_dev_vendor_id -- functionpoint
[    0.126399] drivers/pci/probe.c 2298 pci_scan_slot -- functionpoint -- fn = 7, devfn = 144, fn+devfn = 151
[    0.126403] drivers/pci/probe.c 2220 next_fn -- functionpoint
[    0.126403] drivers/pci/probe.c 2281 pci_scan_slot -- functionpoint
[    0.126405] drivers/pci/probe.c 2196 pci_scan_single_device -- functionpoint
[    0.126406] drivers/pci/search.c 206 pci_get_slot -- functionpoint
[    0.126408] drivers/pci/search.c 215 pci_get_slot return value is NULL -- functionpoint
[    0.126409] drivers/pci/probe.c 2035 pci_scan_device -- functionpoint
[    0.126411] drivers/pci/probe.c 2009 pci_bus_read_dev_vendor_id -- functionpoint
[    0.126417] drivers/pci/probe.c 2288 pci_scan_slot -- functionpoint -- fn = 0, devfn = 152, fn+devfn = 152
[    0.126421] drivers/pci/probe.c 2281 pci_scan_slot -- functionpoint
[    0.126421] drivers/pci/probe.c 2196 pci_scan_single_device -- functionpoint
[    0.126423] drivers/pci/search.c 206 pci_get_slot -- functionpoint
[    0.126424] drivers/pci/search.c 215 pci_get_slot return value is NULL -- functionpoint
[    0.126426] drivers/pci/probe.c 2035 pci_scan_device -- functionpoint
[    0.126428] drivers/pci/probe.c 2009 pci_bus_read_dev_vendor_id -- functionpoint
[    0.126436] drivers/pci/probe.c 2048 pci_scan_device -- functionpoint -- dev_vendor: 8086, dev_device: a36d
[    0.126440] drivers/pci/probe.c 1453 pci_setup_device -- functionpoint
[    0.126441] drivers/pci/probe.c 1242 set_pcie_port_type -- functionpoint
[    0.126454] pci 0000:00:14.0: [8086:a36d] type 00 class 0x0c0330
[    0.126457] pci 0000:00:14.0: drivers/pci/probe.c 1482 pci_setup_device functionpoint -- [8086:a36d] type 00 class 0x0c0330 multifunction 01
[    0.126472] drivers/pci/probe.c 1513 pci_setup_device  switch case PCI_HEADER_TYPE_NORMAL -- functionpoint
[    0.126493] pci 0000:00:14.0: reg 0x10: [mem 0xf1220000-0xf122ffff 64bit]
[    0.126549] drivers/pci/probe.c 2145 pci_device_add -- functionpoint
[    0.126592] drivers/pci/pci.c 2409 pci_pm_init -- functionpoint
[    0.126600] pci 0000:00:14.0: drivers/pci/pci.c 2450 pci_pm_init --functionpoint-- supports
[    0.126604] pci 0000:00:14.0: PME# supported from D3hot D3cold
[    0.126605] pci 0000:00:14.0: drivers/pci/pci.c 2462 pci_pm_init --functionpoint-- PME# supported from D3hot D3cold
[    0.126611] pci 0000:00:14.0: drivers/pci/pci.c 1891 pci_pme_active --functionpoint-- PME# disabled
[    0.127660] drivers/pci/probe.c 2288 pci_scan_slot -- functionpoint -- fn = 0, devfn = 160, fn+devfn = 160
[    0.127662] drivers/pci/probe.c 2220 next_fn -- functionpoint
[    0.127663] drivers/pci/probe.c 2196 pci_scan_single_device -- functionpoint
[    0.127664] drivers/pci/search.c 206 pci_get_slot -- functionpoint
[    0.127666] drivers/pci/search.c 215 pci_get_slot return value is NULL -- functionpoint
[    0.127667] drivers/pci/probe.c 2035 pci_scan_device -- functionpoint
[    0.127669] drivers/pci/probe.c 2009 pci_bus_read_dev_vendor_id -- functionpoint
[    0.127681] drivers/pci/probe.c 2298 pci_scan_slot -- functionpoint -- fn = 1, devfn = 160, fn+devfn = 161
[    0.127684] drivers/pci/probe.c 2220 next_fn -- functionpoint
[    0.127684] drivers/pci/probe.c 2196 pci_scan_single_device -- functionpoint
[    0.127686] drivers/pci/search.c 206 pci_get_slot -- functionpoint
[    0.127688] drivers/pci/search.c 215 pci_get_slot return value is NULL -- functionpoint
[    0.127689] drivers/pci/probe.c 2035 pci_scan_device -- functionpoint
[    0.127691] drivers/pci/probe.c 2009 pci_bus_read_dev_vendor_id -- functionpoint
[    0.127701] drivers/pci/probe.c 2048 pci_scan_device -- functionpoint -- dev_vendor: 8086, dev_device: a36f
[    0.127704] drivers/pci/probe.c 1453 pci_setup_device -- functionpoint
[    0.127706] drivers/pci/probe.c 1242 set_pcie_port_type -- functionpoint
[    0.127715] pci 0000:00:14.2: [8086:a36f] type 00 class 0x050000
[    0.127718] pci 0000:00:14.2: drivers/pci/probe.c 1482 pci_setup_device functionpoint -- [8086:a36f] type 00 class 0x050000 multifunction 00
[    0.127731] drivers/pci/probe.c 1513 pci_setup_device  switch case PCI_HEADER_TYPE_NORMAL -- functionpoint
[    0.127747] pci 0000:00:14.2: reg 0x10: [mem 0xf1232000-0xf1233fff 64bit]
[    0.127763] pci 0000:00:14.2: reg 0x18: [mem 0x4000106000-0x4000106fff 64bit]
[    0.127788] drivers/pci/probe.c 2145 pci_device_add -- functionpoint
[    0.127815] drivers/pci/pci.c 2409 pci_pm_init -- functionpoint
[    0.127823] pci 0000:00:14.2: drivers/pci/pci.c 2450 pci_pm_init --functionpoint-- supports
[    0.128810] drivers/pci/probe.c 2298 pci_scan_slot -- functionpoint -- fn = 2, devfn = 160, fn+devfn = 162
[    0.128812] drivers/pci/probe.c 2220 next_fn -- functionpoint
[    0.128813] drivers/pci/probe.c 2196 pci_scan_single_device -- functionpoint
[    0.128814] drivers/pci/search.c 206 pci_get_slot -- functionpoint
[    0.128816] drivers/pci/search.c 215 pci_get_slot return value is NULL -- functionpoint
[    0.128817] drivers/pci/probe.c 2035 pci_scan_device -- functionpoint
[    0.128819] drivers/pci/probe.c 2009 pci_bus_read_dev_vendor_id -- functionpoint
[    0.128824] drivers/pci/probe.c 2298 pci_scan_slot -- functionpoint -- fn = 3, devfn = 160, fn+devfn = 163
[    0.128828] drivers/pci/probe.c 2220 next_fn -- functionpoint
[    0.128828] drivers/pci/probe.c 2196 pci_scan_single_device -- functionpoint
[    0.128830] drivers/pci/search.c 206 pci_get_slot -- functionpoint
[    0.128831] drivers/pci/search.c 215 pci_get_slot return value is NULL -- functionpoint
[    0.128833] drivers/pci/probe.c 2035 pci_scan_device -- functionpoint
[    0.128835] drivers/pci/probe.c 2009 pci_bus_read_dev_vendor_id -- functionpoint
[    0.128852] drivers/pci/probe.c 2298 pci_scan_slot -- functionpoint -- fn = 4, devfn = 160, fn+devfn = 164
[    0.128855] drivers/pci/probe.c 2220 next_fn -- functionpoint
[    0.128856] drivers/pci/probe.c 2196 pci_scan_single_device -- functionpoint
[    0.128857] drivers/pci/search.c 206 pci_get_slot -- functionpoint
[    0.128859] drivers/pci/search.c 215 pci_get_slot return value is NULL -- functionpoint
[    0.128860] drivers/pci/probe.c 2035 pci_scan_device -- functionpoint
[    0.128862] drivers/pci/probe.c 2009 pci_bus_read_dev_vendor_id -- functionpoint
[    0.128876] drivers/pci/probe.c 2298 pci_scan_slot -- functionpoint -- fn = 5, devfn = 160, fn+devfn = 165
[    0.128879] drivers/pci/probe.c 2220 next_fn -- functionpoint
[    0.128879] drivers/pci/probe.c 2196 pci_scan_single_device -- functionpoint
[    0.128881] drivers/pci/search.c 206 pci_get_slot -- functionpoint
[    0.128883] drivers/pci/search.c 215 pci_get_slot return value is NULL -- functionpoint
[    0.128884] drivers/pci/probe.c 2035 pci_scan_device -- functionpoint
[    0.128886] drivers/pci/probe.c 2009 pci_bus_read_dev_vendor_id -- functionpoint
[    0.128901] drivers/pci/probe.c 2298 pci_scan_slot -- functionpoint -- fn = 6, devfn = 160, fn+devfn = 166
[    0.128904] drivers/pci/probe.c 2220 next_fn -- functionpoint
[    0.128905] drivers/pci/probe.c 2196 pci_scan_single_device -- functionpoint
[    0.128906] drivers/pci/search.c 206 pci_get_slot -- functionpoint
[    0.128908] drivers/pci/search.c 215 pci_get_slot return value is NULL -- functionpoint
[    0.128909] drivers/pci/probe.c 2035 pci_scan_device -- functionpoint
[    0.128911] drivers/pci/probe.c 2009 pci_bus_read_dev_vendor_id -- functionpoint
[    0.128926] drivers/pci/probe.c 2298 pci_scan_slot -- functionpoint -- fn = 7, devfn = 160, fn+devfn = 167
[    0.128929] drivers/pci/probe.c 2220 next_fn -- functionpoint
[    0.128930] drivers/pci/probe.c 2281 pci_scan_slot -- functionpoint
[    0.128931] drivers/pci/probe.c 2196 pci_scan_single_device -- functionpoint
[    0.128933] drivers/pci/search.c 206 pci_get_slot -- functionpoint
[    0.128934] drivers/pci/search.c 215 pci_get_slot return value is NULL -- functionpoint
[    0.128936] drivers/pci/probe.c 2035 pci_scan_device -- functionpoint
[    0.128938] drivers/pci/probe.c 2009 pci_bus_read_dev_vendor_id -- functionpoint
[    0.128944] drivers/pci/probe.c 2288 pci_scan_slot -- functionpoint -- fn = 0, devfn = 168, fn+devfn = 168
[    0.128947] drivers/pci/probe.c 2281 pci_scan_slot -- functionpoint
[    0.128948] drivers/pci/probe.c 2196 pci_scan_single_device -- functionpoint
[    0.128949] drivers/pci/search.c 206 pci_get_slot -- functionpoint
[    0.128951] drivers/pci/search.c 215 pci_get_slot return value is NULL -- functionpoint
[    0.128952] drivers/pci/probe.c 2035 pci_scan_device -- functionpoint
[    0.128954] drivers/pci/probe.c 2009 pci_bus_read_dev_vendor_id -- functionpoint
[    0.128968] drivers/pci/probe.c 2048 pci_scan_device -- functionpoint -- dev_vendor: 8086, dev_device: a360
[    0.128972] drivers/pci/probe.c 1453 pci_setup_device -- functionpoint
[    0.128973] drivers/pci/probe.c 1242 set_pcie_port_type -- functionpoint
[    0.128986] pci 0000:00:16.0: [8086:a360] type 00 class 0x078000
[    0.128989] pci 0000:00:16.0: drivers/pci/probe.c 1482 pci_setup_device functionpoint -- [8086:a360] type 00 class 0x078000 multifunction 01
[    0.129004] drivers/pci/probe.c 1513 pci_setup_device  switch case PCI_HEADER_TYPE_NORMAL -- functionpoint
[    0.129022] pci 0000:00:16.0: reg 0x10: [mem 0x4000105000-0x4000105fff 64bit]
[    0.129063] drivers/pci/probe.c 2145 pci_device_add -- functionpoint
[    0.129106] drivers/pci/pci.c 2409 pci_pm_init -- functionpoint
[    0.129114] pci 0000:00:16.0: drivers/pci/pci.c 2450 pci_pm_init --functionpoint-- supports
[    0.129118] pci 0000:00:16.0: PME# supported from D3hot
[    0.129119] pci 0000:00:16.0: drivers/pci/pci.c 2462 pci_pm_init --functionpoint-- PME# supported from D3hot
[    0.129125] pci 0000:00:16.0: drivers/pci/pci.c 1891 pci_pme_active --functionpoint-- PME# disabled
[    0.130166] drivers/pci/probe.c 2288 pci_scan_slot -- functionpoint -- fn = 0, devfn = 176, fn+devfn = 176
[    0.130169] drivers/pci/probe.c 2220 next_fn -- functionpoint
[    0.130169] drivers/pci/probe.c 2196 pci_scan_single_device -- functionpoint
[    0.130171] drivers/pci/search.c 206 pci_get_slot -- functionpoint
[    0.130172] drivers/pci/search.c 215 pci_get_slot return value is NULL -- functionpoint
[    0.130174] drivers/pci/probe.c 2035 pci_scan_device -- functionpoint
[    0.130176] drivers/pci/probe.c 2009 pci_bus_read_dev_vendor_id -- functionpoint
[    0.130187] drivers/pci/probe.c 2298 pci_scan_slot -- functionpoint -- fn = 1, devfn = 176, fn+devfn = 177
[    0.130190] drivers/pci/probe.c 2220 next_fn -- functionpoint
[    0.130191] drivers/pci/probe.c 2196 pci_scan_single_device -- functionpoint
[    0.130192] drivers/pci/search.c 206 pci_get_slot -- functionpoint
[    0.130194] drivers/pci/search.c 215 pci_get_slot return value is NULL -- functionpoint
[    0.130196] drivers/pci/probe.c 2035 pci_scan_device -- functionpoint
[    0.130197] drivers/pci/probe.c 2009 pci_bus_read_dev_vendor_id -- functionpoint
[    0.130212] drivers/pci/probe.c 2298 pci_scan_slot -- functionpoint -- fn = 2, devfn = 176, fn+devfn = 178
[    0.130216] drivers/pci/probe.c 2220 next_fn -- functionpoint
[    0.130216] drivers/pci/probe.c 2196 pci_scan_single_device -- functionpoint
[    0.130218] drivers/pci/search.c 206 pci_get_slot -- functionpoint
[    0.130219] drivers/pci/search.c 215 pci_get_slot return value is NULL -- functionpoint
[    0.130221] drivers/pci/probe.c 2035 pci_scan_device -- functionpoint
[    0.130223] drivers/pci/probe.c 2009 pci_bus_read_dev_vendor_id -- functionpoint
[    0.130234] drivers/pci/probe.c 2048 pci_scan_device -- functionpoint -- dev_vendor: 8086, dev_device: a363
[    0.130237] drivers/pci/probe.c 1453 pci_setup_device -- functionpoint
[    0.130239] drivers/pci/probe.c 1242 set_pcie_port_type -- functionpoint
[    0.130250] pci 0000:00:16.3: [8086:a363] type 00 class 0x070002
[    0.130253] pci 0000:00:16.3: drivers/pci/probe.c 1482 pci_setup_device functionpoint -- [8086:a363] type 00 class 0x070002 multifunction 01
[    0.130267] drivers/pci/probe.c 1513 pci_setup_device  switch case PCI_HEADER_TYPE_NORMAL -- functionpoint
[    0.130278] pci 0000:00:16.3: reg 0x10: [io  0x4088-0x408f]
[    0.130289] pci 0000:00:16.3: reg 0x14: [mem 0xf1237000-0xf1237fff]
[    0.130329] drivers/pci/probe.c 2145 pci_device_add -- functionpoint
[    0.130364] drivers/pci/pci.c 2409 pci_pm_init -- functionpoint
[    0.130374] pci 0000:00:16.3: drivers/pci/pci.c 2450 pci_pm_init --functionpoint-- supports
[    0.131357] drivers/pci/probe.c 2298 pci_scan_slot -- functionpoint -- fn = 3, devfn = 176, fn+devfn = 179
[    0.131360] drivers/pci/probe.c 2220 next_fn -- functionpoint
[    0.131360] drivers/pci/probe.c 2196 pci_scan_single_device -- functionpoint
[    0.131362] drivers/pci/search.c 206 pci_get_slot -- functionpoint
[    0.131364] drivers/pci/search.c 215 pci_get_slot return value is NULL -- functionpoint
[    0.131365] drivers/pci/probe.c 2035 pci_scan_device -- functionpoint
[    0.131367] drivers/pci/probe.c 2009 pci_bus_read_dev_vendor_id -- functionpoint
[    0.131378] drivers/pci/probe.c 2298 pci_scan_slot -- functionpoint -- fn = 4, devfn = 176, fn+devfn = 180
[    0.131382] drivers/pci/probe.c 2220 next_fn -- functionpoint
[    0.131382] drivers/pci/probe.c 2196 pci_scan_single_device -- functionpoint
[    0.131384] drivers/pci/search.c 206 pci_get_slot -- functionpoint
[    0.131385] drivers/pci/search.c 215 pci_get_slot return value is NULL -- functionpoint
[    0.131387] drivers/pci/probe.c 2035 pci_scan_device -- functionpoint
[    0.131389] drivers/pci/probe.c 2009 pci_bus_read_dev_vendor_id -- functionpoint
[    0.131404] drivers/pci/probe.c 2298 pci_scan_slot -- functionpoint -- fn = 5, devfn = 176, fn+devfn = 181
[    0.131407] drivers/pci/probe.c 2220 next_fn -- functionpoint
[    0.131408] drivers/pci/probe.c 2196 pci_scan_single_device -- functionpoint
[    0.131409] drivers/pci/search.c 206 pci_get_slot -- functionpoint
[    0.131411] drivers/pci/search.c 215 pci_get_slot return value is NULL -- functionpoint
[    0.131413] drivers/pci/probe.c 2035 pci_scan_device -- functionpoint
[    0.131414] drivers/pci/probe.c 2009 pci_bus_read_dev_vendor_id -- functionpoint
[    0.131429] drivers/pci/probe.c 2298 pci_scan_slot -- functionpoint -- fn = 6, devfn = 176, fn+devfn = 182
[    0.131432] drivers/pci/probe.c 2220 next_fn -- functionpoint
[    0.131433] drivers/pci/probe.c 2196 pci_scan_single_device -- functionpoint
[    0.131434] drivers/pci/search.c 206 pci_get_slot -- functionpoint
[    0.131436] drivers/pci/search.c 215 pci_get_slot return value is NULL -- functionpoint
[    0.131437] drivers/pci/probe.c 2035 pci_scan_device -- functionpoint
[    0.131439] drivers/pci/probe.c 2009 pci_bus_read_dev_vendor_id -- functionpoint
[    0.131454] drivers/pci/probe.c 2298 pci_scan_slot -- functionpoint -- fn = 7, devfn = 176, fn+devfn = 183
[    0.131457] drivers/pci/probe.c 2220 next_fn -- functionpoint
[    0.131458] drivers/pci/probe.c 2281 pci_scan_slot -- functionpoint
[    0.131459] drivers/pci/probe.c 2196 pci_scan_single_device -- functionpoint
[    0.131461] drivers/pci/search.c 206 pci_get_slot -- functionpoint
[    0.131463] drivers/pci/search.c 215 pci_get_slot return value is NULL -- functionpoint
[    0.131464] drivers/pci/probe.c 2035 pci_scan_device -- functionpoint
[    0.131466] drivers/pci/probe.c 2009 pci_bus_read_dev_vendor_id -- functionpoint
[    0.131475] drivers/pci/probe.c 2048 pci_scan_device -- functionpoint -- dev_vendor: 8086, dev_device: a352
[    0.131479] drivers/pci/probe.c 1453 pci_setup_device -- functionpoint
[    0.131481] drivers/pci/probe.c 1242 set_pcie_port_type -- functionpoint
[    0.131493] pci 0000:00:17.0: [8086:a352] type 00 class 0x010601
[    0.131496] pci 0000:00:17.0: drivers/pci/probe.c 1482 pci_setup_device functionpoint -- [8086:a352] type 00 class 0x010601 multifunction 00
[    0.131511] drivers/pci/probe.c 1513 pci_setup_device  switch case PCI_HEADER_TYPE_NORMAL -- functionpoint
[    0.131526] pci 0000:00:17.0: reg 0x10: [mem 0xf1230000-0xf1231fff]
[    0.131539] pci 0000:00:17.0: reg 0x14: [mem 0xf1236000-0xf12360ff]
[    0.131550] pci 0000:00:17.0: reg 0x18: [io  0x4080-0x4087]
[    0.131561] pci 0000:00:17.0: reg 0x1c: [io  0x4090-0x4093]
[    0.131572] pci 0000:00:17.0: reg 0x20: [io  0x4060-0x407f]
[    0.131583] pci 0000:00:17.0: reg 0x24: [mem 0xf1235000-0xf12357ff]
[    0.131597] drivers/pci/probe.c 2145 pci_device_add -- functionpoint
[    0.131637] drivers/pci/pci.c 2409 pci_pm_init -- functionpoint
[    0.131647] pci 0000:00:17.0: drivers/pci/pci.c 2450 pci_pm_init --functionpoint-- supports
[    0.131651] pci 0000:00:17.0: PME# supported from D3hot
[    0.131652] pci 0000:00:17.0: drivers/pci/pci.c 2462 pci_pm_init --functionpoint-- PME# supported from D3hot
[    0.131657] pci 0000:00:17.0: drivers/pci/pci.c 1891 pci_pme_active --functionpoint-- PME# disabled
[    0.132729] drivers/pci/probe.c 2288 pci_scan_slot -- functionpoint -- fn = 0, devfn = 184, fn+devfn = 184
[    0.132732] drivers/pci/probe.c 2220 next_fn -- functionpoint
[    0.132732] drivers/pci/probe.c 2281 pci_scan_slot -- functionpoint
[    0.132734] drivers/pci/probe.c 2196 pci_scan_single_device -- functionpoint
[    0.132736] drivers/pci/search.c 206 pci_get_slot -- functionpoint
[    0.132737] drivers/pci/search.c 215 pci_get_slot return value is NULL -- functionpoint
[    0.132739] drivers/pci/probe.c 2035 pci_scan_device -- functionpoint
[    0.132741] drivers/pci/probe.c 2009 pci_bus_read_dev_vendor_id -- functionpoint
[    0.132752] drivers/pci/probe.c 2288 pci_scan_slot -- functionpoint -- fn = 0, devfn = 192, fn+devfn = 192
[    0.132756] drivers/pci/probe.c 2281 pci_scan_slot -- functionpoint
[    0.132756] drivers/pci/probe.c 2196 pci_scan_single_device -- functionpoint
[    0.132758] drivers/pci/search.c 206 pci_get_slot -- functionpoint
[    0.132759] drivers/pci/search.c 215 pci_get_slot return value is NULL -- functionpoint
[    0.132761] drivers/pci/probe.c 2035 pci_scan_device -- functionpoint
[    0.132763] drivers/pci/probe.c 2009 pci_bus_read_dev_vendor_id -- functionpoint
[    0.132777] drivers/pci/probe.c 2288 pci_scan_slot -- functionpoint -- fn = 0, devfn = 200, fn+devfn = 200
[    0.132780] drivers/pci/probe.c 2281 pci_scan_slot -- functionpoint
[    0.132780] drivers/pci/probe.c 2196 pci_scan_single_device -- functionpoint
[    0.132782] drivers/pci/search.c 206 pci_get_slot -- functionpoint
[    0.132784] drivers/pci/search.c 215 pci_get_slot return value is NULL -- functionpoint
[    0.132785] drivers/pci/probe.c 2035 pci_scan_device -- functionpoint
[    0.132787] drivers/pci/probe.c 2009 pci_bus_read_dev_vendor_id -- functionpoint
[    0.132802] drivers/pci/probe.c 2288 pci_scan_slot -- functionpoint -- fn = 0, devfn = 208, fn+devfn = 208
[    0.132805] drivers/pci/probe.c 2281 pci_scan_slot -- functionpoint
[    0.132805] drivers/pci/probe.c 2196 pci_scan_single_device -- functionpoint
[    0.132807] drivers/pci/search.c 206 pci_get_slot -- functionpoint
[    0.132809] drivers/pci/search.c 215 pci_get_slot return value is NULL -- functionpoint
[    0.132810] drivers/pci/probe.c 2035 pci_scan_device -- functionpoint
[    0.132812] drivers/pci/probe.c 2009 pci_bus_read_dev_vendor_id -- functionpoint
[    0.132819] drivers/pci/probe.c 2048 pci_scan_device -- functionpoint -- dev_vendor: 8086, dev_device: a32c
[    0.132822] drivers/pci/probe.c 1453 pci_setup_device -- functionpoint
[    0.132824] drivers/pci/probe.c 1242 set_pcie_port_type -- functionpoint
[    0.132833] drivers/pci/probe.c 1262 set_pcie_port_type --functionpoint-- root_port or pcie_bridge
[    0.132838] pci 0000:00:1b.0: [8086:a32c] type 01 class 0x060400
[    0.132841] pci 0000:00:1b.0: drivers/pci/probe.c 1482 pci_setup_device functionpoint -- [8086:a32c] type 01 class 0x060400 multifunction 01
[    0.132863] drivers/pci/probe.c 1566 pci_setup_device switch case PCI_HEADER_TYPE_BRIDGE -- functionpoint
[    0.132908] drivers/pci/probe.c 2145 pci_device_add -- functionpoint
[    0.132978] drivers/pci/pci.c 2409 pci_pm_init -- functionpoint
[    0.132991] pci 0000:00:1b.0: drivers/pci/pci.c 2450 pci_pm_init --functionpoint-- supports
[    0.132995] pci 0000:00:1b.0: PME# supported from D0 D3hot D3cold
[    0.132996] pci 0000:00:1b.0: drivers/pci/pci.c 2462 pci_pm_init --functionpoint-- PME# supported from D0 D3hot D3cold
[    0.133009] pci 0000:00:1b.0: drivers/pci/pci.c 1891 pci_pme_active --functionpoint-- PME# disabled
[    0.133040] pci 0000:00:1b.0: PTM enabled (root), 4dns granularity
[    0.134103] drivers/pci/probe.c 2288 pci_scan_slot -- functionpoint -- fn = 0, devfn = 216, fn+devfn = 216
[    0.134106] drivers/pci/probe.c 2220 next_fn -- functionpoint
[    0.134106] drivers/pci/probe.c 2196 pci_scan_single_device -- functionpoint
[    0.134107] drivers/pci/search.c 206 pci_get_slot -- functionpoint
[    0.134109] drivers/pci/search.c 215 pci_get_slot return value is NULL -- functionpoint
[    0.134111] drivers/pci/probe.c 2035 pci_scan_device -- functionpoint
[    0.134113] drivers/pci/probe.c 2009 pci_bus_read_dev_vendor_id -- functionpoint
[    0.134124] drivers/pci/probe.c 2298 pci_scan_slot -- functionpoint -- fn = 1, devfn = 216, fn+devfn = 217
[    0.134128] drivers/pci/probe.c 2220 next_fn -- functionpoint
[    0.134128] drivers/pci/probe.c 2196 pci_scan_single_device -- functionpoint
[    0.134129] drivers/pci/search.c 206 pci_get_slot -- functionpoint
[    0.134131] drivers/pci/search.c 215 pci_get_slot return value is NULL -- functionpoint
[    0.134133] drivers/pci/probe.c 2035 pci_scan_device -- functionpoint
[    0.134134] drivers/pci/probe.c 2009 pci_bus_read_dev_vendor_id -- functionpoint
[    0.134150] drivers/pci/probe.c 2298 pci_scan_slot -- functionpoint -- fn = 2, devfn = 216, fn+devfn = 218
[    0.134153] drivers/pci/probe.c 2220 next_fn -- functionpoint
[    0.134153] drivers/pci/probe.c 2196 pci_scan_single_device -- functionpoint
[    0.134155] drivers/pci/search.c 206 pci_get_slot -- functionpoint
[    0.134157] drivers/pci/search.c 215 pci_get_slot return value is NULL -- functionpoint
[    0.134158] drivers/pci/probe.c 2035 pci_scan_device -- functionpoint
[    0.134160] drivers/pci/probe.c 2009 pci_bus_read_dev_vendor_id -- functionpoint
[    0.134175] drivers/pci/probe.c 2298 pci_scan_slot -- functionpoint -- fn = 3, devfn = 216, fn+devfn = 219
[    0.134178] drivers/pci/probe.c 2220 next_fn -- functionpoint
[    0.134179] drivers/pci/probe.c 2196 pci_scan_single_device -- functionpoint
[    0.134180] drivers/pci/search.c 206 pci_get_slot -- functionpoint
[    0.134182] drivers/pci/search.c 215 pci_get_slot return value is NULL -- functionpoint
[    0.134183] drivers/pci/probe.c 2035 pci_scan_device -- functionpoint
[    0.134185] drivers/pci/probe.c 2009 pci_bus_read_dev_vendor_id -- functionpoint
[    0.134198] drivers/pci/probe.c 2298 pci_scan_slot -- functionpoint -- fn = 4, devfn = 216, fn+devfn = 220
[    0.134202] drivers/pci/probe.c 2220 next_fn -- functionpoint
[    0.134202] drivers/pci/probe.c 2196 pci_scan_single_device -- functionpoint
[    0.134204] drivers/pci/search.c 206 pci_get_slot -- functionpoint
[    0.134205] drivers/pci/search.c 215 pci_get_slot return value is NULL -- functionpoint
[    0.134207] drivers/pci/probe.c 2035 pci_scan_device -- functionpoint
[    0.134209] drivers/pci/probe.c 2009 pci_bus_read_dev_vendor_id -- functionpoint
[    0.134224] drivers/pci/probe.c 2298 pci_scan_slot -- functionpoint -- fn = 5, devfn = 216, fn+devfn = 221
[    0.134227] drivers/pci/probe.c 2220 next_fn -- functionpoint
[    0.134228] drivers/pci/probe.c 2196 pci_scan_single_device -- functionpoint
[    0.134229] drivers/pci/search.c 206 pci_get_slot -- functionpoint
[    0.134231] drivers/pci/search.c 215 pci_get_slot return value is NULL -- functionpoint
[    0.134232] drivers/pci/probe.c 2035 pci_scan_device -- functionpoint
[    0.134234] drivers/pci/probe.c 2009 pci_bus_read_dev_vendor_id -- functionpoint
[    0.134249] drivers/pci/probe.c 2298 pci_scan_slot -- functionpoint -- fn = 6, devfn = 216, fn+devfn = 222
[    0.134252] drivers/pci/probe.c 2220 next_fn -- functionpoint
[    0.134252] drivers/pci/probe.c 2196 pci_scan_single_device -- functionpoint
[    0.134254] drivers/pci/search.c 206 pci_get_slot -- functionpoint
[    0.134256] drivers/pci/search.c 215 pci_get_slot return value is NULL -- functionpoint
[    0.134257] drivers/pci/probe.c 2035 pci_scan_device -- functionpoint
[    0.134259] drivers/pci/probe.c 2009 pci_bus_read_dev_vendor_id -- functionpoint
[    0.134274] drivers/pci/probe.c 2298 pci_scan_slot -- functionpoint -- fn = 7, devfn = 216, fn+devfn = 223
[    0.134277] drivers/pci/probe.c 2220 next_fn -- functionpoint
[    0.134278] drivers/pci/probe.c 2281 pci_scan_slot -- functionpoint
[    0.134279] drivers/pci/probe.c 2196 pci_scan_single_device -- functionpoint
[    0.134281] drivers/pci/search.c 206 pci_get_slot -- functionpoint
[    0.134282] drivers/pci/search.c 215 pci_get_slot return value is NULL -- functionpoint
[    0.134284] drivers/pci/probe.c 2035 pci_scan_device -- functionpoint
[    0.134286] drivers/pci/probe.c 2009 pci_bus_read_dev_vendor_id -- functionpoint
[    0.134293] drivers/pci/probe.c 2048 pci_scan_device -- functionpoint -- dev_vendor: 8086, dev_device: a33e
[    0.134297] drivers/pci/probe.c 1453 pci_setup_device -- functionpoint
[    0.134299] drivers/pci/probe.c 1242 set_pcie_port_type -- functionpoint
[    0.134307] drivers/pci/probe.c 1262 set_pcie_port_type --functionpoint-- root_port or pcie_bridge
[    0.134313] pci 0000:00:1c.0: [8086:a33e] type 01 class 0x060400
[    0.134316] pci 0000:00:1c.0: drivers/pci/probe.c 1482 pci_setup_device functionpoint -- [8086:a33e] type 01 class 0x060400 multifunction 01
[    0.134336] drivers/pci/probe.c 1566 pci_setup_device switch case PCI_HEADER_TYPE_BRIDGE -- functionpoint
[    0.134382] drivers/pci/probe.c 2145 pci_device_add -- functionpoint
[    0.134450] drivers/pci/pci.c 2409 pci_pm_init -- functionpoint
[    0.134463] pci 0000:00:1c.0: drivers/pci/pci.c 2450 pci_pm_init --functionpoint-- supports
[    0.134467] pci 0000:00:1c.0: PME# supported from D0 D3hot D3cold
[    0.134468] pci 0000:00:1c.0: drivers/pci/pci.c 2462 pci_pm_init --functionpoint-- PME# supported from D0 D3hot D3cold
[    0.134474] pci 0000:00:1c.0: drivers/pci/pci.c 1891 pci_pme_active --functionpoint-- PME# disabled
[    0.134509] pci 0000:00:1c.0: PTM enabled (root), 4dns granularity
[    0.135569] drivers/pci/probe.c 2288 pci_scan_slot -- functionpoint -- fn = 0, devfn = 224, fn+devfn = 224
[    0.135572] drivers/pci/probe.c 2220 next_fn -- functionpoint
[    0.135572] drivers/pci/probe.c 2196 pci_scan_single_device -- functionpoint
[    0.135574] drivers/pci/search.c 206 pci_get_slot -- functionpoint
[    0.135575] drivers/pci/search.c 215 pci_get_slot return value is NULL -- functionpoint
[    0.135577] drivers/pci/probe.c 2035 pci_scan_device -- functionpoint
[    0.135579] drivers/pci/probe.c 2009 pci_bus_read_dev_vendor_id -- functionpoint
[    0.135591] drivers/pci/probe.c 2298 pci_scan_slot -- functionpoint -- fn = 1, devfn = 224, fn+devfn = 225
[    0.135594] drivers/pci/probe.c 2220 next_fn -- functionpoint
[    0.135594] drivers/pci/probe.c 2196 pci_scan_single_device -- functionpoint
[    0.135596] drivers/pci/search.c 206 pci_get_slot -- functionpoint
[    0.135598] drivers/pci/search.c 215 pci_get_slot return value is NULL -- functionpoint
[    0.135599] drivers/pci/probe.c 2035 pci_scan_device -- functionpoint
[    0.135601] drivers/pci/probe.c 2009 pci_bus_read_dev_vendor_id -- functionpoint
[    0.135616] drivers/pci/probe.c 2298 pci_scan_slot -- functionpoint -- fn = 2, devfn = 224, fn+devfn = 226
[    0.135620] drivers/pci/probe.c 2220 next_fn -- functionpoint
[    0.135620] drivers/pci/probe.c 2196 pci_scan_single_device -- functionpoint
[    0.135622] drivers/pci/search.c 206 pci_get_slot -- functionpoint
[    0.135623] drivers/pci/search.c 215 pci_get_slot return value is NULL -- functionpoint
[    0.135625] drivers/pci/probe.c 2035 pci_scan_device -- functionpoint
[    0.135627] drivers/pci/probe.c 2009 pci_bus_read_dev_vendor_id -- functionpoint
[    0.135641] drivers/pci/probe.c 2298 pci_scan_slot -- functionpoint -- fn = 3, devfn = 224, fn+devfn = 227
[    0.135645] drivers/pci/probe.c 2220 next_fn -- functionpoint
[    0.135645] drivers/pci/probe.c 2196 pci_scan_single_device -- functionpoint
[    0.135647] drivers/pci/search.c 206 pci_get_slot -- functionpoint
[    0.135648] drivers/pci/search.c 215 pci_get_slot return value is NULL -- functionpoint
[    0.135650] drivers/pci/probe.c 2035 pci_scan_device -- functionpoint
[    0.135652] drivers/pci/probe.c 2009 pci_bus_read_dev_vendor_id -- functionpoint
[    0.135666] drivers/pci/probe.c 2298 pci_scan_slot -- functionpoint -- fn = 4, devfn = 224, fn+devfn = 228
[    0.135670] drivers/pci/probe.c 2220 next_fn -- functionpoint
[    0.135670] drivers/pci/probe.c 2196 pci_scan_single_device -- functionpoint
[    0.135672] drivers/pci/search.c 206 pci_get_slot -- functionpoint
[    0.135673] drivers/pci/search.c 215 pci_get_slot return value is NULL -- functionpoint
[    0.135675] drivers/pci/probe.c 2035 pci_scan_device -- functionpoint
[    0.135677] drivers/pci/probe.c 2009 pci_bus_read_dev_vendor_id -- functionpoint
[    0.135691] drivers/pci/probe.c 2298 pci_scan_slot -- functionpoint -- fn = 5, devfn = 224, fn+devfn = 229
[    0.135695] drivers/pci/probe.c 2220 next_fn -- functionpoint
[    0.135695] drivers/pci/probe.c 2196 pci_scan_single_device -- functionpoint
[    0.135697] drivers/pci/search.c 206 pci_get_slot -- functionpoint
[    0.135698] drivers/pci/search.c 215 pci_get_slot return value is NULL -- functionpoint
[    0.135700] drivers/pci/probe.c 2035 pci_scan_device -- functionpoint
[    0.135702] drivers/pci/probe.c 2009 pci_bus_read_dev_vendor_id -- functionpoint
[    0.135716] drivers/pci/probe.c 2298 pci_scan_slot -- functionpoint -- fn = 6, devfn = 224, fn+devfn = 230
[    0.135720] drivers/pci/probe.c 2220 next_fn -- functionpoint
[    0.135720] drivers/pci/probe.c 2196 pci_scan_single_device -- functionpoint
[    0.135722] drivers/pci/search.c 206 pci_get_slot -- functionpoint
[    0.135723] drivers/pci/search.c 215 pci_get_slot return value is NULL -- functionpoint
[    0.135725] drivers/pci/probe.c 2035 pci_scan_device -- functionpoint
[    0.135727] drivers/pci/probe.c 2009 pci_bus_read_dev_vendor_id -- functionpoint
[    0.135741] drivers/pci/probe.c 2298 pci_scan_slot -- functionpoint -- fn = 7, devfn = 224, fn+devfn = 231
[    0.135745] drivers/pci/probe.c 2220 next_fn -- functionpoint
[    0.135745] drivers/pci/probe.c 2281 pci_scan_slot -- functionpoint
[    0.135747] drivers/pci/probe.c 2196 pci_scan_single_device -- functionpoint
[    0.135748] drivers/pci/search.c 206 pci_get_slot -- functionpoint
[    0.135750] drivers/pci/search.c 215 pci_get_slot return value is NULL -- functionpoint
[    0.135751] drivers/pci/probe.c 2035 pci_scan_device -- functionpoint
[    0.135753] drivers/pci/probe.c 2009 pci_bus_read_dev_vendor_id -- functionpoint
[    0.135765] drivers/pci/probe.c 2288 pci_scan_slot -- functionpoint -- fn = 0, devfn = 232, fn+devfn = 232
[    0.135768] drivers/pci/probe.c 2281 pci_scan_slot -- functionpoint
[    0.135769] drivers/pci/probe.c 2196 pci_scan_single_device -- functionpoint
[    0.135770] drivers/pci/search.c 206 pci_get_slot -- functionpoint
[    0.135772] drivers/pci/search.c 215 pci_get_slot return value is NULL -- functionpoint
[    0.135773] drivers/pci/probe.c 2035 pci_scan_device -- functionpoint
[    0.135775] drivers/pci/probe.c 2009 pci_bus_read_dev_vendor_id -- functionpoint
[    0.135785] drivers/pci/probe.c 2288 pci_scan_slot -- functionpoint -- fn = 0, devfn = 240, fn+devfn = 240
[    0.135788] drivers/pci/probe.c 2281 pci_scan_slot -- functionpoint
[    0.135789] drivers/pci/probe.c 2196 pci_scan_single_device -- functionpoint
[    0.135790] drivers/pci/search.c 206 pci_get_slot -- functionpoint
[    0.135792] drivers/pci/search.c 215 pci_get_slot return value is NULL -- functionpoint
[    0.135793] drivers/pci/probe.c 2035 pci_scan_device -- functionpoint
[    0.135795] drivers/pci/probe.c 2009 pci_bus_read_dev_vendor_id -- functionpoint
[    0.135810] drivers/pci/probe.c 2048 pci_scan_device -- functionpoint -- dev_vendor: 8086, dev_device: a306
[    0.135814] drivers/pci/probe.c 1453 pci_setup_device -- functionpoint
[    0.135816] drivers/pci/probe.c 1242 set_pcie_port_type -- functionpoint
[    0.135823] pci 0000:00:1f.0: [8086:a306] type 00 class 0x060100
[    0.135825] pci 0000:00:1f.0: drivers/pci/probe.c 1482 pci_setup_device functionpoint -- [8086:a306] type 00 class 0x060100 multifunction 01
[    0.135835] drivers/pci/probe.c 1513 pci_setup_device  switch case PCI_HEADER_TYPE_NORMAL -- functionpoint
[    0.135912] drivers/pci/probe.c 2145 pci_device_add -- functionpoint
[    0.135926] drivers/pci/pci.c 2409 pci_pm_init -- functionpoint
[    0.136940] drivers/pci/probe.c 2288 pci_scan_slot -- functionpoint -- fn = 0, devfn = 248, fn+devfn = 248
[    0.136943] drivers/pci/probe.c 2220 next_fn -- functionpoint
[    0.136944] drivers/pci/probe.c 2196 pci_scan_single_device -- functionpoint
[    0.136945] drivers/pci/search.c 206 pci_get_slot -- functionpoint
[    0.136947] drivers/pci/search.c 215 pci_get_slot return value is NULL -- functionpoint
[    0.136949] drivers/pci/probe.c 2035 pci_scan_device -- functionpoint
[    0.136951] drivers/pci/probe.c 2009 pci_bus_read_dev_vendor_id -- functionpoint
[    0.136962] drivers/pci/probe.c 2298 pci_scan_slot -- functionpoint -- fn = 1, devfn = 248, fn+devfn = 249
[    0.136966] drivers/pci/probe.c 2220 next_fn -- functionpoint
[    0.136966] drivers/pci/probe.c 2196 pci_scan_single_device -- functionpoint
[    0.136968] drivers/pci/search.c 206 pci_get_slot -- functionpoint
[    0.136969] drivers/pci/search.c 215 pci_get_slot return value is NULL -- functionpoint
[    0.136971] drivers/pci/probe.c 2035 pci_scan_device -- functionpoint
[    0.136973] drivers/pci/probe.c 2009 pci_bus_read_dev_vendor_id -- functionpoint
[    0.136988] drivers/pci/probe.c 2298 pci_scan_slot -- functionpoint -- fn = 2, devfn = 248, fn+devfn = 250
[    0.136991] drivers/pci/probe.c 2220 next_fn -- functionpoint
[    0.136992] drivers/pci/probe.c 2196 pci_scan_single_device -- functionpoint
[    0.136993] drivers/pci/search.c 206 pci_get_slot -- functionpoint
[    0.136995] drivers/pci/search.c 215 pci_get_slot return value is NULL -- functionpoint
[    0.136996] drivers/pci/probe.c 2035 pci_scan_device -- functionpoint
[    0.136998] drivers/pci/probe.c 2009 pci_bus_read_dev_vendor_id -- functionpoint
[    0.137008] drivers/pci/probe.c 2048 pci_scan_device -- functionpoint -- dev_vendor: 8086, dev_device: a348
[    0.137012] drivers/pci/probe.c 1453 pci_setup_device -- functionpoint
[    0.137014] drivers/pci/probe.c 1242 set_pcie_port_type -- functionpoint
[    0.137039] pci 0000:00:1f.3: [8086:a348] type 00 class 0x040300
[    0.137042] pci 0000:00:1f.3: drivers/pci/probe.c 1482 pci_setup_device functionpoint -- [8086:a348] type 00 class 0x040300 multifunction 00
[    0.137072] drivers/pci/probe.c 1513 pci_setup_device  switch case PCI_HEADER_TYPE_NORMAL -- functionpoint
[    0.137114] pci 0000:00:1f.3: reg 0x10: [mem 0x4000100000-0x4000103fff 64bit]
[    0.137179] pci 0000:00:1f.3: reg 0x20: [mem 0x4000000000-0x40000fffff 64bit]
[    0.137204] drivers/pci/probe.c 2145 pci_device_add -- functionpoint
[    0.137299] drivers/pci/pci.c 2409 pci_pm_init -- functionpoint
[    0.137314] pci 0000:00:1f.3: drivers/pci/pci.c 2450 pci_pm_init --functionpoint-- supports
[    0.137318] pci 0000:00:1f.3: PME# supported from D3hot D3cold
[    0.137319] pci 0000:00:1f.3: drivers/pci/pci.c 2462 pci_pm_init --functionpoint-- PME# supported from D3hot D3cold
[    0.137338] pci 0000:00:1f.3: drivers/pci/pci.c 1891 pci_pme_active --functionpoint-- PME# disabled
[    0.138454] drivers/pci/probe.c 2298 pci_scan_slot -- functionpoint -- fn = 3, devfn = 248, fn+devfn = 251
[    0.138456] drivers/pci/probe.c 2220 next_fn -- functionpoint
[    0.138457] drivers/pci/probe.c 2196 pci_scan_single_device -- functionpoint
[    0.138458] drivers/pci/search.c 206 pci_get_slot -- functionpoint
[    0.138460] drivers/pci/search.c 215 pci_get_slot return value is NULL -- functionpoint
[    0.138462] drivers/pci/probe.c 2035 pci_scan_device -- functionpoint
[    0.138464] drivers/pci/probe.c 2009 pci_bus_read_dev_vendor_id -- functionpoint
[    0.138476] drivers/pci/probe.c 2048 pci_scan_device -- functionpoint -- dev_vendor: 8086, dev_device: a323
[    0.138479] drivers/pci/probe.c 1453 pci_setup_device -- functionpoint
[    0.138487] drivers/pci/probe.c 1242 set_pcie_port_type -- functionpoint
[    0.138509] pci 0000:00:1f.4: [8086:a323] type 00 class 0x0c0500
[    0.138512] pci 0000:00:1f.4: drivers/pci/probe.c 1482 pci_setup_device functionpoint -- [8086:a323] type 00 class 0x0c0500 multifunction 00
[    0.138528] drivers/pci/probe.c 1513 pci_setup_device  switch case PCI_HEADER_TYPE_NORMAL -- functionpoint
[    0.138567] pci 0000:00:1f.4: reg 0x10: [mem 0x4000104000-0x40001040ff 64bit]
[    0.138629] pci 0000:00:1f.4: reg 0x20: [io  0xefa0-0xefbf]
[    0.138677] drivers/pci/probe.c 2145 pci_device_add -- functionpoint
[    0.138696] drivers/pci/pci.c 2409 pci_pm_init -- functionpoint
[    0.139717] drivers/pci/probe.c 2298 pci_scan_slot -- functionpoint -- fn = 4, devfn = 248, fn+devfn = 252
[    0.139720] drivers/pci/probe.c 2220 next_fn -- functionpoint
[    0.139721] drivers/pci/probe.c 2196 pci_scan_single_device -- functionpoint
[    0.139722] drivers/pci/search.c 206 pci_get_slot -- functionpoint
[    0.139724] drivers/pci/search.c 215 pci_get_slot return value is NULL -- functionpoint
[    0.139726] drivers/pci/probe.c 2035 pci_scan_device -- functionpoint
[    0.139728] drivers/pci/probe.c 2009 pci_bus_read_dev_vendor_id -- functionpoint
[    0.139738] drivers/pci/probe.c 2048 pci_scan_device -- functionpoint -- dev_vendor: 8086, dev_device: a324
[    0.139742] drivers/pci/probe.c 1453 pci_setup_device -- functionpoint
[    0.139744] drivers/pci/probe.c 1242 set_pcie_port_type -- functionpoint
[    0.139750] pci 0000:00:1f.5: [8086:a324] type 00 class 0x0c8000
[    0.139753] pci 0000:00:1f.5: drivers/pci/probe.c 1482 pci_setup_device functionpoint -- [8086:a324] type 00 class 0x0c8000 multifunction 00
[    0.139763] drivers/pci/probe.c 1513 pci_setup_device  switch case PCI_HEADER_TYPE_NORMAL -- functionpoint
[    0.139776] pci 0000:00:1f.5: reg 0x10: [mem 0xfe010000-0xfe010fff]
[    0.139842] drivers/pci/probe.c 2145 pci_device_add -- functionpoint
[    0.139855] drivers/pci/pci.c 2409 pci_pm_init -- functionpoint
[    0.140834] drivers/pci/probe.c 2298 pci_scan_slot -- functionpoint -- fn = 5, devfn = 248, fn+devfn = 253
[    0.140838] drivers/pci/probe.c 2220 next_fn -- functionpoint
[    0.140838] drivers/pci/probe.c 2196 pci_scan_single_device -- functionpoint
[    0.140840] drivers/pci/search.c 206 pci_get_slot -- functionpoint
[    0.140842] drivers/pci/search.c 215 pci_get_slot return value is NULL -- functionpoint
[    0.140843] drivers/pci/probe.c 2035 pci_scan_device -- functionpoint
[    0.140845] drivers/pci/probe.c 2009 pci_bus_read_dev_vendor_id -- functionpoint
[    0.140852] drivers/pci/probe.c 2048 pci_scan_device -- functionpoint -- dev_vendor: 8086, dev_device: 15bb
[    0.140856] drivers/pci/probe.c 1453 pci_setup_device -- functionpoint
[    0.140859] drivers/pci/probe.c 1242 set_pcie_port_type -- functionpoint
[    0.140879] pci 0000:00:1f.6: [8086:15bb] type 00 class 0x020000
[    0.140881] pci 0000:00:1f.6: drivers/pci/probe.c 1482 pci_setup_device functionpoint -- [8086:15bb] type 00 class 0x020000 multifunction 00
[    0.140897] drivers/pci/search.c 206 pci_get_slot -- functionpoint
[    0.140910] drivers/pci/probe.c 1513 pci_setup_device  switch case PCI_HEADER_TYPE_NORMAL -- functionpoint
[    0.140942] pci 0000:00:1f.6: reg 0x10: [mem 0xf1200000-0xf121ffff]
[    0.141090] drivers/pci/probe.c 2145 pci_device_add -- functionpoint
[    0.141167] drivers/pci/pci.c 2409 pci_pm_init -- functionpoint
[    0.141183] pci 0000:00:1f.6: drivers/pci/pci.c 2450 pci_pm_init --functionpoint-- supports
[    0.141187] pci 0000:00:1f.6: PME# supported from D0 D3hot D3cold
[    0.141188] pci 0000:00:1f.6: drivers/pci/pci.c 2462 pci_pm_init --functionpoint-- PME# supported from D0 D3hot D3cold
[    0.141207] pci 0000:00:1f.6: drivers/pci/pci.c 1891 pci_pme_active --functionpoint-- PME# disabled
[    0.142198] drivers/pci/probe.c 2298 pci_scan_slot -- functionpoint -- fn = 6, devfn = 248, fn+devfn = 254
[    0.142200] drivers/pci/probe.c 2220 next_fn -- functionpoint
[    0.142200] drivers/pci/probe.c 2196 pci_scan_single_device -- functionpoint
[    0.142202] drivers/pci/search.c 206 pci_get_slot -- functionpoint
[    0.142204] drivers/pci/search.c 215 pci_get_slot return value is NULL -- functionpoint
[    0.142205] drivers/pci/probe.c 2035 pci_scan_device -- functionpoint
[    0.142207] drivers/pci/probe.c 2009 pci_bus_read_dev_vendor_id -- functionpoint
[    0.142218] drivers/pci/probe.c 2298 pci_scan_slot -- functionpoint -- fn = 7, devfn = 248, fn+devfn = 255
[    0.142222] drivers/pci/probe.c 2220 next_fn -- functionpoint
[    0.142222] drivers/pci/probe.c 463 pci_read_bridge_bases -- functionpoint
[    0.142224] drivers/pci/probe.c 1002 pci_scan_bridge_extend -- functionpoint
[    0.142235] pci 0000:00:1b.0: drivers/pci/probe.c 1016 pci_scan_bridge_extend -- functionpoint -- scanning [bus 01-01] behind bridge, pass 0
[    0.142243] drivers/pci/search.c 144 pci_find_bus -- functionpoint
[    0.142244] drivers/pci/search.c 145 pci_find_bus functionpoint -- domain_num = 0, bus_num = 1
[    0.142247] drivers/pci/search.c 176 pci_find_next_bus -- functionpoint
[    0.142247] drivers/pci/search.c 176 pci_find_next_bus -- functionpoint
[    0.142249] drivers/pci/search.c 157 pci_find_bus not found bus -- functionpoint
[    0.142307] drivers/pci/probe.c 2009 pci_bus_read_dev_vendor_id -- functionpoint
[    0.142324] drivers/pci/probe.c 2497 pci_scan_child_bus_extend -- functionpoint
[    0.142326] pci_bus 0000:01: drivers/pci/probe.c 2501 pci_scan_child_bus_extend-- functionpoint -- scanning bus
[    0.142330] drivers/pci/probe.c 2281 pci_scan_slot -- functionpoint
[    0.142330] drivers/pci/probe.c 2196 pci_scan_single_device -- functionpoint
[    0.142332] drivers/pci/search.c 206 pci_get_slot -- functionpoint
[    0.142333] drivers/pci/search.c 215 pci_get_slot return value is NULL -- functionpoint
[    0.142335] drivers/pci/probe.c 2035 pci_scan_device -- functionpoint
[    0.142337] drivers/pci/probe.c 2009 pci_bus_read_dev_vendor_id -- functionpoint
[    0.142345] drivers/pci/probe.c 2048 pci_scan_device -- functionpoint -- dev_vendor: 1c5c, dev_device: 1339
[    0.142349] drivers/pci/probe.c 1453 pci_setup_device -- functionpoint
[    0.142351] drivers/pci/probe.c 1242 set_pcie_port_type -- functionpoint
[    0.142367] pci 0000:01:00.0: [1c5c:1339] type 00 class 0x010802
[    0.142370] pci 0000:01:00.0: drivers/pci/probe.c 1482 pci_setup_device functionpoint -- [1c5c:1339] type 00 class 0x010802 multifunction 00
[    0.142396] drivers/pci/probe.c 1513 pci_setup_device  switch case PCI_HEADER_TYPE_NORMAL -- functionpoint
[    0.142417] pci 0000:01:00.0: reg 0x10: [mem 0xf1100000-0xf1103fff 64bit]
[    0.142473] drivers/pci/probe.c 2145 pci_device_add -- functionpoint
[    0.142563] drivers/pci/pci.c 2409 pci_pm_init -- functionpoint
[    0.142571] pci 0000:01:00.0: supports D1
[    0.142574] pci 0000:01:00.0: drivers/pci/pci.c 2450 pci_pm_init --functionpoint-- supports D1
[    0.142576] pci 0000:01:00.0: PME# supported from D0 D1 D3hot
[    0.142578] pci 0000:01:00.0: drivers/pci/pci.c 2462 pci_pm_init --functionpoint-- PME# supported from D0 D1 D3hot
[    0.142590] pci 0000:01:00.0: drivers/pci/pci.c 1891 pci_pme_active --functionpoint-- PME# disabled
[    0.142682] drivers/pci/probe.c 2288 pci_scan_slot -- functionpoint -- fn = 0, devfn = 0, fn+devfn = 0
[    0.142685] drivers/pci/probe.c 2220 next_fn -- functionpoint
[    0.152073] drivers/pci/probe.c 2281 pci_scan_slot -- functionpoint
[    0.152075] drivers/pci/probe.c 2281 pci_scan_slot -- functionpoint
[    0.152077] drivers/pci/probe.c 2281 pci_scan_slot -- functionpoint
[    0.152078] drivers/pci/probe.c 2281 pci_scan_slot -- functionpoint
[    0.152080] drivers/pci/probe.c 2281 pci_scan_slot -- functionpoint
[    0.152081] drivers/pci/probe.c 2281 pci_scan_slot -- functionpoint
[    0.152083] drivers/pci/probe.c 2281 pci_scan_slot -- functionpoint
[    0.152084] drivers/pci/probe.c 2281 pci_scan_slot -- functionpoint
[    0.152086] drivers/pci/probe.c 2281 pci_scan_slot -- functionpoint
[    0.152087] drivers/pci/probe.c 2281 pci_scan_slot -- functionpoint
[    0.152089] drivers/pci/probe.c 2281 pci_scan_slot -- functionpoint
[    0.152090] drivers/pci/probe.c 2281 pci_scan_slot -- functionpoint
[    0.152092] drivers/pci/probe.c 2281 pci_scan_slot -- functionpoint
[    0.152093] drivers/pci/probe.c 2281 pci_scan_slot -- functionpoint
[    0.152095] drivers/pci/probe.c 2281 pci_scan_slot -- functionpoint
[    0.152096] drivers/pci/probe.c 2281 pci_scan_slot -- functionpoint
[    0.152098] drivers/pci/probe.c 2281 pci_scan_slot -- functionpoint
[    0.152099] drivers/pci/probe.c 2281 pci_scan_slot -- functionpoint
[    0.152101] drivers/pci/probe.c 2281 pci_scan_slot -- functionpoint
[    0.152102] drivers/pci/probe.c 2281 pci_scan_slot -- functionpoint
[    0.152104] drivers/pci/probe.c 2281 pci_scan_slot -- functionpoint
[    0.152105] drivers/pci/probe.c 2281 pci_scan_slot -- functionpoint
[    0.152107] drivers/pci/probe.c 2281 pci_scan_slot -- functionpoint
[    0.152108] drivers/pci/probe.c 2281 pci_scan_slot -- functionpoint
[    0.152110] drivers/pci/probe.c 2281 pci_scan_slot -- functionpoint
[    0.152111] drivers/pci/probe.c 2281 pci_scan_slot -- functionpoint
[    0.152113] drivers/pci/probe.c 2281 pci_scan_slot -- functionpoint
[    0.152114] drivers/pci/probe.c 2281 pci_scan_slot -- functionpoint
[    0.152116] drivers/pci/probe.c 2281 pci_scan_slot -- functionpoint
[    0.152117] drivers/pci/probe.c 2281 pci_scan_slot -- functionpoint
[    0.152119] drivers/pci/probe.c 2281 pci_scan_slot -- functionpoint
[    0.152120] drivers/pci/probe.c 463 pci_read_bridge_bases -- functionpoint
[    0.152123] pci 0000:00:1b.0: PCI bridge to [bus 01]
[    0.152136] pci 0000:00:1b.0:   bridge window [mem 0xf1100000-0xf11fffff]
[    0.152143] pci_bus 0000:01: drivers/pci/probe.c 2599 pci_scan_child_bus_extend -- functionpoint -- bus scan returning with max=01
[    0.152147] drivers/pci/probe.c 1002 pci_scan_bridge_extend -- functionpoint
[    0.152149] pci 0000:00:1c.0: drivers/pci/probe.c 1016 pci_scan_bridge_extend -- functionpoint -- scanning [bus 02-03] behind bridge, pass 0
[    0.152157] drivers/pci/search.c 144 pci_find_bus -- functionpoint
[    0.152158] drivers/pci/search.c 145 pci_find_bus functionpoint -- domain_num = 0, bus_num = 2
[    0.152161] drivers/pci/search.c 176 pci_find_next_bus -- functionpoint
