[    0.000000] microcode: microcode updated early to revision 0xde, date = 2020-05-24
[    0.000000] Linux version 4.15.9+ (root@Yee-680G4) (gcc version 5.5.0 20171010 (Ubuntu 5.5.0-12ubuntu1~16.04)) #47 SMP Tue Dec 22 16:47:27 CST 2020
[    0.000000] Command line: BOOT_IMAGE=/boot/vmlinuz-4.15.9+ root=/dev/nvme0n1p2 initcall_debug=1
[    0.000000] KERNEL supported cpus:
[    0.000000]   Intel GenuineIntel
[    0.000000]   AMD AuthenticAMD
[    0.000000]   Centaur CentaurHauls
[    0.000000] x86/fpu: Supporting XSAVE feature 0x001: 'x87 floating point registers'
[    0.000000] x86/fpu: Supporting XSAVE feature 0x002: 'SSE registers'
[    0.000000] x86/fpu: Supporting XSAVE feature 0x004: 'AVX registers'
[    0.000000] x86/fpu: Supporting XSAVE feature 0x008: 'MPX bounds registers'
[    0.000000] x86/fpu: Supporting XSAVE feature 0x010: 'MPX CSR'
[    0.000000] x86/fpu: xstate_offset[2]:  576, xstate_sizes[2]:  256
[    0.000000] x86/fpu: xstate_offset[3]:  832, xstate_sizes[3]:   64
[    0.000000] x86/fpu: xstate_offset[4]:  896, xstate_sizes[4]:   64
[    0.000000] x86/fpu: Enabled xstate features 0x1f, context size is 960 bytes, using 'compacted' format.
[    0.000000] e820: BIOS-provided physical RAM map:
[    0.000000] BIOS-e820: [mem 0x0000000000000000-0x000000000009efff] usable
[    0.000000] BIOS-e820: [mem 0x000000000009f000-0x00000000000fffff] reserved
[    0.000000] BIOS-e820: [mem 0x0000000000100000-0x00000000be6aafff] usable
[    0.000000] BIOS-e820: [mem 0x00000000be6ab000-0x00000000bf98efff] reserved
[    0.000000] BIOS-e820: [mem 0x00000000bf98f000-0x00000000bfb8efff] ACPI NVS
[    0.000000] BIOS-e820: [mem 0x00000000bfb8f000-0x00000000bfc0efff] ACPI data
[    0.000000] BIOS-e820: [mem 0x00000000bfc0f000-0x00000000bfc0ffff] usable
[    0.000000] BIOS-e820: [mem 0x00000000bfc10000-0x00000000d47fffff] reserved
[    0.000000] BIOS-e820: [mem 0x00000000fe010000-0x00000000fe010fff] reserved
[    0.000000] BIOS-e820: [mem 0x00000000ff000000-0x00000000ffffffff] reserved
[    0.000000] BIOS-e820: [mem 0x0000000100000000-0x00000004277fffff] usable
[    0.000000] NX (Execute Disable) protection: active
[    0.000000] efi: EFI v2.60 by HP
[    0.000000] efi:  ACPI=0xbfc0e000  ACPI 2.0=0xbfc0e014  SMBIOS=0xbee75000  ESRT=0xbee76018  MEMATTR=0xaf750018 
[    0.000000] random: fast init done
[    0.000000] SMBIOS 3.1 present.
[    0.000000] DMI: HP HP ProDesk 680 G4 MT/8580, BIOS R04 Ver. 02.11.01 04/27/2020
[    0.000000] e820: update [mem 0x00000000-0x00000fff] usable ==> reserved
[    0.000000] e820: remove [mem 0x000a0000-0x000fffff] usable
[    0.000000] e820: last_pfn = 0x427800 max_arch_pfn = 0x400000000
[    0.000000] MTRR default type: write-back
[    0.000000] MTRR fixed ranges enabled:
[    0.000000]   00000-9FFFF write-back
[    0.000000]   A0000-BFFFF uncachable
[    0.000000]   C0000-FFFFF write-protect
[    0.000000] MTRR variable ranges enabled:
[    0.000000]   0 base 00E0000000 mask 7FE0000000 uncachable
[    0.000000]   1 base 00D0000000 mask 7FF0000000 uncachable
[    0.000000]   2 base 00C8000000 mask 7FF8000000 uncachable
[    0.000000]   3 base 00C4000000 mask 7FFC000000 uncachable
[    0.000000]   4 base 2000000000 mask 6000000000 uncachable
[    0.000000]   5 base 1000000000 mask 7000000000 uncachable
[    0.000000]   6 base 0800000000 mask 7800000000 uncachable
[    0.000000]   7 base 4000000000 mask 4000000000 uncachable
[    0.000000]   8 disabled
[    0.000000]   9 disabled
[    0.000000] x86/PAT: Configuration [0-7]: WB  WC  UC- UC  WB  WP  UC- WT  
[    0.000000] e820: last_pfn = 0xbfc10 max_arch_pfn = 0x400000000
[    0.000000] esrt: Reserving ESRT space from 0x00000000bee76018 to 0x00000000bee76050.
[    0.000000] Scanning 1 areas for low memory corruption
[    0.000000] Base memory trampoline at [        (ptrval)] 99000 size 24576
[    0.000000] Using GB pages for direct mapping
[    0.000000] BRK [0x2693fa000, 0x2693fafff] PGTABLE
[    0.000000] BRK [0x2693fb000, 0x2693fbfff] PGTABLE
[    0.000000] BRK [0x2693fc000, 0x2693fcfff] PGTABLE
[    0.000000] BRK [0x2693fd000, 0x2693fdfff] PGTABLE
[    0.000000] BRK [0x2693fe000, 0x2693fefff] PGTABLE
[    0.000000] BRK [0x2693ff000, 0x2693fffff] PGTABLE
[    0.000000] BRK [0x269400000, 0x269400fff] PGTABLE
[    0.000000] BRK [0x269401000, 0x269401fff] PGTABLE
[    0.000000] Secure boot could not be determined
[    0.000000] RAMDISK: [mem 0x232b9000-0x3e1affff]
[    0.000000] ACPI: Early table checksum verification disabled
[    0.000000] ACPI: RSDP 0x00000000BFC0E014 000024 (v02 HPQOEM)
[    0.000000] ACPI: XSDT 0x00000000BFBC7188 0000DC (v01 HPQOEM SLIC-BPC 00000000 INTL 20160422)
[    0.000000] ACPI: FACP 0x00000000BFC08000 000114 (v06 HPQOEM SLIC-BPC 00000000 HP   00000001)
[    0.000000] ACPI: DSDT 0x00000000BFBE5000 01E092 (v02 HPQOEM 8580     00000000 INTL 20160527)
[    0.000000] ACPI: FACS 0x00000000BFB3F000 000040
[    0.000000] ACPI: SSDT 0x00000000BFC0C000 00012A (v02 HP     ShmTable 00000001 INTL 20160527)
[    0.000000] ACPI: SSDT 0x00000000BFC0A000 001B5F (v02 CpuRef CpuSsdt  00003000 INTL 20160527)
[    0.000000] ACPI: SSDT 0x00000000BFC09000 0009CF (v02 CtdpB  CtdpB    00001000 INTL 20160527)
[    0.000000] ACPI: HPET 0x00000000BFC07000 000038 (v01 HPQOEM 8580     00000001 HP   00000001)
[    0.000000] ACPI: APIC 0x00000000BFC06000 00012C (v03 HPQOEM 8580     00000001 HP   00000001)
[    0.000000] ACPI: MCFG 0x00000000BFC05000 00003C (v01 HPQOEM 8580     00000001 HP   00000001)
[    0.000000] ACPI: WSMT 0x00000000BFC04000 000028 (v01 HPQOEM 8580     00000001 HP   00000001)
[    0.000000] ACPI: SSDT 0x00000000BFBE4000 000734 (v01 HPQOEM PtidDevc 00001000 INTL 20160527)
[    0.000000] ACPI: SSDT 0x00000000BFBE3000 000B27 (v02 HPQOEM HP_XHC_P 00000000 INTL 20160527)
[    0.000000] ACPI: SSDT 0x00000000BFBDF000 0030ED (v02 SaSsdt SaSsdt   00003000 INTL 20160527)
[    0.000000] ACPI: LPIT 0x00000000BFBDE000 000094 (v01 INTEL  CFL      20170001 INTL 20160422)
[    0.000000] ACPI: WSMT 0x00000000BFBDD000 000028 (v01 INTEL  CFL      20170001 INTL 20160422)
[    0.000000] ACPI: SSDT 0x00000000BFBDC000 00044C (v02 INTEL  Wwan     00000001 INTL 20160527)
[    0.000000] ACPI: UEFI 0x00000000BFB39000 000042 (v01 INTEL  CFL      20170001 INTL 20160422)
[    0.000000] ACPI: OEML 0x00000000BFBDB000 000028 (v03 INTEL  CFL      20170001 INTL 20160422)
[    0.000000] ACPI: DMAR 0x00000000BFBDA000 0000C8 (v01 INTEL  CFL      00000002      01000013)
[    0.000000] ACPI: SSDT 0x00000000BFBCB000 00E899 (v01 HP     HPINDTWL 00001000 INTL 20160527)
[    0.000000] ACPI: SSDT 0x00000000BFBCA000 000032 (v01 HP     HPCONDEV 00001000 INTL 20160527)
[    0.000000] ACPI: SSDT 0x00000000BFBC9000 000069 (v01 HP     HPCAHWID 00001000 INTL 20160527)
[    0.000000] ACPI: ASF! 0x00000000BFBC8000 0000A0 (v32 HPQOEM  UYA     20170001 INTL 20160422)
[    0.000000] ACPI: FPDT 0x00000000BFC0D000 000044 (v01 INTEL  CFL      20170001 INTL 20160422)
[    0.000000] ACPI: BGRT 0x00000000BFBC6000 000038 (v01 INTEL  CFL      20170001 INTL 20160422)
[    0.000000] ACPI: Local APIC address 0xfee00000
[    0.000000] No NUMA configuration found
[    0.000000] Faking a node at [mem 0x0000000000000000-0x00000004277fffff]
[    0.000000] NODE_DATA(0) allocated [mem 0x4277d5000-0x4277fffff]
[    0.000000] Zone ranges:
[    0.000000]   DMA      [mem 0x0000000000001000-0x0000000000ffffff]
[    0.000000]   DMA32    [mem 0x0000000001000000-0x00000000ffffffff]
[    0.000000]   Normal   [mem 0x0000000100000000-0x00000004277fffff]
[    0.000000]   Device   empty
[    0.000000] Movable zone start for each node
[    0.000000] Early memory node ranges
[    0.000000]   node   0: [mem 0x0000000000001000-0x000000000009efff]
[    0.000000]   node   0: [mem 0x0000000000100000-0x00000000be6aafff]
[    0.000000]   node   0: [mem 0x00000000bfc0f000-0x00000000bfc0ffff]
[    0.000000]   node   0: [mem 0x0000000100000000-0x00000004277fffff]
[    0.000000] Initmem setup node 0 [mem 0x0000000000001000-0x00000004277fffff]
[    0.000000] On node 0 totalpages: 4087370
[    0.000000]   DMA zone: 64 pages used for memmap
[    0.000000]   DMA zone: 21 pages reserved
[    0.000000]   DMA zone: 3998 pages, LIFO batch:0
[    0.000000]   DMA32 zone: 12123 pages used for memmap
[    0.000000]   DMA32 zone: 775852 pages, LIFO batch:31
[    0.000000]   Normal zone: 51680 pages used for memmap
[    0.000000]   Normal zone: 3307520 pages, LIFO batch:31
[    0.000000] Reserved but unavailable: 99 pages
[    0.000000] tboot: non-0 tboot_addr but it is not of type E820_TYPE_RESERVED
[    0.000000] ACPI: PM-Timer IO Port: 0x1808
[    0.000000] ACPI: Local APIC address 0xfee00000
[    0.000000] ACPI: LAPIC_NMI (acpi_id[0x01] high edge lint[0x1])
[    0.000000] ACPI: LAPIC_NMI (acpi_id[0x02] high edge lint[0x1])
[    0.000000] ACPI: LAPIC_NMI (acpi_id[0x03] high edge lint[0x1])
[    0.000000] ACPI: LAPIC_NMI (acpi_id[0x04] high edge lint[0x1])
[    0.000000] ACPI: LAPIC_NMI (acpi_id[0x05] high edge lint[0x1])
[    0.000000] ACPI: LAPIC_NMI (acpi_id[0x06] high edge lint[0x1])
[    0.000000] ACPI: LAPIC_NMI (acpi_id[0x07] high edge lint[0x1])
[    0.000000] ACPI: LAPIC_NMI (acpi_id[0x08] high edge lint[0x1])
[    0.000000] ACPI: LAPIC_NMI (acpi_id[0x09] high edge lint[0x1])
[    0.000000] ACPI: LAPIC_NMI (acpi_id[0x0a] high edge lint[0x1])
[    0.000000] ACPI: LAPIC_NMI (acpi_id[0x0b] high edge lint[0x1])
[    0.000000] ACPI: LAPIC_NMI (acpi_id[0x0c] high edge lint[0x1])
[    0.000000] ACPI: LAPIC_NMI (acpi_id[0x0d] high edge lint[0x1])
[    0.000000] ACPI: LAPIC_NMI (acpi_id[0x0e] high edge lint[0x1])
[    0.000000] ACPI: LAPIC_NMI (acpi_id[0x0f] high edge lint[0x1])
[    0.000000] ACPI: LAPIC_NMI (acpi_id[0x10] high edge lint[0x1])
[    0.000000] IOAPIC[0]: apic_id 2, version 32, address 0xfec00000, GSI 0-119
[    0.000000] ACPI: INT_SRC_OVR (bus 0 bus_irq 0 global_irq 2 dfl dfl)
[    0.000000] ACPI: INT_SRC_OVR (bus 0 bus_irq 9 global_irq 9 high level)
[    0.000000] ACPI: IRQ0 used by override.
[    0.000000] ACPI: IRQ9 used by override.
[    0.000000] Using ACPI (MADT) for SMP configuration information
[    0.000000] ACPI: HPET id: 0x8086a201 base: 0xfed00000
[    0.000000] smpboot: Allowing 8 CPUs, 0 hotplug CPUs
[    0.000000] PM: Registered nosave memory: [mem 0x00000000-0x00000fff]
[    0.000000] PM: Registered nosave memory: [mem 0x0009f000-0x000fffff]
[    0.000000] PM: Registered nosave memory: [mem 0xbe6ab000-0xbf98efff]
[    0.000000] PM: Registered nosave memory: [mem 0xbf98f000-0xbfb8efff]
[    0.000000] PM: Registered nosave memory: [mem 0xbfb8f000-0xbfc0efff]
[    0.000000] PM: Registered nosave memory: [mem 0xbfc10000-0xd47fffff]
[    0.000000] PM: Registered nosave memory: [mem 0xd4800000-0xfe00ffff]
[    0.000000] PM: Registered nosave memory: [mem 0xfe010000-0xfe010fff]
[    0.000000] PM: Registered nosave memory: [mem 0xfe011000-0xfeffffff]
[    0.000000] PM: Registered nosave memory: [mem 0xff000000-0xffffffff]
[    0.000000] e820: [mem 0xd4800000-0xfe00ffff] available for PCI devices
[    0.000000] Booting paravirtualized kernel on bare hardware
[    0.000000] clocksource: refined-jiffies: mask: 0xffffffff max_cycles: 0xffffffff, max_idle_ns: 7645519600211568 ns
[    0.000000] setup_percpu: NR_CPUS:8192 nr_cpumask_bits:8 nr_cpu_ids:8 nr_node_ids:1
[    0.000000] percpu: Embedded 46 pages/cpu @        (ptrval) s151552 r8192 d28672 u262144
[    0.000000] pcpu-alloc: s151552 r8192 d28672 u262144 alloc=1*2097152
[    0.000000] pcpu-alloc: [0] 0 1 2 3 4 5 6 7 
[    0.000000] Built 1 zonelists, mobility grouping on.  Total pages: 4023482
[    0.000000] Policy zone: Normal
[    0.000000] Kernel command line: BOOT_IMAGE=/boot/vmlinuz-4.15.9+ root=/dev/nvme0n1p2 initcall_debug=1
[    0.000000] Calgary: detecting Calgary via BIOS EBDA area
[    0.000000] Calgary: Unable to locate Rio Grande table in EBDA - bailing!
[    0.000000] Memory: 15452600K/16349480K available (12300K kernel code, 2470K rwdata, 4200K rodata, 2388K init, 3184K bss, 896880K reserved, 0K cma-reserved)
[    0.000000] SLUB: HWalign=64, Order=0-3, MinObjects=0, CPUs=8, Nodes=1
[    0.000000] ftrace: allocating 38976 entries in 153 pages
[    0.000000] Hierarchical RCU implementation.
[    0.000000] 	RCU restricting CPUs from NR_CPUS=8192 to nr_cpu_ids=8.
[    0.000000] 	Tasks RCU enabled.
[    0.000000] RCU: Adjusting geometry for rcu_fanout_leaf=16, nr_cpu_ids=8
[    0.000000] kernel/irq/irqdesc.c 486 early_irq_init -- functionpoint
[    0.000000] NR_IRQS: 524544, nr_irqs: 2048, preallocated irqs: 16
[    0.000000] kernel/irq/irqdesc.c 493 early_irq_init -- functionpoint -- NR_IRQS: 524544, nr_irqs: 2048, preallocated irqs: 16
[    0.000000] arch/x86/kernel/apic/vector.c 690 arch_early_irq_init -- functionpoint
[    0.000000] drivers/pci/msi.c 1437 pci_msi_create_irq_domain -- functionpoint
[    0.000000] kernel/irq/msi.c 272 msi_create_irq_domain -- functionpoint
[    0.000000] arch/x86/kernel/apic/msi.c 148 arch_init_msi_domain -- functionpoint -- successed to init irqdomain for MSI/MSI-X.
[    0.000000] Console: colour dummy device 80x25
[    0.000000] console [tty0] enabled
[    0.000000] drivers/acpi/bus.c 1019 acpi_early_init -- functionpoint
[    0.000000] ACPI: Core revision 20170831
[    0.000000] ACPI Error: [\_SB_.PCI0.XHC_.RHUB.HS11] Namespace lookup failure, AE_NOT_FOUND (20170831/dswload-210)
[    0.000000] ACPI Exception: AE_NOT_FOUND, During name lookup/catalog (20170831/psobject-252)
[    0.000000] ACPI Exception: AE_NOT_FOUND, (SSDT:HP_XHC_P) while loading table (20170831/tbxfload-228)
[    0.000000] ACPI Error: 1 table load failures, 10 successful (20170831/tbxfload-246)
[    0.000000] clocksource: hpet: mask: 0xffffffff max_cycles: 0xffffffff, max_idle_ns: 79635855245 ns
[    0.000000] hpet clockevent registered
[    0.004000] APIC: Switch to symmetric I/O mode setup
[    0.004000] DMAR: Host address width 39
[    0.004000] DMAR: DRHD base: 0x000000fed90000 flags: 0x0
[    0.004000] DMAR: dmar0: reg_base_addr fed90000 ver 1:0 cap 1c0000c40660462 ecap 19e2ff0505e
[    0.004000] DMAR: DRHD base: 0x000000fed91000 flags: 0x1
[    0.004000] DMAR: dmar1: reg_base_addr fed91000 ver 1:0 cap d2008c40660462 ecap f050da
[    0.004000] DMAR: RMRR base: 0x000000bf81d000 end: 0x000000bf83cfff
[    0.004000] DMAR: RMRR base: 0x000000c4000000 end: 0x000000d47fffff
[    0.004000] DMAR: RMRR base: 0x000000bf86e000 end: 0x000000bf8edfff
[    0.004000] DMAR-IR: IOAPIC id 2 under DRHD base  0xfed91000 IOMMU 1
[    0.004000] DMAR-IR: HPET id 0 under DRHD base 0xfed91000
[    0.004000] DMAR-IR: Queued invalidation will be enabled to support x2apic and Intr-remapping.
[    0.004000] drivers/pci/msi.c 1437 pci_msi_create_irq_domain -- functionpoint
[    0.004000] kernel/irq/msi.c 272 msi_create_irq_domain -- functionpoint
[    0.004000] drivers/pci/msi.c 1437 pci_msi_create_irq_domain -- functionpoint
[    0.004000] kernel/irq/msi.c 272 msi_create_irq_domain -- functionpoint
[    0.004000] DMAR-IR: Enabled IRQ remapping in x2apic mode
[    0.004000] x2apic enabled
[    0.004000] Switched APIC routing to cluster x2apic.
[    0.016000] kernel/irq/msi.c 272 msi_create_irq_domain -- functionpoint
[    0.016000] kernel/irq/manage.c 1748 request_threaded_irq -- functionpoint
[    0.016000] kernel/irq/manage.c 1748 request_threaded_irq -- functionpoint
[    0.016000] ..TIMER: vector=0x30 apic1=0 pin1=2 apic2=-1 pin2=-1
[    0.036000] tsc: Detected 3000.000 MHz processor
[    0.036000] Calibrating delay loop (skipped), value calculated using timer frequency.. 6000.00 BogoMIPS (lpj=12000000)
[    0.036000] pid_max: default: 32768 minimum: 301
[    0.036000] Security Framework initialized
[    0.036000] Yama: becoming mindful.
[    0.036000] AppArmor: AppArmor initialized
[    0.036000] Dentry cache hash table entries: 2097152 (order: 12, 16777216 bytes)
[    0.036000] Inode-cache hash table entries: 1048576 (order: 11, 8388608 bytes)
[    0.036000] Mount-cache hash table entries: 32768 (order: 6, 262144 bytes)
[    0.036000] Mountpoint-cache hash table entries: 32768 (order: 6, 262144 bytes)
[    0.036000] CPU: Physical Processor ID: 0
[    0.036000] CPU: Processor Core ID: 0
[    0.036000] ENERGY_PERF_BIAS: Set to 'normal', was 'performance'
[    0.036000] ENERGY_PERF_BIAS: View and update with x86_energy_perf_policy(8)
[    0.036000] mce: CPU supports 14 MCE banks
[    0.036000] CPU0: Thermal monitoring enabled (TM1)
[    0.036000] process: using mwait in idle threads
[    0.036000] Last level iTLB entries: 4KB 128, 2MB 8, 4MB 8
[    0.036000] Last level dTLB entries: 4KB 64, 2MB 0, 4MB 0, 1GB 4
[    0.036000] Spectre V2 : Mitigation: Full generic retpoline
[    0.036000] Spectre V2 : Spectre v2 mitigation: Filling RSB on context switch
[    0.036000] Spectre V2 : Spectre v2 mitigation: Enabling Indirect Branch Prediction Barrier
[    0.036000] Freeing SMP alternatives memory: 36K
[    0.042952] TSC deadline timer enabled
[    0.042964] smpboot: CPU0: Intel(R) Core(TM) i7-9700 CPU @ 3.00GHz (family: 0x6, model: 0x9e, stepping: 0xd)
[    0.043023] calling  trace_init_flags_sys_exit+0x0/0x14 @ 1
[    0.043025] initcall trace_init_flags_sys_exit+0x0/0x14 returned 0 after 0 usecs
[    0.043026] calling  trace_init_flags_sys_enter+0x0/0x14 @ 1
[    0.043028] initcall trace_init_flags_sys_enter+0x0/0x14 returned 0 after 0 usecs
[    0.043030] calling  init_hw_perf_events+0x0/0x616 @ 1
[    0.043030] Performance Events: PEBS fmt3+, Skylake events, 32-deep LBR, full-width counters, Intel PMU driver.
[    0.043061] ... version:                4
[    0.043063] ... bit width:              48
[    0.043064] ... generic registers:      8
[    0.043066] ... value mask:             0000ffffffffffff
[    0.043068] ... max period:             00007fffffffffff
[    0.043069] ... fixed-purpose events:   3
[    0.043070] ... event mask:             00000007000000ff
[    0.043086] initcall init_hw_perf_events+0x0/0x616 returned 0 after 0 usecs
[    0.043087] calling  init_real_mode+0x0/0x1e4 @ 1
[    0.043095] initcall init_real_mode+0x0/0x1e4 returned 0 after 0 usecs
[    0.043096] calling  trace_init_perf_perm_irq_work_exit+0x0/0x18 @ 1
[    0.043097] initcall trace_init_perf_perm_irq_work_exit+0x0/0x18 returned 0 after 0 usecs
[    0.043099] calling  register_nmi_cpu_backtrace_handler+0x0/0x1b @ 1
[    0.043101] initcall register_nmi_cpu_backtrace_handler+0x0/0x1b returned 0 after 0 usecs
[    0.043103] calling  numachip_system_init+0x0/0x6c @ 1
[    0.043104] initcall numachip_system_init+0x0/0x6c returned 0 after 0 usecs
[    0.043106] calling  early_efi_map_fb+0x0/0x3d @ 1
[    0.043107] initcall early_efi_map_fb+0x0/0x3d returned 0 after 0 usecs
[    0.043109] calling  spawn_ksoftirqd+0x0/0x45 @ 1
[    0.043122] initcall spawn_ksoftirqd+0x0/0x45 returned 0 after 0 usecs
[    0.043123] calling  migration_init+0x0/0x39 @ 1
[    0.043125] initcall migration_init+0x0/0x39 returned 0 after 0 usecs
[    0.043126] calling  check_cpu_stall_init+0x0/0x20 @ 1
[    0.043127] initcall check_cpu_stall_init+0x0/0x20 returned 0 after 0 usecs
[    0.043128] calling  srcu_bootup_announce+0x0/0x35 @ 1
[    0.043129] Hierarchical SRCU implementation.
[    0.043131] initcall srcu_bootup_announce+0x0/0x35 returned 0 after 0 usecs
[    0.043132] calling  rcu_spawn_gp_kthread+0x0/0x129 @ 1
[    0.043148] initcall rcu_spawn_gp_kthread+0x0/0x129 returned 0 after 0 usecs
[    0.043149] calling  cpu_stop_init+0x0/0x96 @ 1
[    0.043160] initcall cpu_stop_init+0x0/0x96 returned 0 after 0 usecs
[    0.043162] calling  init_events+0x0/0x42 @ 1
[    0.043166] initcall init_events+0x0/0x42 returned 0 after 0 usecs
[    0.043168] calling  init_trace_printk+0x0/0x12 @ 1
[    0.043169] initcall init_trace_printk+0x0/0x12 returned 0 after 0 usecs
[    0.043171] calling  event_trace_enable_again+0x0/0x26 @ 1
[    0.043172] initcall event_trace_enable_again+0x0/0x26 returned 0 after 0 usecs
[    0.043174] calling  jump_label_init_module+0x0/0x17 @ 1
[    0.043176] initcall jump_label_init_module+0x0/0x17 returned 0 after 0 usecs
[    0.043182] calling  dynamic_debug_init+0x0/0x265 @ 1
[    0.043602] initcall dynamic_debug_init+0x0/0x265 returned 0 after 0 usecs
[    0.043603] calling  rand_initialize+0x0/0x110 @ 1
[    0.043774] initcall rand_initialize+0x0/0x110 returned 0 after 0 usecs
[    0.043776] calling  initialize_ptr_random+0x0/0x41 @ 1
[    0.043779] initcall initialize_ptr_random+0x0/0x41 returned 0 after 0 usecs
[    0.044000] NMI watchdog: Enabled. Permanently consumes one hw-PMU counter.
[    0.044000] smp: Bringing up secondary CPUs ...
[    0.044000] x86: Booting SMP configuration:
[    0.044000] .... node  #0, CPUs:      #1 #2 #3 #4 #5 #6 #7
[    0.053524] smp: Brought up 1 node, 8 CPUs
[    0.053524] smpboot: Max logical packages: 1
[    0.053524] smpboot: Total of 8 processors activated (48000.00 BogoMIPS)
[    0.056290] devtmpfs: initialized
[    0.056290] x86/mm: Memory block size: 128MB
[    0.057022] calling  ipc_ns_init+0x0/0x66 @ 1
[    0.057026] initcall ipc_ns_init+0x0/0x66 returned 0 after 0 usecs
[    0.057028] calling  init_mmap_min_addr+0x0/0x1b @ 1
[    0.057029] initcall init_mmap_min_addr+0x0/0x1b returned 0 after 0 usecs
[    0.057030] calling  evm_display_config+0x0/0x30 @ 1
[    0.057031] evm: security.selinux
[    0.057033] evm: security.SMACK64
[    0.057034] evm: security.SMACK64EXEC
[    0.057036] evm: security.SMACK64TRANSMUTE
[    0.057037] evm: security.SMACK64MMAP
[    0.057038] evm: security.apparmor
[    0.057040] evm: security.ima
[    0.057041] evm: security.capability
[    0.057043] initcall evm_display_config+0x0/0x30 returned 0 after 0 usecs
[    0.057045] calling  init_cpufreq_transition_notifier_list+0x0/0x20 @ 1
[    0.057049] initcall init_cpufreq_transition_notifier_list+0x0/0x20 returned 0 after 0 usecs
[    0.057050] calling  jit_init+0x0/0x17 @ 1
[    0.057052] initcall jit_init+0x0/0x17 returned 0 after 0 usecs
[    0.057053] calling  net_ns_init+0x0/0x140 @ 1
[    0.057064] initcall net_ns_init+0x0/0x140 returned 0 after 0 usecs
[    0.057064] calling  xen_pvh_gnttab_setup+0x0/0x3a @ 1
[    0.057064] initcall xen_pvh_gnttab_setup+0x0/0x3a returned -19 after 0 usecs
[    0.057064] calling  e820__register_nvs_regions+0x0/0x3d @ 1
[    0.057064] PM: Registering ACPI NVS region [mem 0xbf98f000-0xbfb8efff] (2097152 bytes)
[    0.057064] initcall e820__register_nvs_regions+0x0/0x3d returned 0 after 0 usecs
[    0.057064] calling  cpufreq_register_tsc_scaling+0x0/0x33 @ 1
[    0.057064] initcall cpufreq_register_tsc_scaling+0x0/0x33 returned 0 after 0 usecs
[    0.057064] calling  init_cpu_syscore+0x0/0x14 @ 1
[    0.057064] initcall init_cpu_syscore+0x0/0x14 returned 0 after 0 usecs
[    0.057064] calling  reboot_init+0x0/0x45 @ 1
[    0.057064] initcall reboot_init+0x0/0x45 returned 0 after 0 usecs
[    0.057064] calling  init_lapic_sysfs+0x0/0x28 @ 1
[    0.057064] initcall init_lapic_sysfs+0x0/0x28 returned 0 after 0 usecs
[    0.057064] calling  cpu_hotplug_pm_sync_init+0x0/0x19 @ 1
[    0.057064] initcall cpu_hotplug_pm_sync_init+0x0/0x19 returned 0 after 0 usecs
[    0.057064] calling  alloc_frozen_cpus+0x0/0x23 @ 1
[    0.057064] initcall alloc_frozen_cpus+0x0/0x23 returned 0 after 0 usecs
[    0.057064] calling  wq_sysfs_init+0x0/0x30 @ 1
[    0.057064] initcall wq_sysfs_init+0x0/0x30 returned 0 after 0 usecs
[    0.057064] calling  ksysfs_init+0x0/0x98 @ 1
[    0.057064] initcall ksysfs_init+0x0/0x98 returned 0 after 0 usecs
[    0.057064] calling  pm_init+0x0/0x7e @ 1
[    0.057064] initcall pm_init+0x0/0x7e returned 0 after 0 usecs
[    0.057064] calling  pm_disk_init+0x0/0x1e @ 1
[    0.057064] initcall pm_disk_init+0x0/0x1e returned 0 after 0 usecs
[    0.057064] calling  swsusp_header_init+0x0/0x40 @ 1
[    0.057064] initcall swsusp_header_init+0x0/0x40 returned 0 after 0 usecs
[    0.057064] calling  rcu_spawn_tasks_kthread+0x0/0x49 @ 1
[    0.057064] initcall rcu_spawn_tasks_kthread+0x0/0x49 returned 0 after 0 usecs
[    0.057064] calling  rcu_set_runtime_mode+0x0/0x17 @ 1
[    0.057064] initcall rcu_set_runtime_mode+0x0/0x17 returned 0 after 0 usecs
[    0.057064] calling  init_jiffies_clocksource+0x0/0x1e @ 1
[    0.057064] clocksource: jiffies: mask: 0xffffffff max_cycles: 0xffffffff, max_idle_ns: 7645041785100000 ns
[    0.057064] initcall init_jiffies_clocksource+0x0/0x1e returned 0 after 0 usecs
[    0.057064] calling  futex_init+0x0/0xfd @ 1
[    0.057064] futex hash table entries: 2048 (order: 5, 131072 bytes)
[    0.057064] initcall futex_init+0x0/0xfd returned 0 after 0 usecs
[    0.057064] calling  cgroup_wq_init+0x0/0x33 @ 1
[    0.057064] initcall cgroup_wq_init+0x0/0x33 returned 0 after 0 usecs
[    0.057064] calling  cgroup1_wq_init+0x0/0x33 @ 1
[    0.057064] initcall cgroup1_wq_init+0x0/0x33 returned 0 after 0 usecs
[    0.057064] calling  ftrace_mod_cmd_init+0x0/0x12 @ 1
[    0.057064] initcall ftrace_mod_cmd_init+0x0/0x12 returned 0 after 0 usecs
[    0.057064] calling  init_wakeup_tracer+0x0/0x32 @ 1
[    0.057064] initcall init_wakeup_tracer+0x0/0x32 returned 0 after 0 usecs
[    0.057064] calling  init_graph_trace+0x0/0x64 @ 1
[    0.057064] initcall init_graph_trace+0x0/0x64 returned 0 after 0 usecs
[    0.057064] calling  init_per_zone_wmark_min+0x0/0x71 @ 1
[    0.057064] initcall init_per_zone_wmark_min+0x0/0x71 returned 0 after 0 usecs
[    0.057064] calling  init_zero_pfn+0x0/0x43 @ 1
[    0.057064] initcall init_zero_pfn+0x0/0x43 returned 0 after 0 usecs
[    0.057064] calling  memory_failure_init+0x0/0xa0 @ 1
[    0.057064] initcall memory_failure_init+0x0/0xa0 returned 0 after 0 usecs
[    0.057064] calling  cma_init_reserved_areas+0x0/0x196 @ 1
[    0.057064] initcall cma_init_reserved_areas+0x0/0x196 returned 0 after 0 usecs
[    0.057064] calling  fsnotify_init+0x0/0x4e @ 1
[    0.057064] initcall fsnotify_init+0x0/0x4e returned 0 after 0 usecs
[    0.057064] calling  filelock_init+0x0/0x91 @ 1
[    0.057064] initcall filelock_init+0x0/0x91 returned 0 after 0 usecs
[    0.057064] calling  init_script_binfmt+0x0/0x1b @ 1
[    0.057064] initcall init_script_binfmt+0x0/0x1b returned 0 after 0 usecs
[    0.057064] calling  init_elf_binfmt+0x0/0x1b @ 1
[    0.057064] initcall init_elf_binfmt+0x0/0x1b returned 0 after 0 usecs
[    0.057064] calling  init_compat_elf_binfmt+0x0/0x1b @ 1
[    0.057064] initcall init_compat_elf_binfmt+0x0/0x1b returned 0 after 0 usecs
[    0.057064] calling  configfs_init+0x0/0x9d @ 1
[    0.057064] initcall configfs_init+0x0/0x9d returned 0 after 0 usecs
[    0.057064] calling  debugfs_init+0x0/0x5e @ 1
[    0.057064] initcall debugfs_init+0x0/0x5e returned 0 after 0 usecs
[    0.057064] calling  tracefs_init+0x0/0x40 @ 1
[    0.057064] initcall tracefs_init+0x0/0x40 returned 0 after 0 usecs
[    0.057064] calling  securityfs_init+0x0/0x76 @ 1
[    0.057064] initcall securityfs_init+0x0/0x76 returned 0 after 0 usecs
[    0.057064] calling  prandom_init+0x0/0xc1 @ 1
[    0.057064] initcall prandom_init+0x0/0xc1 returned 0 after 0 usecs
[    0.057064] calling  pinctrl_init+0x0/0xb3 @ 1
[    0.057064] pinctrl core: initialized pinctrl subsystem
[    0.057064] initcall pinctrl_init+0x0/0xb3 returned 0 after 0 usecs
[    0.057064] calling  gpiolib_dev_init+0x0/0xd3 @ 1
[    0.057064] initcall gpiolib_dev_init+0x0/0xd3 returned 0 after 0 usecs
[    0.057064] calling  sfi_sysfs_init+0x0/0xdb @ 1
[    0.057064] initcall sfi_sysfs_init+0x0/0xdb returned 0 after 0 usecs
[    0.057064] calling  virtio_init+0x0/0x30 @ 1
[    0.057064] initcall virtio_init+0x0/0x30 returned 0 after 0 usecs
[    0.057064] calling  regulator_init+0x0/0x91 @ 1
[    0.057064] drivers/base/bus.c 153 driver_register -- functionpoint
[    0.057064] drivers/base/bus.c 642 bus_add_driver -- functionpoint
[    0.057064] drivers/base/bus.c 649 bus_add_driver -- functionpoint -- bus: 'platform': add driver reg-dummy
[    0.057064] drivers/base/dd.c 369 really_probe -- functionpoint
[    0.057064] drivers/base/dd.c 392 really_probe -- functionpoint -- bus: 'platform': really_probe: probing driver reg-dummy with device reg-dummy
[    0.057064] drivers/base/dd.c 435 really_probe -- if drv->probe use drv->probe(dev) -- functionpoint
[    0.057064] initcall regulator_init+0x0/0x91 returned 0 after 0 usecs
[    0.057064] calling  iommu_init+0x0/0x30 @ 1
[    0.057064] initcall iommu_init+0x0/0x30 returned 0 after 0 usecs
[    0.057064] calling  early_resume_init+0x0/0xd0 @ 1
[    0.057064] RTC time:  3:21:28, date: 12/23/20
[    0.057064] initcall early_resume_init+0x0/0xd0 returned 0 after 0 usecs
[    0.057064] calling  opp_debug_init+0x0/0x41 @ 1
[    0.057064] initcall opp_debug_init+0x0/0x41 returned 0 after 0 usecs
[    0.057064] calling  cpufreq_core_init+0x0/0x51 @ 1
[    0.057064] initcall cpufreq_core_init+0x0/0x51 returned 0 after 0 usecs
[    0.057064] calling  cpuidle_init+0x0/0x40 @ 1
[    0.057064] initcall cpuidle_init+0x0/0x40 returned 0 after 0 usecs
[    0.057064] calling  capsule_reboot_register+0x0/0x17 @ 1
[    0.057064] initcall capsule_reboot_register+0x0/0x17 returned 0 after 0 usecs
[    0.057064] calling  bsp_pm_check_init+0x0/0x19 @ 1
[    0.057064] initcall bsp_pm_check_init+0x0/0x19 returned 0 after 0 usecs
[    0.057064] calling  sock_init+0x0/0x9f @ 1
[    0.057064] initcall sock_init+0x0/0x9f returned 0 after 0 usecs
[    0.057064] calling  net_inuse_init+0x0/0x29 @ 1
[    0.057064] initcall net_inuse_init+0x0/0x29 returned 0 after 0 usecs
[    0.057064] calling  net_defaults_init+0x0/0x29 @ 1
[    0.057064] initcall net_defaults_init+0x0/0x29 returned 0 after 0 usecs
[    0.057064] calling  init_default_flow_dissectors+0x0/0x55 @ 1
[    0.057064] initcall init_default_flow_dissectors+0x0/0x55 returned 0 after 0 usecs
[    0.057064] calling  netpoll_init+0x0/0x36 @ 1
[    0.057064] initcall netpoll_init+0x0/0x36 returned 0 after 0 usecs
[    0.057064] calling  netlink_proto_init+0x0/0x163 @ 1
[    0.057064] NET: Registered protocol family 16
[    0.057064] initcall netlink_proto_init+0x0/0x163 returned 0 after 0 usecs
[    0.057064] calling  __gnttab_init+0x0/0x40 @ 1
[    0.057064] initcall __gnttab_init+0x0/0x40 returned -19 after 0 usecs
[    0.057064] calling  irq_sysfs_init+0x0/0x94 @ 1
[    0.057064] initcall irq_sysfs_init+0x0/0x94 returned 0 after 0 usecs
[    0.057064] calling  audit_init+0x0/0x167 @ 1
[    0.057064] audit: initializing netlink subsys (disabled)
[    0.057064] initcall audit_init+0x0/0x167 returned 0 after 0 usecs
[    0.057064] calling  bdi_class_init+0x0/0x4e @ 1
[    0.057064] audit: type=2000 audit(1608693688.056:1): state=initialized audit_enabled=0 res=1
[    0.057064] initcall bdi_class_init+0x0/0x4e returned 0 after 0 usecs
[    0.057064] calling  mm_sysfs_init+0x0/0x2e @ 1
[    0.057064] initcall mm_sysfs_init+0x0/0x2e returned 0 after 0 usecs
[    0.057064] calling  gpiolib_sysfs_init+0x0/0xa7 @ 1
[    0.057064] initcall gpiolib_sysfs_init+0x0/0xa7 returned 0 after 0 usecs
[    0.057064] calling  pcibus_class_init+0x0/0x1e @ 1
[    0.057064] initcall pcibus_class_init+0x0/0x1e returned 0 after 0 usecs
[    0.057064] calling  pci_driver_init+0x0/0x17 @ 1
[    0.057064] initcall pci_driver_init+0x0/0x17 returned 0 after 0 usecs
[    0.057064] calling  rio_bus_init+0x0/0x45 @ 1
[    0.057064] initcall rio_bus_init+0x0/0x45 returned 0 after 0 usecs
[    0.057064] calling  backlight_class_init+0x0/0xad @ 1
[    0.057064] initcall backlight_class_init+0x0/0xad returned 0 after 0 usecs
[    0.057064] calling  xenbus_init+0x0/0x2be @ 1
[    0.057064] initcall xenbus_init+0x0/0x2be returned -19 after 0 usecs
[    0.057064] calling  tty_class_init+0x0/0x39 @ 1
[    0.057064] initcall tty_class_init+0x0/0x39 returned 0 after 0 usecs
[    0.057064] calling  vtconsole_class_init+0x0/0xc2 @ 1
[    0.057064] initcall vtconsole_class_init+0x0/0xc2 returned 0 after 0 usecs
[    0.057064] calling  serdev_init+0x0/0x22 @ 1
[    0.057064] initcall serdev_init+0x0/0x22 returned 0 after 0 usecs
[    0.057064] calling  iommu_dev_init+0x0/0x1e @ 1
[    0.057064] initcall iommu_dev_init+0x0/0x1e returned 0 after 0 usecs
[    0.057064] calling  mipi_dsi_bus_init+0x0/0x17 @ 1
[    0.057064] initcall mipi_dsi_bus_init+0x0/0x17 returned 0 after 0 usecs
[    0.057064] calling  wakeup_sources_debugfs_init+0x0/0x29 @ 1
[    0.057064] initcall wakeup_sources_debugfs_init+0x0/0x29 returned 0 after 0 usecs
[    0.057064] calling  isa_bus_init+0x0/0x3e @ 1
[    0.057064] initcall isa_bus_init+0x0/0x3e returned 0 after 0 usecs
[    0.057064] calling  register_node_type+0x0/0x34 @ 1
[    0.057064] initcall register_node_type+0x0/0x34 returned 0 after 0 usecs
[    0.057064] calling  regmap_initcall+0x0/0x12 @ 1
[    0.057064] initcall regmap_initcall+0x0/0x12 returned 0 after 0 usecs
[    0.057064] calling  sram_init+0x0/0x19 @ 1
[    0.057064] drivers/base/bus.c 153 driver_register -- functionpoint
[    0.057064] drivers/base/bus.c 642 bus_add_driver -- functionpoint
[    0.057064] drivers/base/bus.c 649 bus_add_driver -- functionpoint -- bus: 'platform': add driver sram
[    0.057064] initcall sram_init+0x0/0x19 returned 0 after 0 usecs
[    0.057064] calling  syscon_init+0x0/0x19 @ 1
[    0.057064] drivers/base/bus.c 153 driver_register -- functionpoint
[    0.057064] drivers/base/bus.c 642 bus_add_driver -- functionpoint
[    0.057064] drivers/base/bus.c 649 bus_add_driver -- functionpoint -- bus: 'platform': add driver syscon
[    0.057064] initcall syscon_init+0x0/0x19 returned 0 after 0 usecs
[    0.057064] calling  spi_init+0x0/0xc6 @ 1
[    0.057064] initcall spi_init+0x0/0xc6 returned 0 after 0 usecs
[    0.057064] calling  i2c_init+0x0/0xb9 @ 1
[    0.057064] drivers/base/bus.c 153 driver_register -- functionpoint
[    0.057064] drivers/base/bus.c 642 bus_add_driver -- functionpoint
[    0.057064] drivers/base/bus.c 649 bus_add_driver -- functionpoint -- bus: 'i2c': add driver dummy
[    0.057064] initcall i2c_init+0x0/0xb9 returned 0 after 0 usecs
[    0.057064] calling  init_ladder+0x0/0x2a @ 1
[    0.057064] cpuidle: using governor ladder
[    0.057064] initcall init_ladder+0x0/0x2a returned 0 after 0 usecs
[    0.057064] calling  init_menu+0x0/0x17 @ 1
[    0.057064] cpuidle: using governor menu
[    0.057064] initcall init_menu+0x0/0x17 returned 0 after 0 usecs
[    0.057064] calling  pcc_init+0x0/0x393 @ 1
[    0.057064] initcall pcc_init+0x0/0x393 returned -19 after 0 usecs
[    0.057064] calling  amd_postcore_init+0x0/0x123 @ 1
[    0.057064] initcall amd_postcore_init+0x0/0x123 returned 0 after 0 usecs
[    0.057064] calling  kobject_uevent_init+0x0/0x12 @ 1
[    0.057064] initcall kobject_uevent_init+0x0/0x12 returned 0 after 0 usecs
[    0.057064] calling  bts_init+0x0/0xc3 @ 1
[    0.057064] initcall bts_init+0x0/0xc3 returned 0 after 0 usecs
[    0.057064] calling  pt_init+0x0/0x362 @ 1
[    0.057064] initcall pt_init+0x0/0x362 returned 0 after 0 usecs
[    0.057064] calling  boot_params_ksysfs_init+0x0/0x267 @ 1
[    0.057064] initcall boot_params_ksysfs_init+0x0/0x267 returned 0 after 0 usecs
[    0.057064] calling  sbf_init+0x0/0xee @ 1
[    0.057064] initcall sbf_init+0x0/0xee returned 0 after 0 usecs
[    0.057064] calling  arch_kdebugfs_init+0x0/0x29 @ 1
[    0.057064] initcall arch_kdebugfs_init+0x0/0x29 returned 0 after 0 usecs
[    0.057064] calling  mtrr_if_init+0x0/0x66 @ 1
[    0.057064] initcall mtrr_if_init+0x0/0x66 returned 0 after 0 usecs
[    0.057064] calling  ffh_cstate_init+0x0/0x30 @ 1
[    0.057064] initcall ffh_cstate_init+0x0/0x30 returned 0 after 0 usecs
[    0.057064] calling  activate_jump_labels+0x0/0x3a @ 1
[    0.057064] initcall activate_jump_labels+0x0/0x3a returned 0 after 0 usecs
[    0.057064] calling  gigantic_pages_init+0x0/0x38 @ 1
[    0.057064] initcall gigantic_pages_init+0x0/0x38 returned 0 after 0 usecs
[    0.057064] calling  kcmp_cookies_init+0x0/0x3d @ 1
[    0.057064] initcall kcmp_cookies_init+0x0/0x3d returned 0 after 0 usecs
[    0.057064] calling  acpi_pci_init+0x0/0x67 @ 1
[    0.057064] ACPI FADT declares the system doesn't support PCIe ASPM, so disable it
[    0.057064] ACPI: bus type PCI registered
[    0.057064] acpiphp: ACPI Hot Plug PCI Controller Driver version: 0.5
[    0.057064] initcall acpi_pci_init+0x0/0x67 returned 0 after 0 usecs
[    0.057064] calling  dma_bus_init+0x0/0xc5 @ 1
[    0.057064] initcall dma_bus_init+0x0/0xc5 returned 0 after 0 usecs
[    0.057064] calling  dma_channel_table_init+0x0/0xd2 @ 1
[    0.057064] initcall dma_channel_table_init+0x0/0xd2 returned 0 after 0 usecs
[    0.057064] calling  setup_vcpu_hotplug_event+0x0/0x3b @ 1
[    0.057064] initcall setup_vcpu_hotplug_event+0x0/0x3b returned -19 after 0 usecs
[    0.057064] calling  register_xen_pci_notifier+0x0/0x3b @ 1
[    0.057064] initcall register_xen_pci_notifier+0x0/0x3b returned 0 after 0 usecs
[    0.057064] calling  xen_pcpu_init+0x0/0xc7 @ 1
[    0.057064] initcall xen_pcpu_init+0x0/0xc7 returned -19 after 0 usecs
[    0.057064] calling  dmi_id_init+0x0/0x32a @ 1
[    0.057064] initcall dmi_id_init+0x0/0x32a returned 0 after 0 usecs
[    0.057064] calling  numachip_timer_init+0x0/0x5a @ 1
[    0.057064] initcall numachip_timer_init+0x0/0x5a returned -19 after 0 usecs
[    0.057064] calling  silead_ts_dmi_init+0x0/0x62 @ 1
[    0.057064] initcall silead_ts_dmi_init+0x0/0x62 returned 0 after 0 usecs
[    0.057064] calling  pci_arch_init+0x0/0x83 @ 1
[    0.057064] arch/x86/pci/init.c 11 start pci_arch_init -- functionpoint
[    0.057064] PCI: MMCONFIG for domain 0000 [bus 00-3f] at [mem 0xf8000000-0xfbffffff] (base 0xf8000000)
[    0.057064] PCI: not using MMCONFIG
[    0.057064] PCI: Using configuration type 1 for base access
[    0.057064] arch/x86/pci/init.c 44 end pci_arch_init -- functionpoint
[    0.057064] initcall pci_arch_init+0x0/0x83 returned 0 after 0 usecs
[    0.057064] calling  init_vdso+0x0/0x46 @ 1
[    0.057064] initcall init_vdso+0x0/0x46 returned 0 after 0 usecs
[    0.057064] calling  sysenter_setup+0x0/0x19 @ 1
[    0.057064] initcall sysenter_setup+0x0/0x19 returned 0 after 0 usecs
[    0.057064] calling  fixup_ht_bug+0x0/0xa2 @ 1
[    0.057064] initcall fixup_ht_bug+0x0/0xa2 returned 0 after 0 usecs
[    0.057064] calling  topology_init+0x0/0xc5 @ 1
[    0.057064] initcall topology_init+0x0/0xc5 returned 0 after 0 usecs
[    0.057064] calling  mtrr_init_finialize+0x0/0x44 @ 1
[    0.057064] initcall mtrr_init_finialize+0x0/0x44 returned 0 after 0 usecs
[    0.057064] calling  uid_cache_init+0x0/0x9a @ 1
[    0.057064] initcall uid_cache_init+0x0/0x9a returned 0 after 0 usecs
[    0.057064] calling  param_sysfs_init+0x0/0x1f1 @ 1
[    0.060010] initcall param_sysfs_init+0x0/0x1f1 returned 0 after 3906 usecs
[    0.060011] calling  user_namespace_sysctl_init+0x0/0x39 @ 1
[    0.060018] initcall user_namespace_sysctl_init+0x0/0x39 returned 0 after 0 usecs
[    0.060020] calling  proc_schedstat_init+0x0/0x24 @ 1
[    0.060022] initcall proc_schedstat_init+0x0/0x24 returned 0 after 0 usecs
[    0.060024] calling  pm_sysrq_init+0x0/0x1e @ 1
[    0.060028] initcall pm_sysrq_init+0x0/0x1e returned 0 after 0 usecs
[    0.060028] calling  create_proc_profile+0x0/0xe0 @ 1
[    0.060028] initcall create_proc_profile+0x0/0xe0 returned 0 after 0 usecs
[    0.060028] calling  crash_save_vmcoreinfo_init+0x0/0x5d0 @ 1
[    0.060031] initcall crash_save_vmcoreinfo_init+0x0/0x5d0 returned 0 after 0 usecs
[    0.060032] calling  crash_notes_memory_init+0x0/0x3b @ 1
[    0.060035] initcall crash_notes_memory_init+0x0/0x3b returned 0 after 0 usecs
[    0.060036] calling  cgroup_sysfs_init+0x0/0x1e @ 1
[    0.060041] initcall cgroup_sysfs_init+0x0/0x1e returned 0 after 0 usecs
[    0.060043] calling  cgroup_namespaces_init+0x0/0xd @ 1
[    0.060044] initcall cgroup_namespaces_init+0x0/0xd returned 0 after 0 usecs
[    0.060045] calling  user_namespaces_init+0x0/0x32 @ 1
[    0.060047] initcall user_namespaces_init+0x0/0x32 returned 0 after 0 usecs
[    0.060048] calling  hung_task_init+0x0/0x54 @ 1
[    0.060052] initcall hung_task_init+0x0/0x54 returned 0 after 0 usecs
[    0.060052] calling  dev_map_init+0x0/0x19 @ 1
[    0.060052] initcall dev_map_init+0x0/0x19 returned 0 after 0 usecs
[    0.060052] calling  bpf_offload_init+0x0/0x19 @ 1
[    0.060052] initcall bpf_offload_init+0x0/0x19 returned 0 after 0 usecs
[    0.060052] calling  oom_init+0x0/0x35 @ 1
[    0.060052] initcall oom_init+0x0/0x35 returned 0 after 0 usecs
[    0.060052] calling  default_bdi_init+0x0/0xc0 @ 1
[    0.060052] initcall default_bdi_init+0x0/0xc0 returned 0 after 0 usecs
[    0.060052] calling  percpu_enable_async+0x0/0x14 @ 1
[    0.060052] initcall percpu_enable_async+0x0/0x14 returned 0 after 0 usecs
[    0.060052] calling  kcompactd_init+0x0/0xa0 @ 1
[    0.060052] initcall kcompactd_init+0x0/0xa0 returned 0 after 0 usecs
[    0.060052] calling  init_reserve_notifier+0x0/0x24 @ 1
[    0.060052] initcall init_reserve_notifier+0x0/0x24 returned 0 after 0 usecs
[    0.060052] calling  init_admin_reserve+0x0/0x40 @ 1
[    0.060052] initcall init_admin_reserve+0x0/0x40 returned 0 after 0 usecs
[    0.060052] calling  init_user_reserve+0x0/0x40 @ 1
[    0.060052] initcall init_user_reserve+0x0/0x40 returned 0 after 0 usecs
[    0.060052] calling  swap_init_sysfs+0x0/0x6f @ 1
[    0.060052] initcall swap_init_sysfs+0x0/0x6f returned 0 after 0 usecs
[    0.060052] calling  swapfile_init+0x0/0xb3 @ 1
[    0.060052] initcall swapfile_init+0x0/0xb3 returned 0 after 0 usecs
[    0.060052] calling  hugetlb_init+0x0/0x48b @ 1
[    0.060052] HugeTLB registered 1.00 GiB page size, pre-allocated 0 pages
[    0.060052] HugeTLB registered 2.00 MiB page size, pre-allocated 0 pages
[    0.060052] initcall hugetlb_init+0x0/0x48b returned 0 after 0 usecs
[    0.060052] calling  ksm_init+0x0/0x19e @ 1
[    0.060052] initcall ksm_init+0x0/0x19e returned 0 after 0 usecs
[    0.060052] calling  hugepage_init+0x0/0x149 @ 1
[    0.060052] initcall hugepage_init+0x0/0x149 returned 0 after 0 usecs
[    0.060052] calling  mem_cgroup_swap_init+0x0/0x5a @ 1
[    0.060052] initcall mem_cgroup_swap_init+0x0/0x5a returned 0 after 0 usecs
[    0.060052] calling  mem_cgroup_init+0x0/0x15a @ 1
[    0.060052] initcall mem_cgroup_init+0x0/0x15a returned 0 after 0 usecs
[    0.060052] calling  page_idle_init+0x0/0x34 @ 1
[    0.060052] initcall page_idle_init+0x0/0x34 returned 0 after 0 usecs
[    0.060052] calling  sel_ib_pkey_init+0x0/0x37 @ 1
[    0.060052] initcall sel_ib_pkey_init+0x0/0x37 returned 0 after 0 usecs
[    0.060052] calling  crypto_wq_init+0x0/0x36 @ 1
[    0.060052] initcall crypto_wq_init+0x0/0x36 returned 0 after 0 usecs
[    0.060052] calling  cryptomgr_init+0x0/0x17 @ 1
[    0.060052] initcall cryptomgr_init+0x0/0x17 returned 0 after 0 usecs
[    0.060052] calling  init_bio+0x0/0xda @ 1
[    0.060052] initcall init_bio+0x0/0xda returned 0 after 0 usecs
[    0.060052] calling  blk_settings_init+0x0/0x2f @ 1
[    0.060052] initcall blk_settings_init+0x0/0x2f returned 0 after 0 usecs
[    0.060052] calling  blk_ioc_init+0x0/0x2f @ 1
[    0.060052] initcall blk_ioc_init+0x0/0x2f returned 0 after 0 usecs
[    0.060052] calling  blk_softirq_init+0x0/0x79 @ 1
[    0.060052] initcall blk_softirq_init+0x0/0x79 returned 0 after 0 usecs
[    0.060052] calling  blk_mq_init+0x0/0x2f @ 1
[    0.060052] initcall blk_mq_init+0x0/0x2f returned 0 after 0 usecs
[    0.060052] calling  genhd_device_init+0x0/0x7b @ 1
[    0.060052] initcall genhd_device_init+0x0/0x7b returned 0 after 0 usecs
[    0.060052] calling  irq_poll_setup+0x0/0x74 @ 1
[    0.060052] initcall irq_poll_setup+0x0/0x74 returned 0 after 0 usecs
[    0.060052] calling  sx150x_init+0x0/0x19 @ 1
[    0.060052] drivers/base/bus.c 153 driver_register -- functionpoint
[    0.060052] drivers/base/bus.c 642 bus_add_driver -- functionpoint
[    0.060052] drivers/base/bus.c 649 bus_add_driver -- functionpoint -- bus: 'i2c': add driver sx150x-pinctrl
[    0.060052] initcall sx150x_init+0x0/0x19 returned 0 after 0 usecs
[    0.060052] calling  byt_gpio_init+0x0/0x19 @ 1
[    0.060052] drivers/base/bus.c 153 driver_register -- functionpoint
[    0.060052] drivers/base/bus.c 642 bus_add_driver -- functionpoint
[    0.060052] drivers/base/bus.c 649 bus_add_driver -- functionpoint -- bus: 'platform': add driver byt_gpio
[    0.060052] initcall byt_gpio_init+0x0/0x19 returned 0 after 0 usecs
[    0.060052] calling  chv_pinctrl_init+0x0/0x19 @ 1
[    0.060052] drivers/base/bus.c 153 driver_register -- functionpoint
[    0.060052] drivers/base/bus.c 642 bus_add_driver -- functionpoint
[    0.060052] drivers/base/bus.c 649 bus_add_driver -- functionpoint -- bus: 'platform': add driver cherryview-pinctrl
[    0.060057] initcall chv_pinctrl_init+0x0/0x19 returned 0 after 0 usecs
[    0.060058] calling  gpiolib_debugfs_init+0x0/0x29 @ 1
[    0.060061] initcall gpiolib_debugfs_init+0x0/0x29 returned 0 after 0 usecs
[    0.060062] calling  lp_gpio_init+0x0/0x19 @ 1
[    0.060062] drivers/base/bus.c 153 driver_register -- functionpoint
[    0.060063] drivers/base/bus.c 642 bus_add_driver -- functionpoint
[    0.060065] drivers/base/bus.c 649 bus_add_driver -- functionpoint -- bus: 'platform': add driver lp_gpio
[    0.060071] initcall lp_gpio_init+0x0/0x19 returned 0 after 0 usecs
[    0.060072] calling  rc5t583_gpio_init+0x0/0x19 @ 1
[    0.060072] drivers/base/bus.c 153 driver_register -- functionpoint
[    0.060073] drivers/base/bus.c 642 bus_add_driver -- functionpoint
[    0.060075] drivers/base/bus.c 649 bus_add_driver -- functionpoint -- bus: 'platform': add driver rc5t583-gpio
[    0.060081] initcall rc5t583_gpio_init+0x0/0x19 returned 0 after 0 usecs
[    0.060082] calling  palmas_gpio_init+0x0/0x19 @ 1
[    0.060082] drivers/base/bus.c 153 driver_register -- functionpoint
[    0.060083] drivers/base/bus.c 642 bus_add_driver -- functionpoint
[    0.060085] drivers/base/bus.c 649 bus_add_driver -- functionpoint -- bus: 'platform': add driver palmas-gpio
[    0.060091] initcall palmas_gpio_init+0x0/0x19 returned 0 after 0 usecs
[    0.060092] calling  tps6586x_gpio_init+0x0/0x19 @ 1
[    0.060092] drivers/base/bus.c 153 driver_register -- functionpoint
[    0.060093] drivers/base/bus.c 642 bus_add_driver -- functionpoint
[    0.060094] drivers/base/bus.c 649 bus_add_driver -- functionpoint -- bus: 'platform': add driver tps6586x-gpio
[    0.060101] initcall tps6586x_gpio_init+0x0/0x19 returned 0 after 0 usecs
[    0.060102] calling  tps65910_gpio_init+0x0/0x19 @ 1
[    0.060102] drivers/base/bus.c 153 driver_register -- functionpoint
[    0.060103] drivers/base/bus.c 642 bus_add_driver -- functionpoint
[    0.060104] drivers/base/bus.c 649 bus_add_driver -- functionpoint -- bus: 'platform': add driver tps65910-gpio
[    0.060112] initcall tps65910_gpio_init+0x0/0x19 returned 0 after 0 usecs
[    0.060114] calling  pwm_debugfs_init+0x0/0x29 @ 1
[    0.060116] initcall pwm_debugfs_init+0x0/0x29 returned 0 after 0 usecs
[    0.060117] calling  pwm_sysfs_init+0x0/0x1e @ 1
[    0.060119] initcall pwm_sysfs_init+0x0/0x1e returned 0 after 0 usecs
[    0.060121] calling  pci_slot_init+0x0/0x50 @ 1
[    0.060123] initcall pci_slot_init+0x0/0x50 returned 0 after 0 usecs
[    0.060125] calling  fbmem_init+0x0/0xdc @ 1
[    0.060140] initcall fbmem_init+0x0/0xdc returned 0 after 0 usecs
[    0.060141] calling  scan_for_dmi_ipmi+0x0/0xfb @ 1
[    0.060143] initcall scan_for_dmi_ipmi+0x0/0xfb returned 0 after 0 usecs
[    0.060145] calling  acpi_init+0x0/0x36a @ 1
[    0.060145] drivers/acpi/bus.c 1231 start acpi_init -- functionpoint
[    0.060163] ACPI: Added _OSI(Module Device)
[    0.060166] ACPI: Added _OSI(Processor Device)
[    0.060168] ACPI: Added _OSI(3.0 _SCP Extensions)
[    0.060169] ACPI: Added _OSI(Processor Aggregator Device)
[    0.060372] arch/x86/kernel/acpi/boot.c 717 acpi_register_gsi -- functionpoint
[    0.060373] arch/x86/kernel/acpi/boot.c 670 acpi_register_gsi_ioapic --functionpoint
[    0.060376] kernel/irq/manage.c 1748 request_threaded_irq -- functionpoint
[    0.061849] ACPI: Executed 30 blocks of module-level executable AML code
[    0.072026] ACPI: [Firmware Bug]: BIOS _OSI(Linux) query ignored
[    0.080238] ACPI: Dynamic OEM Table Load:
[    0.080248] ACPI: SSDT 0xFFFF90B21493E800 0000F4 (v02 PmRef  Cpu0Psd  00003000 INTL 20160527)
[    0.080248] ACPI: Executed 1 blocks of module-level executable AML code
[    0.080346] ACPI: \_SB_.PR00: _OSC native thermal LVT Acked
[    0.080963] ACPI: Dynamic OEM Table Load:
[    0.080971] ACPI: SSDT 0xFFFF90B21484E400 000400 (v02 PmRef  Cpu0Cst  00003001 INTL 20160527)
[    0.081186] ACPI: Executed 1 blocks of module-level executable AML code
[    0.081416] ACPI: Dynamic OEM Table Load:
[    0.081424] ACPI: SSDT 0xFFFF90B214CE5800 000605 (v02 PmRef  Cpu0Ist  00003000 INTL 20160527)
[    0.081623] ACPI: Executed 1 blocks of module-level executable AML code
[    0.081811] ACPI: Dynamic OEM Table Load:
[    0.081816] ACPI: SSDT 0xFFFF90B21485AE00 000149 (v02 PmRef  Cpu0Hwp  00003000 INTL 20160527)
[    0.082005] ACPI: Executed 2 blocks of module-level executable AML code
[    0.082174] ACPI: Dynamic OEM Table Load:
[    0.082181] ACPI: SSDT 0xFFFF90B214CE0000 000724 (v02 PmRef  HwpLvt   00003000 INTL 20160527)
[    0.082354] ACPI: Executed 1 blocks of module-level executable AML code
[    0.082841] ACPI: Dynamic OEM Table Load:
[    0.082848] ACPI: SSDT 0xFFFF90B214CE6800 0005FC (v02 PmRef  ApIst    00003000 INTL 20160527)
[    0.084352] ACPI: Executed 1 blocks of module-level executable AML code
[    0.084545] ACPI: Dynamic OEM Table Load:
[    0.084551] ACPI: SSDT 0xFFFF90B21484EC00 000317 (v02 PmRef  ApHwp    00003000 INTL 20160527)
[    0.084822] ACPI: Executed 1 blocks of module-level executable AML code
[    0.085138] ACPI: Dynamic OEM Table Load:
[    0.085145] ACPI: SSDT 0xFFFF90B214850000 000AB0 (v02 PmRef  ApPsd    00003000 INTL 20160527)
[    0.085981] ACPI: Executed 1 blocks of module-level executable AML code
[    0.086175] ACPI: Dynamic OEM Table Load:
[    0.086181] ACPI: SSDT 0xFFFF90B21484DC00 00030A (v02 PmRef  ApCst    00003000 INTL 20160527)
[    0.086458] ACPI: Executed 1 blocks of module-level executable AML code
[    0.089349] ACPI: EC: EC started
[    0.089351] ACPI: EC: interrupt blocked
[    0.089369] ACPI: \_SB_.PCI0.LPCB.EC0_: Used as first EC
[    0.089371] ACPI: \_SB_.PCI0.LPCB.EC0_: GPE=0x6e, EC_CMD/EC_SC=0x66, EC_DATA=0x62
[    0.089374] ACPI: \_SB_.PCI0.LPCB.EC0_: Used as boot DSDT EC to handle transactions
[    0.089376] ACPI: Interpreter enabled
[    0.089424] ACPI: (supports S0 S3 S4 S5)
[    0.089427] ACPI: Using IOAPIC for interrupt routing
[    0.089466] PCI: MMCONFIG for domain 0000 [bus 00-3f] at [mem 0xf8000000-0xfbffffff] (base 0xf8000000)
[    0.092066] PCI: MMCONFIG at [mem 0xf8000000-0xfbffffff] reserved in ACPI motherboard resources
[    0.092074] drivers/acpi/pci_root.c 920 acpi_pci_root_init --functionpoint
[    0.092074] drivers/acpi/apei/hest.c 228 acpi_hest_init -- functionpoint
[    0.092078] PCI: Using host bridge windows from ACPI; if necessary, use "pci=nocrs" and report a bug
[    0.092081] drivers/acpi/scan.c 106 acpi_scan_add_handler_with_hotplug -- functionpoint
[    0.092083] drivers/acpi/pci_link.c 936 acpi_pci_link_init -- functionpoint
[    0.092464] drivers/acpi/scan.c 106 acpi_scan_add_handler_with_hotplug -- functionpoint
[    0.092467] drivers/base/bus.c 153 driver_register -- functionpoint
[    0.092470] drivers/base/bus.c 642 bus_add_driver -- functionpoint
[    0.092472] drivers/base/bus.c 649 bus_add_driver -- functionpoint -- bus: 'platform': add driver clk-lpt
[    0.092479] drivers/acpi/scan.c 106 acpi_scan_add_handler_with_hotplug -- functionpoint
[    0.092527] ACPI: Enabled 4 GPEs in block 00 to 7F
[    0.092532] drivers/acpi/scan.c 2010 acpi_bus_scan -- functionpoint
[    0.099270] ACPI: Power Resource [USBC] (on)
[    0.100064] ACPI: Power Resource [WRST] (on)
[    0.100463] ACPI: Power Resource [WRST] (on)
[    0.100856] ACPI: Power Resource [WRST] (on)
[    0.101250] ACPI: Power Resource [WRST] (on)
[    0.101654] ACPI: Power Resource [WRST] (on)
[    0.102047] ACPI: Power Resource [WRST] (on)
[    0.102446] ACPI: Power Resource [WRST] (on)
[    0.102845] ACPI: Power Resource [WRST] (on)
[    0.103240] ACPI: Power Resource [WRST] (on)
[    0.103642] ACPI: Power Resource [WRST] (on)
[    0.104042] ACPI: Power Resource [WRST] (on)
[    0.104439] ACPI: Power Resource [WRST] (on)
[    0.104830] ACPI: Power Resource [WRST] (on)
[    0.105223] ACPI: Power Resource [WRST] (on)
[    0.105616] ACPI: Power Resource [WRST] (on)
[    0.106005] ACPI: Power Resource [WRST] (on)
[    0.106400] ACPI: Power Resource [WRST] (on)
[    0.106799] ACPI: Power Resource [WRST] (on)
[    0.107189] ACPI: Power Resource [WRST] (on)
[    0.107582] ACPI: Power Resource [WRST] (on)
[    0.109247] ACPI: Power Resource [V0PR] (on)
[    0.109462] ACPI: Power Resource [V1PR] (on)
[    0.109677] ACPI: Power Resource [V2PR] (on)
[    0.114167] ACPI: Power Resource [WRST] (on)
[    0.116263] drivers/acpi/scan.c 1916 acpi_bus_attach -- functionpoint
[    0.116283] drivers/acpi/scan.c 1916 acpi_bus_attach -- functionpoint
[    0.116290] drivers/acpi/scan.c 1916 acpi_bus_attach -- functionpoint
[    0.116320] drivers/acpi/scan.c 1916 acpi_bus_attach -- functionpoint
[    0.116345] drivers/acpi/scan.c 1916 acpi_bus_attach -- functionpoint
[    0.116352] drivers/acpi/pci_root.c 528 acpi_pci_root_add -- functionpoint
[    0.116735] ACPI: PCI Root Bridge [PCI0] (domain 0000 [bus 00-3e])
[    0.116739] ACPI: drivers/acpi/pci_root.c 584 acpi_pci_root_add --  functionpoint -- PCI Root Bridge [PCI0] (domain 0000 [bus 00-3e])
[    0.116746] acpi PNP0A08:00: _OSC: OS supports [ExtendedConfig ASPM ClockPM Segments MSI]
[    0.120111] acpi PNP0A08:00: _OSC: OS now controls [PCIeHotplug PME AER PCIeCapability]
[    0.120115] acpi PNP0A08:00: FADT indicates ASPM is unsupported, using BIOS configuration
[    0.120130] arch/x86/pci/acpi.c 335 pci_acpi_scan_root -- functionpoint
[    0.120130] drivers/pci/search.c 144 pci_find_bus -- functionpoint
[    0.120132] drivers/pci/search.c 145 pci_find_bus functionpoint -- domain_num = 0, bus_num = 0
[    0.120136] drivers/pci/search.c 176 pci_find_next_bus -- functionpoint
[    0.120136] drivers/pci/search.c 157 pci_find_bus not found bus -- functionpoint
[    0.120149] drivers/acpi/pci_root.c 881 acpi_pci_root_create -- functionpoint
[    0.120525] drivers/pci/probe.c 2643 pci_create_root_bus -- functionpoint
[    0.120527] drivers/pci/probe.c 533 pci_alloc_host_bridge -- functionpoint
[    0.120528] drivers/pci/probe.c 765 pci_register_host_bridge -- functionpoint
[    0.120530] drivers/pci/search.c 144 pci_find_bus -- functionpoint
[    0.120532] drivers/pci/search.c 145 pci_find_bus functionpoint -- domain_num = 0, bus_num = 0
[    0.120535] drivers/pci/search.c 176 pci_find_next_bus -- functionpoint
[    0.120536] drivers/pci/search.c 157 pci_find_bus not found bus -- functionpoint
[    0.121574] drivers/pci/probe.c 2009 pci_bus_read_dev_vendor_id -- functionpoint
[    0.121588] drivers/pci/probe.c 2009 pci_bus_read_dev_vendor_id -- functionpoint
[    0.121602] drivers/pci/probe.c 2009 pci_bus_read_dev_vendor_id -- functionpoint
[    0.121614] drivers/pci/probe.c 2009 pci_bus_read_dev_vendor_id -- functionpoint
[    0.121625] drivers/pci/probe.c 2009 pci_bus_read_dev_vendor_id -- functionpoint
[    0.121640] drivers/pci/probe.c 2009 pci_bus_read_dev_vendor_id -- functionpoint
[    0.121648] drivers/pci/probe.c 2009 pci_bus_read_dev_vendor_id -- functionpoint
[    0.121661] drivers/pci/probe.c 2009 pci_bus_read_dev_vendor_id -- functionpoint
[    0.121674] drivers/pci/probe.c 2009 pci_bus_read_dev_vendor_id -- functionpoint
[    0.121680] drivers/pci/probe.c 2009 pci_bus_read_dev_vendor_id -- functionpoint
[    0.121691] drivers/pci/probe.c 2009 pci_bus_read_dev_vendor_id -- functionpoint
[    0.121739] drivers/pci/probe.c 2009 pci_bus_read_dev_vendor_id -- functionpoint
[    0.121791] drivers/pci/probe.c 2009 pci_bus_read_dev_vendor_id -- functionpoint
[    0.121842] drivers/pci/probe.c 2009 pci_bus_read_dev_vendor_id -- functionpoint
[    0.121894] drivers/pci/probe.c 2009 pci_bus_read_dev_vendor_id -- functionpoint
[    0.121945] drivers/pci/probe.c 2009 pci_bus_read_dev_vendor_id -- functionpoint
[    0.121997] drivers/pci/probe.c 2009 pci_bus_read_dev_vendor_id -- functionpoint
[    0.122048] drivers/pci/probe.c 2009 pci_bus_read_dev_vendor_id -- functionpoint
[    0.122096] drivers/pci/probe.c 2009 pci_bus_read_dev_vendor_id -- functionpoint
[    0.122149] drivers/pci/probe.c 2009 pci_bus_read_dev_vendor_id -- functionpoint
[    0.122200] drivers/pci/probe.c 2009 pci_bus_read_dev_vendor_id -- functionpoint
[    0.122251] drivers/pci/probe.c 2009 pci_bus_read_dev_vendor_id -- functionpoint
[    0.122303] drivers/pci/probe.c 2009 pci_bus_read_dev_vendor_id -- functionpoint
[    0.122354] drivers/pci/probe.c 2009 pci_bus_read_dev_vendor_id -- functionpoint
[    0.122406] drivers/pci/probe.c 2009 pci_bus_read_dev_vendor_id -- functionpoint
[    0.122458] drivers/pci/probe.c 2009 pci_bus_read_dev_vendor_id -- functionpoint
[    0.122509] drivers/pci/probe.c 2009 pci_bus_read_dev_vendor_id -- functionpoint
[    0.122562] drivers/pci/probe.c 2009 pci_bus_read_dev_vendor_id -- functionpoint
[    0.122614] drivers/pci/probe.c 2009 pci_bus_read_dev_vendor_id -- functionpoint
[    0.122666] drivers/pci/probe.c 2009 pci_bus_read_dev_vendor_id -- functionpoint
[    0.122717] drivers/pci/probe.c 2009 pci_bus_read_dev_vendor_id -- functionpoint
[    0.122769] drivers/pci/probe.c 2009 pci_bus_read_dev_vendor_id -- functionpoint
[    0.122818] drivers/pci/probe.c 2009 pci_bus_read_dev_vendor_id -- functionpoint
[    0.122869] drivers/pci/probe.c 2009 pci_bus_read_dev_vendor_id -- functionpoint
[    0.122924] drivers/pci/probe.c 2009 pci_bus_read_dev_vendor_id -- functionpoint
[    0.122939] drivers/pci/probe.c 2009 pci_bus_read_dev_vendor_id -- functionpoint
[    0.122957] drivers/pci/probe.c 2009 pci_bus_read_dev_vendor_id -- functionpoint
[    0.122973] drivers/pci/probe.c 2009 pci_bus_read_dev_vendor_id -- functionpoint
[    0.122984] drivers/pci/probe.c 2009 pci_bus_read_dev_vendor_id -- functionpoint
[    0.122997] drivers/pci/probe.c 2009 pci_bus_read_dev_vendor_id -- functionpoint
[    0.123006] drivers/pci/probe.c 2009 pci_bus_read_dev_vendor_id -- functionpoint
[    0.123012] drivers/pci/probe.c 2009 pci_bus_read_dev_vendor_id -- functionpoint
[    0.123020] PCI host bridge to bus 0000:00
[    0.123025] pci_bus 0000:00: root bus resource [io  0x0000-0x0cf7 window]
[    0.123027] pci_bus 0000:00: root bus resource [io  0x0d00-0xffff window]
[    0.123030] pci_bus 0000:00: root bus resource [mem 0x000a0000-0x000bffff window]
[    0.123033] pci_bus 0000:00: root bus resource [mem 0xd4800000-0xf7ffffff window]
[    0.123035] pci_bus 0000:00: root bus resource [mem 0x4000000000-0x7fffffffff window]
[    0.123038] pci_bus 0000:00: root bus resource [mem 0xfc800000-0xfe7fffff window]
[    0.123040] pci_bus 0000:00: root bus resource [bus 00-3e]
[    0.123042] drivers/pci/probe.c 2497 pci_scan_child_bus_extend -- functionpoint
[    0.123043] pci_bus 0000:00: drivers/pci/probe.c 2501 pci_scan_child_bus_extend-- functionpoint -- scanning bus
[    0.123047] drivers/pci/probe.c 2281 pci_scan_slot -- functionpoint
[    0.123047] drivers/pci/probe.c 2196 pci_scan_single_device -- functionpoint
[    0.123049] drivers/pci/search.c 206 pci_get_slot -- functionpoint
[    0.123051] drivers/pci/search.c 215 pci_get_slot return value is NULL -- functionpoint
[    0.123052] drivers/pci/probe.c 2035 pci_scan_device -- functionpoint
[    0.123054] drivers/pci/probe.c 2009 pci_bus_read_dev_vendor_id -- functionpoint
[    0.123057] drivers/pci/probe.c 2048 pci_scan_device -- functionpoint -- dev_vendor: 8086, dev_device: 3e30
[    0.123060] drivers/pci/probe.c 1453 pci_setup_device -- functionpoint
[    0.123061] drivers/pci/probe.c 1242 set_pcie_port_type -- functionpoint
[    0.123067] pci 0000:00:00.0: [8086:3e30] type 00 class 0x060000
[    0.123070] pci 0000:00:00.0: drivers/pci/probe.c 1482 pci_setup_device functionpoint -- [8086:3e30] type 00 class 0x060000 multifunction 00
[    0.123083] drivers/pci/probe.c 1513 pci_setup_device  switch case PCI_HEADER_TYPE_NORMAL -- functionpoint
[    0.123096] drivers/pci/probe.c 2145 pci_device_add -- functionpoint
[    0.123108] drivers/pci/pci.c 2409 pci_pm_init -- functionpoint
[    0.124088] drivers/pci/probe.c 2288 pci_scan_slot -- functionpoint -- fn = 0, devfn = 0, fn+devfn = 0
[    0.124091] drivers/pci/probe.c 2220 next_fn -- functionpoint
[    0.124092] drivers/pci/probe.c 2281 pci_scan_slot -- functionpoint
[    0.124093] drivers/pci/probe.c 2196 pci_scan_single_device -- functionpoint
[    0.124095] drivers/pci/search.c 206 pci_get_slot -- functionpoint
[    0.124096] drivers/pci/search.c 215 pci_get_slot return value is NULL -- functionpoint
[    0.124098] drivers/pci/probe.c 2035 pci_scan_device -- functionpoint
[    0.124100] drivers/pci/probe.c 2009 pci_bus_read_dev_vendor_id -- functionpoint
[    0.124111] drivers/pci/probe.c 2288 pci_scan_slot -- functionpoint -- fn = 0, devfn = 8, fn+devfn = 8
[    0.124114] drivers/pci/probe.c 2281 pci_scan_slot -- functionpoint
[    0.124115] drivers/pci/probe.c 2196 pci_scan_single_device -- functionpoint
[    0.124116] drivers/pci/search.c 206 pci_get_slot -- functionpoint
[    0.124118] drivers/pci/search.c 215 pci_get_slot return value is NULL -- functionpoint
[    0.124119] drivers/pci/probe.c 2035 pci_scan_device -- functionpoint
[    0.124121] drivers/pci/probe.c 2009 pci_bus_read_dev_vendor_id -- functionpoint
[    0.124123] drivers/pci/probe.c 2048 pci_scan_device -- functionpoint -- dev_vendor: 8086, dev_device: 3e98
[    0.124127] drivers/pci/probe.c 1453 pci_setup_device -- functionpoint
[    0.124128] drivers/pci/probe.c 1242 set_pcie_port_type -- functionpoint
[    0.124134] pci 0000:00:02.0: [8086:3e98] type 00 class 0x030000
[    0.124137] pci 0000:00:02.0: drivers/pci/probe.c 1482 pci_setup_device functionpoint -- [8086:3e98] type 00 class 0x030000 multifunction 00
[    0.124142] drivers/pci/probe.c 1513 pci_setup_device  switch case PCI_HEADER_TYPE_NORMAL -- functionpoint
[    0.124148] pci 0000:00:02.0: reg 0x10: [mem 0xf0000000-0xf0ffffff 64bit]
[    0.124155] pci 0000:00:02.0: reg 0x18: [mem 0xe0000000-0xefffffff 64bit pref]
[    0.124158] pci 0000:00:02.0: reg 0x20: [io  0x4000-0x403f]
[    0.124164] drivers/pci/probe.c 2145 pci_device_add -- functionpoint
[    0.124171] pci 0000:00:02.0: BAR 2: assigned to efifb
[    0.124184] drivers/pci/pci.c 2409 pci_pm_init -- functionpoint
[    0.124188] pci 0000:00:02.0: drivers/pci/pci.c 2450 pci_pm_init --functionpoint-- supports
[    0.125188] drivers/pci/probe.c 2288 pci_scan_slot -- functionpoint -- fn = 0, devfn = 16, fn+devfn = 16
[    0.125191] drivers/pci/probe.c 2220 next_fn -- functionpoint
[    0.125191] drivers/pci/probe.c 2281 pci_scan_slot -- functionpoint
[    0.125193] drivers/pci/probe.c 2196 pci_scan_single_device -- functionpoint
[    0.125194] drivers/pci/search.c 206 pci_get_slot -- functionpoint
[    0.125196] drivers/pci/search.c 215 pci_get_slot return value is NULL -- functionpoint
[    0.125197] drivers/pci/probe.c 2035 pci_scan_device -- functionpoint
[    0.125199] drivers/pci/probe.c 2009 pci_bus_read_dev_vendor_id -- functionpoint
[    0.125211] drivers/pci/probe.c 2288 pci_scan_slot -- functionpoint -- fn = 0, devfn = 24, fn+devfn = 24
[    0.125214] drivers/pci/probe.c 2281 pci_scan_slot -- functionpoint
[    0.125215] drivers/pci/probe.c 2196 pci_scan_single_device -- functionpoint
[    0.125216] drivers/pci/search.c 206 pci_get_slot -- functionpoint
[    0.125218] drivers/pci/search.c 215 pci_get_slot return value is NULL -- functionpoint
[    0.125219] drivers/pci/probe.c 2035 pci_scan_device -- functionpoint
[    0.125221] drivers/pci/probe.c 2009 pci_bus_read_dev_vendor_id -- functionpoint
[    0.125236] drivers/pci/probe.c 2288 pci_scan_slot -- functionpoint -- fn = 0, devfn = 32, fn+devfn = 32
[    0.125240] drivers/pci/probe.c 2281 pci_scan_slot -- functionpoint
[    0.125240] drivers/pci/probe.c 2196 pci_scan_single_device -- functionpoint
[    0.125242] drivers/pci/search.c 206 pci_get_slot -- functionpoint
[    0.125243] drivers/pci/search.c 215 pci_get_slot return value is NULL -- functionpoint
[    0.125245] drivers/pci/probe.c 2035 pci_scan_device -- functionpoint
[    0.125247] drivers/pci/probe.c 2009 pci_bus_read_dev_vendor_id -- functionpoint
[    0.125261] drivers/pci/probe.c 2288 pci_scan_slot -- functionpoint -- fn = 0, devfn = 40, fn+devfn = 40
[    0.125265] drivers/pci/probe.c 2281 pci_scan_slot -- functionpoint
[    0.125265] drivers/pci/probe.c 2196 pci_scan_single_device -- functionpoint
[    0.125267] drivers/pci/search.c 206 pci_get_slot -- functionpoint
[    0.125268] drivers/pci/search.c 215 pci_get_slot return value is NULL -- functionpoint
[    0.125270] drivers/pci/probe.c 2035 pci_scan_device -- functionpoint
[    0.125272] drivers/pci/probe.c 2009 pci_bus_read_dev_vendor_id -- functionpoint
[    0.125286] drivers/pci/probe.c 2288 pci_scan_slot -- functionpoint -- fn = 0, devfn = 48, fn+devfn = 48
[    0.125290] drivers/pci/probe.c 2281 pci_scan_slot -- functionpoint
[    0.125290] drivers/pci/probe.c 2196 pci_scan_single_device -- functionpoint
[    0.125292] drivers/pci/search.c 206 pci_get_slot -- functionpoint
[    0.125293] drivers/pci/search.c 215 pci_get_slot return value is NULL -- functionpoint
[    0.125295] drivers/pci/probe.c 2035 pci_scan_device -- functionpoint
[    0.125297] drivers/pci/probe.c 2009 pci_bus_read_dev_vendor_id -- functionpoint
[    0.125312] drivers/pci/probe.c 2288 pci_scan_slot -- functionpoint -- fn = 0, devfn = 56, fn+devfn = 56
[    0.125315] drivers/pci/probe.c 2281 pci_scan_slot -- functionpoint
[    0.125315] drivers/pci/probe.c 2196 pci_scan_single_device -- functionpoint
[    0.125317] drivers/pci/search.c 206 pci_get_slot -- functionpoint
[    0.125318] drivers/pci/search.c 215 pci_get_slot return value is NULL -- functionpoint
[    0.125320] drivers/pci/probe.c 2035 pci_scan_device -- functionpoint
[    0.125322] drivers/pci/probe.c 2009 pci_bus_read_dev_vendor_id -- functionpoint
[    0.125334] drivers/pci/probe.c 2288 pci_scan_slot -- functionpoint -- fn = 0, devfn = 64, fn+devfn = 64
[    0.125337] drivers/pci/probe.c 2281 pci_scan_slot -- functionpoint
[    0.125338] drivers/pci/probe.c 2196 pci_scan_single_device -- functionpoint
[    0.125339] drivers/pci/search.c 206 pci_get_slot -- functionpoint
[    0.125341] drivers/pci/search.c 215 pci_get_slot return value is NULL -- functionpoint
[    0.125342] drivers/pci/probe.c 2035 pci_scan_device -- functionpoint
[    0.125344] drivers/pci/probe.c 2009 pci_bus_read_dev_vendor_id -- functionpoint
[    0.125360] drivers/pci/probe.c 2288 pci_scan_slot -- functionpoint -- fn = 0, devfn = 72, fn+devfn = 72
[    0.125364] drivers/pci/probe.c 2281 pci_scan_slot -- functionpoint
[    0.125364] drivers/pci/probe.c 2196 pci_scan_single_device -- functionpoint
[    0.125365] drivers/pci/search.c 206 pci_get_slot -- functionpoint
[    0.125367] drivers/pci/search.c 215 pci_get_slot return value is NULL -- functionpoint
[    0.125369] drivers/pci/probe.c 2035 pci_scan_device -- functionpoint
[    0.125370] drivers/pci/probe.c 2009 pci_bus_read_dev_vendor_id -- functionpoint
[    0.125385] drivers/pci/probe.c 2288 pci_scan_slot -- functionpoint -- fn = 0, devfn = 80, fn+devfn = 80
[    0.125389] drivers/pci/probe.c 2281 pci_scan_slot -- functionpoint
[    0.125389] drivers/pci/probe.c 2196 pci_scan_single_device -- functionpoint
[    0.125391] drivers/pci/search.c 206 pci_get_slot -- functionpoint
[    0.125392] drivers/pci/search.c 215 pci_get_slot return value is NULL -- functionpoint
[    0.125394] drivers/pci/probe.c 2035 pci_scan_device -- functionpoint
[    0.125395] drivers/pci/probe.c 2009 pci_bus_read_dev_vendor_id -- functionpoint
[    0.125409] drivers/pci/probe.c 2288 pci_scan_slot -- functionpoint -- fn = 0, devfn = 88, fn+devfn = 88
[    0.125412] drivers/pci/probe.c 2281 pci_scan_slot -- functionpoint
[    0.125413] drivers/pci/probe.c 2196 pci_scan_single_device -- functionpoint
[    0.125414] drivers/pci/search.c 206 pci_get_slot -- functionpoint
[    0.125416] drivers/pci/search.c 215 pci_get_slot return value is NULL -- functionpoint
[    0.125417] drivers/pci/probe.c 2035 pci_scan_device -- functionpoint
[    0.125419] drivers/pci/probe.c 2009 pci_bus_read_dev_vendor_id -- functionpoint
[    0.125434] drivers/pci/probe.c 2288 pci_scan_slot -- functionpoint -- fn = 0, devfn = 96, fn+devfn = 96
[    0.125438] drivers/pci/probe.c 2281 pci_scan_slot -- functionpoint
[    0.125438] drivers/pci/probe.c 2196 pci_scan_single_device -- functionpoint
[    0.125440] drivers/pci/search.c 206 pci_get_slot -- functionpoint
[    0.125441] drivers/pci/search.c 215 pci_get_slot return value is NULL -- functionpoint
[    0.125443] drivers/pci/probe.c 2035 pci_scan_device -- functionpoint
[    0.125445] drivers/pci/probe.c 2009 pci_bus_read_dev_vendor_id -- functionpoint
[    0.125459] drivers/pci/probe.c 2288 pci_scan_slot -- functionpoint -- fn = 0, devfn = 104, fn+devfn = 104
[    0.125463] drivers/pci/probe.c 2281 pci_scan_slot -- functionpoint
[    0.125463] drivers/pci/probe.c 2196 pci_scan_single_device -- functionpoint
[    0.125465] drivers/pci/search.c 206 pci_get_slot -- functionpoint
[    0.125466] drivers/pci/search.c 215 pci_get_slot return value is NULL -- functionpoint
[    0.125468] drivers/pci/probe.c 2035 pci_scan_device -- functionpoint
[    0.125470] drivers/pci/probe.c 2009 pci_bus_read_dev_vendor_id -- functionpoint
[    0.125484] drivers/pci/probe.c 2288 pci_scan_slot -- functionpoint -- fn = 0, devfn = 112, fn+devfn = 112
[    0.125488] drivers/pci/probe.c 2281 pci_scan_slot -- functionpoint
[    0.125488] drivers/pci/probe.c 2196 pci_scan_single_device -- functionpoint
[    0.125490] drivers/pci/search.c 206 pci_get_slot -- functionpoint
[    0.125491] drivers/pci/search.c 215 pci_get_slot return value is NULL -- functionpoint
[    0.125493] drivers/pci/probe.c 2035 pci_scan_device -- functionpoint
[    0.125494] drivers/pci/probe.c 2009 pci_bus_read_dev_vendor_id -- functionpoint
[    0.125509] drivers/pci/probe.c 2288 pci_scan_slot -- functionpoint -- fn = 0, devfn = 120, fn+devfn = 120
[    0.125513] drivers/pci/probe.c 2281 pci_scan_slot -- functionpoint
[    0.125513] drivers/pci/probe.c 2196 pci_scan_single_device -- functionpoint
[    0.125514] drivers/pci/search.c 206 pci_get_slot -- functionpoint
[    0.125516] drivers/pci/search.c 215 pci_get_slot return value is NULL -- functionpoint
[    0.125518] drivers/pci/probe.c 2035 pci_scan_device -- functionpoint
[    0.125519] drivers/pci/probe.c 2009 pci_bus_read_dev_vendor_id -- functionpoint
[    0.125534] drivers/pci/probe.c 2288 pci_scan_slot -- functionpoint -- fn = 0, devfn = 128, fn+devfn = 128
[    0.125538] drivers/pci/probe.c 2281 pci_scan_slot -- functionpoint
[    0.125538] drivers/pci/probe.c 2196 pci_scan_single_device -- functionpoint
[    0.125539] drivers/pci/search.c 206 pci_get_slot -- functionpoint
[    0.125541] drivers/pci/search.c 215 pci_get_slot return value is NULL -- functionpoint
[    0.125543] drivers/pci/probe.c 2035 pci_scan_device -- functionpoint
[    0.125544] drivers/pci/probe.c 2009 pci_bus_read_dev_vendor_id -- functionpoint
[    0.125559] drivers/pci/probe.c 2288 pci_scan_slot -- functionpoint -- fn = 0, devfn = 136, fn+devfn = 136
[    0.125563] drivers/pci/probe.c 2281 pci_scan_slot -- functionpoint
[    0.125563] drivers/pci/probe.c 2196 pci_scan_single_device -- functionpoint
[    0.125564] drivers/pci/search.c 206 pci_get_slot -- functionpoint
[    0.125566] drivers/pci/search.c 215 pci_get_slot return value is NULL -- functionpoint
[    0.125568] drivers/pci/probe.c 2035 pci_scan_device -- functionpoint
[    0.125569] drivers/pci/probe.c 2009 pci_bus_read_dev_vendor_id -- functionpoint
[    0.125574] drivers/pci/probe.c 2048 pci_scan_device -- functionpoint -- dev_vendor: 8086, dev_device: a379
[    0.125578] drivers/pci/probe.c 1453 pci_setup_device -- functionpoint
[    0.125580] drivers/pci/probe.c 1242 set_pcie_port_type -- functionpoint
[    0.125591] pci 0000:00:12.0: [8086:a379] type 00 class 0x118000
[    0.125594] pci 0000:00:12.0: drivers/pci/probe.c 1482 pci_setup_device functionpoint -- [8086:a379] type 00 class 0x118000 multifunction 01
[    0.125608] drivers/pci/probe.c 1513 pci_setup_device  switch case PCI_HEADER_TYPE_NORMAL -- functionpoint
[    0.125626] pci 0000:00:12.0: reg 0x10: [mem 0x4000107000-0x4000107fff 64bit]
[    0.125670] drivers/pci/probe.c 2145 pci_device_add -- functionpoint
[    0.125707] drivers/pci/pci.c 2409 pci_pm_init -- functionpoint
[    0.125715] pci 0000:00:12.0: drivers/pci/pci.c 2450 pci_pm_init --functionpoint-- supports
[    0.126696] drivers/pci/probe.c 2288 pci_scan_slot -- functionpoint -- fn = 0, devfn = 144, fn+devfn = 144
[    0.126698] drivers/pci/probe.c 2220 next_fn -- functionpoint
[    0.126699] drivers/pci/probe.c 2196 pci_scan_single_device -- functionpoint
[    0.126700] drivers/pci/search.c 206 pci_get_slot -- functionpoint
[    0.126702] drivers/pci/search.c 215 pci_get_slot return value is NULL -- functionpoint
[    0.126703] drivers/pci/probe.c 2035 pci_scan_device -- functionpoint
[    0.126705] drivers/pci/probe.c 2009 pci_bus_read_dev_vendor_id -- functionpoint
[    0.126717] drivers/pci/probe.c 2298 pci_scan_slot -- functionpoint -- fn = 1, devfn = 144, fn+devfn = 145
[    0.126720] drivers/pci/probe.c 2220 next_fn -- functionpoint
[    0.126720] drivers/pci/probe.c 2196 pci_scan_single_device -- functionpoint
[    0.126722] drivers/pci/search.c 206 pci_get_slot -- functionpoint
[    0.126724] drivers/pci/search.c 215 pci_get_slot return value is NULL -- functionpoint
[    0.126725] drivers/pci/probe.c 2035 pci_scan_device -- functionpoint
[    0.126727] drivers/pci/probe.c 2009 pci_bus_read_dev_vendor_id -- functionpoint
[    0.126742] drivers/pci/probe.c 2298 pci_scan_slot -- functionpoint -- fn = 2, devfn = 144, fn+devfn = 146
[    0.126746] drivers/pci/probe.c 2220 next_fn -- functionpoint
[    0.126746] drivers/pci/probe.c 2196 pci_scan_single_device -- functionpoint
[    0.126748] drivers/pci/search.c 206 pci_get_slot -- functionpoint
[    0.126749] drivers/pci/search.c 215 pci_get_slot return value is NULL -- functionpoint
[    0.126751] drivers/pci/probe.c 2035 pci_scan_device -- functionpoint
[    0.126753] drivers/pci/probe.c 2009 pci_bus_read_dev_vendor_id -- functionpoint
[    0.126767] drivers/pci/probe.c 2298 pci_scan_slot -- functionpoint -- fn = 3, devfn = 144, fn+devfn = 147
[    0.126771] drivers/pci/probe.c 2220 next_fn -- functionpoint
[    0.126771] drivers/pci/probe.c 2196 pci_scan_single_device -- functionpoint
[    0.126773] drivers/pci/search.c 206 pci_get_slot -- functionpoint
[    0.126774] drivers/pci/search.c 215 pci_get_slot return value is NULL -- functionpoint
[    0.126776] drivers/pci/probe.c 2035 pci_scan_device -- functionpoint
[    0.126778] drivers/pci/probe.c 2009 pci_bus_read_dev_vendor_id -- functionpoint
[    0.126792] drivers/pci/probe.c 2298 pci_scan_slot -- functionpoint -- fn = 4, devfn = 144, fn+devfn = 148
[    0.126796] drivers/pci/probe.c 2220 next_fn -- functionpoint
[    0.126796] drivers/pci/probe.c 2196 pci_scan_single_device -- functionpoint
[    0.126798] drivers/pci/search.c 206 pci_get_slot -- functionpoint
[    0.126799] drivers/pci/search.c 215 pci_get_slot return value is NULL -- functionpoint
[    0.126801] drivers/pci/probe.c 2035 pci_scan_device -- functionpoint
[    0.126803] drivers/pci/probe.c 2009 pci_bus_read_dev_vendor_id -- functionpoint
[    0.126817] drivers/pci/probe.c 2298 pci_scan_slot -- functionpoint -- fn = 5, devfn = 144, fn+devfn = 149
[    0.126821] drivers/pci/probe.c 2220 next_fn -- functionpoint
[    0.126821] drivers/pci/probe.c 2196 pci_scan_single_device -- functionpoint
[    0.126823] drivers/pci/search.c 206 pci_get_slot -- functionpoint
[    0.126824] drivers/pci/search.c 215 pci_get_slot return value is NULL -- functionpoint
[    0.126826] drivers/pci/probe.c 2035 pci_scan_device -- functionpoint
[    0.126828] drivers/pci/probe.c 2009 pci_bus_read_dev_vendor_id -- functionpoint
[    0.126837] drivers/pci/probe.c 2298 pci_scan_slot -- functionpoint -- fn = 6, devfn = 144, fn+devfn = 150
[    0.126840] drivers/pci/probe.c 2220 next_fn -- functionpoint
[    0.126841] drivers/pci/probe.c 2196 pci_scan_single_device -- functionpoint
[    0.126842] drivers/pci/search.c 206 pci_get_slot -- functionpoint
[    0.126844] drivers/pci/search.c 215 pci_get_slot return value is NULL -- functionpoint
[    0.126845] drivers/pci/probe.c 2035 pci_scan_device -- functionpoint
[    0.126847] drivers/pci/probe.c 2009 pci_bus_read_dev_vendor_id -- functionpoint
[    0.126863] drivers/pci/probe.c 2298 pci_scan_slot -- functionpoint -- fn = 7, devfn = 144, fn+devfn = 151
[    0.126867] drivers/pci/probe.c 2220 next_fn -- functionpoint
[    0.126867] drivers/pci/probe.c 2281 pci_scan_slot -- functionpoint
[    0.126869] drivers/pci/probe.c 2196 pci_scan_single_device -- functionpoint
[    0.126870] drivers/pci/search.c 206 pci_get_slot -- functionpoint
[    0.126872] drivers/pci/search.c 215 pci_get_slot return value is NULL -- functionpoint
[    0.126873] drivers/pci/probe.c 2035 pci_scan_device -- functionpoint
[    0.126875] drivers/pci/probe.c 2009 pci_bus_read_dev_vendor_id -- functionpoint
[    0.126881] drivers/pci/probe.c 2288 pci_scan_slot -- functionpoint -- fn = 0, devfn = 152, fn+devfn = 152
[    0.126885] drivers/pci/probe.c 2281 pci_scan_slot -- functionpoint
[    0.126885] drivers/pci/probe.c 2196 pci_scan_single_device -- functionpoint
[    0.126887] drivers/pci/search.c 206 pci_get_slot -- functionpoint
[    0.126888] drivers/pci/search.c 215 pci_get_slot return value is NULL -- functionpoint
[    0.126890] drivers/pci/probe.c 2035 pci_scan_device -- functionpoint
[    0.126892] drivers/pci/probe.c 2009 pci_bus_read_dev_vendor_id -- functionpoint
[    0.126900] drivers/pci/probe.c 2048 pci_scan_device -- functionpoint -- dev_vendor: 8086, dev_device: a36d
[    0.126903] drivers/pci/probe.c 1453 pci_setup_device -- functionpoint
[    0.126905] drivers/pci/probe.c 1242 set_pcie_port_type -- functionpoint
[    0.126918] pci 0000:00:14.0: [8086:a36d] type 00 class 0x0c0330
[    0.126920] pci 0000:00:14.0: drivers/pci/probe.c 1482 pci_setup_device functionpoint -- [8086:a36d] type 00 class 0x0c0330 multifunction 01
[    0.126936] drivers/pci/probe.c 1513 pci_setup_device  switch case PCI_HEADER_TYPE_NORMAL -- functionpoint
[    0.126956] pci 0000:00:14.0: reg 0x10: [mem 0xf1220000-0xf122ffff 64bit]
[    0.127012] drivers/pci/probe.c 2145 pci_device_add -- functionpoint
[    0.127054] drivers/pci/pci.c 2409 pci_pm_init -- functionpoint
[    0.127062] pci 0000:00:14.0: drivers/pci/pci.c 2450 pci_pm_init --functionpoint-- supports
[    0.127066] pci 0000:00:14.0: PME# supported from D3hot D3cold
[    0.127068] pci 0000:00:14.0: drivers/pci/pci.c 2462 pci_pm_init --functionpoint-- PME# supported from D3hot D3cold
[    0.127079] pci 0000:00:14.0: drivers/pci/pci.c 1891 pci_pme_active --functionpoint-- PME# disabled
[    0.128133] drivers/pci/probe.c 2288 pci_scan_slot -- functionpoint -- fn = 0, devfn = 160, fn+devfn = 160
[    0.128135] drivers/pci/probe.c 2220 next_fn -- functionpoint
[    0.128136] drivers/pci/probe.c 2196 pci_scan_single_device -- functionpoint
[    0.128137] drivers/pci/search.c 206 pci_get_slot -- functionpoint
[    0.128139] drivers/pci/search.c 215 pci_get_slot return value is NULL -- functionpoint
[    0.128141] drivers/pci/probe.c 2035 pci_scan_device -- functionpoint
[    0.128142] drivers/pci/probe.c 2009 pci_bus_read_dev_vendor_id -- functionpoint
[    0.128154] drivers/pci/probe.c 2298 pci_scan_slot -- functionpoint -- fn = 1, devfn = 160, fn+devfn = 161
[    0.128157] drivers/pci/probe.c 2220 next_fn -- functionpoint
[    0.128158] drivers/pci/probe.c 2196 pci_scan_single_device -- functionpoint
[    0.128159] drivers/pci/search.c 206 pci_get_slot -- functionpoint
[    0.128161] drivers/pci/search.c 215 pci_get_slot return value is NULL -- functionpoint
[    0.128162] drivers/pci/probe.c 2035 pci_scan_device -- functionpoint
[    0.128164] drivers/pci/probe.c 2009 pci_bus_read_dev_vendor_id -- functionpoint
[    0.128174] drivers/pci/probe.c 2048 pci_scan_device -- functionpoint -- dev_vendor: 8086, dev_device: a36f
[    0.128177] drivers/pci/probe.c 1453 pci_setup_device -- functionpoint
[    0.128179] drivers/pci/probe.c 1242 set_pcie_port_type -- functionpoint
[    0.128188] pci 0000:00:14.2: [8086:a36f] type 00 class 0x050000
[    0.128191] pci 0000:00:14.2: drivers/pci/probe.c 1482 pci_setup_device functionpoint -- [8086:a36f] type 00 class 0x050000 multifunction 00
[    0.128204] drivers/pci/probe.c 1513 pci_setup_device  switch case PCI_HEADER_TYPE_NORMAL -- functionpoint
[    0.128220] pci 0000:00:14.2: reg 0x10: [mem 0xf1232000-0xf1233fff 64bit]
[    0.128236] pci 0000:00:14.2: reg 0x18: [mem 0x4000106000-0x4000106fff 64bit]
[    0.128261] drivers/pci/probe.c 2145 pci_device_add -- functionpoint
[    0.128288] drivers/pci/pci.c 2409 pci_pm_init -- functionpoint
[    0.128297] pci 0000:00:14.2: drivers/pci/pci.c 2450 pci_pm_init --functionpoint-- supports
[    0.129277] drivers/pci/probe.c 2298 pci_scan_slot -- functionpoint -- fn = 2, devfn = 160, fn+devfn = 162
[    0.129279] drivers/pci/probe.c 2220 next_fn -- functionpoint
[    0.129279] drivers/pci/probe.c 2196 pci_scan_single_device -- functionpoint
[    0.129281] drivers/pci/search.c 206 pci_get_slot -- functionpoint
[    0.129283] drivers/pci/search.c 215 pci_get_slot return value is NULL -- functionpoint
[    0.129284] drivers/pci/probe.c 2035 pci_scan_device -- functionpoint
[    0.129286] drivers/pci/probe.c 2009 pci_bus_read_dev_vendor_id -- functionpoint
[    0.129292] drivers/pci/probe.c 2298 pci_scan_slot -- functionpoint -- fn = 3, devfn = 160, fn+devfn = 163
[    0.129295] drivers/pci/probe.c 2220 next_fn -- functionpoint
[    0.129296] drivers/pci/probe.c 2196 pci_scan_single_device -- functionpoint
[    0.129297] drivers/pci/search.c 206 pci_get_slot -- functionpoint
[    0.129299] drivers/pci/search.c 215 pci_get_slot return value is NULL -- functionpoint
[    0.129300] drivers/pci/probe.c 2035 pci_scan_device -- functionpoint
[    0.129302] drivers/pci/probe.c 2009 pci_bus_read_dev_vendor_id -- functionpoint
[    0.129319] drivers/pci/probe.c 2298 pci_scan_slot -- functionpoint -- fn = 4, devfn = 160, fn+devfn = 164
[    0.129322] drivers/pci/probe.c 2220 next_fn -- functionpoint
[    0.129323] drivers/pci/probe.c 2196 pci_scan_single_device -- functionpoint
[    0.129324] drivers/pci/search.c 206 pci_get_slot -- functionpoint
[    0.129326] drivers/pci/search.c 215 pci_get_slot return value is NULL -- functionpoint
[    0.129327] drivers/pci/probe.c 2035 pci_scan_device -- functionpoint
[    0.129329] drivers/pci/probe.c 2009 pci_bus_read_dev_vendor_id -- functionpoint
[    0.129344] drivers/pci/probe.c 2298 pci_scan_slot -- functionpoint -- fn = 5, devfn = 160, fn+devfn = 165
[    0.129347] drivers/pci/probe.c 2220 next_fn -- functionpoint
[    0.129348] drivers/pci/probe.c 2196 pci_scan_single_device -- functionpoint
[    0.129349] drivers/pci/search.c 206 pci_get_slot -- functionpoint
[    0.129351] drivers/pci/search.c 215 pci_get_slot return value is NULL -- functionpoint
[    0.129352] drivers/pci/probe.c 2035 pci_scan_device -- functionpoint
[    0.129354] drivers/pci/probe.c 2009 pci_bus_read_dev_vendor_id -- functionpoint
[    0.129369] drivers/pci/probe.c 2298 pci_scan_slot -- functionpoint -- fn = 6, devfn = 160, fn+devfn = 166
[    0.129372] drivers/pci/probe.c 2220 next_fn -- functionpoint
[    0.129373] drivers/pci/probe.c 2196 pci_scan_single_device -- functionpoint
[    0.129374] drivers/pci/search.c 206 pci_get_slot -- functionpoint
[    0.129376] drivers/pci/search.c 215 pci_get_slot return value is NULL -- functionpoint
[    0.129377] drivers/pci/probe.c 2035 pci_scan_device -- functionpoint
[    0.129379] drivers/pci/probe.c 2009 pci_bus_read_dev_vendor_id -- functionpoint
[    0.129394] drivers/pci/probe.c 2298 pci_scan_slot -- functionpoint -- fn = 7, devfn = 160, fn+devfn = 167
[    0.129397] drivers/pci/probe.c 2220 next_fn -- functionpoint
[    0.129398] drivers/pci/probe.c 2281 pci_scan_slot -- functionpoint
[    0.129399] drivers/pci/probe.c 2196 pci_scan_single_device -- functionpoint
[    0.129401] drivers/pci/search.c 206 pci_get_slot -- functionpoint
[    0.129402] drivers/pci/search.c 215 pci_get_slot return value is NULL -- functionpoint
[    0.129404] drivers/pci/probe.c 2035 pci_scan_device -- functionpoint
[    0.129406] drivers/pci/probe.c 2009 pci_bus_read_dev_vendor_id -- functionpoint
[    0.129412] drivers/pci/probe.c 2288 pci_scan_slot -- functionpoint -- fn = 0, devfn = 168, fn+devfn = 168
[    0.129415] drivers/pci/probe.c 2281 pci_scan_slot -- functionpoint
[    0.129416] drivers/pci/probe.c 2196 pci_scan_single_device -- functionpoint
[    0.129417] drivers/pci/search.c 206 pci_get_slot -- functionpoint
[    0.129419] drivers/pci/search.c 215 pci_get_slot return value is NULL -- functionpoint
[    0.129420] drivers/pci/probe.c 2035 pci_scan_device -- functionpoint
[    0.129422] drivers/pci/probe.c 2009 pci_bus_read_dev_vendor_id -- functionpoint
[    0.129436] drivers/pci/probe.c 2048 pci_scan_device -- functionpoint -- dev_vendor: 8086, dev_device: a360
[    0.129440] drivers/pci/probe.c 1453 pci_setup_device -- functionpoint
[    0.129441] drivers/pci/probe.c 1242 set_pcie_port_type -- functionpoint
[    0.129454] pci 0000:00:16.0: [8086:a360] type 00 class 0x078000
[    0.129457] pci 0000:00:16.0: drivers/pci/probe.c 1482 pci_setup_device functionpoint -- [8086:a360] type 00 class 0x078000 multifunction 01
[    0.129472] drivers/pci/probe.c 1513 pci_setup_device  switch case PCI_HEADER_TYPE_NORMAL -- functionpoint
[    0.129490] pci 0000:00:16.0: reg 0x10: [mem 0x4000105000-0x4000105fff 64bit]
[    0.129531] drivers/pci/probe.c 2145 pci_device_add -- functionpoint
[    0.129574] drivers/pci/pci.c 2409 pci_pm_init -- functionpoint
[    0.129582] pci 0000:00:16.0: drivers/pci/pci.c 2450 pci_pm_init --functionpoint-- supports
[    0.129586] pci 0000:00:16.0: PME# supported from D3hot
[    0.129587] pci 0000:00:16.0: drivers/pci/pci.c 2462 pci_pm_init --functionpoint-- PME# supported from D3hot
[    0.129593] pci 0000:00:16.0: drivers/pci/pci.c 1891 pci_pme_active --functionpoint-- PME# disabled
[    0.130629] drivers/pci/probe.c 2288 pci_scan_slot -- functionpoint -- fn = 0, devfn = 176, fn+devfn = 176
[    0.130632] drivers/pci/probe.c 2220 next_fn -- functionpoint
[    0.130632] drivers/pci/probe.c 2196 pci_scan_single_device -- functionpoint
[    0.130634] drivers/pci/search.c 206 pci_get_slot -- functionpoint
[    0.130635] drivers/pci/search.c 215 pci_get_slot return value is NULL -- functionpoint
[    0.130637] drivers/pci/probe.c 2035 pci_scan_device -- functionpoint
[    0.130639] drivers/pci/probe.c 2009 pci_bus_read_dev_vendor_id -- functionpoint
[    0.130650] drivers/pci/probe.c 2298 pci_scan_slot -- functionpoint -- fn = 1, devfn = 176, fn+devfn = 177
[    0.130653] drivers/pci/probe.c 2220 next_fn -- functionpoint
[    0.130654] drivers/pci/probe.c 2196 pci_scan_single_device -- functionpoint
[    0.130655] drivers/pci/search.c 206 pci_get_slot -- functionpoint
[    0.130657] drivers/pci/search.c 215 pci_get_slot return value is NULL -- functionpoint
[    0.130659] drivers/pci/probe.c 2035 pci_scan_device -- functionpoint
[    0.130660] drivers/pci/probe.c 2009 pci_bus_read_dev_vendor_id -- functionpoint
[    0.130675] drivers/pci/probe.c 2298 pci_scan_slot -- functionpoint -- fn = 2, devfn = 176, fn+devfn = 178
[    0.130678] drivers/pci/probe.c 2220 next_fn -- functionpoint
[    0.130679] drivers/pci/probe.c 2196 pci_scan_single_device -- functionpoint
[    0.130680] drivers/pci/search.c 206 pci_get_slot -- functionpoint
[    0.130682] drivers/pci/search.c 215 pci_get_slot return value is NULL -- functionpoint
[    0.130684] drivers/pci/probe.c 2035 pci_scan_device -- functionpoint
[    0.130685] drivers/pci/probe.c 2009 pci_bus_read_dev_vendor_id -- functionpoint
[    0.130693] drivers/pci/probe.c 2048 pci_scan_device -- functionpoint -- dev_vendor: 8086, dev_device: a363
[    0.130697] drivers/pci/probe.c 1453 pci_setup_device -- functionpoint
[    0.130699] drivers/pci/probe.c 1242 set_pcie_port_type -- functionpoint
[    0.130710] pci 0000:00:16.3: [8086:a363] type 00 class 0x070002
[    0.130712] pci 0000:00:16.3: drivers/pci/probe.c 1482 pci_setup_device functionpoint -- [8086:a363] type 00 class 0x070002 multifunction 01
[    0.130727] drivers/pci/probe.c 1513 pci_setup_device  switch case PCI_HEADER_TYPE_NORMAL -- functionpoint
[    0.130738] pci 0000:00:16.3: reg 0x10: [io  0x4088-0x408f]
[    0.130749] pci 0000:00:16.3: reg 0x14: [mem 0xf1237000-0xf1237fff]
[    0.130788] drivers/pci/probe.c 2145 pci_device_add -- functionpoint
[    0.130824] drivers/pci/pci.c 2409 pci_pm_init -- functionpoint
[    0.130834] pci 0000:00:16.3: drivers/pci/pci.c 2450 pci_pm_init --functionpoint-- supports
[    0.131812] drivers/pci/probe.c 2298 pci_scan_slot -- functionpoint -- fn = 3, devfn = 176, fn+devfn = 179
[    0.131814] drivers/pci/probe.c 2220 next_fn -- functionpoint
[    0.131815] drivers/pci/probe.c 2196 pci_scan_single_device -- functionpoint
[    0.131816] drivers/pci/search.c 206 pci_get_slot -- functionpoint
[    0.131818] drivers/pci/search.c 215 pci_get_slot return value is NULL -- functionpoint
[    0.131819] drivers/pci/probe.c 2035 pci_scan_device -- functionpoint
[    0.131821] drivers/pci/probe.c 2009 pci_bus_read_dev_vendor_id -- functionpoint
[    0.131833] drivers/pci/probe.c 2298 pci_scan_slot -- functionpoint -- fn = 4, devfn = 176, fn+devfn = 180
[    0.131836] drivers/pci/probe.c 2220 next_fn -- functionpoint
[    0.131836] drivers/pci/probe.c 2196 pci_scan_single_device -- functionpoint
[    0.131838] drivers/pci/search.c 206 pci_get_slot -- functionpoint
[    0.131840] drivers/pci/search.c 215 pci_get_slot return value is NULL -- functionpoint
[    0.131841] drivers/pci/probe.c 2035 pci_scan_device -- functionpoint
[    0.131843] drivers/pci/probe.c 2009 pci_bus_read_dev_vendor_id -- functionpoint
[    0.131857] drivers/pci/probe.c 2298 pci_scan_slot -- functionpoint -- fn = 5, devfn = 176, fn+devfn = 181
[    0.131861] drivers/pci/probe.c 2220 next_fn -- functionpoint
[    0.131861] drivers/pci/probe.c 2196 pci_scan_single_device -- functionpoint
[    0.131862] drivers/pci/search.c 206 pci_get_slot -- functionpoint
[    0.131864] drivers/pci/search.c 215 pci_get_slot return value is NULL -- functionpoint
[    0.131866] drivers/pci/probe.c 2035 pci_scan_device -- functionpoint
[    0.131867] drivers/pci/probe.c 2009 pci_bus_read_dev_vendor_id -- functionpoint
[    0.131883] drivers/pci/probe.c 2298 pci_scan_slot -- functionpoint -- fn = 6, devfn = 176, fn+devfn = 182
[    0.131887] drivers/pci/probe.c 2220 next_fn -- functionpoint
[    0.131887] drivers/pci/probe.c 2196 pci_scan_single_device -- functionpoint
[    0.131888] drivers/pci/search.c 206 pci_get_slot -- functionpoint
[    0.131890] drivers/pci/search.c 215 pci_get_slot return value is NULL -- functionpoint
[    0.131892] drivers/pci/probe.c 2035 pci_scan_device -- functionpoint
[    0.131893] drivers/pci/probe.c 2009 pci_bus_read_dev_vendor_id -- functionpoint
[    0.131908] drivers/pci/probe.c 2298 pci_scan_slot -- functionpoint -- fn = 7, devfn = 176, fn+devfn = 183
[    0.131911] drivers/pci/probe.c 2220 next_fn -- functionpoint
[    0.131912] drivers/pci/probe.c 2281 pci_scan_slot -- functionpoint
[    0.131913] drivers/pci/probe.c 2196 pci_scan_single_device -- functionpoint
[    0.131915] drivers/pci/search.c 206 pci_get_slot -- functionpoint
[    0.131917] drivers/pci/search.c 215 pci_get_slot return value is NULL -- functionpoint
[    0.131918] drivers/pci/probe.c 2035 pci_scan_device -- functionpoint
[    0.131920] drivers/pci/probe.c 2009 pci_bus_read_dev_vendor_id -- functionpoint
[    0.131929] drivers/pci/probe.c 2048 pci_scan_device -- functionpoint -- dev_vendor: 8086, dev_device: a352
[    0.131933] drivers/pci/probe.c 1453 pci_setup_device -- functionpoint
[    0.131934] drivers/pci/probe.c 1242 set_pcie_port_type -- functionpoint
[    0.131947] pci 0000:00:17.0: [8086:a352] type 00 class 0x010601
[    0.131950] pci 0000:00:17.0: drivers/pci/probe.c 1482 pci_setup_device functionpoint -- [8086:a352] type 00 class 0x010601 multifunction 00
[    0.131965] drivers/pci/probe.c 1513 pci_setup_device  switch case PCI_HEADER_TYPE_NORMAL -- functionpoint
[    0.131980] pci 0000:00:17.0: reg 0x10: [mem 0xf1230000-0xf1231fff]
[    0.131993] pci 0000:00:17.0: reg 0x14: [mem 0xf1236000-0xf12360ff]
[    0.132003] pci 0000:00:17.0: reg 0x18: [io  0x4080-0x4087]
[    0.132014] pci 0000:00:17.0: reg 0x1c: [io  0x4090-0x4093]
[    0.132025] pci 0000:00:17.0: reg 0x20: [io  0x4060-0x407f]
[    0.132036] pci 0000:00:17.0: reg 0x24: [mem 0xf1235000-0xf12357ff]
[    0.132050] drivers/pci/probe.c 2145 pci_device_add -- functionpoint
[    0.132090] drivers/pci/pci.c 2409 pci_pm_init -- functionpoint
[    0.132100] pci 0000:00:17.0: drivers/pci/pci.c 2450 pci_pm_init --functionpoint-- supports
[    0.132104] pci 0000:00:17.0: PME# supported from D3hot
[    0.132105] pci 0000:00:17.0: drivers/pci/pci.c 2462 pci_pm_init --functionpoint-- PME# supported from D3hot
[    0.132111] pci 0000:00:17.0: drivers/pci/pci.c 1891 pci_pme_active --functionpoint-- PME# disabled
[    0.133180] drivers/pci/probe.c 2288 pci_scan_slot -- functionpoint -- fn = 0, devfn = 184, fn+devfn = 184
[    0.133183] drivers/pci/probe.c 2220 next_fn -- functionpoint
[    0.133183] drivers/pci/probe.c 2281 pci_scan_slot -- functionpoint
[    0.133185] drivers/pci/probe.c 2196 pci_scan_single_device -- functionpoint
[    0.133186] drivers/pci/search.c 206 pci_get_slot -- functionpoint
[    0.133188] drivers/pci/search.c 215 pci_get_slot return value is NULL -- functionpoint
[    0.133189] drivers/pci/probe.c 2035 pci_scan_device -- functionpoint
[    0.133191] drivers/pci/probe.c 2009 pci_bus_read_dev_vendor_id -- functionpoint
[    0.133203] drivers/pci/probe.c 2288 pci_scan_slot -- functionpoint -- fn = 0, devfn = 192, fn+devfn = 192
[    0.133206] drivers/pci/probe.c 2281 pci_scan_slot -- functionpoint
[    0.133207] drivers/pci/probe.c 2196 pci_scan_single_device -- functionpoint
[    0.133208] drivers/pci/search.c 206 pci_get_slot -- functionpoint
[    0.133210] drivers/pci/search.c 215 pci_get_slot return value is NULL -- functionpoint
[    0.133211] drivers/pci/probe.c 2035 pci_scan_device -- functionpoint
[    0.133213] drivers/pci/probe.c 2009 pci_bus_read_dev_vendor_id -- functionpoint
[    0.133228] drivers/pci/probe.c 2288 pci_scan_slot -- functionpoint -- fn = 0, devfn = 200, fn+devfn = 200
[    0.133231] drivers/pci/probe.c 2281 pci_scan_slot -- functionpoint
[    0.133232] drivers/pci/probe.c 2196 pci_scan_single_device -- functionpoint
[    0.133233] drivers/pci/search.c 206 pci_get_slot -- functionpoint
[    0.133235] drivers/pci/search.c 215 pci_get_slot return value is NULL -- functionpoint
[    0.133237] drivers/pci/probe.c 2035 pci_scan_device -- functionpoint
[    0.133238] drivers/pci/probe.c 2009 pci_bus_read_dev_vendor_id -- functionpoint
[    0.133253] drivers/pci/probe.c 2288 pci_scan_slot -- functionpoint -- fn = 0, devfn = 208, fn+devfn = 208
[    0.133257] drivers/pci/probe.c 2281 pci_scan_slot -- functionpoint
[    0.133257] drivers/pci/probe.c 2196 pci_scan_single_device -- functionpoint
[    0.133258] drivers/pci/search.c 206 pci_get_slot -- functionpoint
[    0.133260] drivers/pci/search.c 215 pci_get_slot return value is NULL -- functionpoint
[    0.133262] drivers/pci/probe.c 2035 pci_scan_device -- functionpoint
[    0.133264] drivers/pci/probe.c 2009 pci_bus_read_dev_vendor_id -- functionpoint
[    0.133271] drivers/pci/probe.c 2048 pci_scan_device -- functionpoint -- dev_vendor: 8086, dev_device: a32c
[    0.133275] drivers/pci/probe.c 1453 pci_setup_device -- functionpoint
[    0.133276] drivers/pci/probe.c 1242 set_pcie_port_type -- functionpoint
[    0.133285] drivers/pci/probe.c 1262 set_pcie_port_type --functionpoint-- root_port or pcie_bridge
[    0.133290] pci 0000:00:1b.0: [8086:a32c] type 01 class 0x060400
[    0.133294] pci 0000:00:1b.0: drivers/pci/probe.c 1482 pci_setup_device functionpoint -- [8086:a32c] type 01 class 0x060400 multifunction 01
[    0.133312] drivers/pci/probe.c 1566 pci_setup_device switch case PCI_HEADER_TYPE_BRIDGE -- functionpoint
[    0.133358] drivers/pci/probe.c 2145 pci_device_add -- functionpoint
[    0.133429] drivers/pci/pci.c 2409 pci_pm_init -- functionpoint
[    0.133442] pci 0000:00:1b.0: drivers/pci/pci.c 2450 pci_pm_init --functionpoint-- supports
[    0.133446] pci 0000:00:1b.0: PME# supported from D0 D3hot D3cold
[    0.133447] pci 0000:00:1b.0: drivers/pci/pci.c 2462 pci_pm_init --functionpoint-- PME# supported from D0 D3hot D3cold
[    0.133459] pci 0000:00:1b.0: drivers/pci/pci.c 1891 pci_pme_active --functionpoint-- PME# disabled
[    0.133489] pci 0000:00:1b.0: PTM enabled (root), 4dns granularity
[    0.134547] drivers/pci/probe.c 2288 pci_scan_slot -- functionpoint -- fn = 0, devfn = 216, fn+devfn = 216
[    0.134549] drivers/pci/probe.c 2220 next_fn -- functionpoint
[    0.134550] drivers/pci/probe.c 2196 pci_scan_single_device -- functionpoint
[    0.134551] drivers/pci/search.c 206 pci_get_slot -- functionpoint
[    0.134553] drivers/pci/search.c 215 pci_get_slot return value is NULL -- functionpoint
[    0.134555] drivers/pci/probe.c 2035 pci_scan_device -- functionpoint
[    0.134557] drivers/pci/probe.c 2009 pci_bus_read_dev_vendor_id -- functionpoint
[    0.134568] drivers/pci/probe.c 2298 pci_scan_slot -- functionpoint -- fn = 1, devfn = 216, fn+devfn = 217
[    0.134572] drivers/pci/probe.c 2220 next_fn -- functionpoint
[    0.134572] drivers/pci/probe.c 2196 pci_scan_single_device -- functionpoint
[    0.134573] drivers/pci/search.c 206 pci_get_slot -- functionpoint
[    0.134575] drivers/pci/search.c 215 pci_get_slot return value is NULL -- functionpoint
[    0.134577] drivers/pci/probe.c 2035 pci_scan_device -- functionpoint
[    0.134578] drivers/pci/probe.c 2009 pci_bus_read_dev_vendor_id -- functionpoint
[    0.134594] drivers/pci/probe.c 2298 pci_scan_slot -- functionpoint -- fn = 2, devfn = 216, fn+devfn = 218
[    0.134597] drivers/pci/probe.c 2220 next_fn -- functionpoint
[    0.134597] drivers/pci/probe.c 2196 pci_scan_single_device -- functionpoint
[    0.134599] drivers/pci/search.c 206 pci_get_slot -- functionpoint
[    0.134601] drivers/pci/search.c 215 pci_get_slot return value is NULL -- functionpoint
[    0.134602] drivers/pci/probe.c 2035 pci_scan_device -- functionpoint
[    0.134604] drivers/pci/probe.c 2009 pci_bus_read_dev_vendor_id -- functionpoint
[    0.134619] drivers/pci/probe.c 2298 pci_scan_slot -- functionpoint -- fn = 3, devfn = 216, fn+devfn = 219
[    0.134622] drivers/pci/probe.c 2220 next_fn -- functionpoint
[    0.134622] drivers/pci/probe.c 2196 pci_scan_single_device -- functionpoint
[    0.134624] drivers/pci/search.c 206 pci_get_slot -- functionpoint
[    0.134626] drivers/pci/search.c 215 pci_get_slot return value is NULL -- functionpoint
[    0.134627] drivers/pci/probe.c 2035 pci_scan_device -- functionpoint
[    0.134629] drivers/pci/probe.c 2009 pci_bus_read_dev_vendor_id -- functionpoint
[    0.134642] drivers/pci/probe.c 2298 pci_scan_slot -- functionpoint -- fn = 4, devfn = 216, fn+devfn = 220
