[    0.000000] microcode: microcode updated early to revision 0xde, date = 2020-05-24
[    0.000000] Linux version 4.15.9+ (root@Yee-680G4) (gcc version 5.5.0 20171010 (Ubuntu 5.5.0-12ubuntu1~16.04)) #48 SMP Fri Dec 25 14:48:35 CST 2020
[    0.000000] Command line: BOOT_IMAGE=/boot/vmlinuz-4.15.9+ root=UUID=da0e40f1-3840-43a9-b61a-7b465a7673d3 ro quiet splash vt.handoff=7
[    0.000000] KERNEL supported cpus:
[    0.000000]   Intel GenuineIntel
[    0.000000]   AMD AuthenticAMD
[    0.000000]   Centaur CentaurHauls
[    0.000000] x86/fpu: Supporting XSAVE feature 0x001: 'x87 floating point registers'
[    0.000000] x86/fpu: Supporting XSAVE feature 0x002: 'SSE registers'
[    0.000000] x86/fpu: Supporting XSAVE feature 0x004: 'AVX registers'
[    0.000000] x86/fpu: Supporting XSAVE feature 0x008: 'MPX bounds registers'
[    0.000000] x86/fpu: Supporting XSAVE feature 0x010: 'MPX CSR'
[    0.000000] x86/fpu: xstate_offset[2]:  576, xstate_sizes[2]:  256
[    0.000000] x86/fpu: xstate_offset[3]:  832, xstate_sizes[3]:   64
[    0.000000] x86/fpu: xstate_offset[4]:  896, xstate_sizes[4]:   64
[    0.000000] x86/fpu: Enabled xstate features 0x1f, context size is 960 bytes, using 'compacted' format.
[    0.000000] e820: BIOS-provided physical RAM map:
[    0.000000] BIOS-e820: [mem 0x0000000000000000-0x000000000009efff] usable
[    0.000000] BIOS-e820: [mem 0x000000000009f000-0x00000000000fffff] reserved
[    0.000000] BIOS-e820: [mem 0x0000000000100000-0x00000000be6aafff] usable
[    0.000000] BIOS-e820: [mem 0x00000000be6ab000-0x00000000bf98efff] reserved
[    0.000000] BIOS-e820: [mem 0x00000000bf98f000-0x00000000bfb8efff] ACPI NVS
[    0.000000] BIOS-e820: [mem 0x00000000bfb8f000-0x00000000bfc0efff] ACPI data
[    0.000000] BIOS-e820: [mem 0x00000000bfc0f000-0x00000000bfc0ffff] usable
[    0.000000] BIOS-e820: [mem 0x00000000bfc10000-0x00000000d47fffff] reserved
[    0.000000] BIOS-e820: [mem 0x00000000fe010000-0x00000000fe010fff] reserved
[    0.000000] BIOS-e820: [mem 0x00000000ff000000-0x00000000ffffffff] reserved
[    0.000000] BIOS-e820: [mem 0x0000000100000000-0x00000004277fffff] usable
[    0.000000] NX (Execute Disable) protection: active
[    0.000000] efi: EFI v2.60 by HP
[    0.000000] efi:  ACPI=0xbfc0e000  ACPI 2.0=0xbfc0e014  SMBIOS=0xbee75000  ESRT=0xbee76018  MEMATTR=0xaf750018 
[    0.000000] random: fast init done
[    0.000000] SMBIOS 3.1 present.
[    0.000000] DMI: HP HP ProDesk 680 G4 MT/8580, BIOS R04 Ver. 02.11.01 04/27/2020
[    0.000000] e820: update [mem 0x00000000-0x00000fff] usable ==> reserved
[    0.000000] e820: remove [mem 0x000a0000-0x000fffff] usable
[    0.000000] e820: last_pfn = 0x427800 max_arch_pfn = 0x400000000
[    0.000000] MTRR default type: write-back
[    0.000000] MTRR fixed ranges enabled:
[    0.000000]   00000-9FFFF write-back
[    0.000000]   A0000-BFFFF uncachable
[    0.000000]   C0000-FFFFF write-protect
[    0.000000] MTRR variable ranges enabled:
[    0.000000]   0 base 00E0000000 mask 7FE0000000 uncachable
[    0.000000]   1 base 00D0000000 mask 7FF0000000 uncachable
[    0.000000]   2 base 00C8000000 mask 7FF8000000 uncachable
[    0.000000]   3 base 00C4000000 mask 7FFC000000 uncachable
[    0.000000]   4 base 2000000000 mask 6000000000 uncachable
[    0.000000]   5 base 1000000000 mask 7000000000 uncachable
[    0.000000]   6 base 0800000000 mask 7800000000 uncachable
[    0.000000]   7 base 4000000000 mask 4000000000 uncachable
[    0.000000]   8 disabled
[    0.000000]   9 disabled
[    0.000000] x86/PAT: Configuration [0-7]: WB  WC  UC- UC  WB  WP  UC- WT  
[    0.000000] e820: last_pfn = 0xbfc10 max_arch_pfn = 0x400000000
[    0.000000] esrt: Reserving ESRT space from 0x00000000bee76018 to 0x00000000bee76050.
[    0.000000] Scanning 1 areas for low memory corruption
[    0.000000] Base memory trampoline at [        (ptrval)] 99000 size 24576
[    0.000000] Using GB pages for direct mapping
[    0.000000] BRK [0x362bfa000, 0x362bfafff] PGTABLE
[    0.000000] BRK [0x362bfb000, 0x362bfbfff] PGTABLE
[    0.000000] BRK [0x362bfc000, 0x362bfcfff] PGTABLE
[    0.000000] BRK [0x362bfd000, 0x362bfdfff] PGTABLE
[    0.000000] BRK [0x362bfe000, 0x362bfefff] PGTABLE
[    0.000000] BRK [0x362bff000, 0x362bfffff] PGTABLE
[    0.000000] BRK [0x362c00000, 0x362c00fff] PGTABLE
[    0.000000] BRK [0x362c01000, 0x362c01fff] PGTABLE
[    0.000000] Secure boot could not be determined
[    0.000000] RAMDISK: [mem 0x232ba000-0x3e1b0fff]
[    0.000000] ACPI: Early table checksum verification disabled
[    0.000000] ACPI: RSDP 0x00000000BFC0E014 000024 (v02 HPQOEM)
[    0.000000] ACPI: XSDT 0x00000000BFBC7188 0000DC (v01 HPQOEM SLIC-BPC 00000000 INTL 20160422)
[    0.000000] ACPI: FACP 0x00000000BFC08000 000114 (v06 HPQOEM SLIC-BPC 00000000 HP   00000001)
[    0.000000] ACPI: DSDT 0x00000000BFBE5000 01E092 (v02 HPQOEM 8580     00000000 INTL 20160527)
[    0.000000] ACPI: FACS 0x00000000BFB3F000 000040
[    0.000000] ACPI: SSDT 0x00000000BFC0C000 00012A (v02 HP     ShmTable 00000001 INTL 20160527)
[    0.000000] ACPI: SSDT 0x00000000BFC0A000 001B5F (v02 CpuRef CpuSsdt  00003000 INTL 20160527)
[    0.000000] ACPI: SSDT 0x00000000BFC09000 0009CF (v02 CtdpB  CtdpB    00001000 INTL 20160527)
[    0.000000] ACPI: HPET 0x00000000BFC07000 000038 (v01 HPQOEM 8580     00000001 HP   00000001)
[    0.000000] ACPI: APIC 0x00000000BFC06000 00012C (v03 HPQOEM 8580     00000001 HP   00000001)
[    0.000000] ACPI: MCFG 0x00000000BFC05000 00003C (v01 HPQOEM 8580     00000001 HP   00000001)
[    0.000000] ACPI: WSMT 0x00000000BFC04000 000028 (v01 HPQOEM 8580     00000001 HP   00000001)
[    0.000000] ACPI: SSDT 0x00000000BFBE4000 000734 (v01 HPQOEM PtidDevc 00001000 INTL 20160527)
[    0.000000] ACPI: SSDT 0x00000000BFBE3000 000B27 (v02 HPQOEM HP_XHC_P 00000000 INTL 20160527)
[    0.000000] ACPI: SSDT 0x00000000BFBDF000 0030ED (v02 SaSsdt SaSsdt   00003000 INTL 20160527)
[    0.000000] ACPI: LPIT 0x00000000BFBDE000 000094 (v01 INTEL  CFL      20170001 INTL 20160422)
[    0.000000] ACPI: WSMT 0x00000000BFBDD000 000028 (v01 INTEL  CFL      20170001 INTL 20160422)
[    0.000000] ACPI: SSDT 0x00000000BFBDC000 00044C (v02 INTEL  Wwan     00000001 INTL 20160527)
[    0.000000] ACPI: UEFI 0x00000000BFB39000 000042 (v01 INTEL  CFL      20170001 INTL 20160422)
[    0.000000] ACPI: OEML 0x00000000BFBDB000 000028 (v03 INTEL  CFL      20170001 INTL 20160422)
[    0.000000] ACPI: DMAR 0x00000000BFBDA000 0000C8 (v01 INTEL  CFL      00000002      01000013)
[    0.000000] ACPI: SSDT 0x00000000BFBCB000 00E899 (v01 HP     HPINDTWL 00001000 INTL 20160527)
[    0.000000] ACPI: SSDT 0x00000000BFBCA000 000032 (v01 HP     HPCONDEV 00001000 INTL 20160527)
[    0.000000] ACPI: SSDT 0x00000000BFBC9000 000069 (v01 HP     HPCAHWID 00001000 INTL 20160527)
[    0.000000] ACPI: ASF! 0x00000000BFBC8000 0000A0 (v32 HPQOEM  UYA     20170001 INTL 20160422)
[    0.000000] ACPI: FPDT 0x00000000BFC0D000 000044 (v01 INTEL  CFL      20170001 INTL 20160422)
[    0.000000] ACPI: BGRT 0x00000000BFBC6000 000038 (v01 INTEL  CFL      20170001 INTL 20160422)
[    0.000000] ACPI: Local APIC address 0xfee00000
[    0.000000] No NUMA configuration found
[    0.000000] Faking a node at [mem 0x0000000000000000-0x00000004277fffff]
[    0.000000] NODE_DATA(0) allocated [mem 0x4277d5000-0x4277fffff]
[    0.000000] Zone ranges:
[    0.000000]   DMA      [mem 0x0000000000001000-0x0000000000ffffff]
[    0.000000]   DMA32    [mem 0x0000000001000000-0x00000000ffffffff]
[    0.000000]   Normal   [mem 0x0000000100000000-0x00000004277fffff]
[    0.000000]   Device   empty
[    0.000000] Movable zone start for each node
[    0.000000] Early memory node ranges
[    0.000000]   node   0: [mem 0x0000000000001000-0x000000000009efff]
[    0.000000]   node   0: [mem 0x0000000000100000-0x00000000be6aafff]
[    0.000000]   node   0: [mem 0x00000000bfc0f000-0x00000000bfc0ffff]
[    0.000000]   node   0: [mem 0x0000000100000000-0x00000004277fffff]
[    0.000000] Initmem setup node 0 [mem 0x0000000000001000-0x00000004277fffff]
[    0.000000] On node 0 totalpages: 4087370
[    0.000000]   DMA zone: 64 pages used for memmap
[    0.000000]   DMA zone: 21 pages reserved
[    0.000000]   DMA zone: 3998 pages, LIFO batch:0
[    0.000000]   DMA32 zone: 12123 pages used for memmap
[    0.000000]   DMA32 zone: 775852 pages, LIFO batch:31
[    0.000000]   Normal zone: 51680 pages used for memmap
[    0.000000]   Normal zone: 3307520 pages, LIFO batch:31
[    0.000000] Reserved but unavailable: 99 pages
[    0.000000] tboot: non-0 tboot_addr but it is not of type E820_TYPE_RESERVED
[    0.000000] ACPI: PM-Timer IO Port: 0x1808
[    0.000000] ACPI: Local APIC address 0xfee00000
[    0.000000] ACPI: LAPIC_NMI (acpi_id[0x01] high edge lint[0x1])
[    0.000000] ACPI: LAPIC_NMI (acpi_id[0x02] high edge lint[0x1])
[    0.000000] ACPI: LAPIC_NMI (acpi_id[0x03] high edge lint[0x1])
[    0.000000] ACPI: LAPIC_NMI (acpi_id[0x04] high edge lint[0x1])
[    0.000000] ACPI: LAPIC_NMI (acpi_id[0x05] high edge lint[0x1])
[    0.000000] ACPI: LAPIC_NMI (acpi_id[0x06] high edge lint[0x1])
[    0.000000] ACPI: LAPIC_NMI (acpi_id[0x07] high edge lint[0x1])
[    0.000000] ACPI: LAPIC_NMI (acpi_id[0x08] high edge lint[0x1])
[    0.000000] ACPI: LAPIC_NMI (acpi_id[0x09] high edge lint[0x1])
[    0.000000] ACPI: LAPIC_NMI (acpi_id[0x0a] high edge lint[0x1])
[    0.000000] ACPI: LAPIC_NMI (acpi_id[0x0b] high edge lint[0x1])
[    0.000000] ACPI: LAPIC_NMI (acpi_id[0x0c] high edge lint[0x1])
[    0.000000] ACPI: LAPIC_NMI (acpi_id[0x0d] high edge lint[0x1])
[    0.000000] ACPI: LAPIC_NMI (acpi_id[0x0e] high edge lint[0x1])
[    0.000000] ACPI: LAPIC_NMI (acpi_id[0x0f] high edge lint[0x1])
[    0.000000] ACPI: LAPIC_NMI (acpi_id[0x10] high edge lint[0x1])
[    0.000000] IOAPIC[0]: apic_id 2, version 32, address 0xfec00000, GSI 0-119
[    0.000000] ACPI: INT_SRC_OVR (bus 0 bus_irq 0 global_irq 2 dfl dfl)
[    0.000000] ACPI: INT_SRC_OVR (bus 0 bus_irq 9 global_irq 9 high level)
[    0.000000] ACPI: IRQ0 used by override.
[    0.000000] ACPI: IRQ9 used by override.
[    0.000000] Using ACPI (MADT) for SMP configuration information
[    0.000000] ACPI: HPET id: 0x8086a201 base: 0xfed00000
[    0.000000] smpboot: Allowing 8 CPUs, 0 hotplug CPUs
[    0.000000] PM: Registered nosave memory: [mem 0x00000000-0x00000fff]
[    0.000000] PM: Registered nosave memory: [mem 0x0009f000-0x000fffff]
[    0.000000] PM: Registered nosave memory: [mem 0xbe6ab000-0xbf98efff]
[    0.000000] PM: Registered nosave memory: [mem 0xbf98f000-0xbfb8efff]
[    0.000000] PM: Registered nosave memory: [mem 0xbfb8f000-0xbfc0efff]
[    0.000000] PM: Registered nosave memory: [mem 0xbfc10000-0xd47fffff]
[    0.000000] PM: Registered nosave memory: [mem 0xd4800000-0xfe00ffff]
[    0.000000] PM: Registered nosave memory: [mem 0xfe010000-0xfe010fff]
[    0.000000] PM: Registered nosave memory: [mem 0xfe011000-0xfeffffff]
[    0.000000] PM: Registered nosave memory: [mem 0xff000000-0xffffffff]
[    0.000000] e820: [mem 0xd4800000-0xfe00ffff] available for PCI devices
[    0.000000] Booting paravirtualized kernel on bare hardware
[    0.000000] clocksource: refined-jiffies: mask: 0xffffffff max_cycles: 0xffffffff, max_idle_ns: 7645519600211568 ns
[    0.000000] setup_percpu: NR_CPUS:8192 nr_cpumask_bits:8 nr_cpu_ids:8 nr_node_ids:1
[    0.000000] percpu: Embedded 46 pages/cpu @        (ptrval) s151552 r8192 d28672 u262144
[    0.000000] pcpu-alloc: s151552 r8192 d28672 u262144 alloc=1*2097152
[    0.000000] pcpu-alloc: [0] 0 1 2 3 4 5 6 7 
[    0.000000] Built 1 zonelists, mobility grouping on.  Total pages: 4023482
[    0.000000] Policy zone: Normal
[    0.000000] Kernel command line: BOOT_IMAGE=/boot/vmlinuz-4.15.9+ root=UUID=da0e40f1-3840-43a9-b61a-7b465a7673d3 ro quiet splash vt.handoff=7
[    0.000000] Calgary: detecting Calgary via BIOS EBDA area
[    0.000000] Calgary: Unable to locate Rio Grande table in EBDA - bailing!
[    0.000000] Memory: 15490712K/16349480K available (12300K kernel code, 2470K rwdata, 4200K rodata, 2388K init, 3184K bss, 858768K reserved, 0K cma-reserved)
[    0.000000] SLUB: HWalign=64, Order=0-3, MinObjects=0, CPUs=8, Nodes=1
[    0.000000] ftrace: allocating 38976 entries in 153 pages
[    0.000000] Hierarchical RCU implementation.
[    0.000000] 	RCU restricting CPUs from NR_CPUS=8192 to nr_cpu_ids=8.
[    0.000000] 	Tasks RCU enabled.
[    0.000000] RCU: Adjusting geometry for rcu_fanout_leaf=16, nr_cpu_ids=8
[    0.000000] kernel/irq/irqdesc.c 486 early_irq_init -- functionpoint
[    0.000000] NR_IRQS: 524544, nr_irqs: 2048, preallocated irqs: 16
[    0.000000] kernel/irq/irqdesc.c 493 early_irq_init -- functionpoint -- NR_IRQS: 524544, nr_irqs: 2048, preallocated irqs: 16
[    0.000000] arch/x86/kernel/apic/vector.c 690 arch_early_irq_init -- functionpoint
[    0.000000] drivers/pci/msi.c 1437 pci_msi_create_irq_domain -- functionpoint
[    0.000000] kernel/irq/msi.c 272 msi_create_irq_domain -- functionpoint
[    0.000000] arch/x86/kernel/apic/msi.c 148 arch_init_msi_domain -- functionpoint -- successed to init irqdomain for MSI/MSI-X.
[    0.000000] Console: colour dummy device 80x25
[    0.000000] console [tty0] enabled
[    0.000000] drivers/acpi/bus.c 1019 acpi_early_init -- functionpoint
[    0.000000] ACPI: Core revision 20170831
[    0.000000] ACPI Error: [\_SB_.PCI0.XHC_.RHUB.HS11] Namespace lookup failure, AE_NOT_FOUND (20170831/dswload-210)
[    0.000000] ACPI Exception: AE_NOT_FOUND, During name lookup/catalog (20170831/psobject-252)
[    0.000000] ACPI Exception: AE_NOT_FOUND, (SSDT:HP_XHC_P) while loading table (20170831/tbxfload-228)
[    0.000000] ACPI Error: 1 table load failures, 10 successful (20170831/tbxfload-246)
[    0.000000] clocksource: hpet: mask: 0xffffffff max_cycles: 0xffffffff, max_idle_ns: 79635855245 ns
[    0.000000] hpet clockevent registered
[    0.004000] APIC: Switch to symmetric I/O mode setup
[    0.004000] DMAR: Host address width 39
[    0.004000] DMAR: DRHD base: 0x000000fed90000 flags: 0x0
[    0.004000] DMAR: dmar0: reg_base_addr fed90000 ver 1:0 cap 1c0000c40660462 ecap 19e2ff0505e
[    0.004000] DMAR: DRHD base: 0x000000fed91000 flags: 0x1
[    0.004000] DMAR: dmar1: reg_base_addr fed91000 ver 1:0 cap d2008c40660462 ecap f050da
[    0.004000] DMAR: RMRR base: 0x000000bf81d000 end: 0x000000bf83cfff
[    0.004000] DMAR: RMRR base: 0x000000c4000000 end: 0x000000d47fffff
[    0.004000] DMAR: RMRR base: 0x000000bf86e000 end: 0x000000bf8edfff
[    0.004000] DMAR-IR: IOAPIC id 2 under DRHD base  0xfed91000 IOMMU 1
[    0.004000] DMAR-IR: HPET id 0 under DRHD base 0xfed91000
[    0.004000] DMAR-IR: Queued invalidation will be enabled to support x2apic and Intr-remapping.
[    0.004000] drivers/pci/msi.c 1437 pci_msi_create_irq_domain -- functionpoint
[    0.004000] kernel/irq/msi.c 272 msi_create_irq_domain -- functionpoint
[    0.004000] drivers/pci/msi.c 1437 pci_msi_create_irq_domain -- functionpoint
[    0.004000] kernel/irq/msi.c 272 msi_create_irq_domain -- functionpoint
[    0.004000] DMAR-IR: Enabled IRQ remapping in x2apic mode
[    0.004000] x2apic enabled
[    0.004000] Switched APIC routing to cluster x2apic.
[    0.016000] kernel/irq/msi.c 272 msi_create_irq_domain -- functionpoint
[    0.016000] kernel/irq/manage.c 1748 request_threaded_irq -- functionpoint
[    0.016000] kernel/irq/manage.c 1748 request_threaded_irq -- functionpoint
[    0.016000] ..TIMER: vector=0x30 apic1=0 pin1=2 apic2=-1 pin2=-1
[    0.036000] tsc: Detected 3000.000 MHz processor
[    0.036000] Calibrating delay loop (skipped), value calculated using timer frequency.. 6000.00 BogoMIPS (lpj=12000000)
[    0.036000] pid_max: default: 32768 minimum: 301
[    0.036000] Security Framework initialized
[    0.036000] Yama: becoming mindful.
[    0.036000] AppArmor: AppArmor initialized
[    0.036000] Dentry cache hash table entries: 2097152 (order: 12, 16777216 bytes)
[    0.036000] Inode-cache hash table entries: 1048576 (order: 11, 8388608 bytes)
[    0.036000] Mount-cache hash table entries: 32768 (order: 6, 262144 bytes)
[    0.036000] Mountpoint-cache hash table entries: 32768 (order: 6, 262144 bytes)
[    0.036000] CPU: Physical Processor ID: 0
[    0.036000] CPU: Processor Core ID: 0
[    0.036000] ENERGY_PERF_BIAS: Set to 'normal', was 'performance'
[    0.036000] ENERGY_PERF_BIAS: View and update with x86_energy_perf_policy(8)
[    0.036000] mce: CPU supports 14 MCE banks
[    0.036000] CPU0: Thermal monitoring enabled (TM1)
[    0.036000] process: using mwait in idle threads
[    0.036000] Last level iTLB entries: 4KB 128, 2MB 8, 4MB 8
[    0.036000] Last level dTLB entries: 4KB 64, 2MB 0, 4MB 0, 1GB 4
[    0.036000] Spectre V2 : Mitigation: Full generic retpoline
[    0.036000] Spectre V2 : Spectre v2 mitigation: Filling RSB on context switch
[    0.036000] Spectre V2 : Spectre v2 mitigation: Enabling Indirect Branch Prediction Barrier
[    0.036000] Freeing SMP alternatives memory: 36K
[    0.042108] TSC deadline timer enabled
[    0.042119] smpboot: CPU0: Intel(R) Core(TM) i7-9700 CPU @ 3.00GHz (family: 0x6, model: 0x9e, stepping: 0xd)
[    0.042172] Performance Events: PEBS fmt3+, Skylake events, 32-deep LBR, full-width counters, Intel PMU driver.
[    0.042200] ... version:                4
[    0.042201] ... bit width:              48
[    0.042201] ... generic registers:      8
[    0.042202] ... value mask:             0000ffffffffffff
[    0.042202] ... max period:             00007fffffffffff
[    0.042203] ... fixed-purpose events:   3
[    0.042203] ... event mask:             00000007000000ff
[    0.042238] Hierarchical SRCU implementation.
[    0.043182] NMI watchdog: Enabled. Permanently consumes one hw-PMU counter.
[    0.043192] smp: Bringing up secondary CPUs ...
[    0.043252] x86: Booting SMP configuration:
[    0.043252] .... node  #0, CPUs:      #1 #2 #3 #4 #5 #6 #7
[    0.053462] smp: Brought up 1 node, 8 CPUs
[    0.053462] smpboot: Max logical packages: 1
[    0.053462] smpboot: Total of 8 processors activated (48000.00 BogoMIPS)
[    0.056289] devtmpfs: initialized
[    0.056289] x86/mm: Memory block size: 128MB
[    0.057023] evm: security.selinux
[    0.057023] evm: security.SMACK64
[    0.057024] evm: security.SMACK64EXEC
[    0.057024] evm: security.SMACK64TRANSMUTE
[    0.057024] evm: security.SMACK64MMAP
[    0.057025] evm: security.apparmor
[    0.057025] evm: security.ima
[    0.057026] evm: security.capability
[    0.057039] PM: Registering ACPI NVS region [mem 0xbf98f000-0xbfb8efff] (2097152 bytes)
[    0.057039] clocksource: jiffies: mask: 0xffffffff max_cycles: 0xffffffff, max_idle_ns: 7645041785100000 ns
[    0.057039] futex hash table entries: 2048 (order: 5, 131072 bytes)
[    0.057039] pinctrl core: initialized pinctrl subsystem
[    0.057039] drivers/base/bus.c 153 driver_register -- functionpoint
[    0.057039] drivers/base/bus.c 642 bus_add_driver -- functionpoint
[    0.057039] drivers/base/bus.c 649 bus_add_driver -- functionpoint -- bus: 'platform': add driver reg-dummy
[    0.057039] drivers/base/dd.c 369 really_probe -- functionpoint
[    0.057039] drivers/base/dd.c 392 really_probe -- functionpoint -- bus: 'platform': really_probe: probing driver reg-dummy with device reg-dummy
[    0.057039] drivers/base/dd.c 435 really_probe -- if drv->probe use drv->probe(dev) -- functionpoint
[    0.057039] RTC time:  7:12:20, date: 12/25/20
[    0.057039] NET: Registered protocol family 16
[    0.057039] audit: initializing netlink subsys (disabled)
[    0.057039] audit: type=2000 audit(1608880340.056:1): state=initialized audit_enabled=0 res=1
[    0.057039] drivers/base/bus.c 153 driver_register -- functionpoint
[    0.057039] drivers/base/bus.c 642 bus_add_driver -- functionpoint
[    0.057039] drivers/base/bus.c 649 bus_add_driver -- functionpoint -- bus: 'platform': add driver sram
[    0.057039] drivers/base/bus.c 153 driver_register -- functionpoint
[    0.057039] drivers/base/bus.c 642 bus_add_driver -- functionpoint
[    0.057039] drivers/base/bus.c 649 bus_add_driver -- functionpoint -- bus: 'platform': add driver syscon
[    0.057039] drivers/base/bus.c 153 driver_register -- functionpoint
[    0.057039] drivers/base/bus.c 642 bus_add_driver -- functionpoint
[    0.057039] drivers/base/bus.c 649 bus_add_driver -- functionpoint -- bus: 'i2c': add driver dummy
[    0.057039] cpuidle: using governor ladder
[    0.057039] cpuidle: using governor menu
[    0.057039] ACPI FADT declares the system doesn't support PCIe ASPM, so disable it
[    0.057039] ACPI: bus type PCI registered
[    0.057039] acpiphp: ACPI Hot Plug PCI Controller Driver version: 0.5
[    0.057039] arch/x86/pci/init.c 11 start pci_arch_init -- functionpoint
[    0.057039] PCI: MMCONFIG for domain 0000 [bus 00-3f] at [mem 0xf8000000-0xfbffffff] (base 0xf8000000)
[    0.057039] PCI: not using MMCONFIG
[    0.057039] PCI: Using configuration type 1 for base access
[    0.057039] arch/x86/pci/init.c 44 end pci_arch_init -- functionpoint
[    0.057128] HugeTLB registered 1.00 GiB page size, pre-allocated 0 pages
[    0.057128] HugeTLB registered 2.00 MiB page size, pre-allocated 0 pages
[    0.057130] drivers/base/bus.c 153 driver_register -- functionpoint
[    0.057130] drivers/base/bus.c 642 bus_add_driver -- functionpoint
[    0.057130] drivers/base/bus.c 649 bus_add_driver -- functionpoint -- bus: 'i2c': add driver sx150x-pinctrl
[    0.057130] drivers/base/bus.c 153 driver_register -- functionpoint
[    0.057130] drivers/base/bus.c 642 bus_add_driver -- functionpoint
[    0.057130] drivers/base/bus.c 649 bus_add_driver -- functionpoint -- bus: 'platform': add driver byt_gpio
[    0.057130] drivers/base/bus.c 153 driver_register -- functionpoint
[    0.057130] drivers/base/bus.c 642 bus_add_driver -- functionpoint
[    0.057130] drivers/base/bus.c 649 bus_add_driver -- functionpoint -- bus: 'platform': add driver cherryview-pinctrl
[    0.057130] drivers/base/bus.c 153 driver_register -- functionpoint
[    0.057130] drivers/base/bus.c 642 bus_add_driver -- functionpoint
[    0.057130] drivers/base/bus.c 649 bus_add_driver -- functionpoint -- bus: 'platform': add driver lp_gpio
[    0.057130] drivers/base/bus.c 153 driver_register -- functionpoint
[    0.057130] drivers/base/bus.c 642 bus_add_driver -- functionpoint
[    0.057130] drivers/base/bus.c 649 bus_add_driver -- functionpoint -- bus: 'platform': add driver rc5t583-gpio
[    0.057130] drivers/base/bus.c 153 driver_register -- functionpoint
[    0.057130] drivers/base/bus.c 642 bus_add_driver -- functionpoint
[    0.057130] drivers/base/bus.c 649 bus_add_driver -- functionpoint -- bus: 'platform': add driver palmas-gpio
[    0.057130] drivers/base/bus.c 153 driver_register -- functionpoint
[    0.057130] drivers/base/bus.c 642 bus_add_driver -- functionpoint
[    0.057130] drivers/base/bus.c 649 bus_add_driver -- functionpoint -- bus: 'platform': add driver tps6586x-gpio
[    0.057130] drivers/base/bus.c 153 driver_register -- functionpoint
[    0.057130] drivers/base/bus.c 642 bus_add_driver -- functionpoint
[    0.057130] drivers/base/bus.c 649 bus_add_driver -- functionpoint -- bus: 'platform': add driver tps65910-gpio
[    0.060022] drivers/acpi/bus.c 1231 start acpi_init -- functionpoint
[    0.060037] ACPI: Added _OSI(Module Device)
[    0.060040] ACPI: Added _OSI(Processor Device)
[    0.060040] ACPI: Added _OSI(3.0 _SCP Extensions)
[    0.060041] ACPI: Added _OSI(Processor Aggregator Device)
[    0.060241] arch/x86/kernel/acpi/boot.c 717 acpi_register_gsi -- functionpoint
[    0.060241] arch/x86/kernel/acpi/boot.c 670 acpi_register_gsi_ioapic --functionpoint
[    0.060244] kernel/irq/manage.c 1748 request_threaded_irq -- functionpoint
[    0.061874] ACPI: Executed 30 blocks of module-level executable AML code
[    0.072037] ACPI: [Firmware Bug]: BIOS _OSI(Linux) query ignored
[    0.080362] ACPI: Dynamic OEM Table Load:
[    0.080373] ACPI: SSDT 0xFFFF98CC94FB3F00 0000F4 (v02 PmRef  Cpu0Psd  00003000 INTL 20160527)
[    0.080595] ACPI: Executed 1 blocks of module-level executable AML code
[    0.080717] ACPI: \_SB_.PR00: _OSC native thermal LVT Acked
[    0.081673] ACPI: Dynamic OEM Table Load:
[    0.081678] ACPI: SSDT 0xFFFF98CC94FBF000 000400 (v02 PmRef  Cpu0Cst  00003001 INTL 20160527)
[    0.081888] ACPI: Executed 1 blocks of module-level executable AML code
[    0.082120] ACPI: Dynamic OEM Table Load:
[    0.082125] ACPI: SSDT 0xFFFF98CC94EF7000 000605 (v02 PmRef  Cpu0Ist  00003000 INTL 20160527)
[    0.082319] ACPI: Executed 1 blocks of module-level executable AML code
[    0.082514] ACPI: Dynamic OEM Table Load:
[    0.082518] ACPI: SSDT 0xFFFF98CC94F35200 000149 (v02 PmRef  Cpu0Hwp  00003000 INTL 20160527)
[    0.082703] ACPI: Executed 2 blocks of module-level executable AML code
[    0.082869] ACPI: Dynamic OEM Table Load:
[    0.082874] ACPI: SSDT 0xFFFF98CC94EF7800 000724 (v02 PmRef  HwpLvt   00003000 INTL 20160527)
[    0.083047] ACPI: Executed 1 blocks of module-level executable AML code
[    0.083537] ACPI: Dynamic OEM Table Load:
[    0.083543] ACPI: SSDT 0xFFFF98CC94EF5000 0005FC (v02 PmRef  ApIst    00003000 INTL 20160527)
[    0.083932] ACPI: Executed 1 blocks of module-level executable AML code
[    0.084129] ACPI: Dynamic OEM Table Load:
[    0.084134] ACPI: SSDT 0xFFFF98CC94FBE000 000317 (v02 PmRef  ApHwp    00003000 INTL 20160527)
[    0.084400] ACPI: Executed 1 blocks of module-level executable AML code
[    0.084713] ACPI: Dynamic OEM Table Load:
[    0.084719] ACPI: SSDT 0xFFFF98CC97140000 000AB0 (v02 PmRef  ApPsd    00003000 INTL 20160527)
[    0.085561] ACPI: Executed 1 blocks of module-level executable AML code
[    0.085760] ACPI: Dynamic OEM Table Load:
[    0.085765] ACPI: SSDT 0xFFFF98CC94FBCC00 00030A (v02 PmRef  ApCst    00003000 INTL 20160527)
[    0.086032] ACPI: Executed 1 blocks of module-level executable AML code
[    0.088982] ACPI: EC: EC started
[    0.088982] ACPI: EC: interrupt blocked
[    0.088998] ACPI: \_SB_.PCI0.LPCB.EC0_: Used as first EC
[    0.089000] ACPI: \_SB_.PCI0.LPCB.EC0_: GPE=0x6e, EC_CMD/EC_SC=0x66, EC_DATA=0x62
[    0.089001] ACPI: \_SB_.PCI0.LPCB.EC0_: Used as boot DSDT EC to handle transactions
[    0.089001] ACPI: Interpreter enabled
[    0.089051] ACPI: (supports S0 S3 S4 S5)
[    0.089052] ACPI: Using IOAPIC for interrupt routing
[    0.089092] PCI: MMCONFIG for domain 0000 [bus 00-3f] at [mem 0xf8000000-0xfbffffff] (base 0xf8000000)
[    0.091742] PCI: MMCONFIG at [mem 0xf8000000-0xfbffffff] reserved in ACPI motherboard resources
[    0.091748] drivers/acpi/pci_root.c 920 acpi_pci_root_init --functionpoint
[    0.091748] drivers/acpi/apei/hest.c 228 acpi_hest_init -- functionpoint
[    0.091753] PCI: Using host bridge windows from ACPI; if necessary, use "pci=nocrs" and report a bug
[    0.091754] drivers/acpi/scan.c 106 acpi_scan_add_handler_with_hotplug -- functionpoint
[    0.091757] drivers/acpi/pci_link.c 936 acpi_pci_link_init -- functionpoint
[    0.092145] drivers/acpi/scan.c 106 acpi_scan_add_handler_with_hotplug -- functionpoint
[    0.092149] drivers/base/bus.c 153 driver_register -- functionpoint
[    0.092152] drivers/base/bus.c 642 bus_add_driver -- functionpoint
[    0.092154] drivers/base/bus.c 649 bus_add_driver -- functionpoint -- bus: 'platform': add driver clk-lpt
[    0.092161] drivers/acpi/scan.c 106 acpi_scan_add_handler_with_hotplug -- functionpoint
[    0.092211] ACPI: Enabled 4 GPEs in block 00 to 7F
[    0.092215] drivers/acpi/scan.c 2010 acpi_bus_scan -- functionpoint
[    0.099126] ACPI: Power Resource [USBC] (on)
[    0.099954] ACPI: Power Resource [WRST] (on)
[    0.100367] ACPI: Power Resource [WRST] (on)
[    0.100770] ACPI: Power Resource [WRST] (on)
[    0.101176] ACPI: Power Resource [WRST] (on)
[    0.101589] ACPI: Power Resource [WRST] (on)
[    0.101990] ACPI: Power Resource [WRST] (on)
[    0.102393] ACPI: Power Resource [WRST] (on)
[    0.102800] ACPI: Power Resource [WRST] (on)
[    0.103204] ACPI: Power Resource [WRST] (on)
[    0.103604] ACPI: Power Resource [WRST] (on)
[    0.104007] ACPI: Power Resource [WRST] (on)
[    0.104412] ACPI: Power Resource [WRST] (on)
[    0.104813] ACPI: Power Resource [WRST] (on)
[    0.105217] ACPI: Power Resource [WRST] (on)
[    0.105628] ACPI: Power Resource [WRST] (on)
[    0.106028] ACPI: Power Resource [WRST] (on)
[    0.106432] ACPI: Power Resource [WRST] (on)
[    0.106839] ACPI: Power Resource [WRST] (on)
[    0.107247] ACPI: Power Resource [WRST] (on)
[    0.107660] ACPI: Power Resource [WRST] (on)
[    0.109369] ACPI: Power Resource [V0PR] (on)
[    0.109582] ACPI: Power Resource [V1PR] (on)
[    0.109790] ACPI: Power Resource [V2PR] (on)
[    0.114385] ACPI: Power Resource [WRST] (on)
[    0.116509] drivers/acpi/scan.c 1916 acpi_bus_attach -- functionpoint
[    0.116530] drivers/acpi/scan.c 1916 acpi_bus_attach -- functionpoint
[    0.116537] drivers/acpi/scan.c 1916 acpi_bus_attach -- functionpoint
[    0.116568] drivers/acpi/scan.c 1916 acpi_bus_attach -- functionpoint
[    0.116594] drivers/acpi/scan.c 1916 acpi_bus_attach -- functionpoint
[    0.116601] drivers/acpi/pci_root.c 528 acpi_pci_root_add -- functionpoint
[    0.116990] ACPI: PCI Root Bridge [PCI0] (domain 0000 [bus 00-3e])
[    0.116993] ACPI: drivers/acpi/pci_root.c 584 acpi_pci_root_add --  functionpoint -- PCI Root Bridge [PCI0] (domain 0000 [bus 00-3e])
[    0.116999] acpi PNP0A08:00: _OSC: OS supports [ExtendedConfig ASPM ClockPM Segments MSI]
[    0.120386] acpi PNP0A08:00: _OSC: OS now controls [PCIeHotplug PME AER PCIeCapability]
[    0.120387] acpi PNP0A08:00: FADT indicates ASPM is unsupported, using BIOS configuration
[    0.120401] arch/x86/pci/acpi.c 335 pci_acpi_scan_root -- functionpoint
[    0.120402] drivers/pci/search.c 144 pci_find_bus -- functionpoint
[    0.120405] drivers/pci/search.c 145 pci_find_bus functionpoint -- domain_num = 0, bus_num = 0
[    0.120408] drivers/pci/search.c 176 pci_find_next_bus -- functionpoint
[    0.120408] drivers/pci/search.c 157 pci_find_bus not found bus -- functionpoint
[    0.120422] drivers/acpi/pci_root.c 881 acpi_pci_root_create -- functionpoint
[    0.120803] drivers/pci/probe.c 2643 pci_create_root_bus -- functionpoint
[    0.120805] drivers/pci/probe.c 533 pci_alloc_host_bridge -- functionpoint
[    0.120807] drivers/pci/probe.c 765 pci_register_host_bridge -- functionpoint
[    0.120809] drivers/pci/search.c 144 pci_find_bus -- functionpoint
[    0.120811] drivers/pci/search.c 145 pci_find_bus functionpoint -- domain_num = 0, bus_num = 0
[    0.120814] drivers/pci/search.c 176 pci_find_next_bus -- functionpoint
[    0.120814] drivers/pci/search.c 157 pci_find_bus not found bus -- functionpoint
[    0.121875] drivers/pci/probe.c 2009 pci_bus_read_dev_vendor_id -- functionpoint
[    0.121889] drivers/pci/probe.c 2009 pci_bus_read_dev_vendor_id -- functionpoint
[    0.121904] drivers/pci/probe.c 2009 pci_bus_read_dev_vendor_id -- functionpoint
[    0.121916] drivers/pci/probe.c 2009 pci_bus_read_dev_vendor_id -- functionpoint
[    0.121927] drivers/pci/probe.c 2009 pci_bus_read_dev_vendor_id -- functionpoint
[    0.121942] drivers/pci/probe.c 2009 pci_bus_read_dev_vendor_id -- functionpoint
[    0.121950] drivers/pci/probe.c 2009 pci_bus_read_dev_vendor_id -- functionpoint
[    0.121963] drivers/pci/probe.c 2009 pci_bus_read_dev_vendor_id -- functionpoint
[    0.121976] drivers/pci/probe.c 2009 pci_bus_read_dev_vendor_id -- functionpoint
[    0.121982] drivers/pci/probe.c 2009 pci_bus_read_dev_vendor_id -- functionpoint
[    0.121993] drivers/pci/probe.c 2009 pci_bus_read_dev_vendor_id -- functionpoint
[    0.122043] drivers/pci/probe.c 2009 pci_bus_read_dev_vendor_id -- functionpoint
[    0.122096] drivers/pci/probe.c 2009 pci_bus_read_dev_vendor_id -- functionpoint
[    0.122148] drivers/pci/probe.c 2009 pci_bus_read_dev_vendor_id -- functionpoint
[    0.122201] drivers/pci/probe.c 2009 pci_bus_read_dev_vendor_id -- functionpoint
[    0.122253] drivers/pci/probe.c 2009 pci_bus_read_dev_vendor_id -- functionpoint
[    0.122305] drivers/pci/probe.c 2009 pci_bus_read_dev_vendor_id -- functionpoint
[    0.122358] drivers/pci/probe.c 2009 pci_bus_read_dev_vendor_id -- functionpoint
[    0.122407] drivers/pci/probe.c 2009 pci_bus_read_dev_vendor_id -- functionpoint
[    0.122460] drivers/pci/probe.c 2009 pci_bus_read_dev_vendor_id -- functionpoint
[    0.122513] drivers/pci/probe.c 2009 pci_bus_read_dev_vendor_id -- functionpoint
[    0.122566] drivers/pci/probe.c 2009 pci_bus_read_dev_vendor_id -- functionpoint
[    0.122618] drivers/pci/probe.c 2009 pci_bus_read_dev_vendor_id -- functionpoint
[    0.122671] drivers/pci/probe.c 2009 pci_bus_read_dev_vendor_id -- functionpoint
[    0.122723] drivers/pci/probe.c 2009 pci_bus_read_dev_vendor_id -- functionpoint
[    0.122776] drivers/pci/probe.c 2009 pci_bus_read_dev_vendor_id -- functionpoint
[    0.122828] drivers/pci/probe.c 2009 pci_bus_read_dev_vendor_id -- functionpoint
[    0.122882] drivers/pci/probe.c 2009 pci_bus_read_dev_vendor_id -- functionpoint
[    0.122935] drivers/pci/probe.c 2009 pci_bus_read_dev_vendor_id -- functionpoint
[    0.122988] drivers/pci/probe.c 2009 pci_bus_read_dev_vendor_id -- functionpoint
[    0.123040] drivers/pci/probe.c 2009 pci_bus_read_dev_vendor_id -- functionpoint
[    0.123093] drivers/pci/probe.c 2009 pci_bus_read_dev_vendor_id -- functionpoint
[    0.123142] drivers/pci/probe.c 2009 pci_bus_read_dev_vendor_id -- functionpoint
[    0.123195] drivers/pci/probe.c 2009 pci_bus_read_dev_vendor_id -- functionpoint
[    0.123248] drivers/pci/probe.c 2009 pci_bus_read_dev_vendor_id -- functionpoint
[    0.123264] drivers/pci/probe.c 2009 pci_bus_read_dev_vendor_id -- functionpoint
[    0.123281] drivers/pci/probe.c 2009 pci_bus_read_dev_vendor_id -- functionpoint
[    0.123296] drivers/pci/probe.c 2009 pci_bus_read_dev_vendor_id -- functionpoint
[    0.123307] drivers/pci/probe.c 2009 pci_bus_read_dev_vendor_id -- functionpoint
[    0.123321] drivers/pci/probe.c 2009 pci_bus_read_dev_vendor_id -- functionpoint
[    0.123329] drivers/pci/probe.c 2009 pci_bus_read_dev_vendor_id -- functionpoint
[    0.123336] drivers/pci/probe.c 2009 pci_bus_read_dev_vendor_id -- functionpoint
[    0.123344] PCI host bridge to bus 0000:00
[    0.123347] pci_bus 0000:00: root bus resource [io  0x0000-0x0cf7 window]
[    0.123348] pci_bus 0000:00: root bus resource [io  0x0d00-0xffff window]
[    0.123350] pci_bus 0000:00: root bus resource [mem 0x000a0000-0x000bffff window]
[    0.123351] pci_bus 0000:00: root bus resource [mem 0xd4800000-0xf7ffffff window]
[    0.123352] pci_bus 0000:00: root bus resource [mem 0x4000000000-0x7fffffffff window]
[    0.123353] pci_bus 0000:00: root bus resource [mem 0xfc800000-0xfe7fffff window]
[    0.123354] pci_bus 0000:00: root bus resource [bus 00-3e]
[    0.123355] drivers/pci/probe.c 2497 pci_scan_child_bus_extend -- functionpoint
[    0.123356] pci_bus 0000:00: drivers/pci/probe.c 2501 pci_scan_child_bus_extend-- functionpoint -- scanning bus
[    0.123359] drivers/pci/probe.c 2281 pci_scan_slot -- functionpoint
[    0.123360] drivers/pci/probe.c 2196 pci_scan_single_device -- functionpoint
[    0.123361] drivers/pci/search.c 206 pci_get_slot -- functionpoint
[    0.123363] drivers/pci/search.c 215 pci_get_slot return value is NULL -- functionpoint
[    0.123365] drivers/pci/probe.c 2035 pci_scan_device -- functionpoint
[    0.123366] drivers/pci/probe.c 2009 pci_bus_read_dev_vendor_id -- functionpoint
[    0.123369] drivers/pci/probe.c 2048 pci_scan_device -- functionpoint -- dev_vendor: 8086, dev_device: 3e30
[    0.123372] drivers/pci/probe.c 1453 pci_setup_device -- functionpoint
[    0.123373] drivers/pci/probe.c 1242 set_pcie_port_type -- functionpoint
[    0.123379] pci 0000:00:00.0: [8086:3e30] type 00 class 0x060000
[    0.123382] pci 0000:00:00.0: drivers/pci/probe.c 1482 pci_setup_device functionpoint -- [8086:3e30] type 00 class 0x060000 multifunction 00
[    0.123396] drivers/pci/probe.c 1513 pci_setup_device  switch case PCI_HEADER_TYPE_NORMAL -- functionpoint
[    0.123409] drivers/pci/probe.c 2145 pci_device_add -- functionpoint
[    0.123421] drivers/pci/pci.c 2409 pci_pm_init -- functionpoint
[    0.124425] drivers/pci/probe.c 2288 pci_scan_slot -- functionpoint -- fn = 0, devfn = 0, fn+devfn = 0
[    0.124429] drivers/pci/probe.c 2220 next_fn -- functionpoint
[    0.124429] drivers/pci/probe.c 2281 pci_scan_slot -- functionpoint
[    0.124431] drivers/pci/probe.c 2196 pci_scan_single_device -- functionpoint
[    0.124432] drivers/pci/search.c 206 pci_get_slot -- functionpoint
[    0.124434] drivers/pci/search.c 215 pci_get_slot return value is NULL -- functionpoint
[    0.124435] drivers/pci/probe.c 2035 pci_scan_device -- functionpoint
[    0.124437] drivers/pci/probe.c 2009 pci_bus_read_dev_vendor_id -- functionpoint
[    0.124448] drivers/pci/probe.c 2288 pci_scan_slot -- functionpoint -- fn = 0, devfn = 8, fn+devfn = 8
[    0.124452] drivers/pci/probe.c 2281 pci_scan_slot -- functionpoint
[    0.124452] drivers/pci/probe.c 2196 pci_scan_single_device -- functionpoint
[    0.124454] drivers/pci/search.c 206 pci_get_slot -- functionpoint
[    0.124455] drivers/pci/search.c 215 pci_get_slot return value is NULL -- functionpoint
[    0.124457] drivers/pci/probe.c 2035 pci_scan_device -- functionpoint
[    0.124458] drivers/pci/probe.c 2009 pci_bus_read_dev_vendor_id -- functionpoint
[    0.124461] drivers/pci/probe.c 2048 pci_scan_device -- functionpoint -- dev_vendor: 8086, dev_device: 3e98
[    0.124464] drivers/pci/probe.c 1453 pci_setup_device -- functionpoint
[    0.124465] drivers/pci/probe.c 1242 set_pcie_port_type -- functionpoint
[    0.124471] pci 0000:00:02.0: [8086:3e98] type 00 class 0x030000
[    0.124474] pci 0000:00:02.0: drivers/pci/probe.c 1482 pci_setup_device functionpoint -- [8086:3e98] type 00 class 0x030000 multifunction 00
[    0.124479] drivers/pci/probe.c 1513 pci_setup_device  switch case PCI_HEADER_TYPE_NORMAL -- functionpoint
[    0.124485] pci 0000:00:02.0: reg 0x10: [mem 0xf0000000-0xf0ffffff 64bit]
[    0.124492] pci 0000:00:02.0: reg 0x18: [mem 0xe0000000-0xefffffff 64bit pref]
[    0.124495] pci 0000:00:02.0: reg 0x20: [io  0x4000-0x403f]
[    0.124501] drivers/pci/probe.c 2145 pci_device_add -- functionpoint
[    0.124508] pci 0000:00:02.0: BAR 2: assigned to efifb
[    0.124520] drivers/pci/pci.c 2409 pci_pm_init -- functionpoint
[    0.124523] pci 0000:00:02.0: drivers/pci/pci.c 2450 pci_pm_init --functionpoint-- supports
[    0.125547] drivers/pci/probe.c 2288 pci_scan_slot -- functionpoint -- fn = 0, devfn = 16, fn+devfn = 16
[    0.125550] drivers/pci/probe.c 2220 next_fn -- functionpoint
[    0.125550] drivers/pci/probe.c 2281 pci_scan_slot -- functionpoint
[    0.125552] drivers/pci/probe.c 2196 pci_scan_single_device -- functionpoint
[    0.125553] drivers/pci/search.c 206 pci_get_slot -- functionpoint
[    0.125555] drivers/pci/search.c 215 pci_get_slot return value is NULL -- functionpoint
[    0.125556] drivers/pci/probe.c 2035 pci_scan_device -- functionpoint
[    0.125558] drivers/pci/probe.c 2009 pci_bus_read_dev_vendor_id -- functionpoint
[    0.125569] drivers/pci/probe.c 2288 pci_scan_slot -- functionpoint -- fn = 0, devfn = 24, fn+devfn = 24
[    0.125573] drivers/pci/probe.c 2281 pci_scan_slot -- functionpoint
[    0.125573] drivers/pci/probe.c 2196 pci_scan_single_device -- functionpoint
[    0.125574] drivers/pci/search.c 206 pci_get_slot -- functionpoint
[    0.125576] drivers/pci/search.c 215 pci_get_slot return value is NULL -- functionpoint
[    0.125578] drivers/pci/probe.c 2035 pci_scan_device -- functionpoint
[    0.125579] drivers/pci/probe.c 2009 pci_bus_read_dev_vendor_id -- functionpoint
[    0.125595] drivers/pci/probe.c 2288 pci_scan_slot -- functionpoint -- fn = 0, devfn = 32, fn+devfn = 32
[    0.125598] drivers/pci/probe.c 2281 pci_scan_slot -- functionpoint
[    0.125598] drivers/pci/probe.c 2196 pci_scan_single_device -- functionpoint
[    0.125600] drivers/pci/search.c 206 pci_get_slot -- functionpoint
[    0.125601] drivers/pci/search.c 215 pci_get_slot return value is NULL -- functionpoint
[    0.125603] drivers/pci/probe.c 2035 pci_scan_device -- functionpoint
[    0.125605] drivers/pci/probe.c 2009 pci_bus_read_dev_vendor_id -- functionpoint
[    0.125620] drivers/pci/probe.c 2288 pci_scan_slot -- functionpoint -- fn = 0, devfn = 40, fn+devfn = 40
[    0.125623] drivers/pci/probe.c 2281 pci_scan_slot -- functionpoint
[    0.125623] drivers/pci/probe.c 2196 pci_scan_single_device -- functionpoint
[    0.125625] drivers/pci/search.c 206 pci_get_slot -- functionpoint
[    0.125626] drivers/pci/search.c 215 pci_get_slot return value is NULL -- functionpoint
[    0.125628] drivers/pci/probe.c 2035 pci_scan_device -- functionpoint
[    0.125630] drivers/pci/probe.c 2009 pci_bus_read_dev_vendor_id -- functionpoint
[    0.125645] drivers/pci/probe.c 2288 pci_scan_slot -- functionpoint -- fn = 0, devfn = 48, fn+devfn = 48
[    0.125648] drivers/pci/probe.c 2281 pci_scan_slot -- functionpoint
[    0.125648] drivers/pci/probe.c 2196 pci_scan_single_device -- functionpoint
[    0.125650] drivers/pci/search.c 206 pci_get_slot -- functionpoint
[    0.125651] drivers/pci/search.c 215 pci_get_slot return value is NULL -- functionpoint
[    0.125653] drivers/pci/probe.c 2035 pci_scan_device -- functionpoint
[    0.125655] drivers/pci/probe.c 2009 pci_bus_read_dev_vendor_id -- functionpoint
[    0.125670] drivers/pci/probe.c 2288 pci_scan_slot -- functionpoint -- fn = 0, devfn = 56, fn+devfn = 56
[    0.125673] drivers/pci/probe.c 2281 pci_scan_slot -- functionpoint
[    0.125673] drivers/pci/probe.c 2196 pci_scan_single_device -- functionpoint
[    0.125675] drivers/pci/search.c 206 pci_get_slot -- functionpoint
[    0.125676] drivers/pci/search.c 215 pci_get_slot return value is NULL -- functionpoint
[    0.125678] drivers/pci/probe.c 2035 pci_scan_device -- functionpoint
[    0.125680] drivers/pci/probe.c 2009 pci_bus_read_dev_vendor_id -- functionpoint
[    0.125695] drivers/pci/probe.c 2288 pci_scan_slot -- functionpoint -- fn = 0, devfn = 64, fn+devfn = 64
[    0.125698] drivers/pci/probe.c 2281 pci_scan_slot -- functionpoint
[    0.125698] drivers/pci/probe.c 2196 pci_scan_single_device -- functionpoint
[    0.125700] drivers/pci/search.c 206 pci_get_slot -- functionpoint
[    0.125701] drivers/pci/search.c 215 pci_get_slot return value is NULL -- functionpoint
[    0.125703] drivers/pci/probe.c 2035 pci_scan_device -- functionpoint
[    0.125705] drivers/pci/probe.c 2009 pci_bus_read_dev_vendor_id -- functionpoint
[    0.125718] drivers/pci/probe.c 2288 pci_scan_slot -- functionpoint -- fn = 0, devfn = 72, fn+devfn = 72
[    0.125721] drivers/pci/probe.c 2281 pci_scan_slot -- functionpoint
[    0.125721] drivers/pci/probe.c 2196 pci_scan_single_device -- functionpoint
[    0.125723] drivers/pci/search.c 206 pci_get_slot -- functionpoint
[    0.125725] drivers/pci/search.c 215 pci_get_slot return value is NULL -- functionpoint
[    0.125726] drivers/pci/probe.c 2035 pci_scan_device -- functionpoint
[    0.125728] drivers/pci/probe.c 2009 pci_bus_read_dev_vendor_id -- functionpoint
[    0.125742] drivers/pci/probe.c 2288 pci_scan_slot -- functionpoint -- fn = 0, devfn = 80, fn+devfn = 80
[    0.125745] drivers/pci/probe.c 2281 pci_scan_slot -- functionpoint
[    0.125745] drivers/pci/probe.c 2196 pci_scan_single_device -- functionpoint
[    0.125747] drivers/pci/search.c 206 pci_get_slot -- functionpoint
[    0.125749] drivers/pci/search.c 215 pci_get_slot return value is NULL -- functionpoint
[    0.125750] drivers/pci/probe.c 2035 pci_scan_device -- functionpoint
[    0.125752] drivers/pci/probe.c 2009 pci_bus_read_dev_vendor_id -- functionpoint
[    0.125768] drivers/pci/probe.c 2288 pci_scan_slot -- functionpoint -- fn = 0, devfn = 88, fn+devfn = 88
[    0.125771] drivers/pci/probe.c 2281 pci_scan_slot -- functionpoint
[    0.125771] drivers/pci/probe.c 2196 pci_scan_single_device -- functionpoint
[    0.125773] drivers/pci/search.c 206 pci_get_slot -- functionpoint
[    0.125774] drivers/pci/search.c 215 pci_get_slot return value is NULL -- functionpoint
[    0.125776] drivers/pci/probe.c 2035 pci_scan_device -- functionpoint
[    0.125778] drivers/pci/probe.c 2009 pci_bus_read_dev_vendor_id -- functionpoint
[    0.125793] drivers/pci/probe.c 2288 pci_scan_slot -- functionpoint -- fn = 0, devfn = 96, fn+devfn = 96
[    0.125796] drivers/pci/probe.c 2281 pci_scan_slot -- functionpoint
[    0.125796] drivers/pci/probe.c 2196 pci_scan_single_device -- functionpoint
[    0.125798] drivers/pci/search.c 206 pci_get_slot -- functionpoint
[    0.125799] drivers/pci/search.c 215 pci_get_slot return value is NULL -- functionpoint
[    0.125801] drivers/pci/probe.c 2035 pci_scan_device -- functionpoint
[    0.125803] drivers/pci/probe.c 2009 pci_bus_read_dev_vendor_id -- functionpoint
[    0.125818] drivers/pci/probe.c 2288 pci_scan_slot -- functionpoint -- fn = 0, devfn = 104, fn+devfn = 104
[    0.125821] drivers/pci/probe.c 2281 pci_scan_slot -- functionpoint
[    0.125821] drivers/pci/probe.c 2196 pci_scan_single_device -- functionpoint
[    0.125823] drivers/pci/search.c 206 pci_get_slot -- functionpoint
[    0.125824] drivers/pci/search.c 215 pci_get_slot return value is NULL -- functionpoint
[    0.125826] drivers/pci/probe.c 2035 pci_scan_device -- functionpoint
[    0.125828] drivers/pci/probe.c 2009 pci_bus_read_dev_vendor_id -- functionpoint
[    0.125843] drivers/pci/probe.c 2288 pci_scan_slot -- functionpoint -- fn = 0, devfn = 112, fn+devfn = 112
[    0.125846] drivers/pci/probe.c 2281 pci_scan_slot -- functionpoint
[    0.125846] drivers/pci/probe.c 2196 pci_scan_single_device -- functionpoint
[    0.125848] drivers/pci/search.c 206 pci_get_slot -- functionpoint
[    0.125849] drivers/pci/search.c 215 pci_get_slot return value is NULL -- functionpoint
[    0.125851] drivers/pci/probe.c 2035 pci_scan_device -- functionpoint
[    0.125853] drivers/pci/probe.c 2009 pci_bus_read_dev_vendor_id -- functionpoint
[    0.125868] drivers/pci/probe.c 2288 pci_scan_slot -- functionpoint -- fn = 0, devfn = 120, fn+devfn = 120
[    0.125871] drivers/pci/probe.c 2281 pci_scan_slot -- functionpoint
[    0.125871] drivers/pci/probe.c 2196 pci_scan_single_device -- functionpoint
[    0.125873] drivers/pci/search.c 206 pci_get_slot -- functionpoint
[    0.125874] drivers/pci/search.c 215 pci_get_slot return value is NULL -- functionpoint
[    0.125876] drivers/pci/probe.c 2035 pci_scan_device -- functionpoint
[    0.125878] drivers/pci/probe.c 2009 pci_bus_read_dev_vendor_id -- functionpoint
[    0.125893] drivers/pci/probe.c 2288 pci_scan_slot -- functionpoint -- fn = 0, devfn = 128, fn+devfn = 128
[    0.125896] drivers/pci/probe.c 2281 pci_scan_slot -- functionpoint
[    0.125896] drivers/pci/probe.c 2196 pci_scan_single_device -- functionpoint
[    0.125898] drivers/pci/search.c 206 pci_get_slot -- functionpoint
[    0.125899] drivers/pci/search.c 215 pci_get_slot return value is NULL -- functionpoint
[    0.125901] drivers/pci/probe.c 2035 pci_scan_device -- functionpoint
[    0.125903] drivers/pci/probe.c 2009 pci_bus_read_dev_vendor_id -- functionpoint
[    0.125918] drivers/pci/probe.c 2288 pci_scan_slot -- functionpoint -- fn = 0, devfn = 136, fn+devfn = 136
[    0.125921] drivers/pci/probe.c 2281 pci_scan_slot -- functionpoint
[    0.125921] drivers/pci/probe.c 2196 pci_scan_single_device -- functionpoint
[    0.125923] drivers/pci/search.c 206 pci_get_slot -- functionpoint
[    0.125924] drivers/pci/search.c 215 pci_get_slot return value is NULL -- functionpoint
[    0.125926] drivers/pci/probe.c 2035 pci_scan_device -- functionpoint
[    0.125928] drivers/pci/probe.c 2009 pci_bus_read_dev_vendor_id -- functionpoint
[    0.125933] drivers/pci/probe.c 2048 pci_scan_device -- functionpoint -- dev_vendor: 8086, dev_device: a379
[    0.125936] drivers/pci/probe.c 1453 pci_setup_device -- functionpoint
[    0.125938] drivers/pci/probe.c 1242 set_pcie_port_type -- functionpoint
[    0.125949] pci 0000:00:12.0: [8086:a379] type 00 class 0x118000
[    0.125952] pci 0000:00:12.0: drivers/pci/probe.c 1482 pci_setup_device functionpoint -- [8086:a379] type 00 class 0x118000 multifunction 01
[    0.125968] drivers/pci/probe.c 1513 pci_setup_device  switch case PCI_HEADER_TYPE_NORMAL -- functionpoint
[    0.125985] pci 0000:00:12.0: reg 0x10: [mem 0x4000107000-0x4000107fff 64bit]
[    0.126026] drivers/pci/probe.c 2145 pci_device_add -- functionpoint
[    0.126063] drivers/pci/pci.c 2409 pci_pm_init -- functionpoint
[    0.126072] pci 0000:00:12.0: drivers/pci/pci.c 2450 pci_pm_init --functionpoint-- supports
[    0.127077] drivers/pci/probe.c 2288 pci_scan_slot -- functionpoint -- fn = 0, devfn = 144, fn+devfn = 144
[    0.127080] drivers/pci/probe.c 2220 next_fn -- functionpoint
[    0.127080] drivers/pci/probe.c 2196 pci_scan_single_device -- functionpoint
[    0.127081] drivers/pci/search.c 206 pci_get_slot -- functionpoint
[    0.127083] drivers/pci/search.c 215 pci_get_slot return value is NULL -- functionpoint
[    0.127085] drivers/pci/probe.c 2035 pci_scan_device -- functionpoint
[    0.127086] drivers/pci/probe.c 2009 pci_bus_read_dev_vendor_id -- functionpoint
[    0.127098] drivers/pci/probe.c 2298 pci_scan_slot -- functionpoint -- fn = 1, devfn = 144, fn+devfn = 145
[    0.127101] drivers/pci/probe.c 2220 next_fn -- functionpoint
[    0.127102] drivers/pci/probe.c 2196 pci_scan_single_device -- functionpoint
[    0.127103] drivers/pci/search.c 206 pci_get_slot -- functionpoint
[    0.127105] drivers/pci/search.c 215 pci_get_slot return value is NULL -- functionpoint
[    0.127106] drivers/pci/probe.c 2035 pci_scan_device -- functionpoint
[    0.127108] drivers/pci/probe.c 2009 pci_bus_read_dev_vendor_id -- functionpoint
[    0.127123] drivers/pci/probe.c 2298 pci_scan_slot -- functionpoint -- fn = 2, devfn = 144, fn+devfn = 146
[    0.127126] drivers/pci/probe.c 2220 next_fn -- functionpoint
[    0.127126] drivers/pci/probe.c 2196 pci_scan_single_device -- functionpoint
[    0.127128] drivers/pci/search.c 206 pci_get_slot -- functionpoint
[    0.127130] drivers/pci/search.c 215 pci_get_slot return value is NULL -- functionpoint
[    0.127131] drivers/pci/probe.c 2035 pci_scan_device -- functionpoint
[    0.127133] drivers/pci/probe.c 2009 pci_bus_read_dev_vendor_id -- functionpoint
[    0.127148] drivers/pci/probe.c 2298 pci_scan_slot -- functionpoint -- fn = 3, devfn = 144, fn+devfn = 147
[    0.127151] drivers/pci/probe.c 2220 next_fn -- functionpoint
[    0.127151] drivers/pci/probe.c 2196 pci_scan_single_device -- functionpoint
[    0.127153] drivers/pci/search.c 206 pci_get_slot -- functionpoint
[    0.127154] drivers/pci/search.c 215 pci_get_slot return value is NULL -- functionpoint
[    0.127156] drivers/pci/probe.c 2035 pci_scan_device -- functionpoint
[    0.127158] drivers/pci/probe.c 2009 pci_bus_read_dev_vendor_id -- functionpoint
[    0.127173] drivers/pci/probe.c 2298 pci_scan_slot -- functionpoint -- fn = 4, devfn = 144, fn+devfn = 148
[    0.127176] drivers/pci/probe.c 2220 next_fn -- functionpoint
[    0.127176] drivers/pci/probe.c 2196 pci_scan_single_device -- functionpoint
[    0.127178] drivers/pci/search.c 206 pci_get_slot -- functionpoint
[    0.127180] drivers/pci/search.c 215 pci_get_slot return value is NULL -- functionpoint
[    0.127181] drivers/pci/probe.c 2035 pci_scan_device -- functionpoint
[    0.127183] drivers/pci/probe.c 2009 pci_bus_read_dev_vendor_id -- functionpoint
[    0.127198] drivers/pci/probe.c 2298 pci_scan_slot -- functionpoint -- fn = 5, devfn = 144, fn+devfn = 149
[    0.127201] drivers/pci/probe.c 2220 next_fn -- functionpoint
[    0.127201] drivers/pci/probe.c 2196 pci_scan_single_device -- functionpoint
[    0.127203] drivers/pci/search.c 206 pci_get_slot -- functionpoint
[    0.127204] drivers/pci/search.c 215 pci_get_slot return value is NULL -- functionpoint
[    0.127206] drivers/pci/probe.c 2035 pci_scan_device -- functionpoint
[    0.127208] drivers/pci/probe.c 2009 pci_bus_read_dev_vendor_id -- functionpoint
[    0.127217] drivers/pci/probe.c 2298 pci_scan_slot -- functionpoint -- fn = 6, devfn = 144, fn+devfn = 150
[    0.127221] drivers/pci/probe.c 2220 next_fn -- functionpoint
[    0.127221] drivers/pci/probe.c 2196 pci_scan_single_device -- functionpoint
[    0.127222] drivers/pci/search.c 206 pci_get_slot -- functionpoint
[    0.127224] drivers/pci/search.c 215 pci_get_slot return value is NULL -- functionpoint
[    0.127225] drivers/pci/probe.c 2035 pci_scan_device -- functionpoint
[    0.127227] drivers/pci/probe.c 2009 pci_bus_read_dev_vendor_id -- functionpoint
[    0.127244] drivers/pci/probe.c 2298 pci_scan_slot -- functionpoint -- fn = 7, devfn = 144, fn+devfn = 151
[    0.127247] drivers/pci/probe.c 2220 next_fn -- functionpoint
[    0.127248] drivers/pci/probe.c 2281 pci_scan_slot -- functionpoint
[    0.127249] drivers/pci/probe.c 2196 pci_scan_single_device -- functionpoint
[    0.127251] drivers/pci/search.c 206 pci_get_slot -- functionpoint
[    0.127252] drivers/pci/search.c 215 pci_get_slot return value is NULL -- functionpoint
[    0.127254] drivers/pci/probe.c 2035 pci_scan_device -- functionpoint
[    0.127255] drivers/pci/probe.c 2009 pci_bus_read_dev_vendor_id -- functionpoint
[    0.127262] drivers/pci/probe.c 2288 pci_scan_slot -- functionpoint -- fn = 0, devfn = 152, fn+devfn = 152
[    0.127265] drivers/pci/probe.c 2281 pci_scan_slot -- functionpoint
[    0.127265] drivers/pci/probe.c 2196 pci_scan_single_device -- functionpoint
[    0.127267] drivers/pci/search.c 206 pci_get_slot -- functionpoint
[    0.127268] drivers/pci/search.c 215 pci_get_slot return value is NULL -- functionpoint
[    0.127270] drivers/pci/probe.c 2035 pci_scan_device -- functionpoint
[    0.127272] drivers/pci/probe.c 2009 pci_bus_read_dev_vendor_id -- functionpoint
[    0.127280] drivers/pci/probe.c 2048 pci_scan_device -- functionpoint -- dev_vendor: 8086, dev_device: a36d
[    0.127284] drivers/pci/probe.c 1453 pci_setup_device -- functionpoint
[    0.127286] drivers/pci/probe.c 1242 set_pcie_port_type -- functionpoint
[    0.127297] pci 0000:00:14.0: [8086:a36d] type 00 class 0x0c0330
[    0.127300] pci 0000:00:14.0: drivers/pci/probe.c 1482 pci_setup_device functionpoint -- [8086:a36d] type 00 class 0x0c0330 multifunction 01
[    0.127316] drivers/pci/probe.c 1513 pci_setup_device  switch case PCI_HEADER_TYPE_NORMAL -- functionpoint
[    0.127336] pci 0000:00:14.0: reg 0x10: [mem 0xf1220000-0xf122ffff 64bit]
[    0.127392] drivers/pci/probe.c 2145 pci_device_add -- functionpoint
[    0.127435] drivers/pci/pci.c 2409 pci_pm_init -- functionpoint
[    0.127443] pci 0000:00:14.0: drivers/pci/pci.c 2450 pci_pm_init --functionpoint-- supports
[    0.127447] pci 0000:00:14.0: PME# supported from D3hot D3cold
[    0.127448] pci 0000:00:14.0: drivers/pci/pci.c 2462 pci_pm_init --functionpoint-- PME# supported from D3hot D3cold
[    0.127461] pci 0000:00:14.0: drivers/pci/pci.c 1891 pci_pme_active --functionpoint-- PME# disabled
[    0.128540] drivers/pci/probe.c 2288 pci_scan_slot -- functionpoint -- fn = 0, devfn = 160, fn+devfn = 160
[    0.128543] drivers/pci/probe.c 2220 next_fn -- functionpoint
[    0.128543] drivers/pci/probe.c 2196 pci_scan_single_device -- functionpoint
[    0.128544] drivers/pci/search.c 206 pci_get_slot -- functionpoint
[    0.128546] drivers/pci/search.c 215 pci_get_slot return value is NULL -- functionpoint
[    0.128548] drivers/pci/probe.c 2035 pci_scan_device -- functionpoint
[    0.128550] drivers/pci/probe.c 2009 pci_bus_read_dev_vendor_id -- functionpoint
[    0.128561] drivers/pci/probe.c 2298 pci_scan_slot -- functionpoint -- fn = 1, devfn = 160, fn+devfn = 161
[    0.128564] drivers/pci/probe.c 2220 next_fn -- functionpoint
[    0.128564] drivers/pci/probe.c 2196 pci_scan_single_device -- functionpoint
[    0.128566] drivers/pci/search.c 206 pci_get_slot -- functionpoint
[    0.128567] drivers/pci/search.c 215 pci_get_slot return value is NULL -- functionpoint
[    0.128569] drivers/pci/probe.c 2035 pci_scan_device -- functionpoint
[    0.128571] drivers/pci/probe.c 2009 pci_bus_read_dev_vendor_id -- functionpoint
[    0.128579] drivers/pci/probe.c 2048 pci_scan_device -- functionpoint -- dev_vendor: 8086, dev_device: a36f
[    0.128583] drivers/pci/probe.c 1453 pci_setup_device -- functionpoint
[    0.128585] drivers/pci/probe.c 1242 set_pcie_port_type -- functionpoint
[    0.128595] pci 0000:00:14.2: [8086:a36f] type 00 class 0x050000
[    0.128598] pci 0000:00:14.2: drivers/pci/probe.c 1482 pci_setup_device functionpoint -- [8086:a36f] type 00 class 0x050000 multifunction 00
[    0.128610] drivers/pci/probe.c 1513 pci_setup_device  switch case PCI_HEADER_TYPE_NORMAL -- functionpoint
[    0.128626] pci 0000:00:14.2: reg 0x10: [mem 0xf1232000-0xf1233fff 64bit]
[    0.128642] pci 0000:00:14.2: reg 0x18: [mem 0x4000106000-0x4000106fff 64bit]
[    0.128667] drivers/pci/probe.c 2145 pci_device_add -- functionpoint
[    0.128694] drivers/pci/pci.c 2409 pci_pm_init -- functionpoint
[    0.128702] pci 0000:00:14.2: drivers/pci/pci.c 2450 pci_pm_init --functionpoint-- supports
[    0.129705] drivers/pci/probe.c 2298 pci_scan_slot -- functionpoint -- fn = 2, devfn = 160, fn+devfn = 162
[    0.129708] drivers/pci/probe.c 2220 next_fn -- functionpoint
[    0.129708] drivers/pci/probe.c 2196 pci_scan_single_device -- functionpoint
[    0.129710] drivers/pci/search.c 206 pci_get_slot -- functionpoint
[    0.129711] drivers/pci/search.c 215 pci_get_slot return value is NULL -- functionpoint
[    0.129713] drivers/pci/probe.c 2035 pci_scan_device -- functionpoint
[    0.129715] drivers/pci/probe.c 2009 pci_bus_read_dev_vendor_id -- functionpoint
[    0.129721] drivers/pci/probe.c 2298 pci_scan_slot -- functionpoint -- fn = 3, devfn = 160, fn+devfn = 163
[    0.129724] drivers/pci/probe.c 2220 next_fn -- functionpoint
[    0.129724] drivers/pci/probe.c 2196 pci_scan_single_device -- functionpoint
[    0.129726] drivers/pci/search.c 206 pci_get_slot -- functionpoint
[    0.129727] drivers/pci/search.c 215 pci_get_slot return value is NULL -- functionpoint
[    0.129729] drivers/pci/probe.c 2035 pci_scan_device -- functionpoint
[    0.129731] drivers/pci/probe.c 2009 pci_bus_read_dev_vendor_id -- functionpoint
[    0.129747] drivers/pci/probe.c 2298 pci_scan_slot -- functionpoint -- fn = 4, devfn = 160, fn+devfn = 164
[    0.129751] drivers/pci/probe.c 2220 next_fn -- functionpoint
[    0.129751] drivers/pci/probe.c 2196 pci_scan_single_device -- functionpoint
[    0.129752] drivers/pci/search.c 206 pci_get_slot -- functionpoint
[    0.129754] drivers/pci/search.c 215 pci_get_slot return value is NULL -- functionpoint
[    0.129755] drivers/pci/probe.c 2035 pci_scan_device -- functionpoint
[    0.129757] drivers/pci/probe.c 2009 pci_bus_read_dev_vendor_id -- functionpoint
[    0.129772] drivers/pci/probe.c 2298 pci_scan_slot -- functionpoint -- fn = 5, devfn = 160, fn+devfn = 165
[    0.129776] drivers/pci/probe.c 2220 next_fn -- functionpoint
[    0.129776] drivers/pci/probe.c 2196 pci_scan_single_device -- functionpoint
[    0.129777] drivers/pci/search.c 206 pci_get_slot -- functionpoint
[    0.129779] drivers/pci/search.c 215 pci_get_slot return value is NULL -- functionpoint
[    0.129780] drivers/pci/probe.c 2035 pci_scan_device -- functionpoint
[    0.129782] drivers/pci/probe.c 2009 pci_bus_read_dev_vendor_id -- functionpoint
[    0.129797] drivers/pci/probe.c 2298 pci_scan_slot -- functionpoint -- fn = 6, devfn = 160, fn+devfn = 166
[    0.129800] drivers/pci/probe.c 2220 next_fn -- functionpoint
[    0.129801] drivers/pci/probe.c 2196 pci_scan_single_device -- functionpoint
[    0.129802] drivers/pci/search.c 206 pci_get_slot -- functionpoint
[    0.129804] drivers/pci/search.c 215 pci_get_slot return value is NULL -- functionpoint
[    0.129805] drivers/pci/probe.c 2035 pci_scan_device -- functionpoint
[    0.129807] drivers/pci/probe.c 2009 pci_bus_read_dev_vendor_id -- functionpoint
[    0.129822] drivers/pci/probe.c 2298 pci_scan_slot -- functionpoint -- fn = 7, devfn = 160, fn+devfn = 167
[    0.129825] drivers/pci/probe.c 2220 next_fn -- functionpoint
[    0.129826] drivers/pci/probe.c 2281 pci_scan_slot -- functionpoint
[    0.129827] drivers/pci/probe.c 2196 pci_scan_single_device -- functionpoint
[    0.129829] drivers/pci/search.c 206 pci_get_slot -- functionpoint
[    0.129830] drivers/pci/search.c 215 pci_get_slot return value is NULL -- functionpoint
[    0.129832] drivers/pci/probe.c 2035 pci_scan_device -- functionpoint
[    0.129834] drivers/pci/probe.c 2009 pci_bus_read_dev_vendor_id -- functionpoint
[    0.129840] drivers/pci/probe.c 2288 pci_scan_slot -- functionpoint -- fn = 0, devfn = 168, fn+devfn = 168
[    0.129844] drivers/pci/probe.c 2281 pci_scan_slot -- functionpoint
[    0.129844] drivers/pci/probe.c 2196 pci_scan_single_device -- functionpoint
[    0.129846] drivers/pci/search.c 206 pci_get_slot -- functionpoint
[    0.129847] drivers/pci/search.c 215 pci_get_slot return value is NULL -- functionpoint
[    0.129849] drivers/pci/probe.c 2035 pci_scan_device -- functionpoint
[    0.129850] drivers/pci/probe.c 2009 pci_bus_read_dev_vendor_id -- functionpoint
[    0.129865] drivers/pci/probe.c 2048 pci_scan_device -- functionpoint -- dev_vendor: 8086, dev_device: a360
[    0.129868] drivers/pci/probe.c 1453 pci_setup_device -- functionpoint
[    0.129870] drivers/pci/probe.c 1242 set_pcie_port_type -- functionpoint
[    0.129882] pci 0000:00:16.0: [8086:a360] type 00 class 0x078000
[    0.129885] pci 0000:00:16.0: drivers/pci/probe.c 1482 pci_setup_device functionpoint -- [8086:a360] type 00 class 0x078000 multifunction 01
[    0.129901] drivers/pci/probe.c 1513 pci_setup_device  switch case PCI_HEADER_TYPE_NORMAL -- functionpoint
[    0.129918] pci 0000:00:16.0: reg 0x10: [mem 0x4000105000-0x4000105fff 64bit]
[    0.129959] drivers/pci/probe.c 2145 pci_device_add -- functionpoint
[    0.130002] drivers/pci/pci.c 2409 pci_pm_init -- functionpoint
[    0.130010] pci 0000:00:16.0: drivers/pci/pci.c 2450 pci_pm_init --functionpoint-- supports
[    0.130014] pci 0000:00:16.0: PME# supported from D3hot
[    0.130015] pci 0000:00:16.0: drivers/pci/pci.c 2462 pci_pm_init --functionpoint-- PME# supported from D3hot
[    0.130021] pci 0000:00:16.0: drivers/pci/pci.c 1891 pci_pme_active --functionpoint-- PME# disabled
[    0.131085] drivers/pci/probe.c 2288 pci_scan_slot -- functionpoint -- fn = 0, devfn = 176, fn+devfn = 176
[    0.131087] drivers/pci/probe.c 2220 next_fn -- functionpoint
[    0.131088] drivers/pci/probe.c 2196 pci_scan_single_device -- functionpoint
[    0.131089] drivers/pci/search.c 206 pci_get_slot -- functionpoint
[    0.131091] drivers/pci/search.c 215 pci_get_slot return value is NULL -- functionpoint
[    0.131092] drivers/pci/probe.c 2035 pci_scan_device -- functionpoint
[    0.131094] drivers/pci/probe.c 2009 pci_bus_read_dev_vendor_id -- functionpoint
[    0.131106] drivers/pci/probe.c 2298 pci_scan_slot -- functionpoint -- fn = 1, devfn = 176, fn+devfn = 177
[    0.131109] drivers/pci/probe.c 2220 next_fn -- functionpoint
[    0.131109] drivers/pci/probe.c 2196 pci_scan_single_device -- functionpoint
[    0.131111] drivers/pci/search.c 206 pci_get_slot -- functionpoint
[    0.131112] drivers/pci/search.c 215 pci_get_slot return value is NULL -- functionpoint
[    0.131114] drivers/pci/probe.c 2035 pci_scan_device -- functionpoint
[    0.131116] drivers/pci/probe.c 2009 pci_bus_read_dev_vendor_id -- functionpoint
[    0.131131] drivers/pci/probe.c 2298 pci_scan_slot -- functionpoint -- fn = 2, devfn = 176, fn+devfn = 178
[    0.131134] drivers/pci/probe.c 2220 next_fn -- functionpoint
[    0.131134] drivers/pci/probe.c 2196 pci_scan_single_device -- functionpoint
[    0.131136] drivers/pci/search.c 206 pci_get_slot -- functionpoint
[    0.131137] drivers/pci/search.c 215 pci_get_slot return value is NULL -- functionpoint
[    0.131139] drivers/pci/probe.c 2035 pci_scan_device -- functionpoint
[    0.131141] drivers/pci/probe.c 2009 pci_bus_read_dev_vendor_id -- functionpoint
[    0.131149] drivers/pci/probe.c 2048 pci_scan_device -- functionpoint -- dev_vendor: 8086, dev_device: a363
[    0.131152] drivers/pci/probe.c 1453 pci_setup_device -- functionpoint
[    0.131154] drivers/pci/probe.c 1242 set_pcie_port_type -- functionpoint
[    0.131165] pci 0000:00:16.3: [8086:a363] type 00 class 0x070002
[    0.131168] pci 0000:00:16.3: drivers/pci/probe.c 1482 pci_setup_device functionpoint -- [8086:a363] type 00 class 0x070002 multifunction 01
[    0.131182] drivers/pci/probe.c 1513 pci_setup_device  switch case PCI_HEADER_TYPE_NORMAL -- functionpoint
[    0.131194] pci 0000:00:16.3: reg 0x10: [io  0x4088-0x408f]
[    0.131204] pci 0000:00:16.3: reg 0x14: [mem 0xf1237000-0xf1237fff]
[    0.131244] drivers/pci/probe.c 2145 pci_device_add -- functionpoint
[    0.131279] drivers/pci/pci.c 2409 pci_pm_init -- functionpoint
[    0.131289] pci 0000:00:16.3: drivers/pci/pci.c 2450 pci_pm_init --functionpoint-- supports
[    0.132295] drivers/pci/probe.c 2298 pci_scan_slot -- functionpoint -- fn = 3, devfn = 176, fn+devfn = 179
[    0.132298] drivers/pci/probe.c 2220 next_fn -- functionpoint
[    0.132298] drivers/pci/probe.c 2196 pci_scan_single_device -- functionpoint
[    0.132300] drivers/pci/search.c 206 pci_get_slot -- functionpoint
[    0.132301] drivers/pci/search.c 215 pci_get_slot return value is NULL -- functionpoint
[    0.132303] drivers/pci/probe.c 2035 pci_scan_device -- functionpoint
[    0.132305] drivers/pci/probe.c 2009 pci_bus_read_dev_vendor_id -- functionpoint
[    0.132316] drivers/pci/probe.c 2298 pci_scan_slot -- functionpoint -- fn = 4, devfn = 176, fn+devfn = 180
[    0.132319] drivers/pci/probe.c 2220 next_fn -- functionpoint
[    0.132320] drivers/pci/probe.c 2196 pci_scan_single_device -- functionpoint
[    0.132321] drivers/pci/search.c 206 pci_get_slot -- functionpoint
[    0.132323] drivers/pci/search.c 215 pci_get_slot return value is NULL -- functionpoint
[    0.132324] drivers/pci/probe.c 2035 pci_scan_device -- functionpoint
[    0.132326] drivers/pci/probe.c 2009 pci_bus_read_dev_vendor_id -- functionpoint
[    0.132340] drivers/pci/probe.c 2298 pci_scan_slot -- functionpoint -- fn = 5, devfn = 176, fn+devfn = 181
[    0.132343] drivers/pci/probe.c 2220 next_fn -- functionpoint
[    0.132343] drivers/pci/probe.c 2196 pci_scan_single_device -- functionpoint
[    0.132345] drivers/pci/search.c 206 pci_get_slot -- functionpoint
[    0.132346] drivers/pci/search.c 215 pci_get_slot return value is NULL -- functionpoint
[    0.132348] drivers/pci/probe.c 2035 pci_scan_device -- functionpoint
[    0.132350] drivers/pci/probe.c 2009 pci_bus_read_dev_vendor_id -- functionpoint
[    0.132365] drivers/pci/probe.c 2298 pci_scan_slot -- functionpoint -- fn = 6, devfn = 176, fn+devfn = 182
[    0.132369] drivers/pci/probe.c 2220 next_fn -- functionpoint
[    0.132369] drivers/pci/probe.c 2196 pci_scan_single_device -- functionpoint
[    0.132371] drivers/pci/search.c 206 pci_get_slot -- functionpoint
[    0.132372] drivers/pci/search.c 215 pci_get_slot return value is NULL -- functionpoint
[    0.132374] drivers/pci/probe.c 2035 pci_scan_device -- functionpoint
[    0.132375] drivers/pci/probe.c 2009 pci_bus_read_dev_vendor_id -- functionpoint
[    0.132390] drivers/pci/probe.c 2298 pci_scan_slot -- functionpoint -- fn = 7, devfn = 176, fn+devfn = 183
[    0.132394] drivers/pci/probe.c 2220 next_fn -- functionpoint
[    0.132394] drivers/pci/probe.c 2281 pci_scan_slot -- functionpoint
[    0.132396] drivers/pci/probe.c 2196 pci_scan_single_device -- functionpoint
[    0.132397] drivers/pci/search.c 206 pci_get_slot -- functionpoint
[    0.132399] drivers/pci/search.c 215 pci_get_slot return value is NULL -- functionpoint
[    0.132400] drivers/pci/probe.c 2035 pci_scan_device -- functionpoint
[    0.132402] drivers/pci/probe.c 2009 pci_bus_read_dev_vendor_id -- functionpoint
[    0.132411] drivers/pci/probe.c 2048 pci_scan_device -- functionpoint -- dev_vendor: 8086, dev_device: a352
[    0.132415] drivers/pci/probe.c 1453 pci_setup_device -- functionpoint
[    0.132416] drivers/pci/probe.c 1242 set_pcie_port_type -- functionpoint
[    0.132429] pci 0000:00:17.0: [8086:a352] type 00 class 0x010601
[    0.132431] pci 0000:00:17.0: drivers/pci/probe.c 1482 pci_setup_device functionpoint -- [8086:a352] type 00 class 0x010601 multifunction 00
[    0.132447] drivers/pci/probe.c 1513 pci_setup_device  switch case PCI_HEADER_TYPE_NORMAL -- functionpoint
[    0.132461] pci 0000:00:17.0: reg 0x10: [mem 0xf1230000-0xf1231fff]
[    0.132474] pci 0000:00:17.0: reg 0x14: [mem 0xf1236000-0xf12360ff]
[    0.132486] pci 0000:00:17.0: reg 0x18: [io  0x4080-0x4087]
[    0.132497] pci 0000:00:17.0: reg 0x1c: [io  0x4090-0x4093]
[    0.132508] pci 0000:00:17.0: reg 0x20: [io  0x4060-0x407f]
[    0.132519] pci 0000:00:17.0: reg 0x24: [mem 0xf1235000-0xf12357ff]
[    0.132532] drivers/pci/probe.c 2145 pci_device_add -- functionpoint
[    0.132572] drivers/pci/pci.c 2409 pci_pm_init -- functionpoint
[    0.132582] pci 0000:00:17.0: drivers/pci/pci.c 2450 pci_pm_init --functionpoint-- supports
[    0.132586] pci 0000:00:17.0: PME# supported from D3hot
[    0.132587] pci 0000:00:17.0: drivers/pci/pci.c 2462 pci_pm_init --functionpoint-- PME# supported from D3hot
[    0.132593] pci 0000:00:17.0: drivers/pci/pci.c 1891 pci_pme_active --functionpoint-- PME# disabled
[    0.133685] drivers/pci/probe.c 2288 pci_scan_slot -- functionpoint -- fn = 0, devfn = 184, fn+devfn = 184
[    0.133687] drivers/pci/probe.c 2220 next_fn -- functionpoint
[    0.133687] drivers/pci/probe.c 2281 pci_scan_slot -- functionpoint
[    0.133689] drivers/pci/probe.c 2196 pci_scan_single_device -- functionpoint
[    0.133690] drivers/pci/search.c 206 pci_get_slot -- functionpoint
[    0.133692] drivers/pci/search.c 215 pci_get_slot return value is NULL -- functionpoint
[    0.133694] drivers/pci/probe.c 2035 pci_scan_device -- functionpoint
[    0.133696] drivers/pci/probe.c 2009 pci_bus_read_dev_vendor_id -- functionpoint
[    0.133707] drivers/pci/probe.c 2288 pci_scan_slot -- functionpoint -- fn = 0, devfn = 192, fn+devfn = 192
[    0.133710] drivers/pci/probe.c 2281 pci_scan_slot -- functionpoint
[    0.133711] drivers/pci/probe.c 2196 pci_scan_single_device -- functionpoint
[    0.133712] drivers/pci/search.c 206 pci_get_slot -- functionpoint
[    0.133714] drivers/pci/search.c 215 pci_get_slot return value is NULL -- functionpoint
[    0.133715] drivers/pci/probe.c 2035 pci_scan_device -- functionpoint
[    0.133717] drivers/pci/probe.c 2009 pci_bus_read_dev_vendor_id -- functionpoint
[    0.133732] drivers/pci/probe.c 2288 pci_scan_slot -- functionpoint -- fn = 0, devfn = 200, fn+devfn = 200
[    0.133735] drivers/pci/probe.c 2281 pci_scan_slot -- functionpoint
[    0.133736] drivers/pci/probe.c 2196 pci_scan_single_device -- functionpoint
[    0.133737] drivers/pci/search.c 206 pci_get_slot -- functionpoint
[    0.133739] drivers/pci/search.c 215 pci_get_slot return value is NULL -- functionpoint
[    0.133740] drivers/pci/probe.c 2035 pci_scan_device -- functionpoint
[    0.133742] drivers/pci/probe.c 2009 pci_bus_read_dev_vendor_id -- functionpoint
[    0.133757] drivers/pci/probe.c 2288 pci_scan_slot -- functionpoint -- fn = 0, devfn = 208, fn+devfn = 208
[    0.133760] drivers/pci/probe.c 2281 pci_scan_slot -- functionpoint
[    0.133760] drivers/pci/probe.c 2196 pci_scan_single_device -- functionpoint
[    0.133762] drivers/pci/search.c 206 pci_get_slot -- functionpoint
[    0.133764] drivers/pci/search.c 215 pci_get_slot return value is NULL -- functionpoint
[    0.133765] drivers/pci/probe.c 2035 pci_scan_device -- functionpoint
[    0.133767] drivers/pci/probe.c 2009 pci_bus_read_dev_vendor_id -- functionpoint
[    0.133774] drivers/pci/probe.c 2048 pci_scan_device -- functionpoint -- dev_vendor: 8086, dev_device: a32c
[    0.133777] drivers/pci/probe.c 1453 pci_setup_device -- functionpoint
[    0.133779] drivers/pci/probe.c 1242 set_pcie_port_type -- functionpoint
[    0.133788] drivers/pci/probe.c 1262 set_pcie_port_type --functionpoint-- root_port or pcie_bridge
[    0.133793] pci 0000:00:1b.0: [8086:a32c] type 01 class 0x060400
[    0.133796] pci 0000:00:1b.0: drivers/pci/probe.c 1482 pci_setup_device functionpoint -- [8086:a32c] type 01 class 0x060400 multifunction 01
[    0.133816] drivers/pci/probe.c 1566 pci_setup_device switch case PCI_HEADER_TYPE_BRIDGE -- functionpoint
[    0.133862] drivers/pci/probe.c 2145 pci_device_add -- functionpoint
[    0.133934] drivers/pci/pci.c 2409 pci_pm_init -- functionpoint
[    0.133947] pci 0000:00:1b.0: drivers/pci/pci.c 2450 pci_pm_init --functionpoint-- supports
[    0.133951] pci 0000:00:1b.0: PME# supported from D0 D3hot D3cold
[    0.133952] pci 0000:00:1b.0: drivers/pci/pci.c 2462 pci_pm_init --functionpoint-- PME# supported from D0 D3hot D3cold
[    0.133964] pci 0000:00:1b.0: drivers/pci/pci.c 1891 pci_pme_active --functionpoint-- PME# disabled
[    0.133995] pci 0000:00:1b.0: PTM enabled (root), 4dns granularity
[    0.135080] drivers/pci/probe.c 2288 pci_scan_slot -- functionpoint -- fn = 0, devfn = 216, fn+devfn = 216
[    0.135083] drivers/pci/probe.c 2220 next_fn -- functionpoint
[    0.135083] drivers/pci/probe.c 2196 pci_scan_single_device -- functionpoint
[    0.135085] drivers/pci/search.c 206 pci_get_slot -- functionpoint
[    0.135086] drivers/pci/search.c 215 pci_get_slot return value is NULL -- functionpoint
[    0.135088] drivers/pci/probe.c 2035 pci_scan_device -- functionpoint
[    0.135090] drivers/pci/probe.c 2009 pci_bus_read_dev_vendor_id -- functionpoint
[    0.135101] drivers/pci/probe.c 2298 pci_scan_slot -- functionpoint -- fn = 1, devfn = 216, fn+devfn = 217
[    0.135105] drivers/pci/probe.c 2220 next_fn -- functionpoint
[    0.135105] drivers/pci/probe.c 2196 pci_scan_single_device -- functionpoint
[    0.135107] drivers/pci/search.c 206 pci_get_slot -- functionpoint
[    0.135108] drivers/pci/search.c 215 pci_get_slot return value is NULL -- functionpoint
[    0.135110] drivers/pci/probe.c 2035 pci_scan_device -- functionpoint
[    0.135112] drivers/pci/probe.c 2009 pci_bus_read_dev_vendor_id -- functionpoint
[    0.135127] drivers/pci/probe.c 2298 pci_scan_slot -- functionpoint -- fn = 2, devfn = 216, fn+devfn = 218
[    0.135130] drivers/pci/probe.c 2220 next_fn -- functionpoint
[    0.135130] drivers/pci/probe.c 2196 pci_scan_single_device -- functionpoint
[    0.135132] drivers/pci/search.c 206 pci_get_slot -- functionpoint
[    0.135133] drivers/pci/search.c 215 pci_get_slot return value is NULL -- functionpoint
[    0.135135] drivers/pci/probe.c 2035 pci_scan_device -- functionpoint
[    0.135137] drivers/pci/probe.c 2009 pci_bus_read_dev_vendor_id -- functionpoint
[    0.135152] drivers/pci/probe.c 2298 pci_scan_slot -- functionpoint -- fn = 3, devfn = 216, fn+devfn = 219
[    0.135155] drivers/pci/probe.c 2220 next_fn -- functionpoint
[    0.135155] drivers/pci/probe.c 2196 pci_scan_single_device -- functionpoint
[    0.135157] drivers/pci/search.c 206 pci_get_slot -- functionpoint
[    0.135159] drivers/pci/search.c 215 pci_get_slot return value is NULL -- functionpoint
[    0.135160] drivers/pci/probe.c 2035 pci_scan_device -- functionpoint
[    0.135162] drivers/pci/probe.c 2009 pci_bus_read_dev_vendor_id -- functionpoint
[    0.135177] drivers/pci/probe.c 2298 pci_scan_slot -- functionpoint -- fn = 4, devfn = 216, fn+devfn = 220
[    0.135180] drivers/pci/probe.c 2220 next_fn -- functionpoint
[    0.135180] drivers/pci/probe.c 2196 pci_scan_single_device -- functionpoint
[    0.135182] drivers/pci/search.c 206 pci_get_slot -- functionpoint
[    0.135184] drivers/pci/search.c 215 pci_get_slot return value is NULL -- functionpoint
[    0.135185] drivers/pci/probe.c 2035 pci_scan_device -- functionpoint
[    0.135187] drivers/pci/probe.c 2009 pci_bus_read_dev_vendor_id -- functionpoint
[    0.135202] drivers/pci/probe.c 2298 pci_scan_slot -- functionpoint -- fn = 5, devfn = 216, fn+devfn = 221
[    0.135205] drivers/pci/probe.c 2220 next_fn -- functionpoint
[    0.135205] drivers/pci/probe.c 2196 pci_scan_single_device -- functionpoint
[    0.135207] drivers/pci/search.c 206 pci_get_slot -- functionpoint
[    0.135209] drivers/pci/search.c 215 pci_get_slot return value is NULL -- functionpoint
[    0.135210] drivers/pci/probe.c 2035 pci_scan_device -- functionpoint
[    0.135212] drivers/pci/probe.c 2009 pci_bus_read_dev_vendor_id -- functionpoint
[    0.135227] drivers/pci/probe.c 2298 pci_scan_slot -- functionpoint -- fn = 6, devfn = 216, fn+devfn = 222
[    0.135230] drivers/pci/probe.c 2220 next_fn -- functionpoint
[    0.135230] drivers/pci/probe.c 2196 pci_scan_single_device -- functionpoint
[    0.135232] drivers/pci/search.c 206 pci_get_slot -- functionpoint
[    0.135234] drivers/pci/search.c 215 pci_get_slot return value is NULL -- functionpoint
[    0.135235] drivers/pci/probe.c 2035 pci_scan_device -- functionpoint
[    0.135237] drivers/pci/probe.c 2009 pci_bus_read_dev_vendor_id -- functionpoint
[    0.135252] drivers/pci/probe.c 2298 pci_scan_slot -- functionpoint -- fn = 7, devfn = 216, fn+devfn = 223
[    0.135255] drivers/pci/probe.c 2220 next_fn -- functionpoint
[    0.135255] drivers/pci/probe.c 2281 pci_scan_slot -- functionpoint
[    0.135257] drivers/pci/probe.c 2196 pci_scan_single_device -- functionpoint
[    0.135258] drivers/pci/search.c 206 pci_get_slot -- functionpoint
[    0.135260] drivers/pci/search.c 215 pci_get_slot return value is NULL -- functionpoint
[    0.135262] drivers/pci/probe.c 2035 pci_scan_device -- functionpoint
[    0.135263] drivers/pci/probe.c 2009 pci_bus_read_dev_vendor_id -- functionpoint
[    0.135271] drivers/pci/probe.c 2048 pci_scan_device -- functionpoint -- dev_vendor: 8086, dev_device: a33e
[    0.135275] drivers/pci/probe.c 1453 pci_setup_device -- functionpoint
[    0.135276] drivers/pci/probe.c 1242 set_pcie_port_type -- functionpoint
[    0.135285] drivers/pci/probe.c 1262 set_pcie_port_type --functionpoint-- root_port or pcie_bridge
[    0.135290] pci 0000:00:1c.0: [8086:a33e] type 01 class 0x060400
[    0.135294] pci 0000:00:1c.0: drivers/pci/probe.c 1482 pci_setup_device functionpoint -- [8086:a33e] type 01 class 0x060400 multifunction 01
[    0.135314] drivers/pci/probe.c 1566 pci_setup_device switch case PCI_HEADER_TYPE_BRIDGE -- functionpoint
[    0.135359] drivers/pci/probe.c 2145 pci_device_add -- functionpoint
[    0.135432] drivers/pci/pci.c 2409 pci_pm_init -- functionpoint
[    0.135445] pci 0000:00:1c.0: drivers/pci/pci.c 2450 pci_pm_init --functionpoint-- supports
[    0.135449] pci 0000:00:1c.0: PME# supported from D0 D3hot D3cold
[    0.135450] pci 0000:00:1c.0: drivers/pci/pci.c 2462 pci_pm_init --functionpoint-- PME# supported from D0 D3hot D3cold
[    0.135462] pci 0000:00:1c.0: drivers/pci/pci.c 1891 pci_pme_active --functionpoint-- PME# disabled
[    0.135495] pci 0000:00:1c.0: PTM enabled (root), 4dns granularity
[    0.136582] drivers/pci/probe.c 2288 pci_scan_slot -- functionpoint -- fn = 0, devfn = 224, fn+devfn = 224
[    0.136585] drivers/pci/probe.c 2220 next_fn -- functionpoint
[    0.136585] drivers/pci/probe.c 2196 pci_scan_single_device -- functionpoint
[    0.136587] drivers/pci/search.c 206 pci_get_slot -- functionpoint
[    0.136588] drivers/pci/search.c 215 pci_get_slot return value is NULL -- functionpoint
[    0.136590] drivers/pci/probe.c 2035 pci_scan_device -- functionpoint
[    0.136592] drivers/pci/probe.c 2009 pci_bus_read_dev_vendor_id -- functionpoint
[    0.136603] drivers/pci/probe.c 2298 pci_scan_slot -- functionpoint -- fn = 1, devfn = 224, fn+devfn = 225
[    0.136606] drivers/pci/probe.c 2220 next_fn -- functionpoint
[    0.136607] drivers/pci/probe.c 2196 pci_scan_single_device -- functionpoint
[    0.136608] drivers/pci/search.c 206 pci_get_slot -- functionpoint
[    0.136610] drivers/pci/search.c 215 pci_get_slot return value is NULL -- functionpoint
[    0.136611] drivers/pci/probe.c 2035 pci_scan_device -- functionpoint
[    0.136613] drivers/pci/probe.c 2009 pci_bus_read_dev_vendor_id -- functionpoint
[    0.136629] drivers/pci/probe.c 2298 pci_scan_slot -- functionpoint -- fn = 2, devfn = 224, fn+devfn = 226
[    0.136632] drivers/pci/probe.c 2220 next_fn -- functionpoint
[    0.136632] drivers/pci/probe.c 2196 pci_scan_single_device -- functionpoint
[    0.136634] drivers/pci/search.c 206 pci_get_slot -- functionpoint
[    0.136636] drivers/pci/search.c 215 pci_get_slot return value is NULL -- functionpoint
[    0.136637] drivers/pci/probe.c 2035 pci_scan_device -- functionpoint
[    0.136639] drivers/pci/probe.c 2009 pci_bus_read_dev_vendor_id -- functionpoint
[    0.136654] drivers/pci/probe.c 2298 pci_scan_slot -- functionpoint -- fn = 3, devfn = 224, fn+devfn = 227
[    0.136657] drivers/pci/probe.c 2220 next_fn -- functionpoint
[    0.136657] drivers/pci/probe.c 2196 pci_scan_single_device -- functionpoint
[    0.136659] drivers/pci/search.c 206 pci_get_slot -- functionpoint
[    0.136660] drivers/pci/search.c 215 pci_get_slot return value is NULL -- functionpoint
[    0.136662] drivers/pci/probe.c 2035 pci_scan_device -- functionpoint
[    0.136664] drivers/pci/probe.c 2009 pci_bus_read_dev_vendor_id -- functionpoint
[    0.136679] drivers/pci/probe.c 2298 pci_scan_slot -- functionpoint -- fn = 4, devfn = 224, fn+devfn = 228
[    0.136682] drivers/pci/probe.c 2220 next_fn -- functionpoint
[    0.136682] drivers/pci/probe.c 2196 pci_scan_single_device -- functionpoint
[    0.136684] drivers/pci/search.c 206 pci_get_slot -- functionpoint
[    0.136686] drivers/pci/search.c 215 pci_get_slot return value is NULL -- functionpoint
[    0.136687] drivers/pci/probe.c 2035 pci_scan_device -- functionpoint
[    0.136689] drivers/pci/probe.c 2009 pci_bus_read_dev_vendor_id -- functionpoint
[    0.136701] drivers/pci/probe.c 2298 pci_scan_slot -- functionpoint -- fn = 5, devfn = 224, fn+devfn = 229
[    0.136705] drivers/pci/probe.c 2220 next_fn -- functionpoint
[    0.136705] drivers/pci/probe.c 2196 pci_scan_single_device -- functionpoint
[    0.136707] drivers/pci/search.c 206 pci_get_slot -- functionpoint
[    0.136708] drivers/pci/search.c 215 pci_get_slot return value is NULL -- functionpoint
[    0.136710] drivers/pci/probe.c 2035 pci_scan_device -- functionpoint
[    0.136711] drivers/pci/probe.c 2009 pci_bus_read_dev_vendor_id -- functionpoint
[    0.136728] drivers/pci/probe.c 2298 pci_scan_slot -- functionpoint -- fn = 6, devfn = 224, fn+devfn = 230
[    0.136731] drivers/pci/probe.c 2220 next_fn -- functionpoint
[    0.136731] drivers/pci/probe.c 2196 pci_scan_single_device -- functionpoint
[    0.136733] drivers/pci/search.c 206 pci_get_slot -- functionpoint
[    0.136735] drivers/pci/search.c 215 pci_get_slot return value is NULL -- functionpoint
[    0.136736] drivers/pci/probe.c 2035 pci_scan_device -- functionpoint
[    0.136738] drivers/pci/probe.c 2009 pci_bus_read_dev_vendor_id -- functionpoint
[    0.136751] drivers/pci/probe.c 2298 pci_scan_slot -- functionpoint -- fn = 7, devfn = 224, fn+devfn = 231
[    0.136754] drivers/pci/probe.c 2220 next_fn -- functionpoint
[    0.136755] drivers/pci/probe.c 2281 pci_scan_slot -- functionpoint
[    0.136756] drivers/pci/probe.c 2196 pci_scan_single_device -- functionpoint
[    0.136758] drivers/pci/search.c 206 pci_get_slot -- functionpoint
[    0.136759] drivers/pci/search.c 215 pci_get_slot return value is NULL -- functionpoint
[    0.136761] drivers/pci/probe.c 2035 pci_scan_device -- functionpoint
[    0.136763] drivers/pci/probe.c 2009 pci_bus_read_dev_vendor_id -- functionpoint
[    0.136776] drivers/pci/probe.c 2288 pci_scan_slot -- functionpoint -- fn = 0, devfn = 232, fn+devfn = 232
[    0.136780] drivers/pci/probe.c 2281 pci_scan_slot -- functionpoint
[    0.136780] drivers/pci/probe.c 2196 pci_scan_single_device -- functionpoint
[    0.136782] drivers/pci/search.c 206 pci_get_slot -- functionpoint
[    0.136783] drivers/pci/search.c 215 pci_get_slot return value is NULL -- functionpoint
[    0.136785] drivers/pci/probe.c 2035 pci_scan_device -- functionpoint
[    0.136786] drivers/pci/probe.c 2009 pci_bus_read_dev_vendor_id -- functionpoint
[    0.136796] drivers/pci/probe.c 2288 pci_scan_slot -- functionpoint -- fn = 0, devfn = 240, fn+devfn = 240
[    0.136799] drivers/pci/probe.c 2281 pci_scan_slot -- functionpoint
[    0.136800] drivers/pci/probe.c 2196 pci_scan_single_device -- functionpoint
[    0.136801] drivers/pci/search.c 206 pci_get_slot -- functionpoint
[    0.136803] drivers/pci/search.c 215 pci_get_slot return value is NULL -- functionpoint
[    0.136804] drivers/pci/probe.c 2035 pci_scan_device -- functionpoint
[    0.136806] drivers/pci/probe.c 2009 pci_bus_read_dev_vendor_id -- functionpoint
[    0.136820] drivers/pci/probe.c 2048 pci_scan_device -- functionpoint -- dev_vendor: 8086, dev_device: a306
[    0.136824] drivers/pci/probe.c 1453 pci_setup_device -- functionpoint
[    0.136825] drivers/pci/probe.c 1242 set_pcie_port_type -- functionpoint
[    0.136832] pci 0000:00:1f.0: [8086:a306] type 00 class 0x060100
[    0.136835] pci 0000:00:1f.0: drivers/pci/probe.c 1482 pci_setup_device functionpoint -- [8086:a306] type 00 class 0x060100 multifunction 01
[    0.136845] drivers/pci/probe.c 1513 pci_setup_device  switch case PCI_HEADER_TYPE_NORMAL -- functionpoint
[    0.136921] drivers/pci/probe.c 2145 pci_device_add -- functionpoint
[    0.136935] drivers/pci/pci.c 2409 pci_pm_init -- functionpoint
[    0.137968] drivers/pci/probe.c 2288 pci_scan_slot -- functionpoint -- fn = 0, devfn = 248, fn+devfn = 248
[    0.137972] drivers/pci/probe.c 2220 next_fn -- functionpoint
[    0.137972] drivers/pci/probe.c 2196 pci_scan_single_device -- functionpoint
[    0.137974] drivers/pci/search.c 206 pci_get_slot -- functionpoint
[    0.137975] drivers/pci/search.c 215 pci_get_slot return value is NULL -- functionpoint
[    0.137977] drivers/pci/probe.c 2035 pci_scan_device -- functionpoint
[    0.137979] drivers/pci/probe.c 2009 pci_bus_read_dev_vendor_id -- functionpoint
[    0.137990] drivers/pci/probe.c 2298 pci_scan_slot -- functionpoint -- fn = 1, devfn = 248, fn+devfn = 249
[    0.137994] drivers/pci/probe.c 2220 next_fn -- functionpoint
[    0.137994] drivers/pci/probe.c 2196 pci_scan_single_device -- functionpoint
[    0.137995] drivers/pci/search.c 206 pci_get_slot -- functionpoint
[    0.137997] drivers/pci/search.c 215 pci_get_slot return value is NULL -- functionpoint
[    0.137999] drivers/pci/probe.c 2035 pci_scan_device -- functionpoint
[    0.138000] drivers/pci/probe.c 2009 pci_bus_read_dev_vendor_id -- functionpoint
[    0.138015] drivers/pci/probe.c 2298 pci_scan_slot -- functionpoint -- fn = 2, devfn = 248, fn+devfn = 250
[    0.138019] drivers/pci/probe.c 2220 next_fn -- functionpoint
[    0.138019] drivers/pci/probe.c 2196 pci_scan_single_device -- functionpoint
[    0.138021] drivers/pci/search.c 206 pci_get_slot -- functionpoint
[    0.138022] drivers/pci/search.c 215 pci_get_slot return value is NULL -- functionpoint
[    0.138024] drivers/pci/probe.c 2035 pci_scan_device -- functionpoint
[    0.138025] drivers/pci/probe.c 2009 pci_bus_read_dev_vendor_id -- functionpoint
[    0.138036] drivers/pci/probe.c 2048 pci_scan_device -- functionpoint -- dev_vendor: 8086, dev_device: a348
[    0.138039] drivers/pci/probe.c 1453 pci_setup_device -- functionpoint
[    0.138042] drivers/pci/probe.c 1242 set_pcie_port_type -- functionpoint
[    0.138066] pci 0000:00:1f.3: [8086:a348] type 00 class 0x040300
[    0.138068] pci 0000:00:1f.3: drivers/pci/probe.c 1482 pci_setup_device functionpoint -- [8086:a348] type 00 class 0x040300 multifunction 00
[    0.138103] drivers/pci/probe.c 1513 pci_setup_device  switch case PCI_HEADER_TYPE_NORMAL -- functionpoint
[    0.138144] pci 0000:00:1f.3: reg 0x10: [mem 0x4000100000-0x4000103fff 64bit]
[    0.138210] pci 0000:00:1f.3: reg 0x20: [mem 0x4000000000-0x40000fffff 64bit]
[    0.138235] drivers/pci/probe.c 2145 pci_device_add -- functionpoint
[    0.138329] drivers/pci/pci.c 2409 pci_pm_init -- functionpoint
[    0.138344] pci 0000:00:1f.3: drivers/pci/pci.c 2450 pci_pm_init --functionpoint-- supports
[    0.138348] pci 0000:00:1f.3: PME# supported from D3hot D3cold
[    0.138349] pci 0000:00:1f.3: drivers/pci/pci.c 2462 pci_pm_init --functionpoint-- PME# supported from D3hot D3cold
[    0.138355] pci 0000:00:1f.3: drivers/pci/pci.c 1891 pci_pme_active --functionpoint-- PME# disabled
[    0.139495] drivers/pci/probe.c 2298 pci_scan_slot -- functionpoint -- fn = 3, devfn = 248, fn+devfn = 251
[    0.139498] drivers/pci/probe.c 2220 next_fn -- functionpoint
[    0.139498] drivers/pci/probe.c 2196 pci_scan_single_device -- functionpoint
[    0.139499] drivers/pci/search.c 206 pci_get_slot -- functionpoint
[    0.139501] drivers/pci/search.c 215 pci_get_slot return value is NULL -- functionpoint
[    0.139503] drivers/pci/probe.c 2035 pci_scan_device -- functionpoint
[    0.139505] drivers/pci/probe.c 2009 pci_bus_read_dev_vendor_id -- functionpoint
[    0.139517] drivers/pci/probe.c 2048 pci_scan_device -- functionpoint -- dev_vendor: 8086, dev_device: a323
[    0.139520] drivers/pci/probe.c 1453 pci_setup_device -- functionpoint
[    0.139528] drivers/pci/probe.c 1242 set_pcie_port_type -- functionpoint
[    0.139550] pci 0000:00:1f.4: [8086:a323] type 00 class 0x0c0500
[    0.139553] pci 0000:00:1f.4: drivers/pci/probe.c 1482 pci_setup_device functionpoint -- [8086:a323] type 00 class 0x0c0500 multifunction 00
[    0.139578] drivers/pci/probe.c 1513 pci_setup_device  switch case PCI_HEADER_TYPE_NORMAL -- functionpoint
[    0.139615] pci 0000:00:1f.4: reg 0x10: [mem 0x4000104000-0x40001040ff 64bit]
[    0.139677] pci 0000:00:1f.4: reg 0x20: [io  0xefa0-0xefbf]
[    0.139725] drivers/pci/probe.c 2145 pci_device_add -- functionpoint
[    0.139744] drivers/pci/pci.c 2409 pci_pm_init -- functionpoint
[    0.140790] drivers/pci/probe.c 2298 pci_scan_slot -- functionpoint -- fn = 4, devfn = 248, fn+devfn = 252
[    0.140793] drivers/pci/probe.c 2220 next_fn -- functionpoint
[    0.140794] drivers/pci/probe.c 2196 pci_scan_single_device -- functionpoint
[    0.140795] drivers/pci/search.c 206 pci_get_slot -- functionpoint
[    0.140797] drivers/pci/search.c 215 pci_get_slot return value is NULL -- functionpoint
[    0.140799] drivers/pci/probe.c 2035 pci_scan_device -- functionpoint
[    0.140800] drivers/pci/probe.c 2009 pci_bus_read_dev_vendor_id -- functionpoint
[    0.140811] drivers/pci/probe.c 2048 pci_scan_device -- functionpoint -- dev_vendor: 8086, dev_device: a324
[    0.140815] drivers/pci/probe.c 1453 pci_setup_device -- functionpoint
[    0.140816] drivers/pci/probe.c 1242 set_pcie_port_type -- functionpoint
[    0.140823] pci 0000:00:1f.5: [8086:a324] type 00 class 0x0c8000
[    0.140826] pci 0000:00:1f.5: drivers/pci/probe.c 1482 pci_setup_device functionpoint -- [8086:a324] type 00 class 0x0c8000 multifunction 00
[    0.140836] drivers/pci/probe.c 1513 pci_setup_device  switch case PCI_HEADER_TYPE_NORMAL -- functionpoint
[    0.140849] pci 0000:00:1f.5: reg 0x10: [mem 0xfe010000-0xfe010fff]
[    0.140915] drivers/pci/probe.c 2145 pci_device_add -- functionpoint
[    0.140927] drivers/pci/pci.c 2409 pci_pm_init -- functionpoint
[    0.141925] drivers/pci/probe.c 2298 pci_scan_slot -- functionpoint -- fn = 5, devfn = 248, fn+devfn = 253
[    0.141929] drivers/pci/probe.c 2220 next_fn -- functionpoint
[    0.141929] drivers/pci/probe.c 2196 pci_scan_single_device -- functionpoint
[    0.141930] drivers/pci/search.c 206 pci_get_slot -- functionpoint
[    0.141932] drivers/pci/search.c 215 pci_get_slot return value is NULL -- functionpoint
[    0.141934] drivers/pci/probe.c 2035 pci_scan_device -- functionpoint
[    0.141936] drivers/pci/probe.c 2009 pci_bus_read_dev_vendor_id -- functionpoint
[    0.141943] drivers/pci/probe.c 2048 pci_scan_device -- functionpoint -- dev_vendor: 8086, dev_device: 15bb
[    0.141946] drivers/pci/probe.c 1453 pci_setup_device -- functionpoint
[    0.141950] drivers/pci/probe.c 1242 set_pcie_port_type -- functionpoint
[    0.141969] pci 0000:00:1f.6: [8086:15bb] type 00 class 0x020000
[    0.141972] pci 0000:00:1f.6: drivers/pci/probe.c 1482 pci_setup_device functionpoint -- [8086:15bb] type 00 class 0x020000 multifunction 00
[    0.141987] drivers/pci/search.c 206 pci_get_slot -- functionpoint
[    0.142001] drivers/pci/probe.c 1513 pci_setup_device  switch case PCI_HEADER_TYPE_NORMAL -- functionpoint
[    0.142033] pci 0000:00:1f.6: reg 0x10: [mem 0xf1200000-0xf121ffff]
[    0.142181] drivers/pci/probe.c 2145 pci_device_add -- functionpoint
[    0.142258] drivers/pci/pci.c 2409 pci_pm_init -- functionpoint
[    0.142273] pci 0000:00:1f.6: drivers/pci/pci.c 2450 pci_pm_init --functionpoint-- supports
[    0.142277] pci 0000:00:1f.6: PME# supported from D0 D3hot D3cold
[    0.142278] pci 0000:00:1f.6: drivers/pci/pci.c 2462 pci_pm_init --functionpoint-- PME# supported from D0 D3hot D3cold
[    0.142294] pci 0000:00:1f.6: drivers/pci/pci.c 1891 pci_pme_active --functionpoint-- PME# disabled
[    0.143307] drivers/pci/probe.c 2298 pci_scan_slot -- functionpoint -- fn = 6, devfn = 248, fn+devfn = 254
[    0.143309] drivers/pci/probe.c 2220 next_fn -- functionpoint
[    0.143309] drivers/pci/probe.c 2196 pci_scan_single_device -- functionpoint
[    0.143311] drivers/pci/search.c 206 pci_get_slot -- functionpoint
[    0.143313] drivers/pci/search.c 215 pci_get_slot return value is NULL -- functionpoint
[    0.143314] drivers/pci/probe.c 2035 pci_scan_device -- functionpoint
[    0.143316] drivers/pci/probe.c 2009 pci_bus_read_dev_vendor_id -- functionpoint
[    0.143328] drivers/pci/probe.c 2298 pci_scan_slot -- functionpoint -- fn = 7, devfn = 248, fn+devfn = 255
[    0.143331] drivers/pci/probe.c 2220 next_fn -- functionpoint
[    0.143332] drivers/pci/probe.c 463 pci_read_bridge_bases -- functionpoint
[    0.143333] drivers/pci/probe.c 1002 pci_scan_bridge_extend -- functionpoint
[    0.143343] pci 0000:00:1b.0: drivers/pci/probe.c 1016 pci_scan_bridge_extend -- functionpoint -- scanning [bus 01-01] behind bridge, pass 0
[    0.143351] drivers/pci/search.c 144 pci_find_bus -- functionpoint
[    0.143352] drivers/pci/search.c 145 pci_find_bus functionpoint -- domain_num = 0, bus_num = 1
[    0.143355] drivers/pci/search.c 176 pci_find_next_bus -- functionpoint
[    0.143355] drivers/pci/search.c 176 pci_find_next_bus -- functionpoint
[    0.143357] drivers/pci/search.c 157 pci_find_bus not found bus -- functionpoint
[    0.143415] drivers/pci/probe.c 2009 pci_bus_read_dev_vendor_id -- functionpoint
[    0.143431] drivers/pci/probe.c 2497 pci_scan_child_bus_extend -- functionpoint
[    0.143433] pci_bus 0000:01: drivers/pci/probe.c 2501 pci_scan_child_bus_extend-- functionpoint -- scanning bus
[    0.143437] drivers/pci/probe.c 2281 pci_scan_slot -- functionpoint
[    0.143437] drivers/pci/probe.c 2196 pci_scan_single_device -- functionpoint
[    0.143439] drivers/pci/search.c 206 pci_get_slot -- functionpoint
[    0.143440] drivers/pci/search.c 215 pci_get_slot return value is NULL -- functionpoint
[    0.143442] drivers/pci/probe.c 2035 pci_scan_device -- functionpoint
[    0.143443] drivers/pci/probe.c 2009 pci_bus_read_dev_vendor_id -- functionpoint
[    0.143453] drivers/pci/probe.c 2048 pci_scan_device -- functionpoint -- dev_vendor: 1c5c, dev_device: 1339
[    0.143456] drivers/pci/probe.c 1453 pci_setup_device -- functionpoint
[    0.143458] drivers/pci/probe.c 1242 set_pcie_port_type -- functionpoint
[    0.143474] pci 0000:01:00.0: [1c5c:1339] type 00 class 0x010802
[    0.143477] pci 0000:01:00.0: drivers/pci/probe.c 1482 pci_setup_device functionpoint -- [1c5c:1339] type 00 class 0x010802 multifunction 00
[    0.143504] drivers/pci/probe.c 1513 pci_setup_device  switch case PCI_HEADER_TYPE_NORMAL -- functionpoint
[    0.143524] pci 0000:01:00.0: reg 0x10: [mem 0xf1100000-0xf1103fff 64bit]
[    0.143580] drivers/pci/probe.c 2145 pci_device_add -- functionpoint
[    0.143670] drivers/pci/pci.c 2409 pci_pm_init -- functionpoint
[    0.143678] pci 0000:01:00.0: supports D1
[    0.143680] pci 0000:01:00.0: drivers/pci/pci.c 2450 pci_pm_init --functionpoint-- supports D1
[    0.143683] pci 0000:01:00.0: PME# supported from D0 D1 D3hot
[    0.143684] pci 0000:01:00.0: drivers/pci/pci.c 2462 pci_pm_init --functionpoint-- PME# supported from D0 D1 D3hot
[    0.143697] pci 0000:01:00.0: drivers/pci/pci.c 1891 pci_pme_active --functionpoint-- PME# disabled
[    0.143788] drivers/pci/probe.c 2288 pci_scan_slot -- functionpoint -- fn = 0, devfn = 0, fn+devfn = 0
[    0.143790] drivers/pci/probe.c 2220 next_fn -- functionpoint
[    0.152072] drivers/pci/probe.c 2281 pci_scan_slot -- functionpoint
[    0.152074] drivers/pci/probe.c 2281 pci_scan_slot -- functionpoint
[    0.152075] drivers/pci/probe.c 2281 pci_scan_slot -- functionpoint
[    0.152077] drivers/pci/probe.c 2281 pci_scan_slot -- functionpoint
[    0.152078] drivers/pci/probe.c 2281 pci_scan_slot -- functionpoint
[    0.152080] drivers/pci/probe.c 2281 pci_scan_slot -- functionpoint
[    0.152081] drivers/pci/probe.c 2281 pci_scan_slot -- functionpoint
[    0.152083] drivers/pci/probe.c 2281 pci_scan_slot -- functionpoint
[    0.152084] drivers/pci/probe.c 2281 pci_scan_slot -- functionpoint
[    0.152086] drivers/pci/probe.c 2281 pci_scan_slot -- functionpoint
[    0.152087] drivers/pci/probe.c 2281 pci_scan_slot -- functionpoint
[    0.152089] drivers/pci/probe.c 2281 pci_scan_slot -- functionpoint
[    0.152090] drivers/pci/probe.c 2281 pci_scan_slot -- functionpoint
[    0.152092] drivers/pci/probe.c 2281 pci_scan_slot -- functionpoint
[    0.152093] drivers/pci/probe.c 2281 pci_scan_slot -- functionpoint
[    0.152094] drivers/pci/probe.c 2281 pci_scan_slot -- functionpoint
[    0.152096] drivers/pci/probe.c 2281 pci_scan_slot -- functionpoint
[    0.152097] drivers/pci/probe.c 2281 pci_scan_slot -- functionpoint
[    0.152099] drivers/pci/probe.c 2281 pci_scan_slot -- functionpoint
[    0.152100] drivers/pci/probe.c 2281 pci_scan_slot -- functionpoint
[    0.152102] drivers/pci/probe.c 2281 pci_scan_slot -- functionpoint
[    0.152103] drivers/pci/probe.c 2281 pci_scan_slot -- functionpoint
[    0.152105] drivers/pci/probe.c 2281 pci_scan_slot -- functionpoint
[    0.152106] drivers/pci/probe.c 2281 pci_scan_slot -- functionpoint
[    0.152108] drivers/pci/probe.c 2281 pci_scan_slot -- functionpoint
[    0.152109] drivers/pci/probe.c 2281 pci_scan_slot -- functionpoint
[    0.152111] drivers/pci/probe.c 2281 pci_scan_slot -- functionpoint
[    0.152112] drivers/pci/probe.c 2281 pci_scan_slot -- functionpoint
[    0.152114] drivers/pci/probe.c 2281 pci_scan_slot -- functionpoint
[    0.152115] drivers/pci/probe.c 2281 pci_scan_slot -- functionpoint
[    0.152117] drivers/pci/probe.c 2281 pci_scan_slot -- functionpoint
[    0.152118] drivers/pci/probe.c 463 pci_read_bridge_bases -- functionpoint
[    0.152121] pci 0000:00:1b.0: PCI bridge to [bus 01]
[    0.152133] pci 0000:00:1b.0:   bridge window [mem 0xf1100000-0xf11fffff]
[    0.152140] pci_bus 0000:01: drivers/pci/probe.c 2599 pci_scan_child_bus_extend -- functionpoint -- bus scan returning with max=01
[    0.152144] drivers/pci/probe.c 1002 pci_scan_bridge_extend -- functionpoint
[    0.152147] pci 0000:00:1c.0: drivers/pci/probe.c 1016 pci_scan_bridge_extend -- functionpoint -- scanning [bus 02-03] behind bridge, pass 0
[    0.152154] drivers/pci/search.c 144 pci_find_bus -- functionpoint
[    0.152155] drivers/pci/search.c 145 pci_find_bus functionpoint -- domain_num = 0, bus_num = 2
[    0.152158] drivers/pci/search.c 176 pci_find_next_bus -- functionpoint
