[    0.000000] microcode: microcode updated early to revision 0xde, date = 2020-05-24
[    0.000000] Linux version 4.15.9+ (root@Yee-680G4) (gcc version 5.5.0 20171010 (Ubuntu 5.5.0-12ubuntu1~16.04)) #52 SMP Fri Dec 25 16:30:02 CST 2020
[    0.000000] Command line: BOOT_IMAGE=/boot/vmlinuz-4.15.9+ root=UUID=da0e40f1-3840-43a9-b61a-7b465a7673d3 ro quiet splash vt.handoff=7
[    0.000000] KERNEL supported cpus:
[    0.000000]   Intel GenuineIntel
[    0.000000]   AMD AuthenticAMD
[    0.000000]   Centaur CentaurHauls
[    0.000000] x86/fpu: Supporting XSAVE feature 0x001: 'x87 floating point registers'
[    0.000000] x86/fpu: Supporting XSAVE feature 0x002: 'SSE registers'
[    0.000000] x86/fpu: Supporting XSAVE feature 0x004: 'AVX registers'
[    0.000000] x86/fpu: Supporting XSAVE feature 0x008: 'MPX bounds registers'
[    0.000000] x86/fpu: Supporting XSAVE feature 0x010: 'MPX CSR'
[    0.000000] x86/fpu: xstate_offset[2]:  576, xstate_sizes[2]:  256
[    0.000000] x86/fpu: xstate_offset[3]:  832, xstate_sizes[3]:   64
[    0.000000] x86/fpu: xstate_offset[4]:  896, xstate_sizes[4]:   64
[    0.000000] x86/fpu: Enabled xstate features 0x1f, context size is 960 bytes, using 'compacted' format.
[    0.000000] e820: BIOS-provided physical RAM map:
[    0.000000] BIOS-e820: [mem 0x0000000000000000-0x000000000009efff] usable
[    0.000000] BIOS-e820: [mem 0x000000000009f000-0x00000000000fffff] reserved
[    0.000000] BIOS-e820: [mem 0x0000000000100000-0x00000000be6aafff] usable
[    0.000000] BIOS-e820: [mem 0x00000000be6ab000-0x00000000bf98efff] reserved
[    0.000000] BIOS-e820: [mem 0x00000000bf98f000-0x00000000bfb8efff] ACPI NVS
[    0.000000] BIOS-e820: [mem 0x00000000bfb8f000-0x00000000bfc0efff] ACPI data
[    0.000000] BIOS-e820: [mem 0x00000000bfc0f000-0x00000000bfc0ffff] usable
[    0.000000] BIOS-e820: [mem 0x00000000bfc10000-0x00000000d47fffff] reserved
[    0.000000] BIOS-e820: [mem 0x00000000fe010000-0x00000000fe010fff] reserved
[    0.000000] BIOS-e820: [mem 0x00000000ff000000-0x00000000ffffffff] reserved
[    0.000000] BIOS-e820: [mem 0x0000000100000000-0x00000004277fffff] usable
[    0.000000] NX (Execute Disable) protection: active
[    0.000000] efi: EFI v2.60 by HP
[    0.000000] efi:  ACPI=0xbfc0e000  ACPI 2.0=0xbfc0e014  SMBIOS=0xbee75000  ESRT=0xbee76018  MEMATTR=0xaf750018 
[    0.000000] random: fast init done
[    0.000000] SMBIOS 3.1 present.
[    0.000000] DMI: HP HP ProDesk 680 G4 MT/8580, BIOS R04 Ver. 02.11.01 04/27/2020
[    0.000000] e820: update [mem 0x00000000-0x00000fff] usable ==> reserved
[    0.000000] e820: remove [mem 0x000a0000-0x000fffff] usable
[    0.000000] e820: last_pfn = 0x427800 max_arch_pfn = 0x400000000
[    0.000000] MTRR default type: write-back
[    0.000000] MTRR fixed ranges enabled:
[    0.000000]   00000-9FFFF write-back
[    0.000000]   A0000-BFFFF uncachable
[    0.000000]   C0000-FFFFF write-protect
[    0.000000] MTRR variable ranges enabled:
[    0.000000]   0 base 00E0000000 mask 7FE0000000 uncachable
[    0.000000]   1 base 00D0000000 mask 7FF0000000 uncachable
[    0.000000]   2 base 00C8000000 mask 7FF8000000 uncachable
[    0.000000]   3 base 00C4000000 mask 7FFC000000 uncachable
[    0.000000]   4 base 2000000000 mask 6000000000 uncachable
[    0.000000]   5 base 1000000000 mask 7000000000 uncachable
[    0.000000]   6 base 0800000000 mask 7800000000 uncachable
[    0.000000]   7 base 4000000000 mask 4000000000 uncachable
[    0.000000]   8 disabled
[    0.000000]   9 disabled
[    0.000000] x86/PAT: Configuration [0-7]: WB  WC  UC- UC  WB  WP  UC- WT  
[    0.000000] e820: last_pfn = 0xbfc10 max_arch_pfn = 0x400000000
[    0.000000] esrt: Reserving ESRT space from 0x00000000bee76018 to 0x00000000bee76050.
[    0.000000] Scanning 1 areas for low memory corruption
[    0.000000] Base memory trampoline at [        (ptrval)] 99000 size 24576
[    0.000000] Using GB pages for direct mapping
[    0.000000] BRK [0x34abfa000, 0x34abfafff] PGTABLE
[    0.000000] BRK [0x34abfb000, 0x34abfbfff] PGTABLE
[    0.000000] BRK [0x34abfc000, 0x34abfcfff] PGTABLE
[    0.000000] BRK [0x34abfd000, 0x34abfdfff] PGTABLE
[    0.000000] BRK [0x34abfe000, 0x34abfefff] PGTABLE
[    0.000000] BRK [0x34abff000, 0x34abfffff] PGTABLE
[    0.000000] BRK [0x34ac00000, 0x34ac00fff] PGTABLE
[    0.000000] BRK [0x34ac01000, 0x34ac01fff] PGTABLE
[    0.000000] Secure boot could not be determined
[    0.000000] RAMDISK: [mem 0x232b9000-0x3e1b0fff]
[    0.000000] ACPI: Early table checksum verification disabled
[    0.000000] ACPI: RSDP 0x00000000BFC0E014 000024 (v02 HPQOEM)
[    0.000000] ACPI: XSDT 0x00000000BFBC7188 0000DC (v01 HPQOEM SLIC-BPC 00000000 INTL 20160422)
[    0.000000] ACPI: FACP 0x00000000BFC08000 000114 (v06 HPQOEM SLIC-BPC 00000000 HP   00000001)
[    0.000000] ACPI: DSDT 0x00000000BFBE5000 01E092 (v02 HPQOEM 8580     00000000 INTL 20160527)
[    0.000000] ACPI: FACS 0x00000000BFB3F000 000040
[    0.000000] ACPI: SSDT 0x00000000BFC0C000 00012A (v02 HP     ShmTable 00000001 INTL 20160527)
[    0.000000] ACPI: SSDT 0x00000000BFC0A000 001B5F (v02 CpuRef CpuSsdt  00003000 INTL 20160527)
[    0.000000] ACPI: SSDT 0x00000000BFC09000 0009CF (v02 CtdpB  CtdpB    00001000 INTL 20160527)
[    0.000000] ACPI: HPET 0x00000000BFC07000 000038 (v01 HPQOEM 8580     00000001 HP   00000001)
[    0.000000] ACPI: APIC 0x00000000BFC06000 00012C (v03 HPQOEM 8580     00000001 HP   00000001)
[    0.000000] ACPI: MCFG 0x00000000BFC05000 00003C (v01 HPQOEM 8580     00000001 HP   00000001)
[    0.000000] ACPI: WSMT 0x00000000BFC04000 000028 (v01 HPQOEM 8580     00000001 HP   00000001)
[    0.000000] ACPI: SSDT 0x00000000BFBE4000 000734 (v01 HPQOEM PtidDevc 00001000 INTL 20160527)
[    0.000000] ACPI: SSDT 0x00000000BFBE3000 000B27 (v02 HPQOEM HP_XHC_P 00000000 INTL 20160527)
[    0.000000] ACPI: SSDT 0x00000000BFBDF000 0030ED (v02 SaSsdt SaSsdt   00003000 INTL 20160527)
[    0.000000] ACPI: LPIT 0x00000000BFBDE000 000094 (v01 INTEL  CFL      20170001 INTL 20160422)
[    0.000000] ACPI: WSMT 0x00000000BFBDD000 000028 (v01 INTEL  CFL      20170001 INTL 20160422)
[    0.000000] ACPI: SSDT 0x00000000BFBDC000 00044C (v02 INTEL  Wwan     00000001 INTL 20160527)
[    0.000000] ACPI: UEFI 0x00000000BFB39000 000042 (v01 INTEL  CFL      20170001 INTL 20160422)
[    0.000000] ACPI: OEML 0x00000000BFBDB000 000028 (v03 INTEL  CFL      20170001 INTL 20160422)
[    0.000000] ACPI: DMAR 0x00000000BFBDA000 0000C8 (v01 INTEL  CFL      00000002      01000013)
[    0.000000] ACPI: SSDT 0x00000000BFBCB000 00E899 (v01 HP     HPINDTWL 00001000 INTL 20160527)
[    0.000000] ACPI: SSDT 0x00000000BFBCA000 000032 (v01 HP     HPCONDEV 00001000 INTL 20160527)
[    0.000000] ACPI: SSDT 0x00000000BFBC9000 000069 (v01 HP     HPCAHWID 00001000 INTL 20160527)
[    0.000000] ACPI: ASF! 0x00000000BFBC8000 0000A0 (v32 HPQOEM  UYA     20170001 INTL 20160422)
[    0.000000] ACPI: FPDT 0x00000000BFC0D000 000044 (v01 INTEL  CFL      20170001 INTL 20160422)
[    0.000000] ACPI: BGRT 0x00000000BFBC6000 000038 (v01 INTEL  CFL      20170001 INTL 20160422)
[    0.000000] ACPI: Local APIC address 0xfee00000
[    0.000000] No NUMA configuration found
[    0.000000] Faking a node at [mem 0x0000000000000000-0x00000004277fffff]
[    0.000000] NODE_DATA(0) allocated [mem 0x4277d5000-0x4277fffff]
[    0.000000] Zone ranges:
[    0.000000]   DMA      [mem 0x0000000000001000-0x0000000000ffffff]
[    0.000000]   DMA32    [mem 0x0000000001000000-0x00000000ffffffff]
[    0.000000]   Normal   [mem 0x0000000100000000-0x00000004277fffff]
[    0.000000]   Device   empty
[    0.000000] Movable zone start for each node
[    0.000000] Early memory node ranges
[    0.000000]   node   0: [mem 0x0000000000001000-0x000000000009efff]
[    0.000000]   node   0: [mem 0x0000000000100000-0x00000000be6aafff]
[    0.000000]   node   0: [mem 0x00000000bfc0f000-0x00000000bfc0ffff]
[    0.000000]   node   0: [mem 0x0000000100000000-0x00000004277fffff]
[    0.000000] Initmem setup node 0 [mem 0x0000000000001000-0x00000004277fffff]
[    0.000000] On node 0 totalpages: 4087370
[    0.000000]   DMA zone: 64 pages used for memmap
[    0.000000]   DMA zone: 21 pages reserved
[    0.000000]   DMA zone: 3998 pages, LIFO batch:0
[    0.000000]   DMA32 zone: 12123 pages used for memmap
[    0.000000]   DMA32 zone: 775852 pages, LIFO batch:31
[    0.000000]   Normal zone: 51680 pages used for memmap
[    0.000000]   Normal zone: 3307520 pages, LIFO batch:31
[    0.000000] Reserved but unavailable: 99 pages
[    0.000000] tboot: non-0 tboot_addr but it is not of type E820_TYPE_RESERVED
[    0.000000] ACPI: PM-Timer IO Port: 0x1808
[    0.000000] ACPI: Local APIC address 0xfee00000
[    0.000000] ACPI: LAPIC_NMI (acpi_id[0x01] high edge lint[0x1])
[    0.000000] ACPI: LAPIC_NMI (acpi_id[0x02] high edge lint[0x1])
[    0.000000] ACPI: LAPIC_NMI (acpi_id[0x03] high edge lint[0x1])
[    0.000000] ACPI: LAPIC_NMI (acpi_id[0x04] high edge lint[0x1])
[    0.000000] ACPI: LAPIC_NMI (acpi_id[0x05] high edge lint[0x1])
[    0.000000] ACPI: LAPIC_NMI (acpi_id[0x06] high edge lint[0x1])
[    0.000000] ACPI: LAPIC_NMI (acpi_id[0x07] high edge lint[0x1])
[    0.000000] ACPI: LAPIC_NMI (acpi_id[0x08] high edge lint[0x1])
[    0.000000] ACPI: LAPIC_NMI (acpi_id[0x09] high edge lint[0x1])
[    0.000000] ACPI: LAPIC_NMI (acpi_id[0x0a] high edge lint[0x1])
[    0.000000] ACPI: LAPIC_NMI (acpi_id[0x0b] high edge lint[0x1])
[    0.000000] ACPI: LAPIC_NMI (acpi_id[0x0c] high edge lint[0x1])
[    0.000000] ACPI: LAPIC_NMI (acpi_id[0x0d] high edge lint[0x1])
[    0.000000] ACPI: LAPIC_NMI (acpi_id[0x0e] high edge lint[0x1])
[    0.000000] ACPI: LAPIC_NMI (acpi_id[0x0f] high edge lint[0x1])
[    0.000000] ACPI: LAPIC_NMI (acpi_id[0x10] high edge lint[0x1])
[    0.000000] IOAPIC[0]: apic_id 2, version 32, address 0xfec00000, GSI 0-119
[    0.000000] ACPI: INT_SRC_OVR (bus 0 bus_irq 0 global_irq 2 dfl dfl)
[    0.000000] ACPI: INT_SRC_OVR (bus 0 bus_irq 9 global_irq 9 high level)
[    0.000000] ACPI: IRQ0 used by override.
[    0.000000] ACPI: IRQ9 used by override.
[    0.000000] Using ACPI (MADT) for SMP configuration information
[    0.000000] ACPI: HPET id: 0x8086a201 base: 0xfed00000
[    0.000000] smpboot: Allowing 8 CPUs, 0 hotplug CPUs
[    0.000000] PM: Registered nosave memory: [mem 0x00000000-0x00000fff]
[    0.000000] PM: Registered nosave memory: [mem 0x0009f000-0x000fffff]
[    0.000000] PM: Registered nosave memory: [mem 0xbe6ab000-0xbf98efff]
[    0.000000] PM: Registered nosave memory: [mem 0xbf98f000-0xbfb8efff]
[    0.000000] PM: Registered nosave memory: [mem 0xbfb8f000-0xbfc0efff]
[    0.000000] PM: Registered nosave memory: [mem 0xbfc10000-0xd47fffff]
[    0.000000] PM: Registered nosave memory: [mem 0xd4800000-0xfe00ffff]
[    0.000000] PM: Registered nosave memory: [mem 0xfe010000-0xfe010fff]
[    0.000000] PM: Registered nosave memory: [mem 0xfe011000-0xfeffffff]
[    0.000000] PM: Registered nosave memory: [mem 0xff000000-0xffffffff]
[    0.000000] e820: [mem 0xd4800000-0xfe00ffff] available for PCI devices
[    0.000000] Booting paravirtualized kernel on bare hardware
[    0.000000] clocksource: refined-jiffies: mask: 0xffffffff max_cycles: 0xffffffff, max_idle_ns: 7645519600211568 ns
[    0.000000] setup_percpu: NR_CPUS:8192 nr_cpumask_bits:8 nr_cpu_ids:8 nr_node_ids:1
[    0.000000] percpu: Embedded 46 pages/cpu @        (ptrval) s151552 r8192 d28672 u262144
[    0.000000] pcpu-alloc: s151552 r8192 d28672 u262144 alloc=1*2097152
[    0.000000] pcpu-alloc: [0] 0 1 2 3 4 5 6 7 
[    0.000000] Built 1 zonelists, mobility grouping on.  Total pages: 4023482
[    0.000000] Policy zone: Normal
[    0.000000] Kernel command line: BOOT_IMAGE=/boot/vmlinuz-4.15.9+ root=UUID=da0e40f1-3840-43a9-b61a-7b465a7673d3 ro quiet splash vt.handoff=7
[    0.000000] Calgary: detecting Calgary via BIOS EBDA area
[    0.000000] Calgary: Unable to locate Rio Grande table in EBDA - bailing!
[    0.000000] Memory: 15490708K/16349480K available (12300K kernel code, 2470K rwdata, 4200K rodata, 2388K init, 3184K bss, 858772K reserved, 0K cma-reserved)
[    0.000000] SLUB: HWalign=64, Order=0-3, MinObjects=0, CPUs=8, Nodes=1
[    0.000000] ftrace: allocating 38976 entries in 153 pages
[    0.000000] Hierarchical RCU implementation.
[    0.000000] 	RCU restricting CPUs from NR_CPUS=8192 to nr_cpu_ids=8.
[    0.000000] 	Tasks RCU enabled.
[    0.000000] RCU: Adjusting geometry for rcu_fanout_leaf=16, nr_cpu_ids=8
[    0.000000] kernel/irq/irqdesc.c 486 early_irq_init -- functionpoint
[    0.000000] NR_IRQS: 524544, nr_irqs: 2048, preallocated irqs: 16
[    0.000000] kernel/irq/irqdesc.c 493 early_irq_init -- functionpoint -- NR_IRQS: 524544, nr_irqs: 2048, preallocated irqs: 16
[    0.000000] arch/x86/kernel/apic/vector.c 690 arch_early_irq_init -- functionpoint
[    0.000000] drivers/pci/msi.c 1437 pci_msi_create_irq_domain -- functionpoint
[    0.000000] kernel/irq/msi.c 272 msi_create_irq_domain -- functionpoint
[    0.000000] arch/x86/kernel/apic/msi.c 148 arch_init_msi_domain -- functionpoint -- successed to init irqdomain for MSI/MSI-X.
[    0.000000] Console: colour dummy device 80x25
[    0.000000] console [tty0] enabled
[    0.000000] drivers/acpi/bus.c 1019 acpi_early_init -- functionpoint
[    0.000000] ACPI: Core revision 20170831
[    0.000000] ACPI Error: [\_SB_.PCI0.XHC_.RHUB.HS11] Namespace lookup failure, AE_NOT_FOUND (20170831/dswload-210)
[    0.000000] ACPI Exception: AE_NOT_FOUND, During name lookup/catalog (20170831/psobject-252)
[    0.000000] ACPI Exception: AE_NOT_FOUND, (SSDT:HP_XHC_P) while loading table (20170831/tbxfload-228)
[    0.000000] ACPI Error: 1 table load failures, 10 successful (20170831/tbxfload-246)
[    0.000000] clocksource: hpet: mask: 0xffffffff max_cycles: 0xffffffff, max_idle_ns: 79635855245 ns
[    0.000000] hpet clockevent registered
[    0.004000] APIC: Switch to symmetric I/O mode setup
[    0.004000] DMAR: Host address width 39
[    0.004000] DMAR: DRHD base: 0x000000fed90000 flags: 0x0
[    0.004000] DMAR: dmar0: reg_base_addr fed90000 ver 1:0 cap 1c0000c40660462 ecap 19e2ff0505e
[    0.004000] DMAR: DRHD base: 0x000000fed91000 flags: 0x1
[    0.004000] DMAR: dmar1: reg_base_addr fed91000 ver 1:0 cap d2008c40660462 ecap f050da
[    0.004000] DMAR: RMRR base: 0x000000bf81d000 end: 0x000000bf83cfff
[    0.004000] DMAR: RMRR base: 0x000000c4000000 end: 0x000000d47fffff
[    0.004000] DMAR: RMRR base: 0x000000bf86e000 end: 0x000000bf8edfff
[    0.004000] DMAR-IR: IOAPIC id 2 under DRHD base  0xfed91000 IOMMU 1
[    0.004000] DMAR-IR: HPET id 0 under DRHD base 0xfed91000
[    0.004000] DMAR-IR: Queued invalidation will be enabled to support x2apic and Intr-remapping.
[    0.004000] drivers/pci/msi.c 1437 pci_msi_create_irq_domain -- functionpoint
[    0.004000] kernel/irq/msi.c 272 msi_create_irq_domain -- functionpoint
[    0.004000] drivers/pci/msi.c 1437 pci_msi_create_irq_domain -- functionpoint
[    0.004000] kernel/irq/msi.c 272 msi_create_irq_domain -- functionpoint
[    0.004000] DMAR-IR: Enabled IRQ remapping in x2apic mode
[    0.004000] x2apic enabled
[    0.004000] Switched APIC routing to cluster x2apic.
[    0.016000] kernel/irq/msi.c 272 msi_create_irq_domain -- functionpoint
[    0.016000] kernel/irq/manage.c 1748 request_threaded_irq -- functionpoint
[    0.016000] kernel/irq/manage.c 1748 request_threaded_irq -- functionpoint
[    0.016000] ..TIMER: vector=0x30 apic1=0 pin1=2 apic2=-1 pin2=-1
[    0.036000] tsc: Detected 3000.000 MHz processor
[    0.036000] Calibrating delay loop (skipped), value calculated using timer frequency.. 6000.00 BogoMIPS (lpj=12000000)
[    0.036000] pid_max: default: 32768 minimum: 301
[    0.036000] Security Framework initialized
[    0.036000] Yama: becoming mindful.
[    0.036000] AppArmor: AppArmor initialized
[    0.036000] Dentry cache hash table entries: 2097152 (order: 12, 16777216 bytes)
[    0.036000] Inode-cache hash table entries: 1048576 (order: 11, 8388608 bytes)
[    0.036000] Mount-cache hash table entries: 32768 (order: 6, 262144 bytes)
[    0.036000] Mountpoint-cache hash table entries: 32768 (order: 6, 262144 bytes)
[    0.036000] CPU: Physical Processor ID: 0
[    0.036000] CPU: Processor Core ID: 0
[    0.036000] ENERGY_PERF_BIAS: Set to 'normal', was 'performance'
[    0.036000] ENERGY_PERF_BIAS: View and update with x86_energy_perf_policy(8)
[    0.036000] mce: CPU supports 14 MCE banks
[    0.036000] CPU0: Thermal monitoring enabled (TM1)
[    0.036000] process: using mwait in idle threads
[    0.036000] Last level iTLB entries: 4KB 128, 2MB 8, 4MB 8
[    0.036000] Last level dTLB entries: 4KB 64, 2MB 0, 4MB 0, 1GB 4
[    0.036000] Spectre V2 : Mitigation: Full generic retpoline
[    0.036000] Spectre V2 : Spectre v2 mitigation: Filling RSB on context switch
[    0.036000] Spectre V2 : Spectre v2 mitigation: Enabling Indirect Branch Prediction Barrier
[    0.036000] Freeing SMP alternatives memory: 36K
[    0.041788] TSC deadline timer enabled
[    0.041799] smpboot: CPU0: Intel(R) Core(TM) i7-9700 CPU @ 3.00GHz (family: 0x6, model: 0x9e, stepping: 0xd)
[    0.041851] Performance Events: PEBS fmt3+, Skylake events, 32-deep LBR, full-width counters, Intel PMU driver.
[    0.041880] ... version:                4
[    0.041880] ... bit width:              48
[    0.041880] ... generic registers:      8
[    0.041881] ... value mask:             0000ffffffffffff
[    0.041882] ... max period:             00007fffffffffff
[    0.041882] ... fixed-purpose events:   3
[    0.041882] ... event mask:             00000007000000ff
[    0.041913] Hierarchical SRCU implementation.
[    0.042851] NMI watchdog: Enabled. Permanently consumes one hw-PMU counter.
[    0.042861] smp: Bringing up secondary CPUs ...
[    0.042921] x86: Booting SMP configuration:
[    0.042922] .... node  #0, CPUs:      #1 #2 #3 #4 #5 #6 #7
[    0.053453] smp: Brought up 1 node, 8 CPUs
[    0.053453] smpboot: Max logical packages: 1
[    0.053453] smpboot: Total of 8 processors activated (48000.00 BogoMIPS)
[    0.056281] devtmpfs: initialized
[    0.056281] x86/mm: Memory block size: 128MB
[    0.057022] evm: security.selinux
[    0.057023] evm: security.SMACK64
[    0.057023] evm: security.SMACK64EXEC
[    0.057024] evm: security.SMACK64TRANSMUTE
[    0.057024] evm: security.SMACK64MMAP
[    0.057024] evm: security.apparmor
[    0.057025] evm: security.ima
[    0.057025] evm: security.capability
[    0.057038] PM: Registering ACPI NVS region [mem 0xbf98f000-0xbfb8efff] (2097152 bytes)
[    0.057038] clocksource: jiffies: mask: 0xffffffff max_cycles: 0xffffffff, max_idle_ns: 7645041785100000 ns
[    0.057038] futex hash table entries: 2048 (order: 5, 131072 bytes)
[    0.057038] pinctrl core: initialized pinctrl subsystem
[    0.057038] drivers/base/bus.c 153 driver_register -- functionpoint
[    0.057038] drivers/base/bus.c 642 bus_add_driver -- functionpoint
[    0.057038] drivers/base/bus.c 649 bus_add_driver -- functionpoint -- bus: 'platform': add driver reg-dummy
[    0.057038] drivers/base/dd.c 369 really_probe -- functionpoint
[    0.057038] drivers/base/dd.c 392 really_probe -- functionpoint -- bus: 'platform': really_probe: probing driver reg-dummy with device reg-dummy
[    0.057038] drivers/base/dd.c 435 really_probe -- if drv->probe use drv->probe(dev) -- functionpoint
[    0.057038] RTC time:  8:56:31, date: 12/25/20
[    0.057038] NET: Registered protocol family 16
[    0.057038] audit: initializing netlink subsys (disabled)
[    0.057038] audit: type=2000 audit(1608886591.056:1): state=initialized audit_enabled=0 res=1
[    0.057038] drivers/base/bus.c 153 driver_register -- functionpoint
[    0.057038] drivers/base/bus.c 642 bus_add_driver -- functionpoint
[    0.057038] drivers/base/bus.c 649 bus_add_driver -- functionpoint -- bus: 'platform': add driver sram
[    0.057038] drivers/base/bus.c 153 driver_register -- functionpoint
[    0.057038] drivers/base/bus.c 642 bus_add_driver -- functionpoint
[    0.057038] drivers/base/bus.c 649 bus_add_driver -- functionpoint -- bus: 'platform': add driver syscon
[    0.057038] drivers/base/bus.c 153 driver_register -- functionpoint
[    0.057038] drivers/base/bus.c 642 bus_add_driver -- functionpoint
[    0.057038] drivers/base/bus.c 649 bus_add_driver -- functionpoint -- bus: 'i2c': add driver dummy
[    0.057038] cpuidle: using governor ladder
[    0.057038] cpuidle: using governor menu
[    0.057038] ACPI FADT declares the system doesn't support PCIe ASPM, so disable it
[    0.057038] ACPI: bus type PCI registered
[    0.057038] acpiphp: ACPI Hot Plug PCI Controller Driver version: 0.5
[    0.057038] arch/x86/pci/init.c 11 start pci_arch_init -- functionpoint
[    0.057038] PCI: MMCONFIG for domain 0000 [bus 00-3f] at [mem 0xf8000000-0xfbffffff] (base 0xf8000000)
[    0.057038] PCI: not using MMCONFIG
[    0.057038] PCI: Using configuration type 1 for base access
[    0.057038] arch/x86/pci/init.c 44 end pci_arch_init -- functionpoint
[    0.057123] HugeTLB registered 1.00 GiB page size, pre-allocated 0 pages
[    0.057123] HugeTLB registered 2.00 MiB page size, pre-allocated 0 pages
[    0.057124] drivers/base/bus.c 153 driver_register -- functionpoint
[    0.057124] drivers/base/bus.c 642 bus_add_driver -- functionpoint
[    0.057124] drivers/base/bus.c 649 bus_add_driver -- functionpoint -- bus: 'i2c': add driver sx150x-pinctrl
[    0.057124] drivers/base/bus.c 153 driver_register -- functionpoint
[    0.057124] drivers/base/bus.c 642 bus_add_driver -- functionpoint
[    0.057124] drivers/base/bus.c 649 bus_add_driver -- functionpoint -- bus: 'platform': add driver byt_gpio
[    0.057124] drivers/base/bus.c 153 driver_register -- functionpoint
[    0.057124] drivers/base/bus.c 642 bus_add_driver -- functionpoint
[    0.057124] drivers/base/bus.c 649 bus_add_driver -- functionpoint -- bus: 'platform': add driver cherryview-pinctrl
[    0.057124] drivers/base/bus.c 153 driver_register -- functionpoint
[    0.057124] drivers/base/bus.c 642 bus_add_driver -- functionpoint
[    0.057124] drivers/base/bus.c 649 bus_add_driver -- functionpoint -- bus: 'platform': add driver lp_gpio
[    0.057124] drivers/base/bus.c 153 driver_register -- functionpoint
[    0.057124] drivers/base/bus.c 642 bus_add_driver -- functionpoint
[    0.057124] drivers/base/bus.c 649 bus_add_driver -- functionpoint -- bus: 'platform': add driver rc5t583-gpio
[    0.057124] drivers/base/bus.c 153 driver_register -- functionpoint
[    0.057124] drivers/base/bus.c 642 bus_add_driver -- functionpoint
[    0.057124] drivers/base/bus.c 649 bus_add_driver -- functionpoint -- bus: 'platform': add driver palmas-gpio
[    0.057124] drivers/base/bus.c 153 driver_register -- functionpoint
[    0.057124] drivers/base/bus.c 642 bus_add_driver -- functionpoint
[    0.057124] drivers/base/bus.c 649 bus_add_driver -- functionpoint -- bus: 'platform': add driver tps6586x-gpio
[    0.060003] drivers/base/bus.c 153 driver_register -- functionpoint
[    0.060003] drivers/base/bus.c 642 bus_add_driver -- functionpoint
[    0.060005] drivers/base/bus.c 649 bus_add_driver -- functionpoint -- bus: 'platform': add driver tps65910-gpio
[    0.060026] drivers/acpi/bus.c 1231 start acpi_init -- functionpoint
[    0.060041] ACPI: Added _OSI(Module Device)
[    0.060043] ACPI: Added _OSI(Processor Device)
[    0.060044] ACPI: Added _OSI(3.0 _SCP Extensions)
[    0.060045] ACPI: Added _OSI(Processor Aggregator Device)
[    0.060244] arch/x86/kernel/acpi/boot.c 717 acpi_register_gsi -- functionpoint
[    0.060245] arch/x86/kernel/acpi/boot.c 670 acpi_register_gsi_ioapic --functionpoint
[    0.060248] kernel/irq/manage.c 1748 request_threaded_irq -- functionpoint
[    0.061842] ACPI: Executed 30 blocks of module-level executable AML code
[    0.072038] ACPI: [Firmware Bug]: BIOS _OSI(Linux) query ignored
[    0.080165] ACPI: Dynamic OEM Table Load:
[    0.080176] ACPI: SSDT 0xFFFF97C954FB2400 0000F4 (v02 PmRef  Cpu0Psd  00003000 INTL 20160527)
[    0.080400] ACPI: Executed 1 blocks of module-level executable AML code
[    0.080520] ACPI: \_SB_.PR00: _OSC native thermal LVT Acked
[    0.081469] ACPI: Dynamic OEM Table Load:
[    0.081475] ACPI: SSDT 0xFFFF97C954FBEC00 000400 (v02 PmRef  Cpu0Cst  00003001 INTL 20160527)
[    0.081690] ACPI: Executed 1 blocks of module-level executable AML code
[    0.081920] ACPI: Dynamic OEM Table Load:
[    0.081926] ACPI: SSDT 0xFFFF97C954EF0000 000605 (v02 PmRef  Cpu0Ist  00003000 INTL 20160527)
[    0.082123] ACPI: Executed 1 blocks of module-level executable AML code
[    0.082313] ACPI: Dynamic OEM Table Load:
[    0.082318] ACPI: SSDT 0xFFFF97C954F37200 000149 (v02 PmRef  Cpu0Hwp  00003000 INTL 20160527)
[    0.082504] ACPI: Executed 2 blocks of module-level executable AML code
[    0.082672] ACPI: Dynamic OEM Table Load:
[    0.082677] ACPI: SSDT 0xFFFF97C954EF6000 000724 (v02 PmRef  HwpLvt   00003000 INTL 20160527)
[    0.082852] ACPI: Executed 1 blocks of module-level executable AML code
[    0.083340] ACPI: Dynamic OEM Table Load:
[    0.083346] ACPI: SSDT 0xFFFF97C954EF0800 0005FC (v02 PmRef  ApIst    00003000 INTL 20160527)
[    0.083738] ACPI: Executed 1 blocks of module-level executable AML code
[    0.083930] ACPI: Dynamic OEM Table Load:
[    0.083935] ACPI: SSDT 0xFFFF97C954FB8C00 000317 (v02 PmRef  ApHwp    00003000 INTL 20160527)
[    0.084208] ACPI: Executed 1 blocks of module-level executable AML code
[    0.084521] ACPI: Dynamic OEM Table Load:
[    0.084526] ACPI: SSDT 0xFFFF97C957144000 000AB0 (v02 PmRef  ApPsd    00003000 INTL 20160527)
[    0.085366] ACPI: Executed 1 blocks of module-level executable AML code
[    0.085561] ACPI: Dynamic OEM Table Load:
[    0.085566] ACPI: SSDT 0xFFFF97C954FB8400 00030A (v02 PmRef  ApCst    00003000 INTL 20160527)
[    0.085838] ACPI: Executed 1 blocks of module-level executable AML code
[    0.088748] ACPI: EC: EC started
[    0.088749] ACPI: EC: interrupt blocked
[    0.088765] ACPI: \_SB_.PCI0.LPCB.EC0_: Used as first EC
[    0.088767] ACPI: \_SB_.PCI0.LPCB.EC0_: GPE=0x6e, EC_CMD/EC_SC=0x66, EC_DATA=0x62
[    0.088768] ACPI: \_SB_.PCI0.LPCB.EC0_: Used as boot DSDT EC to handle transactions
[    0.088768] ACPI: Interpreter enabled
[    0.088817] ACPI: (supports S0 S3 S4 S5)
[    0.088818] ACPI: Using IOAPIC for interrupt routing
[    0.088857] PCI: MMCONFIG for domain 0000 [bus 00-3f] at [mem 0xf8000000-0xfbffffff] (base 0xf8000000)
[    0.091466] PCI: MMCONFIG at [mem 0xf8000000-0xfbffffff] reserved in ACPI motherboard resources
[    0.091471] drivers/acpi/pci_root.c 920 acpi_pci_root_init --functionpoint
[    0.091472] drivers/acpi/apei/hest.c 228 acpi_hest_init -- functionpoint
[    0.091477] PCI: Using host bridge windows from ACPI; if necessary, use "pci=nocrs" and report a bug
[    0.091479] drivers/acpi/scan.c 106 acpi_scan_add_handler_with_hotplug -- functionpoint
[    0.091481] drivers/acpi/pci_link.c 936 acpi_pci_link_init -- functionpoint
[    0.091866] drivers/acpi/scan.c 106 acpi_scan_add_handler_with_hotplug -- functionpoint
[    0.091869] drivers/base/bus.c 153 driver_register -- functionpoint
[    0.091872] drivers/base/bus.c 642 bus_add_driver -- functionpoint
[    0.091874] drivers/base/bus.c 649 bus_add_driver -- functionpoint -- bus: 'platform': add driver clk-lpt
[    0.091881] drivers/acpi/scan.c 106 acpi_scan_add_handler_with_hotplug -- functionpoint
[    0.091932] ACPI: Enabled 4 GPEs in block 00 to 7F
[    0.091936] drivers/acpi/scan.c 2010 acpi_bus_scan -- functionpoint
[    0.098784] ACPI: Power Resource [USBC] (on)
[    0.099605] ACPI: Power Resource [WRST] (on)
[    0.100016] ACPI: Power Resource [WRST] (on)
[    0.100414] ACPI: Power Resource [WRST] (on)
[    0.100817] ACPI: Power Resource [WRST] (on)
[    0.101224] ACPI: Power Resource [WRST] (on)
[    0.101621] ACPI: Power Resource [WRST] (on)
[    0.102020] ACPI: Power Resource [WRST] (on)
[    0.102422] ACPI: Power Resource [WRST] (on)
[    0.102824] ACPI: Power Resource [WRST] (on)
[    0.103221] ACPI: Power Resource [WRST] (on)
[    0.103620] ACPI: Power Resource [WRST] (on)
[    0.104019] ACPI: Power Resource [WRST] (on)
[    0.104417] ACPI: Power Resource [WRST] (on)
[    0.104816] ACPI: Power Resource [WRST] (on)
[    0.105222] ACPI: Power Resource [WRST] (on)
[    0.105618] ACPI: Power Resource [WRST] (on)
[    0.106017] ACPI: Power Resource [WRST] (on)
[    0.106421] ACPI: Power Resource [WRST] (on)
[    0.106825] ACPI: Power Resource [WRST] (on)
[    0.107234] ACPI: Power Resource [WRST] (on)
[    0.108937] ACPI: Power Resource [V0PR] (on)
[    0.109151] ACPI: Power Resource [V1PR] (on)
[    0.109359] ACPI: Power Resource [V2PR] (on)
[    0.113894] ACPI: Power Resource [WRST] (on)
[    0.116020] drivers/acpi/scan.c 1916 acpi_bus_attach -- functionpoint
[    0.116041] drivers/acpi/scan.c 1916 acpi_bus_attach -- functionpoint
[    0.116048] drivers/acpi/scan.c 1916 acpi_bus_attach -- functionpoint
[    0.116079] drivers/acpi/scan.c 1916 acpi_bus_attach -- functionpoint
[    0.116105] drivers/acpi/scan.c 1916 acpi_bus_attach -- functionpoint
[    0.116112] drivers/acpi/pci_root.c 528 acpi_pci_root_add -- functionpoint
[    0.116502] ACPI: PCI Root Bridge [PCI0] (domain 0000 [bus 00-3e])
[    0.116504] ACPI: drivers/acpi/pci_root.c 584 acpi_pci_root_add --  functionpoint -- PCI Root Bridge [PCI0] (domain 0000 [bus 00-3e])
[    0.116511] acpi PNP0A08:00: _OSC: OS supports [ExtendedConfig ASPM ClockPM Segments MSI]
[    0.119884] acpi PNP0A08:00: _OSC: OS now controls [PCIeHotplug PME AER PCIeCapability]
[    0.119885] acpi PNP0A08:00: FADT indicates ASPM is unsupported, using BIOS configuration
[    0.119898] arch/x86/pci/acpi.c 335 pci_acpi_scan_root -- functionpoint
[    0.119899] drivers/pci/search.c 144 pci_find_bus -- functionpoint
[    0.119902] drivers/pci/search.c 145 pci_find_bus functionpoint -- domain_num = 0, bus_num = 0
[    0.119905] drivers/pci/search.c 176 pci_find_next_bus -- functionpoint
[    0.119905] drivers/pci/search.c 157 pci_find_bus not found bus -- functionpoint
[    0.119918] drivers/acpi/pci_root.c 881 acpi_pci_root_create -- functionpoint
[    0.120301] drivers/pci/probe.c 2643 pci_create_root_bus -- functionpoint
[    0.120303] drivers/pci/probe.c 533 pci_alloc_host_bridge -- functionpoint
[    0.120305] drivers/pci/probe.c 765 pci_register_host_bridge -- functionpoint
[    0.120307] drivers/pci/search.c 144 pci_find_bus -- functionpoint
[    0.120309] drivers/pci/search.c 145 pci_find_bus functionpoint -- domain_num = 0, bus_num = 0
[    0.120312] drivers/pci/search.c 176 pci_find_next_bus -- functionpoint
[    0.120313] drivers/pci/search.c 157 pci_find_bus not found bus -- functionpoint
[    0.121350] drivers/pci/probe.c 2009 pci_bus_read_dev_vendor_id -- functionpoint
[    0.121364] drivers/pci/probe.c 2009 pci_bus_read_dev_vendor_id -- functionpoint
[    0.121380] drivers/pci/probe.c 2009 pci_bus_read_dev_vendor_id -- functionpoint
[    0.121392] drivers/pci/probe.c 2009 pci_bus_read_dev_vendor_id -- functionpoint
[    0.121403] drivers/pci/probe.c 2009 pci_bus_read_dev_vendor_id -- functionpoint
[    0.121419] drivers/pci/probe.c 2009 pci_bus_read_dev_vendor_id -- functionpoint
[    0.121427] drivers/pci/probe.c 2009 pci_bus_read_dev_vendor_id -- functionpoint
[    0.121440] drivers/pci/probe.c 2009 pci_bus_read_dev_vendor_id -- functionpoint
[    0.121453] drivers/pci/probe.c 2009 pci_bus_read_dev_vendor_id -- functionpoint
[    0.121459] drivers/pci/probe.c 2009 pci_bus_read_dev_vendor_id -- functionpoint
[    0.121471] drivers/pci/probe.c 2009 pci_bus_read_dev_vendor_id -- functionpoint
[    0.121519] drivers/pci/probe.c 2009 pci_bus_read_dev_vendor_id -- functionpoint
[    0.121571] drivers/pci/probe.c 2009 pci_bus_read_dev_vendor_id -- functionpoint
[    0.121623] drivers/pci/probe.c 2009 pci_bus_read_dev_vendor_id -- functionpoint
[    0.121675] drivers/pci/probe.c 2009 pci_bus_read_dev_vendor_id -- functionpoint
[    0.121727] drivers/pci/probe.c 2009 pci_bus_read_dev_vendor_id -- functionpoint
[    0.121778] drivers/pci/probe.c 2009 pci_bus_read_dev_vendor_id -- functionpoint
[    0.121830] drivers/pci/probe.c 2009 pci_bus_read_dev_vendor_id -- functionpoint
[    0.121878] drivers/pci/probe.c 2009 pci_bus_read_dev_vendor_id -- functionpoint
[    0.121932] drivers/pci/probe.c 2009 pci_bus_read_dev_vendor_id -- functionpoint
[    0.121983] drivers/pci/probe.c 2009 pci_bus_read_dev_vendor_id -- functionpoint
[    0.122035] drivers/pci/probe.c 2009 pci_bus_read_dev_vendor_id -- functionpoint
[    0.122088] drivers/pci/probe.c 2009 pci_bus_read_dev_vendor_id -- functionpoint
[    0.122140] drivers/pci/probe.c 2009 pci_bus_read_dev_vendor_id -- functionpoint
[    0.122192] drivers/pci/probe.c 2009 pci_bus_read_dev_vendor_id -- functionpoint
[    0.122243] drivers/pci/probe.c 2009 pci_bus_read_dev_vendor_id -- functionpoint
[    0.122295] drivers/pci/probe.c 2009 pci_bus_read_dev_vendor_id -- functionpoint
[    0.122348] drivers/pci/probe.c 2009 pci_bus_read_dev_vendor_id -- functionpoint
[    0.122400] drivers/pci/probe.c 2009 pci_bus_read_dev_vendor_id -- functionpoint
[    0.122452] drivers/pci/probe.c 2009 pci_bus_read_dev_vendor_id -- functionpoint
[    0.122504] drivers/pci/probe.c 2009 pci_bus_read_dev_vendor_id -- functionpoint
[    0.122556] drivers/pci/probe.c 2009 pci_bus_read_dev_vendor_id -- functionpoint
[    0.122604] drivers/pci/probe.c 2009 pci_bus_read_dev_vendor_id -- functionpoint
[    0.122657] drivers/pci/probe.c 2009 pci_bus_read_dev_vendor_id -- functionpoint
[    0.122709] drivers/pci/probe.c 2009 pci_bus_read_dev_vendor_id -- functionpoint
[    0.122725] drivers/pci/probe.c 2009 pci_bus_read_dev_vendor_id -- functionpoint
[    0.122743] drivers/pci/probe.c 2009 pci_bus_read_dev_vendor_id -- functionpoint
[    0.122758] drivers/pci/probe.c 2009 pci_bus_read_dev_vendor_id -- functionpoint
[    0.122769] drivers/pci/probe.c 2009 pci_bus_read_dev_vendor_id -- functionpoint
[    0.122783] drivers/pci/probe.c 2009 pci_bus_read_dev_vendor_id -- functionpoint
[    0.122792] drivers/pci/probe.c 2009 pci_bus_read_dev_vendor_id -- functionpoint
[    0.122799] drivers/pci/probe.c 2009 pci_bus_read_dev_vendor_id -- functionpoint
[    0.122807] PCI host bridge to bus 0000:00
[    0.122810] pci_bus 0000:00: root bus resource [io  0x0000-0x0cf7 window]
[    0.122812] pci_bus 0000:00: root bus resource [io  0x0d00-0xffff window]
[    0.122813] pci_bus 0000:00: root bus resource [mem 0x000a0000-0x000bffff window]
[    0.122814] pci_bus 0000:00: root bus resource [mem 0xd4800000-0xf7ffffff window]
[    0.122815] pci_bus 0000:00: root bus resource [mem 0x4000000000-0x7fffffffff window]
[    0.122816] pci_bus 0000:00: root bus resource [mem 0xfc800000-0xfe7fffff window]
[    0.122818] pci_bus 0000:00: root bus resource [bus 00-3e]
[    0.122818] drivers/pci/probe.c 2497 pci_scan_child_bus_extend -- functionpoint
[    0.122819] pci_bus 0000:00: drivers/pci/probe.c 2501 pci_scan_child_bus_extend-- functionpoint -- scanning bus
[    0.122823] drivers/pci/probe.c 2281 pci_scan_slot -- functionpoint
[    0.122823] drivers/pci/probe.c 2196 pci_scan_single_device -- functionpoint
[    0.122825] drivers/pci/search.c 206 pci_get_slot -- functionpoint
[    0.122827] drivers/pci/search.c 215 pci_get_slot return value is NULL -- functionpoint
[    0.122828] drivers/pci/probe.c 2035 pci_scan_device -- functionpoint
[    0.122830] drivers/pci/probe.c 2009 pci_bus_read_dev_vendor_id -- functionpoint
[    0.122833] drivers/pci/probe.c 2048 pci_scan_device -- functionpoint -- dev_vendor: 8086, dev_device: 3e30
[    0.122836] drivers/pci/probe.c 1453 pci_setup_device -- functionpoint
[    0.122837] drivers/pci/probe.c 1242 set_pcie_port_type -- functionpoint
[    0.122843] pci 0000:00:00.0: [8086:3e30] type 00 class 0x060000
[    0.122846] pci 0000:00:00.0: drivers/pci/probe.c 1482 pci_setup_device functionpoint -- [8086:3e30] type 00 class 0x060000 multifunction 00
[    0.122861] drivers/pci/probe.c 1513 pci_setup_device  switch case PCI_HEADER_TYPE_NORMAL -- functionpoint
[    0.122873] drivers/pci/probe.c 2145 pci_device_add -- functionpoint
[    0.122885] drivers/pci/pci.c 2409 pci_pm_init -- functionpoint
[    0.123862] drivers/pci/probe.c 2288 pci_scan_slot -- functionpoint -- fn = 0, devfn = 0, fn+devfn = 0
[    0.123865] drivers/pci/probe.c 2220 next_fn -- functionpoint
[    0.123866] drivers/pci/probe.c 2281 pci_scan_slot -- functionpoint
[    0.123867] drivers/pci/probe.c 2196 pci_scan_single_device -- functionpoint
[    0.123869] drivers/pci/search.c 206 pci_get_slot -- functionpoint
[    0.123871] drivers/pci/search.c 215 pci_get_slot return value is NULL -- functionpoint
[    0.123872] drivers/pci/probe.c 2035 pci_scan_device -- functionpoint
[    0.123874] drivers/pci/probe.c 2009 pci_bus_read_dev_vendor_id -- functionpoint
[    0.123886] drivers/pci/probe.c 2288 pci_scan_slot -- functionpoint -- fn = 0, devfn = 8, fn+devfn = 8
[    0.123889] drivers/pci/probe.c 2281 pci_scan_slot -- functionpoint
[    0.123889] drivers/pci/probe.c 2196 pci_scan_single_device -- functionpoint
[    0.123891] drivers/pci/search.c 206 pci_get_slot -- functionpoint
[    0.123893] drivers/pci/search.c 215 pci_get_slot return value is NULL -- functionpoint
[    0.123894] drivers/pci/probe.c 2035 pci_scan_device -- functionpoint
[    0.123896] drivers/pci/probe.c 2009 pci_bus_read_dev_vendor_id -- functionpoint
[    0.123898] drivers/pci/probe.c 2048 pci_scan_device -- functionpoint -- dev_vendor: 8086, dev_device: 3e98
[    0.123902] drivers/pci/probe.c 1453 pci_setup_device -- functionpoint
[    0.123903] drivers/pci/probe.c 1242 set_pcie_port_type -- functionpoint
[    0.123909] pci 0000:00:02.0: [8086:3e98] type 00 class 0x030000
[    0.123911] pci 0000:00:02.0: drivers/pci/probe.c 1482 pci_setup_device functionpoint -- [8086:3e98] type 00 class 0x030000 multifunction 00
[    0.123917] drivers/pci/probe.c 1513 pci_setup_device  switch case PCI_HEADER_TYPE_NORMAL -- functionpoint
[    0.123923] pci 0000:00:02.0: reg 0x10: [mem 0xf0000000-0xf0ffffff 64bit]
[    0.123930] pci 0000:00:02.0: reg 0x18: [mem 0xe0000000-0xefffffff 64bit pref]
[    0.123933] pci 0000:00:02.0: reg 0x20: [io  0x4000-0x403f]
[    0.123939] drivers/pci/probe.c 2145 pci_device_add -- functionpoint
[    0.123946] pci 0000:00:02.0: BAR 2: assigned to efifb
[    0.123958] drivers/pci/pci.c 2409 pci_pm_init -- functionpoint
[    0.123962] pci 0000:00:02.0: drivers/pci/pci.c 2450 pci_pm_init --functionpoint-- supports
[    0.124961] drivers/pci/probe.c 2288 pci_scan_slot -- functionpoint -- fn = 0, devfn = 16, fn+devfn = 16
[    0.124964] drivers/pci/probe.c 2220 next_fn -- functionpoint
[    0.124964] drivers/pci/probe.c 2281 pci_scan_slot -- functionpoint
[    0.124966] drivers/pci/probe.c 2196 pci_scan_single_device -- functionpoint
[    0.124968] drivers/pci/search.c 206 pci_get_slot -- functionpoint
[    0.124969] drivers/pci/search.c 215 pci_get_slot return value is NULL -- functionpoint
[    0.124971] drivers/pci/probe.c 2035 pci_scan_device -- functionpoint
[    0.124973] drivers/pci/probe.c 2009 pci_bus_read_dev_vendor_id -- functionpoint
[    0.124984] drivers/pci/probe.c 2288 pci_scan_slot -- functionpoint -- fn = 0, devfn = 24, fn+devfn = 24
[    0.124988] drivers/pci/probe.c 2281 pci_scan_slot -- functionpoint
[    0.124988] drivers/pci/probe.c 2196 pci_scan_single_device -- functionpoint
[    0.124990] drivers/pci/search.c 206 pci_get_slot -- functionpoint
[    0.124991] drivers/pci/search.c 215 pci_get_slot return value is NULL -- functionpoint
[    0.124993] drivers/pci/probe.c 2035 pci_scan_device -- functionpoint
[    0.124995] drivers/pci/probe.c 2009 pci_bus_read_dev_vendor_id -- functionpoint
[    0.125009] drivers/pci/probe.c 2288 pci_scan_slot -- functionpoint -- fn = 0, devfn = 32, fn+devfn = 32
[    0.125013] drivers/pci/probe.c 2281 pci_scan_slot -- functionpoint
[    0.125013] drivers/pci/probe.c 2196 pci_scan_single_device -- functionpoint
[    0.125015] drivers/pci/search.c 206 pci_get_slot -- functionpoint
[    0.125016] drivers/pci/search.c 215 pci_get_slot return value is NULL -- functionpoint
[    0.125018] drivers/pci/probe.c 2035 pci_scan_device -- functionpoint
[    0.125020] drivers/pci/probe.c 2009 pci_bus_read_dev_vendor_id -- functionpoint
[    0.125034] drivers/pci/probe.c 2288 pci_scan_slot -- functionpoint -- fn = 0, devfn = 40, fn+devfn = 40
[    0.125037] drivers/pci/probe.c 2281 pci_scan_slot -- functionpoint
[    0.125038] drivers/pci/probe.c 2196 pci_scan_single_device -- functionpoint
[    0.125039] drivers/pci/search.c 206 pci_get_slot -- functionpoint
[    0.125041] drivers/pci/search.c 215 pci_get_slot return value is NULL -- functionpoint
[    0.125042] drivers/pci/probe.c 2035 pci_scan_device -- functionpoint
[    0.125044] drivers/pci/probe.c 2009 pci_bus_read_dev_vendor_id -- functionpoint
[    0.125059] drivers/pci/probe.c 2288 pci_scan_slot -- functionpoint -- fn = 0, devfn = 48, fn+devfn = 48
[    0.125063] drivers/pci/probe.c 2281 pci_scan_slot -- functionpoint
[    0.125063] drivers/pci/probe.c 2196 pci_scan_single_device -- functionpoint
[    0.125065] drivers/pci/search.c 206 pci_get_slot -- functionpoint
[    0.125066] drivers/pci/search.c 215 pci_get_slot return value is NULL -- functionpoint
[    0.125068] drivers/pci/probe.c 2035 pci_scan_device -- functionpoint
[    0.125070] drivers/pci/probe.c 2009 pci_bus_read_dev_vendor_id -- functionpoint
[    0.125081] drivers/pci/probe.c 2288 pci_scan_slot -- functionpoint -- fn = 0, devfn = 56, fn+devfn = 56
[    0.125085] drivers/pci/probe.c 2281 pci_scan_slot -- functionpoint
[    0.125085] drivers/pci/probe.c 2196 pci_scan_single_device -- functionpoint
[    0.125087] drivers/pci/search.c 206 pci_get_slot -- functionpoint
[    0.125088] drivers/pci/search.c 215 pci_get_slot return value is NULL -- functionpoint
[    0.125090] drivers/pci/probe.c 2035 pci_scan_device -- functionpoint
[    0.125092] drivers/pci/probe.c 2009 pci_bus_read_dev_vendor_id -- functionpoint
[    0.125106] drivers/pci/probe.c 2288 pci_scan_slot -- functionpoint -- fn = 0, devfn = 64, fn+devfn = 64
[    0.125110] drivers/pci/probe.c 2281 pci_scan_slot -- functionpoint
[    0.125110] drivers/pci/probe.c 2196 pci_scan_single_device -- functionpoint
[    0.125111] drivers/pci/search.c 206 pci_get_slot -- functionpoint
[    0.125113] drivers/pci/search.c 215 pci_get_slot return value is NULL -- functionpoint
[    0.125115] drivers/pci/probe.c 2035 pci_scan_device -- functionpoint
[    0.125117] drivers/pci/probe.c 2009 pci_bus_read_dev_vendor_id -- functionpoint
[    0.125130] drivers/pci/probe.c 2288 pci_scan_slot -- functionpoint -- fn = 0, devfn = 72, fn+devfn = 72
[    0.125133] drivers/pci/probe.c 2281 pci_scan_slot -- functionpoint
[    0.125134] drivers/pci/probe.c 2196 pci_scan_single_device -- functionpoint
[    0.125135] drivers/pci/search.c 206 pci_get_slot -- functionpoint
[    0.125137] drivers/pci/search.c 215 pci_get_slot return value is NULL -- functionpoint
[    0.125138] drivers/pci/probe.c 2035 pci_scan_device -- functionpoint
[    0.125140] drivers/pci/probe.c 2009 pci_bus_read_dev_vendor_id -- functionpoint
[    0.125154] drivers/pci/probe.c 2288 pci_scan_slot -- functionpoint -- fn = 0, devfn = 80, fn+devfn = 80
[    0.125158] drivers/pci/probe.c 2281 pci_scan_slot -- functionpoint
[    0.125158] drivers/pci/probe.c 2196 pci_scan_single_device -- functionpoint
[    0.125160] drivers/pci/search.c 206 pci_get_slot -- functionpoint
[    0.125161] drivers/pci/search.c 215 pci_get_slot return value is NULL -- functionpoint
[    0.125163] drivers/pci/probe.c 2035 pci_scan_device -- functionpoint
[    0.125165] drivers/pci/probe.c 2009 pci_bus_read_dev_vendor_id -- functionpoint
[    0.125180] drivers/pci/probe.c 2288 pci_scan_slot -- functionpoint -- fn = 0, devfn = 88, fn+devfn = 88
[    0.125184] drivers/pci/probe.c 2281 pci_scan_slot -- functionpoint
[    0.125184] drivers/pci/probe.c 2196 pci_scan_single_device -- functionpoint
[    0.125185] drivers/pci/search.c 206 pci_get_slot -- functionpoint
[    0.125187] drivers/pci/search.c 215 pci_get_slot return value is NULL -- functionpoint
[    0.125189] drivers/pci/probe.c 2035 pci_scan_device -- functionpoint
[    0.125190] drivers/pci/probe.c 2009 pci_bus_read_dev_vendor_id -- functionpoint
[    0.125205] drivers/pci/probe.c 2288 pci_scan_slot -- functionpoint -- fn = 0, devfn = 96, fn+devfn = 96
[    0.125208] drivers/pci/probe.c 2281 pci_scan_slot -- functionpoint
[    0.125209] drivers/pci/probe.c 2196 pci_scan_single_device -- functionpoint
[    0.125210] drivers/pci/search.c 206 pci_get_slot -- functionpoint
[    0.125212] drivers/pci/search.c 215 pci_get_slot return value is NULL -- functionpoint
[    0.125214] drivers/pci/probe.c 2035 pci_scan_device -- functionpoint
[    0.125215] drivers/pci/probe.c 2009 pci_bus_read_dev_vendor_id -- functionpoint
[    0.125229] drivers/pci/probe.c 2288 pci_scan_slot -- functionpoint -- fn = 0, devfn = 104, fn+devfn = 104
[    0.125232] drivers/pci/probe.c 2281 pci_scan_slot -- functionpoint
[    0.125233] drivers/pci/probe.c 2196 pci_scan_single_device -- functionpoint
[    0.125234] drivers/pci/search.c 206 pci_get_slot -- functionpoint
[    0.125236] drivers/pci/search.c 215 pci_get_slot return value is NULL -- functionpoint
[    0.125237] drivers/pci/probe.c 2035 pci_scan_device -- functionpoint
[    0.125239] drivers/pci/probe.c 2009 pci_bus_read_dev_vendor_id -- functionpoint
[    0.125254] drivers/pci/probe.c 2288 pci_scan_slot -- functionpoint -- fn = 0, devfn = 112, fn+devfn = 112
[    0.125258] drivers/pci/probe.c 2281 pci_scan_slot -- functionpoint
[    0.125258] drivers/pci/probe.c 2196 pci_scan_single_device -- functionpoint
[    0.125260] drivers/pci/search.c 206 pci_get_slot -- functionpoint
[    0.125261] drivers/pci/search.c 215 pci_get_slot return value is NULL -- functionpoint
[    0.125263] drivers/pci/probe.c 2035 pci_scan_device -- functionpoint
[    0.125265] drivers/pci/probe.c 2009 pci_bus_read_dev_vendor_id -- functionpoint
[    0.125279] drivers/pci/probe.c 2288 pci_scan_slot -- functionpoint -- fn = 0, devfn = 120, fn+devfn = 120
[    0.125283] drivers/pci/probe.c 2281 pci_scan_slot -- functionpoint
[    0.125283] drivers/pci/probe.c 2196 pci_scan_single_device -- functionpoint
[    0.125284] drivers/pci/search.c 206 pci_get_slot -- functionpoint
[    0.125286] drivers/pci/search.c 215 pci_get_slot return value is NULL -- functionpoint
[    0.125288] drivers/pci/probe.c 2035 pci_scan_device -- functionpoint
[    0.125290] drivers/pci/probe.c 2009 pci_bus_read_dev_vendor_id -- functionpoint
[    0.125304] drivers/pci/probe.c 2288 pci_scan_slot -- functionpoint -- fn = 0, devfn = 128, fn+devfn = 128
[    0.125308] drivers/pci/probe.c 2281 pci_scan_slot -- functionpoint
[    0.125308] drivers/pci/probe.c 2196 pci_scan_single_device -- functionpoint
[    0.125309] drivers/pci/search.c 206 pci_get_slot -- functionpoint
[    0.125311] drivers/pci/search.c 215 pci_get_slot return value is NULL -- functionpoint
[    0.125313] drivers/pci/probe.c 2035 pci_scan_device -- functionpoint
[    0.125314] drivers/pci/probe.c 2009 pci_bus_read_dev_vendor_id -- functionpoint
[    0.125329] drivers/pci/probe.c 2288 pci_scan_slot -- functionpoint -- fn = 0, devfn = 136, fn+devfn = 136
[    0.125333] drivers/pci/probe.c 2281 pci_scan_slot -- functionpoint
[    0.125333] drivers/pci/probe.c 2196 pci_scan_single_device -- functionpoint
[    0.125334] drivers/pci/search.c 206 pci_get_slot -- functionpoint
[    0.125336] drivers/pci/search.c 215 pci_get_slot return value is NULL -- functionpoint
[    0.125338] drivers/pci/probe.c 2035 pci_scan_device -- functionpoint
[    0.125339] drivers/pci/probe.c 2009 pci_bus_read_dev_vendor_id -- functionpoint
[    0.125344] drivers/pci/probe.c 2048 pci_scan_device -- functionpoint -- dev_vendor: 8086, dev_device: a379
[    0.125348] drivers/pci/probe.c 1453 pci_setup_device -- functionpoint
[    0.125350] drivers/pci/probe.c 1242 set_pcie_port_type -- functionpoint
[    0.125361] pci 0000:00:12.0: [8086:a379] type 00 class 0x118000
[    0.125364] pci 0000:00:12.0: drivers/pci/probe.c 1482 pci_setup_device functionpoint -- [8086:a379] type 00 class 0x118000 multifunction 01
[    0.125378] drivers/pci/probe.c 1513 pci_setup_device  switch case PCI_HEADER_TYPE_NORMAL -- functionpoint
[    0.125396] pci 0000:00:12.0: reg 0x10: [mem 0x4000107000-0x4000107fff 64bit]
[    0.125437] drivers/pci/probe.c 2145 pci_device_add -- functionpoint
[    0.125475] drivers/pci/pci.c 2409 pci_pm_init -- functionpoint
[    0.125483] pci 0000:00:12.0: drivers/pci/pci.c 2450 pci_pm_init --functionpoint-- supports
[    0.126462] drivers/pci/probe.c 2288 pci_scan_slot -- functionpoint -- fn = 0, devfn = 144, fn+devfn = 144
[    0.126464] drivers/pci/probe.c 2220 next_fn -- functionpoint
[    0.126465] drivers/pci/probe.c 2196 pci_scan_single_device -- functionpoint
[    0.126466] drivers/pci/search.c 206 pci_get_slot -- functionpoint
[    0.126468] drivers/pci/search.c 215 pci_get_slot return value is NULL -- functionpoint
[    0.126470] drivers/pci/probe.c 2035 pci_scan_device -- functionpoint
[    0.126471] drivers/pci/probe.c 2009 pci_bus_read_dev_vendor_id -- functionpoint
[    0.126483] drivers/pci/probe.c 2298 pci_scan_slot -- functionpoint -- fn = 1, devfn = 144, fn+devfn = 145
[    0.126486] drivers/pci/probe.c 2220 next_fn -- functionpoint
[    0.126487] drivers/pci/probe.c 2196 pci_scan_single_device -- functionpoint
[    0.126488] drivers/pci/search.c 206 pci_get_slot -- functionpoint
[    0.126490] drivers/pci/search.c 215 pci_get_slot return value is NULL -- functionpoint
[    0.126492] drivers/pci/probe.c 2035 pci_scan_device -- functionpoint
[    0.126493] drivers/pci/probe.c 2009 pci_bus_read_dev_vendor_id -- functionpoint
[    0.126509] drivers/pci/probe.c 2298 pci_scan_slot -- functionpoint -- fn = 2, devfn = 144, fn+devfn = 146
[    0.126512] drivers/pci/probe.c 2220 next_fn -- functionpoint
[    0.126513] drivers/pci/probe.c 2196 pci_scan_single_device -- functionpoint
[    0.126514] drivers/pci/search.c 206 pci_get_slot -- functionpoint
[    0.126516] drivers/pci/search.c 215 pci_get_slot return value is NULL -- functionpoint
[    0.126517] drivers/pci/probe.c 2035 pci_scan_device -- functionpoint
[    0.126519] drivers/pci/probe.c 2009 pci_bus_read_dev_vendor_id -- functionpoint
[    0.126534] drivers/pci/probe.c 2298 pci_scan_slot -- functionpoint -- fn = 3, devfn = 144, fn+devfn = 147
[    0.126537] drivers/pci/probe.c 2220 next_fn -- functionpoint
[    0.126537] drivers/pci/probe.c 2196 pci_scan_single_device -- functionpoint
[    0.126539] drivers/pci/search.c 206 pci_get_slot -- functionpoint
[    0.126541] drivers/pci/search.c 215 pci_get_slot return value is NULL -- functionpoint
[    0.126542] drivers/pci/probe.c 2035 pci_scan_device -- functionpoint
[    0.126544] drivers/pci/probe.c 2009 pci_bus_read_dev_vendor_id -- functionpoint
[    0.126559] drivers/pci/probe.c 2298 pci_scan_slot -- functionpoint -- fn = 4, devfn = 144, fn+devfn = 148
[    0.126562] drivers/pci/probe.c 2220 next_fn -- functionpoint
[    0.126562] drivers/pci/probe.c 2196 pci_scan_single_device -- functionpoint
[    0.126564] drivers/pci/search.c 206 pci_get_slot -- functionpoint
[    0.126565] drivers/pci/search.c 215 pci_get_slot return value is NULL -- functionpoint
[    0.126567] drivers/pci/probe.c 2035 pci_scan_device -- functionpoint
[    0.126569] drivers/pci/probe.c 2009 pci_bus_read_dev_vendor_id -- functionpoint
[    0.126581] drivers/pci/probe.c 2298 pci_scan_slot -- functionpoint -- fn = 5, devfn = 144, fn+devfn = 149
[    0.126584] drivers/pci/probe.c 2220 next_fn -- functionpoint
[    0.126584] drivers/pci/probe.c 2196 pci_scan_single_device -- functionpoint
[    0.126586] drivers/pci/search.c 206 pci_get_slot -- functionpoint
[    0.126588] drivers/pci/search.c 215 pci_get_slot return value is NULL -- functionpoint
[    0.126589] drivers/pci/probe.c 2035 pci_scan_device -- functionpoint
[    0.126591] drivers/pci/probe.c 2009 pci_bus_read_dev_vendor_id -- functionpoint
[    0.126601] drivers/pci/probe.c 2298 pci_scan_slot -- functionpoint -- fn = 6, devfn = 144, fn+devfn = 150
[    0.126604] drivers/pci/probe.c 2220 next_fn -- functionpoint
[    0.126605] drivers/pci/probe.c 2196 pci_scan_single_device -- functionpoint
[    0.126606] drivers/pci/search.c 206 pci_get_slot -- functionpoint
[    0.126608] drivers/pci/search.c 215 pci_get_slot return value is NULL -- functionpoint
[    0.126609] drivers/pci/probe.c 2035 pci_scan_device -- functionpoint
[    0.126611] drivers/pci/probe.c 2009 pci_bus_read_dev_vendor_id -- functionpoint
[    0.126627] drivers/pci/probe.c 2298 pci_scan_slot -- functionpoint -- fn = 7, devfn = 144, fn+devfn = 151
[    0.126631] drivers/pci/probe.c 2220 next_fn -- functionpoint
[    0.126631] drivers/pci/probe.c 2281 pci_scan_slot -- functionpoint
[    0.126633] drivers/pci/probe.c 2196 pci_scan_single_device -- functionpoint
[    0.126634] drivers/pci/search.c 206 pci_get_slot -- functionpoint
[    0.126636] drivers/pci/search.c 215 pci_get_slot return value is NULL -- functionpoint
[    0.126637] drivers/pci/probe.c 2035 pci_scan_device -- functionpoint
[    0.126639] drivers/pci/probe.c 2009 pci_bus_read_dev_vendor_id -- functionpoint
[    0.126644] drivers/pci/probe.c 2288 pci_scan_slot -- functionpoint -- fn = 0, devfn = 152, fn+devfn = 152
[    0.126648] drivers/pci/probe.c 2281 pci_scan_slot -- functionpoint
[    0.126648] drivers/pci/probe.c 2196 pci_scan_single_device -- functionpoint
[    0.126649] drivers/pci/search.c 206 pci_get_slot -- functionpoint
[    0.126651] drivers/pci/search.c 215 pci_get_slot return value is NULL -- functionpoint
[    0.126653] drivers/pci/probe.c 2035 pci_scan_device -- functionpoint
[    0.126655] drivers/pci/probe.c 2009 pci_bus_read_dev_vendor_id -- functionpoint
[    0.126663] drivers/pci/probe.c 2048 pci_scan_device -- functionpoint -- dev_vendor: 8086, dev_device: a36d
[    0.126667] drivers/pci/probe.c 1453 pci_setup_device -- functionpoint
[    0.126668] drivers/pci/probe.c 1242 set_pcie_port_type -- functionpoint
[    0.126681] pci 0000:00:14.0: [8086:a36d] type 00 class 0x0c0330
[    0.126683] pci 0000:00:14.0: drivers/pci/probe.c 1482 pci_setup_device functionpoint -- [8086:a36d] type 00 class 0x0c0330 multifunction 01
[    0.126699] drivers/pci/probe.c 1513 pci_setup_device  switch case PCI_HEADER_TYPE_NORMAL -- functionpoint
[    0.126720] pci 0000:00:14.0: reg 0x10: [mem 0xf1220000-0xf122ffff 64bit]
[    0.126775] drivers/pci/probe.c 2145 pci_device_add -- functionpoint
[    0.126817] drivers/pci/pci.c 2409 pci_pm_init -- functionpoint
[    0.126826] pci 0000:00:14.0: drivers/pci/pci.c 2450 pci_pm_init --functionpoint-- supports
[    0.126830] pci 0000:00:14.0: PME# supported from D3hot D3cold
[    0.126831] pci 0000:00:14.0: drivers/pci/pci.c 2462 pci_pm_init --functionpoint-- PME# supported from D3hot D3cold
[    0.126839] pci 0000:00:14.0: drivers/pci/pci.c 1891 pci_pme_active --functionpoint-- PME# disabled
[    0.127887] drivers/pci/probe.c 2288 pci_scan_slot -- functionpoint -- fn = 0, devfn = 160, fn+devfn = 160
[    0.127890] drivers/pci/probe.c 2220 next_fn -- functionpoint
[    0.127890] drivers/pci/probe.c 2196 pci_scan_single_device -- functionpoint
[    0.127892] drivers/pci/search.c 206 pci_get_slot -- functionpoint
[    0.127894] drivers/pci/search.c 215 pci_get_slot return value is NULL -- functionpoint
[    0.127895] drivers/pci/probe.c 2035 pci_scan_device -- functionpoint
[    0.127897] drivers/pci/probe.c 2009 pci_bus_read_dev_vendor_id -- functionpoint
[    0.127909] drivers/pci/probe.c 2298 pci_scan_slot -- functionpoint -- fn = 1, devfn = 160, fn+devfn = 161
[    0.127912] drivers/pci/probe.c 2220 next_fn -- functionpoint
[    0.127912] drivers/pci/probe.c 2196 pci_scan_single_device -- functionpoint
[    0.127914] drivers/pci/search.c 206 pci_get_slot -- functionpoint
[    0.127916] drivers/pci/search.c 215 pci_get_slot return value is NULL -- functionpoint
[    0.127917] drivers/pci/probe.c 2035 pci_scan_device -- functionpoint
[    0.127919] drivers/pci/probe.c 2009 pci_bus_read_dev_vendor_id -- functionpoint
[    0.127928] drivers/pci/probe.c 2048 pci_scan_device -- functionpoint -- dev_vendor: 8086, dev_device: a36f
[    0.127932] drivers/pci/probe.c 1453 pci_setup_device -- functionpoint
[    0.127934] drivers/pci/probe.c 1242 set_pcie_port_type -- functionpoint
[    0.127943] pci 0000:00:14.2: [8086:a36f] type 00 class 0x050000
[    0.127946] pci 0000:00:14.2: drivers/pci/probe.c 1482 pci_setup_device functionpoint -- [8086:a36f] type 00 class 0x050000 multifunction 00
[    0.127959] drivers/pci/probe.c 1513 pci_setup_device  switch case PCI_HEADER_TYPE_NORMAL -- functionpoint
[    0.127975] pci 0000:00:14.2: reg 0x10: [mem 0xf1232000-0xf1233fff 64bit]
[    0.127991] pci 0000:00:14.2: reg 0x18: [mem 0x4000106000-0x4000106fff 64bit]
[    0.128016] drivers/pci/probe.c 2145 pci_device_add -- functionpoint
[    0.128043] drivers/pci/pci.c 2409 pci_pm_init -- functionpoint
[    0.128051] pci 0000:00:14.2: drivers/pci/pci.c 2450 pci_pm_init --functionpoint-- supports
[    0.129032] drivers/pci/probe.c 2298 pci_scan_slot -- functionpoint -- fn = 2, devfn = 160, fn+devfn = 162
[    0.129034] drivers/pci/probe.c 2220 next_fn -- functionpoint
[    0.129034] drivers/pci/probe.c 2196 pci_scan_single_device -- functionpoint
[    0.129036] drivers/pci/search.c 206 pci_get_slot -- functionpoint
[    0.129038] drivers/pci/search.c 215 pci_get_slot return value is NULL -- functionpoint
[    0.129039] drivers/pci/probe.c 2035 pci_scan_device -- functionpoint
[    0.129041] drivers/pci/probe.c 2009 pci_bus_read_dev_vendor_id -- functionpoint
[    0.129047] drivers/pci/probe.c 2298 pci_scan_slot -- functionpoint -- fn = 3, devfn = 160, fn+devfn = 163
[    0.129051] drivers/pci/probe.c 2220 next_fn -- functionpoint
[    0.129051] drivers/pci/probe.c 2196 pci_scan_single_device -- functionpoint
[    0.129052] drivers/pci/search.c 206 pci_get_slot -- functionpoint
[    0.129054] drivers/pci/search.c 215 pci_get_slot return value is NULL -- functionpoint
[    0.129056] drivers/pci/probe.c 2035 pci_scan_device -- functionpoint
[    0.129058] drivers/pci/probe.c 2009 pci_bus_read_dev_vendor_id -- functionpoint
[    0.129074] drivers/pci/probe.c 2298 pci_scan_slot -- functionpoint -- fn = 4, devfn = 160, fn+devfn = 164
[    0.129077] drivers/pci/probe.c 2220 next_fn -- functionpoint
[    0.129078] drivers/pci/probe.c 2196 pci_scan_single_device -- functionpoint
[    0.129079] drivers/pci/search.c 206 pci_get_slot -- functionpoint
[    0.129081] drivers/pci/search.c 215 pci_get_slot return value is NULL -- functionpoint
[    0.129083] drivers/pci/probe.c 2035 pci_scan_device -- functionpoint
[    0.129084] drivers/pci/probe.c 2009 pci_bus_read_dev_vendor_id -- functionpoint
[    0.129099] drivers/pci/probe.c 2298 pci_scan_slot -- functionpoint -- fn = 5, devfn = 160, fn+devfn = 165
[    0.129102] drivers/pci/probe.c 2220 next_fn -- functionpoint
[    0.129103] drivers/pci/probe.c 2196 pci_scan_single_device -- functionpoint
[    0.129104] drivers/pci/search.c 206 pci_get_slot -- functionpoint
[    0.129106] drivers/pci/search.c 215 pci_get_slot return value is NULL -- functionpoint
[    0.129108] drivers/pci/probe.c 2035 pci_scan_device -- functionpoint
[    0.129109] drivers/pci/probe.c 2009 pci_bus_read_dev_vendor_id -- functionpoint
[    0.129124] drivers/pci/probe.c 2298 pci_scan_slot -- functionpoint -- fn = 6, devfn = 160, fn+devfn = 166
[    0.129127] drivers/pci/probe.c 2220 next_fn -- functionpoint
[    0.129128] drivers/pci/probe.c 2196 pci_scan_single_device -- functionpoint
[    0.129129] drivers/pci/search.c 206 pci_get_slot -- functionpoint
[    0.129131] drivers/pci/search.c 215 pci_get_slot return value is NULL -- functionpoint
[    0.129133] drivers/pci/probe.c 2035 pci_scan_device -- functionpoint
[    0.129134] drivers/pci/probe.c 2009 pci_bus_read_dev_vendor_id -- functionpoint
[    0.129149] drivers/pci/probe.c 2298 pci_scan_slot -- functionpoint -- fn = 7, devfn = 160, fn+devfn = 167
[    0.129152] drivers/pci/probe.c 2220 next_fn -- functionpoint
[    0.129153] drivers/pci/probe.c 2281 pci_scan_slot -- functionpoint
[    0.129154] drivers/pci/probe.c 2196 pci_scan_single_device -- functionpoint
[    0.129156] drivers/pci/search.c 206 pci_get_slot -- functionpoint
[    0.129158] drivers/pci/search.c 215 pci_get_slot return value is NULL -- functionpoint
[    0.129159] drivers/pci/probe.c 2035 pci_scan_device -- functionpoint
[    0.129161] drivers/pci/probe.c 2009 pci_bus_read_dev_vendor_id -- functionpoint
[    0.129167] drivers/pci/probe.c 2288 pci_scan_slot -- functionpoint -- fn = 0, devfn = 168, fn+devfn = 168
[    0.129171] drivers/pci/probe.c 2281 pci_scan_slot -- functionpoint
[    0.129171] drivers/pci/probe.c 2196 pci_scan_single_device -- functionpoint
[    0.129172] drivers/pci/search.c 206 pci_get_slot -- functionpoint
[    0.129174] drivers/pci/search.c 215 pci_get_slot return value is NULL -- functionpoint
[    0.129176] drivers/pci/probe.c 2035 pci_scan_device -- functionpoint
[    0.129177] drivers/pci/probe.c 2009 pci_bus_read_dev_vendor_id -- functionpoint
[    0.129191] drivers/pci/probe.c 2048 pci_scan_device -- functionpoint -- dev_vendor: 8086, dev_device: a360
[    0.129195] drivers/pci/probe.c 1453 pci_setup_device -- functionpoint
[    0.129197] drivers/pci/probe.c 1242 set_pcie_port_type -- functionpoint
[    0.129209] pci 0000:00:16.0: [8086:a360] type 00 class 0x078000
[    0.129212] pci 0000:00:16.0: drivers/pci/probe.c 1482 pci_setup_device functionpoint -- [8086:a360] type 00 class 0x078000 multifunction 01
[    0.129227] drivers/pci/probe.c 1513 pci_setup_device  switch case PCI_HEADER_TYPE_NORMAL -- functionpoint
[    0.129245] pci 0000:00:16.0: reg 0x10: [mem 0x4000105000-0x4000105fff 64bit]
[    0.129286] drivers/pci/probe.c 2145 pci_device_add -- functionpoint
[    0.129329] drivers/pci/pci.c 2409 pci_pm_init -- functionpoint
[    0.129337] pci 0000:00:16.0: drivers/pci/pci.c 2450 pci_pm_init --functionpoint-- supports
[    0.129341] pci 0000:00:16.0: PME# supported from D3hot
[    0.129342] pci 0000:00:16.0: drivers/pci/pci.c 2462 pci_pm_init --functionpoint-- PME# supported from D3hot
[    0.129348] pci 0000:00:16.0: drivers/pci/pci.c 1891 pci_pme_active --functionpoint-- PME# disabled
[    0.130385] drivers/pci/probe.c 2288 pci_scan_slot -- functionpoint -- fn = 0, devfn = 176, fn+devfn = 176
[    0.130388] drivers/pci/probe.c 2220 next_fn -- functionpoint
[    0.130388] drivers/pci/probe.c 2196 pci_scan_single_device -- functionpoint
[    0.130390] drivers/pci/search.c 206 pci_get_slot -- functionpoint
[    0.130391] drivers/pci/search.c 215 pci_get_slot return value is NULL -- functionpoint
[    0.130393] drivers/pci/probe.c 2035 pci_scan_device -- functionpoint
[    0.130395] drivers/pci/probe.c 2009 pci_bus_read_dev_vendor_id -- functionpoint
[    0.130406] drivers/pci/probe.c 2298 pci_scan_slot -- functionpoint -- fn = 1, devfn = 176, fn+devfn = 177
[    0.130410] drivers/pci/probe.c 2220 next_fn -- functionpoint
[    0.130410] drivers/pci/probe.c 2196 pci_scan_single_device -- functionpoint
[    0.130412] drivers/pci/search.c 206 pci_get_slot -- functionpoint
[    0.130413] drivers/pci/search.c 215 pci_get_slot return value is NULL -- functionpoint
[    0.130415] drivers/pci/probe.c 2035 pci_scan_device -- functionpoint
[    0.130417] drivers/pci/probe.c 2009 pci_bus_read_dev_vendor_id -- functionpoint
[    0.130432] drivers/pci/probe.c 2298 pci_scan_slot -- functionpoint -- fn = 2, devfn = 176, fn+devfn = 178
[    0.130435] drivers/pci/probe.c 2220 next_fn -- functionpoint
[    0.130436] drivers/pci/probe.c 2196 pci_scan_single_device -- functionpoint
[    0.130437] drivers/pci/search.c 206 pci_get_slot -- functionpoint
[    0.130439] drivers/pci/search.c 215 pci_get_slot return value is NULL -- functionpoint
[    0.130441] drivers/pci/probe.c 2035 pci_scan_device -- functionpoint
[    0.130442] drivers/pci/probe.c 2009 pci_bus_read_dev_vendor_id -- functionpoint
[    0.130448] drivers/pci/probe.c 2048 pci_scan_device -- functionpoint -- dev_vendor: 8086, dev_device: a363
[    0.130451] drivers/pci/probe.c 1453 pci_setup_device -- functionpoint
[    0.130453] drivers/pci/probe.c 1242 set_pcie_port_type -- functionpoint
[    0.130464] pci 0000:00:16.3: [8086:a363] type 00 class 0x070002
[    0.130467] pci 0000:00:16.3: drivers/pci/probe.c 1482 pci_setup_device functionpoint -- [8086:a363] type 00 class 0x070002 multifunction 01
[    0.130480] drivers/pci/probe.c 1513 pci_setup_device  switch case PCI_HEADER_TYPE_NORMAL -- functionpoint
[    0.130492] pci 0000:00:16.3: reg 0x10: [io  0x4088-0x408f]
[    0.130502] pci 0000:00:16.3: reg 0x14: [mem 0xf1237000-0xf1237fff]
[    0.130543] drivers/pci/probe.c 2145 pci_device_add -- functionpoint
[    0.130578] drivers/pci/pci.c 2409 pci_pm_init -- functionpoint
[    0.130588] pci 0000:00:16.3: drivers/pci/pci.c 2450 pci_pm_init --functionpoint-- supports
[    0.131566] drivers/pci/probe.c 2298 pci_scan_slot -- functionpoint -- fn = 3, devfn = 176, fn+devfn = 179
[    0.131569] drivers/pci/probe.c 2220 next_fn -- functionpoint
[    0.131569] drivers/pci/probe.c 2196 pci_scan_single_device -- functionpoint
[    0.131571] drivers/pci/search.c 206 pci_get_slot -- functionpoint
[    0.131572] drivers/pci/search.c 215 pci_get_slot return value is NULL -- functionpoint
[    0.131574] drivers/pci/probe.c 2035 pci_scan_device -- functionpoint
[    0.131576] drivers/pci/probe.c 2009 pci_bus_read_dev_vendor_id -- functionpoint
[    0.131588] drivers/pci/probe.c 2298 pci_scan_slot -- functionpoint -- fn = 4, devfn = 176, fn+devfn = 180
[    0.131591] drivers/pci/probe.c 2220 next_fn -- functionpoint
[    0.131591] drivers/pci/probe.c 2196 pci_scan_single_device -- functionpoint
[    0.131593] drivers/pci/search.c 206 pci_get_slot -- functionpoint
[    0.131595] drivers/pci/search.c 215 pci_get_slot return value is NULL -- functionpoint
[    0.131596] drivers/pci/probe.c 2035 pci_scan_device -- functionpoint
[    0.131598] drivers/pci/probe.c 2009 pci_bus_read_dev_vendor_id -- functionpoint
[    0.131612] drivers/pci/probe.c 2298 pci_scan_slot -- functionpoint -- fn = 5, devfn = 176, fn+devfn = 181
[    0.131616] drivers/pci/probe.c 2220 next_fn -- functionpoint
[    0.131616] drivers/pci/probe.c 2196 pci_scan_single_device -- functionpoint
[    0.131617] drivers/pci/search.c 206 pci_get_slot -- functionpoint
[    0.131619] drivers/pci/search.c 215 pci_get_slot return value is NULL -- functionpoint
[    0.131621] drivers/pci/probe.c 2035 pci_scan_device -- functionpoint
[    0.131623] drivers/pci/probe.c 2009 pci_bus_read_dev_vendor_id -- functionpoint
[    0.131636] drivers/pci/probe.c 2298 pci_scan_slot -- functionpoint -- fn = 6, devfn = 176, fn+devfn = 182
[    0.131639] drivers/pci/probe.c 2220 next_fn -- functionpoint
[    0.131640] drivers/pci/probe.c 2196 pci_scan_single_device -- functionpoint
[    0.131641] drivers/pci/search.c 206 pci_get_slot -- functionpoint
[    0.131643] drivers/pci/search.c 215 pci_get_slot return value is NULL -- functionpoint
[    0.131644] drivers/pci/probe.c 2035 pci_scan_device -- functionpoint
[    0.131646] drivers/pci/probe.c 2009 pci_bus_read_dev_vendor_id -- functionpoint
[    0.131661] drivers/pci/probe.c 2298 pci_scan_slot -- functionpoint -- fn = 7, devfn = 176, fn+devfn = 183
[    0.131665] drivers/pci/probe.c 2220 next_fn -- functionpoint
[    0.131665] drivers/pci/probe.c 2281 pci_scan_slot -- functionpoint
[    0.131667] drivers/pci/probe.c 2196 pci_scan_single_device -- functionpoint
[    0.131668] drivers/pci/search.c 206 pci_get_slot -- functionpoint
[    0.131670] drivers/pci/search.c 215 pci_get_slot return value is NULL -- functionpoint
[    0.131671] drivers/pci/probe.c 2035 pci_scan_device -- functionpoint
[    0.131673] drivers/pci/probe.c 2009 pci_bus_read_dev_vendor_id -- functionpoint
[    0.131679] drivers/pci/probe.c 2048 pci_scan_device -- functionpoint -- dev_vendor: 8086, dev_device: a352
[    0.131683] drivers/pci/probe.c 1453 pci_setup_device -- functionpoint
[    0.131685] drivers/pci/probe.c 1242 set_pcie_port_type -- functionpoint
[    0.131697] pci 0000:00:17.0: [8086:a352] type 00 class 0x010601
[    0.131700] pci 0000:00:17.0: drivers/pci/probe.c 1482 pci_setup_device functionpoint -- [8086:a352] type 00 class 0x010601 multifunction 00
[    0.131715] drivers/pci/probe.c 1513 pci_setup_device  switch case PCI_HEADER_TYPE_NORMAL -- functionpoint
[    0.131729] pci 0000:00:17.0: reg 0x10: [mem 0xf1230000-0xf1231fff]
[    0.131742] pci 0000:00:17.0: reg 0x14: [mem 0xf1236000-0xf12360ff]
[    0.131753] pci 0000:00:17.0: reg 0x18: [io  0x4080-0x4087]
[    0.131764] pci 0000:00:17.0: reg 0x1c: [io  0x4090-0x4093]
[    0.131775] pci 0000:00:17.0: reg 0x20: [io  0x4060-0x407f]
[    0.131787] pci 0000:00:17.0: reg 0x24: [mem 0xf1235000-0xf12357ff]
[    0.131800] drivers/pci/probe.c 2145 pci_device_add -- functionpoint
[    0.131841] drivers/pci/pci.c 2409 pci_pm_init -- functionpoint
[    0.131851] pci 0000:00:17.0: drivers/pci/pci.c 2450 pci_pm_init --functionpoint-- supports
[    0.131855] pci 0000:00:17.0: PME# supported from D3hot
[    0.131856] pci 0000:00:17.0: drivers/pci/pci.c 2462 pci_pm_init --functionpoint-- PME# supported from D3hot
[    0.131862] pci 0000:00:17.0: drivers/pci/pci.c 1891 pci_pme_active --functionpoint-- PME# disabled
[    0.132928] drivers/pci/probe.c 2288 pci_scan_slot -- functionpoint -- fn = 0, devfn = 184, fn+devfn = 184
[    0.132931] drivers/pci/probe.c 2220 next_fn -- functionpoint
[    0.132931] drivers/pci/probe.c 2281 pci_scan_slot -- functionpoint
[    0.132933] drivers/pci/probe.c 2196 pci_scan_single_device -- functionpoint
[    0.132934] drivers/pci/search.c 206 pci_get_slot -- functionpoint
[    0.132936] drivers/pci/search.c 215 pci_get_slot return value is NULL -- functionpoint
[    0.132938] drivers/pci/probe.c 2035 pci_scan_device -- functionpoint
[    0.132940] drivers/pci/probe.c 2009 pci_bus_read_dev_vendor_id -- functionpoint
[    0.132951] drivers/pci/probe.c 2288 pci_scan_slot -- functionpoint -- fn = 0, devfn = 192, fn+devfn = 192
[    0.132955] drivers/pci/probe.c 2281 pci_scan_slot -- functionpoint
[    0.132955] drivers/pci/probe.c 2196 pci_scan_single_device -- functionpoint
[    0.132957] drivers/pci/search.c 206 pci_get_slot -- functionpoint
[    0.132959] drivers/pci/search.c 215 pci_get_slot return value is NULL -- functionpoint
[    0.132960] drivers/pci/probe.c 2035 pci_scan_device -- functionpoint
[    0.132962] drivers/pci/probe.c 2009 pci_bus_read_dev_vendor_id -- functionpoint
[    0.132977] drivers/pci/probe.c 2288 pci_scan_slot -- functionpoint -- fn = 0, devfn = 200, fn+devfn = 200
[    0.132980] drivers/pci/probe.c 2281 pci_scan_slot -- functionpoint
[    0.132981] drivers/pci/probe.c 2196 pci_scan_single_device -- functionpoint
[    0.132982] drivers/pci/search.c 206 pci_get_slot -- functionpoint
[    0.132984] drivers/pci/search.c 215 pci_get_slot return value is NULL -- functionpoint
[    0.132985] drivers/pci/probe.c 2035 pci_scan_device -- functionpoint
[    0.132987] drivers/pci/probe.c 2009 pci_bus_read_dev_vendor_id -- functionpoint
[    0.133000] drivers/pci/probe.c 2288 pci_scan_slot -- functionpoint -- fn = 0, devfn = 208, fn+devfn = 208
[    0.133004] drivers/pci/probe.c 2281 pci_scan_slot -- functionpoint
[    0.133004] drivers/pci/probe.c 2196 pci_scan_single_device -- functionpoint
[    0.133006] drivers/pci/search.c 206 pci_get_slot -- functionpoint
[    0.133007] drivers/pci/search.c 215 pci_get_slot return value is NULL -- functionpoint
[    0.133009] drivers/pci/probe.c 2035 pci_scan_device -- functionpoint
[    0.133011] drivers/pci/probe.c 2009 pci_bus_read_dev_vendor_id -- functionpoint
[    0.133018] drivers/pci/probe.c 2048 pci_scan_device -- functionpoint -- dev_vendor: 8086, dev_device: a32c
[    0.133021] drivers/pci/probe.c 1453 pci_setup_device -- functionpoint
[    0.133023] drivers/pci/probe.c 1242 set_pcie_port_type -- functionpoint
[    0.133032] drivers/pci/probe.c 1262 set_pcie_port_type --functionpoint-- root_port or pcie_bridge
[    0.133037] pci 0000:00:1b.0: [8086:a32c] type 01 class 0x060400
[    0.133040] pci 0000:00:1b.0: drivers/pci/probe.c 1482 pci_setup_device functionpoint -- [8086:a32c] type 01 class 0x060400 multifunction 01
[    0.133061] drivers/pci/probe.c 1566 pci_setup_device switch case PCI_HEADER_TYPE_BRIDGE -- functionpoint
[    0.133107] drivers/pci/probe.c 2145 pci_device_add -- functionpoint
[    0.133177] drivers/pci/pci.c 2409 pci_pm_init -- functionpoint
[    0.133190] pci 0000:00:1b.0: drivers/pci/pci.c 2450 pci_pm_init --functionpoint-- supports
[    0.133194] pci 0000:00:1b.0: PME# supported from D0 D3hot D3cold
[    0.133196] pci 0000:00:1b.0: drivers/pci/pci.c 2462 pci_pm_init --functionpoint-- PME# supported from D0 D3hot D3cold
[    0.133209] pci 0000:00:1b.0: drivers/pci/pci.c 1891 pci_pme_active --functionpoint-- PME# disabled
[    0.133241] pci 0000:00:1b.0: PTM enabled (root), 4dns granularity
[    0.134298] drivers/pci/probe.c 2288 pci_scan_slot -- functionpoint -- fn = 0, devfn = 216, fn+devfn = 216
[    0.134301] drivers/pci/probe.c 2220 next_fn -- functionpoint
[    0.134301] drivers/pci/probe.c 2196 pci_scan_single_device -- functionpoint
[    0.134303] drivers/pci/search.c 206 pci_get_slot -- functionpoint
[    0.134304] drivers/pci/search.c 215 pci_get_slot return value is NULL -- functionpoint
[    0.134306] drivers/pci/probe.c 2035 pci_scan_device -- functionpoint
[    0.134308] drivers/pci/probe.c 2009 pci_bus_read_dev_vendor_id -- functionpoint
[    0.134320] drivers/pci/probe.c 2298 pci_scan_slot -- functionpoint -- fn = 1, devfn = 216, fn+devfn = 217
[    0.134323] drivers/pci/probe.c 2220 next_fn -- functionpoint
[    0.134323] drivers/pci/probe.c 2196 pci_scan_single_device -- functionpoint
[    0.134325] drivers/pci/search.c 206 pci_get_slot -- functionpoint
[    0.134327] drivers/pci/search.c 215 pci_get_slot return value is NULL -- functionpoint
[    0.134328] drivers/pci/probe.c 2035 pci_scan_device -- functionpoint
[    0.134330] drivers/pci/probe.c 2009 pci_bus_read_dev_vendor_id -- functionpoint
[    0.134345] drivers/pci/probe.c 2298 pci_scan_slot -- functionpoint -- fn = 2, devfn = 216, fn+devfn = 218
[    0.134348] drivers/pci/probe.c 2220 next_fn -- functionpoint
[    0.134349] drivers/pci/probe.c 2196 pci_scan_single_device -- functionpoint
[    0.134350] drivers/pci/search.c 206 pci_get_slot -- functionpoint
[    0.134352] drivers/pci/search.c 215 pci_get_slot return value is NULL -- functionpoint
[    0.134353] drivers/pci/probe.c 2035 pci_scan_device -- functionpoint
[    0.134355] drivers/pci/probe.c 2009 pci_bus_read_dev_vendor_id -- functionpoint
[    0.134370] drivers/pci/probe.c 2298 pci_scan_slot -- functionpoint -- fn = 3, devfn = 216, fn+devfn = 219
[    0.134373] drivers/pci/probe.c 2220 next_fn -- functionpoint
[    0.134374] drivers/pci/probe.c 2196 pci_scan_single_device -- functionpoint
[    0.134375] drivers/pci/search.c 206 pci_get_slot -- functionpoint
[    0.134377] drivers/pci/search.c 215 pci_get_slot return value is NULL -- functionpoint
[    0.134378] drivers/pci/probe.c 2035 pci_scan_device -- functionpoint
[    0.134380] drivers/pci/probe.c 2009 pci_bus_read_dev_vendor_id -- functionpoint
[    0.134392] drivers/pci/probe.c 2298 pci_scan_slot -- functionpoint -- fn = 4, devfn = 216, fn+devfn = 220
[    0.134395] drivers/pci/probe.c 2220 next_fn -- functionpoint
[    0.134396] drivers/pci/probe.c 2196 pci_scan_single_device -- functionpoint
[    0.134397] drivers/pci/search.c 206 pci_get_slot -- functionpoint
[    0.134399] drivers/pci/search.c 215 pci_get_slot return value is NULL -- functionpoint
[    0.134400] drivers/pci/probe.c 2035 pci_scan_device -- functionpoint
[    0.134402] drivers/pci/probe.c 2009 pci_bus_read_dev_vendor_id -- functionpoint
[    0.134417] drivers/pci/probe.c 2298 pci_scan_slot -- functionpoint -- fn = 5, devfn = 216, fn+devfn = 221
[    0.134421] drivers/pci/probe.c 2220 next_fn -- functionpoint
[    0.134421] drivers/pci/probe.c 2196 pci_scan_single_device -- functionpoint
[    0.134423] drivers/pci/search.c 206 pci_get_slot -- functionpoint
[    0.134424] drivers/pci/search.c 215 pci_get_slot return value is NULL -- functionpoint
[    0.134426] drivers/pci/probe.c 2035 pci_scan_device -- functionpoint
[    0.134428] drivers/pci/probe.c 2009 pci_bus_read_dev_vendor_id -- functionpoint
[    0.134442] drivers/pci/probe.c 2298 pci_scan_slot -- functionpoint -- fn = 6, devfn = 216, fn+devfn = 222
[    0.134446] drivers/pci/probe.c 2220 next_fn -- functionpoint
[    0.134446] drivers/pci/probe.c 2196 pci_scan_single_device -- functionpoint
[    0.134448] drivers/pci/search.c 206 pci_get_slot -- functionpoint
[    0.134449] drivers/pci/search.c 215 pci_get_slot return value is NULL -- functionpoint
[    0.134451] drivers/pci/probe.c 2035 pci_scan_device -- functionpoint
[    0.134453] drivers/pci/probe.c 2009 pci_bus_read_dev_vendor_id -- functionpoint
[    0.134467] drivers/pci/probe.c 2298 pci_scan_slot -- functionpoint -- fn = 7, devfn = 216, fn+devfn = 223
[    0.134471] drivers/pci/probe.c 2220 next_fn -- functionpoint
[    0.134471] drivers/pci/probe.c 2281 pci_scan_slot -- functionpoint
[    0.134473] drivers/pci/probe.c 2196 pci_scan_single_device -- functionpoint
[    0.134474] drivers/pci/search.c 206 pci_get_slot -- functionpoint
[    0.134476] drivers/pci/search.c 215 pci_get_slot return value is NULL -- functionpoint
[    0.134478] drivers/pci/probe.c 2035 pci_scan_device -- functionpoint
[    0.134479] drivers/pci/probe.c 2009 pci_bus_read_dev_vendor_id -- functionpoint
[    0.134487] drivers/pci/probe.c 2048 pci_scan_device -- functionpoint -- dev_vendor: 8086, dev_device: a33e
[    0.134490] drivers/pci/probe.c 1453 pci_setup_device -- functionpoint
[    0.134492] drivers/pci/probe.c 1242 set_pcie_port_type -- functionpoint
[    0.134501] drivers/pci/probe.c 1262 set_pcie_port_type --functionpoint-- root_port or pcie_bridge
[    0.134507] pci 0000:00:1c.0: [8086:a33e] type 01 class 0x060400
[    0.134510] pci 0000:00:1c.0: drivers/pci/probe.c 1482 pci_setup_device functionpoint -- [8086:a33e] type 01 class 0x060400 multifunction 01
[    0.134530] drivers/pci/probe.c 1566 pci_setup_device switch case PCI_HEADER_TYPE_BRIDGE -- functionpoint
[    0.134576] drivers/pci/probe.c 2145 pci_device_add -- functionpoint
[    0.134646] drivers/pci/pci.c 2409 pci_pm_init -- functionpoint
[    0.134659] pci 0000:00:1c.0: drivers/pci/pci.c 2450 pci_pm_init --functionpoint-- supports
[    0.134663] pci 0000:00:1c.0: PME# supported from D0 D3hot D3cold
[    0.134664] pci 0000:00:1c.0: drivers/pci/pci.c 2462 pci_pm_init --functionpoint-- PME# supported from D0 D3hot D3cold
[    0.134677] pci 0000:00:1c.0: drivers/pci/pci.c 1891 pci_pme_active --functionpoint-- PME# disabled
[    0.134708] pci 0000:00:1c.0: PTM enabled (root), 4dns granularity
[    0.135761] drivers/pci/probe.c 2288 pci_scan_slot -- functionpoint -- fn = 0, devfn = 224, fn+devfn = 224
[    0.135764] drivers/pci/probe.c 2220 next_fn -- functionpoint
[    0.135764] drivers/pci/probe.c 2196 pci_scan_single_device -- functionpoint
[    0.135766] drivers/pci/search.c 206 pci_get_slot -- functionpoint
[    0.135767] drivers/pci/search.c 215 pci_get_slot return value is NULL -- functionpoint
[    0.135769] drivers/pci/probe.c 2035 pci_scan_device -- functionpoint
[    0.135771] drivers/pci/probe.c 2009 pci_bus_read_dev_vendor_id -- functionpoint
[    0.135783] drivers/pci/probe.c 2298 pci_scan_slot -- functionpoint -- fn = 1, devfn = 224, fn+devfn = 225
[    0.135786] drivers/pci/probe.c 2220 next_fn -- functionpoint
[    0.135786] drivers/pci/probe.c 2196 pci_scan_single_device -- functionpoint
[    0.135788] drivers/pci/search.c 206 pci_get_slot -- functionpoint
[    0.135790] drivers/pci/search.c 215 pci_get_slot return value is NULL -- functionpoint
[    0.135791] drivers/pci/probe.c 2035 pci_scan_device -- functionpoint
[    0.135793] drivers/pci/probe.c 2009 pci_bus_read_dev_vendor_id -- functionpoint
[    0.135807] drivers/pci/probe.c 2298 pci_scan_slot -- functionpoint -- fn = 2, devfn = 224, fn+devfn = 226
[    0.135810] drivers/pci/probe.c 2220 next_fn -- functionpoint
[    0.135810] drivers/pci/probe.c 2196 pci_scan_single_device -- functionpoint
[    0.135812] drivers/pci/search.c 206 pci_get_slot -- functionpoint
[    0.135814] drivers/pci/search.c 215 pci_get_slot return value is NULL -- functionpoint
[    0.135815] drivers/pci/probe.c 2035 pci_scan_device -- functionpoint
[    0.135817] drivers/pci/probe.c 2009 pci_bus_read_dev_vendor_id -- functionpoint
[    0.135832] drivers/pci/probe.c 2298 pci_scan_slot -- functionpoint -- fn = 3, devfn = 224, fn+devfn = 227
[    0.135835] drivers/pci/probe.c 2220 next_fn -- functionpoint
[    0.135836] drivers/pci/probe.c 2196 pci_scan_single_device -- functionpoint
[    0.135837] drivers/pci/search.c 206 pci_get_slot -- functionpoint
[    0.135839] drivers/pci/search.c 215 pci_get_slot return value is NULL -- functionpoint
[    0.135841] drivers/pci/probe.c 2035 pci_scan_device -- functionpoint
[    0.135842] drivers/pci/probe.c 2009 pci_bus_read_dev_vendor_id -- functionpoint
[    0.135857] drivers/pci/probe.c 2298 pci_scan_slot -- functionpoint -- fn = 4, devfn = 224, fn+devfn = 228
[    0.135860] drivers/pci/probe.c 2220 next_fn -- functionpoint
[    0.135861] drivers/pci/probe.c 2196 pci_scan_single_device -- functionpoint
[    0.135862] drivers/pci/search.c 206 pci_get_slot -- functionpoint
[    0.135864] drivers/pci/search.c 215 pci_get_slot return value is NULL -- functionpoint
[    0.135866] drivers/pci/probe.c 2035 pci_scan_device -- functionpoint
[    0.135868] drivers/pci/probe.c 2009 pci_bus_read_dev_vendor_id -- functionpoint
[    0.135882] drivers/pci/probe.c 2298 pci_scan_slot -- functionpoint -- fn = 5, devfn = 224, fn+devfn = 229
[    0.135885] drivers/pci/probe.c 2220 next_fn -- functionpoint
[    0.135886] drivers/pci/probe.c 2196 pci_scan_single_device -- functionpoint
[    0.135887] drivers/pci/search.c 206 pci_get_slot -- functionpoint
[    0.135889] drivers/pci/search.c 215 pci_get_slot return value is NULL -- functionpoint
[    0.135890] drivers/pci/probe.c 2035 pci_scan_device -- functionpoint
[    0.135892] drivers/pci/probe.c 2009 pci_bus_read_dev_vendor_id -- functionpoint
[    0.135907] drivers/pci/probe.c 2298 pci_scan_slot -- functionpoint -- fn = 6, devfn = 224, fn+devfn = 230
[    0.135910] drivers/pci/probe.c 2220 next_fn -- functionpoint
[    0.135911] drivers/pci/probe.c 2196 pci_scan_single_device -- functionpoint
[    0.135912] drivers/pci/search.c 206 pci_get_slot -- functionpoint
[    0.135914] drivers/pci/search.c 215 pci_get_slot return value is NULL -- functionpoint
[    0.135916] drivers/pci/probe.c 2035 pci_scan_device -- functionpoint
[    0.135917] drivers/pci/probe.c 2009 pci_bus_read_dev_vendor_id -- functionpoint
[    0.135929] drivers/pci/probe.c 2298 pci_scan_slot -- functionpoint -- fn = 7, devfn = 224, fn+devfn = 231
[    0.135932] drivers/pci/probe.c 2220 next_fn -- functionpoint
[    0.135932] drivers/pci/probe.c 2281 pci_scan_slot -- functionpoint
[    0.135934] drivers/pci/probe.c 2196 pci_scan_single_device -- functionpoint
[    0.135935] drivers/pci/search.c 206 pci_get_slot -- functionpoint
[    0.135937] drivers/pci/search.c 215 pci_get_slot return value is NULL -- functionpoint
[    0.135939] drivers/pci/probe.c 2035 pci_scan_device -- functionpoint
[    0.135941] drivers/pci/probe.c 2009 pci_bus_read_dev_vendor_id -- functionpoint
[    0.135952] drivers/pci/probe.c 2288 pci_scan_slot -- functionpoint -- fn = 0, devfn = 232, fn+devfn = 232
[    0.135956] drivers/pci/probe.c 2281 pci_scan_slot -- functionpoint
[    0.135956] drivers/pci/probe.c 2196 pci_scan_single_device -- functionpoint
[    0.135958] drivers/pci/search.c 206 pci_get_slot -- functionpoint
[    0.135959] drivers/pci/search.c 215 pci_get_slot return value is NULL -- functionpoint
[    0.135961] drivers/pci/probe.c 2035 pci_scan_device -- functionpoint
[    0.135963] drivers/pci/probe.c 2009 pci_bus_read_dev_vendor_id -- functionpoint
[    0.135972] drivers/pci/probe.c 2288 pci_scan_slot -- functionpoint -- fn = 0, devfn = 240, fn+devfn = 240
[    0.135976] drivers/pci/probe.c 2281 pci_scan_slot -- functionpoint
[    0.135976] drivers/pci/probe.c 2196 pci_scan_single_device -- functionpoint
[    0.135978] drivers/pci/search.c 206 pci_get_slot -- functionpoint
[    0.135979] drivers/pci/search.c 215 pci_get_slot return value is NULL -- functionpoint
[    0.135981] drivers/pci/probe.c 2035 pci_scan_device -- functionpoint
[    0.135983] drivers/pci/probe.c 2009 pci_bus_read_dev_vendor_id -- functionpoint
[    0.135998] drivers/pci/probe.c 2048 pci_scan_device -- functionpoint -- dev_vendor: 8086, dev_device: a306
[    0.136001] drivers/pci/probe.c 1453 pci_setup_device -- functionpoint
[    0.136003] drivers/pci/probe.c 1242 set_pcie_port_type -- functionpoint
[    0.136010] pci 0000:00:1f.0: [8086:a306] type 00 class 0x060100
[    0.136013] pci 0000:00:1f.0: drivers/pci/probe.c 1482 pci_setup_device functionpoint -- [8086:a306] type 00 class 0x060100 multifunction 01
[    0.136023] drivers/pci/probe.c 1513 pci_setup_device  switch case PCI_HEADER_TYPE_NORMAL -- functionpoint
[    0.136099] drivers/pci/probe.c 2145 pci_device_add -- functionpoint
[    0.136113] drivers/pci/pci.c 2409 pci_pm_init -- functionpoint
[    0.137119] drivers/pci/probe.c 2288 pci_scan_slot -- functionpoint -- fn = 0, devfn = 248, fn+devfn = 248
[    0.137123] drivers/pci/probe.c 2220 next_fn -- functionpoint
[    0.137123] drivers/pci/probe.c 2196 pci_scan_single_device -- functionpoint
[    0.137125] drivers/pci/search.c 206 pci_get_slot -- functionpoint
[    0.137127] drivers/pci/search.c 215 pci_get_slot return value is NULL -- functionpoint
[    0.137128] drivers/pci/probe.c 2035 pci_scan_device -- functionpoint
[    0.137130] drivers/pci/probe.c 2009 pci_bus_read_dev_vendor_id -- functionpoint
[    0.137142] drivers/pci/probe.c 2298 pci_scan_slot -- functionpoint -- fn = 1, devfn = 248, fn+devfn = 249
[    0.137145] drivers/pci/probe.c 2220 next_fn -- functionpoint
[    0.137146] drivers/pci/probe.c 2196 pci_scan_single_device -- functionpoint
[    0.137147] drivers/pci/search.c 206 pci_get_slot -- functionpoint
[    0.137149] drivers/pci/search.c 215 pci_get_slot return value is NULL -- functionpoint
[    0.137150] drivers/pci/probe.c 2035 pci_scan_device -- functionpoint
[    0.137152] drivers/pci/probe.c 2009 pci_bus_read_dev_vendor_id -- functionpoint
[    0.137167] drivers/pci/probe.c 2298 pci_scan_slot -- functionpoint -- fn = 2, devfn = 248, fn+devfn = 250
[    0.137170] drivers/pci/probe.c 2220 next_fn -- functionpoint
[    0.137171] drivers/pci/probe.c 2196 pci_scan_single_device -- functionpoint
[    0.137172] drivers/pci/search.c 206 pci_get_slot -- functionpoint
[    0.137174] drivers/pci/search.c 215 pci_get_slot return value is NULL -- functionpoint
[    0.137175] drivers/pci/probe.c 2035 pci_scan_device -- functionpoint
[    0.137177] drivers/pci/probe.c 2009 pci_bus_read_dev_vendor_id -- functionpoint
[    0.137187] drivers/pci/probe.c 2048 pci_scan_device -- functionpoint -- dev_vendor: 8086, dev_device: a348
[    0.137191] drivers/pci/probe.c 1453 pci_setup_device -- functionpoint
[    0.137194] drivers/pci/probe.c 1242 set_pcie_port_type -- functionpoint
[    0.137215] pci 0000:00:1f.3: [8086:a348] type 00 class 0x040300
[    0.137218] pci 0000:00:1f.3: drivers/pci/probe.c 1482 pci_setup_device functionpoint -- [8086:a348] type 00 class 0x040300 multifunction 00
[    0.137252] drivers/pci/probe.c 1513 pci_setup_device  switch case PCI_HEADER_TYPE_NORMAL -- functionpoint
[    0.137293] pci 0000:00:1f.3: reg 0x10: [mem 0x4000100000-0x4000103fff 64bit]
[    0.137359] pci 0000:00:1f.3: reg 0x20: [mem 0x4000000000-0x40000fffff 64bit]
[    0.137384] drivers/pci/probe.c 2145 pci_device_add -- functionpoint
[    0.137484] drivers/pci/pci.c 2409 pci_pm_init -- functionpoint
[    0.137499] pci 0000:00:1f.3: drivers/pci/pci.c 2450 pci_pm_init --functionpoint-- supports
[    0.137503] pci 0000:00:1f.3: PME# supported from D3hot D3cold
[    0.137504] pci 0000:00:1f.3: drivers/pci/pci.c 2462 pci_pm_init --functionpoint-- PME# supported from D3hot D3cold
[    0.137522] pci 0000:00:1f.3: drivers/pci/pci.c 1891 pci_pme_active --functionpoint-- PME# disabled
[    0.138630] drivers/pci/probe.c 2298 pci_scan_slot -- functionpoint -- fn = 3, devfn = 248, fn+devfn = 251
[    0.138633] drivers/pci/probe.c 2220 next_fn -- functionpoint
[    0.138633] drivers/pci/probe.c 2196 pci_scan_single_device -- functionpoint
[    0.138635] drivers/pci/search.c 206 pci_get_slot -- functionpoint
[    0.138637] drivers/pci/search.c 215 pci_get_slot return value is NULL -- functionpoint
[    0.138638] drivers/pci/probe.c 2035 pci_scan_device -- functionpoint
[    0.138640] drivers/pci/probe.c 2009 pci_bus_read_dev_vendor_id -- functionpoint
[    0.138653] drivers/pci/probe.c 2048 pci_scan_device -- functionpoint -- dev_vendor: 8086, dev_device: a323
[    0.138656] drivers/pci/probe.c 1453 pci_setup_device -- functionpoint
[    0.138664] drivers/pci/probe.c 1242 set_pcie_port_type -- functionpoint
[    0.138686] pci 0000:00:1f.4: [8086:a323] type 00 class 0x0c0500
[    0.138689] pci 0000:00:1f.4: drivers/pci/probe.c 1482 pci_setup_device functionpoint -- [8086:a323] type 00 class 0x0c0500 multifunction 00
[    0.138714] drivers/pci/probe.c 1513 pci_setup_device  switch case PCI_HEADER_TYPE_NORMAL -- functionpoint
[    0.138751] pci 0000:00:1f.4: reg 0x10: [mem 0x4000104000-0x40001040ff 64bit]
[    0.138814] pci 0000:00:1f.4: reg 0x20: [io  0xefa0-0xefbf]
[    0.138861] drivers/pci/probe.c 2145 pci_device_add -- functionpoint
[    0.138881] drivers/pci/pci.c 2409 pci_pm_init -- functionpoint
[    0.139897] drivers/pci/probe.c 2298 pci_scan_slot -- functionpoint -- fn = 4, devfn = 248, fn+devfn = 252
[    0.139900] drivers/pci/probe.c 2220 next_fn -- functionpoint
[    0.139901] drivers/pci/probe.c 2196 pci_scan_single_device -- functionpoint
[    0.139902] drivers/pci/search.c 206 pci_get_slot -- functionpoint
[    0.139904] drivers/pci/search.c 215 pci_get_slot return value is NULL -- functionpoint
[    0.139906] drivers/pci/probe.c 2035 pci_scan_device -- functionpoint
[    0.139907] drivers/pci/probe.c 2009 pci_bus_read_dev_vendor_id -- functionpoint
[    0.139918] drivers/pci/probe.c 2048 pci_scan_device -- functionpoint -- dev_vendor: 8086, dev_device: a324
[    0.139921] drivers/pci/probe.c 1453 pci_setup_device -- functionpoint
[    0.139923] drivers/pci/probe.c 1242 set_pcie_port_type -- functionpoint
[    0.139930] pci 0000:00:1f.5: [8086:a324] type 00 class 0x0c8000
[    0.139932] pci 0000:00:1f.5: drivers/pci/probe.c 1482 pci_setup_device functionpoint -- [8086:a324] type 00 class 0x0c8000 multifunction 00
[    0.139942] drivers/pci/probe.c 1513 pci_setup_device  switch case PCI_HEADER_TYPE_NORMAL -- functionpoint
[    0.139955] pci 0000:00:1f.5: reg 0x10: [mem 0xfe010000-0xfe010fff]
[    0.140021] drivers/pci/probe.c 2145 pci_device_add -- functionpoint
[    0.140035] drivers/pci/pci.c 2409 pci_pm_init -- functionpoint
[    0.141007] drivers/pci/probe.c 2298 pci_scan_slot -- functionpoint -- fn = 5, devfn = 248, fn+devfn = 253
[    0.141011] drivers/pci/probe.c 2220 next_fn -- functionpoint
[    0.141011] drivers/pci/probe.c 2196 pci_scan_single_device -- functionpoint
[    0.141013] drivers/pci/search.c 206 pci_get_slot -- functionpoint
[    0.141015] drivers/pci/search.c 215 pci_get_slot return value is NULL -- functionpoint
[    0.141016] drivers/pci/probe.c 2035 pci_scan_device -- functionpoint
[    0.141018] drivers/pci/probe.c 2009 pci_bus_read_dev_vendor_id -- functionpoint
[    0.141025] drivers/pci/probe.c 2048 pci_scan_device -- functionpoint -- dev_vendor: 8086, dev_device: 15bb
[    0.141029] drivers/pci/probe.c 1453 pci_setup_device -- functionpoint
[    0.141032] drivers/pci/probe.c 1242 set_pcie_port_type -- functionpoint
[    0.141050] pci 0000:00:1f.6: [8086:15bb] type 00 class 0x020000
[    0.141053] pci 0000:00:1f.6: drivers/pci/probe.c 1482 pci_setup_device functionpoint -- [8086:15bb] type 00 class 0x020000 multifunction 00
[    0.141068] drivers/pci/search.c 206 pci_get_slot -- functionpoint
[    0.141082] drivers/pci/probe.c 1513 pci_setup_device  switch case PCI_HEADER_TYPE_NORMAL -- functionpoint
[    0.141114] pci 0000:00:1f.6: reg 0x10: [mem 0xf1200000-0xf121ffff]
[    0.141262] drivers/pci/probe.c 2145 pci_device_add -- functionpoint
[    0.141339] drivers/pci/pci.c 2409 pci_pm_init -- functionpoint
[    0.141355] pci 0000:00:1f.6: drivers/pci/pci.c 2450 pci_pm_init --functionpoint-- supports
[    0.141359] pci 0000:00:1f.6: PME# supported from D0 D3hot D3cold
[    0.141360] pci 0000:00:1f.6: drivers/pci/pci.c 2462 pci_pm_init --functionpoint-- PME# supported from D0 D3hot D3cold
[    0.141376] pci 0000:00:1f.6: drivers/pci/pci.c 1891 pci_pme_active --functionpoint-- PME# disabled
[    0.142362] drivers/pci/probe.c 2298 pci_scan_slot -- functionpoint -- fn = 6, devfn = 248, fn+devfn = 254
[    0.142364] drivers/pci/probe.c 2220 next_fn -- functionpoint
[    0.142365] drivers/pci/probe.c 2196 pci_scan_single_device -- functionpoint
[    0.142366] drivers/pci/search.c 206 pci_get_slot -- functionpoint
[    0.142368] drivers/pci/search.c 215 pci_get_slot return value is NULL -- functionpoint
[    0.142370] drivers/pci/probe.c 2035 pci_scan_device -- functionpoint
[    0.142372] drivers/pci/probe.c 2009 pci_bus_read_dev_vendor_id -- functionpoint
[    0.142383] drivers/pci/probe.c 2298 pci_scan_slot -- functionpoint -- fn = 7, devfn = 248, fn+devfn = 255
[    0.142387] drivers/pci/probe.c 2220 next_fn -- functionpoint
[    0.142387] drivers/pci/probe.c 463 pci_read_bridge_bases -- functionpoint
[    0.142389] drivers/pci/probe.c 1002 pci_scan_bridge_extend -- functionpoint
[    0.142400] pci 0000:00:1b.0: drivers/pci/probe.c 1016 pci_scan_bridge_extend -- functionpoint -- scanning [bus 01-01] behind bridge, pass 0
[    0.142408] drivers/pci/search.c 144 pci_find_bus -- functionpoint
[    0.142408] drivers/pci/search.c 145 pci_find_bus functionpoint -- domain_num = 0, bus_num = 1
[    0.142412] drivers/pci/search.c 176 pci_find_next_bus -- functionpoint
[    0.142412] drivers/pci/search.c 176 pci_find_next_bus -- functionpoint
[    0.142414] drivers/pci/search.c 157 pci_find_bus not found bus -- functionpoint
[    0.142471] drivers/pci/probe.c 2009 pci_bus_read_dev_vendor_id -- functionpoint
[    0.142488] drivers/pci/probe.c 2497 pci_scan_child_bus_extend -- functionpoint
[    0.142490] pci_bus 0000:01: drivers/pci/probe.c 2501 pci_scan_child_bus_extend-- functionpoint -- scanning bus
[    0.142494] drivers/pci/probe.c 2281 pci_scan_slot -- functionpoint
[    0.142494] drivers/pci/probe.c 2196 pci_scan_single_device -- functionpoint
[    0.142496] drivers/pci/search.c 206 pci_get_slot -- functionpoint
[    0.142497] drivers/pci/search.c 215 pci_get_slot return value is NULL -- functionpoint
[    0.142499] drivers/pci/probe.c 2035 pci_scan_device -- functionpoint
[    0.142501] drivers/pci/probe.c 2009 pci_bus_read_dev_vendor_id -- functionpoint
[    0.142509] drivers/pci/probe.c 2048 pci_scan_device -- functionpoint -- dev_vendor: 1c5c, dev_device: 1339
[    0.142513] drivers/pci/probe.c 1453 pci_setup_device -- functionpoint
[    0.142514] drivers/pci/probe.c 1242 set_pcie_port_type -- functionpoint
[    0.142531] pci 0000:01:00.0: [1c5c:1339] type 00 class 0x010802
[    0.142534] pci 0000:01:00.0: drivers/pci/probe.c 1482 pci_setup_device functionpoint -- [1c5c:1339] type 00 class 0x010802 multifunction 00
[    0.142561] drivers/pci/probe.c 1513 pci_setup_device  switch case PCI_HEADER_TYPE_NORMAL -- functionpoint
[    0.142581] pci 0000:01:00.0: reg 0x10: [mem 0xf1100000-0xf1103fff 64bit]
[    0.142637] drivers/pci/probe.c 2145 pci_device_add -- functionpoint
[    0.142726] drivers/pci/pci.c 2409 pci_pm_init -- functionpoint
[    0.142735] pci 0000:01:00.0: supports D1
[    0.142737] pci 0000:01:00.0: drivers/pci/pci.c 2450 pci_pm_init --functionpoint-- supports D1
[    0.142740] pci 0000:01:00.0: PME# supported from D0 D1 D3hot
[    0.142741] pci 0000:01:00.0: drivers/pci/pci.c 2462 pci_pm_init --functionpoint-- PME# supported from D0 D1 D3hot
[    0.142753] pci 0000:01:00.0: drivers/pci/pci.c 1891 pci_pme_active --functionpoint-- PME# disabled
[    0.142847] drivers/pci/probe.c 2288 pci_scan_slot -- functionpoint -- fn = 0, devfn = 0, fn+devfn = 0
[    0.142849] drivers/pci/probe.c 2220 next_fn -- functionpoint
[    0.152072] drivers/pci/probe.c 2281 pci_scan_slot -- functionpoint
[    0.152074] drivers/pci/probe.c 2281 pci_scan_slot -- functionpoint
[    0.152076] drivers/pci/probe.c 2281 pci_scan_slot -- functionpoint
[    0.152077] drivers/pci/probe.c 2281 pci_scan_slot -- functionpoint
[    0.152079] drivers/pci/probe.c 2281 pci_scan_slot -- functionpoint
[    0.152080] drivers/pci/probe.c 2281 pci_scan_slot -- functionpoint
[    0.152082] drivers/pci/probe.c 2281 pci_scan_slot -- functionpoint
[    0.152083] drivers/pci/probe.c 2281 pci_scan_slot -- functionpoint
[    0.152085] drivers/pci/probe.c 2281 pci_scan_slot -- functionpoint
[    0.152086] drivers/pci/probe.c 2281 pci_scan_slot -- functionpoint
[    0.152088] drivers/pci/probe.c 2281 pci_scan_slot -- functionpoint
[    0.152089] drivers/pci/probe.c 2281 pci_scan_slot -- functionpoint
[    0.152091] drivers/pci/probe.c 2281 pci_scan_slot -- functionpoint
[    0.152092] drivers/pci/probe.c 2281 pci_scan_slot -- functionpoint
[    0.152094] drivers/pci/probe.c 2281 pci_scan_slot -- functionpoint
[    0.152095] drivers/pci/probe.c 2281 pci_scan_slot -- functionpoint
[    0.152097] drivers/pci/probe.c 2281 pci_scan_slot -- functionpoint
[    0.152098] drivers/pci/probe.c 2281 pci_scan_slot -- functionpoint
[    0.152100] drivers/pci/probe.c 2281 pci_scan_slot -- functionpoint
[    0.152101] drivers/pci/probe.c 2281 pci_scan_slot -- functionpoint
[    0.152103] drivers/pci/probe.c 2281 pci_scan_slot -- functionpoint
[    0.152104] drivers/pci/probe.c 2281 pci_scan_slot -- functionpoint
[    0.152106] drivers/pci/probe.c 2281 pci_scan_slot -- functionpoint
[    0.152108] drivers/pci/probe.c 2281 pci_scan_slot -- functionpoint
[    0.152109] drivers/pci/probe.c 2281 pci_scan_slot -- functionpoint
[    0.152111] drivers/pci/probe.c 2281 pci_scan_slot -- functionpoint
[    0.152112] drivers/pci/probe.c 2281 pci_scan_slot -- functionpoint
[    0.152114] drivers/pci/probe.c 2281 pci_scan_slot -- functionpoint
[    0.152115] drivers/pci/probe.c 2281 pci_scan_slot -- functionpoint
[    0.152117] drivers/pci/probe.c 2281 pci_scan_slot -- functionpoint
[    0.152118] drivers/pci/probe.c 2281 pci_scan_slot -- functionpoint
[    0.152120] drivers/pci/probe.c 463 pci_read_bridge_bases -- functionpoint
[    0.152122] pci 0000:00:1b.0: PCI bridge to [bus 01]
[    0.152135] pci 0000:00:1b.0:   bridge window [mem 0xf1100000-0xf11fffff]
[    0.152142] pci_bus 0000:01: drivers/pci/probe.c 2599 pci_scan_child_bus_extend -- functionpoint -- bus scan returning with max=01
[    0.152146] drivers/pci/probe.c 1002 pci_scan_bridge_extend -- functionpoint
[    0.152149] pci 0000:00:1c.0: drivers/pci/probe.c 1016 pci_scan_bridge_extend -- functionpoint -- scanning [bus 02-03] behind bridge, pass 0
[    0.152157] drivers/pci/search.c 144 pci_find_bus -- functionpoint
[    0.152158] drivers/pci/search.c 145 pci_find_bus functionpoint -- domain_num = 0, bus_num = 2
[    0.152161] drivers/pci/search.c 176 pci_find_next_bus -- functionpoint
