[    0.000000] microcode: microcode updated early to revision 0xde, date = 2020-05-24
[    0.000000] Linux version 4.15.9+ (root@Yee-680G4) (gcc version 5.5.0 20171010 (Ubuntu 5.5.0-12ubuntu1~16.04)) #56 SMP Tue Dec 29 16:06:05 CST 2020
[    0.000000] Command line: BOOT_IMAGE=/boot/vmlinuz-4.15.9+ root=UUID=da0e40f1-3840-43a9-b61a-7b465a7673d3 ro quiet splash vt.handoff=7
[    0.000000] KERNEL supported cpus:
[    0.000000]   Intel GenuineIntel
[    0.000000]   AMD AuthenticAMD
[    0.000000]   Centaur CentaurHauls
[    0.000000] x86/fpu: Supporting XSAVE feature 0x001: 'x87 floating point registers'
[    0.000000] x86/fpu: Supporting XSAVE feature 0x002: 'SSE registers'
[    0.000000] x86/fpu: Supporting XSAVE feature 0x004: 'AVX registers'
[    0.000000] x86/fpu: Supporting XSAVE feature 0x008: 'MPX bounds registers'
[    0.000000] x86/fpu: Supporting XSAVE feature 0x010: 'MPX CSR'
[    0.000000] x86/fpu: xstate_offset[2]:  576, xstate_sizes[2]:  256
[    0.000000] x86/fpu: xstate_offset[3]:  832, xstate_sizes[3]:   64
[    0.000000] x86/fpu: xstate_offset[4]:  896, xstate_sizes[4]:   64
[    0.000000] x86/fpu: Enabled xstate features 0x1f, context size is 960 bytes, using 'compacted' format.
[    0.000000] e820: BIOS-provided physical RAM map:
[    0.000000] BIOS-e820: [mem 0x0000000000000000-0x000000000009efff] usable
[    0.000000] BIOS-e820: [mem 0x000000000009f000-0x00000000000fffff] reserved
[    0.000000] BIOS-e820: [mem 0x0000000000100000-0x00000000be6aafff] usable
[    0.000000] BIOS-e820: [mem 0x00000000be6ab000-0x00000000bf98efff] reserved
[    0.000000] BIOS-e820: [mem 0x00000000bf98f000-0x00000000bfb8efff] ACPI NVS
[    0.000000] BIOS-e820: [mem 0x00000000bfb8f000-0x00000000bfc0efff] ACPI data
[    0.000000] BIOS-e820: [mem 0x00000000bfc0f000-0x00000000bfc0ffff] usable
[    0.000000] BIOS-e820: [mem 0x00000000bfc10000-0x00000000d47fffff] reserved
[    0.000000] BIOS-e820: [mem 0x00000000fe010000-0x00000000fe010fff] reserved
[    0.000000] BIOS-e820: [mem 0x00000000ff000000-0x00000000ffffffff] reserved
[    0.000000] BIOS-e820: [mem 0x0000000100000000-0x00000004277fffff] usable
[    0.000000] NX (Execute Disable) protection: active
[    0.000000] efi: EFI v2.60 by HP
[    0.000000] efi:  ACPI=0xbfc0e000  ACPI 2.0=0xbfc0e014  SMBIOS=0xbee75000  ESRT=0xbee76018  MEMATTR=0xaf74f018 
[    0.000000] random: fast init done
[    0.000000] SMBIOS 3.1 present.
[    0.000000] DMI: HP HP ProDesk 680 G4 MT/8580, BIOS R04 Ver. 02.11.01 04/27/2020
[    0.000000] e820: update [mem 0x00000000-0x00000fff] usable ==> reserved
[    0.000000] e820: remove [mem 0x000a0000-0x000fffff] usable
[    0.000000] e820: last_pfn = 0x427800 max_arch_pfn = 0x400000000
[    0.000000] MTRR default type: write-back
[    0.000000] MTRR fixed ranges enabled:
[    0.000000]   00000-9FFFF write-back
[    0.000000]   A0000-BFFFF uncachable
[    0.000000]   C0000-FFFFF write-protect
[    0.000000] MTRR variable ranges enabled:
[    0.000000]   0 base 00E0000000 mask 7FE0000000 uncachable
[    0.000000]   1 base 00D0000000 mask 7FF0000000 uncachable
[    0.000000]   2 base 00C8000000 mask 7FF8000000 uncachable
[    0.000000]   3 base 00C4000000 mask 7FFC000000 uncachable
[    0.000000]   4 base 2000000000 mask 6000000000 uncachable
[    0.000000]   5 base 1000000000 mask 7000000000 uncachable
[    0.000000]   6 base 0800000000 mask 7800000000 uncachable
[    0.000000]   7 base 4000000000 mask 4000000000 uncachable
[    0.000000]   8 disabled
[    0.000000]   9 disabled
[    0.000000] x86/PAT: Configuration [0-7]: WB  WC  UC- UC  WB  WP  UC- WT  
[    0.000000] e820: last_pfn = 0xbfc10 max_arch_pfn = 0x400000000
[    0.000000] esrt: Reserving ESRT space from 0x00000000bee76018 to 0x00000000bee76050.
[    0.000000] Scanning 1 areas for low memory corruption
[    0.000000] Base memory trampoline at [        (ptrval)] 99000 size 24576
[    0.000000] Using GB pages for direct mapping
[    0.000000] BRK [0x39d9fa000, 0x39d9fafff] PGTABLE
[    0.000000] BRK [0x39d9fb000, 0x39d9fbfff] PGTABLE
[    0.000000] BRK [0x39d9fc000, 0x39d9fcfff] PGTABLE
[    0.000000] BRK [0x39d9fd000, 0x39d9fdfff] PGTABLE
[    0.000000] BRK [0x39d9fe000, 0x39d9fefff] PGTABLE
[    0.000000] BRK [0x39d9ff000, 0x39d9fffff] PGTABLE
[    0.000000] BRK [0x39da00000, 0x39da00fff] PGTABLE
[    0.000000] BRK [0x39da01000, 0x39da01fff] PGTABLE
[    0.000000] Secure boot could not be determined
[    0.000000] RAMDISK: [mem 0x232b8000-0x3e1b0fff]
[    0.000000] ACPI: Early table checksum verification disabled
[    0.000000] ACPI: RSDP 0x00000000BFC0E014 000024 (v02 HPQOEM)
[    0.000000] ACPI: XSDT 0x00000000BFBC7188 0000DC (v01 HPQOEM SLIC-BPC 00000000 INTL 20160422)
[    0.000000] ACPI: FACP 0x00000000BFC08000 000114 (v06 HPQOEM SLIC-BPC 00000000 HP   00000001)
[    0.000000] ACPI: DSDT 0x00000000BFBE5000 01E092 (v02 HPQOEM 8580     00000000 INTL 20160527)
[    0.000000] ACPI: FACS 0x00000000BFB3F000 000040
[    0.000000] ACPI: SSDT 0x00000000BFC0C000 00012A (v02 HP     ShmTable 00000001 INTL 20160527)
[    0.000000] ACPI: SSDT 0x00000000BFC0A000 001B5F (v02 CpuRef CpuSsdt  00003000 INTL 20160527)
[    0.000000] ACPI: SSDT 0x00000000BFC09000 0009CF (v02 CtdpB  CtdpB    00001000 INTL 20160527)
[    0.000000] ACPI: HPET 0x00000000BFC07000 000038 (v01 HPQOEM 8580     00000001 HP   00000001)
[    0.000000] ACPI: APIC 0x00000000BFC06000 00012C (v03 HPQOEM 8580     00000001 HP   00000001)
[    0.000000] ACPI: MCFG 0x00000000BFC05000 00003C (v01 HPQOEM 8580     00000001 HP   00000001)
[    0.000000] ACPI: WSMT 0x00000000BFC04000 000028 (v01 HPQOEM 8580     00000001 HP   00000001)
[    0.000000] ACPI: SSDT 0x00000000BFBE4000 000734 (v01 HPQOEM PtidDevc 00001000 INTL 20160527)
[    0.000000] ACPI: SSDT 0x00000000BFBE3000 000B27 (v02 HPQOEM HP_XHC_P 00000000 INTL 20160527)
[    0.000000] ACPI: SSDT 0x00000000BFBDF000 0030ED (v02 SaSsdt SaSsdt   00003000 INTL 20160527)
[    0.000000] ACPI: LPIT 0x00000000BFBDE000 000094 (v01 INTEL  CFL      20170001 INTL 20160422)
[    0.000000] ACPI: WSMT 0x00000000BFBDD000 000028 (v01 INTEL  CFL      20170001 INTL 20160422)
[    0.000000] ACPI: SSDT 0x00000000BFBDC000 00044C (v02 INTEL  Wwan     00000001 INTL 20160527)
[    0.000000] ACPI: UEFI 0x00000000BFB39000 000042 (v01 INTEL  CFL      20170001 INTL 20160422)
[    0.000000] ACPI: OEML 0x00000000BFBDB000 000028 (v03 INTEL  CFL      20170001 INTL 20160422)
[    0.000000] ACPI: DMAR 0x00000000BFBDA000 0000C8 (v01 INTEL  CFL      00000002      01000013)
[    0.000000] ACPI: SSDT 0x00000000BFBCB000 00E899 (v01 HP     HPINDTWL 00001000 INTL 20160527)
[    0.000000] ACPI: SSDT 0x00000000BFBCA000 000032 (v01 HP     HPCONDEV 00001000 INTL 20160527)
[    0.000000] ACPI: SSDT 0x00000000BFBC9000 000069 (v01 HP     HPCAHWID 00001000 INTL 20160527)
[    0.000000] ACPI: ASF! 0x00000000BFBC8000 0000A0 (v32 HPQOEM  UYA     20170001 INTL 20160422)
[    0.000000] ACPI: FPDT 0x00000000BFC0D000 000044 (v01 INTEL  CFL      20170001 INTL 20160422)
[    0.000000] ACPI: BGRT 0x00000000BFBC6000 000038 (v01 INTEL  CFL      20170001 INTL 20160422)
[    0.000000] ACPI: Local APIC address 0xfee00000
[    0.000000] No NUMA configuration found
[    0.000000] Faking a node at [mem 0x0000000000000000-0x00000004277fffff]
[    0.000000] NODE_DATA(0) allocated [mem 0x4277d5000-0x4277fffff]
[    0.000000] Zone ranges:
[    0.000000]   DMA      [mem 0x0000000000001000-0x0000000000ffffff]
[    0.000000]   DMA32    [mem 0x0000000001000000-0x00000000ffffffff]
[    0.000000]   Normal   [mem 0x0000000100000000-0x00000004277fffff]
[    0.000000]   Device   empty
[    0.000000] Movable zone start for each node
[    0.000000] Early memory node ranges
[    0.000000]   node   0: [mem 0x0000000000001000-0x000000000009efff]
[    0.000000]   node   0: [mem 0x0000000000100000-0x00000000be6aafff]
[    0.000000]   node   0: [mem 0x00000000bfc0f000-0x00000000bfc0ffff]
[    0.000000]   node   0: [mem 0x0000000100000000-0x00000004277fffff]
[    0.000000] Initmem setup node 0 [mem 0x0000000000001000-0x00000004277fffff]
[    0.000000] On node 0 totalpages: 4087370
[    0.000000]   DMA zone: 64 pages used for memmap
[    0.000000]   DMA zone: 21 pages reserved
[    0.000000]   DMA zone: 3998 pages, LIFO batch:0
[    0.000000]   DMA32 zone: 12123 pages used for memmap
[    0.000000]   DMA32 zone: 775852 pages, LIFO batch:31
[    0.000000]   Normal zone: 51680 pages used for memmap
[    0.000000]   Normal zone: 3307520 pages, LIFO batch:31
[    0.000000] Reserved but unavailable: 99 pages
[    0.000000] tboot: non-0 tboot_addr but it is not of type E820_TYPE_RESERVED
[    0.000000] ACPI: PM-Timer IO Port: 0x1808
[    0.000000] ACPI: Local APIC address 0xfee00000
[    0.000000] ACPI: LAPIC_NMI (acpi_id[0x01] high edge lint[0x1])
[    0.000000] ACPI: LAPIC_NMI (acpi_id[0x02] high edge lint[0x1])
[    0.000000] ACPI: LAPIC_NMI (acpi_id[0x03] high edge lint[0x1])
[    0.000000] ACPI: LAPIC_NMI (acpi_id[0x04] high edge lint[0x1])
[    0.000000] ACPI: LAPIC_NMI (acpi_id[0x05] high edge lint[0x1])
[    0.000000] ACPI: LAPIC_NMI (acpi_id[0x06] high edge lint[0x1])
[    0.000000] ACPI: LAPIC_NMI (acpi_id[0x07] high edge lint[0x1])
[    0.000000] ACPI: LAPIC_NMI (acpi_id[0x08] high edge lint[0x1])
[    0.000000] ACPI: LAPIC_NMI (acpi_id[0x09] high edge lint[0x1])
[    0.000000] ACPI: LAPIC_NMI (acpi_id[0x0a] high edge lint[0x1])
[    0.000000] ACPI: LAPIC_NMI (acpi_id[0x0b] high edge lint[0x1])
[    0.000000] ACPI: LAPIC_NMI (acpi_id[0x0c] high edge lint[0x1])
[    0.000000] ACPI: LAPIC_NMI (acpi_id[0x0d] high edge lint[0x1])
[    0.000000] ACPI: LAPIC_NMI (acpi_id[0x0e] high edge lint[0x1])
[    0.000000] ACPI: LAPIC_NMI (acpi_id[0x0f] high edge lint[0x1])
[    0.000000] ACPI: LAPIC_NMI (acpi_id[0x10] high edge lint[0x1])
[    0.000000] IOAPIC[0]: apic_id 2, version 32, address 0xfec00000, GSI 0-119
[    0.000000] ACPI: INT_SRC_OVR (bus 0 bus_irq 0 global_irq 2 dfl dfl)
[    0.000000] ACPI: INT_SRC_OVR (bus 0 bus_irq 9 global_irq 9 high level)
[    0.000000] ACPI: IRQ0 used by override.
[    0.000000] ACPI: IRQ9 used by override.
[    0.000000] Using ACPI (MADT) for SMP configuration information
[    0.000000] ACPI: HPET id: 0x8086a201 base: 0xfed00000
[    0.000000] smpboot: Allowing 8 CPUs, 0 hotplug CPUs
[    0.000000] PM: Registered nosave memory: [mem 0x00000000-0x00000fff]
[    0.000000] PM: Registered nosave memory: [mem 0x0009f000-0x000fffff]
[    0.000000] PM: Registered nosave memory: [mem 0xbe6ab000-0xbf98efff]
[    0.000000] PM: Registered nosave memory: [mem 0xbf98f000-0xbfb8efff]
[    0.000000] PM: Registered nosave memory: [mem 0xbfb8f000-0xbfc0efff]
[    0.000000] PM: Registered nosave memory: [mem 0xbfc10000-0xd47fffff]
[    0.000000] PM: Registered nosave memory: [mem 0xd4800000-0xfe00ffff]
[    0.000000] PM: Registered nosave memory: [mem 0xfe010000-0xfe010fff]
[    0.000000] PM: Registered nosave memory: [mem 0xfe011000-0xfeffffff]
[    0.000000] PM: Registered nosave memory: [mem 0xff000000-0xffffffff]
[    0.000000] e820: [mem 0xd4800000-0xfe00ffff] available for PCI devices
[    0.000000] Booting paravirtualized kernel on bare hardware
[    0.000000] clocksource: refined-jiffies: mask: 0xffffffff max_cycles: 0xffffffff, max_idle_ns: 7645519600211568 ns
[    0.000000] setup_percpu: NR_CPUS:8192 nr_cpumask_bits:8 nr_cpu_ids:8 nr_node_ids:1
[    0.000000] percpu: Embedded 46 pages/cpu @        (ptrval) s151552 r8192 d28672 u262144
[    0.000000] pcpu-alloc: s151552 r8192 d28672 u262144 alloc=1*2097152
[    0.000000] pcpu-alloc: [0] 0 1 2 3 4 5 6 7 
[    0.000000] Built 1 zonelists, mobility grouping on.  Total pages: 4023482
[    0.000000] Policy zone: Normal
[    0.000000] Kernel command line: BOOT_IMAGE=/boot/vmlinuz-4.15.9+ root=UUID=da0e40f1-3840-43a9-b61a-7b465a7673d3 ro quiet splash vt.handoff=7
[    0.000000] Calgary: detecting Calgary via BIOS EBDA area
[    0.000000] Calgary: Unable to locate Rio Grande table in EBDA - bailing!
[    0.000000] Memory: 15452592K/16349480K available (12300K kernel code, 2470K rwdata, 4200K rodata, 2388K init, 3184K bss, 896888K reserved, 0K cma-reserved)
[    0.000000] SLUB: HWalign=64, Order=0-3, MinObjects=0, CPUs=8, Nodes=1
[    0.000000] ftrace: allocating 38976 entries in 153 pages
[    0.000000] Hierarchical RCU implementation.
[    0.000000] 	RCU restricting CPUs from NR_CPUS=8192 to nr_cpu_ids=8.
[    0.000000] 	Tasks RCU enabled.
[    0.000000] RCU: Adjusting geometry for rcu_fanout_leaf=16, nr_cpu_ids=8
[    0.000000] kernel/irq/irqdesc.c 486 early_irq_init -- functionpoint
[    0.000000] NR_IRQS: 524544, nr_irqs: 2048, preallocated irqs: 16
[    0.000000] kernel/irq/irqdesc.c 493 early_irq_init -- functionpoint -- NR_IRQS: 524544, nr_irqs: 2048, preallocated irqs: 16
[    0.000000] arch/x86/kernel/apic/vector.c 690 arch_early_irq_init -- functionpoint
[    0.000000] drivers/pci/msi.c 1437 pci_msi_create_irq_domain -- functionpoint
[    0.000000] kernel/irq/msi.c 272 msi_create_irq_domain -- functionpoint
[    0.000000] arch/x86/kernel/apic/msi.c 148 arch_init_msi_domain -- functionpoint -- successed to init irqdomain for MSI/MSI-X.
[    0.000000] Console: colour dummy device 80x25
[    0.000000] console [tty0] enabled
[    0.000000] drivers/acpi/bus.c 1019 acpi_early_init -- functionpoint
[    0.000000] ACPI: Core revision 20170831
[    0.000000] ACPI Error: [\_SB_.PCI0.XHC_.RHUB.HS11] Namespace lookup failure, AE_NOT_FOUND (20170831/dswload-210)
[    0.000000] ACPI Exception: AE_NOT_FOUND, During name lookup/catalog (20170831/psobject-252)
[    0.000000] ACPI Exception: AE_NOT_FOUND, (SSDT:HP_XHC_P) while loading table (20170831/tbxfload-228)
[    0.000000] ACPI Error: 1 table load failures, 10 successful (20170831/tbxfload-246)
[    0.000000] clocksource: hpet: mask: 0xffffffff max_cycles: 0xffffffff, max_idle_ns: 79635855245 ns
[    0.000000] hpet clockevent registered
[    0.004000] APIC: Switch to symmetric I/O mode setup
[    0.004000] DMAR: Host address width 39
[    0.004000] DMAR: DRHD base: 0x000000fed90000 flags: 0x0
[    0.004000] DMAR: dmar0: reg_base_addr fed90000 ver 1:0 cap 1c0000c40660462 ecap 19e2ff0505e
[    0.004000] DMAR: DRHD base: 0x000000fed91000 flags: 0x1
[    0.004000] DMAR: dmar1: reg_base_addr fed91000 ver 1:0 cap d2008c40660462 ecap f050da
[    0.004000] DMAR: RMRR base: 0x000000bf81d000 end: 0x000000bf83cfff
[    0.004000] DMAR: RMRR base: 0x000000c4000000 end: 0x000000d47fffff
[    0.004000] DMAR: RMRR base: 0x000000bf86e000 end: 0x000000bf8edfff
[    0.004000] DMAR-IR: IOAPIC id 2 under DRHD base  0xfed91000 IOMMU 1
[    0.004000] DMAR-IR: HPET id 0 under DRHD base 0xfed91000
[    0.004000] DMAR-IR: Queued invalidation will be enabled to support x2apic and Intr-remapping.
[    0.004000] drivers/pci/msi.c 1437 pci_msi_create_irq_domain -- functionpoint
[    0.004000] kernel/irq/msi.c 272 msi_create_irq_domain -- functionpoint
[    0.004000] drivers/pci/msi.c 1437 pci_msi_create_irq_domain -- functionpoint
[    0.004000] kernel/irq/msi.c 272 msi_create_irq_domain -- functionpoint
[    0.004000] DMAR-IR: Enabled IRQ remapping in x2apic mode
[    0.004000] x2apic enabled
[    0.004000] Switched APIC routing to cluster x2apic.
[    0.016000] kernel/irq/msi.c 272 msi_create_irq_domain -- functionpoint
[    0.016000] kernel/irq/manage.c 1748 request_threaded_irq -- functionpoint
[    0.016000] kernel/irq/manage.c 1748 request_threaded_irq -- functionpoint
[    0.016000] ..TIMER: vector=0x30 apic1=0 pin1=2 apic2=-1 pin2=-1
[    0.036000] tsc: Detected 3000.000 MHz processor
[    0.036000] Calibrating delay loop (skipped), value calculated using timer frequency.. 6000.00 BogoMIPS (lpj=12000000)
[    0.036000] pid_max: default: 32768 minimum: 301
[    0.036000] Security Framework initialized
[    0.036000] Yama: becoming mindful.
[    0.036000] AppArmor: AppArmor initialized
[    0.036000] Dentry cache hash table entries: 2097152 (order: 12, 16777216 bytes)
[    0.036000] Inode-cache hash table entries: 1048576 (order: 11, 8388608 bytes)
[    0.036000] Mount-cache hash table entries: 32768 (order: 6, 262144 bytes)
[    0.036000] Mountpoint-cache hash table entries: 32768 (order: 6, 262144 bytes)
[    0.036000] CPU: Physical Processor ID: 0
[    0.036000] CPU: Processor Core ID: 0
[    0.036000] ENERGY_PERF_BIAS: Set to 'normal', was 'performance'
[    0.036000] ENERGY_PERF_BIAS: View and update with x86_energy_perf_policy(8)
[    0.036000] mce: CPU supports 14 MCE banks
[    0.036000] CPU0: Thermal monitoring enabled (TM1)
[    0.036000] process: using mwait in idle threads
[    0.036000] Last level iTLB entries: 4KB 128, 2MB 8, 4MB 8
[    0.036000] Last level dTLB entries: 4KB 64, 2MB 0, 4MB 0, 1GB 4
[    0.036000] Spectre V2 : Mitigation: Full generic retpoline
[    0.036000] Spectre V2 : Spectre v2 mitigation: Filling RSB on context switch
[    0.036000] Spectre V2 : Spectre v2 mitigation: Enabling Indirect Branch Prediction Barrier
[    0.036000] Freeing SMP alternatives memory: 36K
[    0.042785] TSC deadline timer enabled
[    0.042797] smpboot: CPU0: Intel(R) Core(TM) i7-9700 CPU @ 3.00GHz (family: 0x6, model: 0x9e, stepping: 0xd)
[    0.042849] Performance Events: PEBS fmt3+, Skylake events, 32-deep LBR, full-width counters, Intel PMU driver.
[    0.042877] ... version:                4
[    0.042878] ... bit width:              48
[    0.042878] ... generic registers:      8
[    0.042879] ... value mask:             0000ffffffffffff
[    0.042879] ... max period:             00007fffffffffff
[    0.042880] ... fixed-purpose events:   3
[    0.042880] ... event mask:             00000007000000ff
[    0.042910] Hierarchical SRCU implementation.
[    0.043846] NMI watchdog: Enabled. Permanently consumes one hw-PMU counter.
[    0.043857] smp: Bringing up secondary CPUs ...
[    0.043917] x86: Booting SMP configuration:
[    0.043918] .... node  #0, CPUs:      #1 #2 #3 #4 #5 #6 #7
[    0.053461] smp: Brought up 1 node, 8 CPUs
[    0.053461] smpboot: Max logical packages: 1
[    0.053461] smpboot: Total of 8 processors activated (48000.00 BogoMIPS)
[    0.056287] devtmpfs: initialized
[    0.056287] x86/mm: Memory block size: 128MB
[    0.057022] evm: security.selinux
[    0.057022] evm: security.SMACK64
[    0.057023] evm: security.SMACK64EXEC
[    0.057023] evm: security.SMACK64TRANSMUTE
[    0.057023] evm: security.SMACK64MMAP
[    0.057024] evm: security.apparmor
[    0.057024] evm: security.ima
[    0.057024] evm: security.capability
[    0.057037] PM: Registering ACPI NVS region [mem 0xbf98f000-0xbfb8efff] (2097152 bytes)
[    0.057037] clocksource: jiffies: mask: 0xffffffff max_cycles: 0xffffffff, max_idle_ns: 7645041785100000 ns
[    0.057037] futex hash table entries: 2048 (order: 5, 131072 bytes)
[    0.057037] pinctrl core: initialized pinctrl subsystem
[    0.057037] drivers/base/bus.c 153 driver_register -- functionpoint
[    0.057037] drivers/base/bus.c 642 bus_add_driver -- functionpoint
[    0.057037] drivers/base/bus.c 649 bus_add_driver -- functionpoint -- bus: 'platform': add driver reg-dummy
[    0.057037] drivers/base/dd.c 369 really_probe -- functionpoint
[    0.057037] drivers/base/dd.c 392 really_probe -- functionpoint -- bus: 'platform': really_probe: probing driver reg-dummy with device reg-dummy
[    0.057037] drivers/base/dd.c 435 really_probe -- if drv->probe use drv->probe(dev) -- functionpoint
[    0.057037] RTC time:  8:10:56, date: 12/29/20
[    0.057037] NET: Registered protocol family 16
[    0.057037] audit: initializing netlink subsys (disabled)
[    0.057037] audit: type=2000 audit(1609229456.056:1): state=initialized audit_enabled=0 res=1
[    0.057037] drivers/base/bus.c 153 driver_register -- functionpoint
[    0.057037] drivers/base/bus.c 642 bus_add_driver -- functionpoint
[    0.057037] drivers/base/bus.c 649 bus_add_driver -- functionpoint -- bus: 'platform': add driver sram
[    0.057037] drivers/base/bus.c 153 driver_register -- functionpoint
[    0.057037] drivers/base/bus.c 642 bus_add_driver -- functionpoint
[    0.057037] drivers/base/bus.c 649 bus_add_driver -- functionpoint -- bus: 'platform': add driver syscon
[    0.057037] drivers/base/bus.c 153 driver_register -- functionpoint
[    0.057037] drivers/base/bus.c 642 bus_add_driver -- functionpoint
[    0.057037] drivers/base/bus.c 649 bus_add_driver -- functionpoint -- bus: 'i2c': add driver dummy
[    0.057037] cpuidle: using governor ladder
[    0.057037] cpuidle: using governor menu
[    0.057037] ACPI FADT declares the system doesn't support PCIe ASPM, so disable it
[    0.057037] ACPI: bus type PCI registered
[    0.057037] acpiphp: ACPI Hot Plug PCI Controller Driver version: 0.5
[    0.057037] arch/x86/pci/init.c 11 start pci_arch_init -- functionpoint
[    0.057037] PCI: MMCONFIG for domain 0000 [bus 00-3f] at [mem 0xf8000000-0xfbffffff] (base 0xf8000000)
[    0.057037] PCI: not using MMCONFIG
[    0.057037] PCI: Using configuration type 1 for base access
[    0.057037] arch/x86/pci/init.c 44 end pci_arch_init -- functionpoint
[    0.057125] HugeTLB registered 1.00 GiB page size, pre-allocated 0 pages
[    0.057125] HugeTLB registered 2.00 MiB page size, pre-allocated 0 pages
[    0.057126] drivers/base/bus.c 153 driver_register -- functionpoint
[    0.057126] drivers/base/bus.c 642 bus_add_driver -- functionpoint
[    0.057126] drivers/base/bus.c 649 bus_add_driver -- functionpoint -- bus: 'i2c': add driver sx150x-pinctrl
[    0.057126] drivers/base/bus.c 153 driver_register -- functionpoint
[    0.057126] drivers/base/bus.c 642 bus_add_driver -- functionpoint
[    0.057126] drivers/base/bus.c 649 bus_add_driver -- functionpoint -- bus: 'platform': add driver byt_gpio
[    0.057126] drivers/base/bus.c 153 driver_register -- functionpoint
[    0.057126] drivers/base/bus.c 642 bus_add_driver -- functionpoint
[    0.057126] drivers/base/bus.c 649 bus_add_driver -- functionpoint -- bus: 'platform': add driver cherryview-pinctrl
[    0.057126] drivers/base/bus.c 153 driver_register -- functionpoint
[    0.057126] drivers/base/bus.c 642 bus_add_driver -- functionpoint
[    0.057126] drivers/base/bus.c 649 bus_add_driver -- functionpoint -- bus: 'platform': add driver lp_gpio
[    0.057126] drivers/base/bus.c 153 driver_register -- functionpoint
[    0.057126] drivers/base/bus.c 642 bus_add_driver -- functionpoint
[    0.057126] drivers/base/bus.c 649 bus_add_driver -- functionpoint -- bus: 'platform': add driver rc5t583-gpio
[    0.057126] drivers/base/bus.c 153 driver_register -- functionpoint
[    0.057126] drivers/base/bus.c 642 bus_add_driver -- functionpoint
[    0.057126] drivers/base/bus.c 649 bus_add_driver -- functionpoint -- bus: 'platform': add driver palmas-gpio
[    0.057126] drivers/base/bus.c 153 driver_register -- functionpoint
[    0.057126] drivers/base/bus.c 642 bus_add_driver -- functionpoint
[    0.057126] drivers/base/bus.c 649 bus_add_driver -- functionpoint -- bus: 'platform': add driver tps6586x-gpio
[    0.057126] drivers/base/bus.c 153 driver_register -- functionpoint
[    0.057126] drivers/base/bus.c 642 bus_add_driver -- functionpoint
[    0.057126] drivers/base/bus.c 649 bus_add_driver -- functionpoint -- bus: 'platform': add driver tps65910-gpio
[    0.060006] drivers/acpi/bus.c 1231 start acpi_init -- functionpoint
[    0.060021] ACPI: Added _OSI(Module Device)
[    0.060023] ACPI: Added _OSI(Processor Device)
[    0.060024] ACPI: Added _OSI(3.0 _SCP Extensions)
[    0.060025] ACPI: Added _OSI(Processor Aggregator Device)
[    0.060225] arch/x86/kernel/acpi/boot.c 717 acpi_register_gsi -- functionpoint
[    0.060225] arch/x86/kernel/acpi/boot.c 670 acpi_register_gsi_ioapic --functionpoint
[    0.060229] kernel/irq/manage.c 1748 request_threaded_irq -- functionpoint
[    0.061849] ACPI: Executed 30 blocks of module-level executable AML code
[    0.072038] ACPI: [Firmware Bug]: BIOS _OSI(Linux) query ignored
[    0.080232] ACPI: Dynamic OEM Table Load:
[    0.080243] ACPI: SSDT 0xFFFF9B4B94FB3900 0000F4 (v02 PmRef  Cpu0Psd  00003000 INTL 20160527)
[    0.080465] ACPI: Executed 1 blocks of module-level executable AML code
[    0.080587] ACPI: \_SB_.PR00: _OSC native thermal LVT Acked
[    0.081542] ACPI: Dynamic OEM Table Load:
[    0.081548] ACPI: SSDT 0xFFFF9B4B94FBE800 000400 (v02 PmRef  Cpu0Cst  00003001 INTL 20160527)
[    0.081761] ACPI: Executed 1 blocks of module-level executable AML code
[    0.081994] ACPI: Dynamic OEM Table Load:
[    0.082000] ACPI: SSDT 0xFFFF9B4B94EF2000 000605 (v02 PmRef  Cpu0Ist  00003000 INTL 20160527)
[    0.082194] ACPI: Executed 1 blocks of module-level executable AML code
[    0.082389] ACPI: Dynamic OEM Table Load:
[    0.082394] ACPI: SSDT 0xFFFF9B4B94F36A00 000149 (v02 PmRef  Cpu0Hwp  00003000 INTL 20160527)
[    0.082575] ACPI: Executed 2 blocks of module-level executable AML code
[    0.082747] ACPI: Dynamic OEM Table Load:
[    0.082752] ACPI: SSDT 0xFFFF9B4B94EF0800 000724 (v02 PmRef  HwpLvt   00003000 INTL 20160527)
[    0.082921] ACPI: Executed 1 blocks of module-level executable AML code
[    0.083414] ACPI: Dynamic OEM Table Load:
[    0.083420] ACPI: SSDT 0xFFFF9B4B94EF3000 0005FC (v02 PmRef  ApIst    00003000 INTL 20160527)
[    0.083805] ACPI: Executed 1 blocks of module-level executable AML code
[    0.084000] ACPI: Dynamic OEM Table Load:
[    0.084006] ACPI: SSDT 0xFFFF9B4B94FBFC00 000317 (v02 PmRef  ApHwp    00003000 INTL 20160527)
[    0.084271] ACPI: Executed 1 blocks of module-level executable AML code
[    0.084588] ACPI: Dynamic OEM Table Load:
[    0.084593] ACPI: SSDT 0xFFFF9B4B97140000 000AB0 (v02 PmRef  ApPsd    00003000 INTL 20160527)
[    0.085441] ACPI: Executed 1 blocks of module-level executable AML code
[    0.085640] ACPI: Dynamic OEM Table Load:
[    0.085645] ACPI: SSDT 0xFFFF9B4B94FBF000 00030A (v02 PmRef  ApCst    00003000 INTL 20160527)
[    0.085912] ACPI: Executed 1 blocks of module-level executable AML code
[    0.088862] ACPI: EC: EC started
[    0.088862] ACPI: EC: interrupt blocked
[    0.088879] ACPI: \_SB_.PCI0.LPCB.EC0_: Used as first EC
[    0.088880] ACPI: \_SB_.PCI0.LPCB.EC0_: GPE=0x6e, EC_CMD/EC_SC=0x66, EC_DATA=0x62
[    0.088881] ACPI: \_SB_.PCI0.LPCB.EC0_: Used as boot DSDT EC to handle transactions
[    0.088882] ACPI: Interpreter enabled
[    0.088931] ACPI: (supports S0 S3 S4 S5)
[    0.088932] ACPI: Using IOAPIC for interrupt routing
[    0.088972] PCI: MMCONFIG for domain 0000 [bus 00-3f] at [mem 0xf8000000-0xfbffffff] (base 0xf8000000)
[    0.091617] PCI: MMCONFIG at [mem 0xf8000000-0xfbffffff] reserved in ACPI motherboard resources
[    0.091622] drivers/acpi/pci_root.c 920 acpi_pci_root_init --functionpoint
[    0.091623] drivers/acpi/apei/hest.c 228 acpi_hest_init -- functionpoint
[    0.091627] PCI: Using host bridge windows from ACPI; if necessary, use "pci=nocrs" and report a bug
[    0.091629] drivers/acpi/scan.c 106 acpi_scan_add_handler_with_hotplug -- functionpoint
[    0.091631] drivers/acpi/pci_link.c 936 acpi_pci_link_init -- functionpoint
[    0.092017] drivers/acpi/scan.c 106 acpi_scan_add_handler_with_hotplug -- functionpoint
[    0.092021] drivers/base/bus.c 153 driver_register -- functionpoint
[    0.092023] drivers/base/bus.c 642 bus_add_driver -- functionpoint
[    0.092025] drivers/base/bus.c 649 bus_add_driver -- functionpoint -- bus: 'platform': add driver clk-lpt
[    0.092032] drivers/acpi/scan.c 106 acpi_scan_add_handler_with_hotplug -- functionpoint
[    0.092083] ACPI: Enabled 4 GPEs in block 00 to 7F
[    0.092087] drivers/acpi/scan.c 2010 acpi_bus_scan -- functionpoint
[    0.098977] ACPI: Power Resource [USBC] (on)
[    0.099804] ACPI: Power Resource [WRST] (on)
[    0.100218] ACPI: Power Resource [WRST] (on)
[    0.100620] ACPI: Power Resource [WRST] (on)
[    0.101026] ACPI: Power Resource [WRST] (on)
[    0.101438] ACPI: Power Resource [WRST] (on)
[    0.101839] ACPI: Power Resource [WRST] (on)
[    0.102243] ACPI: Power Resource [WRST] (on)
[    0.102648] ACPI: Power Resource [WRST] (on)
[    0.103054] ACPI: Power Resource [WRST] (on)
[    0.103455] ACPI: Power Resource [WRST] (on)
[    0.103858] ACPI: Power Resource [WRST] (on)
[    0.104264] ACPI: Power Resource [WRST] (on)
[    0.104665] ACPI: Power Resource [WRST] (on)
[    0.105069] ACPI: Power Resource [WRST] (on)
[    0.105482] ACPI: Power Resource [WRST] (on)
[    0.105883] ACPI: Power Resource [WRST] (on)
[    0.106288] ACPI: Power Resource [WRST] (on)
[    0.106696] ACPI: Power Resource [WRST] (on)
[    0.107106] ACPI: Power Resource [WRST] (on)
[    0.107519] ACPI: Power Resource [WRST] (on)
[    0.109233] ACPI: Power Resource [V0PR] (on)
[    0.109447] ACPI: Power Resource [V1PR] (on)
[    0.109656] ACPI: Power Resource [V2PR] (on)
[    0.114253] ACPI: Power Resource [WRST] (on)
[    0.116374] drivers/acpi/scan.c 1916 acpi_bus_attach -- functionpoint
[    0.116396] drivers/acpi/scan.c 1916 acpi_bus_attach -- functionpoint
[    0.116403] drivers/acpi/scan.c 1916 acpi_bus_attach -- functionpoint
[    0.116435] drivers/acpi/scan.c 1916 acpi_bus_attach -- functionpoint
[    0.116461] drivers/acpi/scan.c 1916 acpi_bus_attach -- functionpoint
[    0.116468] drivers/acpi/pci_root.c 528 acpi_pci_root_add -- functionpoint
[    0.116860] ACPI: PCI Root Bridge [PCI0] (domain 0000 [bus 00-3e])
[    0.116862] ACPI: drivers/acpi/pci_root.c 584 acpi_pci_root_add --  functionpoint -- PCI Root Bridge [PCI0] (domain 0000 [bus 00-3e])
[    0.116869] acpi PNP0A08:00: _OSC: OS supports [ExtendedConfig ASPM ClockPM Segments MSI]
[    0.120244] acpi PNP0A08:00: _OSC: OS now controls [PCIeHotplug PME AER PCIeCapability]
[    0.120245] acpi PNP0A08:00: FADT indicates ASPM is unsupported, using BIOS configuration
[    0.120259] arch/x86/pci/acpi.c 335 pci_acpi_scan_root -- functionpoint
[    0.120260] drivers/pci/search.c 144 pci_find_bus -- functionpoint
[    0.120262] drivers/pci/search.c 145 pci_find_bus functionpoint -- domain_num = 0, bus_num = 0
[    0.120266] drivers/pci/search.c 176 pci_find_next_bus -- functionpoint
[    0.120266] drivers/pci/search.c 157 pci_find_bus not found bus -- functionpoint
[    0.120280] drivers/acpi/pci_root.c 881 acpi_pci_root_create -- functionpoint
[    0.120663] drivers/pci/probe.c 2643 pci_create_root_bus -- functionpoint
[    0.120665] drivers/pci/probe.c 533 pci_alloc_host_bridge -- functionpoint
[    0.120667] drivers/pci/probe.c 765 pci_register_host_bridge -- functionpoint
[    0.120669] drivers/pci/search.c 144 pci_find_bus -- functionpoint
[    0.120671] drivers/pci/search.c 145 pci_find_bus functionpoint -- domain_num = 0, bus_num = 0
[    0.120674] drivers/pci/search.c 176 pci_find_next_bus -- functionpoint
[    0.120674] drivers/pci/search.c 157 pci_find_bus not found bus -- functionpoint
[    0.121736] drivers/pci/probe.c 2009 pci_bus_read_dev_vendor_id -- functionpoint
[    0.121750] drivers/pci/probe.c 2009 pci_bus_read_dev_vendor_id -- functionpoint
[    0.121766] drivers/pci/probe.c 2009 pci_bus_read_dev_vendor_id -- functionpoint
[    0.121789] drivers/pci/probe.c 2009 pci_bus_read_dev_vendor_id -- functionpoint
[    0.121800] drivers/pci/probe.c 2009 pci_bus_read_dev_vendor_id -- functionpoint
[    0.121815] drivers/pci/probe.c 2009 pci_bus_read_dev_vendor_id -- functionpoint
[    0.121823] drivers/pci/probe.c 2009 pci_bus_read_dev_vendor_id -- functionpoint
[    0.121836] drivers/pci/probe.c 2009 pci_bus_read_dev_vendor_id -- functionpoint
[    0.121850] drivers/pci/probe.c 2009 pci_bus_read_dev_vendor_id -- functionpoint
[    0.121855] drivers/pci/probe.c 2009 pci_bus_read_dev_vendor_id -- functionpoint
[    0.121866] drivers/pci/probe.c 2009 pci_bus_read_dev_vendor_id -- functionpoint
[    0.121916] drivers/pci/probe.c 2009 pci_bus_read_dev_vendor_id -- functionpoint
[    0.121968] drivers/pci/probe.c 2009 pci_bus_read_dev_vendor_id -- functionpoint
[    0.122021] drivers/pci/probe.c 2009 pci_bus_read_dev_vendor_id -- functionpoint
[    0.122074] drivers/pci/probe.c 2009 pci_bus_read_dev_vendor_id -- functionpoint
[    0.122126] drivers/pci/probe.c 2009 pci_bus_read_dev_vendor_id -- functionpoint
[    0.122179] drivers/pci/probe.c 2009 pci_bus_read_dev_vendor_id -- functionpoint
[    0.122231] drivers/pci/probe.c 2009 pci_bus_read_dev_vendor_id -- functionpoint
[    0.122280] drivers/pci/probe.c 2009 pci_bus_read_dev_vendor_id -- functionpoint
[    0.122334] drivers/pci/probe.c 2009 pci_bus_read_dev_vendor_id -- functionpoint
[    0.122386] drivers/pci/probe.c 2009 pci_bus_read_dev_vendor_id -- functionpoint
[    0.122438] drivers/pci/probe.c 2009 pci_bus_read_dev_vendor_id -- functionpoint
[    0.122491] drivers/pci/probe.c 2009 pci_bus_read_dev_vendor_id -- functionpoint
[    0.122544] drivers/pci/probe.c 2009 pci_bus_read_dev_vendor_id -- functionpoint
[    0.122597] drivers/pci/probe.c 2009 pci_bus_read_dev_vendor_id -- functionpoint
[    0.122649] drivers/pci/probe.c 2009 pci_bus_read_dev_vendor_id -- functionpoint
[    0.122701] drivers/pci/probe.c 2009 pci_bus_read_dev_vendor_id -- functionpoint
[    0.122755] drivers/pci/probe.c 2009 pci_bus_read_dev_vendor_id -- functionpoint
[    0.122808] drivers/pci/probe.c 2009 pci_bus_read_dev_vendor_id -- functionpoint
[    0.122861] drivers/pci/probe.c 2009 pci_bus_read_dev_vendor_id -- functionpoint
[    0.122914] drivers/pci/probe.c 2009 pci_bus_read_dev_vendor_id -- functionpoint
[    0.122966] drivers/pci/probe.c 2009 pci_bus_read_dev_vendor_id -- functionpoint
[    0.123015] drivers/pci/probe.c 2009 pci_bus_read_dev_vendor_id -- functionpoint
[    0.123068] drivers/pci/probe.c 2009 pci_bus_read_dev_vendor_id -- functionpoint
[    0.123121] drivers/pci/probe.c 2009 pci_bus_read_dev_vendor_id -- functionpoint
[    0.123137] drivers/pci/probe.c 2009 pci_bus_read_dev_vendor_id -- functionpoint
[    0.123155] drivers/pci/probe.c 2009 pci_bus_read_dev_vendor_id -- functionpoint
[    0.123169] drivers/pci/probe.c 2009 pci_bus_read_dev_vendor_id -- functionpoint
[    0.123181] drivers/pci/probe.c 2009 pci_bus_read_dev_vendor_id -- functionpoint
[    0.123194] drivers/pci/probe.c 2009 pci_bus_read_dev_vendor_id -- functionpoint
[    0.123203] drivers/pci/probe.c 2009 pci_bus_read_dev_vendor_id -- functionpoint
[    0.123209] drivers/pci/probe.c 2009 pci_bus_read_dev_vendor_id -- functionpoint
[    0.123217] PCI host bridge to bus 0000:00
[    0.123220] pci_bus 0000:00: root bus resource [io  0x0000-0x0cf7 window]
[    0.123222] pci_bus 0000:00: root bus resource [io  0x0d00-0xffff window]
[    0.123223] pci_bus 0000:00: root bus resource [mem 0x000a0000-0x000bffff window]
[    0.123224] pci_bus 0000:00: root bus resource [mem 0xd4800000-0xf7ffffff window]
[    0.123225] pci_bus 0000:00: root bus resource [mem 0x4000000000-0x7fffffffff window]
[    0.123226] pci_bus 0000:00: root bus resource [mem 0xfc800000-0xfe7fffff window]
[    0.123228] pci_bus 0000:00: root bus resource [bus 00-3e]
[    0.123228] drivers/pci/probe.c 2497 pci_scan_child_bus_extend -- functionpoint
[    0.123229] pci_bus 0000:00: drivers/pci/probe.c 2501 pci_scan_child_bus_extend-- functionpoint -- scanning bus
[    0.123233] drivers/pci/probe.c 2281 pci_scan_slot -- functionpoint
[    0.123233] drivers/pci/probe.c 2196 pci_scan_single_device -- functionpoint
[    0.123235] drivers/pci/search.c 206 pci_get_slot -- functionpoint
[    0.123237] drivers/pci/search.c 215 pci_get_slot return value is NULL -- functionpoint
[    0.123238] drivers/pci/probe.c 2035 pci_scan_device -- functionpoint
[    0.123240] drivers/pci/probe.c 2009 pci_bus_read_dev_vendor_id -- functionpoint
[    0.123242] drivers/pci/probe.c 2048 pci_scan_device -- functionpoint -- dev_vendor: 8086, dev_device: 3e30
[    0.123246] drivers/pci/probe.c 1453 pci_setup_device -- functionpoint
[    0.123247] drivers/pci/probe.c 1242 set_pcie_port_type -- functionpoint
[    0.123253] pci 0000:00:00.0: [8086:3e30] type 00 class 0x060000
[    0.123256] pci 0000:00:00.0: drivers/pci/probe.c 1482 pci_setup_device functionpoint -- [8086:3e30] type 00 class 0x060000 multifunction 00
[    0.123270] drivers/pci/probe.c 1513 pci_setup_device  switch case PCI_HEADER_TYPE_NORMAL -- functionpoint
[    0.123282] drivers/pci/probe.c 2145 pci_device_add -- functionpoint
[    0.123294] drivers/pci/pci.c 2409 pci_pm_init -- functionpoint
[    0.124298] drivers/pci/probe.c 2288 pci_scan_slot -- functionpoint -- fn = 0, devfn = 0, fn+devfn = 0
[    0.124302] drivers/pci/probe.c 2220 next_fn -- functionpoint
[    0.124303] drivers/pci/probe.c 2281 pci_scan_slot -- functionpoint
[    0.124304] drivers/pci/probe.c 2196 pci_scan_single_device -- functionpoint
[    0.124306] drivers/pci/search.c 206 pci_get_slot -- functionpoint
[    0.124307] drivers/pci/search.c 215 pci_get_slot return value is NULL -- functionpoint
[    0.124309] drivers/pci/probe.c 2035 pci_scan_device -- functionpoint
[    0.124311] drivers/pci/probe.c 2009 pci_bus_read_dev_vendor_id -- functionpoint
[    0.124321] drivers/pci/probe.c 2288 pci_scan_slot -- functionpoint -- fn = 0, devfn = 8, fn+devfn = 8
[    0.124325] drivers/pci/probe.c 2281 pci_scan_slot -- functionpoint
[    0.124325] drivers/pci/probe.c 2196 pci_scan_single_device -- functionpoint
[    0.124327] drivers/pci/search.c 206 pci_get_slot -- functionpoint
[    0.124328] drivers/pci/search.c 215 pci_get_slot return value is NULL -- functionpoint
[    0.124330] drivers/pci/probe.c 2035 pci_scan_device -- functionpoint
[    0.124331] drivers/pci/probe.c 2009 pci_bus_read_dev_vendor_id -- functionpoint
[    0.124334] drivers/pci/probe.c 2048 pci_scan_device -- functionpoint -- dev_vendor: 8086, dev_device: 3e98
[    0.124337] drivers/pci/probe.c 1453 pci_setup_device -- functionpoint
[    0.124338] drivers/pci/probe.c 1242 set_pcie_port_type -- functionpoint
[    0.124344] pci 0000:00:02.0: [8086:3e98] type 00 class 0x030000
[    0.124347] pci 0000:00:02.0: drivers/pci/probe.c 1482 pci_setup_device functionpoint -- [8086:3e98] type 00 class 0x030000 multifunction 00
[    0.124352] drivers/pci/probe.c 1513 pci_setup_device  switch case PCI_HEADER_TYPE_NORMAL -- functionpoint
[    0.124358] pci 0000:00:02.0: reg 0x10: [mem 0xf0000000-0xf0ffffff 64bit]
[    0.124364] pci 0000:00:02.0: reg 0x18: [mem 0xe0000000-0xefffffff 64bit pref]
[    0.124368] pci 0000:00:02.0: reg 0x20: [io  0x4000-0x403f]
[    0.124374] drivers/pci/probe.c 2145 pci_device_add -- functionpoint
[    0.124380] pci 0000:00:02.0: BAR 2: assigned to efifb
[    0.124393] drivers/pci/pci.c 2409 pci_pm_init -- functionpoint
[    0.124396] pci 0000:00:02.0: drivers/pci/pci.c 2450 pci_pm_init --functionpoint-- supports
[    0.125419] drivers/pci/probe.c 2288 pci_scan_slot -- functionpoint -- fn = 0, devfn = 16, fn+devfn = 16
[    0.125421] drivers/pci/probe.c 2220 next_fn -- functionpoint
[    0.125422] drivers/pci/probe.c 2281 pci_scan_slot -- functionpoint
[    0.125423] drivers/pci/probe.c 2196 pci_scan_single_device -- functionpoint
[    0.125425] drivers/pci/search.c 206 pci_get_slot -- functionpoint
[    0.125427] drivers/pci/search.c 215 pci_get_slot return value is NULL -- functionpoint
[    0.125428] drivers/pci/probe.c 2035 pci_scan_device -- functionpoint
[    0.125430] drivers/pci/probe.c 2009 pci_bus_read_dev_vendor_id -- functionpoint
[    0.125441] drivers/pci/probe.c 2288 pci_scan_slot -- functionpoint -- fn = 0, devfn = 24, fn+devfn = 24
[    0.125445] drivers/pci/probe.c 2281 pci_scan_slot -- functionpoint
[    0.125445] drivers/pci/probe.c 2196 pci_scan_single_device -- functionpoint
[    0.125447] drivers/pci/search.c 206 pci_get_slot -- functionpoint
[    0.125448] drivers/pci/search.c 215 pci_get_slot return value is NULL -- functionpoint
[    0.125450] drivers/pci/probe.c 2035 pci_scan_device -- functionpoint
[    0.125452] drivers/pci/probe.c 2009 pci_bus_read_dev_vendor_id -- functionpoint
[    0.125467] drivers/pci/probe.c 2288 pci_scan_slot -- functionpoint -- fn = 0, devfn = 32, fn+devfn = 32
[    0.125470] drivers/pci/probe.c 2281 pci_scan_slot -- functionpoint
[    0.125470] drivers/pci/probe.c 2196 pci_scan_single_device -- functionpoint
[    0.125472] drivers/pci/search.c 206 pci_get_slot -- functionpoint
[    0.125473] drivers/pci/search.c 215 pci_get_slot return value is NULL -- functionpoint
[    0.125475] drivers/pci/probe.c 2035 pci_scan_device -- functionpoint
[    0.125477] drivers/pci/probe.c 2009 pci_bus_read_dev_vendor_id -- functionpoint
[    0.125492] drivers/pci/probe.c 2288 pci_scan_slot -- functionpoint -- fn = 0, devfn = 40, fn+devfn = 40
[    0.125495] drivers/pci/probe.c 2281 pci_scan_slot -- functionpoint
[    0.125495] drivers/pci/probe.c 2196 pci_scan_single_device -- functionpoint
[    0.125497] drivers/pci/search.c 206 pci_get_slot -- functionpoint
[    0.125498] drivers/pci/search.c 215 pci_get_slot return value is NULL -- functionpoint
[    0.125500] drivers/pci/probe.c 2035 pci_scan_device -- functionpoint
[    0.125502] drivers/pci/probe.c 2009 pci_bus_read_dev_vendor_id -- functionpoint
[    0.125517] drivers/pci/probe.c 2288 pci_scan_slot -- functionpoint -- fn = 0, devfn = 48, fn+devfn = 48
[    0.125520] drivers/pci/probe.c 2281 pci_scan_slot -- functionpoint
[    0.125520] drivers/pci/probe.c 2196 pci_scan_single_device -- functionpoint
[    0.125522] drivers/pci/search.c 206 pci_get_slot -- functionpoint
[    0.125523] drivers/pci/search.c 215 pci_get_slot return value is NULL -- functionpoint
[    0.125525] drivers/pci/probe.c 2035 pci_scan_device -- functionpoint
[    0.125527] drivers/pci/probe.c 2009 pci_bus_read_dev_vendor_id -- functionpoint
[    0.125542] drivers/pci/probe.c 2288 pci_scan_slot -- functionpoint -- fn = 0, devfn = 56, fn+devfn = 56
[    0.125545] drivers/pci/probe.c 2281 pci_scan_slot -- functionpoint
[    0.125545] drivers/pci/probe.c 2196 pci_scan_single_device -- functionpoint
[    0.125547] drivers/pci/search.c 206 pci_get_slot -- functionpoint
[    0.125548] drivers/pci/search.c 215 pci_get_slot return value is NULL -- functionpoint
[    0.125550] drivers/pci/probe.c 2035 pci_scan_device -- functionpoint
[    0.125552] drivers/pci/probe.c 2009 pci_bus_read_dev_vendor_id -- functionpoint
[    0.125567] drivers/pci/probe.c 2288 pci_scan_slot -- functionpoint -- fn = 0, devfn = 64, fn+devfn = 64
[    0.125570] drivers/pci/probe.c 2281 pci_scan_slot -- functionpoint
[    0.125570] drivers/pci/probe.c 2196 pci_scan_single_device -- functionpoint
[    0.125572] drivers/pci/search.c 206 pci_get_slot -- functionpoint
[    0.125574] drivers/pci/search.c 215 pci_get_slot return value is NULL -- functionpoint
[    0.125575] drivers/pci/probe.c 2035 pci_scan_device -- functionpoint
[    0.125577] drivers/pci/probe.c 2009 pci_bus_read_dev_vendor_id -- functionpoint
[    0.125592] drivers/pci/probe.c 2288 pci_scan_slot -- functionpoint -- fn = 0, devfn = 72, fn+devfn = 72
[    0.125595] drivers/pci/probe.c 2281 pci_scan_slot -- functionpoint
[    0.125595] drivers/pci/probe.c 2196 pci_scan_single_device -- functionpoint
[    0.125597] drivers/pci/search.c 206 pci_get_slot -- functionpoint
[    0.125598] drivers/pci/search.c 215 pci_get_slot return value is NULL -- functionpoint
[    0.125600] drivers/pci/probe.c 2035 pci_scan_device -- functionpoint
[    0.125602] drivers/pci/probe.c 2009 pci_bus_read_dev_vendor_id -- functionpoint
[    0.125617] drivers/pci/probe.c 2288 pci_scan_slot -- functionpoint -- fn = 0, devfn = 80, fn+devfn = 80
[    0.125620] drivers/pci/probe.c 2281 pci_scan_slot -- functionpoint
[    0.125620] drivers/pci/probe.c 2196 pci_scan_single_device -- functionpoint
[    0.125622] drivers/pci/search.c 206 pci_get_slot -- functionpoint
[    0.125623] drivers/pci/search.c 215 pci_get_slot return value is NULL -- functionpoint
[    0.125625] drivers/pci/probe.c 2035 pci_scan_device -- functionpoint
[    0.125627] drivers/pci/probe.c 2009 pci_bus_read_dev_vendor_id -- functionpoint
[    0.125642] drivers/pci/probe.c 2288 pci_scan_slot -- functionpoint -- fn = 0, devfn = 88, fn+devfn = 88
[    0.125645] drivers/pci/probe.c 2281 pci_scan_slot -- functionpoint
[    0.125645] drivers/pci/probe.c 2196 pci_scan_single_device -- functionpoint
[    0.125647] drivers/pci/search.c 206 pci_get_slot -- functionpoint
[    0.125648] drivers/pci/search.c 215 pci_get_slot return value is NULL -- functionpoint
[    0.125650] drivers/pci/probe.c 2035 pci_scan_device -- functionpoint
[    0.125652] drivers/pci/probe.c 2009 pci_bus_read_dev_vendor_id -- functionpoint
[    0.125667] drivers/pci/probe.c 2288 pci_scan_slot -- functionpoint -- fn = 0, devfn = 96, fn+devfn = 96
[    0.125670] drivers/pci/probe.c 2281 pci_scan_slot -- functionpoint
[    0.125670] drivers/pci/probe.c 2196 pci_scan_single_device -- functionpoint
[    0.125672] drivers/pci/search.c 206 pci_get_slot -- functionpoint
[    0.125673] drivers/pci/search.c 215 pci_get_slot return value is NULL -- functionpoint
[    0.125675] drivers/pci/probe.c 2035 pci_scan_device -- functionpoint
[    0.125677] drivers/pci/probe.c 2009 pci_bus_read_dev_vendor_id -- functionpoint
[    0.125692] drivers/pci/probe.c 2288 pci_scan_slot -- functionpoint -- fn = 0, devfn = 104, fn+devfn = 104
[    0.125695] drivers/pci/probe.c 2281 pci_scan_slot -- functionpoint
[    0.125695] drivers/pci/probe.c 2196 pci_scan_single_device -- functionpoint
[    0.125697] drivers/pci/search.c 206 pci_get_slot -- functionpoint
[    0.125699] drivers/pci/search.c 215 pci_get_slot return value is NULL -- functionpoint
[    0.125700] drivers/pci/probe.c 2035 pci_scan_device -- functionpoint
[    0.125702] drivers/pci/probe.c 2009 pci_bus_read_dev_vendor_id -- functionpoint
[    0.125717] drivers/pci/probe.c 2288 pci_scan_slot -- functionpoint -- fn = 0, devfn = 112, fn+devfn = 112
[    0.125720] drivers/pci/probe.c 2281 pci_scan_slot -- functionpoint
[    0.125720] drivers/pci/probe.c 2196 pci_scan_single_device -- functionpoint
[    0.125722] drivers/pci/search.c 206 pci_get_slot -- functionpoint
[    0.125723] drivers/pci/search.c 215 pci_get_slot return value is NULL -- functionpoint
[    0.125725] drivers/pci/probe.c 2035 pci_scan_device -- functionpoint
[    0.125727] drivers/pci/probe.c 2009 pci_bus_read_dev_vendor_id -- functionpoint
[    0.125740] drivers/pci/probe.c 2288 pci_scan_slot -- functionpoint -- fn = 0, devfn = 120, fn+devfn = 120
[    0.125743] drivers/pci/probe.c 2281 pci_scan_slot -- functionpoint
[    0.125744] drivers/pci/probe.c 2196 pci_scan_single_device -- functionpoint
[    0.125745] drivers/pci/search.c 206 pci_get_slot -- functionpoint
[    0.125747] drivers/pci/search.c 215 pci_get_slot return value is NULL -- functionpoint
[    0.125748] drivers/pci/probe.c 2035 pci_scan_device -- functionpoint
[    0.125750] drivers/pci/probe.c 2009 pci_bus_read_dev_vendor_id -- functionpoint
[    0.125764] drivers/pci/probe.c 2288 pci_scan_slot -- functionpoint -- fn = 0, devfn = 128, fn+devfn = 128
[    0.125767] drivers/pci/probe.c 2281 pci_scan_slot -- functionpoint
[    0.125768] drivers/pci/probe.c 2196 pci_scan_single_device -- functionpoint
[    0.125769] drivers/pci/search.c 206 pci_get_slot -- functionpoint
[    0.125771] drivers/pci/search.c 215 pci_get_slot return value is NULL -- functionpoint
[    0.125772] drivers/pci/probe.c 2035 pci_scan_device -- functionpoint
[    0.125774] drivers/pci/probe.c 2009 pci_bus_read_dev_vendor_id -- functionpoint
[    0.125789] drivers/pci/probe.c 2288 pci_scan_slot -- functionpoint -- fn = 0, devfn = 136, fn+devfn = 136
[    0.125793] drivers/pci/probe.c 2281 pci_scan_slot -- functionpoint
[    0.125793] drivers/pci/probe.c 2196 pci_scan_single_device -- functionpoint
[    0.125795] drivers/pci/search.c 206 pci_get_slot -- functionpoint
[    0.125796] drivers/pci/search.c 215 pci_get_slot return value is NULL -- functionpoint
[    0.125798] drivers/pci/probe.c 2035 pci_scan_device -- functionpoint
[    0.125799] drivers/pci/probe.c 2009 pci_bus_read_dev_vendor_id -- functionpoint
[    0.125805] drivers/pci/probe.c 2048 pci_scan_device -- functionpoint -- dev_vendor: 8086, dev_device: a379
[    0.125808] drivers/pci/probe.c 1453 pci_setup_device -- functionpoint
[    0.125810] drivers/pci/probe.c 1242 set_pcie_port_type -- functionpoint
[    0.125822] pci 0000:00:12.0: [8086:a379] type 00 class 0x118000
[    0.125825] pci 0000:00:12.0: drivers/pci/probe.c 1482 pci_setup_device functionpoint -- [8086:a379] type 00 class 0x118000 multifunction 01
[    0.125840] drivers/pci/probe.c 1513 pci_setup_device  switch case PCI_HEADER_TYPE_NORMAL -- functionpoint
[    0.125859] pci 0000:00:12.0: reg 0x10: [mem 0x4000107000-0x4000107fff 64bit]
[    0.125902] drivers/pci/probe.c 2145 pci_device_add -- functionpoint
[    0.125939] drivers/pci/pci.c 2409 pci_pm_init -- functionpoint
[    0.125948] pci 0000:00:12.0: drivers/pci/pci.c 2450 pci_pm_init --functionpoint-- supports
[    0.126952] drivers/pci/probe.c 2288 pci_scan_slot -- functionpoint -- fn = 0, devfn = 144, fn+devfn = 144
[    0.126954] drivers/pci/probe.c 2220 next_fn -- functionpoint
[    0.126955] drivers/pci/probe.c 2196 pci_scan_single_device -- functionpoint
[    0.126956] drivers/pci/search.c 206 pci_get_slot -- functionpoint
[    0.126958] drivers/pci/search.c 215 pci_get_slot return value is NULL -- functionpoint
[    0.126959] drivers/pci/probe.c 2035 pci_scan_device -- functionpoint
[    0.126961] drivers/pci/probe.c 2009 pci_bus_read_dev_vendor_id -- functionpoint
[    0.126973] drivers/pci/probe.c 2298 pci_scan_slot -- functionpoint -- fn = 1, devfn = 144, fn+devfn = 145
[    0.126976] drivers/pci/probe.c 2220 next_fn -- functionpoint
[    0.126976] drivers/pci/probe.c 2196 pci_scan_single_device -- functionpoint
[    0.126978] drivers/pci/search.c 206 pci_get_slot -- functionpoint
[    0.126979] drivers/pci/search.c 215 pci_get_slot return value is NULL -- functionpoint
[    0.126981] drivers/pci/probe.c 2035 pci_scan_device -- functionpoint
[    0.126983] drivers/pci/probe.c 2009 pci_bus_read_dev_vendor_id -- functionpoint
[    0.126998] drivers/pci/probe.c 2298 pci_scan_slot -- functionpoint -- fn = 2, devfn = 144, fn+devfn = 146
[    0.127001] drivers/pci/probe.c 2220 next_fn -- functionpoint
[    0.127001] drivers/pci/probe.c 2196 pci_scan_single_device -- functionpoint
[    0.127003] drivers/pci/search.c 206 pci_get_slot -- functionpoint
[    0.127004] drivers/pci/search.c 215 pci_get_slot return value is NULL -- functionpoint
[    0.127006] drivers/pci/probe.c 2035 pci_scan_device -- functionpoint
[    0.127008] drivers/pci/probe.c 2009 pci_bus_read_dev_vendor_id -- functionpoint
[    0.127023] drivers/pci/probe.c 2298 pci_scan_slot -- functionpoint -- fn = 3, devfn = 144, fn+devfn = 147
[    0.127026] drivers/pci/probe.c 2220 next_fn -- functionpoint
[    0.127026] drivers/pci/probe.c 2196 pci_scan_single_device -- functionpoint
[    0.127028] drivers/pci/search.c 206 pci_get_slot -- functionpoint
[    0.127029] drivers/pci/search.c 215 pci_get_slot return value is NULL -- functionpoint
[    0.127031] drivers/pci/probe.c 2035 pci_scan_device -- functionpoint
[    0.127033] drivers/pci/probe.c 2009 pci_bus_read_dev_vendor_id -- functionpoint
[    0.127048] drivers/pci/probe.c 2298 pci_scan_slot -- functionpoint -- fn = 4, devfn = 144, fn+devfn = 148
[    0.127051] drivers/pci/probe.c 2220 next_fn -- functionpoint
[    0.127051] drivers/pci/probe.c 2196 pci_scan_single_device -- functionpoint
[    0.127053] drivers/pci/search.c 206 pci_get_slot -- functionpoint
[    0.127054] drivers/pci/search.c 215 pci_get_slot return value is NULL -- functionpoint
[    0.127056] drivers/pci/probe.c 2035 pci_scan_device -- functionpoint
[    0.127058] drivers/pci/probe.c 2009 pci_bus_read_dev_vendor_id -- functionpoint
[    0.127073] drivers/pci/probe.c 2298 pci_scan_slot -- functionpoint -- fn = 5, devfn = 144, fn+devfn = 149
[    0.127076] drivers/pci/probe.c 2220 next_fn -- functionpoint
[    0.127076] drivers/pci/probe.c 2196 pci_scan_single_device -- functionpoint
[    0.127078] drivers/pci/search.c 206 pci_get_slot -- functionpoint
[    0.127079] drivers/pci/search.c 215 pci_get_slot return value is NULL -- functionpoint
[    0.127081] drivers/pci/probe.c 2035 pci_scan_device -- functionpoint
[    0.127083] drivers/pci/probe.c 2009 pci_bus_read_dev_vendor_id -- functionpoint
[    0.127092] drivers/pci/probe.c 2298 pci_scan_slot -- functionpoint -- fn = 6, devfn = 144, fn+devfn = 150
[    0.127095] drivers/pci/probe.c 2220 next_fn -- functionpoint
[    0.127096] drivers/pci/probe.c 2196 pci_scan_single_device -- functionpoint
[    0.127097] drivers/pci/search.c 206 pci_get_slot -- functionpoint
[    0.127099] drivers/pci/search.c 215 pci_get_slot return value is NULL -- functionpoint
[    0.127100] drivers/pci/probe.c 2035 pci_scan_device -- functionpoint
[    0.127102] drivers/pci/probe.c 2009 pci_bus_read_dev_vendor_id -- functionpoint
[    0.127119] drivers/pci/probe.c 2298 pci_scan_slot -- functionpoint -- fn = 7, devfn = 144, fn+devfn = 151
[    0.127122] drivers/pci/probe.c 2220 next_fn -- functionpoint
[    0.127122] drivers/pci/probe.c 2281 pci_scan_slot -- functionpoint
[    0.127124] drivers/pci/probe.c 2196 pci_scan_single_device -- functionpoint
[    0.127125] drivers/pci/search.c 206 pci_get_slot -- functionpoint
[    0.127127] drivers/pci/search.c 215 pci_get_slot return value is NULL -- functionpoint
[    0.127128] drivers/pci/probe.c 2035 pci_scan_device -- functionpoint
[    0.127130] drivers/pci/probe.c 2009 pci_bus_read_dev_vendor_id -- functionpoint
[    0.127137] drivers/pci/probe.c 2288 pci_scan_slot -- functionpoint -- fn = 0, devfn = 152, fn+devfn = 152
[    0.127140] drivers/pci/probe.c 2281 pci_scan_slot -- functionpoint
[    0.127140] drivers/pci/probe.c 2196 pci_scan_single_device -- functionpoint
[    0.127142] drivers/pci/search.c 206 pci_get_slot -- functionpoint
[    0.127143] drivers/pci/search.c 215 pci_get_slot return value is NULL -- functionpoint
[    0.127145] drivers/pci/probe.c 2035 pci_scan_device -- functionpoint
[    0.127147] drivers/pci/probe.c 2009 pci_bus_read_dev_vendor_id -- functionpoint
[    0.127154] drivers/pci/probe.c 2048 pci_scan_device -- functionpoint -- dev_vendor: 8086, dev_device: a36d
[    0.127158] drivers/pci/probe.c 1453 pci_setup_device -- functionpoint
[    0.127160] drivers/pci/probe.c 1242 set_pcie_port_type -- functionpoint
[    0.127172] pci 0000:00:14.0: [8086:a36d] type 00 class 0x0c0330
[    0.127175] pci 0000:00:14.0: drivers/pci/probe.c 1482 pci_setup_device functionpoint -- [8086:a36d] type 00 class 0x0c0330 multifunction 01
[    0.127190] drivers/pci/probe.c 1513 pci_setup_device  switch case PCI_HEADER_TYPE_NORMAL -- functionpoint
[    0.127211] pci 0000:00:14.0: reg 0x10: [mem 0xf1220000-0xf122ffff 64bit]
[    0.127266] drivers/pci/probe.c 2145 pci_device_add -- functionpoint
[    0.127308] drivers/pci/pci.c 2409 pci_pm_init -- functionpoint
[    0.127317] pci 0000:00:14.0: drivers/pci/pci.c 2450 pci_pm_init --functionpoint-- supports
[    0.127321] pci 0000:00:14.0: PME# supported from D3hot D3cold
[    0.127322] pci 0000:00:14.0: drivers/pci/pci.c 2462 pci_pm_init --functionpoint-- PME# supported from D3hot D3cold
[    0.127334] pci 0000:00:14.0: drivers/pci/pci.c 1891 pci_pme_active --functionpoint-- PME# disabled
[    0.128411] drivers/pci/probe.c 2288 pci_scan_slot -- functionpoint -- fn = 0, devfn = 160, fn+devfn = 160
[    0.128414] drivers/pci/probe.c 2220 next_fn -- functionpoint
[    0.128414] drivers/pci/probe.c 2196 pci_scan_single_device -- functionpoint
[    0.128416] drivers/pci/search.c 206 pci_get_slot -- functionpoint
[    0.128418] drivers/pci/search.c 215 pci_get_slot return value is NULL -- functionpoint
[    0.128419] drivers/pci/probe.c 2035 pci_scan_device -- functionpoint
[    0.128421] drivers/pci/probe.c 2009 pci_bus_read_dev_vendor_id -- functionpoint
[    0.128432] drivers/pci/probe.c 2298 pci_scan_slot -- functionpoint -- fn = 1, devfn = 160, fn+devfn = 161
[    0.128435] drivers/pci/probe.c 2220 next_fn -- functionpoint
[    0.128436] drivers/pci/probe.c 2196 pci_scan_single_device -- functionpoint
[    0.128437] drivers/pci/search.c 206 pci_get_slot -- functionpoint
[    0.128439] drivers/pci/search.c 215 pci_get_slot return value is NULL -- functionpoint
[    0.128440] drivers/pci/probe.c 2035 pci_scan_device -- functionpoint
[    0.128442] drivers/pci/probe.c 2009 pci_bus_read_dev_vendor_id -- functionpoint
[    0.128451] drivers/pci/probe.c 2048 pci_scan_device -- functionpoint -- dev_vendor: 8086, dev_device: a36f
[    0.128455] drivers/pci/probe.c 1453 pci_setup_device -- functionpoint
[    0.128457] drivers/pci/probe.c 1242 set_pcie_port_type -- functionpoint
[    0.128466] pci 0000:00:14.2: [8086:a36f] type 00 class 0x050000
[    0.128469] pci 0000:00:14.2: drivers/pci/probe.c 1482 pci_setup_device functionpoint -- [8086:a36f] type 00 class 0x050000 multifunction 00
[    0.128482] drivers/pci/probe.c 1513 pci_setup_device  switch case PCI_HEADER_TYPE_NORMAL -- functionpoint
[    0.128498] pci 0000:00:14.2: reg 0x10: [mem 0xf1232000-0xf1233fff 64bit]
[    0.128514] pci 0000:00:14.2: reg 0x18: [mem 0x4000106000-0x4000106fff 64bit]
[    0.128539] drivers/pci/probe.c 2145 pci_device_add -- functionpoint
[    0.128566] drivers/pci/pci.c 2409 pci_pm_init -- functionpoint
[    0.128574] pci 0000:00:14.2: drivers/pci/pci.c 2450 pci_pm_init --functionpoint-- supports
[    0.129579] drivers/pci/probe.c 2298 pci_scan_slot -- functionpoint -- fn = 2, devfn = 160, fn+devfn = 162
[    0.129582] drivers/pci/probe.c 2220 next_fn -- functionpoint
[    0.129582] drivers/pci/probe.c 2196 pci_scan_single_device -- functionpoint
[    0.129584] drivers/pci/search.c 206 pci_get_slot -- functionpoint
[    0.129585] drivers/pci/search.c 215 pci_get_slot return value is NULL -- functionpoint
[    0.129587] drivers/pci/probe.c 2035 pci_scan_device -- functionpoint
[    0.129589] drivers/pci/probe.c 2009 pci_bus_read_dev_vendor_id -- functionpoint
[    0.129594] drivers/pci/probe.c 2298 pci_scan_slot -- functionpoint -- fn = 3, devfn = 160, fn+devfn = 163
[    0.129598] drivers/pci/probe.c 2220 next_fn -- functionpoint
[    0.129598] drivers/pci/probe.c 2196 pci_scan_single_device -- functionpoint
[    0.129600] drivers/pci/search.c 206 pci_get_slot -- functionpoint
[    0.129601] drivers/pci/search.c 215 pci_get_slot return value is NULL -- functionpoint
[    0.129603] drivers/pci/probe.c 2035 pci_scan_device -- functionpoint
[    0.129605] drivers/pci/probe.c 2009 pci_bus_read_dev_vendor_id -- functionpoint
[    0.129622] drivers/pci/probe.c 2298 pci_scan_slot -- functionpoint -- fn = 4, devfn = 160, fn+devfn = 164
[    0.129625] drivers/pci/probe.c 2220 next_fn -- functionpoint
[    0.129625] drivers/pci/probe.c 2196 pci_scan_single_device -- functionpoint
[    0.129627] drivers/pci/search.c 206 pci_get_slot -- functionpoint
[    0.129628] drivers/pci/search.c 215 pci_get_slot return value is NULL -- functionpoint
[    0.129630] drivers/pci/probe.c 2035 pci_scan_device -- functionpoint
[    0.129632] drivers/pci/probe.c 2009 pci_bus_read_dev_vendor_id -- functionpoint
[    0.129647] drivers/pci/probe.c 2298 pci_scan_slot -- functionpoint -- fn = 5, devfn = 160, fn+devfn = 165
[    0.129650] drivers/pci/probe.c 2220 next_fn -- functionpoint
[    0.129650] drivers/pci/probe.c 2196 pci_scan_single_device -- functionpoint
[    0.129652] drivers/pci/search.c 206 pci_get_slot -- functionpoint
[    0.129653] drivers/pci/search.c 215 pci_get_slot return value is NULL -- functionpoint
[    0.129655] drivers/pci/probe.c 2035 pci_scan_device -- functionpoint
[    0.129657] drivers/pci/probe.c 2009 pci_bus_read_dev_vendor_id -- functionpoint
[    0.129672] drivers/pci/probe.c 2298 pci_scan_slot -- functionpoint -- fn = 6, devfn = 160, fn+devfn = 166
[    0.129675] drivers/pci/probe.c 2220 next_fn -- functionpoint
[    0.129675] drivers/pci/probe.c 2196 pci_scan_single_device -- functionpoint
[    0.129677] drivers/pci/search.c 206 pci_get_slot -- functionpoint
[    0.129678] drivers/pci/search.c 215 pci_get_slot return value is NULL -- functionpoint
[    0.129680] drivers/pci/probe.c 2035 pci_scan_device -- functionpoint
[    0.129682] drivers/pci/probe.c 2009 pci_bus_read_dev_vendor_id -- functionpoint
[    0.129697] drivers/pci/probe.c 2298 pci_scan_slot -- functionpoint -- fn = 7, devfn = 160, fn+devfn = 167
[    0.129700] drivers/pci/probe.c 2220 next_fn -- functionpoint
[    0.129700] drivers/pci/probe.c 2281 pci_scan_slot -- functionpoint
[    0.129702] drivers/pci/probe.c 2196 pci_scan_single_device -- functionpoint
[    0.129703] drivers/pci/search.c 206 pci_get_slot -- functionpoint
[    0.129705] drivers/pci/search.c 215 pci_get_slot return value is NULL -- functionpoint
[    0.129706] drivers/pci/probe.c 2035 pci_scan_device -- functionpoint
[    0.129708] drivers/pci/probe.c 2009 pci_bus_read_dev_vendor_id -- functionpoint
[    0.129715] drivers/pci/probe.c 2288 pci_scan_slot -- functionpoint -- fn = 0, devfn = 168, fn+devfn = 168
[    0.129718] drivers/pci/probe.c 2281 pci_scan_slot -- functionpoint
[    0.129718] drivers/pci/probe.c 2196 pci_scan_single_device -- functionpoint
[    0.129720] drivers/pci/search.c 206 pci_get_slot -- functionpoint
[    0.129721] drivers/pci/search.c 215 pci_get_slot return value is NULL -- functionpoint
[    0.129723] drivers/pci/probe.c 2035 pci_scan_device -- functionpoint
[    0.129725] drivers/pci/probe.c 2009 pci_bus_read_dev_vendor_id -- functionpoint
[    0.129741] drivers/pci/probe.c 2048 pci_scan_device -- functionpoint -- dev_vendor: 8086, dev_device: a360
[    0.129744] drivers/pci/probe.c 1453 pci_setup_device -- functionpoint
[    0.129746] drivers/pci/probe.c 1242 set_pcie_port_type -- functionpoint
[    0.129759] pci 0000:00:16.0: [8086:a360] type 00 class 0x078000
[    0.129761] pci 0000:00:16.0: drivers/pci/probe.c 1482 pci_setup_device functionpoint -- [8086:a360] type 00 class 0x078000 multifunction 01
[    0.129777] drivers/pci/probe.c 1513 pci_setup_device  switch case PCI_HEADER_TYPE_NORMAL -- functionpoint
[    0.129794] pci 0000:00:16.0: reg 0x10: [mem 0x4000105000-0x4000105fff 64bit]
[    0.129836] drivers/pci/probe.c 2145 pci_device_add -- functionpoint
[    0.129879] drivers/pci/pci.c 2409 pci_pm_init -- functionpoint
[    0.129887] pci 0000:00:16.0: drivers/pci/pci.c 2450 pci_pm_init --functionpoint-- supports
[    0.129891] pci 0000:00:16.0: PME# supported from D3hot
[    0.129892] pci 0000:00:16.0: drivers/pci/pci.c 2462 pci_pm_init --functionpoint-- PME# supported from D3hot
[    0.129898] pci 0000:00:16.0: drivers/pci/pci.c 1891 pci_pme_active --functionpoint-- PME# disabled
[    0.130964] drivers/pci/probe.c 2288 pci_scan_slot -- functionpoint -- fn = 0, devfn = 176, fn+devfn = 176
[    0.130967] drivers/pci/probe.c 2220 next_fn -- functionpoint
[    0.130967] drivers/pci/probe.c 2196 pci_scan_single_device -- functionpoint
[    0.130968] drivers/pci/search.c 206 pci_get_slot -- functionpoint
[    0.130970] drivers/pci/search.c 215 pci_get_slot return value is NULL -- functionpoint
[    0.130972] drivers/pci/probe.c 2035 pci_scan_device -- functionpoint
[    0.130973] drivers/pci/probe.c 2009 pci_bus_read_dev_vendor_id -- functionpoint
[    0.130984] drivers/pci/probe.c 2298 pci_scan_slot -- functionpoint -- fn = 1, devfn = 176, fn+devfn = 177
[    0.130988] drivers/pci/probe.c 2220 next_fn -- functionpoint
[    0.130988] drivers/pci/probe.c 2196 pci_scan_single_device -- functionpoint
[    0.130990] drivers/pci/search.c 206 pci_get_slot -- functionpoint
[    0.130991] drivers/pci/search.c 215 pci_get_slot return value is NULL -- functionpoint
[    0.130993] drivers/pci/probe.c 2035 pci_scan_device -- functionpoint
[    0.130995] drivers/pci/probe.c 2009 pci_bus_read_dev_vendor_id -- functionpoint
[    0.131009] drivers/pci/probe.c 2298 pci_scan_slot -- functionpoint -- fn = 2, devfn = 176, fn+devfn = 178
[    0.131012] drivers/pci/probe.c 2220 next_fn -- functionpoint
[    0.131012] drivers/pci/probe.c 2196 pci_scan_single_device -- functionpoint
[    0.131014] drivers/pci/search.c 206 pci_get_slot -- functionpoint
[    0.131016] drivers/pci/search.c 215 pci_get_slot return value is NULL -- functionpoint
[    0.131017] drivers/pci/probe.c 2035 pci_scan_device -- functionpoint
[    0.131019] drivers/pci/probe.c 2009 pci_bus_read_dev_vendor_id -- functionpoint
[    0.131027] drivers/pci/probe.c 2048 pci_scan_device -- functionpoint -- dev_vendor: 8086, dev_device: a363
[    0.131031] drivers/pci/probe.c 1453 pci_setup_device -- functionpoint
[    0.131032] drivers/pci/probe.c 1242 set_pcie_port_type -- functionpoint
[    0.131043] pci 0000:00:16.3: [8086:a363] type 00 class 0x070002
[    0.131046] pci 0000:00:16.3: drivers/pci/probe.c 1482 pci_setup_device functionpoint -- [8086:a363] type 00 class 0x070002 multifunction 01
[    0.131060] drivers/pci/probe.c 1513 pci_setup_device  switch case PCI_HEADER_TYPE_NORMAL -- functionpoint
[    0.131071] pci 0000:00:16.3: reg 0x10: [io  0x4088-0x408f]
[    0.131081] pci 0000:00:16.3: reg 0x14: [mem 0xf1237000-0xf1237fff]
[    0.131122] drivers/pci/probe.c 2145 pci_device_add -- functionpoint
[    0.131157] drivers/pci/pci.c 2409 pci_pm_init -- functionpoint
[    0.131167] pci 0000:00:16.3: drivers/pci/pci.c 2450 pci_pm_init --functionpoint-- supports
[    0.132175] drivers/pci/probe.c 2298 pci_scan_slot -- functionpoint -- fn = 3, devfn = 176, fn+devfn = 179
[    0.132178] drivers/pci/probe.c 2220 next_fn -- functionpoint
[    0.132178] drivers/pci/probe.c 2196 pci_scan_single_device -- functionpoint
[    0.132179] drivers/pci/search.c 206 pci_get_slot -- functionpoint
[    0.132181] drivers/pci/search.c 215 pci_get_slot return value is NULL -- functionpoint
[    0.132183] drivers/pci/probe.c 2035 pci_scan_device -- functionpoint
[    0.132184] drivers/pci/probe.c 2009 pci_bus_read_dev_vendor_id -- functionpoint
[    0.132196] drivers/pci/probe.c 2298 pci_scan_slot -- functionpoint -- fn = 4, devfn = 176, fn+devfn = 180
[    0.132199] drivers/pci/probe.c 2220 next_fn -- functionpoint
[    0.132200] drivers/pci/probe.c 2196 pci_scan_single_device -- functionpoint
[    0.132201] drivers/pci/search.c 206 pci_get_slot -- functionpoint
[    0.132203] drivers/pci/search.c 215 pci_get_slot return value is NULL -- functionpoint
[    0.132204] drivers/pci/probe.c 2035 pci_scan_device -- functionpoint
[    0.132206] drivers/pci/probe.c 2009 pci_bus_read_dev_vendor_id -- functionpoint
[    0.132221] drivers/pci/probe.c 2298 pci_scan_slot -- functionpoint -- fn = 5, devfn = 176, fn+devfn = 181
[    0.132225] drivers/pci/probe.c 2220 next_fn -- functionpoint
[    0.132225] drivers/pci/probe.c 2196 pci_scan_single_device -- functionpoint
[    0.132227] drivers/pci/search.c 206 pci_get_slot -- functionpoint
[    0.132228] drivers/pci/search.c 215 pci_get_slot return value is NULL -- functionpoint
[    0.132230] drivers/pci/probe.c 2035 pci_scan_device -- functionpoint
[    0.132231] drivers/pci/probe.c 2009 pci_bus_read_dev_vendor_id -- functionpoint
[    0.132246] drivers/pci/probe.c 2298 pci_scan_slot -- functionpoint -- fn = 6, devfn = 176, fn+devfn = 182
[    0.132250] drivers/pci/probe.c 2220 next_fn -- functionpoint
[    0.132250] drivers/pci/probe.c 2196 pci_scan_single_device -- functionpoint
[    0.132252] drivers/pci/search.c 206 pci_get_slot -- functionpoint
[    0.132253] drivers/pci/search.c 215 pci_get_slot return value is NULL -- functionpoint
[    0.132255] drivers/pci/probe.c 2035 pci_scan_device -- functionpoint
[    0.132257] drivers/pci/probe.c 2009 pci_bus_read_dev_vendor_id -- functionpoint
[    0.132271] drivers/pci/probe.c 2298 pci_scan_slot -- functionpoint -- fn = 7, devfn = 176, fn+devfn = 183
[    0.132275] drivers/pci/probe.c 2220 next_fn -- functionpoint
[    0.132275] drivers/pci/probe.c 2281 pci_scan_slot -- functionpoint
[    0.132277] drivers/pci/probe.c 2196 pci_scan_single_device -- functionpoint
[    0.132278] drivers/pci/search.c 206 pci_get_slot -- functionpoint
[    0.132280] drivers/pci/search.c 215 pci_get_slot return value is NULL -- functionpoint
[    0.132281] drivers/pci/probe.c 2035 pci_scan_device -- functionpoint
[    0.132283] drivers/pci/probe.c 2009 pci_bus_read_dev_vendor_id -- functionpoint
[    0.132292] drivers/pci/probe.c 2048 pci_scan_device -- functionpoint -- dev_vendor: 8086, dev_device: a352
[    0.132296] drivers/pci/probe.c 1453 pci_setup_device -- functionpoint
[    0.132298] drivers/pci/probe.c 1242 set_pcie_port_type -- functionpoint
[    0.132310] pci 0000:00:17.0: [8086:a352] type 00 class 0x010601
[    0.132313] pci 0000:00:17.0: drivers/pci/probe.c 1482 pci_setup_device functionpoint -- [8086:a352] type 00 class 0x010601 multifunction 00
[    0.132328] drivers/pci/probe.c 1513 pci_setup_device  switch case PCI_HEADER_TYPE_NORMAL -- functionpoint
[    0.132343] pci 0000:00:17.0: reg 0x10: [mem 0xf1230000-0xf1231fff]
[    0.132356] pci 0000:00:17.0: reg 0x14: [mem 0xf1236000-0xf12360ff]
[    0.132367] pci 0000:00:17.0: reg 0x18: [io  0x4080-0x4087]
[    0.132378] pci 0000:00:17.0: reg 0x1c: [io  0x4090-0x4093]
[    0.132389] pci 0000:00:17.0: reg 0x20: [io  0x4060-0x407f]
[    0.132400] pci 0000:00:17.0: reg 0x24: [mem 0xf1235000-0xf12357ff]
[    0.132414] drivers/pci/probe.c 2145 pci_device_add -- functionpoint
[    0.132455] drivers/pci/pci.c 2409 pci_pm_init -- functionpoint
[    0.132465] pci 0000:00:17.0: drivers/pci/pci.c 2450 pci_pm_init --functionpoint-- supports
[    0.132468] pci 0000:00:17.0: PME# supported from D3hot
[    0.132469] pci 0000:00:17.0: drivers/pci/pci.c 2462 pci_pm_init --functionpoint-- PME# supported from D3hot
[    0.132475] pci 0000:00:17.0: drivers/pci/pci.c 1891 pci_pme_active --functionpoint-- PME# disabled
[    0.133567] drivers/pci/probe.c 2288 pci_scan_slot -- functionpoint -- fn = 0, devfn = 184, fn+devfn = 184
[    0.133570] drivers/pci/probe.c 2220 next_fn -- functionpoint
[    0.133570] drivers/pci/probe.c 2281 pci_scan_slot -- functionpoint
[    0.133572] drivers/pci/probe.c 2196 pci_scan_single_device -- functionpoint
[    0.133573] drivers/pci/search.c 206 pci_get_slot -- functionpoint
[    0.133575] drivers/pci/search.c 215 pci_get_slot return value is NULL -- functionpoint
[    0.133576] drivers/pci/probe.c 2035 pci_scan_device -- functionpoint
[    0.133578] drivers/pci/probe.c 2009 pci_bus_read_dev_vendor_id -- functionpoint
[    0.133590] drivers/pci/probe.c 2288 pci_scan_slot -- functionpoint -- fn = 0, devfn = 192, fn+devfn = 192
[    0.133593] drivers/pci/probe.c 2281 pci_scan_slot -- functionpoint
[    0.133593] drivers/pci/probe.c 2196 pci_scan_single_device -- functionpoint
[    0.133595] drivers/pci/search.c 206 pci_get_slot -- functionpoint
[    0.133597] drivers/pci/search.c 215 pci_get_slot return value is NULL -- functionpoint
[    0.133598] drivers/pci/probe.c 2035 pci_scan_device -- functionpoint
[    0.133600] drivers/pci/probe.c 2009 pci_bus_read_dev_vendor_id -- functionpoint
[    0.133615] drivers/pci/probe.c 2288 pci_scan_slot -- functionpoint -- fn = 0, devfn = 200, fn+devfn = 200
[    0.133618] drivers/pci/probe.c 2281 pci_scan_slot -- functionpoint
[    0.133619] drivers/pci/probe.c 2196 pci_scan_single_device -- functionpoint
[    0.133620] drivers/pci/search.c 206 pci_get_slot -- functionpoint
[    0.133622] drivers/pci/search.c 215 pci_get_slot return value is NULL -- functionpoint
[    0.133623] drivers/pci/probe.c 2035 pci_scan_device -- functionpoint
[    0.133625] drivers/pci/probe.c 2009 pci_bus_read_dev_vendor_id -- functionpoint
[    0.133640] drivers/pci/probe.c 2288 pci_scan_slot -- functionpoint -- fn = 0, devfn = 208, fn+devfn = 208
[    0.133643] drivers/pci/probe.c 2281 pci_scan_slot -- functionpoint
[    0.133644] drivers/pci/probe.c 2196 pci_scan_single_device -- functionpoint
[    0.133645] drivers/pci/search.c 206 pci_get_slot -- functionpoint
[    0.133647] drivers/pci/search.c 215 pci_get_slot return value is NULL -- functionpoint
[    0.133648] drivers/pci/probe.c 2035 pci_scan_device -- functionpoint
[    0.133650] drivers/pci/probe.c 2009 pci_bus_read_dev_vendor_id -- functionpoint
[    0.133657] drivers/pci/probe.c 2048 pci_scan_device -- functionpoint -- dev_vendor: 8086, dev_device: a32c
[    0.133660] drivers/pci/probe.c 1453 pci_setup_device -- functionpoint
[    0.133662] drivers/pci/probe.c 1242 set_pcie_port_type -- functionpoint
[    0.133671] drivers/pci/probe.c 1262 set_pcie_port_type --functionpoint-- root_port or pcie_bridge
[    0.133676] pci 0000:00:1b.0: [8086:a32c] type 01 class 0x060400
[    0.133679] pci 0000:00:1b.0: drivers/pci/probe.c 1482 pci_setup_device functionpoint -- [8086:a32c] type 01 class 0x060400 multifunction 01
[    0.133698] drivers/pci/probe.c 1566 pci_setup_device switch case PCI_HEADER_TYPE_BRIDGE -- functionpoint
[    0.133743] drivers/pci/probe.c 2145 pci_device_add -- functionpoint
[    0.133814] drivers/pci/pci.c 2409 pci_pm_init -- functionpoint
[    0.133826] pci 0000:00:1b.0: drivers/pci/pci.c 2450 pci_pm_init --functionpoint-- supports
[    0.133830] pci 0000:00:1b.0: PME# supported from D0 D3hot D3cold
[    0.133831] pci 0000:00:1b.0: drivers/pci/pci.c 2462 pci_pm_init --functionpoint-- PME# supported from D0 D3hot D3cold
[    0.133843] pci 0000:00:1b.0: drivers/pci/pci.c 1891 pci_pme_active --functionpoint-- PME# disabled
[    0.133875] pci 0000:00:1b.0: PTM enabled (root), 4dns granularity
[    0.134959] drivers/pci/probe.c 2288 pci_scan_slot -- functionpoint -- fn = 0, devfn = 216, fn+devfn = 216
[    0.134961] drivers/pci/probe.c 2220 next_fn -- functionpoint
[    0.134961] drivers/pci/probe.c 2196 pci_scan_single_device -- functionpoint
[    0.134963] drivers/pci/search.c 206 pci_get_slot -- functionpoint
[    0.134965] drivers/pci/search.c 215 pci_get_slot return value is NULL -- functionpoint
[    0.134966] drivers/pci/probe.c 2035 pci_scan_device -- functionpoint
[    0.134968] drivers/pci/probe.c 2009 pci_bus_read_dev_vendor_id -- functionpoint
[    0.134980] drivers/pci/probe.c 2298 pci_scan_slot -- functionpoint -- fn = 1, devfn = 216, fn+devfn = 217
[    0.134983] drivers/pci/probe.c 2220 next_fn -- functionpoint
[    0.134983] drivers/pci/probe.c 2196 pci_scan_single_device -- functionpoint
[    0.134985] drivers/pci/search.c 206 pci_get_slot -- functionpoint
[    0.134986] drivers/pci/search.c 215 pci_get_slot return value is NULL -- functionpoint
[    0.134988] drivers/pci/probe.c 2035 pci_scan_device -- functionpoint
[    0.134990] drivers/pci/probe.c 2009 pci_bus_read_dev_vendor_id -- functionpoint
[    0.135005] drivers/pci/probe.c 2298 pci_scan_slot -- functionpoint -- fn = 2, devfn = 216, fn+devfn = 218
[    0.135009] drivers/pci/probe.c 2220 next_fn -- functionpoint
[    0.135009] drivers/pci/probe.c 2196 pci_scan_single_device -- functionpoint
[    0.135010] drivers/pci/search.c 206 pci_get_slot -- functionpoint
[    0.135012] drivers/pci/search.c 215 pci_get_slot return value is NULL -- functionpoint
[    0.135014] drivers/pci/probe.c 2035 pci_scan_device -- functionpoint
[    0.135015] drivers/pci/probe.c 2009 pci_bus_read_dev_vendor_id -- functionpoint
[    0.135030] drivers/pci/probe.c 2298 pci_scan_slot -- functionpoint -- fn = 3, devfn = 216, fn+devfn = 219
[    0.135034] drivers/pci/probe.c 2220 next_fn -- functionpoint
[    0.135034] drivers/pci/probe.c 2196 pci_scan_single_device -- functionpoint
[    0.135035] drivers/pci/search.c 206 pci_get_slot -- functionpoint
[    0.135037] drivers/pci/search.c 215 pci_get_slot return value is NULL -- functionpoint
[    0.135038] drivers/pci/probe.c 2035 pci_scan_device -- functionpoint
[    0.135040] drivers/pci/probe.c 2009 pci_bus_read_dev_vendor_id -- functionpoint
[    0.135055] drivers/pci/probe.c 2298 pci_scan_slot -- functionpoint -- fn = 4, devfn = 216, fn+devfn = 220
[    0.135059] drivers/pci/probe.c 2220 next_fn -- functionpoint
[    0.135059] drivers/pci/probe.c 2196 pci_scan_single_device -- functionpoint
[    0.135060] drivers/pci/search.c 206 pci_get_slot -- functionpoint
[    0.135062] drivers/pci/search.c 215 pci_get_slot return value is NULL -- functionpoint
[    0.135064] drivers/pci/probe.c 2035 pci_scan_device -- functionpoint
[    0.135065] drivers/pci/probe.c 2009 pci_bus_read_dev_vendor_id -- functionpoint
[    0.135080] drivers/pci/probe.c 2298 pci_scan_slot -- functionpoint -- fn = 5, devfn = 216, fn+devfn = 221
[    0.135083] drivers/pci/probe.c 2220 next_fn -- functionpoint
[    0.135083] drivers/pci/probe.c 2196 pci_scan_single_device -- functionpoint
[    0.135085] drivers/pci/search.c 206 pci_get_slot -- functionpoint
[    0.135086] drivers/pci/search.c 215 pci_get_slot return value is NULL -- functionpoint
[    0.135088] drivers/pci/probe.c 2035 pci_scan_device -- functionpoint
[    0.135090] drivers/pci/probe.c 2009 pci_bus_read_dev_vendor_id -- functionpoint
[    0.135104] drivers/pci/probe.c 2298 pci_scan_slot -- functionpoint -- fn = 6, devfn = 216, fn+devfn = 222
[    0.135107] drivers/pci/probe.c 2220 next_fn -- functionpoint
[    0.135107] drivers/pci/probe.c 2196 pci_scan_single_device -- functionpoint
[    0.135109] drivers/pci/search.c 206 pci_get_slot -- functionpoint
[    0.135110] drivers/pci/search.c 215 pci_get_slot return value is NULL -- functionpoint
[    0.135112] drivers/pci/probe.c 2035 pci_scan_device -- functionpoint
[    0.135114] drivers/pci/probe.c 2009 pci_bus_read_dev_vendor_id -- functionpoint
[    0.135128] drivers/pci/probe.c 2298 pci_scan_slot -- functionpoint -- fn = 7, devfn = 216, fn+devfn = 223
[    0.135131] drivers/pci/probe.c 2220 next_fn -- functionpoint
[    0.135131] drivers/pci/probe.c 2281 pci_scan_slot -- functionpoint
[    0.135133] drivers/pci/probe.c 2196 pci_scan_single_device -- functionpoint
[    0.135134] drivers/pci/search.c 206 pci_get_slot -- functionpoint
[    0.135136] drivers/pci/search.c 215 pci_get_slot return value is NULL -- functionpoint
[    0.135137] drivers/pci/probe.c 2035 pci_scan_device -- functionpoint
[    0.135139] drivers/pci/probe.c 2009 pci_bus_read_dev_vendor_id -- functionpoint
[    0.135146] drivers/pci/probe.c 2048 pci_scan_device -- functionpoint -- dev_vendor: 8086, dev_device: a33e
[    0.135150] drivers/pci/probe.c 1453 pci_setup_device -- functionpoint
[    0.135151] drivers/pci/probe.c 1242 set_pcie_port_type -- functionpoint
[    0.135160] drivers/pci/probe.c 1262 set_pcie_port_type --functionpoint-- root_port or pcie_bridge
[    0.135165] pci 0000:00:1c.0: [8086:a33e] type 01 class 0x060400
[    0.135168] pci 0000:00:1c.0: drivers/pci/probe.c 1482 pci_setup_device functionpoint -- [8086:a33e] type 01 class 0x060400 multifunction 01
[    0.135190] drivers/pci/probe.c 1566 pci_setup_device switch case PCI_HEADER_TYPE_BRIDGE -- functionpoint
[    0.135235] drivers/pci/probe.c 2145 pci_device_add -- functionpoint
[    0.135305] drivers/pci/pci.c 2409 pci_pm_init -- functionpoint
[    0.135318] pci 0000:00:1c.0: drivers/pci/pci.c 2450 pci_pm_init --functionpoint-- supports
[    0.135321] pci 0000:00:1c.0: PME# supported from D0 D3hot D3cold
[    0.135323] pci 0000:00:1c.0: drivers/pci/pci.c 2462 pci_pm_init --functionpoint-- PME# supported from D0 D3hot D3cold
[    0.135328] pci 0000:00:1c.0: drivers/pci/pci.c 1891 pci_pme_active --functionpoint-- PME# disabled
[    0.135361] pci 0000:00:1c.0: PTM enabled (root), 4dns granularity
[    0.136445] drivers/pci/probe.c 2288 pci_scan_slot -- functionpoint -- fn = 0, devfn = 224, fn+devfn = 224
[    0.136447] drivers/pci/probe.c 2220 next_fn -- functionpoint
[    0.136448] drivers/pci/probe.c 2196 pci_scan_single_device -- functionpoint
[    0.136449] drivers/pci/search.c 206 pci_get_slot -- functionpoint
[    0.136451] drivers/pci/search.c 215 pci_get_slot return value is NULL -- functionpoint
[    0.136452] drivers/pci/probe.c 2035 pci_scan_device -- functionpoint
[    0.136454] drivers/pci/probe.c 2009 pci_bus_read_dev_vendor_id -- functionpoint
[    0.136465] drivers/pci/probe.c 2298 pci_scan_slot -- functionpoint -- fn = 1, devfn = 224, fn+devfn = 225
[    0.136469] drivers/pci/probe.c 2220 next_fn -- functionpoint
[    0.136469] drivers/pci/probe.c 2196 pci_scan_single_device -- functionpoint
[    0.136471] drivers/pci/search.c 206 pci_get_slot -- functionpoint
[    0.136472] drivers/pci/search.c 215 pci_get_slot return value is NULL -- functionpoint
[    0.136474] drivers/pci/probe.c 2035 pci_scan_device -- functionpoint
[    0.136476] drivers/pci/probe.c 2009 pci_bus_read_dev_vendor_id -- functionpoint
[    0.136490] drivers/pci/probe.c 2298 pci_scan_slot -- functionpoint -- fn = 2, devfn = 224, fn+devfn = 226
[    0.136493] drivers/pci/probe.c 2220 next_fn -- functionpoint
[    0.136494] drivers/pci/probe.c 2196 pci_scan_single_device -- functionpoint
[    0.136495] drivers/pci/search.c 206 pci_get_slot -- functionpoint
[    0.136497] drivers/pci/search.c 215 pci_get_slot return value is NULL -- functionpoint
[    0.136498] drivers/pci/probe.c 2035 pci_scan_device -- functionpoint
[    0.136500] drivers/pci/probe.c 2009 pci_bus_read_dev_vendor_id -- functionpoint
[    0.136515] drivers/pci/probe.c 2298 pci_scan_slot -- functionpoint -- fn = 3, devfn = 224, fn+devfn = 227
[    0.136518] drivers/pci/probe.c 2220 next_fn -- functionpoint
[    0.136519] drivers/pci/probe.c 2196 pci_scan_single_device -- functionpoint
[    0.136520] drivers/pci/search.c 206 pci_get_slot -- functionpoint
[    0.136522] drivers/pci/search.c 215 pci_get_slot return value is NULL -- functionpoint
[    0.136523] drivers/pci/probe.c 2035 pci_scan_device -- functionpoint
[    0.136525] drivers/pci/probe.c 2009 pci_bus_read_dev_vendor_id -- functionpoint
[    0.136540] drivers/pci/probe.c 2298 pci_scan_slot -- functionpoint -- fn = 4, devfn = 224, fn+devfn = 228
[    0.136543] drivers/pci/probe.c 2220 next_fn -- functionpoint
[    0.136544] drivers/pci/probe.c 2196 pci_scan_single_device -- functionpoint
[    0.136545] drivers/pci/search.c 206 pci_get_slot -- functionpoint
[    0.136547] drivers/pci/search.c 215 pci_get_slot return value is NULL -- functionpoint
[    0.136548] drivers/pci/probe.c 2035 pci_scan_device -- functionpoint
[    0.136550] drivers/pci/probe.c 2009 pci_bus_read_dev_vendor_id -- functionpoint
[    0.136565] drivers/pci/probe.c 2298 pci_scan_slot -- functionpoint -- fn = 5, devfn = 224, fn+devfn = 229
[    0.136568] drivers/pci/probe.c 2220 next_fn -- functionpoint
[    0.136569] drivers/pci/probe.c 2196 pci_scan_single_device -- functionpoint
[    0.136570] drivers/pci/search.c 206 pci_get_slot -- functionpoint
[    0.136572] drivers/pci/search.c 215 pci_get_slot return value is NULL -- functionpoint
[    0.136573] drivers/pci/probe.c 2035 pci_scan_device -- functionpoint
[    0.136575] drivers/pci/probe.c 2009 pci_bus_read_dev_vendor_id -- functionpoint
[    0.136589] drivers/pci/probe.c 2298 pci_scan_slot -- functionpoint -- fn = 6, devfn = 224, fn+devfn = 230
[    0.136592] drivers/pci/probe.c 2220 next_fn -- functionpoint
[    0.136592] drivers/pci/probe.c 2196 pci_scan_single_device -- functionpoint
[    0.136594] drivers/pci/search.c 206 pci_get_slot -- functionpoint
[    0.136595] drivers/pci/search.c 215 pci_get_slot return value is NULL -- functionpoint
[    0.136597] drivers/pci/probe.c 2035 pci_scan_device -- functionpoint
[    0.136599] drivers/pci/probe.c 2009 pci_bus_read_dev_vendor_id -- functionpoint
[    0.136614] drivers/pci/probe.c 2298 pci_scan_slot -- functionpoint -- fn = 7, devfn = 224, fn+devfn = 231
[    0.136617] drivers/pci/probe.c 2220 next_fn -- functionpoint
[    0.136618] drivers/pci/probe.c 2281 pci_scan_slot -- functionpoint
[    0.136619] drivers/pci/probe.c 2196 pci_scan_single_device -- functionpoint
[    0.136621] drivers/pci/search.c 206 pci_get_slot -- functionpoint
[    0.136622] drivers/pci/search.c 215 pci_get_slot return value is NULL -- functionpoint
[    0.136624] drivers/pci/probe.c 2035 pci_scan_device -- functionpoint
[    0.136626] drivers/pci/probe.c 2009 pci_bus_read_dev_vendor_id -- functionpoint
[    0.136638] drivers/pci/probe.c 2288 pci_scan_slot -- functionpoint -- fn = 0, devfn = 232, fn+devfn = 232
[    0.136641] drivers/pci/probe.c 2281 pci_scan_slot -- functionpoint
[    0.136641] drivers/pci/probe.c 2196 pci_scan_single_device -- functionpoint
[    0.136643] drivers/pci/search.c 206 pci_get_slot -- functionpoint
[    0.136645] drivers/pci/search.c 215 pci_get_slot return value is NULL -- functionpoint
[    0.136646] drivers/pci/probe.c 2035 pci_scan_device -- functionpoint
[    0.136648] drivers/pci/probe.c 2009 pci_bus_read_dev_vendor_id -- functionpoint
[    0.136658] drivers/pci/probe.c 2288 pci_scan_slot -- functionpoint -- fn = 0, devfn = 240, fn+devfn = 240
[    0.136661] drivers/pci/probe.c 2281 pci_scan_slot -- functionpoint
[    0.136661] drivers/pci/probe.c 2196 pci_scan_single_device -- functionpoint
[    0.136663] drivers/pci/search.c 206 pci_get_slot -- functionpoint
[    0.136664] drivers/pci/search.c 215 pci_get_slot return value is NULL -- functionpoint
[    0.136666] drivers/pci/probe.c 2035 pci_scan_device -- functionpoint
[    0.136668] drivers/pci/probe.c 2009 pci_bus_read_dev_vendor_id -- functionpoint
[    0.136682] drivers/pci/probe.c 2048 pci_scan_device -- functionpoint -- dev_vendor: 8086, dev_device: a306
[    0.136685] drivers/pci/probe.c 1453 pci_setup_device -- functionpoint
[    0.136687] drivers/pci/probe.c 1242 set_pcie_port_type -- functionpoint
[    0.136694] pci 0000:00:1f.0: [8086:a306] type 00 class 0x060100
[    0.136696] pci 0000:00:1f.0: drivers/pci/probe.c 1482 pci_setup_device functionpoint -- [8086:a306] type 00 class 0x060100 multifunction 01
[    0.136706] drivers/pci/probe.c 1513 pci_setup_device  switch case PCI_HEADER_TYPE_NORMAL -- functionpoint
[    0.136783] drivers/pci/probe.c 2145 pci_device_add -- functionpoint
[    0.136796] drivers/pci/pci.c 2409 pci_pm_init -- functionpoint
[    0.137830] drivers/pci/probe.c 2288 pci_scan_slot -- functionpoint -- fn = 0, devfn = 248, fn+devfn = 248
[    0.137834] drivers/pci/probe.c 2220 next_fn -- functionpoint
[    0.137834] drivers/pci/probe.c 2196 pci_scan_single_device -- functionpoint
[    0.137835] drivers/pci/search.c 206 pci_get_slot -- functionpoint
[    0.137837] drivers/pci/search.c 215 pci_get_slot return value is NULL -- functionpoint
[    0.137839] drivers/pci/probe.c 2035 pci_scan_device -- functionpoint
[    0.137840] drivers/pci/probe.c 2009 pci_bus_read_dev_vendor_id -- functionpoint
[    0.137852] drivers/pci/probe.c 2298 pci_scan_slot -- functionpoint -- fn = 1, devfn = 248, fn+devfn = 249
[    0.137855] drivers/pci/probe.c 2220 next_fn -- functionpoint
[    0.137856] drivers/pci/probe.c 2196 pci_scan_single_device -- functionpoint
[    0.137857] drivers/pci/search.c 206 pci_get_slot -- functionpoint
[    0.137859] drivers/pci/search.c 215 pci_get_slot return value is NULL -- functionpoint
[    0.137860] drivers/pci/probe.c 2035 pci_scan_device -- functionpoint
[    0.137862] drivers/pci/probe.c 2009 pci_bus_read_dev_vendor_id -- functionpoint
[    0.137878] drivers/pci/probe.c 2298 pci_scan_slot -- functionpoint -- fn = 2, devfn = 248, fn+devfn = 250
[    0.137881] drivers/pci/probe.c 2220 next_fn -- functionpoint
[    0.137881] drivers/pci/probe.c 2196 pci_scan_single_device -- functionpoint
[    0.137883] drivers/pci/search.c 206 pci_get_slot -- functionpoint
[    0.137884] drivers/pci/search.c 215 pci_get_slot return value is NULL -- functionpoint
[    0.137886] drivers/pci/probe.c 2035 pci_scan_device -- functionpoint
[    0.137888] drivers/pci/probe.c 2009 pci_bus_read_dev_vendor_id -- functionpoint
[    0.137898] drivers/pci/probe.c 2048 pci_scan_device -- functionpoint -- dev_vendor: 8086, dev_device: a348
[    0.137902] drivers/pci/probe.c 1453 pci_setup_device -- functionpoint
[    0.137904] drivers/pci/probe.c 1242 set_pcie_port_type -- functionpoint
[    0.137928] pci 0000:00:1f.3: [8086:a348] type 00 class 0x040300
[    0.137931] pci 0000:00:1f.3: drivers/pci/probe.c 1482 pci_setup_device functionpoint -- [8086:a348] type 00 class 0x040300 multifunction 00
[    0.137965] drivers/pci/probe.c 1513 pci_setup_device  switch case PCI_HEADER_TYPE_NORMAL -- functionpoint
[    0.138006] pci 0000:00:1f.3: reg 0x10: [mem 0x4000100000-0x4000103fff 64bit]
[    0.138072] pci 0000:00:1f.3: reg 0x20: [mem 0x4000000000-0x40000fffff 64bit]
[    0.138098] drivers/pci/probe.c 2145 pci_device_add -- functionpoint
[    0.138192] drivers/pci/pci.c 2409 pci_pm_init -- functionpoint
[    0.138207] pci 0000:00:1f.3: drivers/pci/pci.c 2450 pci_pm_init --functionpoint-- supports
[    0.138211] pci 0000:00:1f.3: PME# supported from D3hot D3cold
[    0.138212] pci 0000:00:1f.3: drivers/pci/pci.c 2462 pci_pm_init --functionpoint-- PME# supported from D3hot D3cold
[    0.138231] pci 0000:00:1f.3: drivers/pci/pci.c 1891 pci_pme_active --functionpoint-- PME# disabled
[    0.139370] drivers/pci/probe.c 2298 pci_scan_slot -- functionpoint -- fn = 3, devfn = 248, fn+devfn = 251
[    0.139372] drivers/pci/probe.c 2220 next_fn -- functionpoint
[    0.139373] drivers/pci/probe.c 2196 pci_scan_single_device -- functionpoint
[    0.139374] drivers/pci/search.c 206 pci_get_slot -- functionpoint
[    0.139376] drivers/pci/search.c 215 pci_get_slot return value is NULL -- functionpoint
[    0.139378] drivers/pci/probe.c 2035 pci_scan_device -- functionpoint
[    0.139379] drivers/pci/probe.c 2009 pci_bus_read_dev_vendor_id -- functionpoint
[    0.139392] drivers/pci/probe.c 2048 pci_scan_device -- functionpoint -- dev_vendor: 8086, dev_device: a323
[    0.139395] drivers/pci/probe.c 1453 pci_setup_device -- functionpoint
[    0.139403] drivers/pci/probe.c 1242 set_pcie_port_type -- functionpoint
[    0.139425] pci 0000:00:1f.4: [8086:a323] type 00 class 0x0c0500
[    0.139428] pci 0000:00:1f.4: drivers/pci/probe.c 1482 pci_setup_device functionpoint -- [8086:a323] type 00 class 0x0c0500 multifunction 00
[    0.139453] drivers/pci/probe.c 1513 pci_setup_device  switch case PCI_HEADER_TYPE_NORMAL -- functionpoint
[    0.139498] pci 0000:00:1f.4: reg 0x10: [mem 0x4000104000-0x40001040ff 64bit]
[    0.139561] pci 0000:00:1f.4: reg 0x20: [io  0xefa0-0xefbf]
[    0.139609] drivers/pci/probe.c 2145 pci_device_add -- functionpoint
[    0.139636] drivers/pci/pci.c 2409 pci_pm_init -- functionpoint
[    0.140683] drivers/pci/probe.c 2298 pci_scan_slot -- functionpoint -- fn = 4, devfn = 248, fn+devfn = 252
[    0.140686] drivers/pci/probe.c 2220 next_fn -- functionpoint
[    0.140687] drivers/pci/probe.c 2196 pci_scan_single_device -- functionpoint
[    0.140688] drivers/pci/search.c 206 pci_get_slot -- functionpoint
[    0.140690] drivers/pci/search.c 215 pci_get_slot return value is NULL -- functionpoint
[    0.140692] drivers/pci/probe.c 2035 pci_scan_device -- functionpoint
[    0.140694] drivers/pci/probe.c 2009 pci_bus_read_dev_vendor_id -- functionpoint
[    0.140704] drivers/pci/probe.c 2048 pci_scan_device -- functionpoint -- dev_vendor: 8086, dev_device: a324
[    0.140708] drivers/pci/probe.c 1453 pci_setup_device -- functionpoint
[    0.140709] drivers/pci/probe.c 1242 set_pcie_port_type -- functionpoint
[    0.140716] pci 0000:00:1f.5: [8086:a324] type 00 class 0x0c8000
[    0.140718] pci 0000:00:1f.5: drivers/pci/probe.c 1482 pci_setup_device functionpoint -- [8086:a324] type 00 class 0x0c8000 multifunction 00
[    0.140728] drivers/pci/probe.c 1513 pci_setup_device  switch case PCI_HEADER_TYPE_NORMAL -- functionpoint
[    0.140741] pci 0000:00:1f.5: reg 0x10: [mem 0xfe010000-0xfe010fff]
[    0.140808] drivers/pci/probe.c 2145 pci_device_add -- functionpoint
[    0.140820] drivers/pci/pci.c 2409 pci_pm_init -- functionpoint
[    0.141817] drivers/pci/probe.c 2298 pci_scan_slot -- functionpoint -- fn = 5, devfn = 248, fn+devfn = 253
[    0.141821] drivers/pci/probe.c 2220 next_fn -- functionpoint
[    0.141821] drivers/pci/probe.c 2196 pci_scan_single_device -- functionpoint
[    0.141823] drivers/pci/search.c 206 pci_get_slot -- functionpoint
[    0.141825] drivers/pci/search.c 215 pci_get_slot return value is NULL -- functionpoint
[    0.141826] drivers/pci/probe.c 2035 pci_scan_device -- functionpoint
[    0.141828] drivers/pci/probe.c 2009 pci_bus_read_dev_vendor_id -- functionpoint
[    0.141835] drivers/pci/probe.c 2048 pci_scan_device -- functionpoint -- dev_vendor: 8086, dev_device: 15bb
[    0.141839] drivers/pci/probe.c 1453 pci_setup_device -- functionpoint
[    0.141842] drivers/pci/probe.c 1242 set_pcie_port_type -- functionpoint
[    0.141861] pci 0000:00:1f.6: [8086:15bb] type 00 class 0x020000
[    0.141864] pci 0000:00:1f.6: drivers/pci/probe.c 1482 pci_setup_device functionpoint -- [8086:15bb] type 00 class 0x020000 multifunction 00
[    0.141879] drivers/pci/search.c 206 pci_get_slot -- functionpoint
[    0.141893] drivers/pci/probe.c 1513 pci_setup_device  switch case PCI_HEADER_TYPE_NORMAL -- functionpoint
[    0.141925] pci 0000:00:1f.6: reg 0x10: [mem 0xf1200000-0xf121ffff]
[    0.142073] drivers/pci/probe.c 2145 pci_device_add -- functionpoint
[    0.142150] drivers/pci/pci.c 2409 pci_pm_init -- functionpoint
[    0.142165] pci 0000:00:1f.6: drivers/pci/pci.c 2450 pci_pm_init --functionpoint-- supports
[    0.142169] pci 0000:00:1f.6: PME# supported from D0 D3hot D3cold
[    0.142170] pci 0000:00:1f.6: drivers/pci/pci.c 2462 pci_pm_init --functionpoint-- PME# supported from D0 D3hot D3cold
[    0.142189] pci 0000:00:1f.6: drivers/pci/pci.c 1891 pci_pme_active --functionpoint-- PME# disabled
[    0.143201] drivers/pci/probe.c 2298 pci_scan_slot -- functionpoint -- fn = 6, devfn = 248, fn+devfn = 254
[    0.143203] drivers/pci/probe.c 2220 next_fn -- functionpoint
[    0.143204] drivers/pci/probe.c 2196 pci_scan_single_device -- functionpoint
[    0.143205] drivers/pci/search.c 206 pci_get_slot -- functionpoint
[    0.143207] drivers/pci/search.c 215 pci_get_slot return value is NULL -- functionpoint
[    0.143209] drivers/pci/probe.c 2035 pci_scan_device -- functionpoint
[    0.143211] drivers/pci/probe.c 2009 pci_bus_read_dev_vendor_id -- functionpoint
[    0.143222] drivers/pci/probe.c 2298 pci_scan_slot -- functionpoint -- fn = 7, devfn = 248, fn+devfn = 255
[    0.143225] drivers/pci/probe.c 2220 next_fn -- functionpoint
[    0.143226] drivers/pci/probe.c 463 pci_read_bridge_bases -- functionpoint
[    0.143228] drivers/pci/probe.c 1002 pci_scan_bridge_extend -- functionpoint
[    0.143239] pci 0000:00:1b.0: drivers/pci/probe.c 1016 pci_scan_bridge_extend -- functionpoint -- scanning [bus 01-01] behind bridge, pass 0
[    0.143247] drivers/pci/search.c 144 pci_find_bus -- functionpoint
[    0.143247] drivers/pci/search.c 145 pci_find_bus functionpoint -- domain_num = 0, bus_num = 1
[    0.143250] drivers/pci/search.c 176 pci_find_next_bus -- functionpoint
[    0.143251] drivers/pci/search.c 176 pci_find_next_bus -- functionpoint
[    0.143252] drivers/pci/search.c 157 pci_find_bus not found bus -- functionpoint
[    0.143311] drivers/pci/probe.c 2009 pci_bus_read_dev_vendor_id -- functionpoint
[    0.143327] drivers/pci/probe.c 2497 pci_scan_child_bus_extend -- functionpoint
[    0.143330] pci_bus 0000:01: drivers/pci/probe.c 2501 pci_scan_child_bus_extend-- functionpoint -- scanning bus
[    0.143333] drivers/pci/probe.c 2281 pci_scan_slot -- functionpoint
[    0.143334] drivers/pci/probe.c 2196 pci_scan_single_device -- functionpoint
[    0.143335] drivers/pci/search.c 206 pci_get_slot -- functionpoint
[    0.143337] drivers/pci/search.c 215 pci_get_slot return value is NULL -- functionpoint
[    0.143338] drivers/pci/probe.c 2035 pci_scan_device -- functionpoint
[    0.143340] drivers/pci/probe.c 2009 pci_bus_read_dev_vendor_id -- functionpoint
[    0.143349] drivers/pci/probe.c 2048 pci_scan_device -- functionpoint -- dev_vendor: 1c5c, dev_device: 1339
[    0.143352] drivers/pci/probe.c 1453 pci_setup_device -- functionpoint
[    0.143354] drivers/pci/probe.c 1242 set_pcie_port_type -- functionpoint
[    0.143371] pci 0000:01:00.0: [1c5c:1339] type 00 class 0x010802
[    0.143373] pci 0000:01:00.0: drivers/pci/probe.c 1482 pci_setup_device functionpoint -- [1c5c:1339] type 00 class 0x010802 multifunction 00
[    0.143400] drivers/pci/probe.c 1513 pci_setup_device  switch case PCI_HEADER_TYPE_NORMAL -- functionpoint
[    0.143421] pci 0000:01:00.0: reg 0x10: [mem 0xf1100000-0xf1103fff 64bit]
[    0.143477] drivers/pci/probe.c 2145 pci_device_add -- functionpoint
[    0.143567] drivers/pci/pci.c 2409 pci_pm_init -- functionpoint
[    0.143576] pci 0000:01:00.0: supports D1
[    0.143578] pci 0000:01:00.0: drivers/pci/pci.c 2450 pci_pm_init --functionpoint-- supports D1
[    0.143580] pci 0000:01:00.0: PME# supported from D0 D1 D3hot
[    0.143582] pci 0000:01:00.0: drivers/pci/pci.c 2462 pci_pm_init --functionpoint-- PME# supported from D0 D1 D3hot
[    0.143593] pci 0000:01:00.0: drivers/pci/pci.c 1891 pci_pme_active --functionpoint-- PME# disabled
[    0.143684] drivers/pci/probe.c 2288 pci_scan_slot -- functionpoint -- fn = 0, devfn = 0, fn+devfn = 0
[    0.143686] drivers/pci/probe.c 2220 next_fn -- functionpoint
[    0.152074] drivers/pci/probe.c 2281 pci_scan_slot -- functionpoint
[    0.152076] drivers/pci/probe.c 2281 pci_scan_slot -- functionpoint
[    0.152078] drivers/pci/probe.c 2281 pci_scan_slot -- functionpoint
[    0.152079] drivers/pci/probe.c 2281 pci_scan_slot -- functionpoint
[    0.152081] drivers/pci/probe.c 2281 pci_scan_slot -- functionpoint
[    0.152082] drivers/pci/probe.c 2281 pci_scan_slot -- functionpoint
[    0.152083] drivers/pci/probe.c 2281 pci_scan_slot -- functionpoint
[    0.152085] drivers/pci/probe.c 2281 pci_scan_slot -- functionpoint
[    0.152086] drivers/pci/probe.c 2281 pci_scan_slot -- functionpoint
[    0.152088] drivers/pci/probe.c 2281 pci_scan_slot -- functionpoint
[    0.152089] drivers/pci/probe.c 2281 pci_scan_slot -- functionpoint
[    0.152091] drivers/pci/probe.c 2281 pci_scan_slot -- functionpoint
[    0.152092] drivers/pci/probe.c 2281 pci_scan_slot -- functionpoint
[    0.152094] drivers/pci/probe.c 2281 pci_scan_slot -- functionpoint
[    0.152095] drivers/pci/probe.c 2281 pci_scan_slot -- functionpoint
[    0.152097] drivers/pci/probe.c 2281 pci_scan_slot -- functionpoint
[    0.152098] drivers/pci/probe.c 2281 pci_scan_slot -- functionpoint
[    0.152100] drivers/pci/probe.c 2281 pci_scan_slot -- functionpoint
[    0.152101] drivers/pci/probe.c 2281 pci_scan_slot -- functionpoint
[    0.152103] drivers/pci/probe.c 2281 pci_scan_slot -- functionpoint
[    0.152104] drivers/pci/probe.c 2281 pci_scan_slot -- functionpoint
[    0.152106] drivers/pci/probe.c 2281 pci_scan_slot -- functionpoint
[    0.152107] drivers/pci/probe.c 2281 pci_scan_slot -- functionpoint
[    0.152109] drivers/pci/probe.c 2281 pci_scan_slot -- functionpoint
[    0.152110] drivers/pci/probe.c 2281 pci_scan_slot -- functionpoint
[    0.152111] drivers/pci/probe.c 2281 pci_scan_slot -- functionpoint
[    0.152113] drivers/pci/probe.c 2281 pci_scan_slot -- functionpoint
[    0.152114] drivers/pci/probe.c 2281 pci_scan_slot -- functionpoint
[    0.152116] drivers/pci/probe.c 2281 pci_scan_slot -- functionpoint
[    0.152117] drivers/pci/probe.c 2281 pci_scan_slot -- functionpoint
[    0.152119] drivers/pci/probe.c 2281 pci_scan_slot -- functionpoint
[    0.152120] drivers/pci/probe.c 463 pci_read_bridge_bases -- functionpoint
[    0.152123] pci 0000:00:1b.0: PCI bridge to [bus 01]
[    0.152136] pci 0000:00:1b.0:   bridge window [mem 0xf1100000-0xf11fffff]
[    0.152143] pci_bus 0000:01: drivers/pci/probe.c 2599 pci_scan_child_bus_extend -- functionpoint -- bus scan returning with max=01
[    0.152147] drivers/pci/probe.c 1002 pci_scan_bridge_extend -- functionpoint
[    0.152150] pci 0000:00:1c.0: drivers/pci/probe.c 1016 pci_scan_bridge_extend -- functionpoint -- scanning [bus 02-03] behind bridge, pass 0
[    0.152157] drivers/pci/search.c 144 pci_find_bus -- functionpoint
[    0.152158] drivers/pci/search.c 145 pci_find_bus functionpoint -- domain_num = 0, bus_num = 2
[    0.152161] drivers/pci/search.c 176 pci_find_next_bus -- functionpoint
