[    0.000000] microcode: microcode updated early to revision 0xde, date = 2020-05-24
[    0.000000] Linux version 4.15.9+ (root@Yee-680G4) (gcc version 5.5.0 20171010 (Ubuntu 5.5.0-12ubuntu1~16.04)) #58 SMP Wed Dec 30 11:09:02 CST 2020
[    0.000000] Command line: BOOT_IMAGE=/boot/vmlinuz-4.15.9+ root=UUID=da0e40f1-3840-43a9-b61a-7b465a7673d3 ro quiet splash vt.handoff=7
[    0.000000] KERNEL supported cpus:
[    0.000000]   Intel GenuineIntel
[    0.000000]   AMD AuthenticAMD
[    0.000000]   Centaur CentaurHauls
[    0.000000] x86/fpu: Supporting XSAVE feature 0x001: 'x87 floating point registers'
[    0.000000] x86/fpu: Supporting XSAVE feature 0x002: 'SSE registers'
[    0.000000] x86/fpu: Supporting XSAVE feature 0x004: 'AVX registers'
[    0.000000] x86/fpu: Supporting XSAVE feature 0x008: 'MPX bounds registers'
[    0.000000] x86/fpu: Supporting XSAVE feature 0x010: 'MPX CSR'
[    0.000000] x86/fpu: xstate_offset[2]:  576, xstate_sizes[2]:  256
[    0.000000] x86/fpu: xstate_offset[3]:  832, xstate_sizes[3]:   64
[    0.000000] x86/fpu: xstate_offset[4]:  896, xstate_sizes[4]:   64
[    0.000000] x86/fpu: Enabled xstate features 0x1f, context size is 960 bytes, using 'compacted' format.
[    0.000000] e820: BIOS-provided physical RAM map:
[    0.000000] BIOS-e820: [mem 0x0000000000000000-0x000000000009efff] usable
[    0.000000] BIOS-e820: [mem 0x000000000009f000-0x00000000000fffff] reserved
[    0.000000] BIOS-e820: [mem 0x0000000000100000-0x00000000be6aafff] usable
[    0.000000] BIOS-e820: [mem 0x00000000be6ab000-0x00000000bf98efff] reserved
[    0.000000] BIOS-e820: [mem 0x00000000bf98f000-0x00000000bfb8efff] ACPI NVS
[    0.000000] BIOS-e820: [mem 0x00000000bfb8f000-0x00000000bfc0efff] ACPI data
[    0.000000] BIOS-e820: [mem 0x00000000bfc0f000-0x00000000bfc0ffff] usable
[    0.000000] BIOS-e820: [mem 0x00000000bfc10000-0x00000000d47fffff] reserved
[    0.000000] BIOS-e820: [mem 0x00000000fe010000-0x00000000fe010fff] reserved
[    0.000000] BIOS-e820: [mem 0x00000000ff000000-0x00000000ffffffff] reserved
[    0.000000] BIOS-e820: [mem 0x0000000100000000-0x00000004277fffff] usable
[    0.000000] NX (Execute Disable) protection: active
[    0.000000] efi: EFI v2.60 by HP
[    0.000000] efi:  ACPI=0xbfc0e000  ACPI 2.0=0xbfc0e014  SMBIOS=0xbee75000  ESRT=0xbee76018  MEMATTR=0xaf74e018 
[    0.000000] random: fast init done
[    0.000000] SMBIOS 3.1 present.
[    0.000000] DMI: HP HP ProDesk 680 G4 MT/8580, BIOS R04 Ver. 02.11.01 04/27/2020
[    0.000000] e820: update [mem 0x00000000-0x00000fff] usable ==> reserved
[    0.000000] e820: remove [mem 0x000a0000-0x000fffff] usable
[    0.000000] e820: last_pfn = 0x427800 max_arch_pfn = 0x400000000
[    0.000000] MTRR default type: write-back
[    0.000000] MTRR fixed ranges enabled:
[    0.000000]   00000-9FFFF write-back
[    0.000000]   A0000-BFFFF uncachable
[    0.000000]   C0000-FFFFF write-protect
[    0.000000] MTRR variable ranges enabled:
[    0.000000]   0 base 00E0000000 mask 7FE0000000 uncachable
[    0.000000]   1 base 00D0000000 mask 7FF0000000 uncachable
[    0.000000]   2 base 00C8000000 mask 7FF8000000 uncachable
[    0.000000]   3 base 00C4000000 mask 7FFC000000 uncachable
[    0.000000]   4 base 2000000000 mask 6000000000 uncachable
[    0.000000]   5 base 1000000000 mask 7000000000 uncachable
[    0.000000]   6 base 0800000000 mask 7800000000 uncachable
[    0.000000]   7 base 4000000000 mask 4000000000 uncachable
[    0.000000]   8 disabled
[    0.000000]   9 disabled
[    0.000000] x86/PAT: Configuration [0-7]: WB  WC  UC- UC  WB  WP  UC- WT  
[    0.000000] e820: last_pfn = 0xbfc10 max_arch_pfn = 0x400000000
[    0.000000] esrt: Reserving ESRT space from 0x00000000bee76018 to 0x00000000bee76050.
[    0.000000] Scanning 1 areas for low memory corruption
[    0.000000] Base memory trampoline at [        (ptrval)] 99000 size 24576
[    0.000000] Using GB pages for direct mapping
[    0.000000] BRK [0x370ffa000, 0x370ffafff] PGTABLE
[    0.000000] BRK [0x370ffb000, 0x370ffbfff] PGTABLE
[    0.000000] BRK [0x370ffc000, 0x370ffcfff] PGTABLE
[    0.000000] BRK [0x370ffd000, 0x370ffdfff] PGTABLE
[    0.000000] BRK [0x370ffe000, 0x370ffefff] PGTABLE
[    0.000000] BRK [0x370fff000, 0x370ffffff] PGTABLE
[    0.000000] BRK [0x371000000, 0x371000fff] PGTABLE
[    0.000000] BRK [0x371001000, 0x371001fff] PGTABLE
[    0.000000] Secure boot could not be determined
[    0.000000] RAMDISK: [mem 0x232ba000-0x3e1b0fff]
[    0.000000] ACPI: Early table checksum verification disabled
[    0.000000] ACPI: RSDP 0x00000000BFC0E014 000024 (v02 HPQOEM)
[    0.000000] ACPI: XSDT 0x00000000BFBC7188 0000DC (v01 HPQOEM SLIC-BPC 00000000 INTL 20160422)
[    0.000000] ACPI: FACP 0x00000000BFC08000 000114 (v06 HPQOEM SLIC-BPC 00000000 HP   00000001)
[    0.000000] ACPI: DSDT 0x00000000BFBE5000 01E092 (v02 HPQOEM 8580     00000000 INTL 20160527)
[    0.000000] ACPI: FACS 0x00000000BFB3F000 000040
[    0.000000] ACPI: SSDT 0x00000000BFC0C000 00012A (v02 HP     ShmTable 00000001 INTL 20160527)
[    0.000000] ACPI: SSDT 0x00000000BFC0A000 001B5F (v02 CpuRef CpuSsdt  00003000 INTL 20160527)
[    0.000000] ACPI: SSDT 0x00000000BFC09000 0009CF (v02 CtdpB  CtdpB    00001000 INTL 20160527)
[    0.000000] ACPI: HPET 0x00000000BFC07000 000038 (v01 HPQOEM 8580     00000001 HP   00000001)
[    0.000000] ACPI: APIC 0x00000000BFC06000 00012C (v03 HPQOEM 8580     00000001 HP   00000001)
[    0.000000] ACPI: MCFG 0x00000000BFC05000 00003C (v01 HPQOEM 8580     00000001 HP   00000001)
[    0.000000] ACPI: WSMT 0x00000000BFC04000 000028 (v01 HPQOEM 8580     00000001 HP   00000001)
[    0.000000] ACPI: SSDT 0x00000000BFBE4000 000734 (v01 HPQOEM PtidDevc 00001000 INTL 20160527)
[    0.000000] ACPI: SSDT 0x00000000BFBE3000 000B27 (v02 HPQOEM HP_XHC_P 00000000 INTL 20160527)
[    0.000000] ACPI: SSDT 0x00000000BFBDF000 0030ED (v02 SaSsdt SaSsdt   00003000 INTL 20160527)
[    0.000000] ACPI: LPIT 0x00000000BFBDE000 000094 (v01 INTEL  CFL      20170001 INTL 20160422)
[    0.000000] ACPI: WSMT 0x00000000BFBDD000 000028 (v01 INTEL  CFL      20170001 INTL 20160422)
[    0.000000] ACPI: SSDT 0x00000000BFBDC000 00044C (v02 INTEL  Wwan     00000001 INTL 20160527)
[    0.000000] ACPI: UEFI 0x00000000BFB39000 000042 (v01 INTEL  CFL      20170001 INTL 20160422)
[    0.000000] ACPI: OEML 0x00000000BFBDB000 000028 (v03 INTEL  CFL      20170001 INTL 20160422)
[    0.000000] ACPI: DMAR 0x00000000BFBDA000 0000C8 (v01 INTEL  CFL      00000002      01000013)
[    0.000000] ACPI: SSDT 0x00000000BFBCB000 00E899 (v01 HP     HPINDTWL 00001000 INTL 20160527)
[    0.000000] ACPI: SSDT 0x00000000BFBCA000 000032 (v01 HP     HPCONDEV 00001000 INTL 20160527)
[    0.000000] ACPI: SSDT 0x00000000BFBC9000 000069 (v01 HP     HPCAHWID 00001000 INTL 20160527)
[    0.000000] ACPI: ASF! 0x00000000BFBC8000 0000A0 (v32 HPQOEM  UYA     20170001 INTL 20160422)
[    0.000000] ACPI: FPDT 0x00000000BFC0D000 000044 (v01 INTEL  CFL      20170001 INTL 20160422)
[    0.000000] ACPI: BGRT 0x00000000BFBC6000 000038 (v01 INTEL  CFL      20170001 INTL 20160422)
[    0.000000] ACPI: Local APIC address 0xfee00000
[    0.000000] No NUMA configuration found
[    0.000000] Faking a node at [mem 0x0000000000000000-0x00000004277fffff]
[    0.000000] NODE_DATA(0) allocated [mem 0x4277d5000-0x4277fffff]
[    0.000000] Zone ranges:
[    0.000000]   DMA      [mem 0x0000000000001000-0x0000000000ffffff]
[    0.000000]   DMA32    [mem 0x0000000001000000-0x00000000ffffffff]
[    0.000000]   Normal   [mem 0x0000000100000000-0x00000004277fffff]
[    0.000000]   Device   empty
[    0.000000] Movable zone start for each node
[    0.000000] Early memory node ranges
[    0.000000]   node   0: [mem 0x0000000000001000-0x000000000009efff]
[    0.000000]   node   0: [mem 0x0000000000100000-0x00000000be6aafff]
[    0.000000]   node   0: [mem 0x00000000bfc0f000-0x00000000bfc0ffff]
[    0.000000]   node   0: [mem 0x0000000100000000-0x00000004277fffff]
[    0.000000] Initmem setup node 0 [mem 0x0000000000001000-0x00000004277fffff]
[    0.000000] On node 0 totalpages: 4087370
[    0.000000]   DMA zone: 64 pages used for memmap
[    0.000000]   DMA zone: 21 pages reserved
[    0.000000]   DMA zone: 3998 pages, LIFO batch:0
[    0.000000]   DMA32 zone: 12123 pages used for memmap
[    0.000000]   DMA32 zone: 775852 pages, LIFO batch:31
[    0.000000]   Normal zone: 51680 pages used for memmap
[    0.000000]   Normal zone: 3307520 pages, LIFO batch:31
[    0.000000] Reserved but unavailable: 99 pages
[    0.000000] tboot: non-0 tboot_addr but it is not of type E820_TYPE_RESERVED
[    0.000000] ACPI: PM-Timer IO Port: 0x1808
[    0.000000] ACPI: Local APIC address 0xfee00000
[    0.000000] ACPI: LAPIC_NMI (acpi_id[0x01] high edge lint[0x1])
[    0.000000] ACPI: LAPIC_NMI (acpi_id[0x02] high edge lint[0x1])
[    0.000000] ACPI: LAPIC_NMI (acpi_id[0x03] high edge lint[0x1])
[    0.000000] ACPI: LAPIC_NMI (acpi_id[0x04] high edge lint[0x1])
[    0.000000] ACPI: LAPIC_NMI (acpi_id[0x05] high edge lint[0x1])
[    0.000000] ACPI: LAPIC_NMI (acpi_id[0x06] high edge lint[0x1])
[    0.000000] ACPI: LAPIC_NMI (acpi_id[0x07] high edge lint[0x1])
[    0.000000] ACPI: LAPIC_NMI (acpi_id[0x08] high edge lint[0x1])
[    0.000000] ACPI: LAPIC_NMI (acpi_id[0x09] high edge lint[0x1])
[    0.000000] ACPI: LAPIC_NMI (acpi_id[0x0a] high edge lint[0x1])
[    0.000000] ACPI: LAPIC_NMI (acpi_id[0x0b] high edge lint[0x1])
[    0.000000] ACPI: LAPIC_NMI (acpi_id[0x0c] high edge lint[0x1])
[    0.000000] ACPI: LAPIC_NMI (acpi_id[0x0d] high edge lint[0x1])
[    0.000000] ACPI: LAPIC_NMI (acpi_id[0x0e] high edge lint[0x1])
[    0.000000] ACPI: LAPIC_NMI (acpi_id[0x0f] high edge lint[0x1])
[    0.000000] ACPI: LAPIC_NMI (acpi_id[0x10] high edge lint[0x1])
[    0.000000] IOAPIC[0]: apic_id 2, version 32, address 0xfec00000, GSI 0-119
[    0.000000] ACPI: INT_SRC_OVR (bus 0 bus_irq 0 global_irq 2 dfl dfl)
[    0.000000] ACPI: INT_SRC_OVR (bus 0 bus_irq 9 global_irq 9 high level)
[    0.000000] ACPI: IRQ0 used by override.
[    0.000000] ACPI: IRQ9 used by override.
[    0.000000] Using ACPI (MADT) for SMP configuration information
[    0.000000] ACPI: HPET id: 0x8086a201 base: 0xfed00000
[    0.000000] smpboot: Allowing 8 CPUs, 0 hotplug CPUs
[    0.000000] PM: Registered nosave memory: [mem 0x00000000-0x00000fff]
[    0.000000] PM: Registered nosave memory: [mem 0x0009f000-0x000fffff]
[    0.000000] PM: Registered nosave memory: [mem 0xbe6ab000-0xbf98efff]
[    0.000000] PM: Registered nosave memory: [mem 0xbf98f000-0xbfb8efff]
[    0.000000] PM: Registered nosave memory: [mem 0xbfb8f000-0xbfc0efff]
[    0.000000] PM: Registered nosave memory: [mem 0xbfc10000-0xd47fffff]
[    0.000000] PM: Registered nosave memory: [mem 0xd4800000-0xfe00ffff]
[    0.000000] PM: Registered nosave memory: [mem 0xfe010000-0xfe010fff]
[    0.000000] PM: Registered nosave memory: [mem 0xfe011000-0xfeffffff]
[    0.000000] PM: Registered nosave memory: [mem 0xff000000-0xffffffff]
[    0.000000] e820: [mem 0xd4800000-0xfe00ffff] available for PCI devices
[    0.000000] Booting paravirtualized kernel on bare hardware
[    0.000000] clocksource: refined-jiffies: mask: 0xffffffff max_cycles: 0xffffffff, max_idle_ns: 7645519600211568 ns
[    0.000000] setup_percpu: NR_CPUS:8192 nr_cpumask_bits:8 nr_cpu_ids:8 nr_node_ids:1
[    0.000000] percpu: Embedded 46 pages/cpu @        (ptrval) s151552 r8192 d28672 u262144
[    0.000000] pcpu-alloc: s151552 r8192 d28672 u262144 alloc=1*2097152
[    0.000000] pcpu-alloc: [0] 0 1 2 3 4 5 6 7 
[    0.000000] Built 1 zonelists, mobility grouping on.  Total pages: 4023482
[    0.000000] Policy zone: Normal
[    0.000000] Kernel command line: BOOT_IMAGE=/boot/vmlinuz-4.15.9+ root=UUID=da0e40f1-3840-43a9-b61a-7b465a7673d3 ro quiet splash vt.handoff=7
[    0.000000] Calgary: detecting Calgary via BIOS EBDA area
[    0.000000] Calgary: Unable to locate Rio Grande table in EBDA - bailing!
[    0.000000] Memory: 15452596K/16349480K available (12300K kernel code, 2470K rwdata, 4204K rodata, 2388K init, 3184K bss, 896884K reserved, 0K cma-reserved)
[    0.000000] SLUB: HWalign=64, Order=0-3, MinObjects=0, CPUs=8, Nodes=1
[    0.000000] ftrace: allocating 38983 entries in 153 pages
[    0.000000] Hierarchical RCU implementation.
[    0.000000] 	RCU restricting CPUs from NR_CPUS=8192 to nr_cpu_ids=8.
[    0.000000] 	Tasks RCU enabled.
[    0.000000] RCU: Adjusting geometry for rcu_fanout_leaf=16, nr_cpu_ids=8
[    0.000000] kernel/irq/irqdesc.c 486 early_irq_init -- functionpoint
[    0.000000] NR_IRQS: 524544, nr_irqs: 2048, preallocated irqs: 16
[    0.000000] kernel/irq/irqdesc.c 493 early_irq_init -- functionpoint -- NR_IRQS: 524544, nr_irqs: 2048, preallocated irqs: 16
[    0.000000] arch/x86/kernel/apic/vector.c 690 arch_early_irq_init -- functionpoint
[    0.000000] drivers/pci/msi.c 1437 pci_msi_create_irq_domain -- functionpoint
[    0.000000] kernel/irq/msi.c 272 msi_create_irq_domain -- functionpoint
[    0.000000] arch/x86/kernel/apic/msi.c 148 arch_init_msi_domain -- functionpoint -- successed to init irqdomain for MSI/MSI-X.
[    0.000000] Console: colour dummy device 80x25
[    0.000000] console [tty0] enabled
[    0.000000] drivers/acpi/bus.c 1019 acpi_early_init -- functionpoint
[    0.000000] ACPI: Core revision 20170831
[    0.000000] ACPI Error: [\_SB_.PCI0.XHC_.RHUB.HS11] Namespace lookup failure, AE_NOT_FOUND (20170831/dswload-210)
[    0.000000] ACPI Exception: AE_NOT_FOUND, During name lookup/catalog (20170831/psobject-252)
[    0.000000] ACPI Exception: AE_NOT_FOUND, (SSDT:HP_XHC_P) while loading table (20170831/tbxfload-228)
[    0.000000] ACPI Error: 1 table load failures, 10 successful (20170831/tbxfload-246)
[    0.000000] clocksource: hpet: mask: 0xffffffff max_cycles: 0xffffffff, max_idle_ns: 79635855245 ns
[    0.000000] hpet clockevent registered
[    0.004000] APIC: Switch to symmetric I/O mode setup
[    0.004000] DMAR: Host address width 39
[    0.004000] DMAR: DRHD base: 0x000000fed90000 flags: 0x0
[    0.004000] DMAR: dmar0: reg_base_addr fed90000 ver 1:0 cap 1c0000c40660462 ecap 19e2ff0505e
[    0.004000] DMAR: DRHD base: 0x000000fed91000 flags: 0x1
[    0.004000] DMAR: dmar1: reg_base_addr fed91000 ver 1:0 cap d2008c40660462 ecap f050da
[    0.004000] DMAR: RMRR base: 0x000000bf81d000 end: 0x000000bf83cfff
[    0.004000] DMAR: RMRR base: 0x000000c4000000 end: 0x000000d47fffff
[    0.004000] DMAR: RMRR base: 0x000000bf86e000 end: 0x000000bf8edfff
[    0.004000] DMAR-IR: IOAPIC id 2 under DRHD base  0xfed91000 IOMMU 1
[    0.004000] DMAR-IR: HPET id 0 under DRHD base 0xfed91000
[    0.004000] DMAR-IR: Queued invalidation will be enabled to support x2apic and Intr-remapping.
[    0.004000] drivers/pci/msi.c 1437 pci_msi_create_irq_domain -- functionpoint
[    0.004000] kernel/irq/msi.c 272 msi_create_irq_domain -- functionpoint
[    0.004000] drivers/pci/msi.c 1437 pci_msi_create_irq_domain -- functionpoint
[    0.004000] kernel/irq/msi.c 272 msi_create_irq_domain -- functionpoint
[    0.004000] DMAR-IR: Enabled IRQ remapping in x2apic mode
[    0.004000] x2apic enabled
[    0.004000] Switched APIC routing to cluster x2apic.
[    0.016000] kernel/irq/msi.c 272 msi_create_irq_domain -- functionpoint
[    0.016000] kernel/irq/manage.c 1748 request_threaded_irq -- functionpoint
[    0.016000] kernel/irq/manage.c 1748 request_threaded_irq -- functionpoint
[    0.016000] ..TIMER: vector=0x30 apic1=0 pin1=2 apic2=-1 pin2=-1
[    0.036000] tsc: Detected 3000.000 MHz processor
[    0.036000] Calibrating delay loop (skipped), value calculated using timer frequency.. 6000.00 BogoMIPS (lpj=12000000)
[    0.036000] pid_max: default: 32768 minimum: 301
[    0.036000] Security Framework initialized
[    0.036000] Yama: becoming mindful.
[    0.036000] AppArmor: AppArmor initialized
[    0.036000] Dentry cache hash table entries: 2097152 (order: 12, 16777216 bytes)
[    0.036000] Inode-cache hash table entries: 1048576 (order: 11, 8388608 bytes)
[    0.036000] Mount-cache hash table entries: 32768 (order: 6, 262144 bytes)
[    0.036000] Mountpoint-cache hash table entries: 32768 (order: 6, 262144 bytes)
[    0.036000] CPU: Physical Processor ID: 0
[    0.036000] CPU: Processor Core ID: 0
[    0.036000] ENERGY_PERF_BIAS: Set to 'normal', was 'performance'
[    0.036000] ENERGY_PERF_BIAS: View and update with x86_energy_perf_policy(8)
[    0.036000] mce: CPU supports 14 MCE banks
[    0.036000] CPU0: Thermal monitoring enabled (TM1)
[    0.036000] process: using mwait in idle threads
[    0.036000] Last level iTLB entries: 4KB 128, 2MB 8, 4MB 8
[    0.036000] Last level dTLB entries: 4KB 64, 2MB 0, 4MB 0, 1GB 4
[    0.036000] Spectre V2 : Mitigation: Full generic retpoline
[    0.036000] Spectre V2 : Spectre v2 mitigation: Filling RSB on context switch
[    0.036000] Spectre V2 : Spectre v2 mitigation: Enabling Indirect Branch Prediction Barrier
[    0.036000] Freeing SMP alternatives memory: 36K
[    0.043000] TSC deadline timer enabled
[    0.043011] smpboot: CPU0: Intel(R) Core(TM) i7-9700 CPU @ 3.00GHz (family: 0x6, model: 0x9e, stepping: 0xd)
[    0.043064] Performance Events: PEBS fmt3+, Skylake events, 32-deep LBR, full-width counters, Intel PMU driver.
[    0.043092] ... version:                4
[    0.043093] ... bit width:              48
[    0.043093] ... generic registers:      8
[    0.043094] ... value mask:             0000ffffffffffff
[    0.043094] ... max period:             00007fffffffffff
[    0.043095] ... fixed-purpose events:   3
[    0.043095] ... event mask:             00000007000000ff
[    0.043125] Hierarchical SRCU implementation.
[    0.044000] NMI watchdog: Enabled. Permanently consumes one hw-PMU counter.
[    0.044000] smp: Bringing up secondary CPUs ...
[    0.044000] x86: Booting SMP configuration:
[    0.044000] .... node  #0, CPUs:      #1 #2 #3 #4 #5 #6 #7
[    0.053464] smp: Brought up 1 node, 8 CPUs
[    0.053464] smpboot: Max logical packages: 1
[    0.053464] smpboot: Total of 8 processors activated (48000.00 BogoMIPS)
[    0.056289] devtmpfs: initialized
[    0.056289] x86/mm: Memory block size: 128MB
[    0.057022] evm: security.selinux
[    0.057022] evm: security.SMACK64
[    0.057022] evm: security.SMACK64EXEC
[    0.057023] evm: security.SMACK64TRANSMUTE
[    0.057023] evm: security.SMACK64MMAP
[    0.057024] evm: security.apparmor
[    0.057024] evm: security.ima
[    0.057024] evm: security.capability
[    0.057038] PM: Registering ACPI NVS region [mem 0xbf98f000-0xbfb8efff] (2097152 bytes)
[    0.057038] clocksource: jiffies: mask: 0xffffffff max_cycles: 0xffffffff, max_idle_ns: 7645041785100000 ns
[    0.057038] futex hash table entries: 2048 (order: 5, 131072 bytes)
[    0.057038] pinctrl core: initialized pinctrl subsystem
[    0.057038] drivers/base/bus.c 153 driver_register -- functionpoint
[    0.057038] drivers/base/bus.c 642 bus_add_driver -- functionpoint
[    0.057038] drivers/base/bus.c 649 bus_add_driver -- functionpoint -- bus: 'platform': add driver reg-dummy
[    0.057038] drivers/base/dd.c 369 really_probe -- functionpoint
[    0.057038] drivers/base/dd.c 392 really_probe -- functionpoint -- bus: 'platform': really_probe: probing driver reg-dummy with device reg-dummy
[    0.057038] drivers/base/dd.c 435 really_probe -- if drv->probe use drv->probe(dev) -- functionpoint
[    0.057038] RTC time:  3:27:33, date: 12/30/20
[    0.057038] NET: Registered protocol family 16
[    0.057038] audit: initializing netlink subsys (disabled)
[    0.057038] audit: type=2000 audit(1609298853.056:1): state=initialized audit_enabled=0 res=1
[    0.057038] drivers/base/bus.c 153 driver_register -- functionpoint
[    0.057038] drivers/base/bus.c 642 bus_add_driver -- functionpoint
[    0.057038] drivers/base/bus.c 649 bus_add_driver -- functionpoint -- bus: 'platform': add driver sram
[    0.057038] drivers/base/bus.c 153 driver_register -- functionpoint
[    0.057038] drivers/base/bus.c 642 bus_add_driver -- functionpoint
[    0.057038] drivers/base/bus.c 649 bus_add_driver -- functionpoint -- bus: 'platform': add driver syscon
[    0.057038] drivers/base/bus.c 153 driver_register -- functionpoint
[    0.057038] drivers/base/bus.c 642 bus_add_driver -- functionpoint
[    0.057038] drivers/base/bus.c 649 bus_add_driver -- functionpoint -- bus: 'i2c': add driver dummy
[    0.057038] cpuidle: using governor ladder
[    0.057038] cpuidle: using governor menu
[    0.057038] ACPI FADT declares the system doesn't support PCIe ASPM, so disable it
[    0.057038] ACPI: bus type PCI registered
[    0.057038] acpiphp: ACPI Hot Plug PCI Controller Driver version: 0.5
[    0.057038] arch/x86/pci/init.c 11 start pci_arch_init -- functionpoint
[    0.057038] PCI: MMCONFIG for domain 0000 [bus 00-3f] at [mem 0xf8000000-0xfbffffff] (base 0xf8000000)
[    0.057038] PCI: not using MMCONFIG
[    0.057038] PCI: Using configuration type 1 for base access
[    0.057038] arch/x86/pci/init.c 44 end pci_arch_init -- functionpoint
[    0.057124] HugeTLB registered 1.00 GiB page size, pre-allocated 0 pages
[    0.057124] HugeTLB registered 2.00 MiB page size, pre-allocated 0 pages
[    0.057125] drivers/base/bus.c 153 driver_register -- functionpoint
[    0.057125] drivers/base/bus.c 642 bus_add_driver -- functionpoint
[    0.057125] drivers/base/bus.c 649 bus_add_driver -- functionpoint -- bus: 'i2c': add driver sx150x-pinctrl
[    0.057125] drivers/base/bus.c 153 driver_register -- functionpoint
[    0.057125] drivers/base/bus.c 642 bus_add_driver -- functionpoint
[    0.057125] drivers/base/bus.c 649 bus_add_driver -- functionpoint -- bus: 'platform': add driver byt_gpio
[    0.057125] drivers/base/bus.c 153 driver_register -- functionpoint
[    0.057125] drivers/base/bus.c 642 bus_add_driver -- functionpoint
[    0.057125] drivers/base/bus.c 649 bus_add_driver -- functionpoint -- bus: 'platform': add driver cherryview-pinctrl
[    0.057125] drivers/base/bus.c 153 driver_register -- functionpoint
[    0.057125] drivers/base/bus.c 642 bus_add_driver -- functionpoint
[    0.057125] drivers/base/bus.c 649 bus_add_driver -- functionpoint -- bus: 'platform': add driver lp_gpio
[    0.057125] drivers/base/bus.c 153 driver_register -- functionpoint
[    0.057125] drivers/base/bus.c 642 bus_add_driver -- functionpoint
[    0.057125] drivers/base/bus.c 649 bus_add_driver -- functionpoint -- bus: 'platform': add driver rc5t583-gpio
[    0.057125] drivers/base/bus.c 153 driver_register -- functionpoint
[    0.057125] drivers/base/bus.c 642 bus_add_driver -- functionpoint
[    0.057125] drivers/base/bus.c 649 bus_add_driver -- functionpoint -- bus: 'platform': add driver palmas-gpio
[    0.057125] drivers/base/bus.c 153 driver_register -- functionpoint
[    0.057125] drivers/base/bus.c 642 bus_add_driver -- functionpoint
[    0.057125] drivers/base/bus.c 649 bus_add_driver -- functionpoint -- bus: 'platform': add driver tps6586x-gpio
[    0.057125] drivers/base/bus.c 153 driver_register -- functionpoint
[    0.057125] drivers/base/bus.c 642 bus_add_driver -- functionpoint
[    0.057125] drivers/base/bus.c 649 bus_add_driver -- functionpoint -- bus: 'platform': add driver tps65910-gpio
[    0.060011] drivers/acpi/bus.c 1231 start acpi_init -- functionpoint
[    0.060027] ACPI: Added _OSI(Module Device)
[    0.060030] ACPI: Added _OSI(Processor Device)
[    0.060030] ACPI: Added _OSI(3.0 _SCP Extensions)
[    0.060031] ACPI: Added _OSI(Processor Aggregator Device)
[    0.060232] arch/x86/kernel/acpi/boot.c 717 acpi_register_gsi -- functionpoint
[    0.060232] arch/x86/kernel/acpi/boot.c 670 acpi_register_gsi_ioapic --functionpoint
[    0.060235] kernel/irq/manage.c 1748 request_threaded_irq -- functionpoint
[    0.061847] ACPI: Executed 30 blocks of module-level executable AML code
[    0.072038] ACPI: [Firmware Bug]: BIOS _OSI(Linux) query ignored
[    0.079988] ACPI: Dynamic OEM Table Load:
[    0.080007] ACPI: SSDT 0xFFFF891B54FB7600 0000F4 (v02 PmRef  Cpu0Psd  00003000 INTL 20160527)
[    0.080235] ACPI: Executed 1 blocks of module-level executable AML code
[    0.080358] ACPI: \_SB_.PR00: _OSC native thermal LVT Acked
[    0.081309] ACPI: Dynamic OEM Table Load:
[    0.081315] ACPI: SSDT 0xFFFF891B54F47800 000400 (v02 PmRef  Cpu0Cst  00003001 INTL 20160527)
[    0.081532] ACPI: Executed 1 blocks of module-level executable AML code
[    0.081762] ACPI: Dynamic OEM Table Load:
[    0.081767] ACPI: SSDT 0xFFFF891B54C14800 000605 (v02 PmRef  Cpu0Ist  00003000 INTL 20160527)
[    0.081963] ACPI: Executed 1 blocks of module-level executable AML code
[    0.082152] ACPI: Dynamic OEM Table Load:
[    0.082156] ACPI: SSDT 0xFFFF891B54F7A600 000149 (v02 PmRef  Cpu0Hwp  00003000 INTL 20160527)
[    0.082344] ACPI: Executed 2 blocks of module-level executable AML code
[    0.082512] ACPI: Dynamic OEM Table Load:
[    0.082519] ACPI: SSDT 0xFFFF891B54C12000 000724 (v02 PmRef  HwpLvt   00003000 INTL 20160527)
[    0.082694] ACPI: Executed 1 blocks of module-level executable AML code
[    0.083181] ACPI: Dynamic OEM Table Load:
[    0.083187] ACPI: SSDT 0xFFFF891B54C16000 0005FC (v02 PmRef  ApIst    00003000 INTL 20160527)
[    0.083583] ACPI: Executed 1 blocks of module-level executable AML code
[    0.083776] ACPI: Dynamic OEM Table Load:
[    0.083780] ACPI: SSDT 0xFFFF891B54F43400 000317 (v02 PmRef  ApHwp    00003000 INTL 20160527)
[    0.084000] ACPI: Executed 1 blocks of module-level executable AML code
[    0.084000] ACPI: Dynamic OEM Table Load:
[    0.084000] ACPI: SSDT 0xFFFF891B54E53000 000AB0 (v02 PmRef  ApPsd    00003000 INTL 20160527)
[    0.084000] ACPI: Executed 1 blocks of module-level executable AML code
[    0.084000] ACPI: Dynamic OEM Table Load:
[    0.084000] ACPI: SSDT 0xFFFF891B54F41400 00030A (v02 PmRef  ApCst    00003000 INTL 20160527)
[    0.084000] ACPI: Executed 1 blocks of module-level executable AML code
[    0.084859] ACPI: EC: EC started
[    0.084859] ACPI: EC: interrupt blocked
[    0.084875] ACPI: \_SB_.PCI0.LPCB.EC0_: Used as first EC
[    0.084877] ACPI: \_SB_.PCI0.LPCB.EC0_: GPE=0x6e, EC_CMD/EC_SC=0x66, EC_DATA=0x62
[    0.084878] ACPI: \_SB_.PCI0.LPCB.EC0_: Used as boot DSDT EC to handle transactions
[    0.084879] ACPI: Interpreter enabled
[    0.084927] ACPI: (supports S0 S3 S4 S5)
[    0.084927] ACPI: Using IOAPIC for interrupt routing
[    0.084968] PCI: MMCONFIG for domain 0000 [bus 00-3f] at [mem 0xf8000000-0xfbffffff] (base 0xf8000000)
[    0.087587] PCI: MMCONFIG at [mem 0xf8000000-0xfbffffff] reserved in ACPI motherboard resources
[    0.087592] drivers/acpi/pci_root.c 920 acpi_pci_root_init --functionpoint
[    0.087593] drivers/acpi/apei/hest.c 228 acpi_hest_init -- functionpoint
[    0.087597] PCI: Using host bridge windows from ACPI; if necessary, use "pci=nocrs" and report a bug
[    0.087599] drivers/acpi/scan.c 106 acpi_scan_add_handler_with_hotplug -- functionpoint
[    0.087601] drivers/acpi/pci_link.c 936 acpi_pci_link_init -- functionpoint
[    0.087986] drivers/acpi/scan.c 106 acpi_scan_add_handler_with_hotplug -- functionpoint
[    0.087990] drivers/base/bus.c 153 driver_register -- functionpoint
[    0.087992] drivers/base/bus.c 642 bus_add_driver -- functionpoint
[    0.087994] drivers/base/bus.c 649 bus_add_driver -- functionpoint -- bus: 'platform': add driver clk-lpt
[    0.088002] drivers/acpi/scan.c 106 acpi_scan_add_handler_with_hotplug -- functionpoint
[    0.088051] ACPI: Enabled 4 GPEs in block 00 to 7F
[    0.088055] drivers/acpi/scan.c 2010 acpi_bus_scan -- functionpoint
[    0.094888] ACPI: Power Resource [USBC] (on)
[    0.095697] ACPI: Power Resource [WRST] (on)
[    0.096102] ACPI: Power Resource [WRST] (on)
[    0.096503] ACPI: Power Resource [WRST] (on)
[    0.096903] ACPI: Power Resource [WRST] (on)
[    0.097311] ACPI: Power Resource [WRST] (on)
[    0.097717] ACPI: Power Resource [WRST] (on)
[    0.098119] ACPI: Power Resource [WRST] (on)
[    0.098521] ACPI: Power Resource [WRST] (on)
[    0.098916] ACPI: Power Resource [WRST] (on)
[    0.099311] ACPI: Power Resource [WRST] (on)
[    0.099710] ACPI: Power Resource [WRST] (on)
[    0.104107] ACPI: Power Resource [WRST] (on)
[    0.104506] ACPI: Power Resource [WRST] (on)
[    0.104904] ACPI: Power Resource [WRST] (on)
[    0.105298] ACPI: Power Resource [WRST] (on)
[    0.105697] ACPI: Power Resource [WRST] (on)
[    0.106095] ACPI: Power Resource [WRST] (on)
[    0.106492] ACPI: Power Resource [WRST] (on)
[    0.106887] ACPI: Power Resource [WRST] (on)
[    0.107287] ACPI: Power Resource [WRST] (on)
[    0.108986] ACPI: Power Resource [V0PR] (on)
[    0.109207] ACPI: Power Resource [V1PR] (on)
[    0.109413] ACPI: Power Resource [V2PR] (on)
[    0.113945] ACPI: Power Resource [WRST] (on)
[    0.116046] drivers/acpi/scan.c 1916 acpi_bus_attach -- functionpoint
[    0.116070] drivers/acpi/scan.c 1916 acpi_bus_attach -- functionpoint
[    0.116077] drivers/acpi/scan.c 1916 acpi_bus_attach -- functionpoint
[    0.116106] drivers/acpi/scan.c 1916 acpi_bus_attach -- functionpoint
[    0.116134] drivers/acpi/scan.c 1916 acpi_bus_attach -- functionpoint
[    0.116141] drivers/acpi/pci_root.c 528 acpi_pci_root_add -- functionpoint
[    0.116522] ACPI: PCI Root Bridge [PCI0] (domain 0000 [bus 00-3e])
[    0.116525] ACPI: drivers/acpi/pci_root.c 584 acpi_pci_root_add --  functionpoint -- PCI Root Bridge [PCI0] (domain 0000 [bus 00-3e])
[    0.116532] acpi PNP0A08:00: _OSC: OS supports [ExtendedConfig ASPM ClockPM Segments MSI]
[    0.119901] acpi PNP0A08:00: _OSC: OS now controls [PCIeHotplug PME AER PCIeCapability]
[    0.119902] acpi PNP0A08:00: FADT indicates ASPM is unsupported, using BIOS configuration
[    0.119915] arch/x86/pci/acpi.c 335 pci_acpi_scan_root -- functionpoint
[    0.119916] drivers/pci/search.c 144 pci_find_bus -- functionpoint
[    0.119918] drivers/pci/search.c 145 pci_find_bus functionpoint -- domain_num = 0, bus_num = 0
[    0.119922] drivers/pci/search.c 176 pci_find_next_bus -- functionpoint
[    0.119922] drivers/pci/search.c 157 pci_find_bus not found bus -- functionpoint
[    0.119935] drivers/acpi/pci_root.c 881 acpi_pci_root_create -- functionpoint
[    0.120320] drivers/pci/probe.c 2643 pci_create_root_bus -- functionpoint
[    0.120322] drivers/pci/probe.c 533 pci_alloc_host_bridge -- functionpoint
[    0.120324] drivers/pci/probe.c 765 pci_register_host_bridge -- functionpoint
[    0.120326] drivers/pci/search.c 144 pci_find_bus -- functionpoint
[    0.120328] drivers/pci/search.c 145 pci_find_bus functionpoint -- domain_num = 0, bus_num = 0
[    0.120331] drivers/pci/search.c 176 pci_find_next_bus -- functionpoint
[    0.120331] drivers/pci/search.c 157 pci_find_bus not found bus -- functionpoint
[    0.121379] drivers/pci/probe.c 2009 pci_bus_read_dev_vendor_id -- functionpoint
[    0.121393] drivers/pci/probe.c 2009 pci_bus_read_dev_vendor_id -- functionpoint
[    0.121406] drivers/pci/probe.c 2009 pci_bus_read_dev_vendor_id -- functionpoint
[    0.121419] drivers/pci/probe.c 2009 pci_bus_read_dev_vendor_id -- functionpoint
[    0.121430] drivers/pci/probe.c 2009 pci_bus_read_dev_vendor_id -- functionpoint
[    0.121445] drivers/pci/probe.c 2009 pci_bus_read_dev_vendor_id -- functionpoint
[    0.121453] drivers/pci/probe.c 2009 pci_bus_read_dev_vendor_id -- functionpoint
[    0.121466] drivers/pci/probe.c 2009 pci_bus_read_dev_vendor_id -- functionpoint
[    0.121480] drivers/pci/probe.c 2009 pci_bus_read_dev_vendor_id -- functionpoint
[    0.121486] drivers/pci/probe.c 2009 pci_bus_read_dev_vendor_id -- functionpoint
[    0.121497] drivers/pci/probe.c 2009 pci_bus_read_dev_vendor_id -- functionpoint
[    0.121545] drivers/pci/probe.c 2009 pci_bus_read_dev_vendor_id -- functionpoint
[    0.121597] drivers/pci/probe.c 2009 pci_bus_read_dev_vendor_id -- functionpoint
[    0.121649] drivers/pci/probe.c 2009 pci_bus_read_dev_vendor_id -- functionpoint
[    0.121701] drivers/pci/probe.c 2009 pci_bus_read_dev_vendor_id -- functionpoint
[    0.121753] drivers/pci/probe.c 2009 pci_bus_read_dev_vendor_id -- functionpoint
[    0.121805] drivers/pci/probe.c 2009 pci_bus_read_dev_vendor_id -- functionpoint
[    0.121857] drivers/pci/probe.c 2009 pci_bus_read_dev_vendor_id -- functionpoint
[    0.121905] drivers/pci/probe.c 2009 pci_bus_read_dev_vendor_id -- functionpoint
[    0.121959] drivers/pci/probe.c 2009 pci_bus_read_dev_vendor_id -- functionpoint
[    0.122011] drivers/pci/probe.c 2009 pci_bus_read_dev_vendor_id -- functionpoint
[    0.122063] drivers/pci/probe.c 2009 pci_bus_read_dev_vendor_id -- functionpoint
[    0.122115] drivers/pci/probe.c 2009 pci_bus_read_dev_vendor_id -- functionpoint
[    0.122167] drivers/pci/probe.c 2009 pci_bus_read_dev_vendor_id -- functionpoint
[    0.122219] drivers/pci/probe.c 2009 pci_bus_read_dev_vendor_id -- functionpoint
[    0.122271] drivers/pci/probe.c 2009 pci_bus_read_dev_vendor_id -- functionpoint
[    0.122323] drivers/pci/probe.c 2009 pci_bus_read_dev_vendor_id -- functionpoint
[    0.122377] drivers/pci/probe.c 2009 pci_bus_read_dev_vendor_id -- functionpoint
[    0.122429] drivers/pci/probe.c 2009 pci_bus_read_dev_vendor_id -- functionpoint
[    0.122481] drivers/pci/probe.c 2009 pci_bus_read_dev_vendor_id -- functionpoint
[    0.122534] drivers/pci/probe.c 2009 pci_bus_read_dev_vendor_id -- functionpoint
[    0.122586] drivers/pci/probe.c 2009 pci_bus_read_dev_vendor_id -- functionpoint
[    0.122634] drivers/pci/probe.c 2009 pci_bus_read_dev_vendor_id -- functionpoint
[    0.122686] drivers/pci/probe.c 2009 pci_bus_read_dev_vendor_id -- functionpoint
[    0.122739] drivers/pci/probe.c 2009 pci_bus_read_dev_vendor_id -- functionpoint
[    0.122755] drivers/pci/probe.c 2009 pci_bus_read_dev_vendor_id -- functionpoint
[    0.122773] drivers/pci/probe.c 2009 pci_bus_read_dev_vendor_id -- functionpoint
[    0.122788] drivers/pci/probe.c 2009 pci_bus_read_dev_vendor_id -- functionpoint
[    0.122799] drivers/pci/probe.c 2009 pci_bus_read_dev_vendor_id -- functionpoint
[    0.122815] drivers/pci/probe.c 2009 pci_bus_read_dev_vendor_id -- functionpoint
[    0.122833] drivers/pci/probe.c 2009 pci_bus_read_dev_vendor_id -- functionpoint
[    0.122840] drivers/pci/probe.c 2009 pci_bus_read_dev_vendor_id -- functionpoint
[    0.122848] PCI host bridge to bus 0000:00
[    0.122851] pci_bus 0000:00: root bus resource [io  0x0000-0x0cf7 window]
[    0.122853] pci_bus 0000:00: root bus resource [io  0x0d00-0xffff window]
[    0.122854] pci_bus 0000:00: root bus resource [mem 0x000a0000-0x000bffff window]
[    0.122855] pci_bus 0000:00: root bus resource [mem 0xd4800000-0xf7ffffff window]
[    0.122856] pci_bus 0000:00: root bus resource [mem 0x4000000000-0x7fffffffff window]
[    0.122857] pci_bus 0000:00: root bus resource [mem 0xfc800000-0xfe7fffff window]
[    0.122859] pci_bus 0000:00: root bus resource [bus 00-3e]
[    0.122859] drivers/pci/probe.c 2497 pci_scan_child_bus_extend -- functionpoint
[    0.122860] pci_bus 0000:00: drivers/pci/probe.c 2501 pci_scan_child_bus_extend-- functionpoint -- scanning bus
[    0.122864] drivers/pci/probe.c 2281 pci_scan_slot -- functionpoint
[    0.122864] drivers/pci/probe.c 2196 pci_scan_single_device -- functionpoint
[    0.122866] drivers/pci/search.c 206 pci_get_slot -- functionpoint
[    0.122868] drivers/pci/search.c 215 pci_get_slot return value is NULL -- functionpoint
[    0.122869] drivers/pci/probe.c 2035 pci_scan_device -- functionpoint
[    0.122871] drivers/pci/probe.c 2009 pci_bus_read_dev_vendor_id -- functionpoint
[    0.122874] drivers/pci/probe.c 2048 pci_scan_device -- functionpoint -- dev_vendor: 8086, dev_device: 3e30
[    0.122878] drivers/pci/probe.c 1453 pci_setup_device -- functionpoint
[    0.122878] drivers/pci/probe.c 1242 set_pcie_port_type -- functionpoint
[    0.122885] pci 0000:00:00.0: [8086:3e30] type 00 class 0x060000
[    0.122888] pci 0000:00:00.0: drivers/pci/probe.c 1482 pci_setup_device functionpoint -- [8086:3e30] type 00 class 0x060000 multifunction 00
[    0.122902] drivers/pci/probe.c 1513 pci_setup_device  switch case PCI_HEADER_TYPE_NORMAL -- functionpoint
[    0.122915] drivers/pci/probe.c 2145 pci_device_add -- functionpoint
[    0.122927] drivers/pci/pci.c 2409 pci_pm_init -- functionpoint
[    0.123908] drivers/pci/probe.c 2288 pci_scan_slot -- functionpoint -- fn = 0, devfn = 0, fn+devfn = 0
[    0.123911] drivers/pci/probe.c 2220 next_fn -- functionpoint
[    0.123912] drivers/pci/probe.c 2281 pci_scan_slot -- functionpoint
[    0.123913] drivers/pci/probe.c 2196 pci_scan_single_device -- functionpoint
[    0.123915] drivers/pci/search.c 206 pci_get_slot -- functionpoint
[    0.123917] drivers/pci/search.c 215 pci_get_slot return value is NULL -- functionpoint
[    0.123918] drivers/pci/probe.c 2035 pci_scan_device -- functionpoint
[    0.123920] drivers/pci/probe.c 2009 pci_bus_read_dev_vendor_id -- functionpoint
[    0.123932] drivers/pci/probe.c 2288 pci_scan_slot -- functionpoint -- fn = 0, devfn = 8, fn+devfn = 8
[    0.123935] drivers/pci/probe.c 2281 pci_scan_slot -- functionpoint
[    0.123936] drivers/pci/probe.c 2196 pci_scan_single_device -- functionpoint
[    0.123937] drivers/pci/search.c 206 pci_get_slot -- functionpoint
[    0.123939] drivers/pci/search.c 215 pci_get_slot return value is NULL -- functionpoint
[    0.123940] drivers/pci/probe.c 2035 pci_scan_device -- functionpoint
[    0.123942] drivers/pci/probe.c 2009 pci_bus_read_dev_vendor_id -- functionpoint
[    0.123945] drivers/pci/probe.c 2048 pci_scan_device -- functionpoint -- dev_vendor: 8086, dev_device: 3e98
[    0.123948] drivers/pci/probe.c 1453 pci_setup_device -- functionpoint
[    0.123949] drivers/pci/probe.c 1242 set_pcie_port_type -- functionpoint
[    0.123955] pci 0000:00:02.0: [8086:3e98] type 00 class 0x030000
[    0.123957] pci 0000:00:02.0: drivers/pci/probe.c 1482 pci_setup_device functionpoint -- [8086:3e98] type 00 class 0x030000 multifunction 00
[    0.123963] drivers/pci/probe.c 1513 pci_setup_device  switch case PCI_HEADER_TYPE_NORMAL -- functionpoint
[    0.123969] pci 0000:00:02.0: reg 0x10: [mem 0xf0000000-0xf0ffffff 64bit]
[    0.123976] pci 0000:00:02.0: reg 0x18: [mem 0xe0000000-0xefffffff 64bit pref]
[    0.123979] pci 0000:00:02.0: reg 0x20: [io  0x4000-0x403f]
[    0.123985] drivers/pci/probe.c 2145 pci_device_add -- functionpoint
[    0.123992] pci 0000:00:02.0: BAR 2: assigned to efifb
[    0.124005] drivers/pci/pci.c 2409 pci_pm_init -- functionpoint
[    0.124008] pci 0000:00:02.0: drivers/pci/pci.c 2450 pci_pm_init --functionpoint-- supports
[    0.125013] drivers/pci/probe.c 2288 pci_scan_slot -- functionpoint -- fn = 0, devfn = 16, fn+devfn = 16
[    0.125016] drivers/pci/probe.c 2220 next_fn -- functionpoint
[    0.125016] drivers/pci/probe.c 2281 pci_scan_slot -- functionpoint
[    0.125018] drivers/pci/probe.c 2196 pci_scan_single_device -- functionpoint
[    0.125019] drivers/pci/search.c 206 pci_get_slot -- functionpoint
[    0.125021] drivers/pci/search.c 215 pci_get_slot return value is NULL -- functionpoint
[    0.125022] drivers/pci/probe.c 2035 pci_scan_device -- functionpoint
[    0.125024] drivers/pci/probe.c 2009 pci_bus_read_dev_vendor_id -- functionpoint
[    0.125036] drivers/pci/probe.c 2288 pci_scan_slot -- functionpoint -- fn = 0, devfn = 24, fn+devfn = 24
[    0.125039] drivers/pci/probe.c 2281 pci_scan_slot -- functionpoint
[    0.125040] drivers/pci/probe.c 2196 pci_scan_single_device -- functionpoint
[    0.125041] drivers/pci/search.c 206 pci_get_slot -- functionpoint
[    0.125043] drivers/pci/search.c 215 pci_get_slot return value is NULL -- functionpoint
[    0.125044] drivers/pci/probe.c 2035 pci_scan_device -- functionpoint
[    0.125046] drivers/pci/probe.c 2009 pci_bus_read_dev_vendor_id -- functionpoint
[    0.125060] drivers/pci/probe.c 2288 pci_scan_slot -- functionpoint -- fn = 0, devfn = 32, fn+devfn = 32
[    0.125063] drivers/pci/probe.c 2281 pci_scan_slot -- functionpoint
[    0.125064] drivers/pci/probe.c 2196 pci_scan_single_device -- functionpoint
[    0.125065] drivers/pci/search.c 206 pci_get_slot -- functionpoint
[    0.125067] drivers/pci/search.c 215 pci_get_slot return value is NULL -- functionpoint
[    0.125068] drivers/pci/probe.c 2035 pci_scan_device -- functionpoint
[    0.125070] drivers/pci/probe.c 2009 pci_bus_read_dev_vendor_id -- functionpoint
[    0.125085] drivers/pci/probe.c 2288 pci_scan_slot -- functionpoint -- fn = 0, devfn = 40, fn+devfn = 40
[    0.125089] drivers/pci/probe.c 2281 pci_scan_slot -- functionpoint
[    0.125089] drivers/pci/probe.c 2196 pci_scan_single_device -- functionpoint
[    0.125091] drivers/pci/search.c 206 pci_get_slot -- functionpoint
[    0.125092] drivers/pci/search.c 215 pci_get_slot return value is NULL -- functionpoint
[    0.125094] drivers/pci/probe.c 2035 pci_scan_device -- functionpoint
[    0.125096] drivers/pci/probe.c 2009 pci_bus_read_dev_vendor_id -- functionpoint
[    0.125107] drivers/pci/probe.c 2288 pci_scan_slot -- functionpoint -- fn = 0, devfn = 48, fn+devfn = 48
[    0.125111] drivers/pci/probe.c 2281 pci_scan_slot -- functionpoint
[    0.125111] drivers/pci/probe.c 2196 pci_scan_single_device -- functionpoint
[    0.125112] drivers/pci/search.c 206 pci_get_slot -- functionpoint
[    0.125114] drivers/pci/search.c 215 pci_get_slot return value is NULL -- functionpoint
[    0.125116] drivers/pci/probe.c 2035 pci_scan_device -- functionpoint
[    0.125117] drivers/pci/probe.c 2009 pci_bus_read_dev_vendor_id -- functionpoint
[    0.125132] drivers/pci/probe.c 2288 pci_scan_slot -- functionpoint -- fn = 0, devfn = 56, fn+devfn = 56
[    0.125136] drivers/pci/probe.c 2281 pci_scan_slot -- functionpoint
[    0.125136] drivers/pci/probe.c 2196 pci_scan_single_device -- functionpoint
[    0.125137] drivers/pci/search.c 206 pci_get_slot -- functionpoint
[    0.125139] drivers/pci/search.c 215 pci_get_slot return value is NULL -- functionpoint
[    0.125141] drivers/pci/probe.c 2035 pci_scan_device -- functionpoint
[    0.125142] drivers/pci/probe.c 2009 pci_bus_read_dev_vendor_id -- functionpoint
[    0.125157] drivers/pci/probe.c 2288 pci_scan_slot -- functionpoint -- fn = 0, devfn = 64, fn+devfn = 64
[    0.125161] drivers/pci/probe.c 2281 pci_scan_slot -- functionpoint
[    0.125161] drivers/pci/probe.c 2196 pci_scan_single_device -- functionpoint
[    0.125162] drivers/pci/search.c 206 pci_get_slot -- functionpoint
[    0.125164] drivers/pci/search.c 215 pci_get_slot return value is NULL -- functionpoint
[    0.125166] drivers/pci/probe.c 2035 pci_scan_device -- functionpoint
[    0.125167] drivers/pci/probe.c 2009 pci_bus_read_dev_vendor_id -- functionpoint
[    0.125181] drivers/pci/probe.c 2288 pci_scan_slot -- functionpoint -- fn = 0, devfn = 72, fn+devfn = 72
[    0.125185] drivers/pci/probe.c 2281 pci_scan_slot -- functionpoint
[    0.125185] drivers/pci/probe.c 2196 pci_scan_single_device -- functionpoint
[    0.125187] drivers/pci/search.c 206 pci_get_slot -- functionpoint
[    0.125188] drivers/pci/search.c 215 pci_get_slot return value is NULL -- functionpoint
[    0.125190] drivers/pci/probe.c 2035 pci_scan_device -- functionpoint
[    0.125192] drivers/pci/probe.c 2009 pci_bus_read_dev_vendor_id -- functionpoint
[    0.125207] drivers/pci/probe.c 2288 pci_scan_slot -- functionpoint -- fn = 0, devfn = 80, fn+devfn = 80
[    0.125211] drivers/pci/probe.c 2281 pci_scan_slot -- functionpoint
[    0.125211] drivers/pci/probe.c 2196 pci_scan_single_device -- functionpoint
[    0.125212] drivers/pci/search.c 206 pci_get_slot -- functionpoint
[    0.125214] drivers/pci/search.c 215 pci_get_slot return value is NULL -- functionpoint
[    0.125216] drivers/pci/probe.c 2035 pci_scan_device -- functionpoint
[    0.125218] drivers/pci/probe.c 2009 pci_bus_read_dev_vendor_id -- functionpoint
[    0.125232] drivers/pci/probe.c 2288 pci_scan_slot -- functionpoint -- fn = 0, devfn = 88, fn+devfn = 88
[    0.125236] drivers/pci/probe.c 2281 pci_scan_slot -- functionpoint
[    0.125236] drivers/pci/probe.c 2196 pci_scan_single_device -- functionpoint
[    0.125237] drivers/pci/search.c 206 pci_get_slot -- functionpoint
[    0.125239] drivers/pci/search.c 215 pci_get_slot return value is NULL -- functionpoint
[    0.125241] drivers/pci/probe.c 2035 pci_scan_device -- functionpoint
[    0.125242] drivers/pci/probe.c 2009 pci_bus_read_dev_vendor_id -- functionpoint
[    0.125257] drivers/pci/probe.c 2288 pci_scan_slot -- functionpoint -- fn = 0, devfn = 96, fn+devfn = 96
[    0.125260] drivers/pci/probe.c 2281 pci_scan_slot -- functionpoint
[    0.125261] drivers/pci/probe.c 2196 pci_scan_single_device -- functionpoint
[    0.125262] drivers/pci/search.c 206 pci_get_slot -- functionpoint
[    0.125264] drivers/pci/search.c 215 pci_get_slot return value is NULL -- functionpoint
[    0.125266] drivers/pci/probe.c 2035 pci_scan_device -- functionpoint
[    0.125267] drivers/pci/probe.c 2009 pci_bus_read_dev_vendor_id -- functionpoint
[    0.125282] drivers/pci/probe.c 2288 pci_scan_slot -- functionpoint -- fn = 0, devfn = 104, fn+devfn = 104
[    0.125286] drivers/pci/probe.c 2281 pci_scan_slot -- functionpoint
[    0.125286] drivers/pci/probe.c 2196 pci_scan_single_device -- functionpoint
[    0.125288] drivers/pci/search.c 206 pci_get_slot -- functionpoint
[    0.125289] drivers/pci/search.c 215 pci_get_slot return value is NULL -- functionpoint
[    0.125291] drivers/pci/probe.c 2035 pci_scan_device -- functionpoint
[    0.125293] drivers/pci/probe.c 2009 pci_bus_read_dev_vendor_id -- functionpoint
[    0.125307] drivers/pci/probe.c 2288 pci_scan_slot -- functionpoint -- fn = 0, devfn = 112, fn+devfn = 112
[    0.125311] drivers/pci/probe.c 2281 pci_scan_slot -- functionpoint
[    0.125311] drivers/pci/probe.c 2196 pci_scan_single_device -- functionpoint
[    0.125312] drivers/pci/search.c 206 pci_get_slot -- functionpoint
[    0.125314] drivers/pci/search.c 215 pci_get_slot return value is NULL -- functionpoint
[    0.125316] drivers/pci/probe.c 2035 pci_scan_device -- functionpoint
[    0.125318] drivers/pci/probe.c 2009 pci_bus_read_dev_vendor_id -- functionpoint
[    0.125332] drivers/pci/probe.c 2288 pci_scan_slot -- functionpoint -- fn = 0, devfn = 120, fn+devfn = 120
[    0.125335] drivers/pci/probe.c 2281 pci_scan_slot -- functionpoint
[    0.125335] drivers/pci/probe.c 2196 pci_scan_single_device -- functionpoint
[    0.125337] drivers/pci/search.c 206 pci_get_slot -- functionpoint
[    0.125339] drivers/pci/search.c 215 pci_get_slot return value is NULL -- functionpoint
[    0.125340] drivers/pci/probe.c 2035 pci_scan_device -- functionpoint
[    0.125342] drivers/pci/probe.c 2009 pci_bus_read_dev_vendor_id -- functionpoint
[    0.125357] drivers/pci/probe.c 2288 pci_scan_slot -- functionpoint -- fn = 0, devfn = 128, fn+devfn = 128
[    0.125361] drivers/pci/probe.c 2281 pci_scan_slot -- functionpoint
[    0.125361] drivers/pci/probe.c 2196 pci_scan_single_device -- functionpoint
[    0.125362] drivers/pci/search.c 206 pci_get_slot -- functionpoint
[    0.125364] drivers/pci/search.c 215 pci_get_slot return value is NULL -- functionpoint
[    0.125366] drivers/pci/probe.c 2035 pci_scan_device -- functionpoint
[    0.125367] drivers/pci/probe.c 2009 pci_bus_read_dev_vendor_id -- functionpoint
[    0.125382] drivers/pci/probe.c 2288 pci_scan_slot -- functionpoint -- fn = 0, devfn = 136, fn+devfn = 136
[    0.125386] drivers/pci/probe.c 2281 pci_scan_slot -- functionpoint
[    0.125386] drivers/pci/probe.c 2196 pci_scan_single_device -- functionpoint
[    0.125387] drivers/pci/search.c 206 pci_get_slot -- functionpoint
[    0.125389] drivers/pci/search.c 215 pci_get_slot return value is NULL -- functionpoint
[    0.125391] drivers/pci/probe.c 2035 pci_scan_device -- functionpoint
[    0.125392] drivers/pci/probe.c 2009 pci_bus_read_dev_vendor_id -- functionpoint
[    0.125398] drivers/pci/probe.c 2048 pci_scan_device -- functionpoint -- dev_vendor: 8086, dev_device: a379
[    0.125401] drivers/pci/probe.c 1453 pci_setup_device -- functionpoint
[    0.125403] drivers/pci/probe.c 1242 set_pcie_port_type -- functionpoint
[    0.125414] pci 0000:00:12.0: [8086:a379] type 00 class 0x118000
[    0.125417] pci 0000:00:12.0: drivers/pci/probe.c 1482 pci_setup_device functionpoint -- [8086:a379] type 00 class 0x118000 multifunction 01
[    0.125432] drivers/pci/probe.c 1513 pci_setup_device  switch case PCI_HEADER_TYPE_NORMAL -- functionpoint
[    0.125449] pci 0000:00:12.0: reg 0x10: [mem 0x4000107000-0x4000107fff 64bit]
[    0.125493] drivers/pci/probe.c 2145 pci_device_add -- functionpoint
[    0.125530] drivers/pci/pci.c 2409 pci_pm_init -- functionpoint
[    0.125539] pci 0000:00:12.0: drivers/pci/pci.c 2450 pci_pm_init --functionpoint-- supports
[    0.126524] drivers/pci/probe.c 2288 pci_scan_slot -- functionpoint -- fn = 0, devfn = 144, fn+devfn = 144
[    0.126527] drivers/pci/probe.c 2220 next_fn -- functionpoint
[    0.126527] drivers/pci/probe.c 2196 pci_scan_single_device -- functionpoint
[    0.126528] drivers/pci/search.c 206 pci_get_slot -- functionpoint
[    0.126530] drivers/pci/search.c 215 pci_get_slot return value is NULL -- functionpoint
[    0.126532] drivers/pci/probe.c 2035 pci_scan_device -- functionpoint
[    0.126534] drivers/pci/probe.c 2009 pci_bus_read_dev_vendor_id -- functionpoint
[    0.126545] drivers/pci/probe.c 2298 pci_scan_slot -- functionpoint -- fn = 1, devfn = 144, fn+devfn = 145
[    0.126549] drivers/pci/probe.c 2220 next_fn -- functionpoint
[    0.126549] drivers/pci/probe.c 2196 pci_scan_single_device -- functionpoint
[    0.126551] drivers/pci/search.c 206 pci_get_slot -- functionpoint
[    0.126552] drivers/pci/search.c 215 pci_get_slot return value is NULL -- functionpoint
[    0.126554] drivers/pci/probe.c 2035 pci_scan_device -- functionpoint
[    0.126556] drivers/pci/probe.c 2009 pci_bus_read_dev_vendor_id -- functionpoint
[    0.126571] drivers/pci/probe.c 2298 pci_scan_slot -- functionpoint -- fn = 2, devfn = 144, fn+devfn = 146
[    0.126574] drivers/pci/probe.c 2220 next_fn -- functionpoint
[    0.126574] drivers/pci/probe.c 2196 pci_scan_single_device -- functionpoint
[    0.126576] drivers/pci/search.c 206 pci_get_slot -- functionpoint
[    0.126578] drivers/pci/search.c 215 pci_get_slot return value is NULL -- functionpoint
[    0.126579] drivers/pci/probe.c 2035 pci_scan_device -- functionpoint
[    0.126581] drivers/pci/probe.c 2009 pci_bus_read_dev_vendor_id -- functionpoint
[    0.126595] drivers/pci/probe.c 2298 pci_scan_slot -- functionpoint -- fn = 3, devfn = 144, fn+devfn = 147
[    0.126598] drivers/pci/probe.c 2220 next_fn -- functionpoint
[    0.126598] drivers/pci/probe.c 2196 pci_scan_single_device -- functionpoint
[    0.126600] drivers/pci/search.c 206 pci_get_slot -- functionpoint
[    0.126602] drivers/pci/search.c 215 pci_get_slot return value is NULL -- functionpoint
[    0.126603] drivers/pci/probe.c 2035 pci_scan_device -- functionpoint
[    0.126605] drivers/pci/probe.c 2009 pci_bus_read_dev_vendor_id -- functionpoint
[    0.126621] drivers/pci/probe.c 2298 pci_scan_slot -- functionpoint -- fn = 4, devfn = 144, fn+devfn = 148
[    0.126624] drivers/pci/probe.c 2220 next_fn -- functionpoint
[    0.126624] drivers/pci/probe.c 2196 pci_scan_single_device -- functionpoint
[    0.126626] drivers/pci/search.c 206 pci_get_slot -- functionpoint
[    0.126628] drivers/pci/search.c 215 pci_get_slot return value is NULL -- functionpoint
[    0.126629] drivers/pci/probe.c 2035 pci_scan_device -- functionpoint
[    0.126631] drivers/pci/probe.c 2009 pci_bus_read_dev_vendor_id -- functionpoint
[    0.126644] drivers/pci/probe.c 2298 pci_scan_slot -- functionpoint -- fn = 5, devfn = 144, fn+devfn = 149
[    0.126648] drivers/pci/probe.c 2220 next_fn -- functionpoint
[    0.126648] drivers/pci/probe.c 2196 pci_scan_single_device -- functionpoint
[    0.126650] drivers/pci/search.c 206 pci_get_slot -- functionpoint
[    0.126651] drivers/pci/search.c 215 pci_get_slot return value is NULL -- functionpoint
[    0.126653] drivers/pci/probe.c 2035 pci_scan_device -- functionpoint
[    0.126655] drivers/pci/probe.c 2009 pci_bus_read_dev_vendor_id -- functionpoint
[    0.126664] drivers/pci/probe.c 2298 pci_scan_slot -- functionpoint -- fn = 6, devfn = 144, fn+devfn = 150
[    0.126668] drivers/pci/probe.c 2220 next_fn -- functionpoint
[    0.126668] drivers/pci/probe.c 2196 pci_scan_single_device -- functionpoint
[    0.126669] drivers/pci/search.c 206 pci_get_slot -- functionpoint
[    0.126671] drivers/pci/search.c 215 pci_get_slot return value is NULL -- functionpoint
[    0.126673] drivers/pci/probe.c 2035 pci_scan_device -- functionpoint
[    0.126674] drivers/pci/probe.c 2009 pci_bus_read_dev_vendor_id -- functionpoint
[    0.126691] drivers/pci/probe.c 2298 pci_scan_slot -- functionpoint -- fn = 7, devfn = 144, fn+devfn = 151
[    0.126694] drivers/pci/probe.c 2220 next_fn -- functionpoint
[    0.126694] drivers/pci/probe.c 2281 pci_scan_slot -- functionpoint
[    0.126696] drivers/pci/probe.c 2196 pci_scan_single_device -- functionpoint
[    0.126698] drivers/pci/search.c 206 pci_get_slot -- functionpoint
[    0.126699] drivers/pci/search.c 215 pci_get_slot return value is NULL -- functionpoint
[    0.126701] drivers/pci/probe.c 2035 pci_scan_device -- functionpoint
[    0.126703] drivers/pci/probe.c 2009 pci_bus_read_dev_vendor_id -- functionpoint
[    0.126707] drivers/pci/probe.c 2288 pci_scan_slot -- functionpoint -- fn = 0, devfn = 152, fn+devfn = 152
[    0.126711] drivers/pci/probe.c 2281 pci_scan_slot -- functionpoint
[    0.126711] drivers/pci/probe.c 2196 pci_scan_single_device -- functionpoint
[    0.126713] drivers/pci/search.c 206 pci_get_slot -- functionpoint
[    0.126714] drivers/pci/search.c 215 pci_get_slot return value is NULL -- functionpoint
[    0.126716] drivers/pci/probe.c 2035 pci_scan_device -- functionpoint
[    0.126718] drivers/pci/probe.c 2009 pci_bus_read_dev_vendor_id -- functionpoint
[    0.126726] drivers/pci/probe.c 2048 pci_scan_device -- functionpoint -- dev_vendor: 8086, dev_device: a36d
[    0.126730] drivers/pci/probe.c 1453 pci_setup_device -- functionpoint
[    0.126732] drivers/pci/probe.c 1242 set_pcie_port_type -- functionpoint
[    0.126744] pci 0000:00:14.0: [8086:a36d] type 00 class 0x0c0330
[    0.126747] pci 0000:00:14.0: drivers/pci/probe.c 1482 pci_setup_device functionpoint -- [8086:a36d] type 00 class 0x0c0330 multifunction 01
[    0.126762] drivers/pci/probe.c 1513 pci_setup_device  switch case PCI_HEADER_TYPE_NORMAL -- functionpoint
[    0.126783] pci 0000:00:14.0: reg 0x10: [mem 0xf1220000-0xf122ffff 64bit]
[    0.126839] drivers/pci/probe.c 2145 pci_device_add -- functionpoint
[    0.126882] drivers/pci/pci.c 2409 pci_pm_init -- functionpoint
[    0.126890] pci 0000:00:14.0: drivers/pci/pci.c 2450 pci_pm_init --functionpoint-- supports
[    0.126894] pci 0000:00:14.0: PME# supported from D3hot D3cold
[    0.126895] pci 0000:00:14.0: drivers/pci/pci.c 2462 pci_pm_init --functionpoint-- PME# supported from D3hot D3cold
[    0.126901] pci 0000:00:14.0: drivers/pci/pci.c 1891 pci_pme_active --functionpoint-- PME# disabled
[    0.127954] drivers/pci/probe.c 2288 pci_scan_slot -- functionpoint -- fn = 0, devfn = 160, fn+devfn = 160
[    0.127956] drivers/pci/probe.c 2220 next_fn -- functionpoint
[    0.127957] drivers/pci/probe.c 2196 pci_scan_single_device -- functionpoint
[    0.127958] drivers/pci/search.c 206 pci_get_slot -- functionpoint
[    0.127960] drivers/pci/search.c 215 pci_get_slot return value is NULL -- functionpoint
[    0.127962] drivers/pci/probe.c 2035 pci_scan_device -- functionpoint
[    0.127963] drivers/pci/probe.c 2009 pci_bus_read_dev_vendor_id -- functionpoint
[    0.127975] drivers/pci/probe.c 2298 pci_scan_slot -- functionpoint -- fn = 1, devfn = 160, fn+devfn = 161
[    0.127978] drivers/pci/probe.c 2220 next_fn -- functionpoint
[    0.127979] drivers/pci/probe.c 2196 pci_scan_single_device -- functionpoint
[    0.127980] drivers/pci/search.c 206 pci_get_slot -- functionpoint
[    0.127982] drivers/pci/search.c 215 pci_get_slot return value is NULL -- functionpoint
[    0.127983] drivers/pci/probe.c 2035 pci_scan_device -- functionpoint
[    0.127985] drivers/pci/probe.c 2009 pci_bus_read_dev_vendor_id -- functionpoint
[    0.127994] drivers/pci/probe.c 2048 pci_scan_device -- functionpoint -- dev_vendor: 8086, dev_device: a36f
[    0.127998] drivers/pci/probe.c 1453 pci_setup_device -- functionpoint
[    0.128000] drivers/pci/probe.c 1242 set_pcie_port_type -- functionpoint
[    0.128009] pci 0000:00:14.2: [8086:a36f] type 00 class 0x050000
[    0.128012] pci 0000:00:14.2: drivers/pci/probe.c 1482 pci_setup_device functionpoint -- [8086:a36f] type 00 class 0x050000 multifunction 00
[    0.128025] drivers/pci/probe.c 1513 pci_setup_device  switch case PCI_HEADER_TYPE_NORMAL -- functionpoint
[    0.128041] pci 0000:00:14.2: reg 0x10: [mem 0xf1232000-0xf1233fff 64bit]
[    0.128057] pci 0000:00:14.2: reg 0x18: [mem 0x4000106000-0x4000106fff 64bit]
[    0.128082] drivers/pci/probe.c 2145 pci_device_add -- functionpoint
[    0.128109] drivers/pci/pci.c 2409 pci_pm_init -- functionpoint
[    0.128118] pci 0000:00:14.2: drivers/pci/pci.c 2450 pci_pm_init --functionpoint-- supports
[    0.129103] drivers/pci/probe.c 2298 pci_scan_slot -- functionpoint -- fn = 2, devfn = 160, fn+devfn = 162
[    0.129105] drivers/pci/probe.c 2220 next_fn -- functionpoint
[    0.129106] drivers/pci/probe.c 2196 pci_scan_single_device -- functionpoint
[    0.129107] drivers/pci/search.c 206 pci_get_slot -- functionpoint
[    0.129109] drivers/pci/search.c 215 pci_get_slot return value is NULL -- functionpoint
[    0.129110] drivers/pci/probe.c 2035 pci_scan_device -- functionpoint
[    0.129112] drivers/pci/probe.c 2009 pci_bus_read_dev_vendor_id -- functionpoint
[    0.129118] drivers/pci/probe.c 2298 pci_scan_slot -- functionpoint -- fn = 3, devfn = 160, fn+devfn = 163
[    0.129121] drivers/pci/probe.c 2220 next_fn -- functionpoint
[    0.129122] drivers/pci/probe.c 2196 pci_scan_single_device -- functionpoint
[    0.129123] drivers/pci/search.c 206 pci_get_slot -- functionpoint
[    0.129125] drivers/pci/search.c 215 pci_get_slot return value is NULL -- functionpoint
[    0.129126] drivers/pci/probe.c 2035 pci_scan_device -- functionpoint
[    0.129128] drivers/pci/probe.c 2009 pci_bus_read_dev_vendor_id -- functionpoint
[    0.129146] drivers/pci/probe.c 2298 pci_scan_slot -- functionpoint -- fn = 4, devfn = 160, fn+devfn = 164
[    0.129149] drivers/pci/probe.c 2220 next_fn -- functionpoint
[    0.129150] drivers/pci/probe.c 2196 pci_scan_single_device -- functionpoint
[    0.129151] drivers/pci/search.c 206 pci_get_slot -- functionpoint
[    0.129153] drivers/pci/search.c 215 pci_get_slot return value is NULL -- functionpoint
[    0.129154] drivers/pci/probe.c 2035 pci_scan_device -- functionpoint
[    0.129156] drivers/pci/probe.c 2009 pci_bus_read_dev_vendor_id -- functionpoint
[    0.129171] drivers/pci/probe.c 2298 pci_scan_slot -- functionpoint -- fn = 5, devfn = 160, fn+devfn = 165
[    0.129174] drivers/pci/probe.c 2220 next_fn -- functionpoint
[    0.129175] drivers/pci/probe.c 2196 pci_scan_single_device -- functionpoint
[    0.129176] drivers/pci/search.c 206 pci_get_slot -- functionpoint
[    0.129178] drivers/pci/search.c 215 pci_get_slot return value is NULL -- functionpoint
[    0.129179] drivers/pci/probe.c 2035 pci_scan_device -- functionpoint
[    0.129181] drivers/pci/probe.c 2009 pci_bus_read_dev_vendor_id -- functionpoint
[    0.129196] drivers/pci/probe.c 2298 pci_scan_slot -- functionpoint -- fn = 6, devfn = 160, fn+devfn = 166
[    0.129199] drivers/pci/probe.c 2220 next_fn -- functionpoint
[    0.129200] drivers/pci/probe.c 2196 pci_scan_single_device -- functionpoint
[    0.129201] drivers/pci/search.c 206 pci_get_slot -- functionpoint
[    0.129203] drivers/pci/search.c 215 pci_get_slot return value is NULL -- functionpoint
[    0.129204] drivers/pci/probe.c 2035 pci_scan_device -- functionpoint
[    0.129206] drivers/pci/probe.c 2009 pci_bus_read_dev_vendor_id -- functionpoint
[    0.129221] drivers/pci/probe.c 2298 pci_scan_slot -- functionpoint -- fn = 7, devfn = 160, fn+devfn = 167
[    0.129224] drivers/pci/probe.c 2220 next_fn -- functionpoint
[    0.129225] drivers/pci/probe.c 2281 pci_scan_slot -- functionpoint
[    0.129226] drivers/pci/probe.c 2196 pci_scan_single_device -- functionpoint
[    0.129228] drivers/pci/search.c 206 pci_get_slot -- functionpoint
[    0.129229] drivers/pci/search.c 215 pci_get_slot return value is NULL -- functionpoint
[    0.129231] drivers/pci/probe.c 2035 pci_scan_device -- functionpoint
[    0.129233] drivers/pci/probe.c 2009 pci_bus_read_dev_vendor_id -- functionpoint
[    0.129238] drivers/pci/probe.c 2288 pci_scan_slot -- functionpoint -- fn = 0, devfn = 168, fn+devfn = 168
[    0.129241] drivers/pci/probe.c 2281 pci_scan_slot -- functionpoint
[    0.129242] drivers/pci/probe.c 2196 pci_scan_single_device -- functionpoint
[    0.129243] drivers/pci/search.c 206 pci_get_slot -- functionpoint
[    0.129245] drivers/pci/search.c 215 pci_get_slot return value is NULL -- functionpoint
[    0.129246] drivers/pci/probe.c 2035 pci_scan_device -- functionpoint
[    0.129248] drivers/pci/probe.c 2009 pci_bus_read_dev_vendor_id -- functionpoint
[    0.129263] drivers/pci/probe.c 2048 pci_scan_device -- functionpoint -- dev_vendor: 8086, dev_device: a360
[    0.129267] drivers/pci/probe.c 1453 pci_setup_device -- functionpoint
[    0.129268] drivers/pci/probe.c 1242 set_pcie_port_type -- functionpoint
[    0.129280] pci 0000:00:16.0: [8086:a360] type 00 class 0x078000
[    0.129283] pci 0000:00:16.0: drivers/pci/probe.c 1482 pci_setup_device functionpoint -- [8086:a360] type 00 class 0x078000 multifunction 01
[    0.129299] drivers/pci/probe.c 1513 pci_setup_device  switch case PCI_HEADER_TYPE_NORMAL -- functionpoint
[    0.129316] pci 0000:00:16.0: reg 0x10: [mem 0x4000105000-0x4000105fff 64bit]
[    0.129358] drivers/pci/probe.c 2145 pci_device_add -- functionpoint
[    0.129400] drivers/pci/pci.c 2409 pci_pm_init -- functionpoint
[    0.129409] pci 0000:00:16.0: drivers/pci/pci.c 2450 pci_pm_init --functionpoint-- supports
[    0.129413] pci 0000:00:16.0: PME# supported from D3hot
[    0.129414] pci 0000:00:16.0: drivers/pci/pci.c 2462 pci_pm_init --functionpoint-- PME# supported from D3hot
[    0.129419] pci 0000:00:16.0: drivers/pci/pci.c 1891 pci_pme_active --functionpoint-- PME# disabled
[    0.130463] drivers/pci/probe.c 2288 pci_scan_slot -- functionpoint -- fn = 0, devfn = 176, fn+devfn = 176
[    0.130465] drivers/pci/probe.c 2220 next_fn -- functionpoint
[    0.130465] drivers/pci/probe.c 2196 pci_scan_single_device -- functionpoint
[    0.130467] drivers/pci/search.c 206 pci_get_slot -- functionpoint
[    0.130469] drivers/pci/search.c 215 pci_get_slot return value is NULL -- functionpoint
[    0.130470] drivers/pci/probe.c 2035 pci_scan_device -- functionpoint
[    0.130472] drivers/pci/probe.c 2009 pci_bus_read_dev_vendor_id -- functionpoint
[    0.130484] drivers/pci/probe.c 2298 pci_scan_slot -- functionpoint -- fn = 1, devfn = 176, fn+devfn = 177
[    0.130487] drivers/pci/probe.c 2220 next_fn -- functionpoint
[    0.130487] drivers/pci/probe.c 2196 pci_scan_single_device -- functionpoint
[    0.130489] drivers/pci/search.c 206 pci_get_slot -- functionpoint
[    0.130491] drivers/pci/search.c 215 pci_get_slot return value is NULL -- functionpoint
[    0.130492] drivers/pci/probe.c 2035 pci_scan_device -- functionpoint
[    0.130494] drivers/pci/probe.c 2009 pci_bus_read_dev_vendor_id -- functionpoint
[    0.130509] drivers/pci/probe.c 2298 pci_scan_slot -- functionpoint -- fn = 2, devfn = 176, fn+devfn = 178
[    0.130513] drivers/pci/probe.c 2220 next_fn -- functionpoint
[    0.130513] drivers/pci/probe.c 2196 pci_scan_single_device -- functionpoint
[    0.130515] drivers/pci/search.c 206 pci_get_slot -- functionpoint
[    0.130516] drivers/pci/search.c 215 pci_get_slot return value is NULL -- functionpoint
[    0.130518] drivers/pci/probe.c 2035 pci_scan_device -- functionpoint
[    0.130520] drivers/pci/probe.c 2009 pci_bus_read_dev_vendor_id -- functionpoint
[    0.130528] drivers/pci/probe.c 2048 pci_scan_device -- functionpoint -- dev_vendor: 8086, dev_device: a363
[    0.130531] drivers/pci/probe.c 1453 pci_setup_device -- functionpoint
[    0.130533] drivers/pci/probe.c 1242 set_pcie_port_type -- functionpoint
[    0.130544] pci 0000:00:16.3: [8086:a363] type 00 class 0x070002
[    0.130547] pci 0000:00:16.3: drivers/pci/probe.c 1482 pci_setup_device functionpoint -- [8086:a363] type 00 class 0x070002 multifunction 01
[    0.130561] drivers/pci/probe.c 1513 pci_setup_device  switch case PCI_HEADER_TYPE_NORMAL -- functionpoint
[    0.130573] pci 0000:00:16.3: reg 0x10: [io  0x4088-0x408f]
[    0.130583] pci 0000:00:16.3: reg 0x14: [mem 0xf1237000-0xf1237fff]
[    0.130623] drivers/pci/probe.c 2145 pci_device_add -- functionpoint
[    0.130658] drivers/pci/pci.c 2409 pci_pm_init -- functionpoint
[    0.130668] pci 0000:00:16.3: drivers/pci/pci.c 2450 pci_pm_init --functionpoint-- supports
[    0.131650] drivers/pci/probe.c 2298 pci_scan_slot -- functionpoint -- fn = 3, devfn = 176, fn+devfn = 179
[    0.131652] drivers/pci/probe.c 2220 next_fn -- functionpoint
[    0.131652] drivers/pci/probe.c 2196 pci_scan_single_device -- functionpoint
[    0.131654] drivers/pci/search.c 206 pci_get_slot -- functionpoint
[    0.131656] drivers/pci/search.c 215 pci_get_slot return value is NULL -- functionpoint
[    0.131657] drivers/pci/probe.c 2035 pci_scan_device -- functionpoint
[    0.131659] drivers/pci/probe.c 2009 pci_bus_read_dev_vendor_id -- functionpoint
[    0.131671] drivers/pci/probe.c 2298 pci_scan_slot -- functionpoint -- fn = 4, devfn = 176, fn+devfn = 180
[    0.131674] drivers/pci/probe.c 2220 next_fn -- functionpoint
[    0.131674] drivers/pci/probe.c 2196 pci_scan_single_device -- functionpoint
[    0.131676] drivers/pci/search.c 206 pci_get_slot -- functionpoint
[    0.131678] drivers/pci/search.c 215 pci_get_slot return value is NULL -- functionpoint
[    0.131679] drivers/pci/probe.c 2035 pci_scan_device -- functionpoint
[    0.131681] drivers/pci/probe.c 2009 pci_bus_read_dev_vendor_id -- functionpoint
[    0.131696] drivers/pci/probe.c 2298 pci_scan_slot -- functionpoint -- fn = 5, devfn = 176, fn+devfn = 181
[    0.131700] drivers/pci/probe.c 2220 next_fn -- functionpoint
[    0.131700] drivers/pci/probe.c 2196 pci_scan_single_device -- functionpoint
[    0.131702] drivers/pci/search.c 206 pci_get_slot -- functionpoint
[    0.131703] drivers/pci/search.c 215 pci_get_slot return value is NULL -- functionpoint
[    0.131705] drivers/pci/probe.c 2035 pci_scan_device -- functionpoint
[    0.131707] drivers/pci/probe.c 2009 pci_bus_read_dev_vendor_id -- functionpoint
[    0.131721] drivers/pci/probe.c 2298 pci_scan_slot -- functionpoint -- fn = 6, devfn = 176, fn+devfn = 182
[    0.131725] drivers/pci/probe.c 2220 next_fn -- functionpoint
[    0.131725] drivers/pci/probe.c 2196 pci_scan_single_device -- functionpoint
[    0.131727] drivers/pci/search.c 206 pci_get_slot -- functionpoint
[    0.131728] drivers/pci/search.c 215 pci_get_slot return value is NULL -- functionpoint
[    0.131730] drivers/pci/probe.c 2035 pci_scan_device -- functionpoint
[    0.131732] drivers/pci/probe.c 2009 pci_bus_read_dev_vendor_id -- functionpoint
[    0.131746] drivers/pci/probe.c 2298 pci_scan_slot -- functionpoint -- fn = 7, devfn = 176, fn+devfn = 183
[    0.131750] drivers/pci/probe.c 2220 next_fn -- functionpoint
[    0.131750] drivers/pci/probe.c 2281 pci_scan_slot -- functionpoint
[    0.131752] drivers/pci/probe.c 2196 pci_scan_single_device -- functionpoint
[    0.131753] drivers/pci/search.c 206 pci_get_slot -- functionpoint
[    0.131755] drivers/pci/search.c 215 pci_get_slot return value is NULL -- functionpoint
[    0.131756] drivers/pci/probe.c 2035 pci_scan_device -- functionpoint
[    0.131758] drivers/pci/probe.c 2009 pci_bus_read_dev_vendor_id -- functionpoint
[    0.131767] drivers/pci/probe.c 2048 pci_scan_device -- functionpoint -- dev_vendor: 8086, dev_device: a352
[    0.131771] drivers/pci/probe.c 1453 pci_setup_device -- functionpoint
[    0.131772] drivers/pci/probe.c 1242 set_pcie_port_type -- functionpoint
[    0.131785] pci 0000:00:17.0: [8086:a352] type 00 class 0x010601
[    0.131787] pci 0000:00:17.0: drivers/pci/probe.c 1482 pci_setup_device functionpoint -- [8086:a352] type 00 class 0x010601 multifunction 00
[    0.131802] drivers/pci/probe.c 1513 pci_setup_device  switch case PCI_HEADER_TYPE_NORMAL -- functionpoint
[    0.131817] pci 0000:00:17.0: reg 0x10: [mem 0xf1230000-0xf1231fff]
[    0.131830] pci 0000:00:17.0: reg 0x14: [mem 0xf1236000-0xf12360ff]
[    0.131841] pci 0000:00:17.0: reg 0x18: [io  0x4080-0x4087]
[    0.131852] pci 0000:00:17.0: reg 0x1c: [io  0x4090-0x4093]
[    0.131863] pci 0000:00:17.0: reg 0x20: [io  0x4060-0x407f]
[    0.131874] pci 0000:00:17.0: reg 0x24: [mem 0xf1235000-0xf12357ff]
[    0.131888] drivers/pci/probe.c 2145 pci_device_add -- functionpoint
[    0.131928] drivers/pci/pci.c 2409 pci_pm_init -- functionpoint
[    0.131938] pci 0000:00:17.0: drivers/pci/pci.c 2450 pci_pm_init --functionpoint-- supports
[    0.131942] pci 0000:00:17.0: PME# supported from D3hot
[    0.131943] pci 0000:00:17.0: drivers/pci/pci.c 2462 pci_pm_init --functionpoint-- PME# supported from D3hot
[    0.131949] pci 0000:00:17.0: drivers/pci/pci.c 1891 pci_pme_active --functionpoint-- PME# disabled
[    0.133023] drivers/pci/probe.c 2288 pci_scan_slot -- functionpoint -- fn = 0, devfn = 184, fn+devfn = 184
[    0.133025] drivers/pci/probe.c 2220 next_fn -- functionpoint
[    0.133026] drivers/pci/probe.c 2281 pci_scan_slot -- functionpoint
[    0.133027] drivers/pci/probe.c 2196 pci_scan_single_device -- functionpoint
[    0.133029] drivers/pci/search.c 206 pci_get_slot -- functionpoint
[    0.133031] drivers/pci/search.c 215 pci_get_slot return value is NULL -- functionpoint
[    0.133032] drivers/pci/probe.c 2035 pci_scan_device -- functionpoint
[    0.133034] drivers/pci/probe.c 2009 pci_bus_read_dev_vendor_id -- functionpoint
[    0.133046] drivers/pci/probe.c 2288 pci_scan_slot -- functionpoint -- fn = 0, devfn = 192, fn+devfn = 192
[    0.133049] drivers/pci/probe.c 2281 pci_scan_slot -- functionpoint
[    0.133050] drivers/pci/probe.c 2196 pci_scan_single_device -- functionpoint
[    0.133051] drivers/pci/search.c 206 pci_get_slot -- functionpoint
[    0.133053] drivers/pci/search.c 215 pci_get_slot return value is NULL -- functionpoint
[    0.133054] drivers/pci/probe.c 2035 pci_scan_device -- functionpoint
[    0.133056] drivers/pci/probe.c 2009 pci_bus_read_dev_vendor_id -- functionpoint
[    0.133071] drivers/pci/probe.c 2288 pci_scan_slot -- functionpoint -- fn = 0, devfn = 200, fn+devfn = 200
[    0.133075] drivers/pci/probe.c 2281 pci_scan_slot -- functionpoint
[    0.133075] drivers/pci/probe.c 2196 pci_scan_single_device -- functionpoint
[    0.133077] drivers/pci/search.c 206 pci_get_slot -- functionpoint
[    0.133078] drivers/pci/search.c 215 pci_get_slot return value is NULL -- functionpoint
[    0.133080] drivers/pci/probe.c 2035 pci_scan_device -- functionpoint
[    0.133082] drivers/pci/probe.c 2009 pci_bus_read_dev_vendor_id -- functionpoint
[    0.133096] drivers/pci/probe.c 2288 pci_scan_slot -- functionpoint -- fn = 0, devfn = 208, fn+devfn = 208
[    0.133100] drivers/pci/probe.c 2281 pci_scan_slot -- functionpoint
[    0.133100] drivers/pci/probe.c 2196 pci_scan_single_device -- functionpoint
[    0.133102] drivers/pci/search.c 206 pci_get_slot -- functionpoint
[    0.133103] drivers/pci/search.c 215 pci_get_slot return value is NULL -- functionpoint
[    0.133105] drivers/pci/probe.c 2035 pci_scan_device -- functionpoint
[    0.133107] drivers/pci/probe.c 2009 pci_bus_read_dev_vendor_id -- functionpoint
[    0.133114] drivers/pci/probe.c 2048 pci_scan_device -- functionpoint -- dev_vendor: 8086, dev_device: a32c
[    0.133118] drivers/pci/probe.c 1453 pci_setup_device -- functionpoint
[    0.133120] drivers/pci/probe.c 1242 set_pcie_port_type -- functionpoint
[    0.133129] drivers/pci/probe.c 1262 set_pcie_port_type --functionpoint-- root_port or pcie_bridge
[    0.133134] pci 0000:00:1b.0: [8086:a32c] type 01 class 0x060400
[    0.133137] pci 0000:00:1b.0: drivers/pci/probe.c 1482 pci_setup_device functionpoint -- [8086:a32c] type 01 class 0x060400 multifunction 01
[    0.133157] drivers/pci/probe.c 1566 pci_setup_device switch case PCI_HEADER_TYPE_BRIDGE -- functionpoint
[    0.133203] drivers/pci/probe.c 2145 pci_device_add -- functionpoint
[    0.133272] drivers/pci/pci.c 2409 pci_pm_init -- functionpoint
[    0.133285] pci 0000:00:1b.0: drivers/pci/pci.c 2450 pci_pm_init --functionpoint-- supports
[    0.133289] pci 0000:00:1b.0: PME# supported from D0 D3hot D3cold
[    0.133290] pci 0000:00:1b.0: drivers/pci/pci.c 2462 pci_pm_init --functionpoint-- PME# supported from D0 D3hot D3cold
[    0.133302] pci 0000:00:1b.0: drivers/pci/pci.c 1891 pci_pme_active --functionpoint-- PME# disabled
[    0.133335] pci 0000:00:1b.0: PTM enabled (root), 4dns granularity
[    0.134400] drivers/pci/probe.c 2288 pci_scan_slot -- functionpoint -- fn = 0, devfn = 216, fn+devfn = 216
[    0.134403] drivers/pci/probe.c 2220 next_fn -- functionpoint
[    0.134403] drivers/pci/probe.c 2196 pci_scan_single_device -- functionpoint
[    0.134405] drivers/pci/search.c 206 pci_get_slot -- functionpoint
[    0.134406] drivers/pci/search.c 215 pci_get_slot return value is NULL -- functionpoint
[    0.134408] drivers/pci/probe.c 2035 pci_scan_device -- functionpoint
[    0.134410] drivers/pci/probe.c 2009 pci_bus_read_dev_vendor_id -- functionpoint
[    0.134422] drivers/pci/probe.c 2298 pci_scan_slot -- functionpoint -- fn = 1, devfn = 216, fn+devfn = 217
[    0.134425] drivers/pci/probe.c 2220 next_fn -- functionpoint
[    0.134425] drivers/pci/probe.c 2196 pci_scan_single_device -- functionpoint
[    0.134427] drivers/pci/search.c 206 pci_get_slot -- functionpoint
[    0.134429] drivers/pci/search.c 215 pci_get_slot return value is NULL -- functionpoint
[    0.134430] drivers/pci/probe.c 2035 pci_scan_device -- functionpoint
[    0.134432] drivers/pci/probe.c 2009 pci_bus_read_dev_vendor_id -- functionpoint
[    0.134447] drivers/pci/probe.c 2298 pci_scan_slot -- functionpoint -- fn = 2, devfn = 216, fn+devfn = 218
[    0.134451] drivers/pci/probe.c 2220 next_fn -- functionpoint
[    0.134451] drivers/pci/probe.c 2196 pci_scan_single_device -- functionpoint
[    0.134453] drivers/pci/search.c 206 pci_get_slot -- functionpoint
[    0.134454] drivers/pci/search.c 215 pci_get_slot return value is NULL -- functionpoint
[    0.134456] drivers/pci/probe.c 2035 pci_scan_device -- functionpoint
[    0.134458] drivers/pci/probe.c 2009 pci_bus_read_dev_vendor_id -- functionpoint
[    0.134472] drivers/pci/probe.c 2298 pci_scan_slot -- functionpoint -- fn = 3, devfn = 216, fn+devfn = 219
[    0.134476] drivers/pci/probe.c 2220 next_fn -- functionpoint
[    0.134476] drivers/pci/probe.c 2196 pci_scan_single_device -- functionpoint
[    0.134478] drivers/pci/search.c 206 pci_get_slot -- functionpoint
[    0.134479] drivers/pci/search.c 215 pci_get_slot return value is NULL -- functionpoint
[    0.134481] drivers/pci/probe.c 2035 pci_scan_device -- functionpoint
[    0.134483] drivers/pci/probe.c 2009 pci_bus_read_dev_vendor_id -- functionpoint
[    0.134497] drivers/pci/probe.c 2298 pci_scan_slot -- functionpoint -- fn = 4, devfn = 216, fn+devfn = 220
[    0.134501] drivers/pci/probe.c 2220 next_fn -- functionpoint
[    0.134501] drivers/pci/probe.c 2196 pci_scan_single_device -- functionpoint
[    0.134503] drivers/pci/search.c 206 pci_get_slot -- functionpoint
[    0.134504] drivers/pci/search.c 215 pci_get_slot return value is NULL -- functionpoint
[    0.134506] drivers/pci/probe.c 2035 pci_scan_device -- functionpoint
[    0.134508] drivers/pci/probe.c 2009 pci_bus_read_dev_vendor_id -- functionpoint
[    0.134522] drivers/pci/probe.c 2298 pci_scan_slot -- functionpoint -- fn = 5, devfn = 216, fn+devfn = 221
[    0.134526] drivers/pci/probe.c 2220 next_fn -- functionpoint
[    0.134526] drivers/pci/probe.c 2196 pci_scan_single_device -- functionpoint
[    0.134528] drivers/pci/search.c 206 pci_get_slot -- functionpoint
[    0.134529] drivers/pci/search.c 215 pci_get_slot return value is NULL -- functionpoint
[    0.134531] drivers/pci/probe.c 2035 pci_scan_device -- functionpoint
[    0.134533] drivers/pci/probe.c 2009 pci_bus_read_dev_vendor_id -- functionpoint
[    0.134546] drivers/pci/probe.c 2298 pci_scan_slot -- functionpoint -- fn = 6, devfn = 216, fn+devfn = 222
[    0.134549] drivers/pci/probe.c 2220 next_fn -- functionpoint
[    0.134549] drivers/pci/probe.c 2196 pci_scan_single_device -- functionpoint
[    0.134551] drivers/pci/search.c 206 pci_get_slot -- functionpoint
[    0.134553] drivers/pci/search.c 215 pci_get_slot return value is NULL -- functionpoint
[    0.134554] drivers/pci/probe.c 2035 pci_scan_device -- functionpoint
[    0.134556] drivers/pci/probe.c 2009 pci_bus_read_dev_vendor_id -- functionpoint
[    0.134571] drivers/pci/probe.c 2298 pci_scan_slot -- functionpoint -- fn = 7, devfn = 216, fn+devfn = 223
[    0.134575] drivers/pci/probe.c 2220 next_fn -- functionpoint
[    0.134575] drivers/pci/probe.c 2281 pci_scan_slot -- functionpoint
[    0.134577] drivers/pci/probe.c 2196 pci_scan_single_device -- functionpoint
[    0.134578] drivers/pci/search.c 206 pci_get_slot -- functionpoint
[    0.134580] drivers/pci/search.c 215 pci_get_slot return value is NULL -- functionpoint
[    0.134581] drivers/pci/probe.c 2035 pci_scan_device -- functionpoint
[    0.134583] drivers/pci/probe.c 2009 pci_bus_read_dev_vendor_id -- functionpoint
[    0.134591] drivers/pci/probe.c 2048 pci_scan_device -- functionpoint -- dev_vendor: 8086, dev_device: a33e
[    0.134594] drivers/pci/probe.c 1453 pci_setup_device -- functionpoint
[    0.134596] drivers/pci/probe.c 1242 set_pcie_port_type -- functionpoint
[    0.134605] drivers/pci/probe.c 1262 set_pcie_port_type --functionpoint-- root_port or pcie_bridge
[    0.134610] pci 0000:00:1c.0: [8086:a33e] type 01 class 0x060400
[    0.134613] pci 0000:00:1c.0: drivers/pci/probe.c 1482 pci_setup_device functionpoint -- [8086:a33e] type 01 class 0x060400 multifunction 01
[    0.134633] drivers/pci/probe.c 1566 pci_setup_device switch case PCI_HEADER_TYPE_BRIDGE -- functionpoint
[    0.134678] drivers/pci/probe.c 2145 pci_device_add -- functionpoint
[    0.134750] drivers/pci/pci.c 2409 pci_pm_init -- functionpoint
[    0.134763] pci 0000:00:1c.0: drivers/pci/pci.c 2450 pci_pm_init --functionpoint-- supports
[    0.134767] pci 0000:00:1c.0: PME# supported from D0 D3hot D3cold
[    0.134768] pci 0000:00:1c.0: drivers/pci/pci.c 2462 pci_pm_init --functionpoint-- PME# supported from D0 D3hot D3cold
[    0.134779] pci 0000:00:1c.0: drivers/pci/pci.c 1891 pci_pme_active --functionpoint-- PME# disabled
[    0.134814] pci 0000:00:1c.0: PTM enabled (root), 4dns granularity
[    0.135874] drivers/pci/probe.c 2288 pci_scan_slot -- functionpoint -- fn = 0, devfn = 224, fn+devfn = 224
[    0.135877] drivers/pci/probe.c 2220 next_fn -- functionpoint
[    0.135877] drivers/pci/probe.c 2196 pci_scan_single_device -- functionpoint
[    0.135879] drivers/pci/search.c 206 pci_get_slot -- functionpoint
[    0.135881] drivers/pci/search.c 215 pci_get_slot return value is NULL -- functionpoint
[    0.135882] drivers/pci/probe.c 2035 pci_scan_device -- functionpoint
[    0.135884] drivers/pci/probe.c 2009 pci_bus_read_dev_vendor_id -- functionpoint
[    0.135896] drivers/pci/probe.c 2298 pci_scan_slot -- functionpoint -- fn = 1, devfn = 224, fn+devfn = 225
[    0.135899] drivers/pci/probe.c 2220 next_fn -- functionpoint
[    0.135899] drivers/pci/probe.c 2196 pci_scan_single_device -- functionpoint
[    0.135901] drivers/pci/search.c 206 pci_get_slot -- functionpoint
[    0.135903] drivers/pci/search.c 215 pci_get_slot return value is NULL -- functionpoint
[    0.135904] drivers/pci/probe.c 2035 pci_scan_device -- functionpoint
[    0.135906] drivers/pci/probe.c 2009 pci_bus_read_dev_vendor_id -- functionpoint
[    0.135921] drivers/pci/probe.c 2298 pci_scan_slot -- functionpoint -- fn = 2, devfn = 224, fn+devfn = 226
[    0.135925] drivers/pci/probe.c 2220 next_fn -- functionpoint
[    0.135925] drivers/pci/probe.c 2196 pci_scan_single_device -- functionpoint
[    0.135926] drivers/pci/search.c 206 pci_get_slot -- functionpoint
[    0.135928] drivers/pci/search.c 215 pci_get_slot return value is NULL -- functionpoint
[    0.135930] drivers/pci/probe.c 2035 pci_scan_device -- functionpoint
[    0.135932] drivers/pci/probe.c 2009 pci_bus_read_dev_vendor_id -- functionpoint
[    0.135943] drivers/pci/probe.c 2298 pci_scan_slot -- functionpoint -- fn = 3, devfn = 224, fn+devfn = 227
[    0.135947] drivers/pci/probe.c 2220 next_fn -- functionpoint
[    0.135947] drivers/pci/probe.c 2196 pci_scan_single_device -- functionpoint
[    0.135949] drivers/pci/search.c 206 pci_get_slot -- functionpoint
[    0.135950] drivers/pci/search.c 215 pci_get_slot return value is NULL -- functionpoint
[    0.135952] drivers/pci/probe.c 2035 pci_scan_device -- functionpoint
[    0.135954] drivers/pci/probe.c 2009 pci_bus_read_dev_vendor_id -- functionpoint
[    0.135968] drivers/pci/probe.c 2298 pci_scan_slot -- functionpoint -- fn = 4, devfn = 224, fn+devfn = 228
[    0.135971] drivers/pci/probe.c 2220 next_fn -- functionpoint
[    0.135972] drivers/pci/probe.c 2196 pci_scan_single_device -- functionpoint
[    0.135973] drivers/pci/search.c 206 pci_get_slot -- functionpoint
[    0.135975] drivers/pci/search.c 215 pci_get_slot return value is NULL -- functionpoint
[    0.135976] drivers/pci/probe.c 2035 pci_scan_device -- functionpoint
[    0.135978] drivers/pci/probe.c 2009 pci_bus_read_dev_vendor_id -- functionpoint
[    0.135991] drivers/pci/probe.c 2298 pci_scan_slot -- functionpoint -- fn = 5, devfn = 224, fn+devfn = 229
[    0.135995] drivers/pci/probe.c 2220 next_fn -- functionpoint
[    0.135995] drivers/pci/probe.c 2196 pci_scan_single_device -- functionpoint
[    0.135997] drivers/pci/search.c 206 pci_get_slot -- functionpoint
[    0.135998] drivers/pci/search.c 215 pci_get_slot return value is NULL -- functionpoint
[    0.136000] drivers/pci/probe.c 2035 pci_scan_device -- functionpoint
[    0.136001] drivers/pci/probe.c 2009 pci_bus_read_dev_vendor_id -- functionpoint
[    0.136013] drivers/pci/probe.c 2298 pci_scan_slot -- functionpoint -- fn = 6, devfn = 224, fn+devfn = 230
[    0.136017] drivers/pci/probe.c 2220 next_fn -- functionpoint
[    0.136017] drivers/pci/probe.c 2196 pci_scan_single_device -- functionpoint
[    0.136019] drivers/pci/search.c 206 pci_get_slot -- functionpoint
[    0.136021] drivers/pci/search.c 215 pci_get_slot return value is NULL -- functionpoint
[    0.136022] drivers/pci/probe.c 2035 pci_scan_device -- functionpoint
[    0.136024] drivers/pci/probe.c 2009 pci_bus_read_dev_vendor_id -- functionpoint
[    0.136039] drivers/pci/probe.c 2298 pci_scan_slot -- functionpoint -- fn = 7, devfn = 224, fn+devfn = 231
[    0.136042] drivers/pci/probe.c 2220 next_fn -- functionpoint
[    0.136042] drivers/pci/probe.c 2281 pci_scan_slot -- functionpoint
[    0.136044] drivers/pci/probe.c 2196 pci_scan_single_device -- functionpoint
[    0.136046] drivers/pci/search.c 206 pci_get_slot -- functionpoint
[    0.136047] drivers/pci/search.c 215 pci_get_slot return value is NULL -- functionpoint
[    0.136049] drivers/pci/probe.c 2035 pci_scan_device -- functionpoint
[    0.136051] drivers/pci/probe.c 2009 pci_bus_read_dev_vendor_id -- functionpoint
[    0.136062] drivers/pci/probe.c 2288 pci_scan_slot -- functionpoint -- fn = 0, devfn = 232, fn+devfn = 232
[    0.136066] drivers/pci/probe.c 2281 pci_scan_slot -- functionpoint
[    0.136066] drivers/pci/probe.c 2196 pci_scan_single_device -- functionpoint
[    0.136068] drivers/pci/search.c 206 pci_get_slot -- functionpoint
[    0.136069] drivers/pci/search.c 215 pci_get_slot return value is NULL -- functionpoint
[    0.136071] drivers/pci/probe.c 2035 pci_scan_device -- functionpoint
[    0.136073] drivers/pci/probe.c 2009 pci_bus_read_dev_vendor_id -- functionpoint
[    0.136082] drivers/pci/probe.c 2288 pci_scan_slot -- functionpoint -- fn = 0, devfn = 240, fn+devfn = 240
[    0.136086] drivers/pci/probe.c 2281 pci_scan_slot -- functionpoint
[    0.136086] drivers/pci/probe.c 2196 pci_scan_single_device -- functionpoint
[    0.136088] drivers/pci/search.c 206 pci_get_slot -- functionpoint
[    0.136089] drivers/pci/search.c 215 pci_get_slot return value is NULL -- functionpoint
[    0.136091] drivers/pci/probe.c 2035 pci_scan_device -- functionpoint
[    0.136093] drivers/pci/probe.c 2009 pci_bus_read_dev_vendor_id -- functionpoint
[    0.136108] drivers/pci/probe.c 2048 pci_scan_device -- functionpoint -- dev_vendor: 8086, dev_device: a306
[    0.136111] drivers/pci/probe.c 1453 pci_setup_device -- functionpoint
[    0.136113] drivers/pci/probe.c 1242 set_pcie_port_type -- functionpoint
[    0.136120] pci 0000:00:1f.0: [8086:a306] type 00 class 0x060100
[    0.136123] pci 0000:00:1f.0: drivers/pci/probe.c 1482 pci_setup_device functionpoint -- [8086:a306] type 00 class 0x060100 multifunction 01
[    0.136133] drivers/pci/probe.c 1513 pci_setup_device  switch case PCI_HEADER_TYPE_NORMAL -- functionpoint
[    0.136209] drivers/pci/probe.c 2145 pci_device_add -- functionpoint
[    0.136223] drivers/pci/pci.c 2409 pci_pm_init -- functionpoint
[    0.137242] drivers/pci/probe.c 2288 pci_scan_slot -- functionpoint -- fn = 0, devfn = 248, fn+devfn = 248
[    0.137245] drivers/pci/probe.c 2220 next_fn -- functionpoint
[    0.137246] drivers/pci/probe.c 2196 pci_scan_single_device -- functionpoint
[    0.137247] drivers/pci/search.c 206 pci_get_slot -- functionpoint
[    0.137249] drivers/pci/search.c 215 pci_get_slot return value is NULL -- functionpoint
[    0.137251] drivers/pci/probe.c 2035 pci_scan_device -- functionpoint
[    0.137253] drivers/pci/probe.c 2009 pci_bus_read_dev_vendor_id -- functionpoint
[    0.137264] drivers/pci/probe.c 2298 pci_scan_slot -- functionpoint -- fn = 1, devfn = 248, fn+devfn = 249
[    0.137268] drivers/pci/probe.c 2220 next_fn -- functionpoint
[    0.137268] drivers/pci/probe.c 2196 pci_scan_single_device -- functionpoint
[    0.137269] drivers/pci/search.c 206 pci_get_slot -- functionpoint
[    0.137271] drivers/pci/search.c 215 pci_get_slot return value is NULL -- functionpoint
[    0.137273] drivers/pci/probe.c 2035 pci_scan_device -- functionpoint
[    0.137275] drivers/pci/probe.c 2009 pci_bus_read_dev_vendor_id -- functionpoint
[    0.137289] drivers/pci/probe.c 2298 pci_scan_slot -- functionpoint -- fn = 2, devfn = 248, fn+devfn = 250
[    0.137292] drivers/pci/probe.c 2220 next_fn -- functionpoint
[    0.137293] drivers/pci/probe.c 2196 pci_scan_single_device -- functionpoint
[    0.137294] drivers/pci/search.c 206 pci_get_slot -- functionpoint
[    0.137296] drivers/pci/search.c 215 pci_get_slot return value is NULL -- functionpoint
[    0.137297] drivers/pci/probe.c 2035 pci_scan_device -- functionpoint
[    0.137299] drivers/pci/probe.c 2009 pci_bus_read_dev_vendor_id -- functionpoint
[    0.137310] drivers/pci/probe.c 2048 pci_scan_device -- functionpoint -- dev_vendor: 8086, dev_device: a348
[    0.137313] drivers/pci/probe.c 1453 pci_setup_device -- functionpoint
[    0.137316] drivers/pci/probe.c 1242 set_pcie_port_type -- functionpoint
[    0.137340] pci 0000:00:1f.3: [8086:a348] type 00 class 0x040300
[    0.137342] pci 0000:00:1f.3: drivers/pci/probe.c 1482 pci_setup_device functionpoint -- [8086:a348] type 00 class 0x040300 multifunction 00
[    0.137376] drivers/pci/probe.c 1513 pci_setup_device  switch case PCI_HEADER_TYPE_NORMAL -- functionpoint
[    0.137418] pci 0000:00:1f.3: reg 0x10: [mem 0x4000100000-0x4000103fff 64bit]
[    0.137483] pci 0000:00:1f.3: reg 0x20: [mem 0x4000000000-0x40000fffff 64bit]
[    0.137509] drivers/pci/probe.c 2145 pci_device_add -- functionpoint
[    0.137602] drivers/pci/pci.c 2409 pci_pm_init -- functionpoint
[    0.137617] pci 0000:00:1f.3: drivers/pci/pci.c 2450 pci_pm_init --functionpoint-- supports
[    0.137621] pci 0000:00:1f.3: PME# supported from D3hot D3cold
[    0.137622] pci 0000:00:1f.3: drivers/pci/pci.c 2462 pci_pm_init --functionpoint-- PME# supported from D3hot D3cold
[    0.137641] pci 0000:00:1f.3: drivers/pci/pci.c 1891 pci_pme_active --functionpoint-- PME# disabled
[    0.138763] drivers/pci/probe.c 2298 pci_scan_slot -- functionpoint -- fn = 3, devfn = 248, fn+devfn = 251
[    0.138765] drivers/pci/probe.c 2220 next_fn -- functionpoint
[    0.138766] drivers/pci/probe.c 2196 pci_scan_single_device -- functionpoint
[    0.138767] drivers/pci/search.c 206 pci_get_slot -- functionpoint
[    0.138769] drivers/pci/search.c 215 pci_get_slot return value is NULL -- functionpoint
[    0.138771] drivers/pci/probe.c 2035 pci_scan_device -- functionpoint
[    0.138773] drivers/pci/probe.c 2009 pci_bus_read_dev_vendor_id -- functionpoint
[    0.138785] drivers/pci/probe.c 2048 pci_scan_device -- functionpoint -- dev_vendor: 8086, dev_device: a323
[    0.138788] drivers/pci/probe.c 1453 pci_setup_device -- functionpoint
[    0.138795] drivers/pci/probe.c 1242 set_pcie_port_type -- functionpoint
[    0.138818] pci 0000:00:1f.4: [8086:a323] type 00 class 0x0c0500
[    0.138821] pci 0000:00:1f.4: drivers/pci/probe.c 1482 pci_setup_device functionpoint -- [8086:a323] type 00 class 0x0c0500 multifunction 00
[    0.138837] drivers/pci/probe.c 1513 pci_setup_device  switch case PCI_HEADER_TYPE_NORMAL -- functionpoint
[    0.138874] pci 0000:00:1f.4: reg 0x10: [mem 0x4000104000-0x40001040ff 64bit]
[    0.138936] pci 0000:00:1f.4: reg 0x20: [io  0xefa0-0xefbf]
[    0.138981] drivers/pci/probe.c 2145 pci_device_add -- functionpoint
[    0.139001] drivers/pci/pci.c 2409 pci_pm_init -- functionpoint
[    0.140025] drivers/pci/probe.c 2298 pci_scan_slot -- functionpoint -- fn = 4, devfn = 248, fn+devfn = 252
[    0.140029] drivers/pci/probe.c 2220 next_fn -- functionpoint
[    0.140030] drivers/pci/probe.c 2196 pci_scan_single_device -- functionpoint
[    0.140031] drivers/pci/search.c 206 pci_get_slot -- functionpoint
[    0.140033] drivers/pci/search.c 215 pci_get_slot return value is NULL -- functionpoint
[    0.140035] drivers/pci/probe.c 2035 pci_scan_device -- functionpoint
[    0.140036] drivers/pci/probe.c 2009 pci_bus_read_dev_vendor_id -- functionpoint
[    0.140047] drivers/pci/probe.c 2048 pci_scan_device -- functionpoint -- dev_vendor: 8086, dev_device: a324
[    0.140051] drivers/pci/probe.c 1453 pci_setup_device -- functionpoint
[    0.140053] drivers/pci/probe.c 1242 set_pcie_port_type -- functionpoint
[    0.140059] pci 0000:00:1f.5: [8086:a324] type 00 class 0x0c8000
[    0.140062] pci 0000:00:1f.5: drivers/pci/probe.c 1482 pci_setup_device functionpoint -- [8086:a324] type 00 class 0x0c8000 multifunction 00
[    0.140072] drivers/pci/probe.c 1513 pci_setup_device  switch case PCI_HEADER_TYPE_NORMAL -- functionpoint
[    0.140085] pci 0000:00:1f.5: reg 0x10: [mem 0xfe010000-0xfe010fff]
[    0.140151] drivers/pci/probe.c 2145 pci_device_add -- functionpoint
[    0.140164] drivers/pci/pci.c 2409 pci_pm_init -- functionpoint
[    0.141146] drivers/pci/probe.c 2298 pci_scan_slot -- functionpoint -- fn = 5, devfn = 248, fn+devfn = 253
[    0.141149] drivers/pci/probe.c 2220 next_fn -- functionpoint
[    0.141150] drivers/pci/probe.c 2196 pci_scan_single_device -- functionpoint
[    0.141151] drivers/pci/search.c 206 pci_get_slot -- functionpoint
[    0.141153] drivers/pci/search.c 215 pci_get_slot return value is NULL -- functionpoint
[    0.141155] drivers/pci/probe.c 2035 pci_scan_device -- functionpoint
[    0.141156] drivers/pci/probe.c 2009 pci_bus_read_dev_vendor_id -- functionpoint
[    0.141163] drivers/pci/probe.c 2048 pci_scan_device -- functionpoint -- dev_vendor: 8086, dev_device: 15bb
[    0.141167] drivers/pci/probe.c 1453 pci_setup_device -- functionpoint
[    0.141170] drivers/pci/probe.c 1242 set_pcie_port_type -- functionpoint
[    0.141189] pci 0000:00:1f.6: [8086:15bb] type 00 class 0x020000
[    0.141192] pci 0000:00:1f.6: drivers/pci/probe.c 1482 pci_setup_device functionpoint -- [8086:15bb] type 00 class 0x020000 multifunction 00
[    0.141207] drivers/pci/search.c 206 pci_get_slot -- functionpoint
[    0.141221] drivers/pci/probe.c 1513 pci_setup_device  switch case PCI_HEADER_TYPE_NORMAL -- functionpoint
[    0.141253] pci 0000:00:1f.6: reg 0x10: [mem 0xf1200000-0xf121ffff]
[    0.141401] drivers/pci/probe.c 2145 pci_device_add -- functionpoint
[    0.141478] drivers/pci/pci.c 2409 pci_pm_init -- functionpoint
[    0.141494] pci 0000:00:1f.6: drivers/pci/pci.c 2450 pci_pm_init --functionpoint-- supports
[    0.141498] pci 0000:00:1f.6: PME# supported from D0 D3hot D3cold
[    0.141499] pci 0000:00:1f.6: drivers/pci/pci.c 2462 pci_pm_init --functionpoint-- PME# supported from D0 D3hot D3cold
[    0.141515] pci 0000:00:1f.6: drivers/pci/pci.c 1891 pci_pme_active --functionpoint-- PME# disabled
[    0.142511] drivers/pci/probe.c 2298 pci_scan_slot -- functionpoint -- fn = 6, devfn = 248, fn+devfn = 254
[    0.142513] drivers/pci/probe.c 2220 next_fn -- functionpoint
[    0.142513] drivers/pci/probe.c 2196 pci_scan_single_device -- functionpoint
[    0.142515] drivers/pci/search.c 206 pci_get_slot -- functionpoint
[    0.142517] drivers/pci/search.c 215 pci_get_slot return value is NULL -- functionpoint
[    0.142519] drivers/pci/probe.c 2035 pci_scan_device -- functionpoint
[    0.142520] drivers/pci/probe.c 2009 pci_bus_read_dev_vendor_id -- functionpoint
[    0.142532] drivers/pci/probe.c 2298 pci_scan_slot -- functionpoint -- fn = 7, devfn = 248, fn+devfn = 255
[    0.142535] drivers/pci/probe.c 2220 next_fn -- functionpoint
[    0.142536] drivers/pci/probe.c 463 pci_read_bridge_bases -- functionpoint
[    0.142538] drivers/pci/probe.c 1002 pci_scan_bridge_extend -- functionpoint
[    0.142549] pci 0000:00:1b.0: drivers/pci/probe.c 1016 pci_scan_bridge_extend -- functionpoint -- scanning [bus 01-01] behind bridge, pass 0
[    0.142557] drivers/pci/search.c 144 pci_find_bus -- functionpoint
[    0.142558] drivers/pci/search.c 145 pci_find_bus functionpoint -- domain_num = 0, bus_num = 1
[    0.142561] drivers/pci/search.c 176 pci_find_next_bus -- functionpoint
[    0.142561] drivers/pci/search.c 176 pci_find_next_bus -- functionpoint
[    0.142563] drivers/pci/search.c 157 pci_find_bus not found bus -- functionpoint
[    0.142618] drivers/pci/probe.c 2009 pci_bus_read_dev_vendor_id -- functionpoint
[    0.142634] drivers/pci/probe.c 2497 pci_scan_child_bus_extend -- functionpoint
[    0.142637] pci_bus 0000:01: drivers/pci/probe.c 2501 pci_scan_child_bus_extend-- functionpoint -- scanning bus
[    0.142641] drivers/pci/probe.c 2281 pci_scan_slot -- functionpoint
[    0.142641] drivers/pci/probe.c 2196 pci_scan_single_device -- functionpoint
[    0.142643] drivers/pci/search.c 206 pci_get_slot -- functionpoint
[    0.142644] drivers/pci/search.c 215 pci_get_slot return value is NULL -- functionpoint
[    0.142646] drivers/pci/probe.c 2035 pci_scan_device -- functionpoint
[    0.142648] drivers/pci/probe.c 2009 pci_bus_read_dev_vendor_id -- functionpoint
[    0.142656] drivers/pci/probe.c 2048 pci_scan_device -- functionpoint -- dev_vendor: 1c5c, dev_device: 1339
[    0.142659] drivers/pci/probe.c 1453 pci_setup_device -- functionpoint
[    0.142661] drivers/pci/probe.c 1242 set_pcie_port_type -- functionpoint
[    0.142678] pci 0000:01:00.0: [1c5c:1339] type 00 class 0x010802
[    0.142681] pci 0000:01:00.0: drivers/pci/probe.c 1482 pci_setup_device functionpoint -- [1c5c:1339] type 00 class 0x010802 multifunction 00
[    0.142707] drivers/pci/probe.c 1513 pci_setup_device  switch case PCI_HEADER_TYPE_NORMAL -- functionpoint
[    0.142728] pci 0000:01:00.0: reg 0x10: [mem 0xf1100000-0xf1103fff 64bit]
[    0.142784] drivers/pci/probe.c 2145 pci_device_add -- functionpoint
[    0.142874] drivers/pci/pci.c 2409 pci_pm_init -- functionpoint
[    0.142882] pci 0000:01:00.0: supports D1
[    0.142885] pci 0000:01:00.0: drivers/pci/pci.c 2450 pci_pm_init --functionpoint-- supports D1
[    0.142887] pci 0000:01:00.0: PME# supported from D0 D1 D3hot
[    0.142889] pci 0000:01:00.0: drivers/pci/pci.c 2462 pci_pm_init --functionpoint-- PME# supported from D0 D1 D3hot
[    0.142900] pci 0000:01:00.0: drivers/pci/pci.c 1891 pci_pme_active --functionpoint-- PME# disabled
[    0.142991] drivers/pci/probe.c 2288 pci_scan_slot -- functionpoint -- fn = 0, devfn = 0, fn+devfn = 0
[    0.142993] drivers/pci/probe.c 2220 next_fn -- functionpoint
[    0.152077] drivers/pci/probe.c 2281 pci_scan_slot -- functionpoint
[    0.152079] drivers/pci/probe.c 2281 pci_scan_slot -- functionpoint
[    0.152080] drivers/pci/probe.c 2281 pci_scan_slot -- functionpoint
[    0.152082] drivers/pci/probe.c 2281 pci_scan_slot -- functionpoint
[    0.152083] drivers/pci/probe.c 2281 pci_scan_slot -- functionpoint
[    0.152085] drivers/pci/probe.c 2281 pci_scan_slot -- functionpoint
[    0.152086] drivers/pci/probe.c 2281 pci_scan_slot -- functionpoint
[    0.152088] drivers/pci/probe.c 2281 pci_scan_slot -- functionpoint
[    0.152089] drivers/pci/probe.c 2281 pci_scan_slot -- functionpoint
[    0.152091] drivers/pci/probe.c 2281 pci_scan_slot -- functionpoint
[    0.152092] drivers/pci/probe.c 2281 pci_scan_slot -- functionpoint
[    0.152094] drivers/pci/probe.c 2281 pci_scan_slot -- functionpoint
[    0.152096] drivers/pci/probe.c 2281 pci_scan_slot -- functionpoint
[    0.152097] drivers/pci/probe.c 2281 pci_scan_slot -- functionpoint
[    0.152099] drivers/pci/probe.c 2281 pci_scan_slot -- functionpoint
[    0.152100] drivers/pci/probe.c 2281 pci_scan_slot -- functionpoint
[    0.152102] drivers/pci/probe.c 2281 pci_scan_slot -- functionpoint
[    0.152103] drivers/pci/probe.c 2281 pci_scan_slot -- functionpoint
[    0.152105] drivers/pci/probe.c 2281 pci_scan_slot -- functionpoint
[    0.152106] drivers/pci/probe.c 2281 pci_scan_slot -- functionpoint
[    0.152108] drivers/pci/probe.c 2281 pci_scan_slot -- functionpoint
[    0.152109] drivers/pci/probe.c 2281 pci_scan_slot -- functionpoint
[    0.152111] drivers/pci/probe.c 2281 pci_scan_slot -- functionpoint
[    0.152112] drivers/pci/probe.c 2281 pci_scan_slot -- functionpoint
[    0.152114] drivers/pci/probe.c 2281 pci_scan_slot -- functionpoint
[    0.152115] drivers/pci/probe.c 2281 pci_scan_slot -- functionpoint
[    0.152117] drivers/pci/probe.c 2281 pci_scan_slot -- functionpoint
[    0.152118] drivers/pci/probe.c 2281 pci_scan_slot -- functionpoint
[    0.152120] drivers/pci/probe.c 2281 pci_scan_slot -- functionpoint
[    0.152121] drivers/pci/probe.c 2281 pci_scan_slot -- functionpoint
[    0.152123] drivers/pci/probe.c 2281 pci_scan_slot -- functionpoint
[    0.152125] drivers/pci/probe.c 463 pci_read_bridge_bases -- functionpoint
[    0.152127] pci 0000:00:1b.0: PCI bridge to [bus 01]
[    0.152140] pci 0000:00:1b.0:   bridge window [mem 0xf1100000-0xf11fffff]
[    0.152147] pci_bus 0000:01: drivers/pci/probe.c 2599 pci_scan_child_bus_extend -- functionpoint -- bus scan returning with max=01
[    0.152151] drivers/pci/probe.c 1002 pci_scan_bridge_extend -- functionpoint
[    0.152154] pci 0000:00:1c.0: drivers/pci/probe.c 1016 pci_scan_bridge_extend -- functionpoint -- scanning [bus 02-03] behind bridge, pass 0
[    0.152162] drivers/pci/search.c 144 pci_find_bus -- functionpoint
[    0.152162] drivers/pci/search.c 145 pci_find_bus functionpoint -- domain_num = 0, bus_num = 2
[    0.152166] drivers/pci/search.c 176 pci_find_next_bus -- functionpoint
