[    0.000000] microcode: microcode updated early to revision 0xde, date = 2020-05-24
[    0.000000] Linux version 4.15.9+ (root@Yee-680G4) (gcc version 5.5.0 20171010 (Ubuntu 5.5.0-12ubuntu1~16.04)) #61 SMP Thu Dec 31 17:53:32 CST 2020
[    0.000000] Command line: BOOT_IMAGE=/boot/vmlinuz-4.15.9+ root=UUID=da0e40f1-3840-43a9-b61a-7b465a7673d3 ro quiet splash vt.handoff=7
[    0.000000] KERNEL supported cpus:
[    0.000000]   Intel GenuineIntel
[    0.000000]   AMD AuthenticAMD
[    0.000000]   Centaur CentaurHauls
[    0.000000] x86/fpu: Supporting XSAVE feature 0x001: 'x87 floating point registers'
[    0.000000] x86/fpu: Supporting XSAVE feature 0x002: 'SSE registers'
[    0.000000] x86/fpu: Supporting XSAVE feature 0x004: 'AVX registers'
[    0.000000] x86/fpu: Supporting XSAVE feature 0x008: 'MPX bounds registers'
[    0.000000] x86/fpu: Supporting XSAVE feature 0x010: 'MPX CSR'
[    0.000000] x86/fpu: xstate_offset[2]:  576, xstate_sizes[2]:  256
[    0.000000] x86/fpu: xstate_offset[3]:  832, xstate_sizes[3]:   64
[    0.000000] x86/fpu: xstate_offset[4]:  896, xstate_sizes[4]:   64
[    0.000000] x86/fpu: Enabled xstate features 0x1f, context size is 960 bytes, using 'compacted' format.
[    0.000000] e820: BIOS-provided physical RAM map:
[    0.000000] BIOS-e820: [mem 0x0000000000000000-0x000000000009efff] usable
[    0.000000] BIOS-e820: [mem 0x000000000009f000-0x00000000000fffff] reserved
[    0.000000] BIOS-e820: [mem 0x0000000000100000-0x00000000be6aafff] usable
[    0.000000] BIOS-e820: [mem 0x00000000be6ab000-0x00000000bf98efff] reserved
[    0.000000] BIOS-e820: [mem 0x00000000bf98f000-0x00000000bfb8efff] ACPI NVS
[    0.000000] BIOS-e820: [mem 0x00000000bfb8f000-0x00000000bfc0efff] ACPI data
[    0.000000] BIOS-e820: [mem 0x00000000bfc0f000-0x00000000bfc0ffff] usable
[    0.000000] BIOS-e820: [mem 0x00000000bfc10000-0x00000000d47fffff] reserved
[    0.000000] BIOS-e820: [mem 0x00000000fe010000-0x00000000fe010fff] reserved
[    0.000000] BIOS-e820: [mem 0x00000000ff000000-0x00000000ffffffff] reserved
[    0.000000] BIOS-e820: [mem 0x0000000100000000-0x00000004277fffff] usable
[    0.000000] NX (Execute Disable) protection: active
[    0.000000] efi: EFI v2.60 by HP
[    0.000000] efi:  ACPI=0xbfc0e000  ACPI 2.0=0xbfc0e014  SMBIOS=0xbee75000  ESRT=0xbee76018  MEMATTR=0xaf74f018 
[    0.000000] random: fast init done
[    0.000000] SMBIOS 3.1 present.
[    0.000000] DMI: HP HP ProDesk 680 G4 MT/8580, BIOS R04 Ver. 02.11.01 04/27/2020
[    0.000000] e820: update [mem 0x00000000-0x00000fff] usable ==> reserved
[    0.000000] e820: remove [mem 0x000a0000-0x000fffff] usable
[    0.000000] e820: last_pfn = 0x427800 max_arch_pfn = 0x400000000
[    0.000000] MTRR default type: write-back
[    0.000000] MTRR fixed ranges enabled:
[    0.000000]   00000-9FFFF write-back
[    0.000000]   A0000-BFFFF uncachable
[    0.000000]   C0000-FFFFF write-protect
[    0.000000] MTRR variable ranges enabled:
[    0.000000]   0 base 00E0000000 mask 7FE0000000 uncachable
[    0.000000]   1 base 00D0000000 mask 7FF0000000 uncachable
[    0.000000]   2 base 00C8000000 mask 7FF8000000 uncachable
[    0.000000]   3 base 00C4000000 mask 7FFC000000 uncachable
[    0.000000]   4 base 2000000000 mask 6000000000 uncachable
[    0.000000]   5 base 1000000000 mask 7000000000 uncachable
[    0.000000]   6 base 0800000000 mask 7800000000 uncachable
[    0.000000]   7 base 4000000000 mask 4000000000 uncachable
[    0.000000]   8 disabled
[    0.000000]   9 disabled
[    0.000000] x86/PAT: Configuration [0-7]: WB  WC  UC- UC  WB  WP  UC- WT  
[    0.000000] e820: last_pfn = 0xbfc10 max_arch_pfn = 0x400000000
[    0.000000] esrt: Reserving ESRT space from 0x00000000bee76018 to 0x00000000bee76050.
[    0.000000] Scanning 1 areas for low memory corruption
[    0.000000] Base memory trampoline at [        (ptrval)] 99000 size 24576
[    0.000000] Using GB pages for direct mapping
[    0.000000] BRK [0x1d93fa000, 0x1d93fafff] PGTABLE
[    0.000000] BRK [0x1d93fb000, 0x1d93fbfff] PGTABLE
[    0.000000] BRK [0x1d93fc000, 0x1d93fcfff] PGTABLE
[    0.000000] BRK [0x1d93fd000, 0x1d93fdfff] PGTABLE
[    0.000000] BRK [0x1d93fe000, 0x1d93fefff] PGTABLE
[    0.000000] BRK [0x1d93ff000, 0x1d93fffff] PGTABLE
[    0.000000] BRK [0x1d9400000, 0x1d9400fff] PGTABLE
[    0.000000] BRK [0x1d9401000, 0x1d9401fff] PGTABLE
[    0.000000] Secure boot could not be determined
[    0.000000] RAMDISK: [mem 0x232b6000-0x3e1affff]
[    0.000000] ACPI: Early table checksum verification disabled
[    0.000000] ACPI: RSDP 0x00000000BFC0E014 000024 (v02 HPQOEM)
[    0.000000] ACPI: XSDT 0x00000000BFBC7188 0000DC (v01 HPQOEM SLIC-BPC 00000000 INTL 20160422)
[    0.000000] ACPI: FACP 0x00000000BFC08000 000114 (v06 HPQOEM SLIC-BPC 00000000 HP   00000001)
[    0.000000] ACPI: DSDT 0x00000000BFBE5000 01E092 (v02 HPQOEM 8580     00000000 INTL 20160527)
[    0.000000] ACPI: FACS 0x00000000BFB3F000 000040
[    0.000000] ACPI: SSDT 0x00000000BFC0C000 00012A (v02 HP     ShmTable 00000001 INTL 20160527)
[    0.000000] ACPI: SSDT 0x00000000BFC0A000 001B5F (v02 CpuRef CpuSsdt  00003000 INTL 20160527)
[    0.000000] ACPI: SSDT 0x00000000BFC09000 0009CF (v02 CtdpB  CtdpB    00001000 INTL 20160527)
[    0.000000] ACPI: HPET 0x00000000BFC07000 000038 (v01 HPQOEM 8580     00000001 HP   00000001)
[    0.000000] ACPI: APIC 0x00000000BFC06000 00012C (v03 HPQOEM 8580     00000001 HP   00000001)
[    0.000000] ACPI: MCFG 0x00000000BFC05000 00003C (v01 HPQOEM 8580     00000001 HP   00000001)
[    0.000000] ACPI: WSMT 0x00000000BFC04000 000028 (v01 HPQOEM 8580     00000001 HP   00000001)
[    0.000000] ACPI: SSDT 0x00000000BFBE4000 000734 (v01 HPQOEM PtidDevc 00001000 INTL 20160527)
[    0.000000] ACPI: SSDT 0x00000000BFBE3000 000B27 (v02 HPQOEM HP_XHC_P 00000000 INTL 20160527)
[    0.000000] ACPI: SSDT 0x00000000BFBDF000 0030ED (v02 SaSsdt SaSsdt   00003000 INTL 20160527)
[    0.000000] ACPI: LPIT 0x00000000BFBDE000 000094 (v01 INTEL  CFL      20170001 INTL 20160422)
[    0.000000] ACPI: WSMT 0x00000000BFBDD000 000028 (v01 INTEL  CFL      20170001 INTL 20160422)
[    0.000000] ACPI: SSDT 0x00000000BFBDC000 00044C (v02 INTEL  Wwan     00000001 INTL 20160527)
[    0.000000] ACPI: UEFI 0x00000000BFB39000 000042 (v01 INTEL  CFL      20170001 INTL 20160422)
[    0.000000] ACPI: OEML 0x00000000BFBDB000 000028 (v03 INTEL  CFL      20170001 INTL 20160422)
[    0.000000] ACPI: DMAR 0x00000000BFBDA000 0000C8 (v01 INTEL  CFL      00000002      01000013)
[    0.000000] ACPI: SSDT 0x00000000BFBCB000 00E899 (v01 HP     HPINDTWL 00001000 INTL 20160527)
[    0.000000] ACPI: SSDT 0x00000000BFBCA000 000032 (v01 HP     HPCONDEV 00001000 INTL 20160527)
[    0.000000] ACPI: SSDT 0x00000000BFBC9000 000069 (v01 HP     HPCAHWID 00001000 INTL 20160527)
[    0.000000] ACPI: ASF! 0x00000000BFBC8000 0000A0 (v32 HPQOEM  UYA     20170001 INTL 20160422)
[    0.000000] ACPI: FPDT 0x00000000BFC0D000 000044 (v01 INTEL  CFL      20170001 INTL 20160422)
[    0.000000] ACPI: BGRT 0x00000000BFBC6000 000038 (v01 INTEL  CFL      20170001 INTL 20160422)
[    0.000000] ACPI: Local APIC address 0xfee00000
[    0.000000] No NUMA configuration found
[    0.000000] Faking a node at [mem 0x0000000000000000-0x00000004277fffff]
[    0.000000] NODE_DATA(0) allocated [mem 0x4277d5000-0x4277fffff]
[    0.000000] Zone ranges:
[    0.000000]   DMA      [mem 0x0000000000001000-0x0000000000ffffff]
[    0.000000]   DMA32    [mem 0x0000000001000000-0x00000000ffffffff]
[    0.000000]   Normal   [mem 0x0000000100000000-0x00000004277fffff]
[    0.000000]   Device   empty
[    0.000000] Movable zone start for each node
[    0.000000] Early memory node ranges
[    0.000000]   node   0: [mem 0x0000000000001000-0x000000000009efff]
[    0.000000]   node   0: [mem 0x0000000000100000-0x00000000be6aafff]
[    0.000000]   node   0: [mem 0x00000000bfc0f000-0x00000000bfc0ffff]
[    0.000000]   node   0: [mem 0x0000000100000000-0x00000004277fffff]
[    0.000000] Initmem setup node 0 [mem 0x0000000000001000-0x00000004277fffff]
[    0.000000] On node 0 totalpages: 4087370
[    0.000000]   DMA zone: 64 pages used for memmap
[    0.000000]   DMA zone: 21 pages reserved
[    0.000000]   DMA zone: 3998 pages, LIFO batch:0
[    0.000000]   DMA32 zone: 12123 pages used for memmap
[    0.000000]   DMA32 zone: 775852 pages, LIFO batch:31
[    0.000000]   Normal zone: 51680 pages used for memmap
[    0.000000]   Normal zone: 3307520 pages, LIFO batch:31
[    0.000000] Reserved but unavailable: 99 pages
[    0.000000] tboot: non-0 tboot_addr but it is not of type E820_TYPE_RESERVED
[    0.000000] ACPI: PM-Timer IO Port: 0x1808
[    0.000000] ACPI: Local APIC address 0xfee00000
[    0.000000] ACPI: LAPIC_NMI (acpi_id[0x01] high edge lint[0x1])
[    0.000000] ACPI: LAPIC_NMI (acpi_id[0x02] high edge lint[0x1])
[    0.000000] ACPI: LAPIC_NMI (acpi_id[0x03] high edge lint[0x1])
[    0.000000] ACPI: LAPIC_NMI (acpi_id[0x04] high edge lint[0x1])
[    0.000000] ACPI: LAPIC_NMI (acpi_id[0x05] high edge lint[0x1])
[    0.000000] ACPI: LAPIC_NMI (acpi_id[0x06] high edge lint[0x1])
[    0.000000] ACPI: LAPIC_NMI (acpi_id[0x07] high edge lint[0x1])
[    0.000000] ACPI: LAPIC_NMI (acpi_id[0x08] high edge lint[0x1])
[    0.000000] ACPI: LAPIC_NMI (acpi_id[0x09] high edge lint[0x1])
[    0.000000] ACPI: LAPIC_NMI (acpi_id[0x0a] high edge lint[0x1])
[    0.000000] ACPI: LAPIC_NMI (acpi_id[0x0b] high edge lint[0x1])
[    0.000000] ACPI: LAPIC_NMI (acpi_id[0x0c] high edge lint[0x1])
[    0.000000] ACPI: LAPIC_NMI (acpi_id[0x0d] high edge lint[0x1])
[    0.000000] ACPI: LAPIC_NMI (acpi_id[0x0e] high edge lint[0x1])
[    0.000000] ACPI: LAPIC_NMI (acpi_id[0x0f] high edge lint[0x1])
[    0.000000] ACPI: LAPIC_NMI (acpi_id[0x10] high edge lint[0x1])
[    0.000000] IOAPIC[0]: apic_id 2, version 32, address 0xfec00000, GSI 0-119
[    0.000000] ACPI: INT_SRC_OVR (bus 0 bus_irq 0 global_irq 2 dfl dfl)
[    0.000000] ACPI: INT_SRC_OVR (bus 0 bus_irq 9 global_irq 9 high level)
[    0.000000] ACPI: IRQ0 used by override.
[    0.000000] ACPI: IRQ9 used by override.
[    0.000000] Using ACPI (MADT) for SMP configuration information
[    0.000000] ACPI: HPET id: 0x8086a201 base: 0xfed00000
[    0.000000] smpboot: Allowing 8 CPUs, 0 hotplug CPUs
[    0.000000] PM: Registered nosave memory: [mem 0x00000000-0x00000fff]
[    0.000000] PM: Registered nosave memory: [mem 0x0009f000-0x000fffff]
[    0.000000] PM: Registered nosave memory: [mem 0xbe6ab000-0xbf98efff]
[    0.000000] PM: Registered nosave memory: [mem 0xbf98f000-0xbfb8efff]
[    0.000000] PM: Registered nosave memory: [mem 0xbfb8f000-0xbfc0efff]
[    0.000000] PM: Registered nosave memory: [mem 0xbfc10000-0xd47fffff]
[    0.000000] PM: Registered nosave memory: [mem 0xd4800000-0xfe00ffff]
[    0.000000] PM: Registered nosave memory: [mem 0xfe010000-0xfe010fff]
[    0.000000] PM: Registered nosave memory: [mem 0xfe011000-0xfeffffff]
[    0.000000] PM: Registered nosave memory: [mem 0xff000000-0xffffffff]
[    0.000000] e820: [mem 0xd4800000-0xfe00ffff] available for PCI devices
[    0.000000] Booting paravirtualized kernel on bare hardware
[    0.000000] clocksource: refined-jiffies: mask: 0xffffffff max_cycles: 0xffffffff, max_idle_ns: 7645519600211568 ns
[    0.000000] setup_percpu: NR_CPUS:8192 nr_cpumask_bits:8 nr_cpu_ids:8 nr_node_ids:1
[    0.000000] percpu: Embedded 46 pages/cpu @        (ptrval) s151552 r8192 d28672 u262144
[    0.000000] pcpu-alloc: s151552 r8192 d28672 u262144 alloc=1*2097152
[    0.000000] pcpu-alloc: [0] 0 1 2 3 4 5 6 7 
[    0.000000] Built 1 zonelists, mobility grouping on.  Total pages: 4023482
[    0.000000] Policy zone: Normal
[    0.000000] Kernel command line: BOOT_IMAGE=/boot/vmlinuz-4.15.9+ root=UUID=da0e40f1-3840-43a9-b61a-7b465a7673d3 ro quiet splash vt.handoff=7
[    0.000000] Calgary: detecting Calgary via BIOS EBDA area
[    0.000000] Calgary: Unable to locate Rio Grande table in EBDA - bailing!
[    0.000000] Memory: 15452588K/16349480K available (12300K kernel code, 2470K rwdata, 4204K rodata, 2388K init, 3184K bss, 896892K reserved, 0K cma-reserved)
[    0.000000] SLUB: HWalign=64, Order=0-3, MinObjects=0, CPUs=8, Nodes=1
[    0.000000] ftrace: allocating 38983 entries in 153 pages
[    0.000000] Hierarchical RCU implementation.
[    0.000000] 	RCU restricting CPUs from NR_CPUS=8192 to nr_cpu_ids=8.
[    0.000000] 	Tasks RCU enabled.
[    0.000000] RCU: Adjusting geometry for rcu_fanout_leaf=16, nr_cpu_ids=8
[    0.000000] kernel/irq/irqdesc.c 486 early_irq_init -- functionpoint
[    0.000000] NR_IRQS: 524544, nr_irqs: 2048, preallocated irqs: 16
[    0.000000] kernel/irq/irqdesc.c 493 early_irq_init -- functionpoint -- NR_IRQS: 524544, nr_irqs: 2048, preallocated irqs: 16
[    0.000000] arch/x86/kernel/apic/vector.c 690 arch_early_irq_init -- functionpoint
[    0.000000] drivers/pci/msi.c 1437 pci_msi_create_irq_domain -- functionpoint
[    0.000000] kernel/irq/msi.c 272 msi_create_irq_domain -- functionpoint
[    0.000000] arch/x86/kernel/apic/msi.c 148 arch_init_msi_domain -- functionpoint -- successed to init irqdomain for MSI/MSI-X.
[    0.000000] Console: colour dummy device 80x25
[    0.000000] console [tty0] enabled
[    0.000000] drivers/acpi/bus.c 1019 acpi_early_init -- functionpoint
[    0.000000] ACPI: Core revision 20170831
[    0.000000] ACPI Error: [\_SB_.PCI0.XHC_.RHUB.HS11] Namespace lookup failure, AE_NOT_FOUND (20170831/dswload-210)
[    0.000000] ACPI Exception: AE_NOT_FOUND, During name lookup/catalog (20170831/psobject-252)
[    0.000000] ACPI Exception: AE_NOT_FOUND, (SSDT:HP_XHC_P) while loading table (20170831/tbxfload-228)
[    0.000000] ACPI Error: 1 table load failures, 10 successful (20170831/tbxfload-246)
[    0.000000] clocksource: hpet: mask: 0xffffffff max_cycles: 0xffffffff, max_idle_ns: 79635855245 ns
[    0.000000] hpet clockevent registered
[    0.004000] APIC: Switch to symmetric I/O mode setup
[    0.004000] DMAR: Host address width 39
[    0.004000] DMAR: DRHD base: 0x000000fed90000 flags: 0x0
[    0.004000] DMAR: dmar0: reg_base_addr fed90000 ver 1:0 cap 1c0000c40660462 ecap 19e2ff0505e
[    0.004000] DMAR: DRHD base: 0x000000fed91000 flags: 0x1
[    0.004000] DMAR: dmar1: reg_base_addr fed91000 ver 1:0 cap d2008c40660462 ecap f050da
[    0.004000] DMAR: RMRR base: 0x000000bf81d000 end: 0x000000bf83cfff
[    0.004000] DMAR: RMRR base: 0x000000c4000000 end: 0x000000d47fffff
[    0.004000] DMAR: RMRR base: 0x000000bf86e000 end: 0x000000bf8edfff
[    0.004000] DMAR-IR: IOAPIC id 2 under DRHD base  0xfed91000 IOMMU 1
[    0.004000] DMAR-IR: HPET id 0 under DRHD base 0xfed91000
[    0.004000] DMAR-IR: Queued invalidation will be enabled to support x2apic and Intr-remapping.
[    0.004000] drivers/pci/msi.c 1437 pci_msi_create_irq_domain -- functionpoint
[    0.004000] kernel/irq/msi.c 272 msi_create_irq_domain -- functionpoint
[    0.004000] drivers/pci/msi.c 1437 pci_msi_create_irq_domain -- functionpoint
[    0.004000] kernel/irq/msi.c 272 msi_create_irq_domain -- functionpoint
[    0.004000] DMAR-IR: Enabled IRQ remapping in x2apic mode
[    0.004000] x2apic enabled
[    0.004000] Switched APIC routing to cluster x2apic.
[    0.016000] kernel/irq/msi.c 272 msi_create_irq_domain -- functionpoint
[    0.016000] kernel/irq/manage.c 1748 request_threaded_irq -- functionpoint
[    0.016000] kernel/irq/manage.c 1748 request_threaded_irq -- functionpoint
[    0.016000] ..TIMER: vector=0x30 apic1=0 pin1=2 apic2=-1 pin2=-1
[    0.036000] tsc: Detected 3000.000 MHz processor
[    0.036000] Calibrating delay loop (skipped), value calculated using timer frequency.. 6000.00 BogoMIPS (lpj=12000000)
[    0.036000] pid_max: default: 32768 minimum: 301
[    0.036000] Security Framework initialized
[    0.036000] Yama: becoming mindful.
[    0.036000] AppArmor: AppArmor initialized
[    0.036000] Dentry cache hash table entries: 2097152 (order: 12, 16777216 bytes)
[    0.036000] Inode-cache hash table entries: 1048576 (order: 11, 8388608 bytes)
[    0.036000] Mount-cache hash table entries: 32768 (order: 6, 262144 bytes)
[    0.036000] Mountpoint-cache hash table entries: 32768 (order: 6, 262144 bytes)
[    0.036000] CPU: Physical Processor ID: 0
[    0.036000] CPU: Processor Core ID: 0
[    0.036000] ENERGY_PERF_BIAS: Set to 'normal', was 'performance'
[    0.036000] ENERGY_PERF_BIAS: View and update with x86_energy_perf_policy(8)
[    0.036000] mce: CPU supports 14 MCE banks
[    0.036000] CPU0: Thermal monitoring enabled (TM1)
[    0.036000] process: using mwait in idle threads
[    0.036000] Last level iTLB entries: 4KB 128, 2MB 8, 4MB 8
[    0.036000] Last level dTLB entries: 4KB 64, 2MB 0, 4MB 0, 1GB 4
[    0.036000] Spectre V2 : Mitigation: Full generic retpoline
[    0.036000] Spectre V2 : Spectre v2 mitigation: Filling RSB on context switch
[    0.036000] Spectre V2 : Spectre v2 mitigation: Enabling Indirect Branch Prediction Barrier
[    0.036000] Freeing SMP alternatives memory: 36K
[    0.042719] TSC deadline timer enabled
[    0.042730] smpboot: CPU0: Intel(R) Core(TM) i7-9700 CPU @ 3.00GHz (family: 0x6, model: 0x9e, stepping: 0xd)
[    0.042783] Performance Events: PEBS fmt3+, Skylake events, 32-deep LBR, full-width counters, Intel PMU driver.
[    0.042812] ... version:                4
[    0.042813] ... bit width:              48
[    0.042813] ... generic registers:      8
[    0.042814] ... value mask:             0000ffffffffffff
[    0.042814] ... max period:             00007fffffffffff
[    0.042814] ... fixed-purpose events:   3
[    0.042815] ... event mask:             00000007000000ff
[    0.042845] Hierarchical SRCU implementation.
[    0.043780] NMI watchdog: Enabled. Permanently consumes one hw-PMU counter.
[    0.043790] smp: Bringing up secondary CPUs ...
[    0.043850] x86: Booting SMP configuration:
[    0.043851] .... node  #0, CPUs:      #1 #2 #3 #4 #5 #6 #7
[    0.053439] smp: Brought up 1 node, 8 CPUs
[    0.053439] smpboot: Max logical packages: 1
[    0.053439] smpboot: Total of 8 processors activated (48000.00 BogoMIPS)
[    0.056285] devtmpfs: initialized
[    0.056285] x86/mm: Memory block size: 128MB
[    0.057026] evm: security.selinux
[    0.057026] evm: security.SMACK64
[    0.057027] evm: security.SMACK64EXEC
[    0.057027] evm: security.SMACK64TRANSMUTE
[    0.057028] evm: security.SMACK64MMAP
[    0.057028] evm: security.apparmor
[    0.057028] evm: security.ima
[    0.057029] evm: security.capability
[    0.057042] PM: Registering ACPI NVS region [mem 0xbf98f000-0xbfb8efff] (2097152 bytes)
[    0.057042] clocksource: jiffies: mask: 0xffffffff max_cycles: 0xffffffff, max_idle_ns: 7645041785100000 ns
[    0.057042] futex hash table entries: 2048 (order: 5, 131072 bytes)
[    0.057042] pinctrl core: initialized pinctrl subsystem
[    0.057042] drivers/base/bus.c 153 driver_register -- functionpoint
[    0.057042] drivers/base/bus.c 642 bus_add_driver -- functionpoint
[    0.057042] drivers/base/bus.c 649 bus_add_driver -- functionpoint -- bus: 'platform': add driver reg-dummy
[    0.057042] drivers/base/dd.c 369 really_probe -- functionpoint
[    0.057042] drivers/base/dd.c 392 really_probe -- functionpoint -- bus: 'platform': really_probe: probing driver reg-dummy with device reg-dummy
[    0.057042] drivers/base/dd.c 435 really_probe -- if drv->probe use drv->probe(dev) -- functionpoint
[    0.057042] RTC time:  9:58:41, date: 12/31/20
[    0.057042] NET: Registered protocol family 16
[    0.057042] audit: initializing netlink subsys (disabled)
[    0.057042] audit: type=2000 audit(1609408721.056:1): state=initialized audit_enabled=0 res=1
[    0.057042] drivers/base/bus.c 153 driver_register -- functionpoint
[    0.057042] drivers/base/bus.c 642 bus_add_driver -- functionpoint
[    0.057042] drivers/base/bus.c 649 bus_add_driver -- functionpoint -- bus: 'platform': add driver sram
[    0.057042] drivers/base/bus.c 153 driver_register -- functionpoint
[    0.057042] drivers/base/bus.c 642 bus_add_driver -- functionpoint
[    0.057042] drivers/base/bus.c 649 bus_add_driver -- functionpoint -- bus: 'platform': add driver syscon
[    0.057042] drivers/base/bus.c 153 driver_register -- functionpoint
[    0.057042] drivers/base/bus.c 642 bus_add_driver -- functionpoint
[    0.057042] drivers/base/bus.c 649 bus_add_driver -- functionpoint -- bus: 'i2c': add driver dummy
[    0.057042] cpuidle: using governor ladder
[    0.057042] cpuidle: using governor menu
[    0.057042] ACPI FADT declares the system doesn't support PCIe ASPM, so disable it
[    0.057042] ACPI: bus type PCI registered
[    0.057042] acpiphp: ACPI Hot Plug PCI Controller Driver version: 0.5
[    0.057042] arch/x86/pci/init.c 11 start pci_arch_init -- functionpoint
[    0.057042] PCI: MMCONFIG for domain 0000 [bus 00-3f] at [mem 0xf8000000-0xfbffffff] (base 0xf8000000)
[    0.057042] PCI: not using MMCONFIG
[    0.057042] PCI: Using configuration type 1 for base access
[    0.057042] arch/x86/pci/init.c 44 end pci_arch_init -- functionpoint
[    0.057126] HugeTLB registered 1.00 GiB page size, pre-allocated 0 pages
[    0.057126] HugeTLB registered 2.00 MiB page size, pre-allocated 0 pages
[    0.057128] drivers/base/bus.c 153 driver_register -- functionpoint
[    0.057128] drivers/base/bus.c 642 bus_add_driver -- functionpoint
[    0.057128] drivers/base/bus.c 649 bus_add_driver -- functionpoint -- bus: 'i2c': add driver sx150x-pinctrl
[    0.057128] drivers/base/bus.c 153 driver_register -- functionpoint
[    0.057128] drivers/base/bus.c 642 bus_add_driver -- functionpoint
[    0.057128] drivers/base/bus.c 649 bus_add_driver -- functionpoint -- bus: 'platform': add driver byt_gpio
[    0.057128] drivers/base/bus.c 153 driver_register -- functionpoint
[    0.057128] drivers/base/bus.c 642 bus_add_driver -- functionpoint
[    0.057128] drivers/base/bus.c 649 bus_add_driver -- functionpoint -- bus: 'platform': add driver cherryview-pinctrl
[    0.057128] drivers/base/bus.c 153 driver_register -- functionpoint
[    0.057128] drivers/base/bus.c 642 bus_add_driver -- functionpoint
[    0.057128] drivers/base/bus.c 649 bus_add_driver -- functionpoint -- bus: 'platform': add driver lp_gpio
[    0.057128] drivers/base/bus.c 153 driver_register -- functionpoint
[    0.057128] drivers/base/bus.c 642 bus_add_driver -- functionpoint
[    0.057128] drivers/base/bus.c 649 bus_add_driver -- functionpoint -- bus: 'platform': add driver rc5t583-gpio
[    0.057128] drivers/base/bus.c 153 driver_register -- functionpoint
[    0.057128] drivers/base/bus.c 642 bus_add_driver -- functionpoint
[    0.057128] drivers/base/bus.c 649 bus_add_driver -- functionpoint -- bus: 'platform': add driver palmas-gpio
[    0.057128] drivers/base/bus.c 153 driver_register -- functionpoint
[    0.057128] drivers/base/bus.c 642 bus_add_driver -- functionpoint
[    0.057128] drivers/base/bus.c 649 bus_add_driver -- functionpoint -- bus: 'platform': add driver tps6586x-gpio
[    0.057128] drivers/base/bus.c 153 driver_register -- functionpoint
[    0.057128] drivers/base/bus.c 642 bus_add_driver -- functionpoint
[    0.057128] drivers/base/bus.c 649 bus_add_driver -- functionpoint -- bus: 'platform': add driver tps65910-gpio
[    0.060017] drivers/acpi/bus.c 1231 start acpi_init -- functionpoint
[    0.060033] ACPI: Added _OSI(Module Device)
[    0.060035] ACPI: Added _OSI(Processor Device)
[    0.060036] ACPI: Added _OSI(3.0 _SCP Extensions)
[    0.060036] ACPI: Added _OSI(Processor Aggregator Device)
[    0.060237] arch/x86/kernel/acpi/boot.c 717 acpi_register_gsi -- functionpoint
[    0.060238] arch/x86/kernel/acpi/boot.c 670 acpi_register_gsi_ioapic --functionpoint
[    0.060241] kernel/irq/manage.c 1748 request_threaded_irq -- functionpoint
[    0.061837] ACPI: Executed 30 blocks of module-level executable AML code
[    0.072038] ACPI: [Firmware Bug]: BIOS _OSI(Linux) query ignored
[    0.080185] ACPI: Dynamic OEM Table Load:
[    0.080196] ACPI: SSDT 0xFFFF8CE094FB3B00 0000F4 (v02 PmRef  Cpu0Psd  00003000 INTL 20160527)
[    0.080413] ACPI: Executed 1 blocks of module-level executable AML code
[    0.080535] ACPI: \_SB_.PR00: _OSC native thermal LVT Acked
[    0.081485] ACPI: Dynamic OEM Table Load:
[    0.081491] ACPI: SSDT 0xFFFF8CE094FBD000 000400 (v02 PmRef  Cpu0Cst  00003001 INTL 20160527)
[    0.081699] ACPI: Executed 1 blocks of module-level executable AML code
[    0.081929] ACPI: Dynamic OEM Table Load:
[    0.081934] ACPI: SSDT 0xFFFF8CE094EF0000 000605 (v02 PmRef  Cpu0Ist  00003000 INTL 20160527)
[    0.082128] ACPI: Executed 1 blocks of module-level executable AML code
[    0.082320] ACPI: Dynamic OEM Table Load:
[    0.082324] ACPI: SSDT 0xFFFF8CE094F35400 000149 (v02 PmRef  Cpu0Hwp  00003000 INTL 20160527)
[    0.082508] ACPI: Executed 2 blocks of module-level executable AML code
[    0.082676] ACPI: Dynamic OEM Table Load:
[    0.082682] ACPI: SSDT 0xFFFF8CE094EF5000 000724 (v02 PmRef  HwpLvt   00003000 INTL 20160527)
[    0.082850] ACPI: Executed 1 blocks of module-level executable AML code
[    0.083342] ACPI: Dynamic OEM Table Load:
[    0.083347] ACPI: SSDT 0xFFFF8CE094EF6000 0005FC (v02 PmRef  ApIst    00003000 INTL 20160527)
[    0.083735] ACPI: Executed 1 blocks of module-level executable AML code
[    0.083928] ACPI: Dynamic OEM Table Load:
[    0.083932] ACPI: SSDT 0xFFFF8CE094FBA800 000317 (v02 PmRef  ApHwp    00003000 INTL 20160527)
[    0.084199] ACPI: Executed 1 blocks of module-level executable AML code
[    0.084516] ACPI: Dynamic OEM Table Load:
[    0.084521] ACPI: SSDT 0xFFFF8CE097141000 000AB0 (v02 PmRef  ApPsd    00003000 INTL 20160527)
[    0.085362] ACPI: Executed 1 blocks of module-level executable AML code
[    0.085558] ACPI: Dynamic OEM Table Load:
[    0.085563] ACPI: SSDT 0xFFFF8CE094FBB000 00030A (v02 PmRef  ApCst    00003000 INTL 20160527)
[    0.085830] ACPI: Executed 1 blocks of module-level executable AML code
[    0.088767] ACPI: EC: EC started
[    0.088767] ACPI: EC: interrupt blocked
[    0.088783] ACPI: \_SB_.PCI0.LPCB.EC0_: Used as first EC
[    0.088785] ACPI: \_SB_.PCI0.LPCB.EC0_: GPE=0x6e, EC_CMD/EC_SC=0x66, EC_DATA=0x62
[    0.088786] ACPI: \_SB_.PCI0.LPCB.EC0_: Used as boot DSDT EC to handle transactions
[    0.088786] ACPI: Interpreter enabled
[    0.088835] ACPI: (supports S0 S3 S4 S5)
[    0.088835] ACPI: Using IOAPIC for interrupt routing
[    0.088875] PCI: MMCONFIG for domain 0000 [bus 00-3f] at [mem 0xf8000000-0xfbffffff] (base 0xf8000000)
[    0.091499] PCI: MMCONFIG at [mem 0xf8000000-0xfbffffff] reserved in ACPI motherboard resources
[    0.091504] drivers/acpi/pci_root.c 920 acpi_pci_root_init --functionpoint
[    0.091504] drivers/acpi/apei/hest.c 228 acpi_hest_init -- functionpoint
[    0.091509] PCI: Using host bridge windows from ACPI; if necessary, use "pci=nocrs" and report a bug
[    0.091511] drivers/acpi/scan.c 106 acpi_scan_add_handler_with_hotplug -- functionpoint
[    0.091513] drivers/acpi/pci_link.c 936 acpi_pci_link_init -- functionpoint
[    0.091897] drivers/acpi/scan.c 106 acpi_scan_add_handler_with_hotplug -- functionpoint
[    0.091901] drivers/base/bus.c 153 driver_register -- functionpoint
[    0.091903] drivers/base/bus.c 642 bus_add_driver -- functionpoint
[    0.091905] drivers/base/bus.c 649 bus_add_driver -- functionpoint -- bus: 'platform': add driver clk-lpt
[    0.091912] drivers/acpi/scan.c 106 acpi_scan_add_handler_with_hotplug -- functionpoint
[    0.091963] ACPI: Enabled 4 GPEs in block 00 to 7F
[    0.091967] drivers/acpi/scan.c 2010 acpi_bus_scan -- functionpoint
[    0.098843] ACPI: Power Resource [USBC] (on)
[    0.099668] ACPI: Power Resource [WRST] (on)
[    0.100081] ACPI: Power Resource [WRST] (on)
[    0.100481] ACPI: Power Resource [WRST] (on)
[    0.100885] ACPI: Power Resource [WRST] (on)
[    0.101296] ACPI: Power Resource [WRST] (on)
[    0.101696] ACPI: Power Resource [WRST] (on)
[    0.102097] ACPI: Power Resource [WRST] (on)
[    0.102501] ACPI: Power Resource [WRST] (on)
[    0.102904] ACPI: Power Resource [WRST] (on)
[    0.103302] ACPI: Power Resource [WRST] (on)
[    0.103703] ACPI: Power Resource [WRST] (on)
[    0.104108] ACPI: Power Resource [WRST] (on)
[    0.104507] ACPI: Power Resource [WRST] (on)
[    0.104908] ACPI: Power Resource [WRST] (on)
[    0.105319] ACPI: Power Resource [WRST] (on)
[    0.105717] ACPI: Power Resource [WRST] (on)
[    0.106118] ACPI: Power Resource [WRST] (on)
[    0.106525] ACPI: Power Resource [WRST] (on)
[    0.106932] ACPI: Power Resource [WRST] (on)
[    0.107343] ACPI: Power Resource [WRST] (on)
[    0.109051] ACPI: Power Resource [V0PR] (on)
[    0.109265] ACPI: Power Resource [V1PR] (on)
[    0.109474] ACPI: Power Resource [V2PR] (on)
[    0.114046] ACPI: Power Resource [WRST] (on)
[    0.116169] drivers/acpi/scan.c 1916 acpi_bus_attach -- functionpoint
[    0.116190] drivers/acpi/scan.c 1916 acpi_bus_attach -- functionpoint
[    0.116197] drivers/acpi/scan.c 1916 acpi_bus_attach -- functionpoint
[    0.116230] drivers/acpi/scan.c 1916 acpi_bus_attach -- functionpoint
[    0.116255] drivers/acpi/scan.c 1916 acpi_bus_attach -- functionpoint
[    0.116262] drivers/acpi/pci_root.c 528 acpi_pci_root_add -- functionpoint
[    0.116655] ACPI: PCI Root Bridge [PCI0] (domain 0000 [bus 00-3e])
[    0.116657] ACPI: drivers/acpi/pci_root.c 584 acpi_pci_root_add --  functionpoint -- PCI Root Bridge [PCI0] (domain 0000 [bus 00-3e])
[    0.116664] acpi PNP0A08:00: _OSC: OS supports [ExtendedConfig ASPM ClockPM Segments MSI]
[    0.120030] acpi PNP0A08:00: _OSC: OS now controls [PCIeHotplug PME AER PCIeCapability]
[    0.120030] acpi PNP0A08:00: FADT indicates ASPM is unsupported, using BIOS configuration
[    0.120044] arch/x86/pci/acpi.c 335 pci_acpi_scan_root -- functionpoint
[    0.120045] drivers/pci/search.c 144 pci_find_bus -- functionpoint
[    0.120048] drivers/pci/search.c 145 pci_find_bus functionpoint -- domain_num = 0, bus_num = 0
[    0.120051] drivers/pci/search.c 176 pci_find_next_bus -- functionpoint
[    0.120051] drivers/pci/search.c 157 pci_find_bus not found bus -- functionpoint
[    0.120065] drivers/acpi/pci_root.c 881 acpi_pci_root_create -- functionpoint
[    0.120448] drivers/pci/probe.c 2643 pci_create_root_bus -- functionpoint
[    0.120450] drivers/pci/probe.c 533 pci_alloc_host_bridge -- functionpoint
[    0.120452] drivers/pci/probe.c 765 pci_register_host_bridge -- functionpoint
[    0.120454] drivers/pci/search.c 144 pci_find_bus -- functionpoint
[    0.120455] drivers/pci/search.c 145 pci_find_bus functionpoint -- domain_num = 0, bus_num = 0
[    0.120458] drivers/pci/search.c 176 pci_find_next_bus -- functionpoint
[    0.120459] drivers/pci/search.c 157 pci_find_bus not found bus -- functionpoint
[    0.121508] drivers/pci/probe.c 2009 pci_bus_read_dev_vendor_id -- functionpoint
[    0.121522] drivers/pci/probe.c 2009 pci_bus_read_dev_vendor_id -- functionpoint
[    0.121538] drivers/pci/probe.c 2009 pci_bus_read_dev_vendor_id -- functionpoint
[    0.121561] drivers/pci/probe.c 2009 pci_bus_read_dev_vendor_id -- functionpoint
[    0.121572] drivers/pci/probe.c 2009 pci_bus_read_dev_vendor_id -- functionpoint
[    0.121587] drivers/pci/probe.c 2009 pci_bus_read_dev_vendor_id -- functionpoint
[    0.121595] drivers/pci/probe.c 2009 pci_bus_read_dev_vendor_id -- functionpoint
[    0.121608] drivers/pci/probe.c 2009 pci_bus_read_dev_vendor_id -- functionpoint
[    0.121621] drivers/pci/probe.c 2009 pci_bus_read_dev_vendor_id -- functionpoint
[    0.121627] drivers/pci/probe.c 2009 pci_bus_read_dev_vendor_id -- functionpoint
[    0.121638] drivers/pci/probe.c 2009 pci_bus_read_dev_vendor_id -- functionpoint
[    0.121687] drivers/pci/probe.c 2009 pci_bus_read_dev_vendor_id -- functionpoint
[    0.121739] drivers/pci/probe.c 2009 pci_bus_read_dev_vendor_id -- functionpoint
[    0.121792] drivers/pci/probe.c 2009 pci_bus_read_dev_vendor_id -- functionpoint
[    0.121844] drivers/pci/probe.c 2009 pci_bus_read_dev_vendor_id -- functionpoint
[    0.121897] drivers/pci/probe.c 2009 pci_bus_read_dev_vendor_id -- functionpoint
[    0.121949] drivers/pci/probe.c 2009 pci_bus_read_dev_vendor_id -- functionpoint
[    0.122001] drivers/pci/probe.c 2009 pci_bus_read_dev_vendor_id -- functionpoint
[    0.122049] drivers/pci/probe.c 2009 pci_bus_read_dev_vendor_id -- functionpoint
[    0.122102] drivers/pci/probe.c 2009 pci_bus_read_dev_vendor_id -- functionpoint
[    0.122155] drivers/pci/probe.c 2009 pci_bus_read_dev_vendor_id -- functionpoint
[    0.122207] drivers/pci/probe.c 2009 pci_bus_read_dev_vendor_id -- functionpoint
[    0.122259] drivers/pci/probe.c 2009 pci_bus_read_dev_vendor_id -- functionpoint
[    0.122312] drivers/pci/probe.c 2009 pci_bus_read_dev_vendor_id -- functionpoint
[    0.122364] drivers/pci/probe.c 2009 pci_bus_read_dev_vendor_id -- functionpoint
[    0.122417] drivers/pci/probe.c 2009 pci_bus_read_dev_vendor_id -- functionpoint
[    0.122469] drivers/pci/probe.c 2009 pci_bus_read_dev_vendor_id -- functionpoint
[    0.122523] drivers/pci/probe.c 2009 pci_bus_read_dev_vendor_id -- functionpoint
[    0.122575] drivers/pci/probe.c 2009 pci_bus_read_dev_vendor_id -- functionpoint
[    0.122628] drivers/pci/probe.c 2009 pci_bus_read_dev_vendor_id -- functionpoint
[    0.122680] drivers/pci/probe.c 2009 pci_bus_read_dev_vendor_id -- functionpoint
[    0.122733] drivers/pci/probe.c 2009 pci_bus_read_dev_vendor_id -- functionpoint
[    0.122781] drivers/pci/probe.c 2009 pci_bus_read_dev_vendor_id -- functionpoint
[    0.122834] drivers/pci/probe.c 2009 pci_bus_read_dev_vendor_id -- functionpoint
[    0.122886] drivers/pci/probe.c 2009 pci_bus_read_dev_vendor_id -- functionpoint
[    0.122902] drivers/pci/probe.c 2009 pci_bus_read_dev_vendor_id -- functionpoint
[    0.122920] drivers/pci/probe.c 2009 pci_bus_read_dev_vendor_id -- functionpoint
[    0.122935] drivers/pci/probe.c 2009 pci_bus_read_dev_vendor_id -- functionpoint
[    0.122946] drivers/pci/probe.c 2009 pci_bus_read_dev_vendor_id -- functionpoint
[    0.122959] drivers/pci/probe.c 2009 pci_bus_read_dev_vendor_id -- functionpoint
[    0.122968] drivers/pci/probe.c 2009 pci_bus_read_dev_vendor_id -- functionpoint
[    0.122974] drivers/pci/probe.c 2009 pci_bus_read_dev_vendor_id -- functionpoint
[    0.122982] PCI host bridge to bus 0000:00
[    0.122986] pci_bus 0000:00: root bus resource [io  0x0000-0x0cf7 window]
[    0.122987] pci_bus 0000:00: root bus resource [io  0x0d00-0xffff window]
[    0.122988] pci_bus 0000:00: root bus resource [mem 0x000a0000-0x000bffff window]
[    0.122989] pci_bus 0000:00: root bus resource [mem 0xd4800000-0xf7ffffff window]
[    0.122990] pci_bus 0000:00: root bus resource [mem 0x4000000000-0x7fffffffff window]
[    0.122991] pci_bus 0000:00: root bus resource [mem 0xfc800000-0xfe7fffff window]
[    0.122993] pci_bus 0000:00: root bus resource [bus 00-3e]
[    0.122993] drivers/pci/probe.c 2497 pci_scan_child_bus_extend -- functionpoint
[    0.122994] pci_bus 0000:00: drivers/pci/probe.c 2501 pci_scan_child_bus_extend-- functionpoint -- scanning bus
[    0.122998] drivers/pci/probe.c 2281 pci_scan_slot -- functionpoint
[    0.122998] drivers/pci/probe.c 2196 pci_scan_single_device -- functionpoint
[    0.123000] drivers/pci/search.c 206 pci_get_slot -- functionpoint
[    0.123002] drivers/pci/search.c 215 pci_get_slot return value is NULL -- functionpoint
[    0.123003] drivers/pci/probe.c 2035 pci_scan_device -- functionpoint
[    0.123005] drivers/pci/probe.c 2009 pci_bus_read_dev_vendor_id -- functionpoint
[    0.123008] drivers/pci/probe.c 2048 pci_scan_device -- functionpoint -- dev_vendor: 8086, dev_device: 3e30
[    0.123011] drivers/pci/probe.c 1453 pci_setup_device -- functionpoint
[    0.123012] drivers/pci/probe.c 1242 set_pcie_port_type -- functionpoint
[    0.123018] pci 0000:00:00.0: [8086:3e30] type 00 class 0x060000
[    0.123021] pci 0000:00:00.0: drivers/pci/probe.c 1482 pci_setup_device functionpoint -- [8086:3e30] type 00 class 0x060000 multifunction 00
[    0.123035] drivers/pci/probe.c 1513 pci_setup_device  switch case PCI_HEADER_TYPE_NORMAL -- functionpoint
[    0.123047] drivers/pci/probe.c 2145 pci_device_add -- functionpoint
[    0.123059] drivers/pci/pci.c 2409 pci_pm_init -- functionpoint
[    0.124048] drivers/pci/probe.c 2288 pci_scan_slot -- functionpoint -- fn = 0, devfn = 0, fn+devfn = 0
[    0.124051] drivers/pci/probe.c 2220 next_fn -- functionpoint
[    0.124052] drivers/pci/probe.c 2281 pci_scan_slot -- functionpoint
[    0.124053] drivers/pci/probe.c 2196 pci_scan_single_device -- functionpoint
[    0.124055] drivers/pci/search.c 206 pci_get_slot -- functionpoint
[    0.124056] drivers/pci/search.c 215 pci_get_slot return value is NULL -- functionpoint
[    0.124058] drivers/pci/probe.c 2035 pci_scan_device -- functionpoint
[    0.124060] drivers/pci/probe.c 2009 pci_bus_read_dev_vendor_id -- functionpoint
[    0.124071] drivers/pci/probe.c 2288 pci_scan_slot -- functionpoint -- fn = 0, devfn = 8, fn+devfn = 8
[    0.124074] drivers/pci/probe.c 2281 pci_scan_slot -- functionpoint
[    0.124075] drivers/pci/probe.c 2196 pci_scan_single_device -- functionpoint
[    0.124076] drivers/pci/search.c 206 pci_get_slot -- functionpoint
[    0.124078] drivers/pci/search.c 215 pci_get_slot return value is NULL -- functionpoint
[    0.124079] drivers/pci/probe.c 2035 pci_scan_device -- functionpoint
[    0.124081] drivers/pci/probe.c 2009 pci_bus_read_dev_vendor_id -- functionpoint
[    0.124083] drivers/pci/probe.c 2048 pci_scan_device -- functionpoint -- dev_vendor: 8086, dev_device: 3e98
[    0.124087] drivers/pci/probe.c 1453 pci_setup_device -- functionpoint
[    0.124087] drivers/pci/probe.c 1242 set_pcie_port_type -- functionpoint
[    0.124094] pci 0000:00:02.0: [8086:3e98] type 00 class 0x030000
[    0.124096] pci 0000:00:02.0: drivers/pci/probe.c 1482 pci_setup_device functionpoint -- [8086:3e98] type 00 class 0x030000 multifunction 00
[    0.124102] drivers/pci/probe.c 1513 pci_setup_device  switch case PCI_HEADER_TYPE_NORMAL -- functionpoint
[    0.124108] pci 0000:00:02.0: reg 0x10: [mem 0xf0000000-0xf0ffffff 64bit]
[    0.124114] pci 0000:00:02.0: reg 0x18: [mem 0xe0000000-0xefffffff 64bit pref]
[    0.124118] pci 0000:00:02.0: reg 0x20: [io  0x4000-0x403f]
[    0.124123] drivers/pci/probe.c 2145 pci_device_add -- functionpoint
[    0.124131] pci 0000:00:02.0: BAR 2: assigned to efifb
[    0.124143] drivers/pci/pci.c 2409 pci_pm_init -- functionpoint
[    0.124146] pci 0000:00:02.0: drivers/pci/pci.c 2450 pci_pm_init --functionpoint-- supports
[    0.125155] drivers/pci/probe.c 2288 pci_scan_slot -- functionpoint -- fn = 0, devfn = 16, fn+devfn = 16
[    0.125158] drivers/pci/probe.c 2220 next_fn -- functionpoint
[    0.125158] drivers/pci/probe.c 2281 pci_scan_slot -- functionpoint
[    0.125160] drivers/pci/probe.c 2196 pci_scan_single_device -- functionpoint
[    0.125161] drivers/pci/search.c 206 pci_get_slot -- functionpoint
[    0.125163] drivers/pci/search.c 215 pci_get_slot return value is NULL -- functionpoint
[    0.125164] drivers/pci/probe.c 2035 pci_scan_device -- functionpoint
[    0.125166] drivers/pci/probe.c 2009 pci_bus_read_dev_vendor_id -- functionpoint
[    0.125178] drivers/pci/probe.c 2288 pci_scan_slot -- functionpoint -- fn = 0, devfn = 24, fn+devfn = 24
[    0.125181] drivers/pci/probe.c 2281 pci_scan_slot -- functionpoint
[    0.125181] drivers/pci/probe.c 2196 pci_scan_single_device -- functionpoint
[    0.125183] drivers/pci/search.c 206 pci_get_slot -- functionpoint
[    0.125184] drivers/pci/search.c 215 pci_get_slot return value is NULL -- functionpoint
[    0.125186] drivers/pci/probe.c 2035 pci_scan_device -- functionpoint
[    0.125188] drivers/pci/probe.c 2009 pci_bus_read_dev_vendor_id -- functionpoint
[    0.125203] drivers/pci/probe.c 2288 pci_scan_slot -- functionpoint -- fn = 0, devfn = 32, fn+devfn = 32
[    0.125207] drivers/pci/probe.c 2281 pci_scan_slot -- functionpoint
[    0.125207] drivers/pci/probe.c 2196 pci_scan_single_device -- functionpoint
[    0.125208] drivers/pci/search.c 206 pci_get_slot -- functionpoint
[    0.125210] drivers/pci/search.c 215 pci_get_slot return value is NULL -- functionpoint
[    0.125211] drivers/pci/probe.c 2035 pci_scan_device -- functionpoint
[    0.125213] drivers/pci/probe.c 2009 pci_bus_read_dev_vendor_id -- functionpoint
[    0.125227] drivers/pci/probe.c 2288 pci_scan_slot -- functionpoint -- fn = 0, devfn = 40, fn+devfn = 40
[    0.125230] drivers/pci/probe.c 2281 pci_scan_slot -- functionpoint
[    0.125230] drivers/pci/probe.c 2196 pci_scan_single_device -- functionpoint
[    0.125232] drivers/pci/search.c 206 pci_get_slot -- functionpoint
[    0.125233] drivers/pci/search.c 215 pci_get_slot return value is NULL -- functionpoint
[    0.125235] drivers/pci/probe.c 2035 pci_scan_device -- functionpoint
[    0.125237] drivers/pci/probe.c 2009 pci_bus_read_dev_vendor_id -- functionpoint
[    0.125252] drivers/pci/probe.c 2288 pci_scan_slot -- functionpoint -- fn = 0, devfn = 48, fn+devfn = 48
[    0.125255] drivers/pci/probe.c 2281 pci_scan_slot -- functionpoint
[    0.125256] drivers/pci/probe.c 2196 pci_scan_single_device -- functionpoint
[    0.125257] drivers/pci/search.c 206 pci_get_slot -- functionpoint
[    0.125259] drivers/pci/search.c 215 pci_get_slot return value is NULL -- functionpoint
[    0.125260] drivers/pci/probe.c 2035 pci_scan_device -- functionpoint
[    0.125262] drivers/pci/probe.c 2009 pci_bus_read_dev_vendor_id -- functionpoint
[    0.125277] drivers/pci/probe.c 2288 pci_scan_slot -- functionpoint -- fn = 0, devfn = 56, fn+devfn = 56
[    0.125280] drivers/pci/probe.c 2281 pci_scan_slot -- functionpoint
[    0.125281] drivers/pci/probe.c 2196 pci_scan_single_device -- functionpoint
[    0.125282] drivers/pci/search.c 206 pci_get_slot -- functionpoint
[    0.125284] drivers/pci/search.c 215 pci_get_slot return value is NULL -- functionpoint
[    0.125285] drivers/pci/probe.c 2035 pci_scan_device -- functionpoint
[    0.125287] drivers/pci/probe.c 2009 pci_bus_read_dev_vendor_id -- functionpoint
[    0.125302] drivers/pci/probe.c 2288 pci_scan_slot -- functionpoint -- fn = 0, devfn = 64, fn+devfn = 64
[    0.125305] drivers/pci/probe.c 2281 pci_scan_slot -- functionpoint
[    0.125306] drivers/pci/probe.c 2196 pci_scan_single_device -- functionpoint
[    0.125307] drivers/pci/search.c 206 pci_get_slot -- functionpoint
[    0.125309] drivers/pci/search.c 215 pci_get_slot return value is NULL -- functionpoint
[    0.125310] drivers/pci/probe.c 2035 pci_scan_device -- functionpoint
[    0.125312] drivers/pci/probe.c 2009 pci_bus_read_dev_vendor_id -- functionpoint
[    0.125327] drivers/pci/probe.c 2288 pci_scan_slot -- functionpoint -- fn = 0, devfn = 72, fn+devfn = 72
[    0.125331] drivers/pci/probe.c 2281 pci_scan_slot -- functionpoint
[    0.125331] drivers/pci/probe.c 2196 pci_scan_single_device -- functionpoint
[    0.125332] drivers/pci/search.c 206 pci_get_slot -- functionpoint
[    0.125334] drivers/pci/search.c 215 pci_get_slot return value is NULL -- functionpoint
[    0.125335] drivers/pci/probe.c 2035 pci_scan_device -- functionpoint
[    0.125337] drivers/pci/probe.c 2009 pci_bus_read_dev_vendor_id -- functionpoint
[    0.125351] drivers/pci/probe.c 2288 pci_scan_slot -- functionpoint -- fn = 0, devfn = 80, fn+devfn = 80
[    0.125354] drivers/pci/probe.c 2281 pci_scan_slot -- functionpoint
[    0.125354] drivers/pci/probe.c 2196 pci_scan_single_device -- functionpoint
[    0.125356] drivers/pci/search.c 206 pci_get_slot -- functionpoint
[    0.125357] drivers/pci/search.c 215 pci_get_slot return value is NULL -- functionpoint
[    0.125359] drivers/pci/probe.c 2035 pci_scan_device -- functionpoint
[    0.125360] drivers/pci/probe.c 2009 pci_bus_read_dev_vendor_id -- functionpoint
[    0.125376] drivers/pci/probe.c 2288 pci_scan_slot -- functionpoint -- fn = 0, devfn = 88, fn+devfn = 88
[    0.125379] drivers/pci/probe.c 2281 pci_scan_slot -- functionpoint
[    0.125380] drivers/pci/probe.c 2196 pci_scan_single_device -- functionpoint
[    0.125381] drivers/pci/search.c 206 pci_get_slot -- functionpoint
[    0.125383] drivers/pci/search.c 215 pci_get_slot return value is NULL -- functionpoint
[    0.125384] drivers/pci/probe.c 2035 pci_scan_device -- functionpoint
[    0.125386] drivers/pci/probe.c 2009 pci_bus_read_dev_vendor_id -- functionpoint
[    0.125401] drivers/pci/probe.c 2288 pci_scan_slot -- functionpoint -- fn = 0, devfn = 96, fn+devfn = 96
[    0.125404] drivers/pci/probe.c 2281 pci_scan_slot -- functionpoint
[    0.125405] drivers/pci/probe.c 2196 pci_scan_single_device -- functionpoint
[    0.125406] drivers/pci/search.c 206 pci_get_slot -- functionpoint
[    0.125408] drivers/pci/search.c 215 pci_get_slot return value is NULL -- functionpoint
[    0.125409] drivers/pci/probe.c 2035 pci_scan_device -- functionpoint
[    0.125411] drivers/pci/probe.c 2009 pci_bus_read_dev_vendor_id -- functionpoint
[    0.125426] drivers/pci/probe.c 2288 pci_scan_slot -- functionpoint -- fn = 0, devfn = 104, fn+devfn = 104
[    0.125430] drivers/pci/probe.c 2281 pci_scan_slot -- functionpoint
[    0.125430] drivers/pci/probe.c 2196 pci_scan_single_device -- functionpoint
[    0.125431] drivers/pci/search.c 206 pci_get_slot -- functionpoint
[    0.125433] drivers/pci/search.c 215 pci_get_slot return value is NULL -- functionpoint
[    0.125435] drivers/pci/probe.c 2035 pci_scan_device -- functionpoint
[    0.125436] drivers/pci/probe.c 2009 pci_bus_read_dev_vendor_id -- functionpoint
[    0.125451] drivers/pci/probe.c 2288 pci_scan_slot -- functionpoint -- fn = 0, devfn = 112, fn+devfn = 112
[    0.125455] drivers/pci/probe.c 2281 pci_scan_slot -- functionpoint
[    0.125455] drivers/pci/probe.c 2196 pci_scan_single_device -- functionpoint
[    0.125456] drivers/pci/search.c 206 pci_get_slot -- functionpoint
[    0.125458] drivers/pci/search.c 215 pci_get_slot return value is NULL -- functionpoint
[    0.125459] drivers/pci/probe.c 2035 pci_scan_device -- functionpoint
[    0.125461] drivers/pci/probe.c 2009 pci_bus_read_dev_vendor_id -- functionpoint
[    0.125476] drivers/pci/probe.c 2288 pci_scan_slot -- functionpoint -- fn = 0, devfn = 120, fn+devfn = 120
[    0.125480] drivers/pci/probe.c 2281 pci_scan_slot -- functionpoint
[    0.125480] drivers/pci/probe.c 2196 pci_scan_single_device -- functionpoint
[    0.125481] drivers/pci/search.c 206 pci_get_slot -- functionpoint
[    0.125483] drivers/pci/search.c 215 pci_get_slot return value is NULL -- functionpoint
[    0.125484] drivers/pci/probe.c 2035 pci_scan_device -- functionpoint
[    0.125486] drivers/pci/probe.c 2009 pci_bus_read_dev_vendor_id -- functionpoint
[    0.125501] drivers/pci/probe.c 2288 pci_scan_slot -- functionpoint -- fn = 0, devfn = 128, fn+devfn = 128
[    0.125504] drivers/pci/probe.c 2281 pci_scan_slot -- functionpoint
[    0.125505] drivers/pci/probe.c 2196 pci_scan_single_device -- functionpoint
[    0.125506] drivers/pci/search.c 206 pci_get_slot -- functionpoint
[    0.125508] drivers/pci/search.c 215 pci_get_slot return value is NULL -- functionpoint
[    0.125509] drivers/pci/probe.c 2035 pci_scan_device -- functionpoint
[    0.125511] drivers/pci/probe.c 2009 pci_bus_read_dev_vendor_id -- functionpoint
[    0.125526] drivers/pci/probe.c 2288 pci_scan_slot -- functionpoint -- fn = 0, devfn = 136, fn+devfn = 136
[    0.125529] drivers/pci/probe.c 2281 pci_scan_slot -- functionpoint
[    0.125530] drivers/pci/probe.c 2196 pci_scan_single_device -- functionpoint
[    0.125531] drivers/pci/search.c 206 pci_get_slot -- functionpoint
[    0.125533] drivers/pci/search.c 215 pci_get_slot return value is NULL -- functionpoint
[    0.125534] drivers/pci/probe.c 2035 pci_scan_device -- functionpoint
[    0.125536] drivers/pci/probe.c 2009 pci_bus_read_dev_vendor_id -- functionpoint
[    0.125541] drivers/pci/probe.c 2048 pci_scan_device -- functionpoint -- dev_vendor: 8086, dev_device: a379
[    0.125545] drivers/pci/probe.c 1453 pci_setup_device -- functionpoint
[    0.125546] drivers/pci/probe.c 1242 set_pcie_port_type -- functionpoint
[    0.125557] pci 0000:00:12.0: [8086:a379] type 00 class 0x118000
[    0.125560] pci 0000:00:12.0: drivers/pci/probe.c 1482 pci_setup_device functionpoint -- [8086:a379] type 00 class 0x118000 multifunction 01
[    0.125574] drivers/pci/probe.c 1513 pci_setup_device  switch case PCI_HEADER_TYPE_NORMAL -- functionpoint
[    0.125592] pci 0000:00:12.0: reg 0x10: [mem 0x4000107000-0x4000107fff 64bit]
[    0.125634] drivers/pci/probe.c 2145 pci_device_add -- functionpoint
[    0.125671] drivers/pci/pci.c 2409 pci_pm_init -- functionpoint
[    0.125680] pci 0000:00:12.0: drivers/pci/pci.c 2450 pci_pm_init --functionpoint-- supports
[    0.126668] drivers/pci/probe.c 2288 pci_scan_slot -- functionpoint -- fn = 0, devfn = 144, fn+devfn = 144
[    0.126671] drivers/pci/probe.c 2220 next_fn -- functionpoint
[    0.126671] drivers/pci/probe.c 2196 pci_scan_single_device -- functionpoint
[    0.126673] drivers/pci/search.c 206 pci_get_slot -- functionpoint
[    0.126674] drivers/pci/search.c 215 pci_get_slot return value is NULL -- functionpoint
[    0.126676] drivers/pci/probe.c 2035 pci_scan_device -- functionpoint
[    0.126678] drivers/pci/probe.c 2009 pci_bus_read_dev_vendor_id -- functionpoint
[    0.126689] drivers/pci/probe.c 2298 pci_scan_slot -- functionpoint -- fn = 1, devfn = 144, fn+devfn = 145
[    0.126692] drivers/pci/probe.c 2220 next_fn -- functionpoint
[    0.126692] drivers/pci/probe.c 2196 pci_scan_single_device -- functionpoint
[    0.126694] drivers/pci/search.c 206 pci_get_slot -- functionpoint
[    0.126695] drivers/pci/search.c 215 pci_get_slot return value is NULL -- functionpoint
[    0.126697] drivers/pci/probe.c 2035 pci_scan_device -- functionpoint
[    0.126699] drivers/pci/probe.c 2009 pci_bus_read_dev_vendor_id -- functionpoint
[    0.126714] drivers/pci/probe.c 2298 pci_scan_slot -- functionpoint -- fn = 2, devfn = 144, fn+devfn = 146
[    0.126718] drivers/pci/probe.c 2220 next_fn -- functionpoint
[    0.126718] drivers/pci/probe.c 2196 pci_scan_single_device -- functionpoint
[    0.126719] drivers/pci/search.c 206 pci_get_slot -- functionpoint
[    0.126721] drivers/pci/search.c 215 pci_get_slot return value is NULL -- functionpoint
[    0.126722] drivers/pci/probe.c 2035 pci_scan_device -- functionpoint
[    0.126724] drivers/pci/probe.c 2009 pci_bus_read_dev_vendor_id -- functionpoint
[    0.126739] drivers/pci/probe.c 2298 pci_scan_slot -- functionpoint -- fn = 3, devfn = 144, fn+devfn = 147
[    0.126743] drivers/pci/probe.c 2220 next_fn -- functionpoint
[    0.126743] drivers/pci/probe.c 2196 pci_scan_single_device -- functionpoint
[    0.126744] drivers/pci/search.c 206 pci_get_slot -- functionpoint
[    0.126746] drivers/pci/search.c 215 pci_get_slot return value is NULL -- functionpoint
[    0.126747] drivers/pci/probe.c 2035 pci_scan_device -- functionpoint
[    0.126749] drivers/pci/probe.c 2009 pci_bus_read_dev_vendor_id -- functionpoint
[    0.126764] drivers/pci/probe.c 2298 pci_scan_slot -- functionpoint -- fn = 4, devfn = 144, fn+devfn = 148
[    0.126768] drivers/pci/probe.c 2220 next_fn -- functionpoint
[    0.126768] drivers/pci/probe.c 2196 pci_scan_single_device -- functionpoint
[    0.126769] drivers/pci/search.c 206 pci_get_slot -- functionpoint
[    0.126771] drivers/pci/search.c 215 pci_get_slot return value is NULL -- functionpoint
[    0.126772] drivers/pci/probe.c 2035 pci_scan_device -- functionpoint
[    0.126774] drivers/pci/probe.c 2009 pci_bus_read_dev_vendor_id -- functionpoint
[    0.126789] drivers/pci/probe.c 2298 pci_scan_slot -- functionpoint -- fn = 5, devfn = 144, fn+devfn = 149
[    0.126793] drivers/pci/probe.c 2220 next_fn -- functionpoint
[    0.126793] drivers/pci/probe.c 2196 pci_scan_single_device -- functionpoint
[    0.126794] drivers/pci/search.c 206 pci_get_slot -- functionpoint
[    0.126796] drivers/pci/search.c 215 pci_get_slot return value is NULL -- functionpoint
[    0.126797] drivers/pci/probe.c 2035 pci_scan_device -- functionpoint
[    0.126799] drivers/pci/probe.c 2009 pci_bus_read_dev_vendor_id -- functionpoint
[    0.126809] drivers/pci/probe.c 2298 pci_scan_slot -- functionpoint -- fn = 6, devfn = 144, fn+devfn = 150
[    0.126812] drivers/pci/probe.c 2220 next_fn -- functionpoint
[    0.126813] drivers/pci/probe.c 2196 pci_scan_single_device -- functionpoint
[    0.126814] drivers/pci/search.c 206 pci_get_slot -- functionpoint
[    0.126816] drivers/pci/search.c 215 pci_get_slot return value is NULL -- functionpoint
[    0.126817] drivers/pci/probe.c 2035 pci_scan_device -- functionpoint
[    0.126819] drivers/pci/probe.c 2009 pci_bus_read_dev_vendor_id -- functionpoint
[    0.126834] drivers/pci/probe.c 2298 pci_scan_slot -- functionpoint -- fn = 7, devfn = 144, fn+devfn = 151
[    0.126837] drivers/pci/probe.c 2220 next_fn -- functionpoint
[    0.126837] drivers/pci/probe.c 2281 pci_scan_slot -- functionpoint
[    0.126839] drivers/pci/probe.c 2196 pci_scan_single_device -- functionpoint
[    0.126840] drivers/pci/search.c 206 pci_get_slot -- functionpoint
[    0.126842] drivers/pci/search.c 215 pci_get_slot return value is NULL -- functionpoint
[    0.126843] drivers/pci/probe.c 2035 pci_scan_device -- functionpoint
[    0.126845] drivers/pci/probe.c 2009 pci_bus_read_dev_vendor_id -- functionpoint
[    0.126854] drivers/pci/probe.c 2288 pci_scan_slot -- functionpoint -- fn = 0, devfn = 152, fn+devfn = 152
[    0.126857] drivers/pci/probe.c 2281 pci_scan_slot -- functionpoint
[    0.126857] drivers/pci/probe.c 2196 pci_scan_single_device -- functionpoint
[    0.126859] drivers/pci/search.c 206 pci_get_slot -- functionpoint
[    0.126860] drivers/pci/search.c 215 pci_get_slot return value is NULL -- functionpoint
[    0.126862] drivers/pci/probe.c 2035 pci_scan_device -- functionpoint
[    0.126864] drivers/pci/probe.c 2009 pci_bus_read_dev_vendor_id -- functionpoint
[    0.126868] drivers/pci/probe.c 2048 pci_scan_device -- functionpoint -- dev_vendor: 8086, dev_device: a36d
[    0.126872] drivers/pci/probe.c 1453 pci_setup_device -- functionpoint
[    0.126874] drivers/pci/probe.c 1242 set_pcie_port_type -- functionpoint
[    0.126886] pci 0000:00:14.0: [8086:a36d] type 00 class 0x0c0330
[    0.126889] pci 0000:00:14.0: drivers/pci/probe.c 1482 pci_setup_device functionpoint -- [8086:a36d] type 00 class 0x0c0330 multifunction 01
[    0.126905] drivers/pci/probe.c 1513 pci_setup_device  switch case PCI_HEADER_TYPE_NORMAL -- functionpoint
[    0.126925] pci 0000:00:14.0: reg 0x10: [mem 0xf1220000-0xf122ffff 64bit]
[    0.126981] drivers/pci/probe.c 2145 pci_device_add -- functionpoint
[    0.127024] drivers/pci/pci.c 2409 pci_pm_init -- functionpoint
[    0.127032] pci 0000:00:14.0: drivers/pci/pci.c 2450 pci_pm_init --functionpoint-- supports
[    0.127036] pci 0000:00:14.0: PME# supported from D3hot D3cold
[    0.127037] pci 0000:00:14.0: drivers/pci/pci.c 2462 pci_pm_init --functionpoint-- PME# supported from D3hot D3cold
[    0.127044] pci 0000:00:14.0: drivers/pci/pci.c 1891 pci_pme_active --functionpoint-- PME# disabled
[    0.128106] drivers/pci/probe.c 2288 pci_scan_slot -- functionpoint -- fn = 0, devfn = 160, fn+devfn = 160
[    0.128109] drivers/pci/probe.c 2220 next_fn -- functionpoint
[    0.128109] drivers/pci/probe.c 2196 pci_scan_single_device -- functionpoint
[    0.128111] drivers/pci/search.c 206 pci_get_slot -- functionpoint
[    0.128113] drivers/pci/search.c 215 pci_get_slot return value is NULL -- functionpoint
[    0.128114] drivers/pci/probe.c 2035 pci_scan_device -- functionpoint
[    0.128116] drivers/pci/probe.c 2009 pci_bus_read_dev_vendor_id -- functionpoint
[    0.128128] drivers/pci/probe.c 2298 pci_scan_slot -- functionpoint -- fn = 1, devfn = 160, fn+devfn = 161
[    0.128131] drivers/pci/probe.c 2220 next_fn -- functionpoint
[    0.128131] drivers/pci/probe.c 2196 pci_scan_single_device -- functionpoint
[    0.128133] drivers/pci/search.c 206 pci_get_slot -- functionpoint
[    0.128134] drivers/pci/search.c 215 pci_get_slot return value is NULL -- functionpoint
[    0.128136] drivers/pci/probe.c 2035 pci_scan_device -- functionpoint
[    0.128138] drivers/pci/probe.c 2009 pci_bus_read_dev_vendor_id -- functionpoint
[    0.128147] drivers/pci/probe.c 2048 pci_scan_device -- functionpoint -- dev_vendor: 8086, dev_device: a36f
[    0.128151] drivers/pci/probe.c 1453 pci_setup_device -- functionpoint
[    0.128153] drivers/pci/probe.c 1242 set_pcie_port_type -- functionpoint
[    0.128162] pci 0000:00:14.2: [8086:a36f] type 00 class 0x050000
[    0.128165] pci 0000:00:14.2: drivers/pci/probe.c 1482 pci_setup_device functionpoint -- [8086:a36f] type 00 class 0x050000 multifunction 00
[    0.128178] drivers/pci/probe.c 1513 pci_setup_device  switch case PCI_HEADER_TYPE_NORMAL -- functionpoint
[    0.128194] pci 0000:00:14.2: reg 0x10: [mem 0xf1232000-0xf1233fff 64bit]
[    0.128210] pci 0000:00:14.2: reg 0x18: [mem 0x4000106000-0x4000106fff 64bit]
[    0.128235] drivers/pci/probe.c 2145 pci_device_add -- functionpoint
[    0.128262] drivers/pci/pci.c 2409 pci_pm_init -- functionpoint
[    0.128270] pci 0000:00:14.2: drivers/pci/pci.c 2450 pci_pm_init --functionpoint-- supports
[    0.129259] drivers/pci/probe.c 2298 pci_scan_slot -- functionpoint -- fn = 2, devfn = 160, fn+devfn = 162
[    0.129261] drivers/pci/probe.c 2220 next_fn -- functionpoint
[    0.129261] drivers/pci/probe.c 2196 pci_scan_single_device -- functionpoint
[    0.129263] drivers/pci/search.c 206 pci_get_slot -- functionpoint
[    0.129265] drivers/pci/search.c 215 pci_get_slot return value is NULL -- functionpoint
[    0.129266] drivers/pci/probe.c 2035 pci_scan_device -- functionpoint
[    0.129268] drivers/pci/probe.c 2009 pci_bus_read_dev_vendor_id -- functionpoint
[    0.129274] drivers/pci/probe.c 2298 pci_scan_slot -- functionpoint -- fn = 3, devfn = 160, fn+devfn = 163
[    0.129277] drivers/pci/probe.c 2220 next_fn -- functionpoint
[    0.129277] drivers/pci/probe.c 2196 pci_scan_single_device -- functionpoint
[    0.129279] drivers/pci/search.c 206 pci_get_slot -- functionpoint
[    0.129281] drivers/pci/search.c 215 pci_get_slot return value is NULL -- functionpoint
[    0.129282] drivers/pci/probe.c 2035 pci_scan_device -- functionpoint
[    0.129284] drivers/pci/probe.c 2009 pci_bus_read_dev_vendor_id -- functionpoint
[    0.129301] drivers/pci/probe.c 2298 pci_scan_slot -- functionpoint -- fn = 4, devfn = 160, fn+devfn = 164
[    0.129305] drivers/pci/probe.c 2220 next_fn -- functionpoint
[    0.129305] drivers/pci/probe.c 2196 pci_scan_single_device -- functionpoint
[    0.129306] drivers/pci/search.c 206 pci_get_slot -- functionpoint
[    0.129308] drivers/pci/search.c 215 pci_get_slot return value is NULL -- functionpoint
[    0.129310] drivers/pci/probe.c 2035 pci_scan_device -- functionpoint
[    0.129311] drivers/pci/probe.c 2009 pci_bus_read_dev_vendor_id -- functionpoint
[    0.129326] drivers/pci/probe.c 2298 pci_scan_slot -- functionpoint -- fn = 5, devfn = 160, fn+devfn = 165
[    0.129330] drivers/pci/probe.c 2220 next_fn -- functionpoint
[    0.129330] drivers/pci/probe.c 2196 pci_scan_single_device -- functionpoint
[    0.129331] drivers/pci/search.c 206 pci_get_slot -- functionpoint
[    0.129333] drivers/pci/search.c 215 pci_get_slot return value is NULL -- functionpoint
[    0.129335] drivers/pci/probe.c 2035 pci_scan_device -- functionpoint
[    0.129336] drivers/pci/probe.c 2009 pci_bus_read_dev_vendor_id -- functionpoint
[    0.129351] drivers/pci/probe.c 2298 pci_scan_slot -- functionpoint -- fn = 6, devfn = 160, fn+devfn = 166
[    0.129355] drivers/pci/probe.c 2220 next_fn -- functionpoint
[    0.129355] drivers/pci/probe.c 2196 pci_scan_single_device -- functionpoint
[    0.129357] drivers/pci/search.c 206 pci_get_slot -- functionpoint
[    0.129358] drivers/pci/search.c 215 pci_get_slot return value is NULL -- functionpoint
[    0.129360] drivers/pci/probe.c 2035 pci_scan_device -- functionpoint
[    0.129361] drivers/pci/probe.c 2009 pci_bus_read_dev_vendor_id -- functionpoint
[    0.129375] drivers/pci/probe.c 2298 pci_scan_slot -- functionpoint -- fn = 7, devfn = 160, fn+devfn = 167
[    0.129378] drivers/pci/probe.c 2220 next_fn -- functionpoint
[    0.129379] drivers/pci/probe.c 2281 pci_scan_slot -- functionpoint
[    0.129380] drivers/pci/probe.c 2196 pci_scan_single_device -- functionpoint
[    0.129382] drivers/pci/search.c 206 pci_get_slot -- functionpoint
[    0.129383] drivers/pci/search.c 215 pci_get_slot return value is NULL -- functionpoint
[    0.129385] drivers/pci/probe.c 2035 pci_scan_device -- functionpoint
[    0.129386] drivers/pci/probe.c 2009 pci_bus_read_dev_vendor_id -- functionpoint
[    0.129395] drivers/pci/probe.c 2288 pci_scan_slot -- functionpoint -- fn = 0, devfn = 168, fn+devfn = 168
[    0.129398] drivers/pci/probe.c 2281 pci_scan_slot -- functionpoint
[    0.129398] drivers/pci/probe.c 2196 pci_scan_single_device -- functionpoint
[    0.129400] drivers/pci/search.c 206 pci_get_slot -- functionpoint
[    0.129402] drivers/pci/search.c 215 pci_get_slot return value is NULL -- functionpoint
[    0.129403] drivers/pci/probe.c 2035 pci_scan_device -- functionpoint
[    0.129405] drivers/pci/probe.c 2009 pci_bus_read_dev_vendor_id -- functionpoint
[    0.129418] drivers/pci/probe.c 2048 pci_scan_device -- functionpoint -- dev_vendor: 8086, dev_device: a360
[    0.129421] drivers/pci/probe.c 1453 pci_setup_device -- functionpoint
[    0.129423] drivers/pci/probe.c 1242 set_pcie_port_type -- functionpoint
[    0.129435] pci 0000:00:16.0: [8086:a360] type 00 class 0x078000
[    0.129438] pci 0000:00:16.0: drivers/pci/probe.c 1482 pci_setup_device functionpoint -- [8086:a360] type 00 class 0x078000 multifunction 01
[    0.129453] drivers/pci/probe.c 1513 pci_setup_device  switch case PCI_HEADER_TYPE_NORMAL -- functionpoint
[    0.129471] pci 0000:00:16.0: reg 0x10: [mem 0x4000105000-0x4000105fff 64bit]
[    0.129512] drivers/pci/probe.c 2145 pci_device_add -- functionpoint
[    0.129555] drivers/pci/pci.c 2409 pci_pm_init -- functionpoint
[    0.129563] pci 0000:00:16.0: drivers/pci/pci.c 2450 pci_pm_init --functionpoint-- supports
[    0.129567] pci 0000:00:16.0: PME# supported from D3hot
[    0.129568] pci 0000:00:16.0: drivers/pci/pci.c 2462 pci_pm_init --functionpoint-- PME# supported from D3hot
[    0.129573] pci 0000:00:16.0: drivers/pci/pci.c 1891 pci_pme_active --functionpoint-- PME# disabled
[    0.130620] drivers/pci/probe.c 2288 pci_scan_slot -- functionpoint -- fn = 0, devfn = 176, fn+devfn = 176
[    0.130623] drivers/pci/probe.c 2220 next_fn -- functionpoint
[    0.130623] drivers/pci/probe.c 2196 pci_scan_single_device -- functionpoint
[    0.130625] drivers/pci/search.c 206 pci_get_slot -- functionpoint
[    0.130626] drivers/pci/search.c 215 pci_get_slot return value is NULL -- functionpoint
[    0.130628] drivers/pci/probe.c 2035 pci_scan_device -- functionpoint
[    0.130630] drivers/pci/probe.c 2009 pci_bus_read_dev_vendor_id -- functionpoint
[    0.130641] drivers/pci/probe.c 2298 pci_scan_slot -- functionpoint -- fn = 1, devfn = 176, fn+devfn = 177
[    0.130644] drivers/pci/probe.c 2220 next_fn -- functionpoint
[    0.130645] drivers/pci/probe.c 2196 pci_scan_single_device -- functionpoint
[    0.130646] drivers/pci/search.c 206 pci_get_slot -- functionpoint
[    0.130648] drivers/pci/search.c 215 pci_get_slot return value is NULL -- functionpoint
[    0.130650] drivers/pci/probe.c 2035 pci_scan_device -- functionpoint
[    0.130651] drivers/pci/probe.c 2009 pci_bus_read_dev_vendor_id -- functionpoint
[    0.130666] drivers/pci/probe.c 2298 pci_scan_slot -- functionpoint -- fn = 2, devfn = 176, fn+devfn = 178
[    0.130669] drivers/pci/probe.c 2220 next_fn -- functionpoint
[    0.130670] drivers/pci/probe.c 2196 pci_scan_single_device -- functionpoint
[    0.130671] drivers/pci/search.c 206 pci_get_slot -- functionpoint
[    0.130673] drivers/pci/search.c 215 pci_get_slot return value is NULL -- functionpoint
[    0.130674] drivers/pci/probe.c 2035 pci_scan_device -- functionpoint
[    0.130676] drivers/pci/probe.c 2009 pci_bus_read_dev_vendor_id -- functionpoint
[    0.130684] drivers/pci/probe.c 2048 pci_scan_device -- functionpoint -- dev_vendor: 8086, dev_device: a363
[    0.130688] drivers/pci/probe.c 1453 pci_setup_device -- functionpoint
[    0.130690] drivers/pci/probe.c 1242 set_pcie_port_type -- functionpoint
[    0.130701] pci 0000:00:16.3: [8086:a363] type 00 class 0x070002
[    0.130704] pci 0000:00:16.3: drivers/pci/probe.c 1482 pci_setup_device functionpoint -- [8086:a363] type 00 class 0x070002 multifunction 01
[    0.130718] drivers/pci/probe.c 1513 pci_setup_device  switch case PCI_HEADER_TYPE_NORMAL -- functionpoint
[    0.130729] pci 0000:00:16.3: reg 0x10: [io  0x4088-0x408f]
[    0.130740] pci 0000:00:16.3: reg 0x14: [mem 0xf1237000-0xf1237fff]
[    0.130779] drivers/pci/probe.c 2145 pci_device_add -- functionpoint
[    0.130815] drivers/pci/pci.c 2409 pci_pm_init -- functionpoint
[    0.130825] pci 0000:00:16.3: drivers/pci/pci.c 2450 pci_pm_init --functionpoint-- supports
[    0.131814] drivers/pci/probe.c 2298 pci_scan_slot -- functionpoint -- fn = 3, devfn = 176, fn+devfn = 179
[    0.131816] drivers/pci/probe.c 2220 next_fn -- functionpoint
[    0.131817] drivers/pci/probe.c 2196 pci_scan_single_device -- functionpoint
[    0.131818] drivers/pci/search.c 206 pci_get_slot -- functionpoint
[    0.131820] drivers/pci/search.c 215 pci_get_slot return value is NULL -- functionpoint
[    0.131822] drivers/pci/probe.c 2035 pci_scan_device -- functionpoint
[    0.131823] drivers/pci/probe.c 2009 pci_bus_read_dev_vendor_id -- functionpoint
[    0.131835] drivers/pci/probe.c 2298 pci_scan_slot -- functionpoint -- fn = 4, devfn = 176, fn+devfn = 180
[    0.131838] drivers/pci/probe.c 2220 next_fn -- functionpoint
[    0.131838] drivers/pci/probe.c 2196 pci_scan_single_device -- functionpoint
[    0.131840] drivers/pci/search.c 206 pci_get_slot -- functionpoint
[    0.131842] drivers/pci/search.c 215 pci_get_slot return value is NULL -- functionpoint
[    0.131843] drivers/pci/probe.c 2035 pci_scan_device -- functionpoint
[    0.131845] drivers/pci/probe.c 2009 pci_bus_read_dev_vendor_id -- functionpoint
[    0.131860] drivers/pci/probe.c 2298 pci_scan_slot -- functionpoint -- fn = 5, devfn = 176, fn+devfn = 181
[    0.131863] drivers/pci/probe.c 2220 next_fn -- functionpoint
[    0.131864] drivers/pci/probe.c 2196 pci_scan_single_device -- functionpoint
[    0.131865] drivers/pci/search.c 206 pci_get_slot -- functionpoint
[    0.131867] drivers/pci/search.c 215 pci_get_slot return value is NULL -- functionpoint
[    0.131868] drivers/pci/probe.c 2035 pci_scan_device -- functionpoint
[    0.131870] drivers/pci/probe.c 2009 pci_bus_read_dev_vendor_id -- functionpoint
[    0.131884] drivers/pci/probe.c 2298 pci_scan_slot -- functionpoint -- fn = 6, devfn = 176, fn+devfn = 182
[    0.131887] drivers/pci/probe.c 2220 next_fn -- functionpoint
[    0.131887] drivers/pci/probe.c 2196 pci_scan_single_device -- functionpoint
[    0.131889] drivers/pci/search.c 206 pci_get_slot -- functionpoint
[    0.131890] drivers/pci/search.c 215 pci_get_slot return value is NULL -- functionpoint
[    0.131892] drivers/pci/probe.c 2035 pci_scan_device -- functionpoint
[    0.131894] drivers/pci/probe.c 2009 pci_bus_read_dev_vendor_id -- functionpoint
[    0.131909] drivers/pci/probe.c 2298 pci_scan_slot -- functionpoint -- fn = 7, devfn = 176, fn+devfn = 183
[    0.131912] drivers/pci/probe.c 2220 next_fn -- functionpoint
[    0.131913] drivers/pci/probe.c 2281 pci_scan_slot -- functionpoint
[    0.131914] drivers/pci/probe.c 2196 pci_scan_single_device -- functionpoint
[    0.131916] drivers/pci/search.c 206 pci_get_slot -- functionpoint
[    0.131917] drivers/pci/search.c 215 pci_get_slot return value is NULL -- functionpoint
[    0.131919] drivers/pci/probe.c 2035 pci_scan_device -- functionpoint
[    0.131921] drivers/pci/probe.c 2009 pci_bus_read_dev_vendor_id -- functionpoint
[    0.131927] drivers/pci/probe.c 2048 pci_scan_device -- functionpoint -- dev_vendor: 8086, dev_device: a352
[    0.131930] drivers/pci/probe.c 1453 pci_setup_device -- functionpoint
[    0.131932] drivers/pci/probe.c 1242 set_pcie_port_type -- functionpoint
[    0.131944] pci 0000:00:17.0: [8086:a352] type 00 class 0x010601
[    0.131947] pci 0000:00:17.0: drivers/pci/probe.c 1482 pci_setup_device functionpoint -- [8086:a352] type 00 class 0x010601 multifunction 00
[    0.131963] drivers/pci/probe.c 1513 pci_setup_device  switch case PCI_HEADER_TYPE_NORMAL -- functionpoint
[    0.131977] pci 0000:00:17.0: reg 0x10: [mem 0xf1230000-0xf1231fff]
[    0.131990] pci 0000:00:17.0: reg 0x14: [mem 0xf1236000-0xf12360ff]
[    0.132002] pci 0000:00:17.0: reg 0x18: [io  0x4080-0x4087]
[    0.132012] pci 0000:00:17.0: reg 0x1c: [io  0x4090-0x4093]
[    0.132024] pci 0000:00:17.0: reg 0x20: [io  0x4060-0x407f]
[    0.132035] pci 0000:00:17.0: reg 0x24: [mem 0xf1235000-0xf12357ff]
[    0.132048] drivers/pci/probe.c 2145 pci_device_add -- functionpoint
[    0.132090] drivers/pci/pci.c 2409 pci_pm_init -- functionpoint
[    0.132099] pci 0000:00:17.0: drivers/pci/pci.c 2450 pci_pm_init --functionpoint-- supports
[    0.132103] pci 0000:00:17.0: PME# supported from D3hot
[    0.132104] pci 0000:00:17.0: drivers/pci/pci.c 2462 pci_pm_init --functionpoint-- PME# supported from D3hot
[    0.132110] pci 0000:00:17.0: drivers/pci/pci.c 1891 pci_pme_active --functionpoint-- PME# disabled
[    0.133185] drivers/pci/probe.c 2288 pci_scan_slot -- functionpoint -- fn = 0, devfn = 184, fn+devfn = 184
[    0.133187] drivers/pci/probe.c 2220 next_fn -- functionpoint
[    0.133188] drivers/pci/probe.c 2281 pci_scan_slot -- functionpoint
[    0.133189] drivers/pci/probe.c 2196 pci_scan_single_device -- functionpoint
[    0.133191] drivers/pci/search.c 206 pci_get_slot -- functionpoint
[    0.133193] drivers/pci/search.c 215 pci_get_slot return value is NULL -- functionpoint
[    0.133194] drivers/pci/probe.c 2035 pci_scan_device -- functionpoint
[    0.133196] drivers/pci/probe.c 2009 pci_bus_read_dev_vendor_id -- functionpoint
[    0.133207] drivers/pci/probe.c 2288 pci_scan_slot -- functionpoint -- fn = 0, devfn = 192, fn+devfn = 192
[    0.133211] drivers/pci/probe.c 2281 pci_scan_slot -- functionpoint
[    0.133211] drivers/pci/probe.c 2196 pci_scan_single_device -- functionpoint
[    0.133213] drivers/pci/search.c 206 pci_get_slot -- functionpoint
[    0.133214] drivers/pci/search.c 215 pci_get_slot return value is NULL -- functionpoint
[    0.133216] drivers/pci/probe.c 2035 pci_scan_device -- functionpoint
[    0.133217] drivers/pci/probe.c 2009 pci_bus_read_dev_vendor_id -- functionpoint
[    0.133233] drivers/pci/probe.c 2288 pci_scan_slot -- functionpoint -- fn = 0, devfn = 200, fn+devfn = 200
[    0.133236] drivers/pci/probe.c 2281 pci_scan_slot -- functionpoint
[    0.133236] drivers/pci/probe.c 2196 pci_scan_single_device -- functionpoint
[    0.133238] drivers/pci/search.c 206 pci_get_slot -- functionpoint
[    0.133239] drivers/pci/search.c 215 pci_get_slot return value is NULL -- functionpoint
[    0.133241] drivers/pci/probe.c 2035 pci_scan_device -- functionpoint
[    0.133243] drivers/pci/probe.c 2009 pci_bus_read_dev_vendor_id -- functionpoint
[    0.133258] drivers/pci/probe.c 2288 pci_scan_slot -- functionpoint -- fn = 0, devfn = 208, fn+devfn = 208
[    0.133261] drivers/pci/probe.c 2281 pci_scan_slot -- functionpoint
[    0.133261] drivers/pci/probe.c 2196 pci_scan_single_device -- functionpoint
[    0.133263] drivers/pci/search.c 206 pci_get_slot -- functionpoint
[    0.133264] drivers/pci/search.c 215 pci_get_slot return value is NULL -- functionpoint
[    0.133266] drivers/pci/probe.c 2035 pci_scan_device -- functionpoint
[    0.133268] drivers/pci/probe.c 2009 pci_bus_read_dev_vendor_id -- functionpoint
[    0.133274] drivers/pci/probe.c 2048 pci_scan_device -- functionpoint -- dev_vendor: 8086, dev_device: a32c
[    0.133278] drivers/pci/probe.c 1453 pci_setup_device -- functionpoint
[    0.133280] drivers/pci/probe.c 1242 set_pcie_port_type -- functionpoint
[    0.133288] drivers/pci/probe.c 1262 set_pcie_port_type --functionpoint-- root_port or pcie_bridge
[    0.133294] pci 0000:00:1b.0: [8086:a32c] type 01 class 0x060400
[    0.133297] pci 0000:00:1b.0: drivers/pci/probe.c 1482 pci_setup_device functionpoint -- [8086:a32c] type 01 class 0x060400 multifunction 01
[    0.133316] drivers/pci/probe.c 1566 pci_setup_device switch case PCI_HEADER_TYPE_BRIDGE -- functionpoint
[    0.133361] drivers/pci/probe.c 2145 pci_device_add -- functionpoint
[    0.133433] drivers/pci/pci.c 2409 pci_pm_init -- functionpoint
[    0.133446] pci 0000:00:1b.0: drivers/pci/pci.c 2450 pci_pm_init --functionpoint-- supports
[    0.133450] pci 0000:00:1b.0: PME# supported from D0 D3hot D3cold
[    0.133451] pci 0000:00:1b.0: drivers/pci/pci.c 2462 pci_pm_init --functionpoint-- PME# supported from D0 D3hot D3cold
[    0.133463] pci 0000:00:1b.0: drivers/pci/pci.c 1891 pci_pme_active --functionpoint-- PME# disabled
[    0.133497] pci 0000:00:1b.0: PTM enabled (root), 4dns granularity
[    0.134566] drivers/pci/probe.c 2288 pci_scan_slot -- functionpoint -- fn = 0, devfn = 216, fn+devfn = 216
[    0.134568] drivers/pci/probe.c 2220 next_fn -- functionpoint
[    0.134568] drivers/pci/probe.c 2196 pci_scan_single_device -- functionpoint
[    0.134570] drivers/pci/search.c 206 pci_get_slot -- functionpoint
[    0.134572] drivers/pci/search.c 215 pci_get_slot return value is NULL -- functionpoint
[    0.134573] drivers/pci/probe.c 2035 pci_scan_device -- functionpoint
[    0.134575] drivers/pci/probe.c 2009 pci_bus_read_dev_vendor_id -- functionpoint
[    0.134586] drivers/pci/probe.c 2298 pci_scan_slot -- functionpoint -- fn = 1, devfn = 216, fn+devfn = 217
[    0.134590] drivers/pci/probe.c 2220 next_fn -- functionpoint
[    0.134590] drivers/pci/probe.c 2196 pci_scan_single_device -- functionpoint
[    0.134592] drivers/pci/search.c 206 pci_get_slot -- functionpoint
[    0.134593] drivers/pci/search.c 215 pci_get_slot return value is NULL -- functionpoint
[    0.134595] drivers/pci/probe.c 2035 pci_scan_device -- functionpoint
[    0.134597] drivers/pci/probe.c 2009 pci_bus_read_dev_vendor_id -- functionpoint
[    0.134612] drivers/pci/probe.c 2298 pci_scan_slot -- functionpoint -- fn = 2, devfn = 216, fn+devfn = 218
[    0.134615] drivers/pci/probe.c 2220 next_fn -- functionpoint
[    0.134615] drivers/pci/probe.c 2196 pci_scan_single_device -- functionpoint
[    0.134617] drivers/pci/search.c 206 pci_get_slot -- functionpoint
[    0.134618] drivers/pci/search.c 215 pci_get_slot return value is NULL -- functionpoint
[    0.134620] drivers/pci/probe.c 2035 pci_scan_device -- functionpoint
[    0.134622] drivers/pci/probe.c 2009 pci_bus_read_dev_vendor_id -- functionpoint
[    0.134637] drivers/pci/probe.c 2298 pci_scan_slot -- functionpoint -- fn = 3, devfn = 216, fn+devfn = 219
[    0.134640] drivers/pci/probe.c 2220 next_fn -- functionpoint
[    0.134640] drivers/pci/probe.c 2196 pci_scan_single_device -- functionpoint
[    0.134642] drivers/pci/search.c 206 pci_get_slot -- functionpoint
[    0.134643] drivers/pci/search.c 215 pci_get_slot return value is NULL -- functionpoint
[    0.134645] drivers/pci/probe.c 2035 pci_scan_device -- functionpoint
[    0.134647] drivers/pci/probe.c 2009 pci_bus_read_dev_vendor_id -- functionpoint
[    0.134662] drivers/pci/probe.c 2298 pci_scan_slot -- functionpoint -- fn = 4, devfn = 216, fn+devfn = 220
[    0.134665] drivers/pci/probe.c 2220 next_fn -- functionpoint
[    0.134665] drivers/pci/probe.c 2196 pci_scan_single_device -- functionpoint
[    0.134667] drivers/pci/search.c 206 pci_get_slot -- functionpoint
[    0.134668] drivers/pci/search.c 215 pci_get_slot return value is NULL -- functionpoint
[    0.134670] drivers/pci/probe.c 2035 pci_scan_device -- functionpoint
[    0.134672] drivers/pci/probe.c 2009 pci_bus_read_dev_vendor_id -- functionpoint
[    0.134686] drivers/pci/probe.c 2298 pci_scan_slot -- functionpoint -- fn = 5, devfn = 216, fn+devfn = 221
[    0.134689] drivers/pci/probe.c 2220 next_fn -- functionpoint
[    0.134689] drivers/pci/probe.c 2196 pci_scan_single_device -- functionpoint
[    0.134691] drivers/pci/search.c 206 pci_get_slot -- functionpoint
[    0.134692] drivers/pci/search.c 215 pci_get_slot return value is NULL -- functionpoint
[    0.134694] drivers/pci/probe.c 2035 pci_scan_device -- functionpoint
[    0.134696] drivers/pci/probe.c 2009 pci_bus_read_dev_vendor_id -- functionpoint
[    0.134712] drivers/pci/probe.c 2298 pci_scan_slot -- functionpoint -- fn = 6, devfn = 216, fn+devfn = 222
[    0.134715] drivers/pci/probe.c 2220 next_fn -- functionpoint
[    0.134715] drivers/pci/probe.c 2196 pci_scan_single_device -- functionpoint
[    0.134717] drivers/pci/search.c 206 pci_get_slot -- functionpoint
[    0.134718] drivers/pci/search.c 215 pci_get_slot return value is NULL -- functionpoint
[    0.134720] drivers/pci/probe.c 2035 pci_scan_device -- functionpoint
[    0.134722] drivers/pci/probe.c 2009 pci_bus_read_dev_vendor_id -- functionpoint
[    0.134737] drivers/pci/probe.c 2298 pci_scan_slot -- functionpoint -- fn = 7, devfn = 216, fn+devfn = 223
[    0.134740] drivers/pci/probe.c 2220 next_fn -- functionpoint
[    0.134740] drivers/pci/probe.c 2281 pci_scan_slot -- functionpoint
[    0.134742] drivers/pci/probe.c 2196 pci_scan_single_device -- functionpoint
[    0.134743] drivers/pci/search.c 206 pci_get_slot -- functionpoint
[    0.134745] drivers/pci/search.c 215 pci_get_slot return value is NULL -- functionpoint
[    0.134747] drivers/pci/probe.c 2035 pci_scan_device -- functionpoint
[    0.134748] drivers/pci/probe.c 2009 pci_bus_read_dev_vendor_id -- functionpoint
[    0.134756] drivers/pci/probe.c 2048 pci_scan_device -- functionpoint -- dev_vendor: 8086, dev_device: a33e
[    0.134760] drivers/pci/probe.c 1453 pci_setup_device -- functionpoint
[    0.134761] drivers/pci/probe.c 1242 set_pcie_port_type -- functionpoint
[    0.134770] drivers/pci/probe.c 1262 set_pcie_port_type --functionpoint-- root_port or pcie_bridge
[    0.134775] pci 0000:00:1c.0: [8086:a33e] type 01 class 0x060400
[    0.134778] pci 0000:00:1c.0: drivers/pci/probe.c 1482 pci_setup_device functionpoint -- [8086:a33e] type 01 class 0x060400 multifunction 01
[    0.134799] drivers/pci/probe.c 1566 pci_setup_device switch case PCI_HEADER_TYPE_BRIDGE -- functionpoint
[    0.134844] drivers/pci/probe.c 2145 pci_device_add -- functionpoint
[    0.134916] drivers/pci/pci.c 2409 pci_pm_init -- functionpoint
[    0.134928] pci 0000:00:1c.0: drivers/pci/pci.c 2450 pci_pm_init --functionpoint-- supports
[    0.134932] pci 0000:00:1c.0: PME# supported from D0 D3hot D3cold
[    0.134933] pci 0000:00:1c.0: drivers/pci/pci.c 2462 pci_pm_init --functionpoint-- PME# supported from D0 D3hot D3cold
[    0.134945] pci 0000:00:1c.0: drivers/pci/pci.c 1891 pci_pme_active --functionpoint-- PME# disabled
[    0.134978] pci 0000:00:1c.0: PTM enabled (root), 4dns granularity
[    0.136046] drivers/pci/probe.c 2288 pci_scan_slot -- functionpoint -- fn = 0, devfn = 224, fn+devfn = 224
[    0.136049] drivers/pci/probe.c 2220 next_fn -- functionpoint
[    0.136049] drivers/pci/probe.c 2196 pci_scan_single_device -- functionpoint
[    0.136051] drivers/pci/search.c 206 pci_get_slot -- functionpoint
[    0.136052] drivers/pci/search.c 215 pci_get_slot return value is NULL -- functionpoint
[    0.136054] drivers/pci/probe.c 2035 pci_scan_device -- functionpoint
[    0.136056] drivers/pci/probe.c 2009 pci_bus_read_dev_vendor_id -- functionpoint
[    0.136067] drivers/pci/probe.c 2298 pci_scan_slot -- functionpoint -- fn = 1, devfn = 224, fn+devfn = 225
[    0.136070] drivers/pci/probe.c 2220 next_fn -- functionpoint
[    0.136070] drivers/pci/probe.c 2196 pci_scan_single_device -- functionpoint
[    0.136072] drivers/pci/search.c 206 pci_get_slot -- functionpoint
[    0.136074] drivers/pci/search.c 215 pci_get_slot return value is NULL -- functionpoint
[    0.136075] drivers/pci/probe.c 2035 pci_scan_device -- functionpoint
[    0.136077] drivers/pci/probe.c 2009 pci_bus_read_dev_vendor_id -- functionpoint
[    0.136092] drivers/pci/probe.c 2298 pci_scan_slot -- functionpoint -- fn = 2, devfn = 224, fn+devfn = 226
[    0.136095] drivers/pci/probe.c 2220 next_fn -- functionpoint
[    0.136095] drivers/pci/probe.c 2196 pci_scan_single_device -- functionpoint
[    0.136097] drivers/pci/search.c 206 pci_get_slot -- functionpoint
[    0.136098] drivers/pci/search.c 215 pci_get_slot return value is NULL -- functionpoint
[    0.136100] drivers/pci/probe.c 2035 pci_scan_device -- functionpoint
[    0.136102] drivers/pci/probe.c 2009 pci_bus_read_dev_vendor_id -- functionpoint
[    0.136117] drivers/pci/probe.c 2298 pci_scan_slot -- functionpoint -- fn = 3, devfn = 224, fn+devfn = 227
[    0.136120] drivers/pci/probe.c 2220 next_fn -- functionpoint
[    0.136120] drivers/pci/probe.c 2196 pci_scan_single_device -- functionpoint
[    0.136122] drivers/pci/search.c 206 pci_get_slot -- functionpoint
[    0.136123] drivers/pci/search.c 215 pci_get_slot return value is NULL -- functionpoint
[    0.136125] drivers/pci/probe.c 2035 pci_scan_device -- functionpoint
[    0.136127] drivers/pci/probe.c 2009 pci_bus_read_dev_vendor_id -- functionpoint
[    0.136142] drivers/pci/probe.c 2298 pci_scan_slot -- functionpoint -- fn = 4, devfn = 224, fn+devfn = 228
[    0.136145] drivers/pci/probe.c 2220 next_fn -- functionpoint
[    0.136145] drivers/pci/probe.c 2196 pci_scan_single_device -- functionpoint
[    0.136147] drivers/pci/search.c 206 pci_get_slot -- functionpoint
[    0.136148] drivers/pci/search.c 215 pci_get_slot return value is NULL -- functionpoint
[    0.136150] drivers/pci/probe.c 2035 pci_scan_device -- functionpoint
[    0.136152] drivers/pci/probe.c 2009 pci_bus_read_dev_vendor_id -- functionpoint
[    0.136167] drivers/pci/probe.c 2298 pci_scan_slot -- functionpoint -- fn = 5, devfn = 224, fn+devfn = 229
[    0.136170] drivers/pci/probe.c 2220 next_fn -- functionpoint
[    0.136170] drivers/pci/probe.c 2196 pci_scan_single_device -- functionpoint
[    0.136172] drivers/pci/search.c 206 pci_get_slot -- functionpoint
[    0.136173] drivers/pci/search.c 215 pci_get_slot return value is NULL -- functionpoint
[    0.136175] drivers/pci/probe.c 2035 pci_scan_device -- functionpoint
[    0.136177] drivers/pci/probe.c 2009 pci_bus_read_dev_vendor_id -- functionpoint
[    0.136192] drivers/pci/probe.c 2298 pci_scan_slot -- functionpoint -- fn = 6, devfn = 224, fn+devfn = 230
[    0.136195] drivers/pci/probe.c 2220 next_fn -- functionpoint
[    0.136195] drivers/pci/probe.c 2196 pci_scan_single_device -- functionpoint
[    0.136197] drivers/pci/search.c 206 pci_get_slot -- functionpoint
[    0.136198] drivers/pci/search.c 215 pci_get_slot return value is NULL -- functionpoint
[    0.136200] drivers/pci/probe.c 2035 pci_scan_device -- functionpoint
[    0.136202] drivers/pci/probe.c 2009 pci_bus_read_dev_vendor_id -- functionpoint
[    0.136217] drivers/pci/probe.c 2298 pci_scan_slot -- functionpoint -- fn = 7, devfn = 224, fn+devfn = 231
[    0.136220] drivers/pci/probe.c 2220 next_fn -- functionpoint
[    0.136220] drivers/pci/probe.c 2281 pci_scan_slot -- functionpoint
[    0.136222] drivers/pci/probe.c 2196 pci_scan_single_device -- functionpoint
[    0.136223] drivers/pci/search.c 206 pci_get_slot -- functionpoint
[    0.136225] drivers/pci/search.c 215 pci_get_slot return value is NULL -- functionpoint
[    0.136226] drivers/pci/probe.c 2035 pci_scan_device -- functionpoint
[    0.136228] drivers/pci/probe.c 2009 pci_bus_read_dev_vendor_id -- functionpoint
[    0.136240] drivers/pci/probe.c 2288 pci_scan_slot -- functionpoint -- fn = 0, devfn = 232, fn+devfn = 232
[    0.136244] drivers/pci/probe.c 2281 pci_scan_slot -- functionpoint
[    0.136244] drivers/pci/probe.c 2196 pci_scan_single_device -- functionpoint
[    0.136245] drivers/pci/search.c 206 pci_get_slot -- functionpoint
[    0.136247] drivers/pci/search.c 215 pci_get_slot return value is NULL -- functionpoint
[    0.136249] drivers/pci/probe.c 2035 pci_scan_device -- functionpoint
[    0.136250] drivers/pci/probe.c 2009 pci_bus_read_dev_vendor_id -- functionpoint
[    0.136259] drivers/pci/probe.c 2288 pci_scan_slot -- functionpoint -- fn = 0, devfn = 240, fn+devfn = 240
[    0.136262] drivers/pci/probe.c 2281 pci_scan_slot -- functionpoint
[    0.136262] drivers/pci/probe.c 2196 pci_scan_single_device -- functionpoint
[    0.136264] drivers/pci/search.c 206 pci_get_slot -- functionpoint
[    0.136266] drivers/pci/search.c 215 pci_get_slot return value is NULL -- functionpoint
[    0.136267] drivers/pci/probe.c 2035 pci_scan_device -- functionpoint
[    0.136269] drivers/pci/probe.c 2009 pci_bus_read_dev_vendor_id -- functionpoint
[    0.136286] drivers/pci/probe.c 2048 pci_scan_device -- functionpoint -- dev_vendor: 8086, dev_device: a306
[    0.136289] drivers/pci/probe.c 1453 pci_setup_device -- functionpoint
[    0.136291] drivers/pci/probe.c 1242 set_pcie_port_type -- functionpoint
[    0.136298] pci 0000:00:1f.0: [8086:a306] type 00 class 0x060100
[    0.136301] pci 0000:00:1f.0: drivers/pci/probe.c 1482 pci_setup_device functionpoint -- [8086:a306] type 00 class 0x060100 multifunction 01
[    0.136310] drivers/pci/probe.c 1513 pci_setup_device  switch case PCI_HEADER_TYPE_NORMAL -- functionpoint
[    0.136387] drivers/pci/probe.c 2145 pci_device_add -- functionpoint
[    0.136401] drivers/pci/pci.c 2409 pci_pm_init -- functionpoint
[    0.137417] drivers/pci/probe.c 2288 pci_scan_slot -- functionpoint -- fn = 0, devfn = 248, fn+devfn = 248
[    0.137420] drivers/pci/probe.c 2220 next_fn -- functionpoint
[    0.137421] drivers/pci/probe.c 2196 pci_scan_single_device -- functionpoint
[    0.137422] drivers/pci/search.c 206 pci_get_slot -- functionpoint
[    0.137424] drivers/pci/search.c 215 pci_get_slot return value is NULL -- functionpoint
[    0.137426] drivers/pci/probe.c 2035 pci_scan_device -- functionpoint
[    0.137428] drivers/pci/probe.c 2009 pci_bus_read_dev_vendor_id -- functionpoint
[    0.137439] drivers/pci/probe.c 2298 pci_scan_slot -- functionpoint -- fn = 1, devfn = 248, fn+devfn = 249
[    0.137442] drivers/pci/probe.c 2220 next_fn -- functionpoint
[    0.137443] drivers/pci/probe.c 2196 pci_scan_single_device -- functionpoint
[    0.137444] drivers/pci/search.c 206 pci_get_slot -- functionpoint
[    0.137446] drivers/pci/search.c 215 pci_get_slot return value is NULL -- functionpoint
[    0.137447] drivers/pci/probe.c 2035 pci_scan_device -- functionpoint
[    0.137449] drivers/pci/probe.c 2009 pci_bus_read_dev_vendor_id -- functionpoint
[    0.137465] drivers/pci/probe.c 2298 pci_scan_slot -- functionpoint -- fn = 2, devfn = 248, fn+devfn = 250
[    0.137468] drivers/pci/probe.c 2220 next_fn -- functionpoint
[    0.137468] drivers/pci/probe.c 2196 pci_scan_single_device -- functionpoint
[    0.137470] drivers/pci/search.c 206 pci_get_slot -- functionpoint
[    0.137471] drivers/pci/search.c 215 pci_get_slot return value is NULL -- functionpoint
[    0.137473] drivers/pci/probe.c 2035 pci_scan_device -- functionpoint
[    0.137475] drivers/pci/probe.c 2009 pci_bus_read_dev_vendor_id -- functionpoint
[    0.137484] drivers/pci/probe.c 2048 pci_scan_device -- functionpoint -- dev_vendor: 8086, dev_device: a348
[    0.137487] drivers/pci/probe.c 1453 pci_setup_device -- functionpoint
[    0.137490] drivers/pci/probe.c 1242 set_pcie_port_type -- functionpoint
[    0.137513] pci 0000:00:1f.3: [8086:a348] type 00 class 0x040300
[    0.137516] pci 0000:00:1f.3: drivers/pci/probe.c 1482 pci_setup_device functionpoint -- [8086:a348] type 00 class 0x040300 multifunction 00
[    0.137547] drivers/pci/probe.c 1513 pci_setup_device  switch case PCI_HEADER_TYPE_NORMAL -- functionpoint
[    0.137588] pci 0000:00:1f.3: reg 0x10: [mem 0x4000100000-0x4000103fff 64bit]
[    0.137654] pci 0000:00:1f.3: reg 0x20: [mem 0x4000000000-0x40000fffff 64bit]
[    0.137677] drivers/pci/probe.c 2145 pci_device_add -- functionpoint
[    0.137777] drivers/pci/pci.c 2409 pci_pm_init -- functionpoint
[    0.137793] pci 0000:00:1f.3: drivers/pci/pci.c 2450 pci_pm_init --functionpoint-- supports
[    0.137796] pci 0000:00:1f.3: PME# supported from D3hot D3cold
[    0.137798] pci 0000:00:1f.3: drivers/pci/pci.c 2462 pci_pm_init --functionpoint-- PME# supported from D3hot D3cold
[    0.137803] pci 0000:00:1f.3: drivers/pci/pci.c 1891 pci_pme_active --functionpoint-- PME# disabled
[    0.138922] drivers/pci/probe.c 2298 pci_scan_slot -- functionpoint -- fn = 3, devfn = 248, fn+devfn = 251
[    0.138925] drivers/pci/probe.c 2220 next_fn -- functionpoint
[    0.138925] drivers/pci/probe.c 2196 pci_scan_single_device -- functionpoint
[    0.138927] drivers/pci/search.c 206 pci_get_slot -- functionpoint
[    0.138928] drivers/pci/search.c 215 pci_get_slot return value is NULL -- functionpoint
[    0.138930] drivers/pci/probe.c 2035 pci_scan_device -- functionpoint
[    0.138932] drivers/pci/probe.c 2009 pci_bus_read_dev_vendor_id -- functionpoint
[    0.138944] drivers/pci/probe.c 2048 pci_scan_device -- functionpoint -- dev_vendor: 8086, dev_device: a323
[    0.138947] drivers/pci/probe.c 1453 pci_setup_device -- functionpoint
[    0.138955] drivers/pci/probe.c 1242 set_pcie_port_type -- functionpoint
[    0.138977] pci 0000:00:1f.4: [8086:a323] type 00 class 0x0c0500
[    0.138980] pci 0000:00:1f.4: drivers/pci/probe.c 1482 pci_setup_device functionpoint -- [8086:a323] type 00 class 0x0c0500 multifunction 00
[    0.139005] drivers/pci/probe.c 1513 pci_setup_device  switch case PCI_HEADER_TYPE_NORMAL -- functionpoint
[    0.139043] pci 0000:00:1f.4: reg 0x10: [mem 0x4000104000-0x40001040ff 64bit]
[    0.139104] pci 0000:00:1f.4: reg 0x20: [io  0xefa0-0xefbf]
[    0.139153] drivers/pci/probe.c 2145 pci_device_add -- functionpoint
[    0.139180] drivers/pci/pci.c 2409 pci_pm_init -- functionpoint
[    0.140209] drivers/pci/probe.c 2298 pci_scan_slot -- functionpoint -- fn = 4, devfn = 248, fn+devfn = 252
[    0.140212] drivers/pci/probe.c 2220 next_fn -- functionpoint
[    0.140213] drivers/pci/probe.c 2196 pci_scan_single_device -- functionpoint
[    0.140214] drivers/pci/search.c 206 pci_get_slot -- functionpoint
[    0.140216] drivers/pci/search.c 215 pci_get_slot return value is NULL -- functionpoint
[    0.140218] drivers/pci/probe.c 2035 pci_scan_device -- functionpoint
[    0.140219] drivers/pci/probe.c 2009 pci_bus_read_dev_vendor_id -- functionpoint
[    0.140230] drivers/pci/probe.c 2048 pci_scan_device -- functionpoint -- dev_vendor: 8086, dev_device: a324
[    0.140234] drivers/pci/probe.c 1453 pci_setup_device -- functionpoint
[    0.140235] drivers/pci/probe.c 1242 set_pcie_port_type -- functionpoint
[    0.140242] pci 0000:00:1f.5: [8086:a324] type 00 class 0x0c8000
[    0.140245] pci 0000:00:1f.5: drivers/pci/probe.c 1482 pci_setup_device functionpoint -- [8086:a324] type 00 class 0x0c8000 multifunction 00
[    0.140254] drivers/pci/probe.c 1513 pci_setup_device  switch case PCI_HEADER_TYPE_NORMAL -- functionpoint
[    0.140267] pci 0000:00:1f.5: reg 0x10: [mem 0xfe010000-0xfe010fff]
[    0.140334] drivers/pci/probe.c 2145 pci_device_add -- functionpoint
[    0.140346] drivers/pci/pci.c 2409 pci_pm_init -- functionpoint
[    0.141328] drivers/pci/probe.c 2298 pci_scan_slot -- functionpoint -- fn = 5, devfn = 248, fn+devfn = 253
[    0.141331] drivers/pci/probe.c 2220 next_fn -- functionpoint
[    0.141331] drivers/pci/probe.c 2196 pci_scan_single_device -- functionpoint
[    0.141333] drivers/pci/search.c 206 pci_get_slot -- functionpoint
[    0.141335] drivers/pci/search.c 215 pci_get_slot return value is NULL -- functionpoint
[    0.141336] drivers/pci/probe.c 2035 pci_scan_device -- functionpoint
[    0.141338] drivers/pci/probe.c 2009 pci_bus_read_dev_vendor_id -- functionpoint
[    0.141345] drivers/pci/probe.c 2048 pci_scan_device -- functionpoint -- dev_vendor: 8086, dev_device: 15bb
[    0.141349] drivers/pci/probe.c 1453 pci_setup_device -- functionpoint
[    0.141352] drivers/pci/probe.c 1242 set_pcie_port_type -- functionpoint
[    0.141371] pci 0000:00:1f.6: [8086:15bb] type 00 class 0x020000
[    0.141374] pci 0000:00:1f.6: drivers/pci/probe.c 1482 pci_setup_device functionpoint -- [8086:15bb] type 00 class 0x020000 multifunction 00
[    0.141389] drivers/pci/search.c 206 pci_get_slot -- functionpoint
[    0.141402] drivers/pci/probe.c 1513 pci_setup_device  switch case PCI_HEADER_TYPE_NORMAL -- functionpoint
[    0.141434] pci 0000:00:1f.6: reg 0x10: [mem 0xf1200000-0xf121ffff]
[    0.141582] drivers/pci/probe.c 2145 pci_device_add -- functionpoint
[    0.141660] drivers/pci/pci.c 2409 pci_pm_init -- functionpoint
[    0.141675] pci 0000:00:1f.6: drivers/pci/pci.c 2450 pci_pm_init --functionpoint-- supports
[    0.141679] pci 0000:00:1f.6: PME# supported from D0 D3hot D3cold
[    0.141680] pci 0000:00:1f.6: drivers/pci/pci.c 2462 pci_pm_init --functionpoint-- PME# supported from D0 D3hot D3cold
[    0.141699] pci 0000:00:1f.6: drivers/pci/pci.c 1891 pci_pme_active --functionpoint-- PME# disabled
[    0.142696] drivers/pci/probe.c 2298 pci_scan_slot -- functionpoint -- fn = 6, devfn = 248, fn+devfn = 254
[    0.142698] drivers/pci/probe.c 2220 next_fn -- functionpoint
[    0.142699] drivers/pci/probe.c 2196 pci_scan_single_device -- functionpoint
[    0.142700] drivers/pci/search.c 206 pci_get_slot -- functionpoint
[    0.142702] drivers/pci/search.c 215 pci_get_slot return value is NULL -- functionpoint
[    0.142704] drivers/pci/probe.c 2035 pci_scan_device -- functionpoint
[    0.142705] drivers/pci/probe.c 2009 pci_bus_read_dev_vendor_id -- functionpoint
[    0.142717] drivers/pci/probe.c 2298 pci_scan_slot -- functionpoint -- fn = 7, devfn = 248, fn+devfn = 255
[    0.142720] drivers/pci/probe.c 2220 next_fn -- functionpoint
[    0.142721] drivers/pci/probe.c 463 pci_read_bridge_bases -- functionpoint
[    0.142723] drivers/pci/probe.c 1002 pci_scan_bridge_extend -- functionpoint
[    0.142727] pci 0000:00:1b.0: drivers/pci/probe.c 1016 pci_scan_bridge_extend -- functionpoint -- scanning [bus 01-01] behind bridge, pass 0
[    0.142735] drivers/pci/search.c 144 pci_find_bus -- functionpoint
[    0.142735] drivers/pci/search.c 145 pci_find_bus functionpoint -- domain_num = 0, bus_num = 1
[    0.142738] drivers/pci/search.c 176 pci_find_next_bus -- functionpoint
[    0.142739] drivers/pci/search.c 176 pci_find_next_bus -- functionpoint
[    0.142740] drivers/pci/search.c 157 pci_find_bus not found bus -- functionpoint
[    0.142799] drivers/pci/probe.c 2009 pci_bus_read_dev_vendor_id -- functionpoint
[    0.142815] drivers/pci/probe.c 2497 pci_scan_child_bus_extend -- functionpoint
[    0.142817] pci_bus 0000:01: drivers/pci/probe.c 2501 pci_scan_child_bus_extend-- functionpoint -- scanning bus
[    0.142821] drivers/pci/probe.c 2281 pci_scan_slot -- functionpoint
[    0.142821] drivers/pci/probe.c 2196 pci_scan_single_device -- functionpoint
[    0.142823] drivers/pci/search.c 206 pci_get_slot -- functionpoint
[    0.142824] drivers/pci/search.c 215 pci_get_slot return value is NULL -- functionpoint
[    0.142826] drivers/pci/probe.c 2035 pci_scan_device -- functionpoint
[    0.142828] drivers/pci/probe.c 2009 pci_bus_read_dev_vendor_id -- functionpoint
[    0.142835] drivers/pci/probe.c 2048 pci_scan_device -- functionpoint -- dev_vendor: 1c5c, dev_device: 1339
[    0.142839] drivers/pci/probe.c 1453 pci_setup_device -- functionpoint
[    0.142841] drivers/pci/probe.c 1242 set_pcie_port_type -- functionpoint
[    0.142857] pci 0000:01:00.0: [1c5c:1339] type 00 class 0x010802
[    0.142860] pci 0000:01:00.0: drivers/pci/probe.c 1482 pci_setup_device functionpoint -- [1c5c:1339] type 00 class 0x010802 multifunction 00
[    0.142886] drivers/pci/probe.c 1513 pci_setup_device  switch case PCI_HEADER_TYPE_NORMAL -- functionpoint
[    0.142906] pci 0000:01:00.0: reg 0x10: [mem 0xf1100000-0xf1103fff 64bit]
[    0.142962] drivers/pci/probe.c 2145 pci_device_add -- functionpoint
[    0.143053] drivers/pci/pci.c 2409 pci_pm_init -- functionpoint
[    0.143061] pci 0000:01:00.0: supports D1
[    0.143063] pci 0000:01:00.0: drivers/pci/pci.c 2450 pci_pm_init --functionpoint-- supports D1
[    0.143066] pci 0000:01:00.0: PME# supported from D0 D1 D3hot
[    0.143067] pci 0000:01:00.0: drivers/pci/pci.c 2462 pci_pm_init --functionpoint-- PME# supported from D0 D1 D3hot
[    0.143079] pci 0000:01:00.0: drivers/pci/pci.c 1891 pci_pme_active --functionpoint-- PME# disabled
[    0.143171] drivers/pci/probe.c 2288 pci_scan_slot -- functionpoint -- fn = 0, devfn = 0, fn+devfn = 0
[    0.143173] drivers/pci/probe.c 2220 next_fn -- functionpoint
[    0.152072] drivers/pci/probe.c 2281 pci_scan_slot -- functionpoint
[    0.152073] drivers/pci/probe.c 2281 pci_scan_slot -- functionpoint
[    0.152075] drivers/pci/probe.c 2281 pci_scan_slot -- functionpoint
[    0.152076] drivers/pci/probe.c 2281 pci_scan_slot -- functionpoint
[    0.152078] drivers/pci/probe.c 2281 pci_scan_slot -- functionpoint
[    0.152079] drivers/pci/probe.c 2281 pci_scan_slot -- functionpoint
[    0.152081] drivers/pci/probe.c 2281 pci_scan_slot -- functionpoint
[    0.152082] drivers/pci/probe.c 2281 pci_scan_slot -- functionpoint
[    0.152084] drivers/pci/probe.c 2281 pci_scan_slot -- functionpoint
[    0.152085] drivers/pci/probe.c 2281 pci_scan_slot -- functionpoint
[    0.152087] drivers/pci/probe.c 2281 pci_scan_slot -- functionpoint
[    0.152088] drivers/pci/probe.c 2281 pci_scan_slot -- functionpoint
[    0.152090] drivers/pci/probe.c 2281 pci_scan_slot -- functionpoint
[    0.152091] drivers/pci/probe.c 2281 pci_scan_slot -- functionpoint
[    0.152093] drivers/pci/probe.c 2281 pci_scan_slot -- functionpoint
[    0.152094] drivers/pci/probe.c 2281 pci_scan_slot -- functionpoint
[    0.152095] drivers/pci/probe.c 2281 pci_scan_slot -- functionpoint
[    0.152097] drivers/pci/probe.c 2281 pci_scan_slot -- functionpoint
[    0.152098] drivers/pci/probe.c 2281 pci_scan_slot -- functionpoint
[    0.152100] drivers/pci/probe.c 2281 pci_scan_slot -- functionpoint
[    0.152101] drivers/pci/probe.c 2281 pci_scan_slot -- functionpoint
[    0.152103] drivers/pci/probe.c 2281 pci_scan_slot -- functionpoint
[    0.152104] drivers/pci/probe.c 2281 pci_scan_slot -- functionpoint
[    0.152106] drivers/pci/probe.c 2281 pci_scan_slot -- functionpoint
[    0.152107] drivers/pci/probe.c 2281 pci_scan_slot -- functionpoint
[    0.152109] drivers/pci/probe.c 2281 pci_scan_slot -- functionpoint
[    0.152110] drivers/pci/probe.c 2281 pci_scan_slot -- functionpoint
[    0.152112] drivers/pci/probe.c 2281 pci_scan_slot -- functionpoint
[    0.152113] drivers/pci/probe.c 2281 pci_scan_slot -- functionpoint
[    0.152115] drivers/pci/probe.c 2281 pci_scan_slot -- functionpoint
[    0.152116] drivers/pci/probe.c 2281 pci_scan_slot -- functionpoint
[    0.152118] drivers/pci/probe.c 463 pci_read_bridge_bases -- functionpoint
[    0.152120] pci 0000:00:1b.0: PCI bridge to [bus 01]
[    0.152133] pci 0000:00:1b.0:   bridge window [mem 0xf1100000-0xf11fffff]
[    0.152140] pci_bus 0000:01: drivers/pci/probe.c 2599 pci_scan_child_bus_extend -- functionpoint -- bus scan returning with max=01
[    0.152144] drivers/pci/probe.c 1002 pci_scan_bridge_extend -- functionpoint
[    0.152147] pci 0000:00:1c.0: drivers/pci/probe.c 1016 pci_scan_bridge_extend -- functionpoint -- scanning [bus 02-03] behind bridge, pass 0
[    0.152154] drivers/pci/search.c 144 pci_find_bus -- functionpoint
[    0.152155] drivers/pci/search.c 145 pci_find_bus functionpoint -- domain_num = 0, bus_num = 2
[    0.152158] drivers/pci/search.c 176 pci_find_next_bus -- functionpoint
