[    0.000000] microcode: microcode updated early to revision 0xde, date = 2020-05-24
[    0.000000] Linux version 4.15.9+ (root@Yee-680G4) (gcc version 5.5.0 20171010 (Ubuntu 5.5.0-12ubuntu1~16.04)) #52 SMP Fri Dec 25 16:30:02 CST 2020
[    0.000000] Command line: BOOT_IMAGE=/boot/vmlinuz-4.15.9+ root=UUID=da0e40f1-3840-43a9-b61a-7b465a7673d3 ro quiet splash vt.handoff=7
[    0.000000] KERNEL supported cpus:
[    0.000000]   Intel GenuineIntel
[    0.000000]   AMD AuthenticAMD
[    0.000000]   Centaur CentaurHauls
[    0.000000] x86/fpu: Supporting XSAVE feature 0x001: 'x87 floating point registers'
[    0.000000] x86/fpu: Supporting XSAVE feature 0x002: 'SSE registers'
[    0.000000] x86/fpu: Supporting XSAVE feature 0x004: 'AVX registers'
[    0.000000] x86/fpu: Supporting XSAVE feature 0x008: 'MPX bounds registers'
[    0.000000] x86/fpu: Supporting XSAVE feature 0x010: 'MPX CSR'
[    0.000000] x86/fpu: xstate_offset[2]:  576, xstate_sizes[2]:  256
[    0.000000] x86/fpu: xstate_offset[3]:  832, xstate_sizes[3]:   64
[    0.000000] x86/fpu: xstate_offset[4]:  896, xstate_sizes[4]:   64
[    0.000000] x86/fpu: Enabled xstate features 0x1f, context size is 960 bytes, using 'compacted' format.
[    0.000000] e820: BIOS-provided physical RAM map:
[    0.000000] BIOS-e820: [mem 0x0000000000000000-0x000000000009efff] usable
[    0.000000] BIOS-e820: [mem 0x000000000009f000-0x00000000000fffff] reserved
[    0.000000] BIOS-e820: [mem 0x0000000000100000-0x00000000be6aafff] usable
[    0.000000] BIOS-e820: [mem 0x00000000be6ab000-0x00000000bf98efff] reserved
[    0.000000] BIOS-e820: [mem 0x00000000bf98f000-0x00000000bfb8efff] ACPI NVS
[    0.000000] BIOS-e820: [mem 0x00000000bfb8f000-0x00000000bfc0efff] ACPI data
[    0.000000] BIOS-e820: [mem 0x00000000bfc0f000-0x00000000bfc0ffff] usable
[    0.000000] BIOS-e820: [mem 0x00000000bfc10000-0x00000000d47fffff] reserved
[    0.000000] BIOS-e820: [mem 0x00000000fe010000-0x00000000fe010fff] reserved
[    0.000000] BIOS-e820: [mem 0x00000000ff000000-0x00000000ffffffff] reserved
[    0.000000] BIOS-e820: [mem 0x0000000100000000-0x00000004277fffff] usable
[    0.000000] NX (Execute Disable) protection: active
[    0.000000] efi: EFI v2.60 by HP
[    0.000000] efi:  ACPI=0xbfc0e000  ACPI 2.0=0xbfc0e014  SMBIOS=0xbee75000  ESRT=0xbee76018  MEMATTR=0xaf750018 
[    0.000000] random: fast init done
[    0.000000] SMBIOS 3.1 present.
[    0.000000] DMI: HP HP ProDesk 680 G4 MT/8580, BIOS R04 Ver. 02.11.01 04/27/2020
[    0.000000] e820: update [mem 0x00000000-0x00000fff] usable ==> reserved
[    0.000000] e820: remove [mem 0x000a0000-0x000fffff] usable
[    0.000000] e820: last_pfn = 0x427800 max_arch_pfn = 0x400000000
[    0.000000] MTRR default type: write-back
[    0.000000] MTRR fixed ranges enabled:
[    0.000000]   00000-9FFFF write-back
[    0.000000]   A0000-BFFFF uncachable
[    0.000000]   C0000-FFFFF write-protect
[    0.000000] MTRR variable ranges enabled:
[    0.000000]   0 base 00E0000000 mask 7FE0000000 uncachable
[    0.000000]   1 base 00D0000000 mask 7FF0000000 uncachable
[    0.000000]   2 base 00C8000000 mask 7FF8000000 uncachable
[    0.000000]   3 base 00C4000000 mask 7FFC000000 uncachable
[    0.000000]   4 base 2000000000 mask 6000000000 uncachable
[    0.000000]   5 base 1000000000 mask 7000000000 uncachable
[    0.000000]   6 base 0800000000 mask 7800000000 uncachable
[    0.000000]   7 base 4000000000 mask 4000000000 uncachable
[    0.000000]   8 disabled
[    0.000000]   9 disabled
[    0.000000] x86/PAT: Configuration [0-7]: WB  WC  UC- UC  WB  WP  UC- WT  
[    0.000000] e820: last_pfn = 0xbfc10 max_arch_pfn = 0x400000000
[    0.000000] esrt: Reserving ESRT space from 0x00000000bee76018 to 0x00000000bee76050.
[    0.000000] Scanning 1 areas for low memory corruption
[    0.000000] Base memory trampoline at [        (ptrval)] 99000 size 24576
[    0.000000] Using GB pages for direct mapping
[    0.000000] BRK [0x1a5ffa000, 0x1a5ffafff] PGTABLE
[    0.000000] BRK [0x1a5ffb000, 0x1a5ffbfff] PGTABLE
[    0.000000] BRK [0x1a5ffc000, 0x1a5ffcfff] PGTABLE
[    0.000000] BRK [0x1a5ffd000, 0x1a5ffdfff] PGTABLE
[    0.000000] BRK [0x1a5ffe000, 0x1a5ffefff] PGTABLE
[    0.000000] BRK [0x1a5fff000, 0x1a5ffffff] PGTABLE
[    0.000000] BRK [0x1a6000000, 0x1a6000fff] PGTABLE
[    0.000000] BRK [0x1a6001000, 0x1a6001fff] PGTABLE
[    0.000000] Secure boot could not be determined
[    0.000000] RAMDISK: [mem 0x232b9000-0x3e1b0fff]
[    0.000000] ACPI: Early table checksum verification disabled
[    0.000000] ACPI: RSDP 0x00000000BFC0E014 000024 (v02 HPQOEM)
[    0.000000] ACPI: XSDT 0x00000000BFBC7188 0000DC (v01 HPQOEM SLIC-BPC 00000000 INTL 20160422)
[    0.000000] ACPI: FACP 0x00000000BFC08000 000114 (v06 HPQOEM SLIC-BPC 00000000 HP   00000001)
[    0.000000] ACPI: DSDT 0x00000000BFBE5000 01E092 (v02 HPQOEM 8580     00000000 INTL 20160527)
[    0.000000] ACPI: FACS 0x00000000BFB3F000 000040
[    0.000000] ACPI: SSDT 0x00000000BFC0C000 00012A (v02 HP     ShmTable 00000001 INTL 20160527)
[    0.000000] ACPI: SSDT 0x00000000BFC0A000 001B5F (v02 CpuRef CpuSsdt  00003000 INTL 20160527)
[    0.000000] ACPI: SSDT 0x00000000BFC09000 0009CF (v02 CtdpB  CtdpB    00001000 INTL 20160527)
[    0.000000] ACPI: HPET 0x00000000BFC07000 000038 (v01 HPQOEM 8580     00000001 HP   00000001)
[    0.000000] ACPI: APIC 0x00000000BFC06000 00012C (v03 HPQOEM 8580     00000001 HP   00000001)
[    0.000000] ACPI: MCFG 0x00000000BFC05000 00003C (v01 HPQOEM 8580     00000001 HP   00000001)
[    0.000000] ACPI: WSMT 0x00000000BFC04000 000028 (v01 HPQOEM 8580     00000001 HP   00000001)
[    0.000000] ACPI: SSDT 0x00000000BFBE4000 000734 (v01 HPQOEM PtidDevc 00001000 INTL 20160527)
[    0.000000] ACPI: SSDT 0x00000000BFBE3000 000B27 (v02 HPQOEM HP_XHC_P 00000000 INTL 20160527)
[    0.000000] ACPI: SSDT 0x00000000BFBDF000 0030ED (v02 SaSsdt SaSsdt   00003000 INTL 20160527)
[    0.000000] ACPI: LPIT 0x00000000BFBDE000 000094 (v01 INTEL  CFL      20170001 INTL 20160422)
[    0.000000] ACPI: WSMT 0x00000000BFBDD000 000028 (v01 INTEL  CFL      20170001 INTL 20160422)
[    0.000000] ACPI: SSDT 0x00000000BFBDC000 00044C (v02 INTEL  Wwan     00000001 INTL 20160527)
[    0.000000] ACPI: UEFI 0x00000000BFB39000 000042 (v01 INTEL  CFL      20170001 INTL 20160422)
[    0.000000] ACPI: OEML 0x00000000BFBDB000 000028 (v03 INTEL  CFL      20170001 INTL 20160422)
[    0.000000] ACPI: DMAR 0x00000000BFBDA000 0000C8 (v01 INTEL  CFL      00000002      01000013)
[    0.000000] ACPI: SSDT 0x00000000BFBCB000 00E899 (v01 HP     HPINDTWL 00001000 INTL 20160527)
[    0.000000] ACPI: SSDT 0x00000000BFBCA000 000032 (v01 HP     HPCONDEV 00001000 INTL 20160527)
[    0.000000] ACPI: SSDT 0x00000000BFBC9000 000069 (v01 HP     HPCAHWID 00001000 INTL 20160527)
[    0.000000] ACPI: ASF! 0x00000000BFBC8000 0000A0 (v32 HPQOEM  UYA     20170001 INTL 20160422)
[    0.000000] ACPI: FPDT 0x00000000BFC0D000 000044 (v01 INTEL  CFL      20170001 INTL 20160422)
[    0.000000] ACPI: BGRT 0x00000000BFBC6000 000038 (v01 INTEL  CFL      20170001 INTL 20160422)
[    0.000000] ACPI: Local APIC address 0xfee00000
[    0.000000] No NUMA configuration found
[    0.000000] Faking a node at [mem 0x0000000000000000-0x00000004277fffff]
[    0.000000] NODE_DATA(0) allocated [mem 0x4277d5000-0x4277fffff]
[    0.000000] Zone ranges:
[    0.000000]   DMA      [mem 0x0000000000001000-0x0000000000ffffff]
[    0.000000]   DMA32    [mem 0x0000000001000000-0x00000000ffffffff]
[    0.000000]   Normal   [mem 0x0000000100000000-0x00000004277fffff]
[    0.000000]   Device   empty
[    0.000000] Movable zone start for each node
[    0.000000] Early memory node ranges
[    0.000000]   node   0: [mem 0x0000000000001000-0x000000000009efff]
[    0.000000]   node   0: [mem 0x0000000000100000-0x00000000be6aafff]
[    0.000000]   node   0: [mem 0x00000000bfc0f000-0x00000000bfc0ffff]
[    0.000000]   node   0: [mem 0x0000000100000000-0x00000004277fffff]
[    0.000000] Initmem setup node 0 [mem 0x0000000000001000-0x00000004277fffff]
[    0.000000] On node 0 totalpages: 4087370
[    0.000000]   DMA zone: 64 pages used for memmap
[    0.000000]   DMA zone: 21 pages reserved
[    0.000000]   DMA zone: 3998 pages, LIFO batch:0
[    0.000000]   DMA32 zone: 12123 pages used for memmap
[    0.000000]   DMA32 zone: 775852 pages, LIFO batch:31
[    0.000000]   Normal zone: 51680 pages used for memmap
[    0.000000]   Normal zone: 3307520 pages, LIFO batch:31
[    0.000000] Reserved but unavailable: 99 pages
[    0.000000] tboot: non-0 tboot_addr but it is not of type E820_TYPE_RESERVED
[    0.000000] ACPI: PM-Timer IO Port: 0x1808
[    0.000000] ACPI: Local APIC address 0xfee00000
[    0.000000] ACPI: LAPIC_NMI (acpi_id[0x01] high edge lint[0x1])
[    0.000000] ACPI: LAPIC_NMI (acpi_id[0x02] high edge lint[0x1])
[    0.000000] ACPI: LAPIC_NMI (acpi_id[0x03] high edge lint[0x1])
[    0.000000] ACPI: LAPIC_NMI (acpi_id[0x04] high edge lint[0x1])
[    0.000000] ACPI: LAPIC_NMI (acpi_id[0x05] high edge lint[0x1])
[    0.000000] ACPI: LAPIC_NMI (acpi_id[0x06] high edge lint[0x1])
[    0.000000] ACPI: LAPIC_NMI (acpi_id[0x07] high edge lint[0x1])
[    0.000000] ACPI: LAPIC_NMI (acpi_id[0x08] high edge lint[0x1])
[    0.000000] ACPI: LAPIC_NMI (acpi_id[0x09] high edge lint[0x1])
[    0.000000] ACPI: LAPIC_NMI (acpi_id[0x0a] high edge lint[0x1])
[    0.000000] ACPI: LAPIC_NMI (acpi_id[0x0b] high edge lint[0x1])
[    0.000000] ACPI: LAPIC_NMI (acpi_id[0x0c] high edge lint[0x1])
[    0.000000] ACPI: LAPIC_NMI (acpi_id[0x0d] high edge lint[0x1])
[    0.000000] ACPI: LAPIC_NMI (acpi_id[0x0e] high edge lint[0x1])
[    0.000000] ACPI: LAPIC_NMI (acpi_id[0x0f] high edge lint[0x1])
[    0.000000] ACPI: LAPIC_NMI (acpi_id[0x10] high edge lint[0x1])
[    0.000000] IOAPIC[0]: apic_id 2, version 32, address 0xfec00000, GSI 0-119
[    0.000000] ACPI: INT_SRC_OVR (bus 0 bus_irq 0 global_irq 2 dfl dfl)
[    0.000000] ACPI: INT_SRC_OVR (bus 0 bus_irq 9 global_irq 9 high level)
[    0.000000] ACPI: IRQ0 used by override.
[    0.000000] ACPI: IRQ9 used by override.
[    0.000000] Using ACPI (MADT) for SMP configuration information
[    0.000000] ACPI: HPET id: 0x8086a201 base: 0xfed00000
[    0.000000] smpboot: Allowing 8 CPUs, 0 hotplug CPUs
[    0.000000] PM: Registered nosave memory: [mem 0x00000000-0x00000fff]
[    0.000000] PM: Registered nosave memory: [mem 0x0009f000-0x000fffff]
[    0.000000] PM: Registered nosave memory: [mem 0xbe6ab000-0xbf98efff]
[    0.000000] PM: Registered nosave memory: [mem 0xbf98f000-0xbfb8efff]
[    0.000000] PM: Registered nosave memory: [mem 0xbfb8f000-0xbfc0efff]
[    0.000000] PM: Registered nosave memory: [mem 0xbfc10000-0xd47fffff]
[    0.000000] PM: Registered nosave memory: [mem 0xd4800000-0xfe00ffff]
[    0.000000] PM: Registered nosave memory: [mem 0xfe010000-0xfe010fff]
[    0.000000] PM: Registered nosave memory: [mem 0xfe011000-0xfeffffff]
[    0.000000] PM: Registered nosave memory: [mem 0xff000000-0xffffffff]
[    0.000000] e820: [mem 0xd4800000-0xfe00ffff] available for PCI devices
[    0.000000] Booting paravirtualized kernel on bare hardware
[    0.000000] clocksource: refined-jiffies: mask: 0xffffffff max_cycles: 0xffffffff, max_idle_ns: 7645519600211568 ns
[    0.000000] setup_percpu: NR_CPUS:8192 nr_cpumask_bits:8 nr_cpu_ids:8 nr_node_ids:1
[    0.000000] percpu: Embedded 46 pages/cpu @        (ptrval) s151552 r8192 d28672 u262144
[    0.000000] pcpu-alloc: s151552 r8192 d28672 u262144 alloc=1*2097152
[    0.000000] pcpu-alloc: [0] 0 1 2 3 4 5 6 7 
[    0.000000] Built 1 zonelists, mobility grouping on.  Total pages: 4023482
[    0.000000] Policy zone: Normal
[    0.000000] Kernel command line: BOOT_IMAGE=/boot/vmlinuz-4.15.9+ root=UUID=da0e40f1-3840-43a9-b61a-7b465a7673d3 ro quiet splash vt.handoff=7
[    0.000000] Calgary: detecting Calgary via BIOS EBDA area
[    0.000000] Calgary: Unable to locate Rio Grande table in EBDA - bailing!
[    0.000000] Memory: 15490708K/16349480K available (12300K kernel code, 2470K rwdata, 4200K rodata, 2388K init, 3184K bss, 858772K reserved, 0K cma-reserved)
[    0.000000] SLUB: HWalign=64, Order=0-3, MinObjects=0, CPUs=8, Nodes=1
[    0.000000] ftrace: allocating 38976 entries in 153 pages
[    0.000000] Hierarchical RCU implementation.
[    0.000000] 	RCU restricting CPUs from NR_CPUS=8192 to nr_cpu_ids=8.
[    0.000000] 	Tasks RCU enabled.
[    0.000000] RCU: Adjusting geometry for rcu_fanout_leaf=16, nr_cpu_ids=8
[    0.000000] kernel/irq/irqdesc.c 486 early_irq_init -- functionpoint
[    0.000000] NR_IRQS: 524544, nr_irqs: 2048, preallocated irqs: 16
[    0.000000] kernel/irq/irqdesc.c 493 early_irq_init -- functionpoint -- NR_IRQS: 524544, nr_irqs: 2048, preallocated irqs: 16
[    0.000000] arch/x86/kernel/apic/vector.c 690 arch_early_irq_init -- functionpoint
[    0.000000] drivers/pci/msi.c 1437 pci_msi_create_irq_domain -- functionpoint
[    0.000000] kernel/irq/msi.c 272 msi_create_irq_domain -- functionpoint
[    0.000000] arch/x86/kernel/apic/msi.c 148 arch_init_msi_domain -- functionpoint -- successed to init irqdomain for MSI/MSI-X.
[    0.000000] Console: colour dummy device 80x25
[    0.000000] console [tty0] enabled
[    0.000000] drivers/acpi/bus.c 1019 acpi_early_init -- functionpoint
[    0.000000] ACPI: Core revision 20170831
[    0.000000] ACPI Error: [\_SB_.PCI0.XHC_.RHUB.HS11] Namespace lookup failure, AE_NOT_FOUND (20170831/dswload-210)
[    0.000000] ACPI Exception: AE_NOT_FOUND, During name lookup/catalog (20170831/psobject-252)
[    0.000000] ACPI Exception: AE_NOT_FOUND, (SSDT:HP_XHC_P) while loading table (20170831/tbxfload-228)
[    0.000000] ACPI Error: 1 table load failures, 10 successful (20170831/tbxfload-246)
[    0.000000] clocksource: hpet: mask: 0xffffffff max_cycles: 0xffffffff, max_idle_ns: 79635855245 ns
[    0.000000] hpet clockevent registered
[    0.004000] APIC: Switch to symmetric I/O mode setup
[    0.004000] DMAR: Host address width 39
[    0.004000] DMAR: DRHD base: 0x000000fed90000 flags: 0x0
[    0.004000] DMAR: dmar0: reg_base_addr fed90000 ver 1:0 cap 1c0000c40660462 ecap 19e2ff0505e
[    0.004000] DMAR: DRHD base: 0x000000fed91000 flags: 0x1
[    0.004000] DMAR: dmar1: reg_base_addr fed91000 ver 1:0 cap d2008c40660462 ecap f050da
[    0.004000] DMAR: RMRR base: 0x000000bf81d000 end: 0x000000bf83cfff
[    0.004000] DMAR: RMRR base: 0x000000c4000000 end: 0x000000d47fffff
[    0.004000] DMAR: RMRR base: 0x000000bf86e000 end: 0x000000bf8edfff
[    0.004000] DMAR-IR: IOAPIC id 2 under DRHD base  0xfed91000 IOMMU 1
[    0.004000] DMAR-IR: HPET id 0 under DRHD base 0xfed91000
[    0.004000] DMAR-IR: Queued invalidation will be enabled to support x2apic and Intr-remapping.
[    0.004000] drivers/pci/msi.c 1437 pci_msi_create_irq_domain -- functionpoint
[    0.004000] kernel/irq/msi.c 272 msi_create_irq_domain -- functionpoint
[    0.004000] drivers/pci/msi.c 1437 pci_msi_create_irq_domain -- functionpoint
[    0.004000] kernel/irq/msi.c 272 msi_create_irq_domain -- functionpoint
[    0.004000] DMAR-IR: Enabled IRQ remapping in x2apic mode
[    0.004000] x2apic enabled
[    0.004000] Switched APIC routing to cluster x2apic.
[    0.016000] kernel/irq/msi.c 272 msi_create_irq_domain -- functionpoint
[    0.016000] kernel/irq/manage.c 1748 request_threaded_irq -- functionpoint
[    0.016000] kernel/irq/manage.c 1748 request_threaded_irq -- functionpoint
[    0.016000] ..TIMER: vector=0x30 apic1=0 pin1=2 apic2=-1 pin2=-1
[    0.036000] tsc: Detected 3000.000 MHz processor
[    0.036000] Calibrating delay loop (skipped), value calculated using timer frequency.. 6000.00 BogoMIPS (lpj=12000000)
[    0.036000] pid_max: default: 32768 minimum: 301
[    0.036000] Security Framework initialized
[    0.036000] Yama: becoming mindful.
[    0.036000] AppArmor: AppArmor initialized
[    0.036000] Dentry cache hash table entries: 2097152 (order: 12, 16777216 bytes)
[    0.036000] Inode-cache hash table entries: 1048576 (order: 11, 8388608 bytes)
[    0.036000] Mount-cache hash table entries: 32768 (order: 6, 262144 bytes)
[    0.036000] Mountpoint-cache hash table entries: 32768 (order: 6, 262144 bytes)
[    0.036000] CPU: Physical Processor ID: 0
[    0.036000] CPU: Processor Core ID: 0
[    0.036000] ENERGY_PERF_BIAS: Set to 'normal', was 'performance'
[    0.036000] ENERGY_PERF_BIAS: View and update with x86_energy_perf_policy(8)
[    0.036000] mce: CPU supports 14 MCE banks
[    0.036000] CPU0: Thermal monitoring enabled (TM1)
[    0.036000] process: using mwait in idle threads
[    0.036000] Last level iTLB entries: 4KB 128, 2MB 8, 4MB 8
[    0.036000] Last level dTLB entries: 4KB 64, 2MB 0, 4MB 0, 1GB 4
[    0.036000] Spectre V2 : Mitigation: Full generic retpoline
[    0.036000] Spectre V2 : Spectre v2 mitigation: Filling RSB on context switch
[    0.036000] Spectre V2 : Spectre v2 mitigation: Enabling Indirect Branch Prediction Barrier
[    0.036000] Freeing SMP alternatives memory: 36K
[    0.042160] TSC deadline timer enabled
[    0.042171] smpboot: CPU0: Intel(R) Core(TM) i7-9700 CPU @ 3.00GHz (family: 0x6, model: 0x9e, stepping: 0xd)
[    0.042223] Performance Events: PEBS fmt3+, Skylake events, 32-deep LBR, full-width counters, Intel PMU driver.
[    0.042251] ... version:                4
[    0.042252] ... bit width:              48
[    0.042252] ... generic registers:      8
[    0.042253] ... value mask:             0000ffffffffffff
[    0.042253] ... max period:             00007fffffffffff
[    0.042253] ... fixed-purpose events:   3
[    0.042254] ... event mask:             00000007000000ff
[    0.042284] Hierarchical SRCU implementation.
[    0.043226] NMI watchdog: Enabled. Permanently consumes one hw-PMU counter.
[    0.043236] smp: Bringing up secondary CPUs ...
[    0.043297] x86: Booting SMP configuration:
[    0.043297] .... node  #0, CPUs:      #1 #2 #3 #4 #5 #6 #7
[    0.053452] smp: Brought up 1 node, 8 CPUs
[    0.053452] smpboot: Max logical packages: 1
[    0.053452] smpboot: Total of 8 processors activated (48000.00 BogoMIPS)
[    0.056281] devtmpfs: initialized
[    0.056281] x86/mm: Memory block size: 128MB
[    0.057024] evm: security.selinux
[    0.057024] evm: security.SMACK64
[    0.057025] evm: security.SMACK64EXEC
[    0.057025] evm: security.SMACK64TRANSMUTE
[    0.057025] evm: security.SMACK64MMAP
[    0.057026] evm: security.apparmor
[    0.057026] evm: security.ima
[    0.057027] evm: security.capability
[    0.057040] PM: Registering ACPI NVS region [mem 0xbf98f000-0xbfb8efff] (2097152 bytes)
[    0.057040] clocksource: jiffies: mask: 0xffffffff max_cycles: 0xffffffff, max_idle_ns: 7645041785100000 ns
[    0.057040] futex hash table entries: 2048 (order: 5, 131072 bytes)
[    0.057040] pinctrl core: initialized pinctrl subsystem
[    0.057040] drivers/base/bus.c 153 driver_register -- functionpoint
[    0.057040] drivers/base/bus.c 642 bus_add_driver -- functionpoint
[    0.057040] drivers/base/bus.c 649 bus_add_driver -- functionpoint -- bus: 'platform': add driver reg-dummy
[    0.057040] drivers/base/dd.c 369 really_probe -- functionpoint
[    0.057040] drivers/base/dd.c 392 really_probe -- functionpoint -- bus: 'platform': really_probe: probing driver reg-dummy with device reg-dummy
[    0.057040] drivers/base/dd.c 435 really_probe -- if drv->probe use drv->probe(dev) -- functionpoint
[    0.057040] RTC time:  8:51:29, date: 12/25/20
[    0.057040] NET: Registered protocol family 16
[    0.057040] audit: initializing netlink subsys (disabled)
[    0.057040] audit: type=2000 audit(1608886289.056:1): state=initialized audit_enabled=0 res=1
[    0.057040] drivers/base/bus.c 153 driver_register -- functionpoint
[    0.057040] drivers/base/bus.c 642 bus_add_driver -- functionpoint
[    0.057040] drivers/base/bus.c 649 bus_add_driver -- functionpoint -- bus: 'platform': add driver sram
[    0.057040] drivers/base/bus.c 153 driver_register -- functionpoint
[    0.057040] drivers/base/bus.c 642 bus_add_driver -- functionpoint
[    0.057040] drivers/base/bus.c 649 bus_add_driver -- functionpoint -- bus: 'platform': add driver syscon
[    0.057040] drivers/base/bus.c 153 driver_register -- functionpoint
[    0.057040] drivers/base/bus.c 642 bus_add_driver -- functionpoint
[    0.057040] drivers/base/bus.c 649 bus_add_driver -- functionpoint -- bus: 'i2c': add driver dummy
[    0.057040] cpuidle: using governor ladder
[    0.057040] cpuidle: using governor menu
[    0.057040] ACPI FADT declares the system doesn't support PCIe ASPM, so disable it
[    0.057040] ACPI: bus type PCI registered
[    0.057040] acpiphp: ACPI Hot Plug PCI Controller Driver version: 0.5
[    0.057040] arch/x86/pci/init.c 11 start pci_arch_init -- functionpoint
[    0.057040] PCI: MMCONFIG for domain 0000 [bus 00-3f] at [mem 0xf8000000-0xfbffffff] (base 0xf8000000)
[    0.057040] PCI: not using MMCONFIG
[    0.057040] PCI: Using configuration type 1 for base access
[    0.057040] arch/x86/pci/init.c 44 end pci_arch_init -- functionpoint
[    0.057124] HugeTLB registered 1.00 GiB page size, pre-allocated 0 pages
[    0.057124] HugeTLB registered 2.00 MiB page size, pre-allocated 0 pages
[    0.057126] drivers/base/bus.c 153 driver_register -- functionpoint
[    0.057126] drivers/base/bus.c 642 bus_add_driver -- functionpoint
[    0.057126] drivers/base/bus.c 649 bus_add_driver -- functionpoint -- bus: 'i2c': add driver sx150x-pinctrl
[    0.057126] drivers/base/bus.c 153 driver_register -- functionpoint
[    0.057126] drivers/base/bus.c 642 bus_add_driver -- functionpoint
[    0.057126] drivers/base/bus.c 649 bus_add_driver -- functionpoint -- bus: 'platform': add driver byt_gpio
[    0.057126] drivers/base/bus.c 153 driver_register -- functionpoint
[    0.057126] drivers/base/bus.c 642 bus_add_driver -- functionpoint
[    0.057126] drivers/base/bus.c 649 bus_add_driver -- functionpoint -- bus: 'platform': add driver cherryview-pinctrl
[    0.057126] drivers/base/bus.c 153 driver_register -- functionpoint
[    0.057126] drivers/base/bus.c 642 bus_add_driver -- functionpoint
[    0.057126] drivers/base/bus.c 649 bus_add_driver -- functionpoint -- bus: 'platform': add driver lp_gpio
[    0.057126] drivers/base/bus.c 153 driver_register -- functionpoint
[    0.057126] drivers/base/bus.c 642 bus_add_driver -- functionpoint
[    0.057126] drivers/base/bus.c 649 bus_add_driver -- functionpoint -- bus: 'platform': add driver rc5t583-gpio
[    0.057126] drivers/base/bus.c 153 driver_register -- functionpoint
[    0.057126] drivers/base/bus.c 642 bus_add_driver -- functionpoint
[    0.057126] drivers/base/bus.c 649 bus_add_driver -- functionpoint -- bus: 'platform': add driver palmas-gpio
[    0.057126] drivers/base/bus.c 153 driver_register -- functionpoint
[    0.057126] drivers/base/bus.c 642 bus_add_driver -- functionpoint
[    0.057126] drivers/base/bus.c 649 bus_add_driver -- functionpoint -- bus: 'platform': add driver tps6586x-gpio
[    0.057126] drivers/base/bus.c 153 driver_register -- functionpoint
[    0.057126] drivers/base/bus.c 642 bus_add_driver -- functionpoint
[    0.060002] drivers/base/bus.c 649 bus_add_driver -- functionpoint -- bus: 'platform': add driver tps65910-gpio
[    0.060023] drivers/acpi/bus.c 1231 start acpi_init -- functionpoint
[    0.060039] ACPI: Added _OSI(Module Device)
[    0.060041] ACPI: Added _OSI(Processor Device)
[    0.060042] ACPI: Added _OSI(3.0 _SCP Extensions)
[    0.060042] ACPI: Added _OSI(Processor Aggregator Device)
[    0.060242] arch/x86/kernel/acpi/boot.c 717 acpi_register_gsi -- functionpoint
[    0.060243] arch/x86/kernel/acpi/boot.c 670 acpi_register_gsi_ioapic --functionpoint
[    0.060246] kernel/irq/manage.c 1748 request_threaded_irq -- functionpoint
[    0.061836] ACPI: Executed 30 blocks of module-level executable AML code
[    0.072038] ACPI: [Firmware Bug]: BIOS _OSI(Linux) query ignored
[    0.080145] ACPI: Dynamic OEM Table Load:
[    0.080156] ACPI: SSDT 0xFFFF9C9194FB2100 0000F4 (v02 PmRef  Cpu0Psd  00003000 INTL 20160527)
[    0.080381] ACPI: Executed 1 blocks of module-level executable AML code
[    0.080500] ACPI: \_SB_.PR00: _OSC native thermal LVT Acked
[    0.081450] ACPI: Dynamic OEM Table Load:
[    0.081456] ACPI: SSDT 0xFFFF9C9194FBA800 000400 (v02 PmRef  Cpu0Cst  00003001 INTL 20160527)
[    0.081672] ACPI: Executed 1 blocks of module-level executable AML code
[    0.081900] ACPI: Dynamic OEM Table Load:
[    0.081906] ACPI: SSDT 0xFFFF9C9194EF1800 000605 (v02 PmRef  Cpu0Ist  00003000 INTL 20160527)
[    0.082105] ACPI: Executed 1 blocks of module-level executable AML code
[    0.082294] ACPI: Dynamic OEM Table Load:
[    0.082298] ACPI: SSDT 0xFFFF9C9194F36E00 000149 (v02 PmRef  Cpu0Hwp  00003000 INTL 20160527)
[    0.082487] ACPI: Executed 2 blocks of module-level executable AML code
[    0.082654] ACPI: Dynamic OEM Table Load:
[    0.082659] ACPI: SSDT 0xFFFF9C9194EF4000 000724 (v02 PmRef  HwpLvt   00003000 INTL 20160527)
[    0.082836] ACPI: Executed 1 blocks of module-level executable AML code
[    0.083323] ACPI: Dynamic OEM Table Load:
[    0.083328] ACPI: SSDT 0xFFFF9C9194EF0000 0005FC (v02 PmRef  ApIst    00003000 INTL 20160527)
[    0.083721] ACPI: Executed 1 blocks of module-level executable AML code
[    0.083912] ACPI: Dynamic OEM Table Load:
[    0.083917] ACPI: SSDT 0xFFFF9C9194FBB000 000317 (v02 PmRef  ApHwp    00003000 INTL 20160527)
[    0.084187] ACPI: Executed 1 blocks of module-level executable AML code
[    0.084499] ACPI: Dynamic OEM Table Load:
[    0.084504] ACPI: SSDT 0xFFFF9C9197146000 000AB0 (v02 PmRef  ApPsd    00003000 INTL 20160527)
[    0.085345] ACPI: Executed 1 blocks of module-level executable AML code
[    0.085539] ACPI: Dynamic OEM Table Load:
[    0.085543] ACPI: SSDT 0xFFFF9C9194FBD800 00030A (v02 PmRef  ApCst    00003000 INTL 20160527)
[    0.085815] ACPI: Executed 1 blocks of module-level executable AML code
[    0.088708] ACPI: EC: EC started
[    0.088709] ACPI: EC: interrupt blocked
[    0.088725] ACPI: \_SB_.PCI0.LPCB.EC0_: Used as first EC
[    0.088727] ACPI: \_SB_.PCI0.LPCB.EC0_: GPE=0x6e, EC_CMD/EC_SC=0x66, EC_DATA=0x62
[    0.088728] ACPI: \_SB_.PCI0.LPCB.EC0_: Used as boot DSDT EC to handle transactions
[    0.088728] ACPI: Interpreter enabled
[    0.088776] ACPI: (supports S0 S3 S4 S5)
[    0.088777] ACPI: Using IOAPIC for interrupt routing
[    0.088816] PCI: MMCONFIG for domain 0000 [bus 00-3f] at [mem 0xf8000000-0xfbffffff] (base 0xf8000000)
[    0.091416] PCI: MMCONFIG at [mem 0xf8000000-0xfbffffff] reserved in ACPI motherboard resources
[    0.091422] drivers/acpi/pci_root.c 920 acpi_pci_root_init --functionpoint
[    0.091422] drivers/acpi/apei/hest.c 228 acpi_hest_init -- functionpoint
[    0.091427] PCI: Using host bridge windows from ACPI; if necessary, use "pci=nocrs" and report a bug
[    0.091429] drivers/acpi/scan.c 106 acpi_scan_add_handler_with_hotplug -- functionpoint
[    0.091431] drivers/acpi/pci_link.c 936 acpi_pci_link_init -- functionpoint
[    0.091816] drivers/acpi/scan.c 106 acpi_scan_add_handler_with_hotplug -- functionpoint
[    0.091820] drivers/base/bus.c 153 driver_register -- functionpoint
[    0.091822] drivers/base/bus.c 642 bus_add_driver -- functionpoint
[    0.091824] drivers/base/bus.c 649 bus_add_driver -- functionpoint -- bus: 'platform': add driver clk-lpt
[    0.091831] drivers/acpi/scan.c 106 acpi_scan_add_handler_with_hotplug -- functionpoint
[    0.091882] ACPI: Enabled 4 GPEs in block 00 to 7F
[    0.091886] drivers/acpi/scan.c 2010 acpi_bus_scan -- functionpoint
[    0.098700] ACPI: Power Resource [USBC] (on)
[    0.099517] ACPI: Power Resource [WRST] (on)
[    0.099921] ACPI: Power Resource [WRST] (on)
[    0.100320] ACPI: Power Resource [WRST] (on)
[    0.100720] ACPI: Power Resource [WRST] (on)
[    0.101125] ACPI: Power Resource [WRST] (on)
[    0.101519] ACPI: Power Resource [WRST] (on)
[    0.101916] ACPI: Power Resource [WRST] (on)
[    0.102317] ACPI: Power Resource [WRST] (on)
[    0.102715] ACPI: Power Resource [WRST] (on)
[    0.103110] ACPI: Power Resource [WRST] (on)
[    0.103507] ACPI: Power Resource [WRST] (on)
[    0.103905] ACPI: Power Resource [WRST] (on)
[    0.104302] ACPI: Power Resource [WRST] (on)
[    0.104699] ACPI: Power Resource [WRST] (on)
[    0.105104] ACPI: Power Resource [WRST] (on)
[    0.105498] ACPI: Power Resource [WRST] (on)
[    0.105896] ACPI: Power Resource [WRST] (on)
[    0.106298] ACPI: Power Resource [WRST] (on)
[    0.106700] ACPI: Power Resource [WRST] (on)
[    0.107108] ACPI: Power Resource [WRST] (on)
[    0.108802] ACPI: Power Resource [V0PR] (on)
[    0.109015] ACPI: Power Resource [V1PR] (on)
[    0.109224] ACPI: Power Resource [V2PR] (on)
[    0.113752] ACPI: Power Resource [WRST] (on)
[    0.115871] drivers/acpi/scan.c 1916 acpi_bus_attach -- functionpoint
[    0.115891] drivers/acpi/scan.c 1916 acpi_bus_attach -- functionpoint
[    0.115898] drivers/acpi/scan.c 1916 acpi_bus_attach -- functionpoint
[    0.115930] drivers/acpi/scan.c 1916 acpi_bus_attach -- functionpoint
[    0.115956] drivers/acpi/scan.c 1916 acpi_bus_attach -- functionpoint
[    0.115963] drivers/acpi/pci_root.c 528 acpi_pci_root_add -- functionpoint
[    0.116353] ACPI: PCI Root Bridge [PCI0] (domain 0000 [bus 00-3e])
[    0.116355] ACPI: drivers/acpi/pci_root.c 584 acpi_pci_root_add --  functionpoint -- PCI Root Bridge [PCI0] (domain 0000 [bus 00-3e])
[    0.116362] acpi PNP0A08:00: _OSC: OS supports [ExtendedConfig ASPM ClockPM Segments MSI]
[    0.119755] acpi PNP0A08:00: _OSC: OS now controls [PCIeHotplug PME AER PCIeCapability]
[    0.119755] acpi PNP0A08:00: FADT indicates ASPM is unsupported, using BIOS configuration
[    0.119769] arch/x86/pci/acpi.c 335 pci_acpi_scan_root -- functionpoint
[    0.119770] drivers/pci/search.c 144 pci_find_bus -- functionpoint
[    0.119772] drivers/pci/search.c 145 pci_find_bus functionpoint -- domain_num = 0, bus_num = 0
[    0.119776] drivers/pci/search.c 176 pci_find_next_bus -- functionpoint
[    0.119776] drivers/pci/search.c 157 pci_find_bus not found bus -- functionpoint
[    0.119789] drivers/acpi/pci_root.c 881 acpi_pci_root_create -- functionpoint
[    0.120170] drivers/pci/probe.c 2643 pci_create_root_bus -- functionpoint
[    0.120173] drivers/pci/probe.c 533 pci_alloc_host_bridge -- functionpoint
[    0.120175] drivers/pci/probe.c 765 pci_register_host_bridge -- functionpoint
[    0.120177] drivers/pci/search.c 144 pci_find_bus -- functionpoint
[    0.120179] drivers/pci/search.c 145 pci_find_bus functionpoint -- domain_num = 0, bus_num = 0
[    0.120182] drivers/pci/search.c 176 pci_find_next_bus -- functionpoint
[    0.120182] drivers/pci/search.c 157 pci_find_bus not found bus -- functionpoint
[    0.121219] drivers/pci/probe.c 2009 pci_bus_read_dev_vendor_id -- functionpoint
[    0.121234] drivers/pci/probe.c 2009 pci_bus_read_dev_vendor_id -- functionpoint
[    0.121249] drivers/pci/probe.c 2009 pci_bus_read_dev_vendor_id -- functionpoint
[    0.121269] drivers/pci/probe.c 2009 pci_bus_read_dev_vendor_id -- functionpoint
[    0.121280] drivers/pci/probe.c 2009 pci_bus_read_dev_vendor_id -- functionpoint
[    0.121296] drivers/pci/probe.c 2009 pci_bus_read_dev_vendor_id -- functionpoint
[    0.121303] drivers/pci/probe.c 2009 pci_bus_read_dev_vendor_id -- functionpoint
[    0.121316] drivers/pci/probe.c 2009 pci_bus_read_dev_vendor_id -- functionpoint
[    0.121329] drivers/pci/probe.c 2009 pci_bus_read_dev_vendor_id -- functionpoint
[    0.121335] drivers/pci/probe.c 2009 pci_bus_read_dev_vendor_id -- functionpoint
[    0.121346] drivers/pci/probe.c 2009 pci_bus_read_dev_vendor_id -- functionpoint
[    0.121394] drivers/pci/probe.c 2009 pci_bus_read_dev_vendor_id -- functionpoint
[    0.121447] drivers/pci/probe.c 2009 pci_bus_read_dev_vendor_id -- functionpoint
[    0.121498] drivers/pci/probe.c 2009 pci_bus_read_dev_vendor_id -- functionpoint
[    0.121550] drivers/pci/probe.c 2009 pci_bus_read_dev_vendor_id -- functionpoint
[    0.121602] drivers/pci/probe.c 2009 pci_bus_read_dev_vendor_id -- functionpoint
[    0.121653] drivers/pci/probe.c 2009 pci_bus_read_dev_vendor_id -- functionpoint
[    0.121704] drivers/pci/probe.c 2009 pci_bus_read_dev_vendor_id -- functionpoint
[    0.121752] drivers/pci/probe.c 2009 pci_bus_read_dev_vendor_id -- functionpoint
[    0.121805] drivers/pci/probe.c 2009 pci_bus_read_dev_vendor_id -- functionpoint
[    0.121857] drivers/pci/probe.c 2009 pci_bus_read_dev_vendor_id -- functionpoint
[    0.121908] drivers/pci/probe.c 2009 pci_bus_read_dev_vendor_id -- functionpoint
[    0.121960] drivers/pci/probe.c 2009 pci_bus_read_dev_vendor_id -- functionpoint
[    0.122011] drivers/pci/probe.c 2009 pci_bus_read_dev_vendor_id -- functionpoint
[    0.122063] drivers/pci/probe.c 2009 pci_bus_read_dev_vendor_id -- functionpoint
[    0.122114] drivers/pci/probe.c 2009 pci_bus_read_dev_vendor_id -- functionpoint
[    0.122166] drivers/pci/probe.c 2009 pci_bus_read_dev_vendor_id -- functionpoint
[    0.122219] drivers/pci/probe.c 2009 pci_bus_read_dev_vendor_id -- functionpoint
[    0.122271] drivers/pci/probe.c 2009 pci_bus_read_dev_vendor_id -- functionpoint
[    0.122322] drivers/pci/probe.c 2009 pci_bus_read_dev_vendor_id -- functionpoint
[    0.122374] drivers/pci/probe.c 2009 pci_bus_read_dev_vendor_id -- functionpoint
[    0.122426] drivers/pci/probe.c 2009 pci_bus_read_dev_vendor_id -- functionpoint
[    0.122474] drivers/pci/probe.c 2009 pci_bus_read_dev_vendor_id -- functionpoint
[    0.122526] drivers/pci/probe.c 2009 pci_bus_read_dev_vendor_id -- functionpoint
[    0.122578] drivers/pci/probe.c 2009 pci_bus_read_dev_vendor_id -- functionpoint
[    0.122594] drivers/pci/probe.c 2009 pci_bus_read_dev_vendor_id -- functionpoint
[    0.122611] drivers/pci/probe.c 2009 pci_bus_read_dev_vendor_id -- functionpoint
[    0.122626] drivers/pci/probe.c 2009 pci_bus_read_dev_vendor_id -- functionpoint
[    0.122637] drivers/pci/probe.c 2009 pci_bus_read_dev_vendor_id -- functionpoint
[    0.122651] drivers/pci/probe.c 2009 pci_bus_read_dev_vendor_id -- functionpoint
[    0.122659] drivers/pci/probe.c 2009 pci_bus_read_dev_vendor_id -- functionpoint
[    0.122666] drivers/pci/probe.c 2009 pci_bus_read_dev_vendor_id -- functionpoint
[    0.122674] PCI host bridge to bus 0000:00
[    0.122677] pci_bus 0000:00: root bus resource [io  0x0000-0x0cf7 window]
[    0.122678] pci_bus 0000:00: root bus resource [io  0x0d00-0xffff window]
[    0.122679] pci_bus 0000:00: root bus resource [mem 0x000a0000-0x000bffff window]
[    0.122681] pci_bus 0000:00: root bus resource [mem 0xd4800000-0xf7ffffff window]
[    0.122682] pci_bus 0000:00: root bus resource [mem 0x4000000000-0x7fffffffff window]
[    0.122683] pci_bus 0000:00: root bus resource [mem 0xfc800000-0xfe7fffff window]
[    0.122684] pci_bus 0000:00: root bus resource [bus 00-3e]
[    0.122685] drivers/pci/probe.c 2497 pci_scan_child_bus_extend -- functionpoint
[    0.122686] pci_bus 0000:00: drivers/pci/probe.c 2501 pci_scan_child_bus_extend-- functionpoint -- scanning bus
[    0.122689] drivers/pci/probe.c 2281 pci_scan_slot -- functionpoint
[    0.122690] drivers/pci/probe.c 2196 pci_scan_single_device -- functionpoint
[    0.122692] drivers/pci/search.c 206 pci_get_slot -- functionpoint
[    0.122693] drivers/pci/search.c 215 pci_get_slot return value is NULL -- functionpoint
[    0.122695] drivers/pci/probe.c 2035 pci_scan_device -- functionpoint
[    0.122697] drivers/pci/probe.c 2009 pci_bus_read_dev_vendor_id -- functionpoint
[    0.122699] drivers/pci/probe.c 2048 pci_scan_device -- functionpoint -- dev_vendor: 8086, dev_device: 3e30
[    0.122703] drivers/pci/probe.c 1453 pci_setup_device -- functionpoint
[    0.122704] drivers/pci/probe.c 1242 set_pcie_port_type -- functionpoint
[    0.122710] pci 0000:00:00.0: [8086:3e30] type 00 class 0x060000
[    0.122713] pci 0000:00:00.0: drivers/pci/probe.c 1482 pci_setup_device functionpoint -- [8086:3e30] type 00 class 0x060000 multifunction 00
[    0.122727] drivers/pci/probe.c 1513 pci_setup_device  switch case PCI_HEADER_TYPE_NORMAL -- functionpoint
[    0.122739] drivers/pci/probe.c 2145 pci_device_add -- functionpoint
[    0.122751] drivers/pci/pci.c 2409 pci_pm_init -- functionpoint
[    0.123724] drivers/pci/probe.c 2288 pci_scan_slot -- functionpoint -- fn = 0, devfn = 0, fn+devfn = 0
[    0.123728] drivers/pci/probe.c 2220 next_fn -- functionpoint
[    0.123728] drivers/pci/probe.c 2281 pci_scan_slot -- functionpoint
[    0.123730] drivers/pci/probe.c 2196 pci_scan_single_device -- functionpoint
[    0.123731] drivers/pci/search.c 206 pci_get_slot -- functionpoint
[    0.123733] drivers/pci/search.c 215 pci_get_slot return value is NULL -- functionpoint
[    0.123734] drivers/pci/probe.c 2035 pci_scan_device -- functionpoint
[    0.123736] drivers/pci/probe.c 2009 pci_bus_read_dev_vendor_id -- functionpoint
[    0.123748] drivers/pci/probe.c 2288 pci_scan_slot -- functionpoint -- fn = 0, devfn = 8, fn+devfn = 8
[    0.123751] drivers/pci/probe.c 2281 pci_scan_slot -- functionpoint
[    0.123752] drivers/pci/probe.c 2196 pci_scan_single_device -- functionpoint
[    0.123753] drivers/pci/search.c 206 pci_get_slot -- functionpoint
[    0.123755] drivers/pci/search.c 215 pci_get_slot return value is NULL -- functionpoint
[    0.123756] drivers/pci/probe.c 2035 pci_scan_device -- functionpoint
[    0.123758] drivers/pci/probe.c 2009 pci_bus_read_dev_vendor_id -- functionpoint
[    0.123760] drivers/pci/probe.c 2048 pci_scan_device -- functionpoint -- dev_vendor: 8086, dev_device: 3e98
[    0.123764] drivers/pci/probe.c 1453 pci_setup_device -- functionpoint
[    0.123765] drivers/pci/probe.c 1242 set_pcie_port_type -- functionpoint
[    0.123771] pci 0000:00:02.0: [8086:3e98] type 00 class 0x030000
[    0.123774] pci 0000:00:02.0: drivers/pci/probe.c 1482 pci_setup_device functionpoint -- [8086:3e98] type 00 class 0x030000 multifunction 00
[    0.123779] drivers/pci/probe.c 1513 pci_setup_device  switch case PCI_HEADER_TYPE_NORMAL -- functionpoint
[    0.123785] pci 0000:00:02.0: reg 0x10: [mem 0xf0000000-0xf0ffffff 64bit]
[    0.123792] pci 0000:00:02.0: reg 0x18: [mem 0xe0000000-0xefffffff 64bit pref]
[    0.123795] pci 0000:00:02.0: reg 0x20: [io  0x4000-0x403f]
[    0.123801] drivers/pci/probe.c 2145 pci_device_add -- functionpoint
[    0.123808] pci 0000:00:02.0: BAR 2: assigned to efifb
[    0.123820] drivers/pci/pci.c 2409 pci_pm_init -- functionpoint
[    0.123824] pci 0000:00:02.0: drivers/pci/pci.c 2450 pci_pm_init --functionpoint-- supports
[    0.124822] drivers/pci/probe.c 2288 pci_scan_slot -- functionpoint -- fn = 0, devfn = 16, fn+devfn = 16
[    0.124824] drivers/pci/probe.c 2220 next_fn -- functionpoint
[    0.124825] drivers/pci/probe.c 2281 pci_scan_slot -- functionpoint
[    0.124826] drivers/pci/probe.c 2196 pci_scan_single_device -- functionpoint
[    0.124828] drivers/pci/search.c 206 pci_get_slot -- functionpoint
[    0.124830] drivers/pci/search.c 215 pci_get_slot return value is NULL -- functionpoint
[    0.124831] drivers/pci/probe.c 2035 pci_scan_device -- functionpoint
[    0.124833] drivers/pci/probe.c 2009 pci_bus_read_dev_vendor_id -- functionpoint
[    0.124845] drivers/pci/probe.c 2288 pci_scan_slot -- functionpoint -- fn = 0, devfn = 24, fn+devfn = 24
[    0.124848] drivers/pci/probe.c 2281 pci_scan_slot -- functionpoint
[    0.124848] drivers/pci/probe.c 2196 pci_scan_single_device -- functionpoint
[    0.124850] drivers/pci/search.c 206 pci_get_slot -- functionpoint
[    0.124852] drivers/pci/search.c 215 pci_get_slot return value is NULL -- functionpoint
[    0.124853] drivers/pci/probe.c 2035 pci_scan_device -- functionpoint
[    0.124855] drivers/pci/probe.c 2009 pci_bus_read_dev_vendor_id -- functionpoint
[    0.124869] drivers/pci/probe.c 2288 pci_scan_slot -- functionpoint -- fn = 0, devfn = 32, fn+devfn = 32
[    0.124873] drivers/pci/probe.c 2281 pci_scan_slot -- functionpoint
[    0.124873] drivers/pci/probe.c 2196 pci_scan_single_device -- functionpoint
[    0.124875] drivers/pci/search.c 206 pci_get_slot -- functionpoint
[    0.124876] drivers/pci/search.c 215 pci_get_slot return value is NULL -- functionpoint
[    0.124878] drivers/pci/probe.c 2035 pci_scan_device -- functionpoint
[    0.124880] drivers/pci/probe.c 2009 pci_bus_read_dev_vendor_id -- functionpoint
[    0.124894] drivers/pci/probe.c 2288 pci_scan_slot -- functionpoint -- fn = 0, devfn = 40, fn+devfn = 40
[    0.124898] drivers/pci/probe.c 2281 pci_scan_slot -- functionpoint
[    0.124898] drivers/pci/probe.c 2196 pci_scan_single_device -- functionpoint
[    0.124900] drivers/pci/search.c 206 pci_get_slot -- functionpoint
[    0.124901] drivers/pci/search.c 215 pci_get_slot return value is NULL -- functionpoint
[    0.124903] drivers/pci/probe.c 2035 pci_scan_device -- functionpoint
[    0.124905] drivers/pci/probe.c 2009 pci_bus_read_dev_vendor_id -- functionpoint
[    0.124919] drivers/pci/probe.c 2288 pci_scan_slot -- functionpoint -- fn = 0, devfn = 48, fn+devfn = 48
[    0.124923] drivers/pci/probe.c 2281 pci_scan_slot -- functionpoint
[    0.124923] drivers/pci/probe.c 2196 pci_scan_single_device -- functionpoint
[    0.124925] drivers/pci/search.c 206 pci_get_slot -- functionpoint
[    0.124926] drivers/pci/search.c 215 pci_get_slot return value is NULL -- functionpoint
[    0.124928] drivers/pci/probe.c 2035 pci_scan_device -- functionpoint
[    0.124930] drivers/pci/probe.c 2009 pci_bus_read_dev_vendor_id -- functionpoint
[    0.124944] drivers/pci/probe.c 2288 pci_scan_slot -- functionpoint -- fn = 0, devfn = 56, fn+devfn = 56
[    0.124948] drivers/pci/probe.c 2281 pci_scan_slot -- functionpoint
[    0.124948] drivers/pci/probe.c 2196 pci_scan_single_device -- functionpoint
[    0.124950] drivers/pci/search.c 206 pci_get_slot -- functionpoint
[    0.124951] drivers/pci/search.c 215 pci_get_slot return value is NULL -- functionpoint
[    0.124953] drivers/pci/probe.c 2035 pci_scan_device -- functionpoint
[    0.124955] drivers/pci/probe.c 2009 pci_bus_read_dev_vendor_id -- functionpoint
[    0.124969] drivers/pci/probe.c 2288 pci_scan_slot -- functionpoint -- fn = 0, devfn = 64, fn+devfn = 64
[    0.124973] drivers/pci/probe.c 2281 pci_scan_slot -- functionpoint
[    0.124973] drivers/pci/probe.c 2196 pci_scan_single_device -- functionpoint
[    0.124975] drivers/pci/search.c 206 pci_get_slot -- functionpoint
[    0.124976] drivers/pci/search.c 215 pci_get_slot return value is NULL -- functionpoint
[    0.124978] drivers/pci/probe.c 2035 pci_scan_device -- functionpoint
[    0.124980] drivers/pci/probe.c 2009 pci_bus_read_dev_vendor_id -- functionpoint
[    0.124994] drivers/pci/probe.c 2288 pci_scan_slot -- functionpoint -- fn = 0, devfn = 72, fn+devfn = 72
[    0.124998] drivers/pci/probe.c 2281 pci_scan_slot -- functionpoint
[    0.124998] drivers/pci/probe.c 2196 pci_scan_single_device -- functionpoint
[    0.125000] drivers/pci/search.c 206 pci_get_slot -- functionpoint
[    0.125001] drivers/pci/search.c 215 pci_get_slot return value is NULL -- functionpoint
[    0.125003] drivers/pci/probe.c 2035 pci_scan_device -- functionpoint
[    0.125005] drivers/pci/probe.c 2009 pci_bus_read_dev_vendor_id -- functionpoint
[    0.125018] drivers/pci/probe.c 2288 pci_scan_slot -- functionpoint -- fn = 0, devfn = 80, fn+devfn = 80
[    0.125021] drivers/pci/probe.c 2281 pci_scan_slot -- functionpoint
[    0.125021] drivers/pci/probe.c 2196 pci_scan_single_device -- functionpoint
[    0.125023] drivers/pci/search.c 206 pci_get_slot -- functionpoint
[    0.125025] drivers/pci/search.c 215 pci_get_slot return value is NULL -- functionpoint
[    0.125026] drivers/pci/probe.c 2035 pci_scan_device -- functionpoint
[    0.125028] drivers/pci/probe.c 2009 pci_bus_read_dev_vendor_id -- functionpoint
[    0.125042] drivers/pci/probe.c 2288 pci_scan_slot -- functionpoint -- fn = 0, devfn = 88, fn+devfn = 88
[    0.125046] drivers/pci/probe.c 2281 pci_scan_slot -- functionpoint
[    0.125046] drivers/pci/probe.c 2196 pci_scan_single_device -- functionpoint
[    0.125048] drivers/pci/search.c 206 pci_get_slot -- functionpoint
[    0.125049] drivers/pci/search.c 215 pci_get_slot return value is NULL -- functionpoint
[    0.125051] drivers/pci/probe.c 2035 pci_scan_device -- functionpoint
[    0.125053] drivers/pci/probe.c 2009 pci_bus_read_dev_vendor_id -- functionpoint
[    0.125068] drivers/pci/probe.c 2288 pci_scan_slot -- functionpoint -- fn = 0, devfn = 96, fn+devfn = 96
[    0.125072] drivers/pci/probe.c 2281 pci_scan_slot -- functionpoint
[    0.125072] drivers/pci/probe.c 2196 pci_scan_single_device -- functionpoint
[    0.125074] drivers/pci/search.c 206 pci_get_slot -- functionpoint
[    0.125075] drivers/pci/search.c 215 pci_get_slot return value is NULL -- functionpoint
[    0.125077] drivers/pci/probe.c 2035 pci_scan_device -- functionpoint
[    0.125079] drivers/pci/probe.c 2009 pci_bus_read_dev_vendor_id -- functionpoint
[    0.125093] drivers/pci/probe.c 2288 pci_scan_slot -- functionpoint -- fn = 0, devfn = 104, fn+devfn = 104
[    0.125097] drivers/pci/probe.c 2281 pci_scan_slot -- functionpoint
[    0.125097] drivers/pci/probe.c 2196 pci_scan_single_device -- functionpoint
[    0.125099] drivers/pci/search.c 206 pci_get_slot -- functionpoint
[    0.125100] drivers/pci/search.c 215 pci_get_slot return value is NULL -- functionpoint
[    0.125102] drivers/pci/probe.c 2035 pci_scan_device -- functionpoint
[    0.125104] drivers/pci/probe.c 2009 pci_bus_read_dev_vendor_id -- functionpoint
[    0.125118] drivers/pci/probe.c 2288 pci_scan_slot -- functionpoint -- fn = 0, devfn = 112, fn+devfn = 112
[    0.125122] drivers/pci/probe.c 2281 pci_scan_slot -- functionpoint
[    0.125122] drivers/pci/probe.c 2196 pci_scan_single_device -- functionpoint
[    0.125124] drivers/pci/search.c 206 pci_get_slot -- functionpoint
[    0.125125] drivers/pci/search.c 215 pci_get_slot return value is NULL -- functionpoint
[    0.125127] drivers/pci/probe.c 2035 pci_scan_device -- functionpoint
[    0.125129] drivers/pci/probe.c 2009 pci_bus_read_dev_vendor_id -- functionpoint
[    0.125143] drivers/pci/probe.c 2288 pci_scan_slot -- functionpoint -- fn = 0, devfn = 120, fn+devfn = 120
[    0.125147] drivers/pci/probe.c 2281 pci_scan_slot -- functionpoint
[    0.125147] drivers/pci/probe.c 2196 pci_scan_single_device -- functionpoint
[    0.125149] drivers/pci/search.c 206 pci_get_slot -- functionpoint
[    0.125150] drivers/pci/search.c 215 pci_get_slot return value is NULL -- functionpoint
[    0.125152] drivers/pci/probe.c 2035 pci_scan_device -- functionpoint
[    0.125154] drivers/pci/probe.c 2009 pci_bus_read_dev_vendor_id -- functionpoint
[    0.125165] drivers/pci/probe.c 2288 pci_scan_slot -- functionpoint -- fn = 0, devfn = 128, fn+devfn = 128
[    0.125169] drivers/pci/probe.c 2281 pci_scan_slot -- functionpoint
[    0.125169] drivers/pci/probe.c 2196 pci_scan_single_device -- functionpoint
[    0.125171] drivers/pci/search.c 206 pci_get_slot -- functionpoint
[    0.125172] drivers/pci/search.c 215 pci_get_slot return value is NULL -- functionpoint
[    0.125174] drivers/pci/probe.c 2035 pci_scan_device -- functionpoint
[    0.125176] drivers/pci/probe.c 2009 pci_bus_read_dev_vendor_id -- functionpoint
[    0.125190] drivers/pci/probe.c 2288 pci_scan_slot -- functionpoint -- fn = 0, devfn = 136, fn+devfn = 136
[    0.125193] drivers/pci/probe.c 2281 pci_scan_slot -- functionpoint
[    0.125194] drivers/pci/probe.c 2196 pci_scan_single_device -- functionpoint
[    0.125195] drivers/pci/search.c 206 pci_get_slot -- functionpoint
[    0.125197] drivers/pci/search.c 215 pci_get_slot return value is NULL -- functionpoint
[    0.125199] drivers/pci/probe.c 2035 pci_scan_device -- functionpoint
[    0.125200] drivers/pci/probe.c 2009 pci_bus_read_dev_vendor_id -- functionpoint
[    0.125205] drivers/pci/probe.c 2048 pci_scan_device -- functionpoint -- dev_vendor: 8086, dev_device: a379
[    0.125209] drivers/pci/probe.c 1453 pci_setup_device -- functionpoint
[    0.125211] drivers/pci/probe.c 1242 set_pcie_port_type -- functionpoint
[    0.125222] pci 0000:00:12.0: [8086:a379] type 00 class 0x118000
[    0.125225] pci 0000:00:12.0: drivers/pci/probe.c 1482 pci_setup_device functionpoint -- [8086:a379] type 00 class 0x118000 multifunction 01
[    0.125239] drivers/pci/probe.c 1513 pci_setup_device  switch case PCI_HEADER_TYPE_NORMAL -- functionpoint
[    0.125257] pci 0000:00:12.0: reg 0x10: [mem 0x4000107000-0x4000107fff 64bit]
[    0.125298] drivers/pci/probe.c 2145 pci_device_add -- functionpoint
[    0.125336] drivers/pci/pci.c 2409 pci_pm_init -- functionpoint
[    0.125344] pci 0000:00:12.0: drivers/pci/pci.c 2450 pci_pm_init --functionpoint-- supports
[    0.126320] drivers/pci/probe.c 2288 pci_scan_slot -- functionpoint -- fn = 0, devfn = 144, fn+devfn = 144
[    0.126322] drivers/pci/probe.c 2220 next_fn -- functionpoint
[    0.126323] drivers/pci/probe.c 2196 pci_scan_single_device -- functionpoint
[    0.126324] drivers/pci/search.c 206 pci_get_slot -- functionpoint
[    0.126326] drivers/pci/search.c 215 pci_get_slot return value is NULL -- functionpoint
[    0.126327] drivers/pci/probe.c 2035 pci_scan_device -- functionpoint
[    0.126329] drivers/pci/probe.c 2009 pci_bus_read_dev_vendor_id -- functionpoint
[    0.126341] drivers/pci/probe.c 2298 pci_scan_slot -- functionpoint -- fn = 1, devfn = 144, fn+devfn = 145
[    0.126344] drivers/pci/probe.c 2220 next_fn -- functionpoint
[    0.126345] drivers/pci/probe.c 2196 pci_scan_single_device -- functionpoint
[    0.126346] drivers/pci/search.c 206 pci_get_slot -- functionpoint
[    0.126348] drivers/pci/search.c 215 pci_get_slot return value is NULL -- functionpoint
[    0.126349] drivers/pci/probe.c 2035 pci_scan_device -- functionpoint
[    0.126351] drivers/pci/probe.c 2009 pci_bus_read_dev_vendor_id -- functionpoint
[    0.126366] drivers/pci/probe.c 2298 pci_scan_slot -- functionpoint -- fn = 2, devfn = 144, fn+devfn = 146
[    0.126369] drivers/pci/probe.c 2220 next_fn -- functionpoint
[    0.126369] drivers/pci/probe.c 2196 pci_scan_single_device -- functionpoint
[    0.126371] drivers/pci/search.c 206 pci_get_slot -- functionpoint
[    0.126373] drivers/pci/search.c 215 pci_get_slot return value is NULL -- functionpoint
[    0.126374] drivers/pci/probe.c 2035 pci_scan_device -- functionpoint
[    0.126376] drivers/pci/probe.c 2009 pci_bus_read_dev_vendor_id -- functionpoint
[    0.126392] drivers/pci/probe.c 2298 pci_scan_slot -- functionpoint -- fn = 3, devfn = 144, fn+devfn = 147
[    0.126395] drivers/pci/probe.c 2220 next_fn -- functionpoint
[    0.126395] drivers/pci/probe.c 2196 pci_scan_single_device -- functionpoint
[    0.126397] drivers/pci/search.c 206 pci_get_slot -- functionpoint
[    0.126399] drivers/pci/search.c 215 pci_get_slot return value is NULL -- functionpoint
[    0.126400] drivers/pci/probe.c 2035 pci_scan_device -- functionpoint
[    0.126402] drivers/pci/probe.c 2009 pci_bus_read_dev_vendor_id -- functionpoint
[    0.126417] drivers/pci/probe.c 2298 pci_scan_slot -- functionpoint -- fn = 4, devfn = 144, fn+devfn = 148
[    0.126420] drivers/pci/probe.c 2220 next_fn -- functionpoint
[    0.126420] drivers/pci/probe.c 2196 pci_scan_single_device -- functionpoint
[    0.126422] drivers/pci/search.c 206 pci_get_slot -- functionpoint
[    0.126423] drivers/pci/search.c 215 pci_get_slot return value is NULL -- functionpoint
[    0.126425] drivers/pci/probe.c 2035 pci_scan_device -- functionpoint
[    0.126427] drivers/pci/probe.c 2009 pci_bus_read_dev_vendor_id -- functionpoint
[    0.126442] drivers/pci/probe.c 2298 pci_scan_slot -- functionpoint -- fn = 5, devfn = 144, fn+devfn = 149
[    0.126445] drivers/pci/probe.c 2220 next_fn -- functionpoint
[    0.126445] drivers/pci/probe.c 2196 pci_scan_single_device -- functionpoint
[    0.126447] drivers/pci/search.c 206 pci_get_slot -- functionpoint
[    0.126449] drivers/pci/search.c 215 pci_get_slot return value is NULL -- functionpoint
[    0.126450] drivers/pci/probe.c 2035 pci_scan_device -- functionpoint
[    0.126452] drivers/pci/probe.c 2009 pci_bus_read_dev_vendor_id -- functionpoint
[    0.126461] drivers/pci/probe.c 2298 pci_scan_slot -- functionpoint -- fn = 6, devfn = 144, fn+devfn = 150
[    0.126464] drivers/pci/probe.c 2220 next_fn -- functionpoint
[    0.126465] drivers/pci/probe.c 2196 pci_scan_single_device -- functionpoint
[    0.126466] drivers/pci/search.c 206 pci_get_slot -- functionpoint
[    0.126468] drivers/pci/search.c 215 pci_get_slot return value is NULL -- functionpoint
[    0.126469] drivers/pci/probe.c 2035 pci_scan_device -- functionpoint
[    0.126471] drivers/pci/probe.c 2009 pci_bus_read_dev_vendor_id -- functionpoint
[    0.126487] drivers/pci/probe.c 2298 pci_scan_slot -- functionpoint -- fn = 7, devfn = 144, fn+devfn = 151
[    0.126491] drivers/pci/probe.c 2220 next_fn -- functionpoint
[    0.126491] drivers/pci/probe.c 2281 pci_scan_slot -- functionpoint
[    0.126493] drivers/pci/probe.c 2196 pci_scan_single_device -- functionpoint
[    0.126494] drivers/pci/search.c 206 pci_get_slot -- functionpoint
[    0.126496] drivers/pci/search.c 215 pci_get_slot return value is NULL -- functionpoint
[    0.126497] drivers/pci/probe.c 2035 pci_scan_device -- functionpoint
[    0.126499] drivers/pci/probe.c 2009 pci_bus_read_dev_vendor_id -- functionpoint
[    0.126505] drivers/pci/probe.c 2288 pci_scan_slot -- functionpoint -- fn = 0, devfn = 152, fn+devfn = 152
[    0.126509] drivers/pci/probe.c 2281 pci_scan_slot -- functionpoint
[    0.126509] drivers/pci/probe.c 2196 pci_scan_single_device -- functionpoint
[    0.126511] drivers/pci/search.c 206 pci_get_slot -- functionpoint
[    0.126512] drivers/pci/search.c 215 pci_get_slot return value is NULL -- functionpoint
[    0.126514] drivers/pci/probe.c 2035 pci_scan_device -- functionpoint
[    0.126516] drivers/pci/probe.c 2009 pci_bus_read_dev_vendor_id -- functionpoint
[    0.126524] drivers/pci/probe.c 2048 pci_scan_device -- functionpoint -- dev_vendor: 8086, dev_device: a36d
[    0.126528] drivers/pci/probe.c 1453 pci_setup_device -- functionpoint
[    0.126529] drivers/pci/probe.c 1242 set_pcie_port_type -- functionpoint
[    0.126542] pci 0000:00:14.0: [8086:a36d] type 00 class 0x0c0330
[    0.126544] pci 0000:00:14.0: drivers/pci/probe.c 1482 pci_setup_device functionpoint -- [8086:a36d] type 00 class 0x0c0330 multifunction 01
[    0.126560] drivers/pci/probe.c 1513 pci_setup_device  switch case PCI_HEADER_TYPE_NORMAL -- functionpoint
[    0.126580] pci 0000:00:14.0: reg 0x10: [mem 0xf1220000-0xf122ffff 64bit]
[    0.126637] drivers/pci/probe.c 2145 pci_device_add -- functionpoint
[    0.126679] drivers/pci/pci.c 2409 pci_pm_init -- functionpoint
[    0.126687] pci 0000:00:14.0: drivers/pci/pci.c 2450 pci_pm_init --functionpoint-- supports
[    0.126691] pci 0000:00:14.0: PME# supported from D3hot D3cold
[    0.126693] pci 0000:00:14.0: drivers/pci/pci.c 2462 pci_pm_init --functionpoint-- PME# supported from D3hot D3cold
[    0.126705] pci 0000:00:14.0: drivers/pci/pci.c 1891 pci_pme_active --functionpoint-- PME# disabled
[    0.127749] drivers/pci/probe.c 2288 pci_scan_slot -- functionpoint -- fn = 0, devfn = 160, fn+devfn = 160
[    0.127752] drivers/pci/probe.c 2220 next_fn -- functionpoint
[    0.127752] drivers/pci/probe.c 2196 pci_scan_single_device -- functionpoint
[    0.127754] drivers/pci/search.c 206 pci_get_slot -- functionpoint
[    0.127756] drivers/pci/search.c 215 pci_get_slot return value is NULL -- functionpoint
[    0.127757] drivers/pci/probe.c 2035 pci_scan_device -- functionpoint
[    0.127759] drivers/pci/probe.c 2009 pci_bus_read_dev_vendor_id -- functionpoint
[    0.127771] drivers/pci/probe.c 2298 pci_scan_slot -- functionpoint -- fn = 1, devfn = 160, fn+devfn = 161
[    0.127774] drivers/pci/probe.c 2220 next_fn -- functionpoint
[    0.127774] drivers/pci/probe.c 2196 pci_scan_single_device -- functionpoint
[    0.127776] drivers/pci/search.c 206 pci_get_slot -- functionpoint
[    0.127778] drivers/pci/search.c 215 pci_get_slot return value is NULL -- functionpoint
[    0.127779] drivers/pci/probe.c 2035 pci_scan_device -- functionpoint
[    0.127781] drivers/pci/probe.c 2009 pci_bus_read_dev_vendor_id -- functionpoint
[    0.127790] drivers/pci/probe.c 2048 pci_scan_device -- functionpoint -- dev_vendor: 8086, dev_device: a36f
[    0.127794] drivers/pci/probe.c 1453 pci_setup_device -- functionpoint
[    0.127796] drivers/pci/probe.c 1242 set_pcie_port_type -- functionpoint
[    0.127805] pci 0000:00:14.2: [8086:a36f] type 00 class 0x050000
[    0.127808] pci 0000:00:14.2: drivers/pci/probe.c 1482 pci_setup_device functionpoint -- [8086:a36f] type 00 class 0x050000 multifunction 00
[    0.127821] drivers/pci/probe.c 1513 pci_setup_device  switch case PCI_HEADER_TYPE_NORMAL -- functionpoint
[    0.127837] pci 0000:00:14.2: reg 0x10: [mem 0xf1232000-0xf1233fff 64bit]
[    0.127853] pci 0000:00:14.2: reg 0x18: [mem 0x4000106000-0x4000106fff 64bit]
[    0.127878] drivers/pci/probe.c 2145 pci_device_add -- functionpoint
[    0.127905] drivers/pci/pci.c 2409 pci_pm_init -- functionpoint
[    0.127914] pci 0000:00:14.2: drivers/pci/pci.c 2450 pci_pm_init --functionpoint-- supports
[    0.128890] drivers/pci/probe.c 2298 pci_scan_slot -- functionpoint -- fn = 2, devfn = 160, fn+devfn = 162
[    0.128893] drivers/pci/probe.c 2220 next_fn -- functionpoint
[    0.128893] drivers/pci/probe.c 2196 pci_scan_single_device -- functionpoint
[    0.128895] drivers/pci/search.c 206 pci_get_slot -- functionpoint
[    0.128896] drivers/pci/search.c 215 pci_get_slot return value is NULL -- functionpoint
[    0.128898] drivers/pci/probe.c 2035 pci_scan_device -- functionpoint
[    0.128900] drivers/pci/probe.c 2009 pci_bus_read_dev_vendor_id -- functionpoint
[    0.128905] drivers/pci/probe.c 2298 pci_scan_slot -- functionpoint -- fn = 3, devfn = 160, fn+devfn = 163
[    0.128909] drivers/pci/probe.c 2220 next_fn -- functionpoint
[    0.128909] drivers/pci/probe.c 2196 pci_scan_single_device -- functionpoint
[    0.128911] drivers/pci/search.c 206 pci_get_slot -- functionpoint
[    0.128912] drivers/pci/search.c 215 pci_get_slot return value is NULL -- functionpoint
[    0.128914] drivers/pci/probe.c 2035 pci_scan_device -- functionpoint
[    0.128916] drivers/pci/probe.c 2009 pci_bus_read_dev_vendor_id -- functionpoint
[    0.128931] drivers/pci/probe.c 2298 pci_scan_slot -- functionpoint -- fn = 4, devfn = 160, fn+devfn = 164
[    0.128934] drivers/pci/probe.c 2220 next_fn -- functionpoint
[    0.128935] drivers/pci/probe.c 2196 pci_scan_single_device -- functionpoint
[    0.128936] drivers/pci/search.c 206 pci_get_slot -- functionpoint
[    0.128938] drivers/pci/search.c 215 pci_get_slot return value is NULL -- functionpoint
[    0.128939] drivers/pci/probe.c 2035 pci_scan_device -- functionpoint
[    0.128941] drivers/pci/probe.c 2009 pci_bus_read_dev_vendor_id -- functionpoint
[    0.128957] drivers/pci/probe.c 2298 pci_scan_slot -- functionpoint -- fn = 5, devfn = 160, fn+devfn = 165
[    0.128960] drivers/pci/probe.c 2220 next_fn -- functionpoint
[    0.128960] drivers/pci/probe.c 2196 pci_scan_single_device -- functionpoint
[    0.128962] drivers/pci/search.c 206 pci_get_slot -- functionpoint
[    0.128964] drivers/pci/search.c 215 pci_get_slot return value is NULL -- functionpoint
[    0.128965] drivers/pci/probe.c 2035 pci_scan_device -- functionpoint
[    0.128967] drivers/pci/probe.c 2009 pci_bus_read_dev_vendor_id -- functionpoint
[    0.128982] drivers/pci/probe.c 2298 pci_scan_slot -- functionpoint -- fn = 6, devfn = 160, fn+devfn = 166
[    0.128985] drivers/pci/probe.c 2220 next_fn -- functionpoint
[    0.128985] drivers/pci/probe.c 2196 pci_scan_single_device -- functionpoint
[    0.128987] drivers/pci/search.c 206 pci_get_slot -- functionpoint
[    0.128989] drivers/pci/search.c 215 pci_get_slot return value is NULL -- functionpoint
[    0.128990] drivers/pci/probe.c 2035 pci_scan_device -- functionpoint
[    0.128992] drivers/pci/probe.c 2009 pci_bus_read_dev_vendor_id -- functionpoint
[    0.129007] drivers/pci/probe.c 2298 pci_scan_slot -- functionpoint -- fn = 7, devfn = 160, fn+devfn = 167
[    0.129010] drivers/pci/probe.c 2220 next_fn -- functionpoint
[    0.129010] drivers/pci/probe.c 2281 pci_scan_slot -- functionpoint
[    0.129012] drivers/pci/probe.c 2196 pci_scan_single_device -- functionpoint
[    0.129014] drivers/pci/search.c 206 pci_get_slot -- functionpoint
[    0.129015] drivers/pci/search.c 215 pci_get_slot return value is NULL -- functionpoint
[    0.129017] drivers/pci/probe.c 2035 pci_scan_device -- functionpoint
[    0.129019] drivers/pci/probe.c 2009 pci_bus_read_dev_vendor_id -- functionpoint
[    0.129024] drivers/pci/probe.c 2288 pci_scan_slot -- functionpoint -- fn = 0, devfn = 168, fn+devfn = 168
[    0.129027] drivers/pci/probe.c 2281 pci_scan_slot -- functionpoint
[    0.129027] drivers/pci/probe.c 2196 pci_scan_single_device -- functionpoint
[    0.129029] drivers/pci/search.c 206 pci_get_slot -- functionpoint
[    0.129031] drivers/pci/search.c 215 pci_get_slot return value is NULL -- functionpoint
[    0.129032] drivers/pci/probe.c 2035 pci_scan_device -- functionpoint
[    0.129034] drivers/pci/probe.c 2009 pci_bus_read_dev_vendor_id -- functionpoint
[    0.129049] drivers/pci/probe.c 2048 pci_scan_device -- functionpoint -- dev_vendor: 8086, dev_device: a360
[    0.129052] drivers/pci/probe.c 1453 pci_setup_device -- functionpoint
[    0.129054] drivers/pci/probe.c 1242 set_pcie_port_type -- functionpoint
[    0.129066] pci 0000:00:16.0: [8086:a360] type 00 class 0x078000
[    0.129069] pci 0000:00:16.0: drivers/pci/probe.c 1482 pci_setup_device functionpoint -- [8086:a360] type 00 class 0x078000 multifunction 01
[    0.129085] drivers/pci/probe.c 1513 pci_setup_device  switch case PCI_HEADER_TYPE_NORMAL -- functionpoint
[    0.129102] pci 0000:00:16.0: reg 0x10: [mem 0x4000105000-0x4000105fff 64bit]
[    0.129144] drivers/pci/probe.c 2145 pci_device_add -- functionpoint
[    0.129186] drivers/pci/pci.c 2409 pci_pm_init -- functionpoint
[    0.129194] pci 0000:00:16.0: drivers/pci/pci.c 2450 pci_pm_init --functionpoint-- supports
[    0.129198] pci 0000:00:16.0: PME# supported from D3hot
[    0.129199] pci 0000:00:16.0: drivers/pci/pci.c 2462 pci_pm_init --functionpoint-- PME# supported from D3hot
[    0.129205] pci 0000:00:16.0: drivers/pci/pci.c 1891 pci_pme_active --functionpoint-- PME# disabled
[    0.130240] drivers/pci/probe.c 2288 pci_scan_slot -- functionpoint -- fn = 0, devfn = 176, fn+devfn = 176
[    0.130243] drivers/pci/probe.c 2220 next_fn -- functionpoint
[    0.130243] drivers/pci/probe.c 2196 pci_scan_single_device -- functionpoint
[    0.130245] drivers/pci/search.c 206 pci_get_slot -- functionpoint
[    0.130247] drivers/pci/search.c 215 pci_get_slot return value is NULL -- functionpoint
[    0.130248] drivers/pci/probe.c 2035 pci_scan_device -- functionpoint
[    0.130250] drivers/pci/probe.c 2009 pci_bus_read_dev_vendor_id -- functionpoint
[    0.130262] drivers/pci/probe.c 2298 pci_scan_slot -- functionpoint -- fn = 1, devfn = 176, fn+devfn = 177
[    0.130265] drivers/pci/probe.c 2220 next_fn -- functionpoint
[    0.130265] drivers/pci/probe.c 2196 pci_scan_single_device -- functionpoint
[    0.130267] drivers/pci/search.c 206 pci_get_slot -- functionpoint
[    0.130269] drivers/pci/search.c 215 pci_get_slot return value is NULL -- functionpoint
[    0.130270] drivers/pci/probe.c 2035 pci_scan_device -- functionpoint
[    0.130272] drivers/pci/probe.c 2009 pci_bus_read_dev_vendor_id -- functionpoint
[    0.130286] drivers/pci/probe.c 2298 pci_scan_slot -- functionpoint -- fn = 2, devfn = 176, fn+devfn = 178
[    0.130290] drivers/pci/probe.c 2220 next_fn -- functionpoint
[    0.130290] drivers/pci/probe.c 2196 pci_scan_single_device -- functionpoint
[    0.130292] drivers/pci/search.c 206 pci_get_slot -- functionpoint
[    0.130293] drivers/pci/search.c 215 pci_get_slot return value is NULL -- functionpoint
[    0.130295] drivers/pci/probe.c 2035 pci_scan_device -- functionpoint
[    0.130297] drivers/pci/probe.c 2009 pci_bus_read_dev_vendor_id -- functionpoint
[    0.130305] drivers/pci/probe.c 2048 pci_scan_device -- functionpoint -- dev_vendor: 8086, dev_device: a363
[    0.130309] drivers/pci/probe.c 1453 pci_setup_device -- functionpoint
[    0.130310] drivers/pci/probe.c 1242 set_pcie_port_type -- functionpoint
[    0.130321] pci 0000:00:16.3: [8086:a363] type 00 class 0x070002
[    0.130324] pci 0000:00:16.3: drivers/pci/probe.c 1482 pci_setup_device functionpoint -- [8086:a363] type 00 class 0x070002 multifunction 01
[    0.130338] drivers/pci/probe.c 1513 pci_setup_device  switch case PCI_HEADER_TYPE_NORMAL -- functionpoint
[    0.130350] pci 0000:00:16.3: reg 0x10: [io  0x4088-0x408f]
[    0.130360] pci 0000:00:16.3: reg 0x14: [mem 0xf1237000-0xf1237fff]
[    0.130400] drivers/pci/probe.c 2145 pci_device_add -- functionpoint
[    0.130436] drivers/pci/pci.c 2409 pci_pm_init -- functionpoint
[    0.130446] pci 0000:00:16.3: drivers/pci/pci.c 2450 pci_pm_init --functionpoint-- supports
[    0.131420] drivers/pci/probe.c 2298 pci_scan_slot -- functionpoint -- fn = 3, devfn = 176, fn+devfn = 179
[    0.131423] drivers/pci/probe.c 2220 next_fn -- functionpoint
[    0.131423] drivers/pci/probe.c 2196 pci_scan_single_device -- functionpoint
[    0.131425] drivers/pci/search.c 206 pci_get_slot -- functionpoint
[    0.131427] drivers/pci/search.c 215 pci_get_slot return value is NULL -- functionpoint
[    0.131428] drivers/pci/probe.c 2035 pci_scan_device -- functionpoint
[    0.131430] drivers/pci/probe.c 2009 pci_bus_read_dev_vendor_id -- functionpoint
[    0.131442] drivers/pci/probe.c 2298 pci_scan_slot -- functionpoint -- fn = 4, devfn = 176, fn+devfn = 180
[    0.131445] drivers/pci/probe.c 2220 next_fn -- functionpoint
[    0.131445] drivers/pci/probe.c 2196 pci_scan_single_device -- functionpoint
[    0.131447] drivers/pci/search.c 206 pci_get_slot -- functionpoint
[    0.131449] drivers/pci/search.c 215 pci_get_slot return value is NULL -- functionpoint
[    0.131450] drivers/pci/probe.c 2035 pci_scan_device -- functionpoint
[    0.131452] drivers/pci/probe.c 2009 pci_bus_read_dev_vendor_id -- functionpoint
[    0.131467] drivers/pci/probe.c 2298 pci_scan_slot -- functionpoint -- fn = 5, devfn = 176, fn+devfn = 181
[    0.131470] drivers/pci/probe.c 2220 next_fn -- functionpoint
[    0.131471] drivers/pci/probe.c 2196 pci_scan_single_device -- functionpoint
[    0.131472] drivers/pci/search.c 206 pci_get_slot -- functionpoint
[    0.131474] drivers/pci/search.c 215 pci_get_slot return value is NULL -- functionpoint
[    0.131475] drivers/pci/probe.c 2035 pci_scan_device -- functionpoint
[    0.131477] drivers/pci/probe.c 2009 pci_bus_read_dev_vendor_id -- functionpoint
[    0.131489] drivers/pci/probe.c 2298 pci_scan_slot -- functionpoint -- fn = 6, devfn = 176, fn+devfn = 182
[    0.131492] drivers/pci/probe.c 2220 next_fn -- functionpoint
[    0.131493] drivers/pci/probe.c 2196 pci_scan_single_device -- functionpoint
[    0.131494] drivers/pci/search.c 206 pci_get_slot -- functionpoint
[    0.131496] drivers/pci/search.c 215 pci_get_slot return value is NULL -- functionpoint
[    0.131498] drivers/pci/probe.c 2035 pci_scan_device -- functionpoint
[    0.131499] drivers/pci/probe.c 2009 pci_bus_read_dev_vendor_id -- functionpoint
[    0.131514] drivers/pci/probe.c 2298 pci_scan_slot -- functionpoint -- fn = 7, devfn = 176, fn+devfn = 183
[    0.131517] drivers/pci/probe.c 2220 next_fn -- functionpoint
[    0.131518] drivers/pci/probe.c 2281 pci_scan_slot -- functionpoint
[    0.131519] drivers/pci/probe.c 2196 pci_scan_single_device -- functionpoint
[    0.131521] drivers/pci/search.c 206 pci_get_slot -- functionpoint
[    0.131522] drivers/pci/search.c 215 pci_get_slot return value is NULL -- functionpoint
[    0.131524] drivers/pci/probe.c 2035 pci_scan_device -- functionpoint
[    0.131526] drivers/pci/probe.c 2009 pci_bus_read_dev_vendor_id -- functionpoint
[    0.131535] drivers/pci/probe.c 2048 pci_scan_device -- functionpoint -- dev_vendor: 8086, dev_device: a352
[    0.131538] drivers/pci/probe.c 1453 pci_setup_device -- functionpoint
[    0.131540] drivers/pci/probe.c 1242 set_pcie_port_type -- functionpoint
[    0.131552] pci 0000:00:17.0: [8086:a352] type 00 class 0x010601
[    0.131555] pci 0000:00:17.0: drivers/pci/probe.c 1482 pci_setup_device functionpoint -- [8086:a352] type 00 class 0x010601 multifunction 00
[    0.131571] drivers/pci/probe.c 1513 pci_setup_device  switch case PCI_HEADER_TYPE_NORMAL -- functionpoint
[    0.131585] pci 0000:00:17.0: reg 0x10: [mem 0xf1230000-0xf1231fff]
[    0.131598] pci 0000:00:17.0: reg 0x14: [mem 0xf1236000-0xf12360ff]
[    0.131609] pci 0000:00:17.0: reg 0x18: [io  0x4080-0x4087]
[    0.131621] pci 0000:00:17.0: reg 0x1c: [io  0x4090-0x4093]
[    0.131631] pci 0000:00:17.0: reg 0x20: [io  0x4060-0x407f]
[    0.131642] pci 0000:00:17.0: reg 0x24: [mem 0xf1235000-0xf12357ff]
[    0.131656] drivers/pci/probe.c 2145 pci_device_add -- functionpoint
[    0.131697] drivers/pci/pci.c 2409 pci_pm_init -- functionpoint
[    0.131706] pci 0000:00:17.0: drivers/pci/pci.c 2450 pci_pm_init --functionpoint-- supports
[    0.131710] pci 0000:00:17.0: PME# supported from D3hot
[    0.131711] pci 0000:00:17.0: drivers/pci/pci.c 2462 pci_pm_init --functionpoint-- PME# supported from D3hot
[    0.131717] pci 0000:00:17.0: drivers/pci/pci.c 1891 pci_pme_active --functionpoint-- PME# disabled
[    0.132781] drivers/pci/probe.c 2288 pci_scan_slot -- functionpoint -- fn = 0, devfn = 184, fn+devfn = 184
[    0.132783] drivers/pci/probe.c 2220 next_fn -- functionpoint
[    0.132784] drivers/pci/probe.c 2281 pci_scan_slot -- functionpoint
[    0.132785] drivers/pci/probe.c 2196 pci_scan_single_device -- functionpoint
[    0.132787] drivers/pci/search.c 206 pci_get_slot -- functionpoint
[    0.132789] drivers/pci/search.c 215 pci_get_slot return value is NULL -- functionpoint
[    0.132790] drivers/pci/probe.c 2035 pci_scan_device -- functionpoint
[    0.132792] drivers/pci/probe.c 2009 pci_bus_read_dev_vendor_id -- functionpoint
[    0.132803] drivers/pci/probe.c 2288 pci_scan_slot -- functionpoint -- fn = 0, devfn = 192, fn+devfn = 192
[    0.132807] drivers/pci/probe.c 2281 pci_scan_slot -- functionpoint
[    0.132807] drivers/pci/probe.c 2196 pci_scan_single_device -- functionpoint
[    0.132809] drivers/pci/search.c 206 pci_get_slot -- functionpoint
[    0.132810] drivers/pci/search.c 215 pci_get_slot return value is NULL -- functionpoint
[    0.132812] drivers/pci/probe.c 2035 pci_scan_device -- functionpoint
[    0.132814] drivers/pci/probe.c 2009 pci_bus_read_dev_vendor_id -- functionpoint
[    0.132828] drivers/pci/probe.c 2288 pci_scan_slot -- functionpoint -- fn = 0, devfn = 200, fn+devfn = 200
[    0.132832] drivers/pci/probe.c 2281 pci_scan_slot -- functionpoint
[    0.132832] drivers/pci/probe.c 2196 pci_scan_single_device -- functionpoint
[    0.132834] drivers/pci/search.c 206 pci_get_slot -- functionpoint
[    0.132835] drivers/pci/search.c 215 pci_get_slot return value is NULL -- functionpoint
[    0.132837] drivers/pci/probe.c 2035 pci_scan_device -- functionpoint
[    0.132839] drivers/pci/probe.c 2009 pci_bus_read_dev_vendor_id -- functionpoint
[    0.132853] drivers/pci/probe.c 2288 pci_scan_slot -- functionpoint -- fn = 0, devfn = 208, fn+devfn = 208
[    0.132857] drivers/pci/probe.c 2281 pci_scan_slot -- functionpoint
[    0.132857] drivers/pci/probe.c 2196 pci_scan_single_device -- functionpoint
[    0.132859] drivers/pci/search.c 206 pci_get_slot -- functionpoint
[    0.132860] drivers/pci/search.c 215 pci_get_slot return value is NULL -- functionpoint
[    0.132862] drivers/pci/probe.c 2035 pci_scan_device -- functionpoint
[    0.132864] drivers/pci/probe.c 2009 pci_bus_read_dev_vendor_id -- functionpoint
[    0.132871] drivers/pci/probe.c 2048 pci_scan_device -- functionpoint -- dev_vendor: 8086, dev_device: a32c
[    0.132875] drivers/pci/probe.c 1453 pci_setup_device -- functionpoint
[    0.132877] drivers/pci/probe.c 1242 set_pcie_port_type -- functionpoint
[    0.132886] drivers/pci/probe.c 1262 set_pcie_port_type --functionpoint-- root_port or pcie_bridge
[    0.132891] pci 0000:00:1b.0: [8086:a32c] type 01 class 0x060400
[    0.132894] pci 0000:00:1b.0: drivers/pci/probe.c 1482 pci_setup_device functionpoint -- [8086:a32c] type 01 class 0x060400 multifunction 01
[    0.132915] drivers/pci/probe.c 1566 pci_setup_device switch case PCI_HEADER_TYPE_BRIDGE -- functionpoint
[    0.132961] drivers/pci/probe.c 2145 pci_device_add -- functionpoint
[    0.133034] drivers/pci/pci.c 2409 pci_pm_init -- functionpoint
[    0.133046] pci 0000:00:1b.0: drivers/pci/pci.c 2450 pci_pm_init --functionpoint-- supports
[    0.133050] pci 0000:00:1b.0: PME# supported from D0 D3hot D3cold
[    0.133051] pci 0000:00:1b.0: drivers/pci/pci.c 2462 pci_pm_init --functionpoint-- PME# supported from D0 D3hot D3cold
[    0.133064] pci 0000:00:1b.0: drivers/pci/pci.c 1891 pci_pme_active --functionpoint-- PME# disabled
[    0.133099] pci 0000:00:1b.0: PTM enabled (root), 4dns granularity
[    0.134152] drivers/pci/probe.c 2288 pci_scan_slot -- functionpoint -- fn = 0, devfn = 216, fn+devfn = 216
[    0.134155] drivers/pci/probe.c 2220 next_fn -- functionpoint
[    0.134155] drivers/pci/probe.c 2196 pci_scan_single_device -- functionpoint
[    0.134157] drivers/pci/search.c 206 pci_get_slot -- functionpoint
[    0.134159] drivers/pci/search.c 215 pci_get_slot return value is NULL -- functionpoint
[    0.134161] drivers/pci/probe.c 2035 pci_scan_device -- functionpoint
[    0.134162] drivers/pci/probe.c 2009 pci_bus_read_dev_vendor_id -- functionpoint
[    0.134174] drivers/pci/probe.c 2298 pci_scan_slot -- functionpoint -- fn = 1, devfn = 216, fn+devfn = 217
[    0.134177] drivers/pci/probe.c 2220 next_fn -- functionpoint
[    0.134178] drivers/pci/probe.c 2196 pci_scan_single_device -- functionpoint
[    0.134179] drivers/pci/search.c 206 pci_get_slot -- functionpoint
[    0.134181] drivers/pci/search.c 215 pci_get_slot return value is NULL -- functionpoint
[    0.134183] drivers/pci/probe.c 2035 pci_scan_device -- functionpoint
[    0.134184] drivers/pci/probe.c 2009 pci_bus_read_dev_vendor_id -- functionpoint
[    0.134198] drivers/pci/probe.c 2298 pci_scan_slot -- functionpoint -- fn = 2, devfn = 216, fn+devfn = 218
[    0.134201] drivers/pci/probe.c 2220 next_fn -- functionpoint
[    0.134202] drivers/pci/probe.c 2196 pci_scan_single_device -- functionpoint
[    0.134203] drivers/pci/search.c 206 pci_get_slot -- functionpoint
[    0.134205] drivers/pci/search.c 215 pci_get_slot return value is NULL -- functionpoint
[    0.134207] drivers/pci/probe.c 2035 pci_scan_device -- functionpoint
[    0.134209] drivers/pci/probe.c 2009 pci_bus_read_dev_vendor_id -- functionpoint
[    0.134223] drivers/pci/probe.c 2298 pci_scan_slot -- functionpoint -- fn = 3, devfn = 216, fn+devfn = 219
[    0.134227] drivers/pci/probe.c 2220 next_fn -- functionpoint
[    0.134227] drivers/pci/probe.c 2196 pci_scan_single_device -- functionpoint
[    0.134229] drivers/pci/search.c 206 pci_get_slot -- functionpoint
[    0.134230] drivers/pci/search.c 215 pci_get_slot return value is NULL -- functionpoint
[    0.134232] drivers/pci/probe.c 2035 pci_scan_device -- functionpoint
[    0.134234] drivers/pci/probe.c 2009 pci_bus_read_dev_vendor_id -- functionpoint
[    0.134248] drivers/pci/probe.c 2298 pci_scan_slot -- functionpoint -- fn = 4, devfn = 216, fn+devfn = 220
[    0.134252] drivers/pci/probe.c 2220 next_fn -- functionpoint
[    0.134252] drivers/pci/probe.c 2196 pci_scan_single_device -- functionpoint
[    0.134254] drivers/pci/search.c 206 pci_get_slot -- functionpoint
[    0.134255] drivers/pci/search.c 215 pci_get_slot return value is NULL -- functionpoint
[    0.134257] drivers/pci/probe.c 2035 pci_scan_device -- functionpoint
[    0.134259] drivers/pci/probe.c 2009 pci_bus_read_dev_vendor_id -- functionpoint
[    0.134273] drivers/pci/probe.c 2298 pci_scan_slot -- functionpoint -- fn = 5, devfn = 216, fn+devfn = 221
[    0.134277] drivers/pci/probe.c 2220 next_fn -- functionpoint
[    0.134277] drivers/pci/probe.c 2196 pci_scan_single_device -- functionpoint
[    0.134279] drivers/pci/search.c 206 pci_get_slot -- functionpoint
[    0.134280] drivers/pci/search.c 215 pci_get_slot return value is NULL -- functionpoint
[    0.134282] drivers/pci/probe.c 2035 pci_scan_device -- functionpoint
[    0.134284] drivers/pci/probe.c 2009 pci_bus_read_dev_vendor_id -- functionpoint
[    0.134298] drivers/pci/probe.c 2298 pci_scan_slot -- functionpoint -- fn = 6, devfn = 216, fn+devfn = 222
[    0.134302] drivers/pci/probe.c 2220 next_fn -- functionpoint
[    0.134302] drivers/pci/probe.c 2196 pci_scan_single_device -- functionpoint
[    0.134304] drivers/pci/search.c 206 pci_get_slot -- functionpoint
[    0.134305] drivers/pci/search.c 215 pci_get_slot return value is NULL -- functionpoint
[    0.134307] drivers/pci/probe.c 2035 pci_scan_device -- functionpoint
[    0.134309] drivers/pci/probe.c 2009 pci_bus_read_dev_vendor_id -- functionpoint
[    0.134323] drivers/pci/probe.c 2298 pci_scan_slot -- functionpoint -- fn = 7, devfn = 216, fn+devfn = 223
[    0.134327] drivers/pci/probe.c 2220 next_fn -- functionpoint
[    0.134327] drivers/pci/probe.c 2281 pci_scan_slot -- functionpoint
[    0.134329] drivers/pci/probe.c 2196 pci_scan_single_device -- functionpoint
[    0.134330] drivers/pci/search.c 206 pci_get_slot -- functionpoint
[    0.134332] drivers/pci/search.c 215 pci_get_slot return value is NULL -- functionpoint
[    0.134333] drivers/pci/probe.c 2035 pci_scan_device -- functionpoint
[    0.134335] drivers/pci/probe.c 2009 pci_bus_read_dev_vendor_id -- functionpoint
[    0.134343] drivers/pci/probe.c 2048 pci_scan_device -- functionpoint -- dev_vendor: 8086, dev_device: a33e
[    0.134346] drivers/pci/probe.c 1453 pci_setup_device -- functionpoint
[    0.134348] drivers/pci/probe.c 1242 set_pcie_port_type -- functionpoint
[    0.134357] drivers/pci/probe.c 1262 set_pcie_port_type --functionpoint-- root_port or pcie_bridge
[    0.134362] pci 0000:00:1c.0: [8086:a33e] type 01 class 0x060400
[    0.134365] pci 0000:00:1c.0: drivers/pci/probe.c 1482 pci_setup_device functionpoint -- [8086:a33e] type 01 class 0x060400 multifunction 01
[    0.134384] drivers/pci/probe.c 1566 pci_setup_device switch case PCI_HEADER_TYPE_BRIDGE -- functionpoint
[    0.134429] drivers/pci/probe.c 2145 pci_device_add -- functionpoint
[    0.134500] drivers/pci/pci.c 2409 pci_pm_init -- functionpoint
[    0.134513] pci 0000:00:1c.0: drivers/pci/pci.c 2450 pci_pm_init --functionpoint-- supports
[    0.134517] pci 0000:00:1c.0: PME# supported from D0 D3hot D3cold
[    0.134518] pci 0000:00:1c.0: drivers/pci/pci.c 2462 pci_pm_init --functionpoint-- PME# supported from D0 D3hot D3cold
[    0.134531] pci 0000:00:1c.0: drivers/pci/pci.c 1891 pci_pme_active --functionpoint-- PME# disabled
[    0.134563] pci 0000:00:1c.0: PTM enabled (root), 4dns granularity
[    0.135618] drivers/pci/probe.c 2288 pci_scan_slot -- functionpoint -- fn = 0, devfn = 224, fn+devfn = 224
[    0.135621] drivers/pci/probe.c 2220 next_fn -- functionpoint
[    0.135621] drivers/pci/probe.c 2196 pci_scan_single_device -- functionpoint
[    0.135623] drivers/pci/search.c 206 pci_get_slot -- functionpoint
[    0.135624] drivers/pci/search.c 215 pci_get_slot return value is NULL -- functionpoint
[    0.135626] drivers/pci/probe.c 2035 pci_scan_device -- functionpoint
[    0.135628] drivers/pci/probe.c 2009 pci_bus_read_dev_vendor_id -- functionpoint
[    0.135639] drivers/pci/probe.c 2298 pci_scan_slot -- functionpoint -- fn = 1, devfn = 224, fn+devfn = 225
[    0.135643] drivers/pci/probe.c 2220 next_fn -- functionpoint
[    0.135643] drivers/pci/probe.c 2196 pci_scan_single_device -- functionpoint
[    0.135645] drivers/pci/search.c 206 pci_get_slot -- functionpoint
[    0.135646] drivers/pci/search.c 215 pci_get_slot return value is NULL -- functionpoint
[    0.135648] drivers/pci/probe.c 2035 pci_scan_device -- functionpoint
[    0.135650] drivers/pci/probe.c 2009 pci_bus_read_dev_vendor_id -- functionpoint
[    0.135664] drivers/pci/probe.c 2298 pci_scan_slot -- functionpoint -- fn = 2, devfn = 224, fn+devfn = 226
[    0.135668] drivers/pci/probe.c 2220 next_fn -- functionpoint
[    0.135668] drivers/pci/probe.c 2196 pci_scan_single_device -- functionpoint
[    0.135670] drivers/pci/search.c 206 pci_get_slot -- functionpoint
[    0.135671] drivers/pci/search.c 215 pci_get_slot return value is NULL -- functionpoint
[    0.135673] drivers/pci/probe.c 2035 pci_scan_device -- functionpoint
[    0.135675] drivers/pci/probe.c 2009 pci_bus_read_dev_vendor_id -- functionpoint
[    0.135686] drivers/pci/probe.c 2298 pci_scan_slot -- functionpoint -- fn = 3, devfn = 224, fn+devfn = 227
[    0.135690] drivers/pci/probe.c 2220 next_fn -- functionpoint
[    0.135690] drivers/pci/probe.c 2196 pci_scan_single_device -- functionpoint
[    0.135692] drivers/pci/search.c 206 pci_get_slot -- functionpoint
[    0.135693] drivers/pci/search.c 215 pci_get_slot return value is NULL -- functionpoint
[    0.135695] drivers/pci/probe.c 2035 pci_scan_device -- functionpoint
[    0.135697] drivers/pci/probe.c 2009 pci_bus_read_dev_vendor_id -- functionpoint
[    0.135711] drivers/pci/probe.c 2298 pci_scan_slot -- functionpoint -- fn = 4, devfn = 224, fn+devfn = 228
[    0.135714] drivers/pci/probe.c 2220 next_fn -- functionpoint
[    0.135715] drivers/pci/probe.c 2196 pci_scan_single_device -- functionpoint
[    0.135716] drivers/pci/search.c 206 pci_get_slot -- functionpoint
[    0.135718] drivers/pci/search.c 215 pci_get_slot return value is NULL -- functionpoint
[    0.135720] drivers/pci/probe.c 2035 pci_scan_device -- functionpoint
[    0.135722] drivers/pci/probe.c 2009 pci_bus_read_dev_vendor_id -- functionpoint
[    0.135736] drivers/pci/probe.c 2298 pci_scan_slot -- functionpoint -- fn = 5, devfn = 224, fn+devfn = 229
[    0.135739] drivers/pci/probe.c 2220 next_fn -- functionpoint
[    0.135740] drivers/pci/probe.c 2196 pci_scan_single_device -- functionpoint
[    0.135741] drivers/pci/search.c 206 pci_get_slot -- functionpoint
[    0.135743] drivers/pci/search.c 215 pci_get_slot return value is NULL -- functionpoint
[    0.135745] drivers/pci/probe.c 2035 pci_scan_device -- functionpoint
[    0.135746] drivers/pci/probe.c 2009 pci_bus_read_dev_vendor_id -- functionpoint
[    0.135761] drivers/pci/probe.c 2298 pci_scan_slot -- functionpoint -- fn = 6, devfn = 224, fn+devfn = 230
[    0.135764] drivers/pci/probe.c 2220 next_fn -- functionpoint
[    0.135765] drivers/pci/probe.c 2196 pci_scan_single_device -- functionpoint
[    0.135766] drivers/pci/search.c 206 pci_get_slot -- functionpoint
[    0.135768] drivers/pci/search.c 215 pci_get_slot return value is NULL -- functionpoint
[    0.135770] drivers/pci/probe.c 2035 pci_scan_device -- functionpoint
[    0.135772] drivers/pci/probe.c 2009 pci_bus_read_dev_vendor_id -- functionpoint
[    0.135786] drivers/pci/probe.c 2298 pci_scan_slot -- functionpoint -- fn = 7, devfn = 224, fn+devfn = 231
[    0.135789] drivers/pci/probe.c 2220 next_fn -- functionpoint
[    0.135790] drivers/pci/probe.c 2281 pci_scan_slot -- functionpoint
[    0.135791] drivers/pci/probe.c 2196 pci_scan_single_device -- functionpoint
[    0.135793] drivers/pci/search.c 206 pci_get_slot -- functionpoint
[    0.135795] drivers/pci/search.c 215 pci_get_slot return value is NULL -- functionpoint
[    0.135796] drivers/pci/probe.c 2035 pci_scan_device -- functionpoint
[    0.135798] drivers/pci/probe.c 2009 pci_bus_read_dev_vendor_id -- functionpoint
[    0.135810] drivers/pci/probe.c 2288 pci_scan_slot -- functionpoint -- fn = 0, devfn = 232, fn+devfn = 232
[    0.135813] drivers/pci/probe.c 2281 pci_scan_slot -- functionpoint
[    0.135813] drivers/pci/probe.c 2196 pci_scan_single_device -- functionpoint
[    0.135815] drivers/pci/search.c 206 pci_get_slot -- functionpoint
[    0.135817] drivers/pci/search.c 215 pci_get_slot return value is NULL -- functionpoint
[    0.135818] drivers/pci/probe.c 2035 pci_scan_device -- functionpoint
[    0.135820] drivers/pci/probe.c 2009 pci_bus_read_dev_vendor_id -- functionpoint
[    0.135830] drivers/pci/probe.c 2288 pci_scan_slot -- functionpoint -- fn = 0, devfn = 240, fn+devfn = 240
[    0.135833] drivers/pci/probe.c 2281 pci_scan_slot -- functionpoint
[    0.135833] drivers/pci/probe.c 2196 pci_scan_single_device -- functionpoint
[    0.135835] drivers/pci/search.c 206 pci_get_slot -- functionpoint
[    0.135837] drivers/pci/search.c 215 pci_get_slot return value is NULL -- functionpoint
[    0.135838] drivers/pci/probe.c 2035 pci_scan_device -- functionpoint
[    0.135840] drivers/pci/probe.c 2009 pci_bus_read_dev_vendor_id -- functionpoint
[    0.135855] drivers/pci/probe.c 2048 pci_scan_device -- functionpoint -- dev_vendor: 8086, dev_device: a306
[    0.135859] drivers/pci/probe.c 1453 pci_setup_device -- functionpoint
[    0.135860] drivers/pci/probe.c 1242 set_pcie_port_type -- functionpoint
[    0.135868] pci 0000:00:1f.0: [8086:a306] type 00 class 0x060100
[    0.135870] pci 0000:00:1f.0: drivers/pci/probe.c 1482 pci_setup_device functionpoint -- [8086:a306] type 00 class 0x060100 multifunction 01
[    0.135880] drivers/pci/probe.c 1513 pci_setup_device  switch case PCI_HEADER_TYPE_NORMAL -- functionpoint
[    0.135957] drivers/pci/probe.c 2145 pci_device_add -- functionpoint
[    0.135971] drivers/pci/pci.c 2409 pci_pm_init -- functionpoint
[    0.136979] drivers/pci/probe.c 2288 pci_scan_slot -- functionpoint -- fn = 0, devfn = 248, fn+devfn = 248
[    0.136983] drivers/pci/probe.c 2220 next_fn -- functionpoint
[    0.136983] drivers/pci/probe.c 2196 pci_scan_single_device -- functionpoint
[    0.136985] drivers/pci/search.c 206 pci_get_slot -- functionpoint
[    0.136987] drivers/pci/search.c 215 pci_get_slot return value is NULL -- functionpoint
[    0.136988] drivers/pci/probe.c 2035 pci_scan_device -- functionpoint
[    0.136990] drivers/pci/probe.c 2009 pci_bus_read_dev_vendor_id -- functionpoint
[    0.137002] drivers/pci/probe.c 2298 pci_scan_slot -- functionpoint -- fn = 1, devfn = 248, fn+devfn = 249
[    0.137005] drivers/pci/probe.c 2220 next_fn -- functionpoint
[    0.137005] drivers/pci/probe.c 2196 pci_scan_single_device -- functionpoint
[    0.137007] drivers/pci/search.c 206 pci_get_slot -- functionpoint
[    0.137009] drivers/pci/search.c 215 pci_get_slot return value is NULL -- functionpoint
[    0.137010] drivers/pci/probe.c 2035 pci_scan_device -- functionpoint
[    0.137012] drivers/pci/probe.c 2009 pci_bus_read_dev_vendor_id -- functionpoint
[    0.137027] drivers/pci/probe.c 2298 pci_scan_slot -- functionpoint -- fn = 2, devfn = 248, fn+devfn = 250
[    0.137031] drivers/pci/probe.c 2220 next_fn -- functionpoint
[    0.137031] drivers/pci/probe.c 2196 pci_scan_single_device -- functionpoint
[    0.137033] drivers/pci/search.c 206 pci_get_slot -- functionpoint
[    0.137034] drivers/pci/search.c 215 pci_get_slot return value is NULL -- functionpoint
[    0.137036] drivers/pci/probe.c 2035 pci_scan_device -- functionpoint
[    0.137038] drivers/pci/probe.c 2009 pci_bus_read_dev_vendor_id -- functionpoint
[    0.137048] drivers/pci/probe.c 2048 pci_scan_device -- functionpoint -- dev_vendor: 8086, dev_device: a348
[    0.137051] drivers/pci/probe.c 1453 pci_setup_device -- functionpoint
[    0.137055] drivers/pci/probe.c 1242 set_pcie_port_type -- functionpoint
[    0.137078] pci 0000:00:1f.3: [8086:a348] type 00 class 0x040300
[    0.137081] pci 0000:00:1f.3: drivers/pci/probe.c 1482 pci_setup_device functionpoint -- [8086:a348] type 00 class 0x040300 multifunction 00
[    0.137114] drivers/pci/probe.c 1513 pci_setup_device  switch case PCI_HEADER_TYPE_NORMAL -- functionpoint
[    0.137156] pci 0000:00:1f.3: reg 0x10: [mem 0x4000100000-0x4000103fff 64bit]
[    0.137221] pci 0000:00:1f.3: reg 0x20: [mem 0x4000000000-0x40000fffff 64bit]
[    0.137247] drivers/pci/probe.c 2145 pci_device_add -- functionpoint
[    0.137342] drivers/pci/pci.c 2409 pci_pm_init -- functionpoint
[    0.137357] pci 0000:00:1f.3: drivers/pci/pci.c 2450 pci_pm_init --functionpoint-- supports
[    0.137361] pci 0000:00:1f.3: PME# supported from D3hot D3cold
[    0.137362] pci 0000:00:1f.3: drivers/pci/pci.c 2462 pci_pm_init --functionpoint-- PME# supported from D3hot D3cold
[    0.137371] pci 0000:00:1f.3: drivers/pci/pci.c 1891 pci_pme_active --functionpoint-- PME# disabled
[    0.138479] drivers/pci/probe.c 2298 pci_scan_slot -- functionpoint -- fn = 3, devfn = 248, fn+devfn = 251
[    0.138482] drivers/pci/probe.c 2220 next_fn -- functionpoint
[    0.138482] drivers/pci/probe.c 2196 pci_scan_single_device -- functionpoint
[    0.138484] drivers/pci/search.c 206 pci_get_slot -- functionpoint
[    0.138485] drivers/pci/search.c 215 pci_get_slot return value is NULL -- functionpoint
[    0.138487] drivers/pci/probe.c 2035 pci_scan_device -- functionpoint
[    0.138489] drivers/pci/probe.c 2009 pci_bus_read_dev_vendor_id -- functionpoint
[    0.138501] drivers/pci/probe.c 2048 pci_scan_device -- functionpoint -- dev_vendor: 8086, dev_device: a323
[    0.138505] drivers/pci/probe.c 1453 pci_setup_device -- functionpoint
[    0.138512] drivers/pci/probe.c 1242 set_pcie_port_type -- functionpoint
[    0.138535] pci 0000:00:1f.4: [8086:a323] type 00 class 0x0c0500
[    0.138538] pci 0000:00:1f.4: drivers/pci/probe.c 1482 pci_setup_device functionpoint -- [8086:a323] type 00 class 0x0c0500 multifunction 00
[    0.138563] drivers/pci/probe.c 1513 pci_setup_device  switch case PCI_HEADER_TYPE_NORMAL -- functionpoint
[    0.138601] pci 0000:00:1f.4: reg 0x10: [mem 0x4000104000-0x40001040ff 64bit]
[    0.138662] pci 0000:00:1f.4: reg 0x20: [io  0xefa0-0xefbf]
[    0.138710] drivers/pci/probe.c 2145 pci_device_add -- functionpoint
[    0.138730] drivers/pci/pci.c 2409 pci_pm_init -- functionpoint
[    0.139744] drivers/pci/probe.c 2298 pci_scan_slot -- functionpoint -- fn = 4, devfn = 248, fn+devfn = 252
[    0.139748] drivers/pci/probe.c 2220 next_fn -- functionpoint
[    0.139748] drivers/pci/probe.c 2196 pci_scan_single_device -- functionpoint
[    0.139750] drivers/pci/search.c 206 pci_get_slot -- functionpoint
[    0.139752] drivers/pci/search.c 215 pci_get_slot return value is NULL -- functionpoint
[    0.139753] drivers/pci/probe.c 2035 pci_scan_device -- functionpoint
[    0.139755] drivers/pci/probe.c 2009 pci_bus_read_dev_vendor_id -- functionpoint
[    0.139766] drivers/pci/probe.c 2048 pci_scan_device -- functionpoint -- dev_vendor: 8086, dev_device: a324
[    0.139769] drivers/pci/probe.c 1453 pci_setup_device -- functionpoint
[    0.139771] drivers/pci/probe.c 1242 set_pcie_port_type -- functionpoint
[    0.139778] pci 0000:00:1f.5: [8086:a324] type 00 class 0x0c8000
[    0.139780] pci 0000:00:1f.5: drivers/pci/probe.c 1482 pci_setup_device functionpoint -- [8086:a324] type 00 class 0x0c8000 multifunction 00
[    0.139790] drivers/pci/probe.c 1513 pci_setup_device  switch case PCI_HEADER_TYPE_NORMAL -- functionpoint
[    0.139803] pci 0000:00:1f.5: reg 0x10: [mem 0xfe010000-0xfe010fff]
[    0.139870] drivers/pci/probe.c 2145 pci_device_add -- functionpoint
[    0.139882] drivers/pci/pci.c 2409 pci_pm_init -- functionpoint
[    0.140854] drivers/pci/probe.c 2298 pci_scan_slot -- functionpoint -- fn = 5, devfn = 248, fn+devfn = 253
[    0.140858] drivers/pci/probe.c 2220 next_fn -- functionpoint
[    0.140858] drivers/pci/probe.c 2196 pci_scan_single_device -- functionpoint
[    0.140860] drivers/pci/search.c 206 pci_get_slot -- functionpoint
[    0.140862] drivers/pci/search.c 215 pci_get_slot return value is NULL -- functionpoint
[    0.140863] drivers/pci/probe.c 2035 pci_scan_device -- functionpoint
[    0.140865] drivers/pci/probe.c 2009 pci_bus_read_dev_vendor_id -- functionpoint
[    0.140872] drivers/pci/probe.c 2048 pci_scan_device -- functionpoint -- dev_vendor: 8086, dev_device: 15bb
[    0.140876] drivers/pci/probe.c 1453 pci_setup_device -- functionpoint
[    0.140879] drivers/pci/probe.c 1242 set_pcie_port_type -- functionpoint
[    0.140898] pci 0000:00:1f.6: [8086:15bb] type 00 class 0x020000
[    0.140901] pci 0000:00:1f.6: drivers/pci/probe.c 1482 pci_setup_device functionpoint -- [8086:15bb] type 00 class 0x020000 multifunction 00
[    0.140917] drivers/pci/search.c 206 pci_get_slot -- functionpoint
[    0.140930] drivers/pci/probe.c 1513 pci_setup_device  switch case PCI_HEADER_TYPE_NORMAL -- functionpoint
[    0.140962] pci 0000:00:1f.6: reg 0x10: [mem 0xf1200000-0xf121ffff]
[    0.141110] drivers/pci/probe.c 2145 pci_device_add -- functionpoint
[    0.141188] drivers/pci/pci.c 2409 pci_pm_init -- functionpoint
[    0.141203] pci 0000:00:1f.6: drivers/pci/pci.c 2450 pci_pm_init --functionpoint-- supports
[    0.141207] pci 0000:00:1f.6: PME# supported from D0 D3hot D3cold
[    0.141208] pci 0000:00:1f.6: drivers/pci/pci.c 2462 pci_pm_init --functionpoint-- PME# supported from D0 D3hot D3cold
[    0.141227] pci 0000:00:1f.6: drivers/pci/pci.c 1891 pci_pme_active --functionpoint-- PME# disabled
[    0.142212] drivers/pci/probe.c 2298 pci_scan_slot -- functionpoint -- fn = 6, devfn = 248, fn+devfn = 254
[    0.142214] drivers/pci/probe.c 2220 next_fn -- functionpoint
[    0.142214] drivers/pci/probe.c 2196 pci_scan_single_device -- functionpoint
[    0.142216] drivers/pci/search.c 206 pci_get_slot -- functionpoint
[    0.142218] drivers/pci/search.c 215 pci_get_slot return value is NULL -- functionpoint
[    0.142220] drivers/pci/probe.c 2035 pci_scan_device -- functionpoint
[    0.142221] drivers/pci/probe.c 2009 pci_bus_read_dev_vendor_id -- functionpoint
[    0.142233] drivers/pci/probe.c 2298 pci_scan_slot -- functionpoint -- fn = 7, devfn = 248, fn+devfn = 255
[    0.142237] drivers/pci/probe.c 2220 next_fn -- functionpoint
[    0.142237] drivers/pci/probe.c 463 pci_read_bridge_bases -- functionpoint
[    0.142239] drivers/pci/probe.c 1002 pci_scan_bridge_extend -- functionpoint
[    0.142250] pci 0000:00:1b.0: drivers/pci/probe.c 1016 pci_scan_bridge_extend -- functionpoint -- scanning [bus 01-01] behind bridge, pass 0
[    0.142257] drivers/pci/search.c 144 pci_find_bus -- functionpoint
[    0.142258] drivers/pci/search.c 145 pci_find_bus functionpoint -- domain_num = 0, bus_num = 1
[    0.142261] drivers/pci/search.c 176 pci_find_next_bus -- functionpoint
[    0.142262] drivers/pci/search.c 176 pci_find_next_bus -- functionpoint
[    0.142263] drivers/pci/search.c 157 pci_find_bus not found bus -- functionpoint
[    0.142321] drivers/pci/probe.c 2009 pci_bus_read_dev_vendor_id -- functionpoint
[    0.142337] drivers/pci/probe.c 2497 pci_scan_child_bus_extend -- functionpoint
[    0.142340] pci_bus 0000:01: drivers/pci/probe.c 2501 pci_scan_child_bus_extend-- functionpoint -- scanning bus
[    0.142343] drivers/pci/probe.c 2281 pci_scan_slot -- functionpoint
[    0.142344] drivers/pci/probe.c 2196 pci_scan_single_device -- functionpoint
[    0.142345] drivers/pci/search.c 206 pci_get_slot -- functionpoint
[    0.142347] drivers/pci/search.c 215 pci_get_slot return value is NULL -- functionpoint
[    0.142348] drivers/pci/probe.c 2035 pci_scan_device -- functionpoint
[    0.142350] drivers/pci/probe.c 2009 pci_bus_read_dev_vendor_id -- functionpoint
[    0.142359] drivers/pci/probe.c 2048 pci_scan_device -- functionpoint -- dev_vendor: 1c5c, dev_device: 1339
[    0.142362] drivers/pci/probe.c 1453 pci_setup_device -- functionpoint
[    0.142364] drivers/pci/probe.c 1242 set_pcie_port_type -- functionpoint
[    0.142380] pci 0000:01:00.0: [1c5c:1339] type 00 class 0x010802
[    0.142383] pci 0000:01:00.0: drivers/pci/probe.c 1482 pci_setup_device functionpoint -- [1c5c:1339] type 00 class 0x010802 multifunction 00
[    0.142410] drivers/pci/probe.c 1513 pci_setup_device  switch case PCI_HEADER_TYPE_NORMAL -- functionpoint
[    0.142430] pci 0000:01:00.0: reg 0x10: [mem 0xf1100000-0xf1103fff 64bit]
[    0.142486] drivers/pci/probe.c 2145 pci_device_add -- functionpoint
[    0.142576] drivers/pci/pci.c 2409 pci_pm_init -- functionpoint
[    0.142585] pci 0000:01:00.0: supports D1
[    0.142587] pci 0000:01:00.0: drivers/pci/pci.c 2450 pci_pm_init --functionpoint-- supports D1
[    0.142589] pci 0000:01:00.0: PME# supported from D0 D1 D3hot
[    0.142591] pci 0000:01:00.0: drivers/pci/pci.c 2462 pci_pm_init --functionpoint-- PME# supported from D0 D1 D3hot
[    0.142603] pci 0000:01:00.0: drivers/pci/pci.c 1891 pci_pme_active --functionpoint-- PME# disabled
[    0.142697] drivers/pci/probe.c 2288 pci_scan_slot -- functionpoint -- fn = 0, devfn = 0, fn+devfn = 0
[    0.142699] drivers/pci/probe.c 2220 next_fn -- functionpoint
[    0.152074] drivers/pci/probe.c 2281 pci_scan_slot -- functionpoint
[    0.152076] drivers/pci/probe.c 2281 pci_scan_slot -- functionpoint
[    0.152078] drivers/pci/probe.c 2281 pci_scan_slot -- functionpoint
[    0.152079] drivers/pci/probe.c 2281 pci_scan_slot -- functionpoint
[    0.152081] drivers/pci/probe.c 2281 pci_scan_slot -- functionpoint
[    0.152082] drivers/pci/probe.c 2281 pci_scan_slot -- functionpoint
[    0.152084] drivers/pci/probe.c 2281 pci_scan_slot -- functionpoint
[    0.152085] drivers/pci/probe.c 2281 pci_scan_slot -- functionpoint
[    0.152087] drivers/pci/probe.c 2281 pci_scan_slot -- functionpoint
[    0.152088] drivers/pci/probe.c 2281 pci_scan_slot -- functionpoint
[    0.152090] drivers/pci/probe.c 2281 pci_scan_slot -- functionpoint
[    0.152091] drivers/pci/probe.c 2281 pci_scan_slot -- functionpoint
[    0.152093] drivers/pci/probe.c 2281 pci_scan_slot -- functionpoint
[    0.152094] drivers/pci/probe.c 2281 pci_scan_slot -- functionpoint
[    0.152096] drivers/pci/probe.c 2281 pci_scan_slot -- functionpoint
[    0.152097] drivers/pci/probe.c 2281 pci_scan_slot -- functionpoint
[    0.152099] drivers/pci/probe.c 2281 pci_scan_slot -- functionpoint
[    0.152100] drivers/pci/probe.c 2281 pci_scan_slot -- functionpoint
[    0.152102] drivers/pci/probe.c 2281 pci_scan_slot -- functionpoint
[    0.152103] drivers/pci/probe.c 2281 pci_scan_slot -- functionpoint
[    0.152105] drivers/pci/probe.c 2281 pci_scan_slot -- functionpoint
[    0.152106] drivers/pci/probe.c 2281 pci_scan_slot -- functionpoint
[    0.152108] drivers/pci/probe.c 2281 pci_scan_slot -- functionpoint
[    0.152110] drivers/pci/probe.c 2281 pci_scan_slot -- functionpoint
[    0.152111] drivers/pci/probe.c 2281 pci_scan_slot -- functionpoint
[    0.152113] drivers/pci/probe.c 2281 pci_scan_slot -- functionpoint
[    0.152114] drivers/pci/probe.c 2281 pci_scan_slot -- functionpoint
[    0.152116] drivers/pci/probe.c 2281 pci_scan_slot -- functionpoint
[    0.152117] drivers/pci/probe.c 2281 pci_scan_slot -- functionpoint
[    0.152119] drivers/pci/probe.c 2281 pci_scan_slot -- functionpoint
[    0.152120] drivers/pci/probe.c 2281 pci_scan_slot -- functionpoint
[    0.152122] drivers/pci/probe.c 463 pci_read_bridge_bases -- functionpoint
[    0.152124] pci 0000:00:1b.0: PCI bridge to [bus 01]
[    0.152137] pci 0000:00:1b.0:   bridge window [mem 0xf1100000-0xf11fffff]
[    0.152144] pci_bus 0000:01: drivers/pci/probe.c 2599 pci_scan_child_bus_extend -- functionpoint -- bus scan returning with max=01
[    0.152148] drivers/pci/probe.c 1002 pci_scan_bridge_extend -- functionpoint
[    0.152151] pci 0000:00:1c.0: drivers/pci/probe.c 1016 pci_scan_bridge_extend -- functionpoint -- scanning [bus 02-03] behind bridge, pass 0
[    0.152159] drivers/pci/search.c 144 pci_find_bus -- functionpoint
[    0.152160] drivers/pci/search.c 145 pci_find_bus functionpoint -- domain_num = 0, bus_num = 2
[    0.152163] drivers/pci/search.c 176 pci_find_next_bus -- functionpoint
