[    0.000000] microcode: microcode updated early to revision 0xde, date = 2020-05-24
[    0.000000] Linux version 4.15.9+ (root@Yee-680G4) (gcc version 5.5.0 20171010 (Ubuntu 5.5.0-12ubuntu1~16.04)) #58 SMP Wed Dec 30 11:09:02 CST 2020
[    0.000000] Command line: BOOT_IMAGE=/boot/vmlinuz-4.15.9+ root=UUID=da0e40f1-3840-43a9-b61a-7b465a7673d3 ro quiet splash vt.handoff=7
[    0.000000] KERNEL supported cpus:
[    0.000000]   Intel GenuineIntel
[    0.000000]   AMD AuthenticAMD
[    0.000000]   Centaur CentaurHauls
[    0.000000] x86/fpu: Supporting XSAVE feature 0x001: 'x87 floating point registers'
[    0.000000] x86/fpu: Supporting XSAVE feature 0x002: 'SSE registers'
[    0.000000] x86/fpu: Supporting XSAVE feature 0x004: 'AVX registers'
[    0.000000] x86/fpu: Supporting XSAVE feature 0x008: 'MPX bounds registers'
[    0.000000] x86/fpu: Supporting XSAVE feature 0x010: 'MPX CSR'
[    0.000000] x86/fpu: xstate_offset[2]:  576, xstate_sizes[2]:  256
[    0.000000] x86/fpu: xstate_offset[3]:  832, xstate_sizes[3]:   64
[    0.000000] x86/fpu: xstate_offset[4]:  896, xstate_sizes[4]:   64
[    0.000000] x86/fpu: Enabled xstate features 0x1f, context size is 960 bytes, using 'compacted' format.
[    0.000000] e820: BIOS-provided physical RAM map:
[    0.000000] BIOS-e820: [mem 0x0000000000000000-0x000000000009efff] usable
[    0.000000] BIOS-e820: [mem 0x000000000009f000-0x00000000000fffff] reserved
[    0.000000] BIOS-e820: [mem 0x0000000000100000-0x00000000be6aafff] usable
[    0.000000] BIOS-e820: [mem 0x00000000be6ab000-0x00000000bf98efff] reserved
[    0.000000] BIOS-e820: [mem 0x00000000bf98f000-0x00000000bfb8efff] ACPI NVS
[    0.000000] BIOS-e820: [mem 0x00000000bfb8f000-0x00000000bfc0efff] ACPI data
[    0.000000] BIOS-e820: [mem 0x00000000bfc0f000-0x00000000bfc0ffff] usable
[    0.000000] BIOS-e820: [mem 0x00000000bfc10000-0x00000000d47fffff] reserved
[    0.000000] BIOS-e820: [mem 0x00000000fe010000-0x00000000fe010fff] reserved
[    0.000000] BIOS-e820: [mem 0x00000000ff000000-0x00000000ffffffff] reserved
[    0.000000] BIOS-e820: [mem 0x0000000100000000-0x00000004277fffff] usable
[    0.000000] NX (Execute Disable) protection: active
[    0.000000] efi: EFI v2.60 by HP
[    0.000000] efi:  ACPI=0xbfc0e000  ACPI 2.0=0xbfc0e014  SMBIOS=0xbee75000  ESRT=0xbee76018  MEMATTR=0xaf74f018 
[    0.000000] random: fast init done
[    0.000000] SMBIOS 3.1 present.
[    0.000000] DMI: HP HP ProDesk 680 G4 MT/8580, BIOS R04 Ver. 02.11.01 04/27/2020
[    0.000000] e820: update [mem 0x00000000-0x00000fff] usable ==> reserved
[    0.000000] e820: remove [mem 0x000a0000-0x000fffff] usable
[    0.000000] e820: last_pfn = 0x427800 max_arch_pfn = 0x400000000
[    0.000000] MTRR default type: write-back
[    0.000000] MTRR fixed ranges enabled:
[    0.000000]   00000-9FFFF write-back
[    0.000000]   A0000-BFFFF uncachable
[    0.000000]   C0000-FFFFF write-protect
[    0.000000] MTRR variable ranges enabled:
[    0.000000]   0 base 00E0000000 mask 7FE0000000 uncachable
[    0.000000]   1 base 00D0000000 mask 7FF0000000 uncachable
[    0.000000]   2 base 00C8000000 mask 7FF8000000 uncachable
[    0.000000]   3 base 00C4000000 mask 7FFC000000 uncachable
[    0.000000]   4 base 2000000000 mask 6000000000 uncachable
[    0.000000]   5 base 1000000000 mask 7000000000 uncachable
[    0.000000]   6 base 0800000000 mask 7800000000 uncachable
[    0.000000]   7 base 4000000000 mask 4000000000 uncachable
[    0.000000]   8 disabled
[    0.000000]   9 disabled
[    0.000000] x86/PAT: Configuration [0-7]: WB  WC  UC- UC  WB  WP  UC- WT  
[    0.000000] e820: last_pfn = 0xbfc10 max_arch_pfn = 0x400000000
[    0.000000] esrt: Reserving ESRT space from 0x00000000bee76018 to 0x00000000bee76050.
[    0.000000] Scanning 1 areas for low memory corruption
[    0.000000] Base memory trampoline at [        (ptrval)] 99000 size 24576
[    0.000000] Using GB pages for direct mapping
[    0.000000] BRK [0x2ec9fa000, 0x2ec9fafff] PGTABLE
[    0.000000] BRK [0x2ec9fb000, 0x2ec9fbfff] PGTABLE
[    0.000000] BRK [0x2ec9fc000, 0x2ec9fcfff] PGTABLE
[    0.000000] BRK [0x2ec9fd000, 0x2ec9fdfff] PGTABLE
[    0.000000] BRK [0x2ec9fe000, 0x2ec9fefff] PGTABLE
[    0.000000] BRK [0x2ec9ff000, 0x2ec9fffff] PGTABLE
[    0.000000] BRK [0x2eca00000, 0x2eca00fff] PGTABLE
[    0.000000] BRK [0x2eca01000, 0x2eca01fff] PGTABLE
[    0.000000] Secure boot could not be determined
[    0.000000] RAMDISK: [mem 0x232ba000-0x3e1b0fff]
[    0.000000] ACPI: Early table checksum verification disabled
[    0.000000] ACPI: RSDP 0x00000000BFC0E014 000024 (v02 HPQOEM)
[    0.000000] ACPI: XSDT 0x00000000BFBC7188 0000DC (v01 HPQOEM SLIC-BPC 00000000 INTL 20160422)
[    0.000000] ACPI: FACP 0x00000000BFC08000 000114 (v06 HPQOEM SLIC-BPC 00000000 HP   00000001)
[    0.000000] ACPI: DSDT 0x00000000BFBE5000 01E092 (v02 HPQOEM 8580     00000000 INTL 20160527)
[    0.000000] ACPI: FACS 0x00000000BFB3F000 000040
[    0.000000] ACPI: SSDT 0x00000000BFC0C000 00012A (v02 HP     ShmTable 00000001 INTL 20160527)
[    0.000000] ACPI: SSDT 0x00000000BFC0A000 001B5F (v02 CpuRef CpuSsdt  00003000 INTL 20160527)
[    0.000000] ACPI: SSDT 0x00000000BFC09000 0009CF (v02 CtdpB  CtdpB    00001000 INTL 20160527)
[    0.000000] ACPI: HPET 0x00000000BFC07000 000038 (v01 HPQOEM 8580     00000001 HP   00000001)
[    0.000000] ACPI: APIC 0x00000000BFC06000 00012C (v03 HPQOEM 8580     00000001 HP   00000001)
[    0.000000] ACPI: MCFG 0x00000000BFC05000 00003C (v01 HPQOEM 8580     00000001 HP   00000001)
[    0.000000] ACPI: WSMT 0x00000000BFC04000 000028 (v01 HPQOEM 8580     00000001 HP   00000001)
[    0.000000] ACPI: SSDT 0x00000000BFBE4000 000734 (v01 HPQOEM PtidDevc 00001000 INTL 20160527)
[    0.000000] ACPI: SSDT 0x00000000BFBE3000 000B27 (v02 HPQOEM HP_XHC_P 00000000 INTL 20160527)
[    0.000000] ACPI: SSDT 0x00000000BFBDF000 0030ED (v02 SaSsdt SaSsdt   00003000 INTL 20160527)
[    0.000000] ACPI: LPIT 0x00000000BFBDE000 000094 (v01 INTEL  CFL      20170001 INTL 20160422)
[    0.000000] ACPI: WSMT 0x00000000BFBDD000 000028 (v01 INTEL  CFL      20170001 INTL 20160422)
[    0.000000] ACPI: SSDT 0x00000000BFBDC000 00044C (v02 INTEL  Wwan     00000001 INTL 20160527)
[    0.000000] ACPI: UEFI 0x00000000BFB39000 000042 (v01 INTEL  CFL      20170001 INTL 20160422)
[    0.000000] ACPI: OEML 0x00000000BFBDB000 000028 (v03 INTEL  CFL      20170001 INTL 20160422)
[    0.000000] ACPI: DMAR 0x00000000BFBDA000 0000C8 (v01 INTEL  CFL      00000002      01000013)
[    0.000000] ACPI: SSDT 0x00000000BFBCB000 00E899 (v01 HP     HPINDTWL 00001000 INTL 20160527)
[    0.000000] ACPI: SSDT 0x00000000BFBCA000 000032 (v01 HP     HPCONDEV 00001000 INTL 20160527)
[    0.000000] ACPI: SSDT 0x00000000BFBC9000 000069 (v01 HP     HPCAHWID 00001000 INTL 20160527)
[    0.000000] ACPI: ASF! 0x00000000BFBC8000 0000A0 (v32 HPQOEM  UYA     20170001 INTL 20160422)
[    0.000000] ACPI: FPDT 0x00000000BFC0D000 000044 (v01 INTEL  CFL      20170001 INTL 20160422)
[    0.000000] ACPI: BGRT 0x00000000BFBC6000 000038 (v01 INTEL  CFL      20170001 INTL 20160422)
[    0.000000] ACPI: Local APIC address 0xfee00000
[    0.000000] No NUMA configuration found
[    0.000000] Faking a node at [mem 0x0000000000000000-0x00000004277fffff]
[    0.000000] NODE_DATA(0) allocated [mem 0x4277d5000-0x4277fffff]
[    0.000000] Zone ranges:
[    0.000000]   DMA      [mem 0x0000000000001000-0x0000000000ffffff]
[    0.000000]   DMA32    [mem 0x0000000001000000-0x00000000ffffffff]
[    0.000000]   Normal   [mem 0x0000000100000000-0x00000004277fffff]
[    0.000000]   Device   empty
[    0.000000] Movable zone start for each node
[    0.000000] Early memory node ranges
[    0.000000]   node   0: [mem 0x0000000000001000-0x000000000009efff]
[    0.000000]   node   0: [mem 0x0000000000100000-0x00000000be6aafff]
[    0.000000]   node   0: [mem 0x00000000bfc0f000-0x00000000bfc0ffff]
[    0.000000]   node   0: [mem 0x0000000100000000-0x00000004277fffff]
[    0.000000] Initmem setup node 0 [mem 0x0000000000001000-0x00000004277fffff]
[    0.000000] On node 0 totalpages: 4087370
[    0.000000]   DMA zone: 64 pages used for memmap
[    0.000000]   DMA zone: 21 pages reserved
[    0.000000]   DMA zone: 3998 pages, LIFO batch:0
[    0.000000]   DMA32 zone: 12123 pages used for memmap
[    0.000000]   DMA32 zone: 775852 pages, LIFO batch:31
[    0.000000]   Normal zone: 51680 pages used for memmap
[    0.000000]   Normal zone: 3307520 pages, LIFO batch:31
[    0.000000] Reserved but unavailable: 99 pages
[    0.000000] tboot: non-0 tboot_addr but it is not of type E820_TYPE_RESERVED
[    0.000000] ACPI: PM-Timer IO Port: 0x1808
[    0.000000] ACPI: Local APIC address 0xfee00000
[    0.000000] ACPI: LAPIC_NMI (acpi_id[0x01] high edge lint[0x1])
[    0.000000] ACPI: LAPIC_NMI (acpi_id[0x02] high edge lint[0x1])
[    0.000000] ACPI: LAPIC_NMI (acpi_id[0x03] high edge lint[0x1])
[    0.000000] ACPI: LAPIC_NMI (acpi_id[0x04] high edge lint[0x1])
[    0.000000] ACPI: LAPIC_NMI (acpi_id[0x05] high edge lint[0x1])
[    0.000000] ACPI: LAPIC_NMI (acpi_id[0x06] high edge lint[0x1])
[    0.000000] ACPI: LAPIC_NMI (acpi_id[0x07] high edge lint[0x1])
[    0.000000] ACPI: LAPIC_NMI (acpi_id[0x08] high edge lint[0x1])
[    0.000000] ACPI: LAPIC_NMI (acpi_id[0x09] high edge lint[0x1])
[    0.000000] ACPI: LAPIC_NMI (acpi_id[0x0a] high edge lint[0x1])
[    0.000000] ACPI: LAPIC_NMI (acpi_id[0x0b] high edge lint[0x1])
[    0.000000] ACPI: LAPIC_NMI (acpi_id[0x0c] high edge lint[0x1])
[    0.000000] ACPI: LAPIC_NMI (acpi_id[0x0d] high edge lint[0x1])
[    0.000000] ACPI: LAPIC_NMI (acpi_id[0x0e] high edge lint[0x1])
[    0.000000] ACPI: LAPIC_NMI (acpi_id[0x0f] high edge lint[0x1])
[    0.000000] ACPI: LAPIC_NMI (acpi_id[0x10] high edge lint[0x1])
[    0.000000] IOAPIC[0]: apic_id 2, version 32, address 0xfec00000, GSI 0-119
[    0.000000] ACPI: INT_SRC_OVR (bus 0 bus_irq 0 global_irq 2 dfl dfl)
[    0.000000] ACPI: INT_SRC_OVR (bus 0 bus_irq 9 global_irq 9 high level)
[    0.000000] ACPI: IRQ0 used by override.
[    0.000000] ACPI: IRQ9 used by override.
[    0.000000] Using ACPI (MADT) for SMP configuration information
[    0.000000] ACPI: HPET id: 0x8086a201 base: 0xfed00000
[    0.000000] smpboot: Allowing 8 CPUs, 0 hotplug CPUs
[    0.000000] PM: Registered nosave memory: [mem 0x00000000-0x00000fff]
[    0.000000] PM: Registered nosave memory: [mem 0x0009f000-0x000fffff]
[    0.000000] PM: Registered nosave memory: [mem 0xbe6ab000-0xbf98efff]
[    0.000000] PM: Registered nosave memory: [mem 0xbf98f000-0xbfb8efff]
[    0.000000] PM: Registered nosave memory: [mem 0xbfb8f000-0xbfc0efff]
[    0.000000] PM: Registered nosave memory: [mem 0xbfc10000-0xd47fffff]
[    0.000000] PM: Registered nosave memory: [mem 0xd4800000-0xfe00ffff]
[    0.000000] PM: Registered nosave memory: [mem 0xfe010000-0xfe010fff]
[    0.000000] PM: Registered nosave memory: [mem 0xfe011000-0xfeffffff]
[    0.000000] PM: Registered nosave memory: [mem 0xff000000-0xffffffff]
[    0.000000] e820: [mem 0xd4800000-0xfe00ffff] available for PCI devices
[    0.000000] Booting paravirtualized kernel on bare hardware
[    0.000000] clocksource: refined-jiffies: mask: 0xffffffff max_cycles: 0xffffffff, max_idle_ns: 7645519600211568 ns
[    0.000000] setup_percpu: NR_CPUS:8192 nr_cpumask_bits:8 nr_cpu_ids:8 nr_node_ids:1
[    0.000000] percpu: Embedded 46 pages/cpu @        (ptrval) s151552 r8192 d28672 u262144
[    0.000000] pcpu-alloc: s151552 r8192 d28672 u262144 alloc=1*2097152
[    0.000000] pcpu-alloc: [0] 0 1 2 3 4 5 6 7 
[    0.000000] Built 1 zonelists, mobility grouping on.  Total pages: 4023482
[    0.000000] Policy zone: Normal
[    0.000000] Kernel command line: BOOT_IMAGE=/boot/vmlinuz-4.15.9+ root=UUID=da0e40f1-3840-43a9-b61a-7b465a7673d3 ro quiet splash vt.handoff=7
[    0.000000] Calgary: detecting Calgary via BIOS EBDA area
[    0.000000] Calgary: Unable to locate Rio Grande table in EBDA - bailing!
[    0.000000] Memory: 15452600K/16349480K available (12300K kernel code, 2470K rwdata, 4204K rodata, 2388K init, 3184K bss, 896880K reserved, 0K cma-reserved)
[    0.000000] SLUB: HWalign=64, Order=0-3, MinObjects=0, CPUs=8, Nodes=1
[    0.000000] ftrace: allocating 38983 entries in 153 pages
[    0.000000] Hierarchical RCU implementation.
[    0.000000] 	RCU restricting CPUs from NR_CPUS=8192 to nr_cpu_ids=8.
[    0.000000] 	Tasks RCU enabled.
[    0.000000] RCU: Adjusting geometry for rcu_fanout_leaf=16, nr_cpu_ids=8
[    0.000000] kernel/irq/irqdesc.c 486 early_irq_init -- functionpoint
[    0.000000] NR_IRQS: 524544, nr_irqs: 2048, preallocated irqs: 16
[    0.000000] kernel/irq/irqdesc.c 493 early_irq_init -- functionpoint -- NR_IRQS: 524544, nr_irqs: 2048, preallocated irqs: 16
[    0.000000] arch/x86/kernel/apic/vector.c 690 arch_early_irq_init -- functionpoint
[    0.000000] drivers/pci/msi.c 1437 pci_msi_create_irq_domain -- functionpoint
[    0.000000] kernel/irq/msi.c 272 msi_create_irq_domain -- functionpoint
[    0.000000] arch/x86/kernel/apic/msi.c 148 arch_init_msi_domain -- functionpoint -- successed to init irqdomain for MSI/MSI-X.
[    0.000000] Console: colour dummy device 80x25
[    0.000000] console [tty0] enabled
[    0.000000] drivers/acpi/bus.c 1019 acpi_early_init -- functionpoint
[    0.000000] ACPI: Core revision 20170831
[    0.000000] ACPI Error: [\_SB_.PCI0.XHC_.RHUB.HS11] Namespace lookup failure, AE_NOT_FOUND (20170831/dswload-210)
[    0.000000] ACPI Exception: AE_NOT_FOUND, During name lookup/catalog (20170831/psobject-252)
[    0.000000] ACPI Exception: AE_NOT_FOUND, (SSDT:HP_XHC_P) while loading table (20170831/tbxfload-228)
[    0.000000] ACPI Error: 1 table load failures, 10 successful (20170831/tbxfload-246)
[    0.000000] clocksource: hpet: mask: 0xffffffff max_cycles: 0xffffffff, max_idle_ns: 79635855245 ns
[    0.000000] hpet clockevent registered
[    0.004000] APIC: Switch to symmetric I/O mode setup
[    0.004000] DMAR: Host address width 39
[    0.004000] DMAR: DRHD base: 0x000000fed90000 flags: 0x0
[    0.004000] DMAR: dmar0: reg_base_addr fed90000 ver 1:0 cap 1c0000c40660462 ecap 19e2ff0505e
[    0.004000] DMAR: DRHD base: 0x000000fed91000 flags: 0x1
[    0.004000] DMAR: dmar1: reg_base_addr fed91000 ver 1:0 cap d2008c40660462 ecap f050da
[    0.004000] DMAR: RMRR base: 0x000000bf81d000 end: 0x000000bf83cfff
[    0.004000] DMAR: RMRR base: 0x000000c4000000 end: 0x000000d47fffff
[    0.004000] DMAR: RMRR base: 0x000000bf86e000 end: 0x000000bf8edfff
[    0.004000] DMAR-IR: IOAPIC id 2 under DRHD base  0xfed91000 IOMMU 1
[    0.004000] DMAR-IR: HPET id 0 under DRHD base 0xfed91000
[    0.004000] DMAR-IR: Queued invalidation will be enabled to support x2apic and Intr-remapping.
[    0.004000] drivers/pci/msi.c 1437 pci_msi_create_irq_domain -- functionpoint
[    0.004000] kernel/irq/msi.c 272 msi_create_irq_domain -- functionpoint
[    0.004000] drivers/pci/msi.c 1437 pci_msi_create_irq_domain -- functionpoint
[    0.004000] kernel/irq/msi.c 272 msi_create_irq_domain -- functionpoint
[    0.004000] DMAR-IR: Enabled IRQ remapping in x2apic mode
[    0.004000] x2apic enabled
[    0.004000] Switched APIC routing to cluster x2apic.
[    0.016000] kernel/irq/msi.c 272 msi_create_irq_domain -- functionpoint
[    0.016000] kernel/irq/manage.c 1748 request_threaded_irq -- functionpoint
[    0.016000] kernel/irq/manage.c 1748 request_threaded_irq -- functionpoint
[    0.016000] ..TIMER: vector=0x30 apic1=0 pin1=2 apic2=-1 pin2=-1
[    0.036000] tsc: Detected 3000.000 MHz processor
[    0.036000] Calibrating delay loop (skipped), value calculated using timer frequency.. 6000.00 BogoMIPS (lpj=12000000)
[    0.036000] pid_max: default: 32768 minimum: 301
[    0.036000] Security Framework initialized
[    0.036000] Yama: becoming mindful.
[    0.036000] AppArmor: AppArmor initialized
[    0.036000] Dentry cache hash table entries: 2097152 (order: 12, 16777216 bytes)
[    0.036000] Inode-cache hash table entries: 1048576 (order: 11, 8388608 bytes)
[    0.036000] Mount-cache hash table entries: 32768 (order: 6, 262144 bytes)
[    0.036000] Mountpoint-cache hash table entries: 32768 (order: 6, 262144 bytes)
[    0.036000] CPU: Physical Processor ID: 0
[    0.036000] CPU: Processor Core ID: 0
[    0.036000] ENERGY_PERF_BIAS: Set to 'normal', was 'performance'
[    0.036000] ENERGY_PERF_BIAS: View and update with x86_energy_perf_policy(8)
[    0.036000] mce: CPU supports 14 MCE banks
[    0.036000] CPU0: Thermal monitoring enabled (TM1)
[    0.036000] process: using mwait in idle threads
[    0.036000] Last level iTLB entries: 4KB 128, 2MB 8, 4MB 8
[    0.036000] Last level dTLB entries: 4KB 64, 2MB 0, 4MB 0, 1GB 4
[    0.036000] Spectre V2 : Mitigation: Full generic retpoline
[    0.036000] Spectre V2 : Spectre v2 mitigation: Filling RSB on context switch
[    0.036000] Spectre V2 : Spectre v2 mitigation: Enabling Indirect Branch Prediction Barrier
[    0.036000] Freeing SMP alternatives memory: 36K
[    0.042957] TSC deadline timer enabled
[    0.042968] smpboot: CPU0: Intel(R) Core(TM) i7-9700 CPU @ 3.00GHz (family: 0x6, model: 0x9e, stepping: 0xd)
[    0.043019] Performance Events: PEBS fmt3+, Skylake events, 32-deep LBR, full-width counters, Intel PMU driver.
[    0.043047] ... version:                4
[    0.043048] ... bit width:              48
[    0.043048] ... generic registers:      8
[    0.043049] ... value mask:             0000ffffffffffff
[    0.043049] ... max period:             00007fffffffffff
[    0.043050] ... fixed-purpose events:   3
[    0.043050] ... event mask:             00000007000000ff
[    0.043080] Hierarchical SRCU implementation.
[    0.044000] NMI watchdog: Enabled. Permanently consumes one hw-PMU counter.
[    0.044000] smp: Bringing up secondary CPUs ...
[    0.044000] x86: Booting SMP configuration:
[    0.044000] .... node  #0, CPUs:      #1 #2 #3 #4 #5 #6 #7
[    0.053426] smp: Brought up 1 node, 8 CPUs
[    0.053426] smpboot: Max logical packages: 1
[    0.053426] smpboot: Total of 8 processors activated (48000.00 BogoMIPS)
[    0.056290] devtmpfs: initialized
[    0.056290] x86/mm: Memory block size: 128MB
[    0.057021] evm: security.selinux
[    0.057021] evm: security.SMACK64
[    0.057022] evm: security.SMACK64EXEC
[    0.057022] evm: security.SMACK64TRANSMUTE
[    0.057022] evm: security.SMACK64MMAP
[    0.057023] evm: security.apparmor
[    0.057023] evm: security.ima
[    0.057024] evm: security.capability
[    0.057037] PM: Registering ACPI NVS region [mem 0xbf98f000-0xbfb8efff] (2097152 bytes)
[    0.057037] clocksource: jiffies: mask: 0xffffffff max_cycles: 0xffffffff, max_idle_ns: 7645041785100000 ns
[    0.057037] futex hash table entries: 2048 (order: 5, 131072 bytes)
[    0.057037] pinctrl core: initialized pinctrl subsystem
[    0.057037] drivers/base/bus.c 153 driver_register -- functionpoint
[    0.057037] drivers/base/bus.c 642 bus_add_driver -- functionpoint
[    0.057037] drivers/base/bus.c 649 bus_add_driver -- functionpoint -- bus: 'platform': add driver reg-dummy
[    0.057037] drivers/base/dd.c 369 really_probe -- functionpoint
[    0.057037] drivers/base/dd.c 392 really_probe -- functionpoint -- bus: 'platform': really_probe: probing driver reg-dummy with device reg-dummy
[    0.057037] drivers/base/dd.c 435 really_probe -- if drv->probe use drv->probe(dev) -- functionpoint
[    0.057037] RTC time:  2:15:37, date: 12/31/20
[    0.057037] NET: Registered protocol family 16
[    0.057037] audit: initializing netlink subsys (disabled)
[    0.057037] audit: type=2000 audit(1609380937.056:1): state=initialized audit_enabled=0 res=1
[    0.057037] drivers/base/bus.c 153 driver_register -- functionpoint
[    0.057037] drivers/base/bus.c 642 bus_add_driver -- functionpoint
[    0.057037] drivers/base/bus.c 649 bus_add_driver -- functionpoint -- bus: 'platform': add driver sram
[    0.057037] drivers/base/bus.c 153 driver_register -- functionpoint
[    0.057037] drivers/base/bus.c 642 bus_add_driver -- functionpoint
[    0.057037] drivers/base/bus.c 649 bus_add_driver -- functionpoint -- bus: 'platform': add driver syscon
[    0.057037] drivers/base/bus.c 153 driver_register -- functionpoint
[    0.057037] drivers/base/bus.c 642 bus_add_driver -- functionpoint
[    0.057037] drivers/base/bus.c 649 bus_add_driver -- functionpoint -- bus: 'i2c': add driver dummy
[    0.057037] cpuidle: using governor ladder
[    0.057037] cpuidle: using governor menu
[    0.057037] ACPI FADT declares the system doesn't support PCIe ASPM, so disable it
[    0.057037] ACPI: bus type PCI registered
[    0.057037] acpiphp: ACPI Hot Plug PCI Controller Driver version: 0.5
[    0.057037] arch/x86/pci/init.c 11 start pci_arch_init -- functionpoint
[    0.057037] PCI: MMCONFIG for domain 0000 [bus 00-3f] at [mem 0xf8000000-0xfbffffff] (base 0xf8000000)
[    0.057037] PCI: not using MMCONFIG
[    0.057037] PCI: Using configuration type 1 for base access
[    0.057037] arch/x86/pci/init.c 44 end pci_arch_init -- functionpoint
[    0.057131] HugeTLB registered 1.00 GiB page size, pre-allocated 0 pages
[    0.057131] HugeTLB registered 2.00 MiB page size, pre-allocated 0 pages
[    0.057132] drivers/base/bus.c 153 driver_register -- functionpoint
[    0.057132] drivers/base/bus.c 642 bus_add_driver -- functionpoint
[    0.057132] drivers/base/bus.c 649 bus_add_driver -- functionpoint -- bus: 'i2c': add driver sx150x-pinctrl
[    0.057132] drivers/base/bus.c 153 driver_register -- functionpoint
[    0.057132] drivers/base/bus.c 642 bus_add_driver -- functionpoint
[    0.057132] drivers/base/bus.c 649 bus_add_driver -- functionpoint -- bus: 'platform': add driver byt_gpio
[    0.057132] drivers/base/bus.c 153 driver_register -- functionpoint
[    0.057132] drivers/base/bus.c 642 bus_add_driver -- functionpoint
[    0.057132] drivers/base/bus.c 649 bus_add_driver -- functionpoint -- bus: 'platform': add driver cherryview-pinctrl
[    0.057132] drivers/base/bus.c 153 driver_register -- functionpoint
[    0.057132] drivers/base/bus.c 642 bus_add_driver -- functionpoint
[    0.057132] drivers/base/bus.c 649 bus_add_driver -- functionpoint -- bus: 'platform': add driver lp_gpio
[    0.057132] drivers/base/bus.c 153 driver_register -- functionpoint
[    0.057132] drivers/base/bus.c 642 bus_add_driver -- functionpoint
[    0.057132] drivers/base/bus.c 649 bus_add_driver -- functionpoint -- bus: 'platform': add driver rc5t583-gpio
[    0.057132] drivers/base/bus.c 153 driver_register -- functionpoint
[    0.057132] drivers/base/bus.c 642 bus_add_driver -- functionpoint
[    0.057132] drivers/base/bus.c 649 bus_add_driver -- functionpoint -- bus: 'platform': add driver palmas-gpio
[    0.057132] drivers/base/bus.c 153 driver_register -- functionpoint
[    0.057132] drivers/base/bus.c 642 bus_add_driver -- functionpoint
[    0.057132] drivers/base/bus.c 649 bus_add_driver -- functionpoint -- bus: 'platform': add driver tps6586x-gpio
[    0.057132] drivers/base/bus.c 153 driver_register -- functionpoint
[    0.057132] drivers/base/bus.c 642 bus_add_driver -- functionpoint
[    0.057132] drivers/base/bus.c 649 bus_add_driver -- functionpoint -- bus: 'platform': add driver tps65910-gpio
[    0.060022] drivers/acpi/bus.c 1231 start acpi_init -- functionpoint
[    0.060038] ACPI: Added _OSI(Module Device)
[    0.060040] ACPI: Added _OSI(Processor Device)
[    0.060041] ACPI: Added _OSI(3.0 _SCP Extensions)
[    0.060041] ACPI: Added _OSI(Processor Aggregator Device)
[    0.060241] arch/x86/kernel/acpi/boot.c 717 acpi_register_gsi -- functionpoint
[    0.060241] arch/x86/kernel/acpi/boot.c 670 acpi_register_gsi_ioapic --functionpoint
[    0.060244] kernel/irq/manage.c 1748 request_threaded_irq -- functionpoint
[    0.061862] ACPI: Executed 30 blocks of module-level executable AML code
[    0.072038] ACPI: [Firmware Bug]: BIOS _OSI(Linux) query ignored
[    0.080325] ACPI: Dynamic OEM Table Load:
[    0.080336] ACPI: SSDT 0xFFFF9DF4D4FB2000 0000F4 (v02 PmRef  Cpu0Psd  00003000 INTL 20160527)
[    0.080560] ACPI: Executed 1 blocks of module-level executable AML code
[    0.080681] ACPI: \_SB_.PR00: _OSC native thermal LVT Acked
[    0.081642] ACPI: Dynamic OEM Table Load:
[    0.081647] ACPI: SSDT 0xFFFF9DF4D4FBEC00 000400 (v02 PmRef  Cpu0Cst  00003001 INTL 20160527)
[    0.081862] ACPI: Executed 1 blocks of module-level executable AML code
[    0.082095] ACPI: Dynamic OEM Table Load:
[    0.082101] ACPI: SSDT 0xFFFF9DF4D4EF4000 000605 (v02 PmRef  Cpu0Ist  00003000 INTL 20160527)
[    0.082299] ACPI: Executed 1 blocks of module-level executable AML code
[    0.082493] ACPI: Dynamic OEM Table Load:
[    0.082497] ACPI: SSDT 0xFFFF9DF4D4F36600 000149 (v02 PmRef  Cpu0Hwp  00003000 INTL 20160527)
[    0.082686] ACPI: Executed 2 blocks of module-level executable AML code
[    0.082856] ACPI: Dynamic OEM Table Load:
[    0.082862] ACPI: SSDT 0xFFFF9DF4D4EF3000 000724 (v02 PmRef  HwpLvt   00003000 INTL 20160527)
[    0.083038] ACPI: Executed 1 blocks of module-level executable AML code
[    0.083533] ACPI: Dynamic OEM Table Load:
[    0.083539] ACPI: SSDT 0xFFFF9DF4D4EF4800 0005FC (v02 PmRef  ApIst    00003000 INTL 20160527)
[    0.083933] ACPI: Executed 1 blocks of module-level executable AML code
[    0.084130] ACPI: Dynamic OEM Table Load:
[    0.084135] ACPI: SSDT 0xFFFF9DF4D4FB8000 000317 (v02 PmRef  ApHwp    00003000 INTL 20160527)
[    0.084404] ACPI: Executed 1 blocks of module-level executable AML code
[    0.084723] ACPI: Dynamic OEM Table Load:
[    0.084729] ACPI: SSDT 0xFFFF9DF4D7143000 000AB0 (v02 PmRef  ApPsd    00003000 INTL 20160527)
[    0.085572] ACPI: Executed 1 blocks of module-level executable AML code
[    0.085771] ACPI: Dynamic OEM Table Load:
[    0.085776] ACPI: SSDT 0xFFFF9DF4D4FB9400 00030A (v02 PmRef  ApCst    00003000 INTL 20160527)
[    0.086047] ACPI: Executed 1 blocks of module-level executable AML code
[    0.089026] ACPI: EC: EC started
[    0.089026] ACPI: EC: interrupt blocked
[    0.089042] ACPI: \_SB_.PCI0.LPCB.EC0_: Used as first EC
[    0.089044] ACPI: \_SB_.PCI0.LPCB.EC0_: GPE=0x6e, EC_CMD/EC_SC=0x66, EC_DATA=0x62
[    0.089045] ACPI: \_SB_.PCI0.LPCB.EC0_: Used as boot DSDT EC to handle transactions
[    0.089046] ACPI: Interpreter enabled
[    0.089095] ACPI: (supports S0 S3 S4 S5)
[    0.089096] ACPI: Using IOAPIC for interrupt routing
[    0.089135] PCI: MMCONFIG for domain 0000 [bus 00-3f] at [mem 0xf8000000-0xfbffffff] (base 0xf8000000)
[    0.091801] PCI: MMCONFIG at [mem 0xf8000000-0xfbffffff] reserved in ACPI motherboard resources
[    0.091806] drivers/acpi/pci_root.c 920 acpi_pci_root_init --functionpoint
[    0.091807] drivers/acpi/apei/hest.c 228 acpi_hest_init -- functionpoint
[    0.091811] PCI: Using host bridge windows from ACPI; if necessary, use "pci=nocrs" and report a bug
[    0.091813] drivers/acpi/scan.c 106 acpi_scan_add_handler_with_hotplug -- functionpoint
[    0.091815] drivers/acpi/pci_link.c 936 acpi_pci_link_init -- functionpoint
[    0.092206] drivers/acpi/scan.c 106 acpi_scan_add_handler_with_hotplug -- functionpoint
[    0.092210] drivers/base/bus.c 153 driver_register -- functionpoint
[    0.092213] drivers/base/bus.c 642 bus_add_driver -- functionpoint
[    0.092215] drivers/base/bus.c 649 bus_add_driver -- functionpoint -- bus: 'platform': add driver clk-lpt
[    0.092222] drivers/acpi/scan.c 106 acpi_scan_add_handler_with_hotplug -- functionpoint
[    0.092273] ACPI: Enabled 4 GPEs in block 00 to 7F
[    0.092277] drivers/acpi/scan.c 2010 acpi_bus_scan -- functionpoint
[    0.099199] ACPI: Power Resource [USBC] (on)
[    0.100032] ACPI: Power Resource [WRST] (on)
[    0.100447] ACPI: Power Resource [WRST] (on)
[    0.100850] ACPI: Power Resource [WRST] (on)
[    0.101259] ACPI: Power Resource [WRST] (on)
[    0.101672] ACPI: Power Resource [WRST] (on)
[    0.102073] ACPI: Power Resource [WRST] (on)
[    0.102477] ACPI: Power Resource [WRST] (on)
[    0.102885] ACPI: Power Resource [WRST] (on)
[    0.103292] ACPI: Power Resource [WRST] (on)
[    0.103693] ACPI: Power Resource [WRST] (on)
[    0.104100] ACPI: Power Resource [WRST] (on)
[    0.104505] ACPI: Power Resource [WRST] (on)
[    0.104907] ACPI: Power Resource [WRST] (on)
[    0.105312] ACPI: Power Resource [WRST] (on)
[    0.105724] ACPI: Power Resource [WRST] (on)
[    0.106126] ACPI: Power Resource [WRST] (on)
[    0.106531] ACPI: Power Resource [WRST] (on)
[    0.106940] ACPI: Power Resource [WRST] (on)
[    0.107351] ACPI: Power Resource [WRST] (on)
[    0.107767] ACPI: Power Resource [WRST] (on)
[    0.109490] ACPI: Power Resource [V0PR] (on)
[    0.109704] ACPI: Power Resource [V1PR] (on)
[    0.109911] ACPI: Power Resource [V2PR] (on)
[    0.114541] ACPI: Power Resource [WRST] (on)
[    0.116667] drivers/acpi/scan.c 1916 acpi_bus_attach -- functionpoint
[    0.116688] drivers/acpi/scan.c 1916 acpi_bus_attach -- functionpoint
[    0.116695] drivers/acpi/scan.c 1916 acpi_bus_attach -- functionpoint
[    0.116729] drivers/acpi/scan.c 1916 acpi_bus_attach -- functionpoint
[    0.116754] drivers/acpi/scan.c 1916 acpi_bus_attach -- functionpoint
[    0.116761] drivers/acpi/pci_root.c 528 acpi_pci_root_add -- functionpoint
[    0.117154] ACPI: PCI Root Bridge [PCI0] (domain 0000 [bus 00-3e])
[    0.117156] ACPI: drivers/acpi/pci_root.c 584 acpi_pci_root_add --  functionpoint -- PCI Root Bridge [PCI0] (domain 0000 [bus 00-3e])
[    0.117164] acpi PNP0A08:00: _OSC: OS supports [ExtendedConfig ASPM ClockPM Segments MSI]
[    0.120529] acpi PNP0A08:00: _OSC: OS now controls [PCIeHotplug PME AER PCIeCapability]
[    0.120530] acpi PNP0A08:00: FADT indicates ASPM is unsupported, using BIOS configuration
[    0.120545] arch/x86/pci/acpi.c 335 pci_acpi_scan_root -- functionpoint
[    0.120546] drivers/pci/search.c 144 pci_find_bus -- functionpoint
[    0.120548] drivers/pci/search.c 145 pci_find_bus functionpoint -- domain_num = 0, bus_num = 0
[    0.120552] drivers/pci/search.c 176 pci_find_next_bus -- functionpoint
[    0.120552] drivers/pci/search.c 157 pci_find_bus not found bus -- functionpoint
[    0.120566] drivers/acpi/pci_root.c 881 acpi_pci_root_create -- functionpoint
[    0.120949] drivers/pci/probe.c 2643 pci_create_root_bus -- functionpoint
[    0.120952] drivers/pci/probe.c 533 pci_alloc_host_bridge -- functionpoint
[    0.120954] drivers/pci/probe.c 765 pci_register_host_bridge -- functionpoint
[    0.120955] drivers/pci/search.c 144 pci_find_bus -- functionpoint
[    0.120957] drivers/pci/search.c 145 pci_find_bus functionpoint -- domain_num = 0, bus_num = 0
[    0.120960] drivers/pci/search.c 176 pci_find_next_bus -- functionpoint
[    0.120961] drivers/pci/search.c 157 pci_find_bus not found bus -- functionpoint
[    0.122029] drivers/pci/probe.c 2009 pci_bus_read_dev_vendor_id -- functionpoint
[    0.122043] drivers/pci/probe.c 2009 pci_bus_read_dev_vendor_id -- functionpoint
[    0.122059] drivers/pci/probe.c 2009 pci_bus_read_dev_vendor_id -- functionpoint
[    0.122080] drivers/pci/probe.c 2009 pci_bus_read_dev_vendor_id -- functionpoint
[    0.122091] drivers/pci/probe.c 2009 pci_bus_read_dev_vendor_id -- functionpoint
[    0.122107] drivers/pci/probe.c 2009 pci_bus_read_dev_vendor_id -- functionpoint
[    0.122115] drivers/pci/probe.c 2009 pci_bus_read_dev_vendor_id -- functionpoint
[    0.122128] drivers/pci/probe.c 2009 pci_bus_read_dev_vendor_id -- functionpoint
[    0.122142] drivers/pci/probe.c 2009 pci_bus_read_dev_vendor_id -- functionpoint
[    0.122148] drivers/pci/probe.c 2009 pci_bus_read_dev_vendor_id -- functionpoint
[    0.122159] drivers/pci/probe.c 2009 pci_bus_read_dev_vendor_id -- functionpoint
[    0.122209] drivers/pci/probe.c 2009 pci_bus_read_dev_vendor_id -- functionpoint
[    0.122262] drivers/pci/probe.c 2009 pci_bus_read_dev_vendor_id -- functionpoint
[    0.122315] drivers/pci/probe.c 2009 pci_bus_read_dev_vendor_id -- functionpoint
[    0.122367] drivers/pci/probe.c 2009 pci_bus_read_dev_vendor_id -- functionpoint
[    0.122420] drivers/pci/probe.c 2009 pci_bus_read_dev_vendor_id -- functionpoint
[    0.122472] drivers/pci/probe.c 2009 pci_bus_read_dev_vendor_id -- functionpoint
[    0.122525] drivers/pci/probe.c 2009 pci_bus_read_dev_vendor_id -- functionpoint
[    0.122574] drivers/pci/probe.c 2009 pci_bus_read_dev_vendor_id -- functionpoint
[    0.122628] drivers/pci/probe.c 2009 pci_bus_read_dev_vendor_id -- functionpoint
[    0.122681] drivers/pci/probe.c 2009 pci_bus_read_dev_vendor_id -- functionpoint
[    0.122734] drivers/pci/probe.c 2009 pci_bus_read_dev_vendor_id -- functionpoint
[    0.122788] drivers/pci/probe.c 2009 pci_bus_read_dev_vendor_id -- functionpoint
[    0.122841] drivers/pci/probe.c 2009 pci_bus_read_dev_vendor_id -- functionpoint
[    0.122894] drivers/pci/probe.c 2009 pci_bus_read_dev_vendor_id -- functionpoint
[    0.122947] drivers/pci/probe.c 2009 pci_bus_read_dev_vendor_id -- functionpoint
[    0.123000] drivers/pci/probe.c 2009 pci_bus_read_dev_vendor_id -- functionpoint
[    0.123054] drivers/pci/probe.c 2009 pci_bus_read_dev_vendor_id -- functionpoint
[    0.123107] drivers/pci/probe.c 2009 pci_bus_read_dev_vendor_id -- functionpoint
[    0.123161] drivers/pci/probe.c 2009 pci_bus_read_dev_vendor_id -- functionpoint
[    0.123214] drivers/pci/probe.c 2009 pci_bus_read_dev_vendor_id -- functionpoint
[    0.123267] drivers/pci/probe.c 2009 pci_bus_read_dev_vendor_id -- functionpoint
[    0.123317] drivers/pci/probe.c 2009 pci_bus_read_dev_vendor_id -- functionpoint
[    0.123370] drivers/pci/probe.c 2009 pci_bus_read_dev_vendor_id -- functionpoint
[    0.123423] drivers/pci/probe.c 2009 pci_bus_read_dev_vendor_id -- functionpoint
[    0.123439] drivers/pci/probe.c 2009 pci_bus_read_dev_vendor_id -- functionpoint
[    0.123457] drivers/pci/probe.c 2009 pci_bus_read_dev_vendor_id -- functionpoint
[    0.123472] drivers/pci/probe.c 2009 pci_bus_read_dev_vendor_id -- functionpoint
[    0.123483] drivers/pci/probe.c 2009 pci_bus_read_dev_vendor_id -- functionpoint
[    0.123497] drivers/pci/probe.c 2009 pci_bus_read_dev_vendor_id -- functionpoint
[    0.123505] drivers/pci/probe.c 2009 pci_bus_read_dev_vendor_id -- functionpoint
[    0.123512] drivers/pci/probe.c 2009 pci_bus_read_dev_vendor_id -- functionpoint
[    0.123520] PCI host bridge to bus 0000:00
[    0.123524] pci_bus 0000:00: root bus resource [io  0x0000-0x0cf7 window]
[    0.123525] pci_bus 0000:00: root bus resource [io  0x0d00-0xffff window]
[    0.123526] pci_bus 0000:00: root bus resource [mem 0x000a0000-0x000bffff window]
[    0.123527] pci_bus 0000:00: root bus resource [mem 0xd4800000-0xf7ffffff window]
[    0.123528] pci_bus 0000:00: root bus resource [mem 0x4000000000-0x7fffffffff window]
[    0.123529] pci_bus 0000:00: root bus resource [mem 0xfc800000-0xfe7fffff window]
[    0.123531] pci_bus 0000:00: root bus resource [bus 00-3e]
[    0.123531] drivers/pci/probe.c 2497 pci_scan_child_bus_extend -- functionpoint
[    0.123532] pci_bus 0000:00: drivers/pci/probe.c 2501 pci_scan_child_bus_extend-- functionpoint -- scanning bus
[    0.123536] drivers/pci/probe.c 2281 pci_scan_slot -- functionpoint
[    0.123537] drivers/pci/probe.c 2196 pci_scan_single_device -- functionpoint
[    0.123538] drivers/pci/search.c 206 pci_get_slot -- functionpoint
[    0.123540] drivers/pci/search.c 215 pci_get_slot return value is NULL -- functionpoint
[    0.123542] drivers/pci/probe.c 2035 pci_scan_device -- functionpoint
[    0.123543] drivers/pci/probe.c 2009 pci_bus_read_dev_vendor_id -- functionpoint
[    0.123546] drivers/pci/probe.c 2048 pci_scan_device -- functionpoint -- dev_vendor: 8086, dev_device: 3e30
[    0.123550] drivers/pci/probe.c 1453 pci_setup_device -- functionpoint
[    0.123550] drivers/pci/probe.c 1242 set_pcie_port_type -- functionpoint
[    0.123557] pci 0000:00:00.0: [8086:3e30] type 00 class 0x060000
[    0.123560] pci 0000:00:00.0: drivers/pci/probe.c 1482 pci_setup_device functionpoint -- [8086:3e30] type 00 class 0x060000 multifunction 00
[    0.123574] drivers/pci/probe.c 1513 pci_setup_device  switch case PCI_HEADER_TYPE_NORMAL -- functionpoint
[    0.123586] drivers/pci/probe.c 2145 pci_device_add -- functionpoint
[    0.123602] drivers/pci/pci.c 2409 pci_pm_init -- functionpoint
[    0.124615] drivers/pci/probe.c 2288 pci_scan_slot -- functionpoint -- fn = 0, devfn = 0, fn+devfn = 0
[    0.124619] drivers/pci/probe.c 2220 next_fn -- functionpoint
[    0.124620] drivers/pci/probe.c 2281 pci_scan_slot -- functionpoint
[    0.124621] drivers/pci/probe.c 2196 pci_scan_single_device -- functionpoint
[    0.124623] drivers/pci/search.c 206 pci_get_slot -- functionpoint
[    0.124624] drivers/pci/search.c 215 pci_get_slot return value is NULL -- functionpoint
[    0.124626] drivers/pci/probe.c 2035 pci_scan_device -- functionpoint
[    0.124628] drivers/pci/probe.c 2009 pci_bus_read_dev_vendor_id -- functionpoint
[    0.124637] drivers/pci/probe.c 2288 pci_scan_slot -- functionpoint -- fn = 0, devfn = 8, fn+devfn = 8
[    0.124640] drivers/pci/probe.c 2281 pci_scan_slot -- functionpoint
[    0.124641] drivers/pci/probe.c 2196 pci_scan_single_device -- functionpoint
[    0.124642] drivers/pci/search.c 206 pci_get_slot -- functionpoint
[    0.124644] drivers/pci/search.c 215 pci_get_slot return value is NULL -- functionpoint
[    0.124646] drivers/pci/probe.c 2035 pci_scan_device -- functionpoint
[    0.124647] drivers/pci/probe.c 2009 pci_bus_read_dev_vendor_id -- functionpoint
[    0.124650] drivers/pci/probe.c 2048 pci_scan_device -- functionpoint -- dev_vendor: 8086, dev_device: 3e98
[    0.124653] drivers/pci/probe.c 1453 pci_setup_device -- functionpoint
[    0.124654] drivers/pci/probe.c 1242 set_pcie_port_type -- functionpoint
[    0.124660] pci 0000:00:02.0: [8086:3e98] type 00 class 0x030000
[    0.124663] pci 0000:00:02.0: drivers/pci/probe.c 1482 pci_setup_device functionpoint -- [8086:3e98] type 00 class 0x030000 multifunction 00
[    0.124668] drivers/pci/probe.c 1513 pci_setup_device  switch case PCI_HEADER_TYPE_NORMAL -- functionpoint
[    0.124674] pci 0000:00:02.0: reg 0x10: [mem 0xf0000000-0xf0ffffff 64bit]
[    0.124681] pci 0000:00:02.0: reg 0x18: [mem 0xe0000000-0xefffffff 64bit pref]
[    0.124685] pci 0000:00:02.0: reg 0x20: [io  0x4000-0x403f]
[    0.124690] drivers/pci/probe.c 2145 pci_device_add -- functionpoint
[    0.124697] pci 0000:00:02.0: BAR 2: assigned to efifb
[    0.124710] drivers/pci/pci.c 2409 pci_pm_init -- functionpoint
[    0.124713] pci 0000:00:02.0: drivers/pci/pci.c 2450 pci_pm_init --functionpoint-- supports
[    0.125743] drivers/pci/probe.c 2288 pci_scan_slot -- functionpoint -- fn = 0, devfn = 16, fn+devfn = 16
[    0.125745] drivers/pci/probe.c 2220 next_fn -- functionpoint
[    0.125746] drivers/pci/probe.c 2281 pci_scan_slot -- functionpoint
[    0.125747] drivers/pci/probe.c 2196 pci_scan_single_device -- functionpoint
[    0.125749] drivers/pci/search.c 206 pci_get_slot -- functionpoint
[    0.125751] drivers/pci/search.c 215 pci_get_slot return value is NULL -- functionpoint
[    0.125752] drivers/pci/probe.c 2035 pci_scan_device -- functionpoint
[    0.125754] drivers/pci/probe.c 2009 pci_bus_read_dev_vendor_id -- functionpoint
[    0.125766] drivers/pci/probe.c 2288 pci_scan_slot -- functionpoint -- fn = 0, devfn = 24, fn+devfn = 24
[    0.125769] drivers/pci/probe.c 2281 pci_scan_slot -- functionpoint
[    0.125770] drivers/pci/probe.c 2196 pci_scan_single_device -- functionpoint
[    0.125771] drivers/pci/search.c 206 pci_get_slot -- functionpoint
[    0.125773] drivers/pci/search.c 215 pci_get_slot return value is NULL -- functionpoint
[    0.125774] drivers/pci/probe.c 2035 pci_scan_device -- functionpoint
[    0.125776] drivers/pci/probe.c 2009 pci_bus_read_dev_vendor_id -- functionpoint
[    0.125791] drivers/pci/probe.c 2288 pci_scan_slot -- functionpoint -- fn = 0, devfn = 32, fn+devfn = 32
[    0.125795] drivers/pci/probe.c 2281 pci_scan_slot -- functionpoint
[    0.125795] drivers/pci/probe.c 2196 pci_scan_single_device -- functionpoint
[    0.125797] drivers/pci/search.c 206 pci_get_slot -- functionpoint
[    0.125798] drivers/pci/search.c 215 pci_get_slot return value is NULL -- functionpoint
[    0.125800] drivers/pci/probe.c 2035 pci_scan_device -- functionpoint
[    0.125802] drivers/pci/probe.c 2009 pci_bus_read_dev_vendor_id -- functionpoint
[    0.125816] drivers/pci/probe.c 2288 pci_scan_slot -- functionpoint -- fn = 0, devfn = 40, fn+devfn = 40
[    0.125820] drivers/pci/probe.c 2281 pci_scan_slot -- functionpoint
[    0.125820] drivers/pci/probe.c 2196 pci_scan_single_device -- functionpoint
[    0.125822] drivers/pci/search.c 206 pci_get_slot -- functionpoint
[    0.125823] drivers/pci/search.c 215 pci_get_slot return value is NULL -- functionpoint
[    0.125825] drivers/pci/probe.c 2035 pci_scan_device -- functionpoint
[    0.125827] drivers/pci/probe.c 2009 pci_bus_read_dev_vendor_id -- functionpoint
[    0.125840] drivers/pci/probe.c 2288 pci_scan_slot -- functionpoint -- fn = 0, devfn = 48, fn+devfn = 48
[    0.125843] drivers/pci/probe.c 2281 pci_scan_slot -- functionpoint
[    0.125844] drivers/pci/probe.c 2196 pci_scan_single_device -- functionpoint
[    0.125845] drivers/pci/search.c 206 pci_get_slot -- functionpoint
[    0.125847] drivers/pci/search.c 215 pci_get_slot return value is NULL -- functionpoint
[    0.125848] drivers/pci/probe.c 2035 pci_scan_device -- functionpoint
[    0.125850] drivers/pci/probe.c 2009 pci_bus_read_dev_vendor_id -- functionpoint
[    0.125865] drivers/pci/probe.c 2288 pci_scan_slot -- functionpoint -- fn = 0, devfn = 56, fn+devfn = 56
[    0.125869] drivers/pci/probe.c 2281 pci_scan_slot -- functionpoint
[    0.125869] drivers/pci/probe.c 2196 pci_scan_single_device -- functionpoint
[    0.125871] drivers/pci/search.c 206 pci_get_slot -- functionpoint
[    0.125872] drivers/pci/search.c 215 pci_get_slot return value is NULL -- functionpoint
[    0.125874] drivers/pci/probe.c 2035 pci_scan_device -- functionpoint
[    0.125876] drivers/pci/probe.c 2009 pci_bus_read_dev_vendor_id -- functionpoint
[    0.125890] drivers/pci/probe.c 2288 pci_scan_slot -- functionpoint -- fn = 0, devfn = 64, fn+devfn = 64
[    0.125894] drivers/pci/probe.c 2281 pci_scan_slot -- functionpoint
[    0.125894] drivers/pci/probe.c 2196 pci_scan_single_device -- functionpoint
[    0.125896] drivers/pci/search.c 206 pci_get_slot -- functionpoint
[    0.125897] drivers/pci/search.c 215 pci_get_slot return value is NULL -- functionpoint
[    0.125899] drivers/pci/probe.c 2035 pci_scan_device -- functionpoint
[    0.125901] drivers/pci/probe.c 2009 pci_bus_read_dev_vendor_id -- functionpoint
[    0.125915] drivers/pci/probe.c 2288 pci_scan_slot -- functionpoint -- fn = 0, devfn = 72, fn+devfn = 72
[    0.125919] drivers/pci/probe.c 2281 pci_scan_slot -- functionpoint
[    0.125919] drivers/pci/probe.c 2196 pci_scan_single_device -- functionpoint
[    0.125921] drivers/pci/search.c 206 pci_get_slot -- functionpoint
[    0.125922] drivers/pci/search.c 215 pci_get_slot return value is NULL -- functionpoint
[    0.125924] drivers/pci/probe.c 2035 pci_scan_device -- functionpoint
[    0.125926] drivers/pci/probe.c 2009 pci_bus_read_dev_vendor_id -- functionpoint
[    0.125940] drivers/pci/probe.c 2288 pci_scan_slot -- functionpoint -- fn = 0, devfn = 80, fn+devfn = 80
[    0.125944] drivers/pci/probe.c 2281 pci_scan_slot -- functionpoint
[    0.125944] drivers/pci/probe.c 2196 pci_scan_single_device -- functionpoint
[    0.125946] drivers/pci/search.c 206 pci_get_slot -- functionpoint
[    0.125947] drivers/pci/search.c 215 pci_get_slot return value is NULL -- functionpoint
[    0.125949] drivers/pci/probe.c 2035 pci_scan_device -- functionpoint
[    0.125951] drivers/pci/probe.c 2009 pci_bus_read_dev_vendor_id -- functionpoint
[    0.125965] drivers/pci/probe.c 2288 pci_scan_slot -- functionpoint -- fn = 0, devfn = 88, fn+devfn = 88
[    0.125969] drivers/pci/probe.c 2281 pci_scan_slot -- functionpoint
[    0.125969] drivers/pci/probe.c 2196 pci_scan_single_device -- functionpoint
[    0.125971] drivers/pci/search.c 206 pci_get_slot -- functionpoint
[    0.125972] drivers/pci/search.c 215 pci_get_slot return value is NULL -- functionpoint
[    0.125974] drivers/pci/probe.c 2035 pci_scan_device -- functionpoint
[    0.125976] drivers/pci/probe.c 2009 pci_bus_read_dev_vendor_id -- functionpoint
[    0.125990] drivers/pci/probe.c 2288 pci_scan_slot -- functionpoint -- fn = 0, devfn = 96, fn+devfn = 96
[    0.125994] drivers/pci/probe.c 2281 pci_scan_slot -- functionpoint
[    0.125994] drivers/pci/probe.c 2196 pci_scan_single_device -- functionpoint
[    0.125996] drivers/pci/search.c 206 pci_get_slot -- functionpoint
[    0.125997] drivers/pci/search.c 215 pci_get_slot return value is NULL -- functionpoint
[    0.125999] drivers/pci/probe.c 2035 pci_scan_device -- functionpoint
[    0.126001] drivers/pci/probe.c 2009 pci_bus_read_dev_vendor_id -- functionpoint
[    0.126015] drivers/pci/probe.c 2288 pci_scan_slot -- functionpoint -- fn = 0, devfn = 104, fn+devfn = 104
[    0.126019] drivers/pci/probe.c 2281 pci_scan_slot -- functionpoint
[    0.126019] drivers/pci/probe.c 2196 pci_scan_single_device -- functionpoint
[    0.126021] drivers/pci/search.c 206 pci_get_slot -- functionpoint
[    0.126022] drivers/pci/search.c 215 pci_get_slot return value is NULL -- functionpoint
[    0.126024] drivers/pci/probe.c 2035 pci_scan_device -- functionpoint
[    0.126026] drivers/pci/probe.c 2009 pci_bus_read_dev_vendor_id -- functionpoint
[    0.126040] drivers/pci/probe.c 2288 pci_scan_slot -- functionpoint -- fn = 0, devfn = 112, fn+devfn = 112
[    0.126044] drivers/pci/probe.c 2281 pci_scan_slot -- functionpoint
[    0.126044] drivers/pci/probe.c 2196 pci_scan_single_device -- functionpoint
[    0.126046] drivers/pci/search.c 206 pci_get_slot -- functionpoint
[    0.126047] drivers/pci/search.c 215 pci_get_slot return value is NULL -- functionpoint
[    0.126049] drivers/pci/probe.c 2035 pci_scan_device -- functionpoint
[    0.126051] drivers/pci/probe.c 2009 pci_bus_read_dev_vendor_id -- functionpoint
[    0.126065] drivers/pci/probe.c 2288 pci_scan_slot -- functionpoint -- fn = 0, devfn = 120, fn+devfn = 120
[    0.126069] drivers/pci/probe.c 2281 pci_scan_slot -- functionpoint
[    0.126069] drivers/pci/probe.c 2196 pci_scan_single_device -- functionpoint
[    0.126071] drivers/pci/search.c 206 pci_get_slot -- functionpoint
[    0.126072] drivers/pci/search.c 215 pci_get_slot return value is NULL -- functionpoint
[    0.126074] drivers/pci/probe.c 2035 pci_scan_device -- functionpoint
[    0.126076] drivers/pci/probe.c 2009 pci_bus_read_dev_vendor_id -- functionpoint
[    0.126089] drivers/pci/probe.c 2288 pci_scan_slot -- functionpoint -- fn = 0, devfn = 128, fn+devfn = 128
[    0.126093] drivers/pci/probe.c 2281 pci_scan_slot -- functionpoint
[    0.126093] drivers/pci/probe.c 2196 pci_scan_single_device -- functionpoint
[    0.126094] drivers/pci/search.c 206 pci_get_slot -- functionpoint
[    0.126096] drivers/pci/search.c 215 pci_get_slot return value is NULL -- functionpoint
[    0.126098] drivers/pci/probe.c 2035 pci_scan_device -- functionpoint
[    0.126099] drivers/pci/probe.c 2009 pci_bus_read_dev_vendor_id -- functionpoint
[    0.126115] drivers/pci/probe.c 2288 pci_scan_slot -- functionpoint -- fn = 0, devfn = 136, fn+devfn = 136
[    0.126118] drivers/pci/probe.c 2281 pci_scan_slot -- functionpoint
[    0.126118] drivers/pci/probe.c 2196 pci_scan_single_device -- functionpoint
[    0.126120] drivers/pci/search.c 206 pci_get_slot -- functionpoint
[    0.126122] drivers/pci/search.c 215 pci_get_slot return value is NULL -- functionpoint
[    0.126123] drivers/pci/probe.c 2035 pci_scan_device -- functionpoint
[    0.126125] drivers/pci/probe.c 2009 pci_bus_read_dev_vendor_id -- functionpoint
[    0.126130] drivers/pci/probe.c 2048 pci_scan_device -- functionpoint -- dev_vendor: 8086, dev_device: a379
[    0.126134] drivers/pci/probe.c 1453 pci_setup_device -- functionpoint
[    0.126135] drivers/pci/probe.c 1242 set_pcie_port_type -- functionpoint
[    0.126147] pci 0000:00:12.0: [8086:a379] type 00 class 0x118000
[    0.126150] pci 0000:00:12.0: drivers/pci/probe.c 1482 pci_setup_device functionpoint -- [8086:a379] type 00 class 0x118000 multifunction 01
[    0.126164] drivers/pci/probe.c 1513 pci_setup_device  switch case PCI_HEADER_TYPE_NORMAL -- functionpoint
[    0.126182] pci 0000:00:12.0: reg 0x10: [mem 0x4000107000-0x4000107fff 64bit]
[    0.126228] drivers/pci/probe.c 2145 pci_device_add -- functionpoint
[    0.126265] drivers/pci/pci.c 2409 pci_pm_init -- functionpoint
[    0.126274] pci 0000:00:12.0: drivers/pci/pci.c 2450 pci_pm_init --functionpoint-- supports
[    0.127285] drivers/pci/probe.c 2288 pci_scan_slot -- functionpoint -- fn = 0, devfn = 144, fn+devfn = 144
[    0.127288] drivers/pci/probe.c 2220 next_fn -- functionpoint
[    0.127288] drivers/pci/probe.c 2196 pci_scan_single_device -- functionpoint
[    0.127290] drivers/pci/search.c 206 pci_get_slot -- functionpoint
[    0.127291] drivers/pci/search.c 215 pci_get_slot return value is NULL -- functionpoint
[    0.127293] drivers/pci/probe.c 2035 pci_scan_device -- functionpoint
[    0.127295] drivers/pci/probe.c 2009 pci_bus_read_dev_vendor_id -- functionpoint
[    0.127306] drivers/pci/probe.c 2298 pci_scan_slot -- functionpoint -- fn = 1, devfn = 144, fn+devfn = 145
[    0.127309] drivers/pci/probe.c 2220 next_fn -- functionpoint
[    0.127310] drivers/pci/probe.c 2196 pci_scan_single_device -- functionpoint
[    0.127311] drivers/pci/search.c 206 pci_get_slot -- functionpoint
[    0.127313] drivers/pci/search.c 215 pci_get_slot return value is NULL -- functionpoint
[    0.127315] drivers/pci/probe.c 2035 pci_scan_device -- functionpoint
[    0.127317] drivers/pci/probe.c 2009 pci_bus_read_dev_vendor_id -- functionpoint
[    0.127331] drivers/pci/probe.c 2298 pci_scan_slot -- functionpoint -- fn = 2, devfn = 144, fn+devfn = 146
[    0.127334] drivers/pci/probe.c 2220 next_fn -- functionpoint
[    0.127335] drivers/pci/probe.c 2196 pci_scan_single_device -- functionpoint
[    0.127336] drivers/pci/search.c 206 pci_get_slot -- functionpoint
[    0.127338] drivers/pci/search.c 215 pci_get_slot return value is NULL -- functionpoint
[    0.127340] drivers/pci/probe.c 2035 pci_scan_device -- functionpoint
[    0.127341] drivers/pci/probe.c 2009 pci_bus_read_dev_vendor_id -- functionpoint
[    0.127356] drivers/pci/probe.c 2298 pci_scan_slot -- functionpoint -- fn = 3, devfn = 144, fn+devfn = 147
[    0.127359] drivers/pci/probe.c 2220 next_fn -- functionpoint
[    0.127360] drivers/pci/probe.c 2196 pci_scan_single_device -- functionpoint
[    0.127361] drivers/pci/search.c 206 pci_get_slot -- functionpoint
[    0.127363] drivers/pci/search.c 215 pci_get_slot return value is NULL -- functionpoint
[    0.127365] drivers/pci/probe.c 2035 pci_scan_device -- functionpoint
[    0.127366] drivers/pci/probe.c 2009 pci_bus_read_dev_vendor_id -- functionpoint
[    0.127381] drivers/pci/probe.c 2298 pci_scan_slot -- functionpoint -- fn = 4, devfn = 144, fn+devfn = 148
[    0.127384] drivers/pci/probe.c 2220 next_fn -- functionpoint
[    0.127385] drivers/pci/probe.c 2196 pci_scan_single_device -- functionpoint
[    0.127386] drivers/pci/search.c 206 pci_get_slot -- functionpoint
[    0.127388] drivers/pci/search.c 215 pci_get_slot return value is NULL -- functionpoint
[    0.127389] drivers/pci/probe.c 2035 pci_scan_device -- functionpoint
[    0.127391] drivers/pci/probe.c 2009 pci_bus_read_dev_vendor_id -- functionpoint
[    0.127406] drivers/pci/probe.c 2298 pci_scan_slot -- functionpoint -- fn = 5, devfn = 144, fn+devfn = 149
[    0.127409] drivers/pci/probe.c 2220 next_fn -- functionpoint
[    0.127410] drivers/pci/probe.c 2196 pci_scan_single_device -- functionpoint
[    0.127411] drivers/pci/search.c 206 pci_get_slot -- functionpoint
[    0.127413] drivers/pci/search.c 215 pci_get_slot return value is NULL -- functionpoint
[    0.127415] drivers/pci/probe.c 2035 pci_scan_device -- functionpoint
[    0.127416] drivers/pci/probe.c 2009 pci_bus_read_dev_vendor_id -- functionpoint
[    0.127426] drivers/pci/probe.c 2298 pci_scan_slot -- functionpoint -- fn = 6, devfn = 144, fn+devfn = 150
[    0.127429] drivers/pci/probe.c 2220 next_fn -- functionpoint
[    0.127429] drivers/pci/probe.c 2196 pci_scan_single_device -- functionpoint
[    0.127431] drivers/pci/search.c 206 pci_get_slot -- functionpoint
[    0.127432] drivers/pci/search.c 215 pci_get_slot return value is NULL -- functionpoint
[    0.127434] drivers/pci/probe.c 2035 pci_scan_device -- functionpoint
[    0.127436] drivers/pci/probe.c 2009 pci_bus_read_dev_vendor_id -- functionpoint
[    0.127452] drivers/pci/probe.c 2298 pci_scan_slot -- functionpoint -- fn = 7, devfn = 144, fn+devfn = 151
[    0.127455] drivers/pci/probe.c 2220 next_fn -- functionpoint
[    0.127456] drivers/pci/probe.c 2281 pci_scan_slot -- functionpoint
[    0.127457] drivers/pci/probe.c 2196 pci_scan_single_device -- functionpoint
[    0.127459] drivers/pci/search.c 206 pci_get_slot -- functionpoint
[    0.127461] drivers/pci/search.c 215 pci_get_slot return value is NULL -- functionpoint
[    0.127462] drivers/pci/probe.c 2035 pci_scan_device -- functionpoint
[    0.127464] drivers/pci/probe.c 2009 pci_bus_read_dev_vendor_id -- functionpoint
[    0.127470] drivers/pci/probe.c 2288 pci_scan_slot -- functionpoint -- fn = 0, devfn = 152, fn+devfn = 152
[    0.127473] drivers/pci/probe.c 2281 pci_scan_slot -- functionpoint
[    0.127474] drivers/pci/probe.c 2196 pci_scan_single_device -- functionpoint
[    0.127475] drivers/pci/search.c 206 pci_get_slot -- functionpoint
[    0.127477] drivers/pci/search.c 215 pci_get_slot return value is NULL -- functionpoint
[    0.127478] drivers/pci/probe.c 2035 pci_scan_device -- functionpoint
[    0.127480] drivers/pci/probe.c 2009 pci_bus_read_dev_vendor_id -- functionpoint
[    0.127488] drivers/pci/probe.c 2048 pci_scan_device -- functionpoint -- dev_vendor: 8086, dev_device: a36d
[    0.127491] drivers/pci/probe.c 1453 pci_setup_device -- functionpoint
[    0.127493] drivers/pci/probe.c 1242 set_pcie_port_type -- functionpoint
[    0.127505] pci 0000:00:14.0: [8086:a36d] type 00 class 0x0c0330
[    0.127508] pci 0000:00:14.0: drivers/pci/probe.c 1482 pci_setup_device functionpoint -- [8086:a36d] type 00 class 0x0c0330 multifunction 01
[    0.127524] drivers/pci/probe.c 1513 pci_setup_device  switch case PCI_HEADER_TYPE_NORMAL -- functionpoint
[    0.127544] pci 0000:00:14.0: reg 0x10: [mem 0xf1220000-0xf122ffff 64bit]
[    0.127600] drivers/pci/probe.c 2145 pci_device_add -- functionpoint
[    0.127642] drivers/pci/pci.c 2409 pci_pm_init -- functionpoint
[    0.127651] pci 0000:00:14.0: drivers/pci/pci.c 2450 pci_pm_init --functionpoint-- supports
[    0.127655] pci 0000:00:14.0: PME# supported from D3hot D3cold
[    0.127656] pci 0000:00:14.0: drivers/pci/pci.c 2462 pci_pm_init --functionpoint-- PME# supported from D3hot D3cold
[    0.127669] pci 0000:00:14.0: drivers/pci/pci.c 1891 pci_pme_active --functionpoint-- PME# disabled
[    0.128754] drivers/pci/probe.c 2288 pci_scan_slot -- functionpoint -- fn = 0, devfn = 160, fn+devfn = 160
[    0.128757] drivers/pci/probe.c 2220 next_fn -- functionpoint
[    0.128757] drivers/pci/probe.c 2196 pci_scan_single_device -- functionpoint
[    0.128759] drivers/pci/search.c 206 pci_get_slot -- functionpoint
[    0.128760] drivers/pci/search.c 215 pci_get_slot return value is NULL -- functionpoint
[    0.128762] drivers/pci/probe.c 2035 pci_scan_device -- functionpoint
[    0.128764] drivers/pci/probe.c 2009 pci_bus_read_dev_vendor_id -- functionpoint
[    0.128775] drivers/pci/probe.c 2298 pci_scan_slot -- functionpoint -- fn = 1, devfn = 160, fn+devfn = 161
[    0.128779] drivers/pci/probe.c 2220 next_fn -- functionpoint
[    0.128779] drivers/pci/probe.c 2196 pci_scan_single_device -- functionpoint
[    0.128781] drivers/pci/search.c 206 pci_get_slot -- functionpoint
[    0.128782] drivers/pci/search.c 215 pci_get_slot return value is NULL -- functionpoint
[    0.128784] drivers/pci/probe.c 2035 pci_scan_device -- functionpoint
[    0.128786] drivers/pci/probe.c 2009 pci_bus_read_dev_vendor_id -- functionpoint
[    0.128795] drivers/pci/probe.c 2048 pci_scan_device -- functionpoint -- dev_vendor: 8086, dev_device: a36f
[    0.128799] drivers/pci/probe.c 1453 pci_setup_device -- functionpoint
[    0.128800] drivers/pci/probe.c 1242 set_pcie_port_type -- functionpoint
[    0.128810] pci 0000:00:14.2: [8086:a36f] type 00 class 0x050000
[    0.128813] pci 0000:00:14.2: drivers/pci/probe.c 1482 pci_setup_device functionpoint -- [8086:a36f] type 00 class 0x050000 multifunction 00
[    0.128826] drivers/pci/probe.c 1513 pci_setup_device  switch case PCI_HEADER_TYPE_NORMAL -- functionpoint
[    0.128842] pci 0000:00:14.2: reg 0x10: [mem 0xf1232000-0xf1233fff 64bit]
[    0.128858] pci 0000:00:14.2: reg 0x18: [mem 0x4000106000-0x4000106fff 64bit]
[    0.128883] drivers/pci/probe.c 2145 pci_device_add -- functionpoint
[    0.128911] drivers/pci/pci.c 2409 pci_pm_init -- functionpoint
[    0.128919] pci 0000:00:14.2: drivers/pci/pci.c 2450 pci_pm_init --functionpoint-- supports
[    0.129929] drivers/pci/probe.c 2298 pci_scan_slot -- functionpoint -- fn = 2, devfn = 160, fn+devfn = 162
[    0.129931] drivers/pci/probe.c 2220 next_fn -- functionpoint
[    0.129932] drivers/pci/probe.c 2196 pci_scan_single_device -- functionpoint
[    0.129933] drivers/pci/search.c 206 pci_get_slot -- functionpoint
[    0.129935] drivers/pci/search.c 215 pci_get_slot return value is NULL -- functionpoint
[    0.129937] drivers/pci/probe.c 2035 pci_scan_device -- functionpoint
[    0.129938] drivers/pci/probe.c 2009 pci_bus_read_dev_vendor_id -- functionpoint
[    0.129944] drivers/pci/probe.c 2298 pci_scan_slot -- functionpoint -- fn = 3, devfn = 160, fn+devfn = 163
[    0.129948] drivers/pci/probe.c 2220 next_fn -- functionpoint
[    0.129948] drivers/pci/probe.c 2196 pci_scan_single_device -- functionpoint
[    0.129950] drivers/pci/search.c 206 pci_get_slot -- functionpoint
[    0.129951] drivers/pci/search.c 215 pci_get_slot return value is NULL -- functionpoint
[    0.129953] drivers/pci/probe.c 2035 pci_scan_device -- functionpoint
[    0.129955] drivers/pci/probe.c 2009 pci_bus_read_dev_vendor_id -- functionpoint
[    0.129972] drivers/pci/probe.c 2298 pci_scan_slot -- functionpoint -- fn = 4, devfn = 160, fn+devfn = 164
[    0.129975] drivers/pci/probe.c 2220 next_fn -- functionpoint
[    0.129975] drivers/pci/probe.c 2196 pci_scan_single_device -- functionpoint
[    0.129977] drivers/pci/search.c 206 pci_get_slot -- functionpoint
[    0.129979] drivers/pci/search.c 215 pci_get_slot return value is NULL -- functionpoint
[    0.129980] drivers/pci/probe.c 2035 pci_scan_device -- functionpoint
[    0.129982] drivers/pci/probe.c 2009 pci_bus_read_dev_vendor_id -- functionpoint
[    0.129996] drivers/pci/probe.c 2298 pci_scan_slot -- functionpoint -- fn = 5, devfn = 160, fn+devfn = 165
[    0.130000] drivers/pci/probe.c 2220 next_fn -- functionpoint
[    0.130000] drivers/pci/probe.c 2196 pci_scan_single_device -- functionpoint
[    0.130002] drivers/pci/search.c 206 pci_get_slot -- functionpoint
[    0.130003] drivers/pci/search.c 215 pci_get_slot return value is NULL -- functionpoint
[    0.130005] drivers/pci/probe.c 2035 pci_scan_device -- functionpoint
[    0.130007] drivers/pci/probe.c 2009 pci_bus_read_dev_vendor_id -- functionpoint
[    0.130021] drivers/pci/probe.c 2298 pci_scan_slot -- functionpoint -- fn = 6, devfn = 160, fn+devfn = 166
[    0.130025] drivers/pci/probe.c 2220 next_fn -- functionpoint
[    0.130025] drivers/pci/probe.c 2196 pci_scan_single_device -- functionpoint
[    0.130027] drivers/pci/search.c 206 pci_get_slot -- functionpoint
[    0.130029] drivers/pci/search.c 215 pci_get_slot return value is NULL -- functionpoint
[    0.130030] drivers/pci/probe.c 2035 pci_scan_device -- functionpoint
[    0.130032] drivers/pci/probe.c 2009 pci_bus_read_dev_vendor_id -- functionpoint
[    0.130046] drivers/pci/probe.c 2298 pci_scan_slot -- functionpoint -- fn = 7, devfn = 160, fn+devfn = 167
[    0.130050] drivers/pci/probe.c 2220 next_fn -- functionpoint
[    0.130050] drivers/pci/probe.c 2281 pci_scan_slot -- functionpoint
[    0.130052] drivers/pci/probe.c 2196 pci_scan_single_device -- functionpoint
[    0.130053] drivers/pci/search.c 206 pci_get_slot -- functionpoint
[    0.130055] drivers/pci/search.c 215 pci_get_slot return value is NULL -- functionpoint
[    0.130057] drivers/pci/probe.c 2035 pci_scan_device -- functionpoint
[    0.130058] drivers/pci/probe.c 2009 pci_bus_read_dev_vendor_id -- functionpoint
[    0.130064] drivers/pci/probe.c 2288 pci_scan_slot -- functionpoint -- fn = 0, devfn = 168, fn+devfn = 168
[    0.130067] drivers/pci/probe.c 2281 pci_scan_slot -- functionpoint
[    0.130067] drivers/pci/probe.c 2196 pci_scan_single_device -- functionpoint
[    0.130069] drivers/pci/search.c 206 pci_get_slot -- functionpoint
[    0.130070] drivers/pci/search.c 215 pci_get_slot return value is NULL -- functionpoint
[    0.130072] drivers/pci/probe.c 2035 pci_scan_device -- functionpoint
[    0.130074] drivers/pci/probe.c 2009 pci_bus_read_dev_vendor_id -- functionpoint
[    0.130089] drivers/pci/probe.c 2048 pci_scan_device -- functionpoint -- dev_vendor: 8086, dev_device: a360
[    0.130092] drivers/pci/probe.c 1453 pci_setup_device -- functionpoint
[    0.130094] drivers/pci/probe.c 1242 set_pcie_port_type -- functionpoint
[    0.130106] pci 0000:00:16.0: [8086:a360] type 00 class 0x078000
[    0.130109] pci 0000:00:16.0: drivers/pci/probe.c 1482 pci_setup_device functionpoint -- [8086:a360] type 00 class 0x078000 multifunction 01
[    0.130125] drivers/pci/probe.c 1513 pci_setup_device  switch case PCI_HEADER_TYPE_NORMAL -- functionpoint
[    0.130142] pci 0000:00:16.0: reg 0x10: [mem 0x4000105000-0x4000105fff 64bit]
[    0.130184] drivers/pci/probe.c 2145 pci_device_add -- functionpoint
[    0.130226] drivers/pci/pci.c 2409 pci_pm_init -- functionpoint
[    0.130235] pci 0000:00:16.0: drivers/pci/pci.c 2450 pci_pm_init --functionpoint-- supports
[    0.130239] pci 0000:00:16.0: PME# supported from D3hot
[    0.130240] pci 0000:00:16.0: drivers/pci/pci.c 2462 pci_pm_init --functionpoint-- PME# supported from D3hot
[    0.130245] pci 0000:00:16.0: drivers/pci/pci.c 1891 pci_pme_active --functionpoint-- PME# disabled
[    0.131313] drivers/pci/probe.c 2288 pci_scan_slot -- functionpoint -- fn = 0, devfn = 176, fn+devfn = 176
[    0.131316] drivers/pci/probe.c 2220 next_fn -- functionpoint
[    0.131316] drivers/pci/probe.c 2196 pci_scan_single_device -- functionpoint
[    0.131318] drivers/pci/search.c 206 pci_get_slot -- functionpoint
[    0.131320] drivers/pci/search.c 215 pci_get_slot return value is NULL -- functionpoint
[    0.131321] drivers/pci/probe.c 2035 pci_scan_device -- functionpoint
[    0.131323] drivers/pci/probe.c 2009 pci_bus_read_dev_vendor_id -- functionpoint
[    0.131335] drivers/pci/probe.c 2298 pci_scan_slot -- functionpoint -- fn = 1, devfn = 176, fn+devfn = 177
[    0.131338] drivers/pci/probe.c 2220 next_fn -- functionpoint
[    0.131338] drivers/pci/probe.c 2196 pci_scan_single_device -- functionpoint
[    0.131340] drivers/pci/search.c 206 pci_get_slot -- functionpoint
[    0.131342] drivers/pci/search.c 215 pci_get_slot return value is NULL -- functionpoint
[    0.131343] drivers/pci/probe.c 2035 pci_scan_device -- functionpoint
[    0.131345] drivers/pci/probe.c 2009 pci_bus_read_dev_vendor_id -- functionpoint
[    0.131360] drivers/pci/probe.c 2298 pci_scan_slot -- functionpoint -- fn = 2, devfn = 176, fn+devfn = 178
[    0.131364] drivers/pci/probe.c 2220 next_fn -- functionpoint
[    0.131364] drivers/pci/probe.c 2196 pci_scan_single_device -- functionpoint
[    0.131365] drivers/pci/search.c 206 pci_get_slot -- functionpoint
[    0.131367] drivers/pci/search.c 215 pci_get_slot return value is NULL -- functionpoint
[    0.131369] drivers/pci/probe.c 2035 pci_scan_device -- functionpoint
[    0.131371] drivers/pci/probe.c 2009 pci_bus_read_dev_vendor_id -- functionpoint
[    0.131381] drivers/pci/probe.c 2048 pci_scan_device -- functionpoint -- dev_vendor: 8086, dev_device: a363
[    0.131385] drivers/pci/probe.c 1453 pci_setup_device -- functionpoint
[    0.131387] drivers/pci/probe.c 1242 set_pcie_port_type -- functionpoint
[    0.131398] pci 0000:00:16.3: [8086:a363] type 00 class 0x070002
[    0.131400] pci 0000:00:16.3: drivers/pci/probe.c 1482 pci_setup_device functionpoint -- [8086:a363] type 00 class 0x070002 multifunction 01
[    0.131415] drivers/pci/probe.c 1513 pci_setup_device  switch case PCI_HEADER_TYPE_NORMAL -- functionpoint
[    0.131426] pci 0000:00:16.3: reg 0x10: [io  0x4088-0x408f]
[    0.131437] pci 0000:00:16.3: reg 0x14: [mem 0xf1237000-0xf1237fff]
[    0.131477] drivers/pci/probe.c 2145 pci_device_add -- functionpoint
[    0.131512] drivers/pci/pci.c 2409 pci_pm_init -- functionpoint
[    0.131522] pci 0000:00:16.3: drivers/pci/pci.c 2450 pci_pm_init --functionpoint-- supports
[    0.132534] drivers/pci/probe.c 2298 pci_scan_slot -- functionpoint -- fn = 3, devfn = 176, fn+devfn = 179
[    0.132537] drivers/pci/probe.c 2220 next_fn -- functionpoint
[    0.132537] drivers/pci/probe.c 2196 pci_scan_single_device -- functionpoint
[    0.132539] drivers/pci/search.c 206 pci_get_slot -- functionpoint
[    0.132540] drivers/pci/search.c 215 pci_get_slot return value is NULL -- functionpoint
[    0.132542] drivers/pci/probe.c 2035 pci_scan_device -- functionpoint
[    0.132544] drivers/pci/probe.c 2009 pci_bus_read_dev_vendor_id -- functionpoint
[    0.132555] drivers/pci/probe.c 2298 pci_scan_slot -- functionpoint -- fn = 4, devfn = 176, fn+devfn = 180
[    0.132559] drivers/pci/probe.c 2220 next_fn -- functionpoint
[    0.132559] drivers/pci/probe.c 2196 pci_scan_single_device -- functionpoint
[    0.132561] drivers/pci/search.c 206 pci_get_slot -- functionpoint
[    0.132562] drivers/pci/search.c 215 pci_get_slot return value is NULL -- functionpoint
[    0.132564] drivers/pci/probe.c 2035 pci_scan_device -- functionpoint
[    0.132566] drivers/pci/probe.c 2009 pci_bus_read_dev_vendor_id -- functionpoint
[    0.132581] drivers/pci/probe.c 2298 pci_scan_slot -- functionpoint -- fn = 5, devfn = 176, fn+devfn = 181
[    0.132585] drivers/pci/probe.c 2220 next_fn -- functionpoint
[    0.132585] drivers/pci/probe.c 2196 pci_scan_single_device -- functionpoint
[    0.132586] drivers/pci/search.c 206 pci_get_slot -- functionpoint
[    0.132588] drivers/pci/search.c 215 pci_get_slot return value is NULL -- functionpoint
[    0.132590] drivers/pci/probe.c 2035 pci_scan_device -- functionpoint
[    0.132591] drivers/pci/probe.c 2009 pci_bus_read_dev_vendor_id -- functionpoint
[    0.132606] drivers/pci/probe.c 2298 pci_scan_slot -- functionpoint -- fn = 6, devfn = 176, fn+devfn = 182
[    0.132609] drivers/pci/probe.c 2220 next_fn -- functionpoint
[    0.132610] drivers/pci/probe.c 2196 pci_scan_single_device -- functionpoint
[    0.132611] drivers/pci/search.c 206 pci_get_slot -- functionpoint
[    0.132613] drivers/pci/search.c 215 pci_get_slot return value is NULL -- functionpoint
[    0.132615] drivers/pci/probe.c 2035 pci_scan_device -- functionpoint
[    0.132616] drivers/pci/probe.c 2009 pci_bus_read_dev_vendor_id -- functionpoint
[    0.132631] drivers/pci/probe.c 2298 pci_scan_slot -- functionpoint -- fn = 7, devfn = 176, fn+devfn = 183
[    0.132635] drivers/pci/probe.c 2220 next_fn -- functionpoint
[    0.132635] drivers/pci/probe.c 2281 pci_scan_slot -- functionpoint
[    0.132636] drivers/pci/probe.c 2196 pci_scan_single_device -- functionpoint
[    0.132638] drivers/pci/search.c 206 pci_get_slot -- functionpoint
[    0.132640] drivers/pci/search.c 215 pci_get_slot return value is NULL -- functionpoint
[    0.132641] drivers/pci/probe.c 2035 pci_scan_device -- functionpoint
[    0.132643] drivers/pci/probe.c 2009 pci_bus_read_dev_vendor_id -- functionpoint
[    0.132652] drivers/pci/probe.c 2048 pci_scan_device -- functionpoint -- dev_vendor: 8086, dev_device: a352
[    0.132656] drivers/pci/probe.c 1453 pci_setup_device -- functionpoint
[    0.132657] drivers/pci/probe.c 1242 set_pcie_port_type -- functionpoint
[    0.132669] pci 0000:00:17.0: [8086:a352] type 00 class 0x010601
[    0.132672] pci 0000:00:17.0: drivers/pci/probe.c 1482 pci_setup_device functionpoint -- [8086:a352] type 00 class 0x010601 multifunction 00
[    0.132688] drivers/pci/probe.c 1513 pci_setup_device  switch case PCI_HEADER_TYPE_NORMAL -- functionpoint
[    0.132702] pci 0000:00:17.0: reg 0x10: [mem 0xf1230000-0xf1231fff]
[    0.132715] pci 0000:00:17.0: reg 0x14: [mem 0xf1236000-0xf12360ff]
[    0.132726] pci 0000:00:17.0: reg 0x18: [io  0x4080-0x4087]
[    0.132738] pci 0000:00:17.0: reg 0x1c: [io  0x4090-0x4093]
[    0.132749] pci 0000:00:17.0: reg 0x20: [io  0x4060-0x407f]
[    0.132760] pci 0000:00:17.0: reg 0x24: [mem 0xf1235000-0xf12357ff]
[    0.132773] drivers/pci/probe.c 2145 pci_device_add -- functionpoint
[    0.132814] drivers/pci/pci.c 2409 pci_pm_init -- functionpoint
[    0.132824] pci 0000:00:17.0: drivers/pci/pci.c 2450 pci_pm_init --functionpoint-- supports
[    0.132828] pci 0000:00:17.0: PME# supported from D3hot
[    0.132829] pci 0000:00:17.0: drivers/pci/pci.c 2462 pci_pm_init --functionpoint-- PME# supported from D3hot
[    0.132835] pci 0000:00:17.0: drivers/pci/pci.c 1891 pci_pme_active --functionpoint-- PME# disabled
[    0.133931] drivers/pci/probe.c 2288 pci_scan_slot -- functionpoint -- fn = 0, devfn = 184, fn+devfn = 184
[    0.133934] drivers/pci/probe.c 2220 next_fn -- functionpoint
[    0.133934] drivers/pci/probe.c 2281 pci_scan_slot -- functionpoint
[    0.133936] drivers/pci/probe.c 2196 pci_scan_single_device -- functionpoint
[    0.133937] drivers/pci/search.c 206 pci_get_slot -- functionpoint
[    0.133939] drivers/pci/search.c 215 pci_get_slot return value is NULL -- functionpoint
[    0.133941] drivers/pci/probe.c 2035 pci_scan_device -- functionpoint
[    0.133943] drivers/pci/probe.c 2009 pci_bus_read_dev_vendor_id -- functionpoint
[    0.133954] drivers/pci/probe.c 2288 pci_scan_slot -- functionpoint -- fn = 0, devfn = 192, fn+devfn = 192
[    0.133958] drivers/pci/probe.c 2281 pci_scan_slot -- functionpoint
[    0.133958] drivers/pci/probe.c 2196 pci_scan_single_device -- functionpoint
[    0.133959] drivers/pci/search.c 206 pci_get_slot -- functionpoint
[    0.133961] drivers/pci/search.c 215 pci_get_slot return value is NULL -- functionpoint
[    0.133963] drivers/pci/probe.c 2035 pci_scan_device -- functionpoint
[    0.133965] drivers/pci/probe.c 2009 pci_bus_read_dev_vendor_id -- functionpoint
[    0.133979] drivers/pci/probe.c 2288 pci_scan_slot -- functionpoint -- fn = 0, devfn = 200, fn+devfn = 200
[    0.133983] drivers/pci/probe.c 2281 pci_scan_slot -- functionpoint
[    0.133983] drivers/pci/probe.c 2196 pci_scan_single_device -- functionpoint
[    0.133984] drivers/pci/search.c 206 pci_get_slot -- functionpoint
[    0.133986] drivers/pci/search.c 215 pci_get_slot return value is NULL -- functionpoint
[    0.133988] drivers/pci/probe.c 2035 pci_scan_device -- functionpoint
[    0.133989] drivers/pci/probe.c 2009 pci_bus_read_dev_vendor_id -- functionpoint
[    0.134004] drivers/pci/probe.c 2288 pci_scan_slot -- functionpoint -- fn = 0, devfn = 208, fn+devfn = 208
[    0.134007] drivers/pci/probe.c 2281 pci_scan_slot -- functionpoint
[    0.134008] drivers/pci/probe.c 2196 pci_scan_single_device -- functionpoint
[    0.134009] drivers/pci/search.c 206 pci_get_slot -- functionpoint
[    0.134011] drivers/pci/search.c 215 pci_get_slot return value is NULL -- functionpoint
[    0.134013] drivers/pci/probe.c 2035 pci_scan_device -- functionpoint
[    0.134014] drivers/pci/probe.c 2009 pci_bus_read_dev_vendor_id -- functionpoint
[    0.134021] drivers/pci/probe.c 2048 pci_scan_device -- functionpoint -- dev_vendor: 8086, dev_device: a32c
[    0.134024] drivers/pci/probe.c 1453 pci_setup_device -- functionpoint
[    0.134026] drivers/pci/probe.c 1242 set_pcie_port_type -- functionpoint
[    0.134035] drivers/pci/probe.c 1262 set_pcie_port_type --functionpoint-- root_port or pcie_bridge
[    0.134040] pci 0000:00:1b.0: [8086:a32c] type 01 class 0x060400
[    0.134043] pci 0000:00:1b.0: drivers/pci/probe.c 1482 pci_setup_device functionpoint -- [8086:a32c] type 01 class 0x060400 multifunction 01
[    0.134062] drivers/pci/probe.c 1566 pci_setup_device switch case PCI_HEADER_TYPE_BRIDGE -- functionpoint
[    0.134108] drivers/pci/probe.c 2145 pci_device_add -- functionpoint
[    0.134178] drivers/pci/pci.c 2409 pci_pm_init -- functionpoint
[    0.134191] pci 0000:00:1b.0: drivers/pci/pci.c 2450 pci_pm_init --functionpoint-- supports
[    0.134195] pci 0000:00:1b.0: PME# supported from D0 D3hot D3cold
[    0.134196] pci 0000:00:1b.0: drivers/pci/pci.c 2462 pci_pm_init --functionpoint-- PME# supported from D0 D3hot D3cold
[    0.134208] pci 0000:00:1b.0: drivers/pci/pci.c 1891 pci_pme_active --functionpoint-- PME# disabled
[    0.134240] pci 0000:00:1b.0: PTM enabled (root), 4dns granularity
[    0.135329] drivers/pci/probe.c 2288 pci_scan_slot -- functionpoint -- fn = 0, devfn = 216, fn+devfn = 216
[    0.135332] drivers/pci/probe.c 2220 next_fn -- functionpoint
[    0.135332] drivers/pci/probe.c 2196 pci_scan_single_device -- functionpoint
[    0.135333] drivers/pci/search.c 206 pci_get_slot -- functionpoint
[    0.135335] drivers/pci/search.c 215 pci_get_slot return value is NULL -- functionpoint
[    0.135337] drivers/pci/probe.c 2035 pci_scan_device -- functionpoint
[    0.135339] drivers/pci/probe.c 2009 pci_bus_read_dev_vendor_id -- functionpoint
[    0.135350] drivers/pci/probe.c 2298 pci_scan_slot -- functionpoint -- fn = 1, devfn = 216, fn+devfn = 217
[    0.135354] drivers/pci/probe.c 2220 next_fn -- functionpoint
[    0.135354] drivers/pci/probe.c 2196 pci_scan_single_device -- functionpoint
[    0.135356] drivers/pci/search.c 206 pci_get_slot -- functionpoint
[    0.135357] drivers/pci/search.c 215 pci_get_slot return value is NULL -- functionpoint
[    0.135359] drivers/pci/probe.c 2035 pci_scan_device -- functionpoint
[    0.135361] drivers/pci/probe.c 2009 pci_bus_read_dev_vendor_id -- functionpoint
[    0.135376] drivers/pci/probe.c 2298 pci_scan_slot -- functionpoint -- fn = 2, devfn = 216, fn+devfn = 218
[    0.135379] drivers/pci/probe.c 2220 next_fn -- functionpoint
[    0.135380] drivers/pci/probe.c 2196 pci_scan_single_device -- functionpoint
[    0.135381] drivers/pci/search.c 206 pci_get_slot -- functionpoint
[    0.135383] drivers/pci/search.c 215 pci_get_slot return value is NULL -- functionpoint
[    0.135384] drivers/pci/probe.c 2035 pci_scan_device -- functionpoint
[    0.135386] drivers/pci/probe.c 2009 pci_bus_read_dev_vendor_id -- functionpoint
[    0.135398] drivers/pci/probe.c 2298 pci_scan_slot -- functionpoint -- fn = 3, devfn = 216, fn+devfn = 219
[    0.135401] drivers/pci/probe.c 2220 next_fn -- functionpoint
[    0.135402] drivers/pci/probe.c 2196 pci_scan_single_device -- functionpoint
[    0.135403] drivers/pci/search.c 206 pci_get_slot -- functionpoint
[    0.135405] drivers/pci/search.c 215 pci_get_slot return value is NULL -- functionpoint
[    0.135406] drivers/pci/probe.c 2035 pci_scan_device -- functionpoint
[    0.135408] drivers/pci/probe.c 2009 pci_bus_read_dev_vendor_id -- functionpoint
[    0.135423] drivers/pci/probe.c 2298 pci_scan_slot -- functionpoint -- fn = 4, devfn = 216, fn+devfn = 220
[    0.135426] drivers/pci/probe.c 2220 next_fn -- functionpoint
[    0.135427] drivers/pci/probe.c 2196 pci_scan_single_device -- functionpoint
[    0.135428] drivers/pci/search.c 206 pci_get_slot -- functionpoint
[    0.135430] drivers/pci/search.c 215 pci_get_slot return value is NULL -- functionpoint
[    0.135432] drivers/pci/probe.c 2035 pci_scan_device -- functionpoint
[    0.135433] drivers/pci/probe.c 2009 pci_bus_read_dev_vendor_id -- functionpoint
[    0.135448] drivers/pci/probe.c 2298 pci_scan_slot -- functionpoint -- fn = 5, devfn = 216, fn+devfn = 221
[    0.135451] drivers/pci/probe.c 2220 next_fn -- functionpoint
[    0.135452] drivers/pci/probe.c 2196 pci_scan_single_device -- functionpoint
[    0.135453] drivers/pci/search.c 206 pci_get_slot -- functionpoint
[    0.135455] drivers/pci/search.c 215 pci_get_slot return value is NULL -- functionpoint
[    0.135456] drivers/pci/probe.c 2035 pci_scan_device -- functionpoint
[    0.135458] drivers/pci/probe.c 2009 pci_bus_read_dev_vendor_id -- functionpoint
[    0.135470] drivers/pci/probe.c 2298 pci_scan_slot -- functionpoint -- fn = 6, devfn = 216, fn+devfn = 222
[    0.135473] drivers/pci/probe.c 2220 next_fn -- functionpoint
[    0.135474] drivers/pci/probe.c 2196 pci_scan_single_device -- functionpoint
[    0.135475] drivers/pci/search.c 206 pci_get_slot -- functionpoint
[    0.135477] drivers/pci/search.c 215 pci_get_slot return value is NULL -- functionpoint
[    0.135478] drivers/pci/probe.c 2035 pci_scan_device -- functionpoint
[    0.135480] drivers/pci/probe.c 2009 pci_bus_read_dev_vendor_id -- functionpoint
[    0.135496] drivers/pci/probe.c 2298 pci_scan_slot -- functionpoint -- fn = 7, devfn = 216, fn+devfn = 223
[    0.135499] drivers/pci/probe.c 2220 next_fn -- functionpoint
[    0.135499] drivers/pci/probe.c 2281 pci_scan_slot -- functionpoint
[    0.135501] drivers/pci/probe.c 2196 pci_scan_single_device -- functionpoint
[    0.135502] drivers/pci/search.c 206 pci_get_slot -- functionpoint
[    0.135504] drivers/pci/search.c 215 pci_get_slot return value is NULL -- functionpoint
[    0.135506] drivers/pci/probe.c 2035 pci_scan_device -- functionpoint
[    0.135508] drivers/pci/probe.c 2009 pci_bus_read_dev_vendor_id -- functionpoint
[    0.135515] drivers/pci/probe.c 2048 pci_scan_device -- functionpoint -- dev_vendor: 8086, dev_device: a33e
[    0.135519] drivers/pci/probe.c 1453 pci_setup_device -- functionpoint
[    0.135520] drivers/pci/probe.c 1242 set_pcie_port_type -- functionpoint
[    0.135529] drivers/pci/probe.c 1262 set_pcie_port_type --functionpoint-- root_port or pcie_bridge
[    0.135534] pci 0000:00:1c.0: [8086:a33e] type 01 class 0x060400
[    0.135537] pci 0000:00:1c.0: drivers/pci/probe.c 1482 pci_setup_device functionpoint -- [8086:a33e] type 01 class 0x060400 multifunction 01
[    0.135558] drivers/pci/probe.c 1566 pci_setup_device switch case PCI_HEADER_TYPE_BRIDGE -- functionpoint
[    0.135603] drivers/pci/probe.c 2145 pci_device_add -- functionpoint
[    0.135675] drivers/pci/pci.c 2409 pci_pm_init -- functionpoint
[    0.135688] pci 0000:00:1c.0: drivers/pci/pci.c 2450 pci_pm_init --functionpoint-- supports
[    0.135692] pci 0000:00:1c.0: PME# supported from D0 D3hot D3cold
[    0.135693] pci 0000:00:1c.0: drivers/pci/pci.c 2462 pci_pm_init --functionpoint-- PME# supported from D0 D3hot D3cold
[    0.135705] pci 0000:00:1c.0: drivers/pci/pci.c 1891 pci_pme_active --functionpoint-- PME# disabled
[    0.135737] pci 0000:00:1c.0: PTM enabled (root), 4dns granularity
[    0.136828] drivers/pci/probe.c 2288 pci_scan_slot -- functionpoint -- fn = 0, devfn = 224, fn+devfn = 224
[    0.136831] drivers/pci/probe.c 2220 next_fn -- functionpoint
[    0.136831] drivers/pci/probe.c 2196 pci_scan_single_device -- functionpoint
[    0.136833] drivers/pci/search.c 206 pci_get_slot -- functionpoint
[    0.136835] drivers/pci/search.c 215 pci_get_slot return value is NULL -- functionpoint
[    0.136837] drivers/pci/probe.c 2035 pci_scan_device -- functionpoint
[    0.136838] drivers/pci/probe.c 2009 pci_bus_read_dev_vendor_id -- functionpoint
[    0.136850] drivers/pci/probe.c 2298 pci_scan_slot -- functionpoint -- fn = 1, devfn = 224, fn+devfn = 225
[    0.136853] drivers/pci/probe.c 2220 next_fn -- functionpoint
[    0.136854] drivers/pci/probe.c 2196 pci_scan_single_device -- functionpoint
[    0.136855] drivers/pci/search.c 206 pci_get_slot -- functionpoint
[    0.136857] drivers/pci/search.c 215 pci_get_slot return value is NULL -- functionpoint
[    0.136858] drivers/pci/probe.c 2035 pci_scan_device -- functionpoint
[    0.136860] drivers/pci/probe.c 2009 pci_bus_read_dev_vendor_id -- functionpoint
[    0.136873] drivers/pci/probe.c 2298 pci_scan_slot -- functionpoint -- fn = 2, devfn = 224, fn+devfn = 226
[    0.136877] drivers/pci/probe.c 2220 next_fn -- functionpoint
[    0.136877] drivers/pci/probe.c 2196 pci_scan_single_device -- functionpoint
[    0.136879] drivers/pci/search.c 206 pci_get_slot -- functionpoint
[    0.136881] drivers/pci/search.c 215 pci_get_slot return value is NULL -- functionpoint
[    0.136882] drivers/pci/probe.c 2035 pci_scan_device -- functionpoint
[    0.136884] drivers/pci/probe.c 2009 pci_bus_read_dev_vendor_id -- functionpoint
[    0.136899] drivers/pci/probe.c 2298 pci_scan_slot -- functionpoint -- fn = 3, devfn = 224, fn+devfn = 227
[    0.136902] drivers/pci/probe.c 2220 next_fn -- functionpoint
[    0.136903] drivers/pci/probe.c 2196 pci_scan_single_device -- functionpoint
[    0.136904] drivers/pci/search.c 206 pci_get_slot -- functionpoint
[    0.136906] drivers/pci/search.c 215 pci_get_slot return value is NULL -- functionpoint
[    0.136907] drivers/pci/probe.c 2035 pci_scan_device -- functionpoint
[    0.136909] drivers/pci/probe.c 2009 pci_bus_read_dev_vendor_id -- functionpoint
[    0.136924] drivers/pci/probe.c 2298 pci_scan_slot -- functionpoint -- fn = 4, devfn = 224, fn+devfn = 228
[    0.136927] drivers/pci/probe.c 2220 next_fn -- functionpoint
[    0.136928] drivers/pci/probe.c 2196 pci_scan_single_device -- functionpoint
[    0.136929] drivers/pci/search.c 206 pci_get_slot -- functionpoint
[    0.136931] drivers/pci/search.c 215 pci_get_slot return value is NULL -- functionpoint
[    0.136933] drivers/pci/probe.c 2035 pci_scan_device -- functionpoint
[    0.136934] drivers/pci/probe.c 2009 pci_bus_read_dev_vendor_id -- functionpoint
[    0.136949] drivers/pci/probe.c 2298 pci_scan_slot -- functionpoint -- fn = 5, devfn = 224, fn+devfn = 229
[    0.136952] drivers/pci/probe.c 2220 next_fn -- functionpoint
[    0.136953] drivers/pci/probe.c 2196 pci_scan_single_device -- functionpoint
[    0.136954] drivers/pci/search.c 206 pci_get_slot -- functionpoint
[    0.136956] drivers/pci/search.c 215 pci_get_slot return value is NULL -- functionpoint
[    0.136958] drivers/pci/probe.c 2035 pci_scan_device -- functionpoint
[    0.136959] drivers/pci/probe.c 2009 pci_bus_read_dev_vendor_id -- functionpoint
[    0.136974] drivers/pci/probe.c 2298 pci_scan_slot -- functionpoint -- fn = 6, devfn = 224, fn+devfn = 230
[    0.136977] drivers/pci/probe.c 2220 next_fn -- functionpoint
[    0.136978] drivers/pci/probe.c 2196 pci_scan_single_device -- functionpoint
[    0.136979] drivers/pci/search.c 206 pci_get_slot -- functionpoint
[    0.136981] drivers/pci/search.c 215 pci_get_slot return value is NULL -- functionpoint
[    0.136982] drivers/pci/probe.c 2035 pci_scan_device -- functionpoint
[    0.136984] drivers/pci/probe.c 2009 pci_bus_read_dev_vendor_id -- functionpoint
[    0.136999] drivers/pci/probe.c 2298 pci_scan_slot -- functionpoint -- fn = 7, devfn = 224, fn+devfn = 231
[    0.137002] drivers/pci/probe.c 2220 next_fn -- functionpoint
[    0.137003] drivers/pci/probe.c 2281 pci_scan_slot -- functionpoint
[    0.137004] drivers/pci/probe.c 2196 pci_scan_single_device -- functionpoint
[    0.137006] drivers/pci/search.c 206 pci_get_slot -- functionpoint
[    0.137008] drivers/pci/search.c 215 pci_get_slot return value is NULL -- functionpoint
[    0.137009] drivers/pci/probe.c 2035 pci_scan_device -- functionpoint
[    0.137011] drivers/pci/probe.c 2009 pci_bus_read_dev_vendor_id -- functionpoint
[    0.137021] drivers/pci/probe.c 2288 pci_scan_slot -- functionpoint -- fn = 0, devfn = 232, fn+devfn = 232
[    0.137025] drivers/pci/probe.c 2281 pci_scan_slot -- functionpoint
[    0.137025] drivers/pci/probe.c 2196 pci_scan_single_device -- functionpoint
[    0.137027] drivers/pci/search.c 206 pci_get_slot -- functionpoint
[    0.137028] drivers/pci/search.c 215 pci_get_slot return value is NULL -- functionpoint
[    0.137030] drivers/pci/probe.c 2035 pci_scan_device -- functionpoint
[    0.137032] drivers/pci/probe.c 2009 pci_bus_read_dev_vendor_id -- functionpoint
[    0.137041] drivers/pci/probe.c 2288 pci_scan_slot -- functionpoint -- fn = 0, devfn = 240, fn+devfn = 240
[    0.137045] drivers/pci/probe.c 2281 pci_scan_slot -- functionpoint
[    0.137045] drivers/pci/probe.c 2196 pci_scan_single_device -- functionpoint
[    0.137047] drivers/pci/search.c 206 pci_get_slot -- functionpoint
[    0.137048] drivers/pci/search.c 215 pci_get_slot return value is NULL -- functionpoint
[    0.137050] drivers/pci/probe.c 2035 pci_scan_device -- functionpoint
[    0.137052] drivers/pci/probe.c 2009 pci_bus_read_dev_vendor_id -- functionpoint
[    0.137067] drivers/pci/probe.c 2048 pci_scan_device -- functionpoint -- dev_vendor: 8086, dev_device: a306
[    0.137070] drivers/pci/probe.c 1453 pci_setup_device -- functionpoint
[    0.137072] drivers/pci/probe.c 1242 set_pcie_port_type -- functionpoint
[    0.137079] pci 0000:00:1f.0: [8086:a306] type 00 class 0x060100
[    0.137081] pci 0000:00:1f.0: drivers/pci/probe.c 1482 pci_setup_device functionpoint -- [8086:a306] type 00 class 0x060100 multifunction 01
[    0.137091] drivers/pci/probe.c 1513 pci_setup_device  switch case PCI_HEADER_TYPE_NORMAL -- functionpoint
[    0.137168] drivers/pci/probe.c 2145 pci_device_add -- functionpoint
[    0.137182] drivers/pci/pci.c 2409 pci_pm_init -- functionpoint
[    0.138217] drivers/pci/probe.c 2288 pci_scan_slot -- functionpoint -- fn = 0, devfn = 248, fn+devfn = 248
[    0.138221] drivers/pci/probe.c 2220 next_fn -- functionpoint
[    0.138221] drivers/pci/probe.c 2196 pci_scan_single_device -- functionpoint
[    0.138223] drivers/pci/search.c 206 pci_get_slot -- functionpoint
[    0.138225] drivers/pci/search.c 215 pci_get_slot return value is NULL -- functionpoint
[    0.138226] drivers/pci/probe.c 2035 pci_scan_device -- functionpoint
[    0.138228] drivers/pci/probe.c 2009 pci_bus_read_dev_vendor_id -- functionpoint
[    0.138240] drivers/pci/probe.c 2298 pci_scan_slot -- functionpoint -- fn = 1, devfn = 248, fn+devfn = 249
[    0.138243] drivers/pci/probe.c 2220 next_fn -- functionpoint
[    0.138243] drivers/pci/probe.c 2196 pci_scan_single_device -- functionpoint
[    0.138245] drivers/pci/search.c 206 pci_get_slot -- functionpoint
[    0.138247] drivers/pci/search.c 215 pci_get_slot return value is NULL -- functionpoint
[    0.138248] drivers/pci/probe.c 2035 pci_scan_device -- functionpoint
[    0.138250] drivers/pci/probe.c 2009 pci_bus_read_dev_vendor_id -- functionpoint
[    0.138265] drivers/pci/probe.c 2298 pci_scan_slot -- functionpoint -- fn = 2, devfn = 248, fn+devfn = 250
[    0.138268] drivers/pci/probe.c 2220 next_fn -- functionpoint
[    0.138268] drivers/pci/probe.c 2196 pci_scan_single_device -- functionpoint
[    0.138270] drivers/pci/search.c 206 pci_get_slot -- functionpoint
[    0.138272] drivers/pci/search.c 215 pci_get_slot return value is NULL -- functionpoint
[    0.138273] drivers/pci/probe.c 2035 pci_scan_device -- functionpoint
[    0.138275] drivers/pci/probe.c 2009 pci_bus_read_dev_vendor_id -- functionpoint
[    0.138284] drivers/pci/probe.c 2048 pci_scan_device -- functionpoint -- dev_vendor: 8086, dev_device: a348
[    0.138288] drivers/pci/probe.c 1453 pci_setup_device -- functionpoint
[    0.138291] drivers/pci/probe.c 1242 set_pcie_port_type -- functionpoint
[    0.138314] pci 0000:00:1f.3: [8086:a348] type 00 class 0x040300
[    0.138317] pci 0000:00:1f.3: drivers/pci/probe.c 1482 pci_setup_device functionpoint -- [8086:a348] type 00 class 0x040300 multifunction 00
[    0.138351] drivers/pci/probe.c 1513 pci_setup_device  switch case PCI_HEADER_TYPE_NORMAL -- functionpoint
[    0.138392] pci 0000:00:1f.3: reg 0x10: [mem 0x4000100000-0x4000103fff 64bit]
[    0.138458] pci 0000:00:1f.3: reg 0x20: [mem 0x4000000000-0x40000fffff 64bit]
[    0.138481] drivers/pci/probe.c 2145 pci_device_add -- functionpoint
[    0.138582] drivers/pci/pci.c 2409 pci_pm_init -- functionpoint
[    0.138597] pci 0000:00:1f.3: drivers/pci/pci.c 2450 pci_pm_init --functionpoint-- supports
[    0.138601] pci 0000:00:1f.3: PME# supported from D3hot D3cold
[    0.138602] pci 0000:00:1f.3: drivers/pci/pci.c 2462 pci_pm_init --functionpoint-- PME# supported from D3hot D3cold
[    0.138621] pci 0000:00:1f.3: drivers/pci/pci.c 1891 pci_pme_active --functionpoint-- PME# disabled
[    0.139764] drivers/pci/probe.c 2298 pci_scan_slot -- functionpoint -- fn = 3, devfn = 248, fn+devfn = 251
[    0.139767] drivers/pci/probe.c 2220 next_fn -- functionpoint
[    0.139767] drivers/pci/probe.c 2196 pci_scan_single_device -- functionpoint
[    0.139769] drivers/pci/search.c 206 pci_get_slot -- functionpoint
[    0.139771] drivers/pci/search.c 215 pci_get_slot return value is NULL -- functionpoint
[    0.139772] drivers/pci/probe.c 2035 pci_scan_device -- functionpoint
[    0.139774] drivers/pci/probe.c 2009 pci_bus_read_dev_vendor_id -- functionpoint
[    0.139786] drivers/pci/probe.c 2048 pci_scan_device -- functionpoint -- dev_vendor: 8086, dev_device: a323
[    0.139790] drivers/pci/probe.c 1453 pci_setup_device -- functionpoint
[    0.139797] drivers/pci/probe.c 1242 set_pcie_port_type -- functionpoint
[    0.139819] pci 0000:00:1f.4: [8086:a323] type 00 class 0x0c0500
[    0.139822] pci 0000:00:1f.4: drivers/pci/probe.c 1482 pci_setup_device functionpoint -- [8086:a323] type 00 class 0x0c0500 multifunction 00
[    0.139847] drivers/pci/probe.c 1513 pci_setup_device  switch case PCI_HEADER_TYPE_NORMAL -- functionpoint
[    0.139885] pci 0000:00:1f.4: reg 0x10: [mem 0x4000104000-0x40001040ff 64bit]
[    0.139947] pci 0000:00:1f.4: reg 0x20: [io  0xefa0-0xefbf]
[    0.139995] drivers/pci/probe.c 2145 pci_device_add -- functionpoint
[    0.140014] drivers/pci/pci.c 2409 pci_pm_init -- functionpoint
[    0.141063] drivers/pci/probe.c 2298 pci_scan_slot -- functionpoint -- fn = 4, devfn = 248, fn+devfn = 252
[    0.141067] drivers/pci/probe.c 2220 next_fn -- functionpoint
[    0.141067] drivers/pci/probe.c 2196 pci_scan_single_device -- functionpoint
[    0.141069] drivers/pci/search.c 206 pci_get_slot -- functionpoint
[    0.141071] drivers/pci/search.c 215 pci_get_slot return value is NULL -- functionpoint
[    0.141072] drivers/pci/probe.c 2035 pci_scan_device -- functionpoint
[    0.141074] drivers/pci/probe.c 2009 pci_bus_read_dev_vendor_id -- functionpoint
[    0.141085] drivers/pci/probe.c 2048 pci_scan_device -- functionpoint -- dev_vendor: 8086, dev_device: a324
[    0.141089] drivers/pci/probe.c 1453 pci_setup_device -- functionpoint
[    0.141090] drivers/pci/probe.c 1242 set_pcie_port_type -- functionpoint
[    0.141097] pci 0000:00:1f.5: [8086:a324] type 00 class 0x0c8000
[    0.141099] pci 0000:00:1f.5: drivers/pci/probe.c 1482 pci_setup_device functionpoint -- [8086:a324] type 00 class 0x0c8000 multifunction 00
[    0.141109] drivers/pci/probe.c 1513 pci_setup_device  switch case PCI_HEADER_TYPE_NORMAL -- functionpoint
[    0.141122] pci 0000:00:1f.5: reg 0x10: [mem 0xfe010000-0xfe010fff]
[    0.141189] drivers/pci/probe.c 2145 pci_device_add -- functionpoint
[    0.141201] drivers/pci/pci.c 2409 pci_pm_init -- functionpoint
[    0.142205] drivers/pci/probe.c 2298 pci_scan_slot -- functionpoint -- fn = 5, devfn = 248, fn+devfn = 253
[    0.142208] drivers/pci/probe.c 2220 next_fn -- functionpoint
[    0.142209] drivers/pci/probe.c 2196 pci_scan_single_device -- functionpoint
[    0.142210] drivers/pci/search.c 206 pci_get_slot -- functionpoint
[    0.142212] drivers/pci/search.c 215 pci_get_slot return value is NULL -- functionpoint
[    0.142214] drivers/pci/probe.c 2035 pci_scan_device -- functionpoint
[    0.142216] drivers/pci/probe.c 2009 pci_bus_read_dev_vendor_id -- functionpoint
[    0.142223] drivers/pci/probe.c 2048 pci_scan_device -- functionpoint -- dev_vendor: 8086, dev_device: 15bb
[    0.142226] drivers/pci/probe.c 1453 pci_setup_device -- functionpoint
[    0.142229] drivers/pci/probe.c 1242 set_pcie_port_type -- functionpoint
[    0.142249] pci 0000:00:1f.6: [8086:15bb] type 00 class 0x020000
[    0.142251] pci 0000:00:1f.6: drivers/pci/probe.c 1482 pci_setup_device functionpoint -- [8086:15bb] type 00 class 0x020000 multifunction 00
[    0.142267] drivers/pci/search.c 206 pci_get_slot -- functionpoint
[    0.142280] drivers/pci/probe.c 1513 pci_setup_device  switch case PCI_HEADER_TYPE_NORMAL -- functionpoint
[    0.142312] pci 0000:00:1f.6: reg 0x10: [mem 0xf1200000-0xf121ffff]
[    0.142461] drivers/pci/probe.c 2145 pci_device_add -- functionpoint
[    0.142538] drivers/pci/pci.c 2409 pci_pm_init -- functionpoint
[    0.142553] pci 0000:00:1f.6: drivers/pci/pci.c 2450 pci_pm_init --functionpoint-- supports
[    0.142557] pci 0000:00:1f.6: PME# supported from D0 D3hot D3cold
[    0.142558] pci 0000:00:1f.6: drivers/pci/pci.c 2462 pci_pm_init --functionpoint-- PME# supported from D0 D3hot D3cold
[    0.142578] pci 0000:00:1f.6: drivers/pci/pci.c 1891 pci_pme_active --functionpoint-- PME# disabled
[    0.143595] drivers/pci/probe.c 2298 pci_scan_slot -- functionpoint -- fn = 6, devfn = 248, fn+devfn = 254
[    0.143598] drivers/pci/probe.c 2220 next_fn -- functionpoint
[    0.143598] drivers/pci/probe.c 2196 pci_scan_single_device -- functionpoint
[    0.143600] drivers/pci/search.c 206 pci_get_slot -- functionpoint
[    0.143602] drivers/pci/search.c 215 pci_get_slot return value is NULL -- functionpoint
[    0.143603] drivers/pci/probe.c 2035 pci_scan_device -- functionpoint
[    0.143605] drivers/pci/probe.c 2009 pci_bus_read_dev_vendor_id -- functionpoint
[    0.143617] drivers/pci/probe.c 2298 pci_scan_slot -- functionpoint -- fn = 7, devfn = 248, fn+devfn = 255
[    0.143620] drivers/pci/probe.c 2220 next_fn -- functionpoint
[    0.143621] drivers/pci/probe.c 463 pci_read_bridge_bases -- functionpoint
[    0.143623] drivers/pci/probe.c 1002 pci_scan_bridge_extend -- functionpoint
[    0.143627] pci 0000:00:1b.0: drivers/pci/probe.c 1016 pci_scan_bridge_extend -- functionpoint -- scanning [bus 01-01] behind bridge, pass 0
[    0.143635] drivers/pci/search.c 144 pci_find_bus -- functionpoint
[    0.143636] drivers/pci/search.c 145 pci_find_bus functionpoint -- domain_num = 0, bus_num = 1
[    0.143639] drivers/pci/search.c 176 pci_find_next_bus -- functionpoint
[    0.143639] drivers/pci/search.c 176 pci_find_next_bus -- functionpoint
[    0.143641] drivers/pci/search.c 157 pci_find_bus not found bus -- functionpoint
[    0.143698] drivers/pci/probe.c 2009 pci_bus_read_dev_vendor_id -- functionpoint
[    0.143715] drivers/pci/probe.c 2497 pci_scan_child_bus_extend -- functionpoint
[    0.143717] pci_bus 0000:01: drivers/pci/probe.c 2501 pci_scan_child_bus_extend-- functionpoint -- scanning bus
[    0.143721] drivers/pci/probe.c 2281 pci_scan_slot -- functionpoint
[    0.143721] drivers/pci/probe.c 2196 pci_scan_single_device -- functionpoint
[    0.143723] drivers/pci/search.c 206 pci_get_slot -- functionpoint
[    0.143724] drivers/pci/search.c 215 pci_get_slot return value is NULL -- functionpoint
[    0.143726] drivers/pci/probe.c 2035 pci_scan_device -- functionpoint
[    0.143728] drivers/pci/probe.c 2009 pci_bus_read_dev_vendor_id -- functionpoint
[    0.143736] drivers/pci/probe.c 2048 pci_scan_device -- functionpoint -- dev_vendor: 1c5c, dev_device: 1339
[    0.143740] drivers/pci/probe.c 1453 pci_setup_device -- functionpoint
[    0.143741] drivers/pci/probe.c 1242 set_pcie_port_type -- functionpoint
[    0.143758] pci 0000:01:00.0: [1c5c:1339] type 00 class 0x010802
[    0.143761] pci 0000:01:00.0: drivers/pci/probe.c 1482 pci_setup_device functionpoint -- [1c5c:1339] type 00 class 0x010802 multifunction 00
[    0.143788] drivers/pci/probe.c 1513 pci_setup_device  switch case PCI_HEADER_TYPE_NORMAL -- functionpoint
[    0.143808] pci 0000:01:00.0: reg 0x10: [mem 0xf1100000-0xf1103fff 64bit]
[    0.143864] drivers/pci/probe.c 2145 pci_device_add -- functionpoint
[    0.143955] drivers/pci/pci.c 2409 pci_pm_init -- functionpoint
[    0.143963] pci 0000:01:00.0: supports D1
[    0.143965] pci 0000:01:00.0: drivers/pci/pci.c 2450 pci_pm_init --functionpoint-- supports D1
[    0.143968] pci 0000:01:00.0: PME# supported from D0 D1 D3hot
[    0.143969] pci 0000:01:00.0: drivers/pci/pci.c 2462 pci_pm_init --functionpoint-- PME# supported from D0 D1 D3hot
[    0.143981] pci 0000:01:00.0: drivers/pci/pci.c 1891 pci_pme_active --functionpoint-- PME# disabled
[    0.144073] drivers/pci/probe.c 2288 pci_scan_slot -- functionpoint -- fn = 0, devfn = 0, fn+devfn = 0
[    0.144075] drivers/pci/probe.c 2220 next_fn -- functionpoint
[    0.156071] drivers/pci/probe.c 2281 pci_scan_slot -- functionpoint
[    0.156073] drivers/pci/probe.c 2281 pci_scan_slot -- functionpoint
[    0.156074] drivers/pci/probe.c 2281 pci_scan_slot -- functionpoint
[    0.156076] drivers/pci/probe.c 2281 pci_scan_slot -- functionpoint
[    0.156077] drivers/pci/probe.c 2281 pci_scan_slot -- functionpoint
[    0.156079] drivers/pci/probe.c 2281 pci_scan_slot -- functionpoint
[    0.156080] drivers/pci/probe.c 2281 pci_scan_slot -- functionpoint
[    0.156082] drivers/pci/probe.c 2281 pci_scan_slot -- functionpoint
[    0.156083] drivers/pci/probe.c 2281 pci_scan_slot -- functionpoint
[    0.156085] drivers/pci/probe.c 2281 pci_scan_slot -- functionpoint
[    0.156086] drivers/pci/probe.c 2281 pci_scan_slot -- functionpoint
[    0.156088] drivers/pci/probe.c 2281 pci_scan_slot -- functionpoint
[    0.156089] drivers/pci/probe.c 2281 pci_scan_slot -- functionpoint
[    0.156091] drivers/pci/probe.c 2281 pci_scan_slot -- functionpoint
[    0.156092] drivers/pci/probe.c 2281 pci_scan_slot -- functionpoint
[    0.156094] drivers/pci/probe.c 2281 pci_scan_slot -- functionpoint
[    0.156095] drivers/pci/probe.c 2281 pci_scan_slot -- functionpoint
[    0.156097] drivers/pci/probe.c 2281 pci_scan_slot -- functionpoint
[    0.156098] drivers/pci/probe.c 2281 pci_scan_slot -- functionpoint
[    0.156100] drivers/pci/probe.c 2281 pci_scan_slot -- functionpoint
[    0.156101] drivers/pci/probe.c 2281 pci_scan_slot -- functionpoint
[    0.156103] drivers/pci/probe.c 2281 pci_scan_slot -- functionpoint
[    0.156105] drivers/pci/probe.c 2281 pci_scan_slot -- functionpoint
[    0.156106] drivers/pci/probe.c 2281 pci_scan_slot -- functionpoint
[    0.156108] drivers/pci/probe.c 2281 pci_scan_slot -- functionpoint
[    0.156109] drivers/pci/probe.c 2281 pci_scan_slot -- functionpoint
[    0.156111] drivers/pci/probe.c 2281 pci_scan_slot -- functionpoint
[    0.156112] drivers/pci/probe.c 2281 pci_scan_slot -- functionpoint
[    0.156114] drivers/pci/probe.c 2281 pci_scan_slot -- functionpoint
[    0.156115] drivers/pci/probe.c 2281 pci_scan_slot -- functionpoint
[    0.156117] drivers/pci/probe.c 2281 pci_scan_slot -- functionpoint
[    0.156118] drivers/pci/probe.c 463 pci_read_bridge_bases -- functionpoint
[    0.156121] pci 0000:00:1b.0: PCI bridge to [bus 01]
[    0.156134] pci 0000:00:1b.0:   bridge window [mem 0xf1100000-0xf11fffff]
[    0.156141] pci_bus 0000:01: drivers/pci/probe.c 2599 pci_scan_child_bus_extend -- functionpoint -- bus scan returning with max=01
[    0.156145] drivers/pci/probe.c 1002 pci_scan_bridge_extend -- functionpoint
[    0.156148] pci 0000:00:1c.0: drivers/pci/probe.c 1016 pci_scan_bridge_extend -- functionpoint -- scanning [bus 02-03] behind bridge, pass 0
[    0.156156] drivers/pci/search.c 144 pci_find_bus -- functionpoint
[    0.156156] drivers/pci/search.c 145 pci_find_bus functionpoint -- domain_num = 0, bus_num = 2
[    0.156159] drivers/pci/search.c 176 pci_find_next_bus -- functionpoint
